Java HotSpot(TM) 64-Bit Server VM (25.271-b09) for bsd-amd64 JRE (1.8.0_271-b09), built on Sep 16 2020 16:54:38 by "java_re" with gcc 4.2.1 Compatible Apple LLVM 10.0.0 (clang-1000.11.45.5)
Memory: 4k page, physical 16777216k(1708416k free)

/proc/meminfo:

CommandLine flags: -XX:InitialHeapSize=536870912 -XX:MaxHeapSize=536870912 -XX:MaxNewSize=178958336 -XX:MaxTenuringThreshold=6 -XX:NewSize=178958336 -XX:OldPLABSize=16 -XX:OldSize=357912576 -XX:+PrintGC -XX:+PrintGCDateStamps -XX:+PrintGCDetails -XX:+PrintGCTimeStamps -XX:+UseCompressedClassPointers -XX:+UseCompressedOops -XX:+UseConcMarkSweepGC -XX:+UseParNewGC 
2021-01-18T10:21:25.418-0800: 0.143: [GC (Allocation Failure) 2021-01-18T10:21:25.422-0800: 0.147: [ParNew: 139776K->17471K(157248K), 0.0113689 secs] 139776K->45785K(506816K), 0.0151650 secs] [Times: user=0.02 sys=0.04, real=0.02 secs] 
2021-01-18T10:21:25.453-0800: 0.179: [GC (Allocation Failure) 2021-01-18T10:21:25.453-0800: 0.179: [ParNew: 157172K->17472K(157248K), 0.0133633 secs] 185486K->91126K(506816K), 0.0134587 secs] [Times: user=0.04 sys=0.06, real=0.01 secs] 
2021-01-18T10:21:25.485-0800: 0.210: [GC (Allocation Failure) 2021-01-18T10:21:25.485-0800: 0.210: [ParNew: 157248K->17471K(157248K), 0.0217400 secs] 230902K->132691K(506816K), 0.0218340 secs] [Times: user=0.15 sys=0.01, real=0.02 secs] 
2021-01-18T10:21:25.523-0800: 0.248: [GC (Allocation Failure) 2021-01-18T10:21:25.523-0800: 0.248: [ParNew: 156916K->17471K(157248K), 0.0252221 secs] 272137K->181384K(506816K), 0.0253406 secs] [Times: user=0.18 sys=0.02, real=0.02 secs] 
2021-01-18T10:21:25.566-0800: 0.291: [GC (Allocation Failure) 2021-01-18T10:21:25.566-0800: 0.292: [ParNew: 157247K->17469K(157248K), 0.0266502 secs] 321160K->230731K(506816K), 0.0267278 secs] [Times: user=0.19 sys=0.01, real=0.03 secs] 
2021-01-18T10:21:25.593-0800: 0.318: [GC (CMS Initial Mark) [1 CMS-initial-mark: 213262K(349568K)] 233582K(506816K), 0.0003207 secs] [Times: user=0.00 sys=0.00, real=0.00 secs] 
2021-01-18T10:21:25.593-0800: 0.319: [CMS-concurrent-mark-start]
2021-01-18T10:21:25.595-0800: 0.320: [CMS-concurrent-mark: 0.002/0.002 secs] [Times: user=0.00 sys=0.00, real=0.00 secs] 
2021-01-18T10:21:25.595-0800: 0.320: [CMS-concurrent-preclean-start]
2021-01-18T10:21:25.596-0800: 0.321: [CMS-concurrent-preclean: 0.001/0.001 secs] [Times: user=0.00 sys=0.00, real=0.00 secs] 
2021-01-18T10:21:25.596-0800: 0.321: [CMS-concurrent-abortable-preclean-start]
2021-01-18T10:21:25.611-0800: 0.336: [GC (Allocation Failure) 2021-01-18T10:21:25.611-0800: 0.336: [ParNew: 157245K->17471K(157248K), 0.0192298 secs] 370507K->266120K(506816K), 0.0193233 secs] [Times: user=0.13 sys=0.01, real=0.02 secs] 
2021-01-18T10:21:25.644-0800: 0.370: [GC (Allocation Failure) 2021-01-18T10:21:25.645-0800: 0.370: [ParNew: 156624K->17470K(157248K), 0.0267600 secs] 405273K->315430K(506816K), 0.0268474 secs] [Times: user=0.16 sys=0.02, real=0.03 secs] 
2021-01-18T10:21:25.687-0800: 0.413: [GC (Allocation Failure) 2021-01-18T10:21:25.687-0800: 0.413: [ParNew: 157246K->157246K(157248K), 0.0000221 secs]2021-01-18T10:21:25.687-0800: 0.413: [CMS2021-01-18T10:21:25.687-0800: 0.413: [CMS-concurrent-abortable-preclean: 0.003/0.092 secs] [Times: user=0.35 sys=0.03, real=0.09 secs] 
 (concurrent mode failure): 297959K->251229K(349568K), 0.0367460 secs] 455206K->251229K(506816K), [Metaspace: 2580K->2580K(1056768K)], 0.0368752 secs] [Times: user=0.04 sys=0.00, real=0.04 secs] 
2021-01-18T10:21:25.744-0800: 0.469: [GC (Allocation Failure) 2021-01-18T10:21:25.744-0800: 0.469: [ParNew: 139776K->17471K(157248K), 0.0058309 secs] 391005K->293413K(506816K), 0.0059261 secs] [Times: user=0.03 sys=0.00, real=0.01 secs] 
2021-01-18T10:21:25.750-0800: 0.476: [GC (CMS Initial Mark) [1 CMS-initial-mark: 275942K(349568K)] 293557K(506816K), 0.0001661 secs] [Times: user=0.00 sys=0.00, real=0.00 secs] 
2021-01-18T10:21:25.750-0800: 0.476: [CMS-concurrent-mark-start]
2021-01-18T10:21:25.751-0800: 0.477: [CMS-concurrent-mark: 0.001/0.001 secs] [Times: user=0.00 sys=0.00, real=0.00 secs] 
2021-01-18T10:21:25.751-0800: 0.477: [CMS-concurrent-preclean-start]
2021-01-18T10:21:25.752-0800: 0.477: [CMS-concurrent-preclean: 0.001/0.001 secs] [Times: user=0.00 sys=0.00, real=0.00 secs] 
2021-01-18T10:21:25.752-0800: 0.477: [CMS-concurrent-abortable-preclean-start]
2021-01-18T10:21:25.770-0800: 0.495: [GC (Allocation Failure) 2021-01-18T10:21:25.770-0800: 0.495: [ParNew: 157160K->17466K(157248K), 0.0180682 secs] 433102K->339215K(506816K), 0.0181546 secs] [Times: user=0.12 sys=0.01, real=0.01 secs] 
2021-01-18T10:21:25.809-0800: 0.534: [GC (Allocation Failure) 2021-01-18T10:21:25.809-0800: 0.534: [ParNew: 157242K->157242K(157248K), 0.0000188 secs]2021-01-18T10:21:25.809-0800: 0.534: [CMS2021-01-18T10:21:25.809-0800: 0.534: [CMS-concurrent-abortable-preclean: 0.002/0.057 secs] [Times: user=0.16 sys=0.01, real=0.05 secs] 
 (concurrent mode failure): 321748K->295017K(349568K), 0.0466504 secs] 478991K->295017K(506816K), [Metaspace: 2580K->2580K(1056768K)], 0.0467883 secs] [Times: user=0.05 sys=0.00, real=0.05 secs] 
2021-01-18T10:21:25.879-0800: 0.604: [GC (Allocation Failure) 2021-01-18T10:21:25.879-0800: 0.604: [ParNew: 139776K->17469K(157248K), 0.0096176 secs] 434793K->343077K(506816K), 0.0097086 secs] [Times: user=0.06 sys=0.00, real=0.01 secs] 
2021-01-18T10:21:25.889-0800: 0.614: [GC (CMS Initial Mark) [1 CMS-initial-mark: 325608K(349568K)] 345914K(506816K), 0.0002476 secs] [Times: user=0.00 sys=0.00, real=0.00 secs] 
2021-01-18T10:21:25.889-0800: 0.614: [CMS-concurrent-mark-start]
2021-01-18T10:21:25.891-0800: 0.616: [CMS-concurrent-mark: 0.002/0.002 secs] [Times: user=0.00 sys=0.00, real=0.01 secs] 
2021-01-18T10:21:25.891-0800: 0.616: [CMS-concurrent-preclean-start]
2021-01-18T10:21:25.892-0800: 0.617: [CMS-concurrent-preclean: 0.001/0.001 secs] [Times: user=0.01 sys=0.00, real=0.00 secs] 
2021-01-18T10:21:25.892-0800: 0.617: [CMS-concurrent-abortable-preclean-start]
2021-01-18T10:21:25.892-0800: 0.617: [CMS-concurrent-abortable-preclean: 0.000/0.000 secs] [Times: user=0.00 sys=0.00, real=0.00 secs] 
2021-01-18T10:21:25.892-0800: 0.618: [GC (CMS Final Remark) [YG occupancy: 38098 K (157248 K)]2021-01-18T10:21:25.892-0800: 0.618: [Rescan (parallel) , 0.0006531 secs]2021-01-18T10:21:25.893-0800: 0.618: [weak refs processing, 0.0000165 secs]2021-01-18T10:21:25.893-0800: 0.618: [class unloading, 0.0002454 secs]2021-01-18T10:21:25.893-0800: 0.619: [scrub symbol table, 0.0004846 secs]2021-01-18T10:21:25.894-0800: 0.619: [scrub string table, 0.0002105 secs][1 CMS-remark: 325608K(349568K)] 363707K(506816K), 0.0017439 secs] [Times: user=0.00 sys=0.00, real=0.00 secs] 
2021-01-18T10:21:25.894-0800: 0.620: [CMS-concurrent-sweep-start]
2021-01-18T10:21:25.895-0800: 0.620: [CMS-concurrent-sweep: 0.001/0.001 secs] [Times: user=0.00 sys=0.00, real=0.00 secs] 
2021-01-18T10:21:25.895-0800: 0.620: [CMS-concurrent-reset-start]
2021-01-18T10:21:25.895-0800: 0.620: [CMS-concurrent-reset: 0.000/0.000 secs] [Times: user=0.00 sys=0.00, real=0.00 secs] 
2021-01-18T10:21:25.911-0800: 0.636: [GC (Allocation Failure) 2021-01-18T10:21:25.911-0800: 0.636: [ParNew: 157145K->17471K(157248K), 0.0112963 secs] 438968K->346379K(506816K), 0.0113852 secs] [Times: user=0.08 sys=0.00, real=0.01 secs] 
2021-01-18T10:21:25.922-0800: 0.648: [GC (CMS Initial Mark) [1 CMS-initial-mark: 328907K(349568K)] 349865K(506816K), 0.0001691 secs] [Times: user=0.00 sys=0.00, real=0.00 secs] 
2021-01-18T10:21:25.923-0800: 0.648: [CMS-concurrent-mark-start]
2021-01-18T10:21:25.924-0800: 0.649: [CMS-concurrent-mark: 0.001/0.001 secs] [Times: user=0.00 sys=0.00, real=0.00 secs] 
2021-01-18T10:21:25.924-0800: 0.649: [CMS-concurrent-preclean-start]
2021-01-18T10:21:25.925-0800: 0.650: [CMS-concurrent-preclean: 0.001/0.001 secs] [Times: user=0.00 sys=0.00, real=0.00 secs] 
2021-01-18T10:21:25.925-0800: 0.650: [CMS-concurrent-abortable-preclean-start]
2021-01-18T10:21:25.925-0800: 0.650: [CMS-concurrent-abortable-preclean: 0.000/0.000 secs] [Times: user=0.00 sys=0.00, real=0.00 secs] 
2021-01-18T10:21:25.925-0800: 0.650: [GC (CMS Final Remark) [YG occupancy: 34371 K (157248 K)]2021-01-18T10:21:25.925-0800: 0.650: [Rescan (parallel) , 0.0013831 secs]2021-01-18T10:21:25.926-0800: 0.652: [weak refs processing, 0.0000207 secs]2021-01-18T10:21:25.926-0800: 0.652: [class unloading, 0.0001780 secs]2021-01-18T10:21:25.927-0800: 0.652: [scrub symbol table, 0.0002978 secs]2021-01-18T10:21:25.927-0800: 0.652: [scrub string table, 0.0001337 secs][1 CMS-remark: 328907K(349568K)] 363278K(506816K), 0.0021165 secs] [Times: user=0.01 sys=0.00, real=0.00 secs] 
2021-01-18T10:21:25.927-0800: 0.652: [CMS-concurrent-sweep-start]
2021-01-18T10:21:25.928-0800: 0.653: [CMS-concurrent-sweep: 0.001/0.001 secs] [Times: user=0.00 sys=0.00, real=0.00 secs] 
2021-01-18T10:21:25.928-0800: 0.653: [CMS-concurrent-reset-start]
2021-01-18T10:21:25.928-0800: 0.653: [CMS-concurrent-reset: 0.000/0.000 secs] [Times: user=0.00 sys=0.00, real=0.00 secs] 
2021-01-18T10:21:25.944-0800: 0.669: [GC (Allocation Failure) 2021-01-18T10:21:25.944-0800: 0.669: [ParNew: 157247K->157247K(157248K), 0.0000198 secs]2021-01-18T10:21:25.944-0800: 0.669: [CMS: 290640K->317416K(349568K), 0.0555964 secs] 447888K->317416K(506816K), [Metaspace: 2580K->2580K(1056768K)], 0.0557267 secs] [Times: user=0.05 sys=0.00, real=0.06 secs] 
2021-01-18T10:21:26.000-0800: 0.725: [GC (CMS Initial Mark) [1 CMS-initial-mark: 317416K(349568K)] 317560K(506816K), 0.0002406 secs] [Times: user=0.00 sys=0.00, real=0.00 secs] 
2021-01-18T10:21:26.000-0800: 0.725: [CMS-concurrent-mark-start]
2021-01-18T10:21:26.002-0800: 0.727: [CMS-concurrent-mark: 0.001/0.001 secs] [Times: user=0.01 sys=0.00, real=0.00 secs] 
2021-01-18T10:21:26.002-0800: 0.727: [CMS-concurrent-preclean-start]
2021-01-18T10:21:26.002-0800: 0.728: [CMS-concurrent-preclean: 0.001/0.001 secs] [Times: user=0.00 sys=0.00, real=0.00 secs] 
2021-01-18T10:21:26.002-0800: 0.728: [CMS-concurrent-abortable-preclean-start]
2021-01-18T10:21:26.021-0800: 0.746: [GC (Allocation Failure) 2021-01-18T10:21:26.021-0800: 0.746: [ParNew: 139776K->139776K(157248K), 0.0000206 secs]2021-01-18T10:21:26.021-0800: 0.746: [CMS2021-01-18T10:21:26.021-0800: 0.746: [CMS-concurrent-abortable-preclean: 0.001/0.018 secs] [Times: user=0.02 sys=0.00, real=0.02 secs] 
 (concurrent mode failure): 317416K->326957K(349568K), 0.0515142 secs] 457192K->326957K(506816K), [Metaspace: 2580K->2580K(1056768K)], 0.0516607 secs] [Times: user=0.05 sys=0.00, real=0.05 secs] 
2021-01-18T10:21:26.096-0800: 0.821: [GC (Allocation Failure) 2021-01-18T10:21:26.096-0800: 0.821: [ParNew: 139776K->139776K(157248K), 0.0000221 secs]2021-01-18T10:21:26.096-0800: 0.821: [CMS: 326957K->331913K(349568K), 0.0540410 secs] 466733K->331913K(506816K), [Metaspace: 2580K->2580K(1056768K)], 0.0541812 secs] [Times: user=0.05 sys=0.01, real=0.06 secs] 
2021-01-18T10:21:26.150-0800: 0.876: [GC (CMS Initial Mark) [1 CMS-initial-mark: 331913K(349568K)] 332565K(506816K), 0.0002226 secs] [Times: user=0.00 sys=0.00, real=0.00 secs] 
2021-01-18T10:21:26.151-0800: 0.876: [CMS-concurrent-mark-start]
2021-01-18T10:21:26.152-0800: 0.878: [CMS-concurrent-mark: 0.002/0.002 secs] [Times: user=0.01 sys=0.00, real=0.00 secs] 
2021-01-18T10:21:26.152-0800: 0.878: [CMS-concurrent-preclean-start]
2021-01-18T10:21:26.153-0800: 0.879: [CMS-concurrent-preclean: 0.001/0.001 secs] [Times: user=0.00 sys=0.00, real=0.00 secs] 
2021-01-18T10:21:26.153-0800: 0.879: [CMS-concurrent-abortable-preclean-start]
2021-01-18T10:21:26.174-0800: 0.899: [GC (Allocation Failure) 2021-01-18T10:21:26.174-0800: 0.899: [ParNew: 139587K->139587K(157248K), 0.0000214 secs]2021-01-18T10:21:26.174-0800: 0.899: [CMS2021-01-18T10:21:26.174-0800: 0.899: [CMS-concurrent-abortable-preclean: 0.001/0.021 secs] [Times: user=0.02 sys=0.00, real=0.02 secs] 
 (concurrent mode failure): 331913K->337397K(349568K), 0.0573021 secs] 471500K->337397K(506816K), [Metaspace: 2580K->2580K(1056768K)], 0.0574321 secs] [Times: user=0.05 sys=0.00, real=0.06 secs] 
2021-01-18T10:21:26.254-0800: 0.979: [GC (Allocation Failure) 2021-01-18T10:21:26.254-0800: 0.980: [ParNew: 139776K->139776K(157248K), 0.0000213 secs]2021-01-18T10:21:26.254-0800: 0.980: [CMS: 337397K->343098K(349568K), 0.0554284 secs] 477173K->343098K(506816K), [Metaspace: 2580K->2580K(1056768K)], 0.0555924 secs] [Times: user=0.06 sys=0.00, real=0.06 secs] 
2021-01-18T10:21:26.310-0800: 1.035: [GC (CMS Initial Mark) [1 CMS-initial-mark: 343098K(349568K)] 346020K(506816K), 0.0002480 secs] [Times: user=0.00 sys=0.00, real=0.00 secs] 
2021-01-18T10:21:26.310-0800: 1.036: [CMS-concurrent-mark-start]
2021-01-18T10:21:26.312-0800: 1.037: [CMS-concurrent-mark: 0.002/0.002 secs] [Times: user=0.00 sys=0.00, real=0.00 secs] 
2021-01-18T10:21:26.312-0800: 1.037: [CMS-concurrent-preclean-start]
2021-01-18T10:21:26.313-0800: 1.038: [CMS-concurrent-preclean: 0.001/0.001 secs] [Times: user=0.00 sys=0.00, real=0.00 secs] 
2021-01-18T10:21:26.313-0800: 1.038: [CMS-concurrent-abortable-preclean-start]
2021-01-18T10:21:26.313-0800: 1.038: [CMS-concurrent-abortable-preclean: 0.000/0.000 secs] [Times: user=0.00 sys=0.00, real=0.00 secs] 
2021-01-18T10:21:26.313-0800: 1.039: [GC (CMS Final Remark) [YG occupancy: 16989 K (157248 K)]2021-01-18T10:21:26.313-0800: 1.039: [Rescan (parallel) , 0.0004211 secs]2021-01-18T10:21:26.314-0800: 1.039: [weak refs processing, 0.0000193 secs]2021-01-18T10:21:26.314-0800: 1.039: [class unloading, 0.0002069 secs]2021-01-18T10:21:26.314-0800: 1.039: [scrub symbol table, 0.0003491 secs]2021-01-18T10:21:26.314-0800: 1.040: [scrub string table, 0.0001701 secs][1 CMS-remark: 343098K(349568K)] 360088K(506816K), 0.0012601 secs] [Times: user=0.01 sys=0.00, real=0.00 secs] 
2021-01-18T10:21:26.315-0800: 1.040: [CMS-concurrent-sweep-start]
2021-01-18T10:21:26.315-0800: 1.040: [CMS-concurrent-sweep: 0.000/0.000 secs] [Times: user=0.00 sys=0.00, real=0.00 secs] 
2021-01-18T10:21:26.315-0800: 1.040: [CMS-concurrent-reset-start]
2021-01-18T10:21:26.315-0800: 1.041: [CMS-concurrent-reset: 0.000/0.000 secs] [Times: user=0.00 sys=0.00, real=0.00 secs] 
2021-01-18T10:21:26.333-0800: 1.059: [GC (Allocation Failure) 2021-01-18T10:21:26.333-0800: 1.059: [ParNew: 139776K->139776K(157248K), 0.0000207 secs]2021-01-18T10:21:26.333-0800: 1.059: [CMS: 343026K->349506K(349568K), 0.0603116 secs] 482802K->349578K(506816K), [Metaspace: 2580K->2580K(1056768K)], 0.0604475 secs] [Times: user=0.05 sys=0.01, real=0.06 secs] 
2021-01-18T10:21:26.394-0800: 1.119: [GC (CMS Initial Mark) [1 CMS-initial-mark: 349506K(349568K)] 349644K(506816K), 0.0002220 secs] [Times: user=0.00 sys=0.00, real=0.00 secs] 
2021-01-18T10:21:26.394-0800: 1.120: [CMS-concurrent-mark-start]
2021-01-18T10:21:26.396-0800: 1.121: [CMS-concurrent-mark: 0.001/0.001 secs] [Times: user=0.00 sys=0.00, real=0.00 secs] 
2021-01-18T10:21:26.396-0800: 1.121: [CMS-concurrent-preclean-start]
2021-01-18T10:21:26.397-0800: 1.122: [CMS-concurrent-preclean: 0.001/0.001 secs] [Times: user=0.00 sys=0.00, real=0.00 secs] 
2021-01-18T10:21:26.397-0800: 1.122: [CMS-concurrent-abortable-preclean-start]
2021-01-18T10:21:26.397-0800: 1.122: [CMS-concurrent-abortable-preclean: 0.000/0.000 secs] [Times: user=0.00 sys=0.00, real=0.00 secs] 
2021-01-18T10:21:26.397-0800: 1.123: [GC (CMS Final Remark) [YG occupancy: 19430 K (157248 K)]2021-01-18T10:21:26.397-0800: 1.123: [Rescan (parallel) , 0.0003292 secs]2021-01-18T10:21:26.398-0800: 1.123: [weak refs processing, 0.0000230 secs]2021-01-18T10:21:26.398-0800: 1.123: [class unloading, 0.0002064 secs]2021-01-18T10:21:26.398-0800: 1.123: [scrub symbol table, 0.0003421 secs]2021-01-18T10:21:26.398-0800: 1.124: [scrub string table, 0.0001649 secs][1 CMS-remark: 349506K(349568K)] 368936K(506816K), 0.0011501 secs] [Times: user=0.00 sys=0.00, real=0.00 secs] 
2021-01-18T10:21:26.398-0800: 1.124: [CMS-concurrent-sweep-start]
2021-01-18T10:21:26.399-0800: 1.124: [CMS-concurrent-sweep: 0.001/0.001 secs] [Times: user=0.00 sys=0.00, real=0.00 secs] 
2021-01-18T10:21:26.404-0800: 1.130: [CMS-concurrent-reset-start]
2021-01-18T10:21:26.405-0800: 1.130: [CMS-concurrent-reset: 0.000/0.000 secs] [Times: user=0.00 sys=0.00, real=0.00 secs] 
2021-01-18T10:21:26.422-0800: 1.147: [GC (Allocation Failure) 2021-01-18T10:21:26.422-0800: 1.147: [ParNew: 157192K->157192K(157248K), 0.0000245 secs]2021-01-18T10:21:26.422-0800: 1.147: [CMS: 348557K->349320K(349568K), 0.0530208 secs] 505749K->352291K(506816K), [Metaspace: 2580K->2580K(1056768K)], 0.0531787 secs] [Times: user=0.06 sys=0.00, real=0.05 secs] 
2021-01-18T10:21:26.475-0800: 1.200: [GC (CMS Initial Mark) [1 CMS-initial-mark: 349320K(349568K)] 355493K(506816K), 0.0002250 secs] [Times: user=0.00 sys=0.00, real=0.00 secs] 
2021-01-18T10:21:26.475-0800: 1.201: [CMS-concurrent-mark-start]
2021-01-18T10:21:26.477-0800: 1.202: [CMS-concurrent-mark: 0.002/0.002 secs] [Times: user=0.00 sys=0.00, real=0.00 secs] 
2021-01-18T10:21:26.477-0800: 1.202: [CMS-concurrent-preclean-start]
2021-01-18T10:21:26.478-0800: 1.204: [CMS-concurrent-preclean: 0.001/0.001 secs] [Times: user=0.00 sys=0.00, real=0.00 secs] 
2021-01-18T10:21:26.478-0800: 1.204: [CMS-concurrent-abortable-preclean-start]
2021-01-18T10:21:26.478-0800: 1.204: [CMS-concurrent-abortable-preclean: 0.000/0.000 secs] [Times: user=0.00 sys=0.00, real=0.00 secs] 
2021-01-18T10:21:26.479-0800: 1.204: [GC (CMS Final Remark) [YG occupancy: 24060 K (157248 K)]2021-01-18T10:21:26.479-0800: 1.204: [Rescan (parallel) , 0.0003466 secs]2021-01-18T10:21:26.479-0800: 1.204: [weak refs processing, 0.0000191 secs]2021-01-18T10:21:26.479-0800: 1.204: [class unloading, 0.0002204 secs]2021-01-18T10:21:26.479-0800: 1.205: [scrub symbol table, 0.0003544 secs]2021-01-18T10:21:26.480-0800: 1.205: [scrub string table, 0.0001710 secs][1 CMS-remark: 349320K(349568K)] 373381K(506816K), 0.0012011 secs] [Times: user=0.01 sys=0.00, real=0.01 secs] 
2021-01-18T10:21:26.480-0800: 1.205: [CMS-concurrent-sweep-start]
2021-01-18T10:21:26.480-0800: 1.206: [CMS-concurrent-sweep: 0.000/0.000 secs] [Times: user=0.00 sys=0.00, real=0.00 secs] 
2021-01-18T10:21:26.480-0800: 1.206: [CMS-concurrent-reset-start]
2021-01-18T10:21:26.481-0800: 1.206: [CMS-concurrent-reset: 0.000/0.000 secs] [Times: user=0.00 sys=0.00, real=0.00 secs] 
2021-01-18T10:21:26.499-0800: 1.225: [GC (Allocation Failure) 2021-01-18T10:21:26.499-0800: 1.225: [ParNew: 157222K->157222K(157248K), 0.0000213 secs]2021-01-18T10:21:26.499-0800: 1.225: [CMS: 348666K->349394K(349568K), 0.0546714 secs] 505889K->353976K(506816K), [Metaspace: 2580K->2580K(1056768K)], 0.0548345 secs] [Times: user=0.05 sys=0.00, real=0.06 secs] 
2021-01-18T10:21:26.554-0800: 1.280: [GC (CMS Initial Mark) [1 CMS-initial-mark: 349394K(349568K)] 354205K(506816K), 0.0002517 secs] [Times: user=0.00 sys=0.00, real=0.00 secs] 
2021-01-18T10:21:26.555-0800: 1.280: [CMS-concurrent-mark-start]
2021-01-18T10:21:26.556-0800: 1.281: [CMS-concurrent-mark: 0.001/0.001 secs] [Times: user=0.00 sys=0.00, real=0.00 secs] 
2021-01-18T10:21:26.556-0800: 1.281: [CMS-concurrent-preclean-start]
2021-01-18T10:21:26.557-0800: 1.283: [CMS-concurrent-preclean: 0.001/0.001 secs] [Times: user=0.00 sys=0.00, real=0.00 secs] 
2021-01-18T10:21:26.557-0800: 1.283: [CMS-concurrent-abortable-preclean-start]
2021-01-18T10:21:26.557-0800: 1.283: [CMS-concurrent-abortable-preclean: 0.000/0.000 secs] [Times: user=0.00 sys=0.00, real=0.00 secs] 
2021-01-18T10:21:26.558-0800: 1.283: [GC (CMS Final Remark) [YG occupancy: 19296 K (157248 K)]2021-01-18T10:21:26.558-0800: 1.283: [Rescan (parallel) , 0.0003393 secs]2021-01-18T10:21:26.558-0800: 1.283: [weak refs processing, 0.0000219 secs]2021-01-18T10:21:26.558-0800: 1.283: [class unloading, 0.0002067 secs]2021-01-18T10:21:26.558-0800: 1.284: [scrub symbol table, 0.0003508 secs]2021-01-18T10:21:26.559-0800: 1.284: [scrub string table, 0.0001673 secs][1 CMS-remark: 349394K(349568K)] 368691K(506816K), 0.0012020 secs] [Times: user=0.00 sys=0.00, real=0.00 secs] 
2021-01-18T10:21:26.559-0800: 1.284: [CMS-concurrent-sweep-start]
2021-01-18T10:21:26.559-0800: 1.285: [CMS-concurrent-sweep: 0.000/0.000 secs] [Times: user=0.00 sys=0.00, real=0.00 secs] 
2021-01-18T10:21:26.559-0800: 1.285: [CMS-concurrent-reset-start]
2021-01-18T10:21:26.560-0800: 1.285: [CMS-concurrent-reset: 0.000/0.000 secs] [Times: user=0.00 sys=0.00, real=0.01 secs] 
2021-01-18T10:21:26.578-0800: 1.303: [GC (Allocation Failure) 2021-01-18T10:21:26.578-0800: 1.303: [ParNew: 157017K->157017K(157248K), 0.0000500 secs]2021-01-18T10:21:26.578-0800: 1.303: [CMS: 348575K->349408K(349568K), 0.0619990 secs] 505593K->360528K(506816K), [Metaspace: 2580K->2580K(1056768K)], 0.0621790 secs] [Times: user=0.06 sys=0.00, real=0.07 secs] 
2021-01-18T10:21:26.640-0800: 1.366: [GC (CMS Initial Mark) [1 CMS-initial-mark: 349408K(349568K)] 361119K(506816K), 0.0002239 secs] [Times: user=0.00 sys=0.00, real=0.00 secs] 
2021-01-18T10:21:26.641-0800: 1.366: [CMS-concurrent-mark-start]
2021-01-18T10:21:26.642-0800: 1.368: [CMS-concurrent-mark: 0.002/0.002 secs] [Times: user=0.00 sys=0.00, real=0.00 secs] 
2021-01-18T10:21:26.642-0800: 1.368: [CMS-concurrent-preclean-start]
2021-01-18T10:21:26.644-0800: 1.369: [CMS-concurrent-preclean: 0.002/0.002 secs] [Times: user=0.00 sys=0.00, real=0.00 secs] 
2021-01-18T10:21:26.644-0800: 1.369: [CMS-concurrent-abortable-preclean-start]
2021-01-18T10:21:26.644-0800: 1.369: [CMS-concurrent-abortable-preclean: 0.000/0.000 secs] [Times: user=0.00 sys=0.00, real=0.00 secs] 
2021-01-18T10:21:26.644-0800: 1.370: [GC (CMS Final Remark) [YG occupancy: 29648 K (157248 K)]2021-01-18T10:21:26.644-0800: 1.370: [Rescan (parallel) , 0.0011082 secs]2021-01-18T10:21:26.645-0800: 1.371: [weak refs processing, 0.0000161 secs]2021-01-18T10:21:26.645-0800: 1.371: [class unloading, 0.0002034 secs]2021-01-18T10:21:26.646-0800: 1.371: [scrub symbol table, 0.0003746 secs]2021-01-18T10:21:26.646-0800: 1.371: [scrub string table, 0.0001590 secs][1 CMS-remark: 349408K(349568K)] 379057K(506816K), 0.0019499 secs] [Times: user=0.01 sys=0.00, real=0.00 secs] 
2021-01-18T10:21:26.646-0800: 1.372: [CMS-concurrent-sweep-start]
2021-01-18T10:21:26.647-0800: 1.372: [CMS-concurrent-sweep: 0.000/0.000 secs] [Times: user=0.00 sys=0.00, real=0.00 secs] 
2021-01-18T10:21:26.647-0800: 1.372: [CMS-concurrent-reset-start]
2021-01-18T10:21:26.647-0800: 1.373: [CMS-concurrent-reset: 0.000/0.000 secs] [Times: user=0.00 sys=0.00, real=0.00 secs] 
2021-01-18T10:21:26.665-0800: 1.390: [GC (Allocation Failure) 2021-01-18T10:21:26.665-0800: 1.390: [ParNew: 157137K->157137K(157248K), 0.0000208 secs]2021-01-18T10:21:26.665-0800: 1.390: [CMS: 349290K->349372K(349568K), 0.0562880 secs] 506428K->359519K(506816K), [Metaspace: 2580K->2580K(1056768K)], 0.0564645 secs] [Times: user=0.06 sys=0.00, real=0.06 secs] 
2021-01-18T10:21:26.722-0800: 1.447: [GC (CMS Initial Mark) [1 CMS-initial-mark: 349372K(349568K)] 359663K(506816K), 0.0001888 secs] [Times: user=0.00 sys=0.00, real=0.00 secs] 
2021-01-18T10:21:26.722-0800: 1.447: [CMS-concurrent-mark-start]
2021-01-18T10:21:26.724-0800: 1.449: [CMS-concurrent-mark: 0.002/0.002 secs] [Times: user=0.00 sys=0.00, real=0.00 secs] 
2021-01-18T10:21:26.724-0800: 1.449: [CMS-concurrent-preclean-start]
2021-01-18T10:21:26.726-0800: 1.451: [CMS-concurrent-preclean: 0.002/0.002 secs] [Times: user=0.00 sys=0.00, real=0.00 secs] 
2021-01-18T10:21:26.726-0800: 1.451: [CMS-concurrent-abortable-preclean-start]
2021-01-18T10:21:26.726-0800: 1.451: [CMS-concurrent-abortable-preclean: 0.000/0.000 secs] [Times: user=0.00 sys=0.00, real=0.00 secs] 
2021-01-18T10:21:26.726-0800: 1.451: [GC (CMS Final Remark) [YG occupancy: 37180 K (157248 K)]2021-01-18T10:21:26.726-0800: 1.451: [Rescan (parallel) , 0.0003017 secs]2021-01-18T10:21:26.726-0800: 1.452: [weak refs processing, 0.0000174 secs]2021-01-18T10:21:26.726-0800: 1.452: [class unloading, 0.0001908 secs]2021-01-18T10:21:26.726-0800: 1.452: [scrub symbol table, 0.0003229 secs]2021-01-18T10:21:26.727-0800: 1.452: [scrub string table, 0.0001529 secs][1 CMS-remark: 349372K(349568K)] 386552K(506816K), 0.0010625 secs] [Times: user=0.01 sys=0.00, real=0.00 secs] 
2021-01-18T10:21:26.727-0800: 1.452: [CMS-concurrent-sweep-start]
2021-01-18T10:21:26.727-0800: 1.453: [CMS-concurrent-sweep: 0.000/0.000 secs] [Times: user=0.00 sys=0.00, real=0.00 secs] 
2021-01-18T10:21:26.727-0800: 1.453: [CMS-concurrent-reset-start]
2021-01-18T10:21:26.728-0800: 1.453: [CMS-concurrent-reset: 0.000/0.000 secs] [Times: user=0.00 sys=0.00, real=0.00 secs] 
2021-01-18T10:21:26.744-0800: 1.470: [GC (Allocation Failure) 2021-01-18T10:21:26.744-0800: 1.470: [ParNew: 156872K->156872K(157248K), 0.0000224 secs]2021-01-18T10:21:26.744-0800: 1.470: [CMS: 348491K->349379K(349568K), 0.0543372 secs] 505363K->363281K(506816K), [Metaspace: 2580K->2580K(1056768K)], 0.0544888 secs] [Times: user=0.05 sys=0.00, real=0.05 secs] 
2021-01-18T10:21:26.799-0800: 1.524: [GC (CMS Initial Mark) [1 CMS-initial-mark: 349379K(349568K)] 363793K(506816K), 0.0002345 secs] [Times: user=0.00 sys=0.00, real=0.00 secs] 
2021-01-18T10:21:26.799-0800: 1.525: [CMS-concurrent-mark-start]
2021-01-18T10:21:26.801-0800: 1.526: [CMS-concurrent-mark: 0.001/0.001 secs] [Times: user=0.00 sys=0.00, real=0.01 secs] 
2021-01-18T10:21:26.801-0800: 1.526: [CMS-concurrent-preclean-start]
2021-01-18T10:21:26.802-0800: 1.528: [CMS-concurrent-preclean: 0.001/0.001 secs] [Times: user=0.00 sys=0.00, real=0.00 secs] 
2021-01-18T10:21:26.802-0800: 1.528: [CMS-concurrent-abortable-preclean-start]
2021-01-18T10:21:26.802-0800: 1.528: [CMS-concurrent-abortable-preclean: 0.000/0.000 secs] [Times: user=0.00 sys=0.00, real=0.00 secs] 
2021-01-18T10:21:26.803-0800: 1.528: [GC (CMS Final Remark) [YG occupancy: 37788 K (157248 K)]2021-01-18T10:21:26.803-0800: 1.528: [Rescan (parallel) , 0.0003893 secs]2021-01-18T10:21:26.803-0800: 1.528: [weak refs processing, 0.0000268 secs]2021-01-18T10:21:26.803-0800: 1.528: [class unloading, 0.0002114 secs]2021-01-18T10:21:26.803-0800: 1.529: [scrub symbol table, 0.0003524 secs]2021-01-18T10:21:26.804-0800: 1.529: [scrub string table, 0.0001706 secs][1 CMS-remark: 349379K(349568K)] 387167K(506816K), 0.0012561 secs] [Times: user=0.00 sys=0.00, real=0.00 secs] 
2021-01-18T10:21:26.804-0800: 1.529: [CMS-concurrent-sweep-start]
2021-01-18T10:21:26.804-0800: 1.530: [CMS-concurrent-sweep: 0.001/0.001 secs] [Times: user=0.00 sys=0.00, real=0.00 secs] 
2021-01-18T10:21:26.804-0800: 1.530: [CMS-concurrent-reset-start]
2021-01-18T10:21:26.805-0800: 1.530: [CMS-concurrent-reset: 0.000/0.000 secs] [Times: user=0.00 sys=0.00, real=0.00 secs] 
2021-01-18T10:21:26.823-0800: 1.548: [GC (Allocation Failure) 2021-01-18T10:21:26.823-0800: 1.548: [ParNew: 157242K->157242K(157248K), 0.0000216 secs]2021-01-18T10:21:26.823-0800: 1.548: [CMS: 349379K->349351K(349568K), 0.0552459 secs] 506622K->365856K(506816K), [Metaspace: 2580K->2580K(1056768K)], 0.0553907 secs] [Times: user=0.05 sys=0.00, real=0.05 secs] 
2021-01-18T10:21:26.878-0800: 1.604: [GC (CMS Initial Mark) [1 CMS-initial-mark: 349351K(349568K)] 365928K(506816K), 0.0002450 secs] [Times: user=0.00 sys=0.00, real=0.00 secs] 
2021-01-18T10:21:26.879-0800: 1.604: [CMS-concurrent-mark-start]
2021-01-18T10:21:26.880-0800: 1.606: [CMS-concurrent-mark: 0.002/0.002 secs] [Times: user=0.01 sys=0.00, real=0.01 secs] 
2021-01-18T10:21:26.880-0800: 1.606: [CMS-concurrent-preclean-start]
2021-01-18T10:21:26.882-0800: 1.607: [CMS-concurrent-preclean: 0.002/0.002 secs] [Times: user=0.00 sys=0.00, real=0.00 secs] 
2021-01-18T10:21:26.882-0800: 1.607: [CMS-concurrent-abortable-preclean-start]
2021-01-18T10:21:26.882-0800: 1.607: [CMS-concurrent-abortable-preclean: 0.000/0.000 secs] [Times: user=0.00 sys=0.00, real=0.00 secs] 
2021-01-18T10:21:26.882-0800: 1.607: [GC (CMS Final Remark) [YG occupancy: 38378 K (157248 K)]2021-01-18T10:21:26.882-0800: 1.607: [Rescan (parallel) , 0.0003459 secs]2021-01-18T10:21:26.882-0800: 1.608: [weak refs processing, 0.0000205 secs]2021-01-18T10:21:26.883-0800: 1.608: [class unloading, 0.0002257 secs]2021-01-18T10:21:26.883-0800: 1.608: [scrub symbol table, 0.0003539 secs]2021-01-18T10:21:26.883-0800: 1.608: [scrub string table, 0.0001709 secs][1 CMS-remark: 349351K(349568K)] 387729K(506816K), 0.0012231 secs] [Times: user=0.00 sys=0.00, real=0.00 secs] 
2021-01-18T10:21:26.883-0800: 1.609: [CMS-concurrent-sweep-start]
2021-01-18T10:21:26.884-0800: 1.609: [CMS-concurrent-sweep: 0.000/0.000 secs] [Times: user=0.00 sys=0.00, real=0.00 secs] 
2021-01-18T10:21:26.884-0800: 1.609: [CMS-concurrent-reset-start]
2021-01-18T10:21:26.884-0800: 1.609: [CMS-concurrent-reset: 0.000/0.000 secs] [Times: user=0.00 sys=0.00, real=0.00 secs] 
2021-01-18T10:21:26.902-0800: 1.627: [GC (Allocation Failure) 2021-01-18T10:21:26.902-0800: 1.627: [ParNew: 156949K->156949K(157248K), 0.0000211 secs]2021-01-18T10:21:26.902-0800: 1.627: [CMS: 348898K->349412K(349568K), 0.0554077 secs] 505848K->366597K(506816K), [Metaspace: 2580K->2580K(1056768K)], 0.0555482 secs] [Times: user=0.06 sys=0.00, real=0.05 secs] 
2021-01-18T10:21:26.958-0800: 1.683: [GC (CMS Initial Mark) [1 CMS-initial-mark: 349412K(349568K)] 369879K(506816K), 0.0002774 secs] [Times: user=0.00 sys=0.00, real=0.00 secs] 
2021-01-18T10:21:26.958-0800: 1.683: [CMS-concurrent-mark-start]
2021-01-18T10:21:26.960-0800: 1.685: [CMS-concurrent-mark: 0.002/0.002 secs] [Times: user=0.00 sys=0.00, real=0.01 secs] 
2021-01-18T10:21:26.960-0800: 1.685: [CMS-concurrent-preclean-start]
2021-01-18T10:21:26.961-0800: 1.687: [CMS-concurrent-preclean: 0.002/0.002 secs] [Times: user=0.00 sys=0.00, real=0.00 secs] 
2021-01-18T10:21:26.961-0800: 1.687: [CMS-concurrent-abortable-preclean-start]
2021-01-18T10:21:26.961-0800: 1.687: [CMS-concurrent-abortable-preclean: 0.000/0.000 secs] [Times: user=0.00 sys=0.00, real=0.00 secs] 
2021-01-18T10:21:26.961-0800: 1.687: [GC (CMS Final Remark) [YG occupancy: 37106 K (157248 K)]2021-01-18T10:21:26.961-0800: 1.687: [Rescan (parallel) , 0.0003982 secs]2021-01-18T10:21:26.962-0800: 1.687: [weak refs processing, 0.0000194 secs]2021-01-18T10:21:26.962-0800: 1.687: [class unloading, 0.0002139 secs]2021-01-18T10:21:26.962-0800: 1.687: [scrub symbol table, 0.0003652 secs]2021-01-18T10:21:26.962-0800: 1.688: [scrub string table, 0.0001780 secs][1 CMS-remark: 349412K(349568K)] 386518K(506816K), 0.0012777 secs] [Times: user=0.00 sys=0.00, real=0.00 secs] 
2021-01-18T10:21:26.963-0800: 1.688: [CMS-concurrent-sweep-start]
2021-01-18T10:21:26.963-0800: 1.689: [CMS-concurrent-sweep: 0.000/0.000 secs] [Times: user=0.00 sys=0.00, real=0.00 secs] 
2021-01-18T10:21:26.963-0800: 1.689: [CMS-concurrent-reset-start]
2021-01-18T10:21:26.964-0800: 1.689: [CMS-concurrent-reset: 0.000/0.000 secs] [Times: user=0.00 sys=0.00, real=0.00 secs] 
2021-01-18T10:21:26.981-0800: 1.706: [GC (Allocation Failure) 2021-01-18T10:21:26.981-0800: 1.706: [ParNew: 157234K->157234K(157248K), 0.0000215 secs]2021-01-18T10:21:26.981-0800: 1.706: [CMS: 349060K->349551K(349568K), 0.0546088 secs] 506295K->368319K(506816K), [Metaspace: 2580K->2580K(1056768K)], 0.0547426 secs] [Times: user=0.05 sys=0.00, real=0.05 secs] 
2021-01-18T10:21:27.036-0800: 1.761: [GC (CMS Initial Mark) [1 CMS-initial-mark: 349551K(349568K)] 371220K(506816K), 0.0002604 secs] [Times: user=0.00 sys=0.00, real=0.00 secs] 
2021-01-18T10:21:27.036-0800: 1.762: [CMS-concurrent-mark-start]
2021-01-18T10:21:27.038-0800: 1.763: [CMS-concurrent-mark: 0.001/0.001 secs] [Times: user=0.00 sys=0.00, real=0.00 secs] 
2021-01-18T10:21:27.038-0800: 1.763: [CMS-concurrent-preclean-start]
2021-01-18T10:21:27.039-0800: 1.764: [CMS-concurrent-preclean: 0.001/0.001 secs] [Times: user=0.01 sys=0.00, real=0.00 secs] 
2021-01-18T10:21:27.039-0800: 1.765: [CMS-concurrent-abortable-preclean-start]
2021-01-18T10:21:27.039-0800: 1.765: [CMS-concurrent-abortable-preclean: 0.000/0.000 secs] [Times: user=0.00 sys=0.00, real=0.00 secs] 
2021-01-18T10:21:27.039-0800: 1.765: [GC (CMS Final Remark) [YG occupancy: 36866 K (157248 K)]2021-01-18T10:21:27.039-0800: 1.765: [Rescan (parallel) , 0.0012606 secs]2021-01-18T10:21:27.041-0800: 1.766: [weak refs processing, 0.0000234 secs]2021-01-18T10:21:27.041-0800: 1.766: [class unloading, 0.0002236 secs]2021-01-18T10:21:27.041-0800: 1.766: [scrub symbol table, 0.0003697 secs]2021-01-18T10:21:27.041-0800: 1.767: [scrub string table, 0.0001536 secs][1 CMS-remark: 349551K(349568K)] 386418K(506816K), 0.0021300 secs] [Times: user=0.01 sys=0.00, real=0.01 secs] 
2021-01-18T10:21:27.042-0800: 1.767: [CMS-concurrent-sweep-start]
2021-01-18T10:21:27.042-0800: 1.767: [CMS-concurrent-sweep: 0.000/0.000 secs] [Times: user=0.00 sys=0.00, real=0.00 secs] 
2021-01-18T10:21:27.042-0800: 1.767: [CMS-concurrent-reset-start]
2021-01-18T10:21:27.042-0800: 1.768: [CMS-concurrent-reset: 0.000/0.000 secs] [Times: user=0.00 sys=0.00, real=0.00 secs] 
2021-01-18T10:21:27.059-0800: 1.784: [GC (Allocation Failure) 2021-01-18T10:21:27.059-0800: 1.784: [ParNew: 157073K->157073K(157248K), 0.0000318 secs]2021-01-18T10:21:27.059-0800: 1.784: [CMS: 349025K->349330K(349568K), 0.0577710 secs] 506099K->366950K(506816K), [Metaspace: 2580K->2580K(1056768K)], 0.0579828 secs] [Times: user=0.06 sys=0.01, real=0.06 secs] 
2021-01-18T10:21:27.117-0800: 1.842: [GC (CMS Initial Mark) [1 CMS-initial-mark: 349330K(349568K)] 367238K(506816K), 0.0002305 secs] [Times: user=0.00 sys=0.00, real=0.00 secs] 
2021-01-18T10:21:27.117-0800: 1.843: [CMS-concurrent-mark-start]
2021-01-18T10:21:27.119-0800: 1.844: [CMS-concurrent-mark: 0.001/0.001 secs] [Times: user=0.00 sys=0.00, real=0.00 secs] 
2021-01-18T10:21:27.119-0800: 1.844: [CMS-concurrent-preclean-start]
2021-01-18T10:21:27.120-0800: 1.846: [CMS-concurrent-preclean: 0.001/0.001 secs] [Times: user=0.00 sys=0.00, real=0.01 secs] 
2021-01-18T10:21:27.120-0800: 1.846: [CMS-concurrent-abortable-preclean-start]
2021-01-18T10:21:27.120-0800: 1.846: [CMS-concurrent-abortable-preclean: 0.000/0.000 secs] [Times: user=0.00 sys=0.00, real=0.00 secs] 
2021-01-18T10:21:27.120-0800: 1.846: [GC (CMS Final Remark) [YG occupancy: 38385 K (157248 K)]2021-01-18T10:21:27.121-0800: 1.846: [Rescan (parallel) , 0.0013169 secs]2021-01-18T10:21:27.122-0800: 1.847: [weak refs processing, 0.0000187 secs]2021-01-18T10:21:27.122-0800: 1.847: [class unloading, 0.0002342 secs]2021-01-18T10:21:27.122-0800: 1.847: [scrub symbol table, 0.0003526 secs]2021-01-18T10:21:27.122-0800: 1.848: [scrub string table, 0.0001658 secs][1 CMS-remark: 349330K(349568K)] 387715K(506816K), 0.0021797 secs] [Times: user=0.00 sys=0.00, real=0.00 secs] 
2021-01-18T10:21:27.123-0800: 1.848: [CMS-concurrent-sweep-start]
2021-01-18T10:21:27.123-0800: 1.849: [CMS-concurrent-sweep: 0.001/0.001 secs] [Times: user=0.01 sys=0.00, real=0.00 secs] 
2021-01-18T10:21:27.123-0800: 1.849: [CMS-concurrent-reset-start]
2021-01-18T10:21:27.124-0800: 1.849: [CMS-concurrent-reset: 0.000/0.000 secs] [Times: user=0.00 sys=0.00, real=0.00 secs] 
2021-01-18T10:21:27.143-0800: 1.869: [GC (Allocation Failure) 2021-01-18T10:21:27.143-0800: 1.869: [ParNew: 156926K->156926K(157248K), 0.0000220 secs]2021-01-18T10:21:27.144-0800: 1.869: [CMS: 348985K->349242K(349568K), 0.0601776 secs] 505912K->374032K(506816K), [Metaspace: 2580K->2580K(1056768K)], 0.0603183 secs] [Times: user=0.06 sys=0.00, real=0.06 secs] 
2021-01-18T10:21:27.204-0800: 1.929: [GC (CMS Initial Mark) [1 CMS-initial-mark: 349242K(349568K)] 374667K(506816K), 0.0002256 secs] [Times: user=0.00 sys=0.00, real=0.00 secs] 
2021-01-18T10:21:27.204-0800: 1.930: [CMS-concurrent-mark-start]
2021-01-18T10:21:27.206-0800: 1.931: [CMS-concurrent-mark: 0.002/0.002 secs] [Times: user=0.00 sys=0.00, real=0.00 secs] 
2021-01-18T10:21:27.206-0800: 1.931: [CMS-concurrent-preclean-start]
2021-01-18T10:21:27.207-0800: 1.933: [CMS-concurrent-preclean: 0.002/0.002 secs] [Times: user=0.01 sys=0.00, real=0.00 secs] 
2021-01-18T10:21:27.207-0800: 1.933: [CMS-concurrent-abortable-preclean-start]
2021-01-18T10:21:27.207-0800: 1.933: [CMS-concurrent-abortable-preclean: 0.000/0.000 secs] [Times: user=0.00 sys=0.00, real=0.00 secs] 
2021-01-18T10:21:27.208-0800: 1.933: [GC (CMS Final Remark) [YG occupancy: 40868 K (157248 K)]2021-01-18T10:21:27.208-0800: 1.933: [Rescan (parallel) , 0.0009210 secs]2021-01-18T10:21:27.209-0800: 1.934: [weak refs processing, 0.0000213 secs]2021-01-18T10:21:27.209-0800: 1.934: [class unloading, 0.0002008 secs]2021-01-18T10:21:27.209-0800: 1.934: [scrub symbol table, 0.0003430 secs]2021-01-18T10:21:27.209-0800: 1.934: [scrub string table, 0.0001644 secs][1 CMS-remark: 349242K(349568K)] 390110K(506816K), 0.0017402 secs] [Times: user=0.00 sys=0.00, real=0.00 secs] 
2021-01-18T10:21:27.209-0800: 1.935: [CMS-concurrent-sweep-start]
2021-01-18T10:21:27.210-0800: 1.935: [CMS-concurrent-sweep: 0.000/0.000 secs] [Times: user=0.01 sys=0.00, real=0.01 secs] 
2021-01-18T10:21:27.210-0800: 1.935: [CMS-concurrent-reset-start]
2021-01-18T10:21:27.210-0800: 1.936: [CMS-concurrent-reset: 0.000/0.000 secs] [Times: user=0.00 sys=0.00, real=0.00 secs] 
2021-01-18T10:21:27.227-0800: 1.953: [GC (Allocation Failure) 2021-01-18T10:21:27.227-0800: 1.953: [ParNew: 157077K->157077K(157248K), 0.0000218 secs]2021-01-18T10:21:27.227-0800: 1.953: [CMS: 348947K->349490K(349568K), 0.0591005 secs] 506025K->370365K(506816K), [Metaspace: 2580K->2580K(1056768K)], 0.0592365 secs] [Times: user=0.06 sys=0.00, real=0.06 secs] 
2021-01-18T10:21:27.287-0800: 2.012: [GC (CMS Initial Mark) [1 CMS-initial-mark: 349490K(349568K)] 370653K(506816K), 0.0002189 secs] [Times: user=0.00 sys=0.00, real=0.00 secs] 
2021-01-18T10:21:27.287-0800: 2.012: [CMS-concurrent-mark-start]
2021-01-18T10:21:27.288-0800: 2.014: [CMS-concurrent-mark: 0.001/0.001 secs] [Times: user=0.00 sys=0.00, real=0.00 secs] 
2021-01-18T10:21:27.289-0800: 2.014: [CMS-concurrent-preclean-start]
2021-01-18T10:21:27.290-0800: 2.015: [CMS-concurrent-preclean: 0.002/0.002 secs] [Times: user=0.01 sys=0.00, real=0.01 secs] 
2021-01-18T10:21:27.290-0800: 2.015: [CMS-concurrent-abortable-preclean-start]
2021-01-18T10:21:27.290-0800: 2.015: [CMS-concurrent-abortable-preclean: 0.000/0.000 secs] [Times: user=0.00 sys=0.00, real=0.00 secs] 
2021-01-18T10:21:27.290-0800: 2.016: [GC (CMS Final Remark) [YG occupancy: 38881 K (157248 K)]2021-01-18T10:21:27.290-0800: 2.016: [Rescan (parallel) , 0.0003607 secs]2021-01-18T10:21:27.291-0800: 2.016: [weak refs processing, 0.0000531 secs]2021-01-18T10:21:27.291-0800: 2.016: [class unloading, 0.0002195 secs]2021-01-18T10:21:27.291-0800: 2.016: [scrub symbol table, 0.0003611 secs]2021-01-18T10:21:27.291-0800: 2.017: [scrub string table, 0.0001894 secs][1 CMS-remark: 349490K(349568K)] 388371K(506816K), 0.0013352 secs] [Times: user=0.00 sys=0.00, real=0.00 secs] 
2021-01-18T10:21:27.292-0800: 2.017: [CMS-concurrent-sweep-start]
2021-01-18T10:21:27.292-0800: 2.018: [CMS-concurrent-sweep: 0.001/0.001 secs] [Times: user=0.00 sys=0.00, real=0.00 secs] 
2021-01-18T10:21:27.292-0800: 2.018: [CMS-concurrent-reset-start]
2021-01-18T10:21:27.293-0800: 2.018: [CMS-concurrent-reset: 0.000/0.000 secs] [Times: user=0.00 sys=0.00, real=0.00 secs] 
2021-01-18T10:21:27.309-0800: 2.034: [GC (Allocation Failure) 2021-01-18T10:21:27.309-0800: 2.034: [ParNew: 157159K->157159K(157248K), 0.0000223 secs]2021-01-18T10:21:27.309-0800: 2.034: [CMS: 349333K->349507K(349568K), 0.0560489 secs] 506492K->368693K(506816K), [Metaspace: 2580K->2580K(1056768K)], 0.0561994 secs] [Times: user=0.05 sys=0.00, real=0.06 secs] 
2021-01-18T10:21:27.365-0800: 2.090: [GC (CMS Initial Mark) [1 CMS-initial-mark: 349507K(349568K)] 368855K(506816K), 0.0003292 secs] [Times: user=0.00 sys=0.00, real=0.00 secs] 
2021-01-18T10:21:27.366-0800: 2.091: [CMS-concurrent-mark-start]
2021-01-18T10:21:27.367-0800: 2.092: [CMS-concurrent-mark: 0.001/0.001 secs] [Times: user=0.01 sys=0.00, real=0.00 secs] 
2021-01-18T10:21:27.367-0800: 2.092: [CMS-concurrent-preclean-start]
2021-01-18T10:21:27.369-0800: 2.094: [CMS-concurrent-preclean: 0.001/0.001 secs] [Times: user=0.00 sys=0.00, real=0.00 secs] 
2021-01-18T10:21:27.369-0800: 2.094: [CMS-concurrent-abortable-preclean-start]
2021-01-18T10:21:27.369-0800: 2.094: [CMS-concurrent-abortable-preclean: 0.000/0.000 secs] [Times: user=0.00 sys=0.00, real=0.00 secs] 
2021-01-18T10:21:27.369-0800: 2.094: [GC (CMS Final Remark) [YG occupancy: 39686 K (157248 K)]2021-01-18T10:21:27.369-0800: 2.094: [Rescan (parallel) , 0.0004664 secs]2021-01-18T10:21:27.369-0800: 2.095: [weak refs processing, 0.0000185 secs]2021-01-18T10:21:27.369-0800: 2.095: [class unloading, 0.0002108 secs]2021-01-18T10:21:27.369-0800: 2.095: [scrub symbol table, 0.0003524 secs]2021-01-18T10:21:27.370-0800: 2.095: [scrub string table, 0.0002116 secs][1 CMS-remark: 349507K(349568K)] 389194K(506816K), 0.0013479 secs] [Times: user=0.00 sys=0.01, real=0.01 secs] 
2021-01-18T10:21:27.370-0800: 2.096: [CMS-concurrent-sweep-start]
2021-01-18T10:21:27.371-0800: 2.096: [CMS-concurrent-sweep: 0.001/0.001 secs] [Times: user=0.00 sys=0.00, real=0.00 secs] 
2021-01-18T10:21:27.371-0800: 2.096: [CMS-concurrent-reset-start]
2021-01-18T10:21:27.371-0800: 2.097: [CMS-concurrent-reset: 0.000/0.000 secs] [Times: user=0.00 sys=0.00, real=0.00 secs] 
2021-01-18T10:21:27.390-0800: 2.116: [GC (Allocation Failure) 2021-01-18T10:21:27.391-0800: 2.116: [ParNew: 157204K->157204K(157248K), 0.0000264 secs]2021-01-18T10:21:27.391-0800: 2.116: [CMS: 348812K->349353K(349568K), 0.0583792 secs] 506017K->363636K(506816K), [Metaspace: 2580K->2580K(1056768K)], 0.0585934 secs] [Times: user=0.06 sys=0.00, real=0.05 secs] 
2021-01-18T10:21:27.449-0800: 2.174: [GC (CMS Initial Mark) [1 CMS-initial-mark: 349353K(349568K)] 366808K(506816K), 0.0002174 secs] [Times: user=0.00 sys=0.00, real=0.00 secs] 
2021-01-18T10:21:27.449-0800: 2.175: [CMS-concurrent-mark-start]
2021-01-18T10:21:27.451-0800: 2.176: [CMS-concurrent-mark: 0.001/0.001 secs] [Times: user=0.00 sys=0.00, real=0.01 secs] 
2021-01-18T10:21:27.451-0800: 2.176: [CMS-concurrent-preclean-start]
2021-01-18T10:21:27.452-0800: 2.178: [CMS-concurrent-preclean: 0.001/0.001 secs] [Times: user=0.01 sys=0.00, real=0.00 secs] 
2021-01-18T10:21:27.452-0800: 2.178: [CMS-concurrent-abortable-preclean-start]
2021-01-18T10:21:27.452-0800: 2.178: [CMS-concurrent-abortable-preclean: 0.000/0.000 secs] [Times: user=0.00 sys=0.00, real=0.00 secs] 
2021-01-18T10:21:27.453-0800: 2.178: [GC (CMS Final Remark) [YG occupancy: 36448 K (157248 K)]2021-01-18T10:21:27.453-0800: 2.178: [Rescan (parallel) , 0.0012070 secs]2021-01-18T10:21:27.454-0800: 2.179: [weak refs processing, 0.0000186 secs]2021-01-18T10:21:27.454-0800: 2.179: [class unloading, 0.0001990 secs]2021-01-18T10:21:27.454-0800: 2.179: [scrub symbol table, 0.0003399 secs]2021-01-18T10:21:27.454-0800: 2.180: [scrub string table, 0.0001582 secs][1 CMS-remark: 349353K(349568K)] 385802K(506816K), 0.0020167 secs] [Times: user=0.00 sys=0.00, real=0.00 secs] 
2021-01-18T10:21:27.455-0800: 2.180: [CMS-concurrent-sweep-start]
2021-01-18T10:21:27.455-0800: 2.181: [CMS-concurrent-sweep: 0.001/0.001 secs] [Times: user=0.01 sys=0.00, real=0.00 secs] 
2021-01-18T10:21:27.455-0800: 2.181: [CMS-concurrent-reset-start]
2021-01-18T10:21:27.456-0800: 2.181: [CMS-concurrent-reset: 0.000/0.000 secs] [Times: user=0.00 sys=0.00, real=0.00 secs] 
2021-01-18T10:21:27.473-0800: 2.199: [GC (Allocation Failure) 2021-01-18T10:21:27.473-0800: 2.199: [ParNew: 157208K->157208K(157248K), 0.0000221 secs]2021-01-18T10:21:27.473-0800: 2.199: [CMS: 349342K->349480K(349568K), 0.0590729 secs] 506550K->364757K(506816K), [Metaspace: 2580K->2580K(1056768K)], 0.0592393 secs] [Times: user=0.06 sys=0.00, real=0.06 secs] 
2021-01-18T10:21:27.533-0800: 2.258: [GC (CMS Initial Mark) [1 CMS-initial-mark: 349480K(349568K)] 364901K(506816K), 0.0002445 secs] [Times: user=0.00 sys=0.00, real=0.00 secs] 
2021-01-18T10:21:27.533-0800: 2.258: [CMS-concurrent-mark-start]
2021-01-18T10:21:27.535-0800: 2.260: [CMS-concurrent-mark: 0.002/0.002 secs] [Times: user=0.00 sys=0.00, real=0.00 secs] 
2021-01-18T10:21:27.535-0800: 2.260: [CMS-concurrent-preclean-start]
2021-01-18T10:21:27.537-0800: 2.262: [CMS-concurrent-preclean: 0.001/0.001 secs] [Times: user=0.01 sys=0.00, real=0.00 secs] 
2021-01-18T10:21:27.537-0800: 2.262: [CMS-concurrent-abortable-preclean-start]
2021-01-18T10:21:27.537-0800: 2.262: [CMS-concurrent-abortable-preclean: 0.000/0.000 secs] [Times: user=0.00 sys=0.00, real=0.00 secs] 
2021-01-18T10:21:27.537-0800: 2.262: [GC (CMS Final Remark) [YG occupancy: 37639 K (157248 K)]2021-01-18T10:21:27.537-0800: 2.262: [Rescan (parallel) , 0.0015371 secs]2021-01-18T10:21:27.538-0800: 2.264: [weak refs processing, 0.0000332 secs]2021-01-18T10:21:27.538-0800: 2.264: [class unloading, 0.0002201 secs]2021-01-18T10:21:27.539-0800: 2.264: [scrub symbol table, 0.0004820 secs]2021-01-18T10:21:27.539-0800: 2.264: [scrub string table, 0.0001710 secs][1 CMS-remark: 349480K(349568K)] 387119K(506816K), 0.0025807 secs] [Times: user=0.01 sys=0.00, real=0.00 secs] 
2021-01-18T10:21:27.539-0800: 2.265: [CMS-concurrent-sweep-start]
2021-01-18T10:21:27.540-0800: 2.265: [CMS-concurrent-sweep: 0.001/0.001 secs] [Times: user=0.00 sys=0.00, real=0.01 secs] 
2021-01-18T10:21:27.540-0800: 2.265: [CMS-concurrent-reset-start]
2021-01-18T10:21:27.540-0800: 2.266: [CMS-concurrent-reset: 0.000/0.000 secs] [Times: user=0.00 sys=0.00, real=0.00 secs] 
2021-01-18T10:21:27.558-0800: 2.283: [GC (Allocation Failure) 2021-01-18T10:21:27.558-0800: 2.283: [ParNew: 157114K->157114K(157248K), 0.0000208 secs]2021-01-18T10:21:27.558-0800: 2.283: [CMS: 349480K->349456K(349568K), 0.0566253 secs] 506594K->365594K(506816K), [Metaspace: 2580K->2580K(1056768K)], 0.0567463 secs] [Times: user=0.06 sys=0.00, real=0.06 secs] 
2021-01-18T10:21:27.615-0800: 2.340: [GC (CMS Initial Mark) [1 CMS-initial-mark: 349456K(349568K)] 368509K(506816K), 0.0002182 secs] [Times: user=0.00 sys=0.00, real=0.00 secs] 
2021-01-18T10:21:27.615-0800: 2.341: [CMS-concurrent-mark-start]
2021-01-18T10:21:27.617-0800: 2.342: [CMS-concurrent-mark: 0.002/0.002 secs] [Times: user=0.00 sys=0.00, real=0.00 secs] 
2021-01-18T10:21:27.617-0800: 2.342: [CMS-concurrent-preclean-start]
2021-01-18T10:21:27.619-0800: 2.344: [CMS-concurrent-preclean: 0.002/0.002 secs] [Times: user=0.01 sys=0.00, real=0.00 secs] 
2021-01-18T10:21:27.619-0800: 2.344: [CMS-concurrent-abortable-preclean-start]
2021-01-18T10:21:27.619-0800: 2.344: [CMS-concurrent-abortable-preclean: 0.000/0.000 secs] [Times: user=0.00 sys=0.00, real=0.00 secs] 
2021-01-18T10:21:27.619-0800: 2.344: [GC (CMS Final Remark) [YG occupancy: 37850 K (157248 K)]2021-01-18T10:21:27.619-0800: 2.344: [Rescan (parallel) , 0.0011094 secs]2021-01-18T10:21:27.620-0800: 2.345: [weak refs processing, 0.0000138 secs]2021-01-18T10:21:27.620-0800: 2.345: [class unloading, 0.0002083 secs]2021-01-18T10:21:27.620-0800: 2.346: [scrub symbol table, 0.0003508 secs]2021-01-18T10:21:27.621-0800: 2.346: [scrub string table, 0.0001588 secs][1 CMS-remark: 349456K(349568K)] 387306K(506816K), 0.0019158 secs] [Times: user=0.01 sys=0.00, real=0.01 secs] 
2021-01-18T10:21:27.621-0800: 2.346: [CMS-concurrent-sweep-start]
2021-01-18T10:21:27.621-0800: 2.347: [CMS-concurrent-sweep: 0.000/0.000 secs] [Times: user=0.00 sys=0.00, real=0.00 secs] 
2021-01-18T10:21:27.621-0800: 2.347: [CMS-concurrent-reset-start]
2021-01-18T10:21:27.622-0800: 2.347: [CMS-concurrent-reset: 0.000/0.000 secs] [Times: user=0.00 sys=0.00, real=0.00 secs] 
2021-01-18T10:21:27.639-0800: 2.365: [GC (Allocation Failure) 2021-01-18T10:21:27.640-0800: 2.365: [ParNew: 157174K->157174K(157248K), 0.0000218 secs]2021-01-18T10:21:27.640-0800: 2.365: [CMS: 349373K->349248K(349568K), 0.0618136 secs] 506548K->367125K(506816K), [Metaspace: 2580K->2580K(1056768K)], 0.0619652 secs] [Times: user=0.06 sys=0.01, real=0.07 secs] 
2021-01-18T10:21:27.702-0800: 2.427: [GC (CMS Initial Mark) [1 CMS-initial-mark: 349248K(349568K)] 370350K(506816K), 0.0002098 secs] [Times: user=0.00 sys=0.00, real=0.00 secs] 
2021-01-18T10:21:27.702-0800: 2.427: [CMS-concurrent-mark-start]
2021-01-18T10:21:27.703-0800: 2.429: [CMS-concurrent-mark: 0.001/0.001 secs] [Times: user=0.00 sys=0.00, real=0.00 secs] 
2021-01-18T10:21:27.703-0800: 2.429: [CMS-concurrent-preclean-start]
2021-01-18T10:21:27.705-0800: 2.430: [CMS-concurrent-preclean: 0.001/0.001 secs] [Times: user=0.01 sys=0.00, real=0.00 secs] 
2021-01-18T10:21:27.705-0800: 2.430: [CMS-concurrent-abortable-preclean-start]
2021-01-18T10:21:27.705-0800: 2.430: [CMS-concurrent-abortable-preclean: 0.000/0.000 secs] [Times: user=0.00 sys=0.00, real=0.00 secs] 
2021-01-18T10:21:27.705-0800: 2.430: [GC (CMS Final Remark) [YG occupancy: 38329 K (157248 K)]2021-01-18T10:21:27.705-0800: 2.430: [Rescan (parallel) , 0.0013508 secs]2021-01-18T10:21:27.706-0800: 2.432: [weak refs processing, 0.0000173 secs]2021-01-18T10:21:27.706-0800: 2.432: [class unloading, 0.0002014 secs]2021-01-18T10:21:27.707-0800: 2.432: [scrub symbol table, 0.0003315 secs]2021-01-18T10:21:27.707-0800: 2.432: [scrub string table, 0.0001529 secs][1 CMS-remark: 349248K(349568K)] 387578K(506816K), 0.0021422 secs] [Times: user=0.00 sys=0.00, real=0.00 secs] 
2021-01-18T10:21:27.707-0800: 2.432: [CMS-concurrent-sweep-start]
2021-01-18T10:21:27.708-0800: 2.433: [CMS-concurrent-sweep: 0.001/0.001 secs] [Times: user=0.01 sys=0.00, real=0.00 secs] 
2021-01-18T10:21:27.708-0800: 2.433: [CMS-concurrent-reset-start]
2021-01-18T10:21:27.708-0800: 2.434: [CMS-concurrent-reset: 0.000/0.000 secs] [Times: user=0.00 sys=0.00, real=0.00 secs] 
2021-01-18T10:21:27.725-0800: 2.451: [GC (Allocation Failure) 2021-01-18T10:21:27.726-0800: 2.451: [ParNew: 157144K->157144K(157248K), 0.0000203 secs]2021-01-18T10:21:27.726-0800: 2.451: [CMS: 348446K->349489K(349568K), 0.0551414 secs] 505591K->364100K(506816K), [Metaspace: 2580K->2580K(1056768K)], 0.0552825 secs] [Times: user=0.06 sys=0.00, real=0.06 secs] 
2021-01-18T10:21:27.781-0800: 2.506: [GC (CMS Initial Mark) [1 CMS-initial-mark: 349489K(349568K)] 364244K(506816K), 0.0002635 secs] [Times: user=0.00 sys=0.00, real=0.00 secs] 
2021-01-18T10:21:27.781-0800: 2.507: [CMS-concurrent-mark-start]
2021-01-18T10:21:27.783-0800: 2.508: [CMS-concurrent-mark: 0.001/0.001 secs] [Times: user=0.00 sys=0.00, real=0.00 secs] 
2021-01-18T10:21:27.783-0800: 2.508: [CMS-concurrent-preclean-start]
2021-01-18T10:21:27.784-0800: 2.509: [CMS-concurrent-preclean: 0.001/0.001 secs] [Times: user=0.00 sys=0.00, real=0.00 secs] 
2021-01-18T10:21:27.784-0800: 2.509: [CMS-concurrent-abortable-preclean-start]
2021-01-18T10:21:27.784-0800: 2.509: [CMS-concurrent-abortable-preclean: 0.000/0.000 secs] [Times: user=0.00 sys=0.00, real=0.00 secs] 
2021-01-18T10:21:27.784-0800: 2.510: [GC (CMS Final Remark) [YG occupancy: 29980 K (157248 K)]2021-01-18T10:21:27.784-0800: 2.510: [Rescan (parallel) , 0.0003875 secs]2021-01-18T10:21:27.785-0800: 2.510: [weak refs processing, 0.0000181 secs]2021-01-18T10:21:27.785-0800: 2.510: [class unloading, 0.0002183 secs]2021-01-18T10:21:27.785-0800: 2.510: [scrub symbol table, 0.0003433 secs]2021-01-18T10:21:27.785-0800: 2.511: [scrub string table, 0.0001648 secs][1 CMS-remark: 349489K(349568K)] 379469K(506816K), 0.0012127 secs] [Times: user=0.01 sys=0.00, real=0.00 secs] 
2021-01-18T10:21:27.786-0800: 2.511: [CMS-concurrent-sweep-start]
2021-01-18T10:21:27.786-0800: 2.511: [CMS-concurrent-sweep: 0.000/0.000 secs] [Times: user=0.00 sys=0.00, real=0.00 secs] 
2021-01-18T10:21:27.786-0800: 2.511: [CMS-concurrent-reset-start]
2021-01-18T10:21:27.786-0800: 2.512: [CMS-concurrent-reset: 0.000/0.000 secs] [Times: user=0.00 sys=0.00, real=0.00 secs] 
2021-01-18T10:21:27.805-0800: 2.530: [GC (Allocation Failure) 2021-01-18T10:21:27.805-0800: 2.530: [ParNew: 157151K->157151K(157248K), 0.0000746 secs]2021-01-18T10:21:27.805-0800: 2.530: [CMS: 349489K->349379K(349568K), 0.0536130 secs] 506641K->359571K(506816K), [Metaspace: 2580K->2580K(1056768K)], 0.0538500 secs] [Times: user=0.05 sys=0.00, real=0.05 secs] 
2021-01-18T10:21:27.859-0800: 2.584: [GC (CMS Initial Mark) [1 CMS-initial-mark: 349379K(349568K)] 362643K(506816K), 0.0002673 secs] [Times: user=0.00 sys=0.00, real=0.00 secs] 
2021-01-18T10:21:27.859-0800: 2.585: [CMS-concurrent-mark-start]
2021-01-18T10:21:27.861-0800: 2.586: [CMS-concurrent-mark: 0.002/0.002 secs] [Times: user=0.00 sys=0.00, real=0.01 secs] 
2021-01-18T10:21:27.861-0800: 2.586: [CMS-concurrent-preclean-start]
2021-01-18T10:21:27.863-0800: 2.588: [CMS-concurrent-preclean: 0.001/0.001 secs] [Times: user=0.01 sys=0.00, real=0.00 secs] 
2021-01-18T10:21:27.863-0800: 2.588: [CMS-concurrent-abortable-preclean-start]
2021-01-18T10:21:27.863-0800: 2.588: [CMS-concurrent-abortable-preclean: 0.000/0.000 secs] [Times: user=0.00 sys=0.00, real=0.00 secs] 
2021-01-18T10:21:27.863-0800: 2.588: [GC (CMS Final Remark) [YG occupancy: 27438 K (157248 K)]2021-01-18T10:21:27.863-0800: 2.588: [Rescan (parallel) , 0.0004153 secs]2021-01-18T10:21:27.863-0800: 2.589: [weak refs processing, 0.0000160 secs]2021-01-18T10:21:27.863-0800: 2.589: [class unloading, 0.0002052 secs]2021-01-18T10:21:27.864-0800: 2.589: [scrub symbol table, 0.0003518 secs]2021-01-18T10:21:27.864-0800: 2.589: [scrub string table, 0.0001699 secs][1 CMS-remark: 349379K(349568K)] 376817K(506816K), 0.0012453 secs] [Times: user=0.00 sys=0.00, real=0.00 secs] 
2021-01-18T10:21:27.864-0800: 2.590: [CMS-concurrent-sweep-start]
2021-01-18T10:21:27.865-0800: 2.590: [CMS-concurrent-sweep: 0.000/0.000 secs] [Times: user=0.00 sys=0.00, real=0.00 secs] 
2021-01-18T10:21:27.865-0800: 2.590: [CMS-concurrent-reset-start]
2021-01-18T10:21:27.865-0800: 2.590: [CMS-concurrent-reset: 0.000/0.000 secs] [Times: user=0.00 sys=0.00, real=0.00 secs] 
2021-01-18T10:21:27.884-0800: 2.609: [GC (Allocation Failure) 2021-01-18T10:21:27.884-0800: 2.609: [ParNew: 156760K->156760K(157248K), 0.0000217 secs]2021-01-18T10:21:27.884-0800: 2.609: [CMS: 348398K->349056K(349568K), 0.0533068 secs] 505158K->362913K(506816K), [Metaspace: 2580K->2580K(1056768K)], 0.0534683 secs] [Times: user=0.05 sys=0.00, real=0.05 secs] 
2021-01-18T10:21:27.938-0800: 2.663: [GC (CMS Initial Mark) [1 CMS-initial-mark: 349056K(349568K)] 363585K(506816K), 0.0002446 secs] [Times: user=0.00 sys=0.00, real=0.00 secs] 
2021-01-18T10:21:27.938-0800: 2.663: [CMS-concurrent-mark-start]
2021-01-18T10:21:27.939-0800: 2.665: [CMS-concurrent-mark: 0.001/0.001 secs] [Times: user=0.00 sys=0.00, real=0.00 secs] 
2021-01-18T10:21:27.939-0800: 2.665: [CMS-concurrent-preclean-start]
2021-01-18T10:21:27.941-0800: 2.666: [CMS-concurrent-preclean: 0.001/0.001 secs] [Times: user=0.01 sys=0.00, real=0.01 secs] 
2021-01-18T10:21:27.941-0800: 2.666: [CMS-concurrent-abortable-preclean-start]
2021-01-18T10:21:27.941-0800: 2.666: [CMS-concurrent-abortable-preclean: 0.000/0.000 secs] [Times: user=0.00 sys=0.00, real=0.00 secs] 
2021-01-18T10:21:27.941-0800: 2.666: [GC (CMS Final Remark) [YG occupancy: 33603 K (157248 K)]2021-01-18T10:21:27.941-0800: 2.666: [Rescan (parallel) , 0.0002856 secs]2021-01-18T10:21:27.941-0800: 2.667: [weak refs processing, 0.0000219 secs]2021-01-18T10:21:27.941-0800: 2.667: [class unloading, 0.0002063 secs]2021-01-18T10:21:27.942-0800: 2.667: [scrub symbol table, 0.0003462 secs]2021-01-18T10:21:27.942-0800: 2.667: [scrub string table, 0.0001684 secs][1 CMS-remark: 349056K(349568K)] 382660K(506816K), 0.0011816 secs] [Times: user=0.00 sys=0.00, real=0.00 secs] 
2021-01-18T10:21:27.942-0800: 2.668: [CMS-concurrent-sweep-start]
2021-01-18T10:21:27.943-0800: 2.668: [CMS-concurrent-sweep: 0.000/0.000 secs] [Times: user=0.00 sys=0.00, real=0.00 secs] 
2021-01-18T10:21:27.943-0800: 2.668: [CMS-concurrent-reset-start]
2021-01-18T10:21:27.943-0800: 2.668: [CMS-concurrent-reset: 0.000/0.000 secs] [Times: user=0.00 sys=0.00, real=0.00 secs] 
2021-01-18T10:21:27.960-0800: 2.685: [GC (Allocation Failure) 2021-01-18T10:21:27.960-0800: 2.685: [ParNew: 157192K->157192K(157248K), 0.0000251 secs]2021-01-18T10:21:27.960-0800: 2.685: [CMS: 349024K->349368K(349568K), 0.0543192 secs] 506217K->366545K(506816K), [Metaspace: 2580K->2580K(1056768K)], 0.0544840 secs] [Times: user=0.05 sys=0.00, real=0.05 secs] 
2021-01-18T10:21:28.015-0800: 2.740: [GC (CMS Initial Mark) [1 CMS-initial-mark: 349368K(349568K)] 367069K(506816K), 0.0002623 secs] [Times: user=0.00 sys=0.00, real=0.00 secs] 
2021-01-18T10:21:28.015-0800: 2.740: [CMS-concurrent-mark-start]
2021-01-18T10:21:28.016-0800: 2.742: [CMS-concurrent-mark: 0.001/0.001 secs] [Times: user=0.01 sys=0.00, real=0.00 secs] 
2021-01-18T10:21:28.016-0800: 2.742: [CMS-concurrent-preclean-start]
2021-01-18T10:21:28.018-0800: 2.743: [CMS-concurrent-preclean: 0.001/0.001 secs] [Times: user=0.00 sys=0.00, real=0.00 secs] 
2021-01-18T10:21:28.018-0800: 2.743: [CMS-concurrent-abortable-preclean-start]
2021-01-18T10:21:28.018-0800: 2.743: [CMS-concurrent-abortable-preclean: 0.000/0.000 secs] [Times: user=0.00 sys=0.00, real=0.00 secs] 
2021-01-18T10:21:28.018-0800: 2.743: [GC (CMS Final Remark) [YG occupancy: 38989 K (157248 K)]2021-01-18T10:21:28.018-0800: 2.743: [Rescan (parallel) , 0.0004358 secs]2021-01-18T10:21:28.019-0800: 2.744: [weak refs processing, 0.0000225 secs]2021-01-18T10:21:28.019-0800: 2.744: [class unloading, 0.0002089 secs]2021-01-18T10:21:28.019-0800: 2.744: [scrub symbol table, 0.0003443 secs]2021-01-18T10:21:28.019-0800: 2.744: [scrub string table, 0.0001857 secs][1 CMS-remark: 349368K(349568K)] 388357K(506816K), 0.0012994 secs] [Times: user=0.00 sys=0.00, real=0.00 secs] 
2021-01-18T10:21:28.019-0800: 2.745: [CMS-concurrent-sweep-start]
2021-01-18T10:21:28.020-0800: 2.745: [CMS-concurrent-sweep: 0.000/0.000 secs] [Times: user=0.00 sys=0.00, real=0.01 secs] 
2021-01-18T10:21:28.020-0800: 2.745: [CMS-concurrent-reset-start]
2021-01-18T10:21:28.020-0800: 2.746: [CMS-concurrent-reset: 0.000/0.000 secs] [Times: user=0.00 sys=0.00, real=0.00 secs] 
2021-01-18T10:21:28.035-0800: 2.761: [GC (Allocation Failure) 2021-01-18T10:21:28.035-0800: 2.761: [ParNew: 157195K->157195K(157248K), 0.0000211 secs]2021-01-18T10:21:28.035-0800: 2.761: [CMS: 349329K->349291K(349568K), 0.0543104 secs] 506525K->370254K(506816K), [Metaspace: 2580K->2580K(1056768K)], 0.0544582 secs] [Times: user=0.05 sys=0.00, real=0.06 secs] 
2021-01-18T10:21:28.090-0800: 2.815: [GC (CMS Initial Mark) [1 CMS-initial-mark: 349291K(349568K)] 370542K(506816K), 0.0002339 secs] [Times: user=0.00 sys=0.00, real=0.00 secs] 
2021-01-18T10:21:28.090-0800: 2.816: [CMS-concurrent-mark-start]
2021-01-18T10:21:28.092-0800: 2.817: [CMS-concurrent-mark: 0.001/0.001 secs] [Times: user=0.01 sys=0.00, real=0.00 secs] 
2021-01-18T10:21:28.092-0800: 2.817: [CMS-concurrent-preclean-start]
2021-01-18T10:21:28.093-0800: 2.819: [CMS-concurrent-preclean: 0.001/0.001 secs] [Times: user=0.00 sys=0.00, real=0.00 secs] 
2021-01-18T10:21:28.093-0800: 2.819: [CMS-concurrent-abortable-preclean-start]
2021-01-18T10:21:28.093-0800: 2.819: [CMS-concurrent-abortable-preclean: 0.000/0.000 secs] [Times: user=0.00 sys=0.00, real=0.00 secs] 
2021-01-18T10:21:28.094-0800: 2.819: [GC (CMS Final Remark) [YG occupancy: 41987 K (157248 K)]2021-01-18T10:21:28.094-0800: 2.819: [Rescan (parallel) , 0.0003795 secs]2021-01-18T10:21:28.094-0800: 2.819: [weak refs processing, 0.0000152 secs]2021-01-18T10:21:28.094-0800: 2.819: [class unloading, 0.0002095 secs]2021-01-18T10:21:28.094-0800: 2.820: [scrub symbol table, 0.0003663 secs]2021-01-18T10:21:28.095-0800: 2.820: [scrub string table, 0.0001712 secs][1 CMS-remark: 349291K(349568K)] 391279K(506816K), 0.0012222 secs] [Times: user=0.00 sys=0.00, real=0.00 secs] 
2021-01-18T10:21:28.095-0800: 2.820: [CMS-concurrent-sweep-start]
2021-01-18T10:21:28.095-0800: 2.821: [CMS-concurrent-sweep: 0.000/0.000 secs] [Times: user=0.00 sys=0.00, real=0.00 secs] 
2021-01-18T10:21:28.095-0800: 2.821: [CMS-concurrent-reset-start]
2021-01-18T10:21:28.096-0800: 2.821: [CMS-concurrent-reset: 0.000/0.000 secs] [Times: user=0.01 sys=0.00, real=0.00 secs] 
2021-01-18T10:21:28.111-0800: 2.836: [GC (Allocation Failure) 2021-01-18T10:21:28.111-0800: 2.836: [ParNew: 156841K->156841K(157248K), 0.0000210 secs]2021-01-18T10:21:28.111-0800: 2.837: [CMS: 349291K->349054K(349568K), 0.0544952 secs] 506133K->364627K(506816K), [Metaspace: 2580K->2580K(1056768K)], 0.0546381 secs] [Times: user=0.06 sys=0.00, real=0.05 secs] 
2021-01-18T10:21:28.166-0800: 2.891: [GC (CMS Initial Mark) [1 CMS-initial-mark: 349054K(349568K)] 365179K(506816K), 0.0002548 secs] [Times: user=0.00 sys=0.00, real=0.00 secs] 
2021-01-18T10:21:28.166-0800: 2.892: [CMS-concurrent-mark-start]
2021-01-18T10:21:28.168-0800: 2.893: [CMS-concurrent-mark: 0.001/0.001 secs] [Times: user=0.00 sys=0.00, real=0.00 secs] 
2021-01-18T10:21:28.168-0800: 2.893: [CMS-concurrent-preclean-start]
2021-01-18T10:21:28.169-0800: 2.895: [CMS-concurrent-preclean: 0.001/0.001 secs] [Times: user=0.00 sys=0.00, real=0.00 secs] 
2021-01-18T10:21:28.169-0800: 2.895: [CMS-concurrent-abortable-preclean-start]
2021-01-18T10:21:28.169-0800: 2.895: [CMS-concurrent-abortable-preclean: 0.000/0.000 secs] [Times: user=0.00 sys=0.00, real=0.00 secs] 
2021-01-18T10:21:28.170-0800: 2.895: [GC (CMS Final Remark) [YG occupancy: 36635 K (157248 K)]2021-01-18T10:21:28.170-0800: 2.895: [Rescan (parallel) , 0.0003417 secs]2021-01-18T10:21:28.170-0800: 2.895: [weak refs processing, 0.0000175 secs]2021-01-18T10:21:28.170-0800: 2.895: [class unloading, 0.0002116 secs]2021-01-18T10:21:28.170-0800: 2.895: [scrub symbol table, 0.0003891 secs]2021-01-18T10:21:28.171-0800: 2.896: [scrub string table, 0.0001883 secs][1 CMS-remark: 349054K(349568K)] 385689K(506816K), 0.0012412 secs] [Times: user=0.01 sys=0.00, real=0.00 secs] 
2021-01-18T10:21:28.171-0800: 2.896: [CMS-concurrent-sweep-start]
2021-01-18T10:21:28.171-0800: 2.897: [CMS-concurrent-sweep: 0.000/0.000 secs] [Times: user=0.00 sys=0.00, real=0.00 secs] 
2021-01-18T10:21:28.171-0800: 2.897: [CMS-concurrent-reset-start]
2021-01-18T10:21:28.172-0800: 2.897: [CMS-concurrent-reset: 0.000/0.000 secs] [Times: user=0.00 sys=0.00, real=0.00 secs] 
2021-01-18T10:21:28.188-0800: 2.913: [GC (Allocation Failure) 2021-01-18T10:21:28.188-0800: 2.913: [ParNew: 156934K->156934K(157248K), 0.0000208 secs]2021-01-18T10:21:28.188-0800: 2.913: [CMS: 348503K->349345K(349568K), 0.0535481 secs] 505438K->363188K(506816K), [Metaspace: 2580K->2580K(1056768K)], 0.0536911 secs] [Times: user=0.06 sys=0.00, real=0.06 secs] 
2021-01-18T10:21:28.242-0800: 2.967: [GC (CMS Initial Mark) [1 CMS-initial-mark: 349345K(349568K)] 363898K(506816K), 0.0002528 secs] [Times: user=0.00 sys=0.00, real=0.00 secs] 
2021-01-18T10:21:28.242-0800: 2.967: [CMS-concurrent-mark-start]
2021-01-18T10:21:28.244-0800: 2.969: [CMS-concurrent-mark: 0.002/0.002 secs] [Times: user=0.00 sys=0.00, real=0.00 secs] 
2021-01-18T10:21:28.244-0800: 2.969: [CMS-concurrent-preclean-start]
2021-01-18T10:21:28.245-0800: 2.971: [CMS-concurrent-preclean: 0.002/0.002 secs] [Times: user=0.00 sys=0.00, real=0.00 secs] 
2021-01-18T10:21:28.245-0800: 2.971: [CMS-concurrent-abortable-preclean-start]
2021-01-18T10:21:28.245-0800: 2.971: [CMS-concurrent-abortable-preclean: 0.000/0.000 secs] [Times: user=0.00 sys=0.00, real=0.00 secs] 
2021-01-18T10:21:28.245-0800: 2.971: [GC (CMS Final Remark) [YG occupancy: 35809 K (157248 K)]2021-01-18T10:21:28.245-0800: 2.971: [Rescan (parallel) , 0.0003165 secs]2021-01-18T10:21:28.246-0800: 2.971: [weak refs processing, 0.0000164 secs]2021-01-18T10:21:28.246-0800: 2.971: [class unloading, 0.0002179 secs]2021-01-18T10:21:28.246-0800: 2.971: [scrub symbol table, 0.0003507 secs]2021-01-18T10:21:28.246-0800: 2.972: [scrub string table, 0.0001715 secs][1 CMS-remark: 349345K(349568K)] 385154K(506816K), 0.0011529 secs] [Times: user=0.01 sys=0.00, real=0.00 secs] 
2021-01-18T10:21:28.247-0800: 2.972: [CMS-concurrent-sweep-start]
2021-01-18T10:21:28.247-0800: 2.972: [CMS-concurrent-sweep: 0.000/0.000 secs] [Times: user=0.00 sys=0.00, real=0.00 secs] 
2021-01-18T10:21:28.247-0800: 2.973: [CMS-concurrent-reset-start]
2021-01-18T10:21:28.248-0800: 2.973: [CMS-concurrent-reset: 0.000/0.000 secs] [Times: user=0.00 sys=0.00, real=0.00 secs] 
2021-01-18T10:21:28.263-0800: 2.989: [GC (Allocation Failure) 2021-01-18T10:21:28.263-0800: 2.989: [ParNew: 157235K->157235K(157248K), 0.0000216 secs]2021-01-18T10:21:28.263-0800: 2.989: [CMS: 349289K->349109K(349568K), 0.0545366 secs] 506524K->366648K(506816K), [Metaspace: 2580K->2580K(1056768K)], 0.0546837 secs] [Times: user=0.06 sys=0.00, real=0.05 secs] 
2021-01-18T10:21:28.318-0800: 3.043: [GC (CMS Initial Mark) [1 CMS-initial-mark: 349109K(349568K)] 369483K(506816K), 0.0002088 secs] [Times: user=0.00 sys=0.00, real=0.00 secs] 
2021-01-18T10:21:28.318-0800: 3.044: [CMS-concurrent-mark-start]
2021-01-18T10:21:28.320-0800: 3.045: [CMS-concurrent-mark: 0.001/0.001 secs] [Times: user=0.00 sys=0.00, real=0.01 secs] 
2021-01-18T10:21:28.320-0800: 3.045: [CMS-concurrent-preclean-start]
2021-01-18T10:21:28.322-0800: 3.047: [CMS-concurrent-preclean: 0.002/0.002 secs] [Times: user=0.00 sys=0.00, real=0.00 secs] 
2021-01-18T10:21:28.322-0800: 3.047: [CMS-concurrent-abortable-preclean-start]
2021-01-18T10:21:28.322-0800: 3.047: [CMS-concurrent-abortable-preclean: 0.000/0.000 secs] [Times: user=0.00 sys=0.00, real=0.00 secs] 
2021-01-18T10:21:28.322-0800: 3.047: [GC (CMS Final Remark) [YG occupancy: 40759 K (157248 K)]2021-01-18T10:21:28.322-0800: 3.047: [Rescan (parallel) , 0.0004070 secs]2021-01-18T10:21:28.322-0800: 3.048: [weak refs processing, 0.0000347 secs]2021-01-18T10:21:28.322-0800: 3.048: [class unloading, 0.0002392 secs]2021-01-18T10:21:28.323-0800: 3.048: [scrub symbol table, 0.0003522 secs]2021-01-18T10:21:28.323-0800: 3.048: [scrub string table, 0.0001713 secs][1 CMS-remark: 349109K(349568K)] 389869K(506816K), 0.0013138 secs] [Times: user=0.00 sys=0.00, real=0.00 secs] 
2021-01-18T10:21:28.323-0800: 3.048: [CMS-concurrent-sweep-start]
2021-01-18T10:21:28.324-0800: 3.049: [CMS-concurrent-sweep: 0.000/0.000 secs] [Times: user=0.00 sys=0.00, real=0.00 secs] 
2021-01-18T10:21:28.324-0800: 3.049: [CMS-concurrent-reset-start]
2021-01-18T10:21:28.324-0800: 3.049: [CMS-concurrent-reset: 0.000/0.000 secs] [Times: user=0.00 sys=0.00, real=0.00 secs] 
2021-01-18T10:21:28.341-0800: 3.066: [GC (Allocation Failure) 2021-01-18T10:21:28.341-0800: 3.066: [ParNew: 157203K->157203K(157248K), 0.0000211 secs]2021-01-18T10:21:28.341-0800: 3.066: [CMS: 349010K->349263K(349568K), 0.0542637 secs] 506213K->371421K(506816K), [Metaspace: 2580K->2580K(1056768K)], 0.0544154 secs] [Times: user=0.05 sys=0.00, real=0.05 secs] 
2021-01-18T10:21:28.395-0800: 3.120: [GC (CMS Initial Mark) [1 CMS-initial-mark: 349263K(349568K)] 372156K(506816K), 0.0002753 secs] [Times: user=0.00 sys=0.00, real=0.00 secs] 
2021-01-18T10:21:28.395-0800: 3.121: [CMS-concurrent-mark-start]
2021-01-18T10:21:28.397-0800: 3.122: [CMS-concurrent-mark: 0.001/0.001 secs] [Times: user=0.01 sys=0.00, real=0.00 secs] 
2021-01-18T10:21:28.397-0800: 3.122: [CMS-concurrent-preclean-start]
2021-01-18T10:21:28.398-0800: 3.124: [CMS-concurrent-preclean: 0.001/0.001 secs] [Times: user=0.00 sys=0.00, real=0.00 secs] 
2021-01-18T10:21:28.398-0800: 3.124: [CMS-concurrent-abortable-preclean-start]
2021-01-18T10:21:28.398-0800: 3.124: [CMS-concurrent-abortable-preclean: 0.000/0.000 secs] [Times: user=0.00 sys=0.00, real=0.00 secs] 
2021-01-18T10:21:28.399-0800: 3.124: [GC (CMS Final Remark) [YG occupancy: 43110 K (157248 K)]2021-01-18T10:21:28.399-0800: 3.124: [Rescan (parallel) , 0.0003514 secs]2021-01-18T10:21:28.399-0800: 3.124: [weak refs processing, 0.0000146 secs]2021-01-18T10:21:28.399-0800: 3.124: [class unloading, 0.0002109 secs]2021-01-18T10:21:28.399-0800: 3.125: [scrub symbol table, 0.0003527 secs]2021-01-18T10:21:28.400-0800: 3.125: [scrub string table, 0.0001707 secs][1 CMS-remark: 349263K(349568K)] 392374K(506816K), 0.0011747 secs] [Times: user=0.00 sys=0.00, real=0.01 secs] 
2021-01-18T10:21:28.400-0800: 3.125: [CMS-concurrent-sweep-start]
2021-01-18T10:21:28.400-0800: 3.126: [CMS-concurrent-sweep: 0.000/0.000 secs] [Times: user=0.00 sys=0.00, real=0.00 secs] 
2021-01-18T10:21:28.400-0800: 3.126: [CMS-concurrent-reset-start]
2021-01-18T10:21:28.401-0800: 3.126: [CMS-concurrent-reset: 0.000/0.000 secs] [Times: user=0.00 sys=0.00, real=0.00 secs] 
2021-01-18T10:21:28.417-0800: 3.142: [GC (Allocation Failure) 2021-01-18T10:21:28.417-0800: 3.142: [ParNew: 156968K->156968K(157248K), 0.0000214 secs]2021-01-18T10:21:28.417-0800: 3.142: [CMS: 349214K->349563K(349568K), 0.0548711 secs] 506183K->367513K(506816K), [Metaspace: 2580K->2580K(1056768K)], 0.0550120 secs] [Times: user=0.05 sys=0.00, real=0.06 secs] 
2021-01-18T10:21:28.472-0800: 3.197: [GC (CMS Initial Mark) [1 CMS-initial-mark: 349563K(349568K)] 368102K(506816K), 0.0002604 secs] [Times: user=0.00 sys=0.00, real=0.00 secs] 
2021-01-18T10:21:28.472-0800: 3.198: [CMS-concurrent-mark-start]
2021-01-18T10:21:28.474-0800: 3.199: [CMS-concurrent-mark: 0.001/0.001 secs] [Times: user=0.01 sys=0.00, real=0.00 secs] 
2021-01-18T10:21:28.474-0800: 3.199: [CMS-concurrent-preclean-start]
2021-01-18T10:21:28.475-0800: 3.200: [CMS-concurrent-preclean: 0.001/0.001 secs] [Times: user=0.00 sys=0.00, real=0.00 secs] 
2021-01-18T10:21:28.475-0800: 3.200: [CMS-concurrent-abortable-preclean-start]
2021-01-18T10:21:28.475-0800: 3.201: [CMS-concurrent-abortable-preclean: 0.000/0.000 secs] [Times: user=0.00 sys=0.00, real=0.00 secs] 
2021-01-18T10:21:28.475-0800: 3.201: [GC (CMS Final Remark) [YG occupancy: 39229 K (157248 K)]2021-01-18T10:21:28.475-0800: 3.201: [Rescan (parallel) , 0.0003163 secs]2021-01-18T10:21:28.476-0800: 3.201: [weak refs processing, 0.0000411 secs]2021-01-18T10:21:28.476-0800: 3.201: [class unloading, 0.0002011 secs]2021-01-18T10:21:28.476-0800: 3.201: [scrub symbol table, 0.0003505 secs]2021-01-18T10:21:28.476-0800: 3.202: [scrub string table, 0.0001637 secs][1 CMS-remark: 349563K(349568K)] 388793K(506816K), 0.0011928 secs] [Times: user=0.00 sys=0.00, real=0.00 secs] 
2021-01-18T10:21:28.477-0800: 3.202: [CMS-concurrent-sweep-start]
2021-01-18T10:21:28.477-0800: 3.202: [CMS-concurrent-sweep: 0.000/0.000 secs] [Times: user=0.00 sys=0.00, real=0.00 secs] 
2021-01-18T10:21:28.477-0800: 3.202: [CMS-concurrent-reset-start]
2021-01-18T10:21:28.477-0800: 3.203: [CMS-concurrent-reset: 0.000/0.000 secs] [Times: user=0.00 sys=0.00, real=0.00 secs] 
2021-01-18T10:21:28.495-0800: 3.220: [GC (Allocation Failure) 2021-01-18T10:21:28.495-0800: 3.220: [ParNew: 157175K->157175K(157248K), 0.0000203 secs]2021-01-18T10:21:28.495-0800: 3.220: [CMS: 348446K->349565K(349568K), 0.0536832 secs] 505621K->360405K(506816K), [Metaspace: 2580K->2580K(1056768K)], 0.0538239 secs] [Times: user=0.06 sys=0.00, real=0.05 secs] 
2021-01-18T10:21:28.549-0800: 3.274: [GC (CMS Initial Mark) [1 CMS-initial-mark: 349565K(349568K)] 363574K(506816K), 0.0002219 secs] [Times: user=0.00 sys=0.00, real=0.00 secs] 
2021-01-18T10:21:28.549-0800: 3.275: [CMS-concurrent-mark-start]
2021-01-18T10:21:28.551-0800: 3.276: [CMS-concurrent-mark: 0.001/0.001 secs] [Times: user=0.00 sys=0.00, real=0.01 secs] 
2021-01-18T10:21:28.551-0800: 3.276: [CMS-concurrent-preclean-start]
2021-01-18T10:21:28.552-0800: 3.278: [CMS-concurrent-preclean: 0.001/0.001 secs] [Times: user=0.00 sys=0.00, real=0.00 secs] 
2021-01-18T10:21:28.552-0800: 3.278: [CMS-concurrent-abortable-preclean-start]
2021-01-18T10:21:28.552-0800: 3.278: [CMS-concurrent-abortable-preclean: 0.000/0.000 secs] [Times: user=0.00 sys=0.00, real=0.00 secs] 
2021-01-18T10:21:28.552-0800: 3.278: [GC (CMS Final Remark) [YG occupancy: 31807 K (157248 K)]2021-01-18T10:21:28.552-0800: 3.278: [Rescan (parallel) , 0.0003973 secs]2021-01-18T10:21:28.553-0800: 3.278: [weak refs processing, 0.0000176 secs]2021-01-18T10:21:28.553-0800: 3.278: [class unloading, 0.0002039 secs]2021-01-18T10:21:28.553-0800: 3.278: [scrub symbol table, 0.0003435 secs]2021-01-18T10:21:28.553-0800: 3.279: [scrub string table, 0.0001644 secs][1 CMS-remark: 349565K(349568K)] 381372K(506816K), 0.0012287 secs] [Times: user=0.00 sys=0.00, real=0.00 secs] 
2021-01-18T10:21:28.554-0800: 3.279: [CMS-concurrent-sweep-start]
2021-01-18T10:21:28.554-0800: 3.279: [CMS-concurrent-sweep: 0.000/0.000 secs] [Times: user=0.00 sys=0.00, real=0.00 secs] 
2021-01-18T10:21:28.554-0800: 3.279: [CMS-concurrent-reset-start]
2021-01-18T10:21:28.554-0800: 3.280: [CMS-concurrent-reset: 0.000/0.000 secs] [Times: user=0.00 sys=0.00, real=0.00 secs] 
2021-01-18T10:21:28.572-0800: 3.297: [GC (Allocation Failure) 2021-01-18T10:21:28.572-0800: 3.297: [ParNew: 157002K->157002K(157248K), 0.0000201 secs]2021-01-18T10:21:28.572-0800: 3.297: [CMS: 348895K->349469K(349568K), 0.0518455 secs] 505898K->357589K(506816K), [Metaspace: 2580K->2580K(1056768K)], 0.0519844 secs] [Times: user=0.06 sys=0.00, real=0.05 secs] 
2021-01-18T10:21:28.624-0800: 3.349: [GC (CMS Initial Mark) [1 CMS-initial-mark: 349469K(349568K)] 360636K(506816K), 0.0002498 secs] [Times: user=0.00 sys=0.01, real=0.00 secs] 
2021-01-18T10:21:28.624-0800: 3.350: [CMS-concurrent-mark-start]
2021-01-18T10:21:28.626-0800: 3.351: [CMS-concurrent-mark: 0.001/0.001 secs] [Times: user=0.00 sys=0.00, real=0.00 secs] 
2021-01-18T10:21:28.626-0800: 3.351: [CMS-concurrent-preclean-start]
2021-01-18T10:21:28.627-0800: 3.353: [CMS-concurrent-preclean: 0.001/0.001 secs] [Times: user=0.00 sys=0.00, real=0.00 secs] 
2021-01-18T10:21:28.627-0800: 3.353: [CMS-concurrent-abortable-preclean-start]
2021-01-18T10:21:28.627-0800: 3.353: [CMS-concurrent-abortable-preclean: 0.000/0.000 secs] [Times: user=0.00 sys=0.00, real=0.00 secs] 
2021-01-18T10:21:28.628-0800: 3.353: [GC (CMS Final Remark) [YG occupancy: 28076 K (157248 K)]2021-01-18T10:21:28.628-0800: 3.353: [Rescan (parallel) , 0.0003671 secs]2021-01-18T10:21:28.628-0800: 3.353: [weak refs processing, 0.0000156 secs]2021-01-18T10:21:28.628-0800: 3.353: [class unloading, 0.0002048 secs]2021-01-18T10:21:28.628-0800: 3.354: [scrub symbol table, 0.0003411 secs]2021-01-18T10:21:28.629-0800: 3.354: [scrub string table, 0.0001708 secs][1 CMS-remark: 349469K(349568K)] 377546K(506816K), 0.0011872 secs] [Times: user=0.01 sys=0.00, real=0.00 secs] 
2021-01-18T10:21:28.629-0800: 3.354: [CMS-concurrent-sweep-start]
2021-01-18T10:21:28.629-0800: 3.355: [CMS-concurrent-sweep: 0.000/0.000 secs] [Times: user=0.00 sys=0.00, real=0.00 secs] 
2021-01-18T10:21:28.629-0800: 3.355: [CMS-concurrent-reset-start]
2021-01-18T10:21:28.630-0800: 3.355: [CMS-concurrent-reset: 0.000/0.000 secs] [Times: user=0.00 sys=0.00, real=0.01 secs] 
2021-01-18T10:21:28.649-0800: 3.375: [GC (Allocation Failure) 2021-01-18T10:21:28.649-0800: 3.375: [ParNew: 157001K->157001K(157248K), 0.0000203 secs]2021-01-18T10:21:28.649-0800: 3.375: [CMS: 349246K->349564K(349568K), 0.0529636 secs] 506247K->362940K(506816K), [Metaspace: 2580K->2580K(1056768K)], 0.0531001 secs] [Times: user=0.05 sys=0.00, real=0.06 secs] 
2021-01-18T10:21:28.703-0800: 3.428: [GC (CMS Initial Mark) [1 CMS-initial-mark: 349564K(349568K)] 363513K(506816K), 0.0002605 secs] [Times: user=0.00 sys=0.00, real=0.00 secs] 
2021-01-18T10:21:28.703-0800: 3.428: [CMS-concurrent-mark-start]
2021-01-18T10:21:28.704-0800: 3.430: [CMS-concurrent-mark: 0.001/0.001 secs] [Times: user=0.00 sys=0.00, real=0.00 secs] 
2021-01-18T10:21:28.704-0800: 3.430: [CMS-concurrent-preclean-start]
2021-01-18T10:21:28.706-0800: 3.431: [CMS-concurrent-preclean: 0.001/0.001 secs] [Times: user=0.01 sys=0.00, real=0.00 secs] 
2021-01-18T10:21:28.706-0800: 3.431: [CMS-concurrent-abortable-preclean-start]
2021-01-18T10:21:28.706-0800: 3.431: [CMS-concurrent-abortable-preclean: 0.000/0.000 secs] [Times: user=0.00 sys=0.00, real=0.00 secs] 
2021-01-18T10:21:28.706-0800: 3.431: [GC (CMS Final Remark) [YG occupancy: 32581 K (157248 K)]2021-01-18T10:21:28.706-0800: 3.431: [Rescan (parallel) , 0.0009191 secs]2021-01-18T10:21:28.707-0800: 3.432: [weak refs processing, 0.0000222 secs]2021-01-18T10:21:28.707-0800: 3.432: [class unloading, 0.0002381 secs]2021-01-18T10:21:28.707-0800: 3.433: [scrub symbol table, 0.0003561 secs]2021-01-18T10:21:28.708-0800: 3.433: [scrub string table, 0.0001795 secs][1 CMS-remark: 349564K(349568K)] 382146K(506816K), 0.0018099 secs] [Times: user=0.00 sys=0.00, real=0.00 secs] 
2021-01-18T10:21:28.708-0800: 3.433: [CMS-concurrent-sweep-start]
2021-01-18T10:21:28.708-0800: 3.434: [CMS-concurrent-sweep: 0.000/0.000 secs] [Times: user=0.00 sys=0.00, real=0.00 secs] 
2021-01-18T10:21:28.708-0800: 3.434: [CMS-concurrent-reset-start]
2021-01-18T10:21:28.709-0800: 3.434: [CMS-concurrent-reset: 0.000/0.000 secs] [Times: user=0.00 sys=0.00, real=0.00 secs] 
2021-01-18T10:21:28.726-0800: 3.451: [GC (Allocation Failure) 2021-01-18T10:21:28.726-0800: 3.451: [ParNew: 157144K->157144K(157248K), 0.0000216 secs]2021-01-18T10:21:28.726-0800: 3.451: [CMS: 349564K->349409K(349568K), 0.0529012 secs] 506708K->363297K(506816K), [Metaspace: 2580K->2580K(1056768K)], 0.0530503 secs] [Times: user=0.05 sys=0.00, real=0.05 secs] 
2021-01-18T10:21:28.779-0800: 3.504: [GC (CMS Initial Mark) [1 CMS-initial-mark: 349409K(349568K)] 363726K(506816K), 0.0002686 secs] [Times: user=0.00 sys=0.00, real=0.00 secs] 
2021-01-18T10:21:28.779-0800: 3.505: [CMS-concurrent-mark-start]
2021-01-18T10:21:28.781-0800: 3.506: [CMS-concurrent-mark: 0.001/0.001 secs] [Times: user=0.01 sys=0.00, real=0.01 secs] 
2021-01-18T10:21:28.781-0800: 3.506: [CMS-concurrent-preclean-start]
2021-01-18T10:21:28.782-0800: 3.508: [CMS-concurrent-preclean: 0.001/0.001 secs] [Times: user=0.00 sys=0.00, real=0.00 secs] 
2021-01-18T10:21:28.782-0800: 3.508: [CMS-concurrent-abortable-preclean-start]
2021-01-18T10:21:28.782-0800: 3.508: [CMS-concurrent-abortable-preclean: 0.000/0.000 secs] [Times: user=0.00 sys=0.00, real=0.00 secs] 
2021-01-18T10:21:28.783-0800: 3.508: [GC (CMS Final Remark) [YG occupancy: 46197 K (157248 K)]2021-01-18T10:21:28.783-0800: 3.508: [Rescan (parallel) , 0.0003567 secs]2021-01-18T10:21:28.783-0800: 3.508: [weak refs processing, 0.0000260 secs]2021-01-18T10:21:28.783-0800: 3.508: [class unloading, 0.0002169 secs]2021-01-18T10:21:28.783-0800: 3.509: [scrub symbol table, 0.0003490 secs]2021-01-18T10:21:28.784-0800: 3.509: [scrub string table, 0.0001639 secs][1 CMS-remark: 349409K(349568K)] 395607K(506816K), 0.0012227 secs] [Times: user=0.00 sys=0.00, real=0.00 secs] 
2021-01-18T10:21:28.784-0800: 3.509: [CMS-concurrent-sweep-start]
2021-01-18T10:21:28.785-0800: 3.510: [CMS-concurrent-sweep: 0.000/0.000 secs] [Times: user=0.00 sys=0.00, real=0.00 secs] 
2021-01-18T10:21:28.785-0800: 3.510: [CMS-concurrent-reset-start]
2021-01-18T10:21:28.785-0800: 3.510: [CMS-concurrent-reset: 0.000/0.000 secs] [Times: user=0.00 sys=0.00, real=0.00 secs] 
2021-01-18T10:21:28.800-0800: 3.525: [GC (Allocation Failure) 2021-01-18T10:21:28.800-0800: 3.525: [ParNew: 157143K->157143K(157248K), 0.0000202 secs]2021-01-18T10:21:28.800-0800: 3.525: [CMS: 348831K->349294K(349568K), 0.0550774 secs] 505974K->368143K(506816K), [Metaspace: 2580K->2580K(1056768K)], 0.0552125 secs] [Times: user=0.06 sys=0.00, real=0.05 secs] 
2021-01-18T10:21:28.855-0800: 3.581: [GC (CMS Initial Mark) [1 CMS-initial-mark: 349294K(349568K)] 368934K(506816K), 0.0002952 secs] [Times: user=0.00 sys=0.00, real=0.00 secs] 
2021-01-18T10:21:28.856-0800: 3.581: [CMS-concurrent-mark-start]
2021-01-18T10:21:28.857-0800: 3.583: [CMS-concurrent-mark: 0.001/0.001 secs] [Times: user=0.00 sys=0.00, real=0.00 secs] 
2021-01-18T10:21:28.857-0800: 3.583: [CMS-concurrent-preclean-start]
2021-01-18T10:21:28.859-0800: 3.584: [CMS-concurrent-preclean: 0.001/0.001 secs] [Times: user=0.00 sys=0.00, real=0.00 secs] 
2021-01-18T10:21:28.859-0800: 3.584: [CMS-concurrent-abortable-preclean-start]
2021-01-18T10:21:28.859-0800: 3.584: [CMS-concurrent-abortable-preclean: 0.000/0.000 secs] [Times: user=0.00 sys=0.00, real=0.00 secs] 
2021-01-18T10:21:28.859-0800: 3.584: [GC (CMS Final Remark) [YG occupancy: 42366 K (157248 K)]2021-01-18T10:21:28.859-0800: 3.584: [Rescan (parallel) , 0.0003670 secs]2021-01-18T10:21:28.859-0800: 3.585: [weak refs processing, 0.0000197 secs]2021-01-18T10:21:28.859-0800: 3.585: [class unloading, 0.0002065 secs]2021-01-18T10:21:28.860-0800: 3.585: [scrub symbol table, 0.0003527 secs]2021-01-18T10:21:28.860-0800: 3.585: [scrub string table, 0.0001704 secs][1 CMS-remark: 349294K(349568K)] 391661K(506816K), 0.0012150 secs] [Times: user=0.01 sys=0.00, real=0.01 secs] 
2021-01-18T10:21:28.860-0800: 3.586: [CMS-concurrent-sweep-start]
2021-01-18T10:21:28.861-0800: 3.586: [CMS-concurrent-sweep: 0.000/0.000 secs] [Times: user=0.00 sys=0.00, real=0.00 secs] 
2021-01-18T10:21:28.861-0800: 3.586: [CMS-concurrent-reset-start]
2021-01-18T10:21:28.861-0800: 3.586: [CMS-concurrent-reset: 0.000/0.000 secs] [Times: user=0.00 sys=0.00, real=0.00 secs] 
2021-01-18T10:21:28.876-0800: 3.601: [GC (Allocation Failure) 2021-01-18T10:21:28.876-0800: 3.601: [ParNew: 157208K->157208K(157248K), 0.0000220 secs]2021-01-18T10:21:28.876-0800: 3.601: [CMS: 348560K->349528K(349568K), 0.0538816 secs] 505769K->365060K(506816K), [Metaspace: 2580K->2580K(1056768K)], 0.0540330 secs] [Times: user=0.06 sys=0.00, real=0.06 secs] 
2021-01-18T10:21:28.930-0800: 3.656: [GC (CMS Initial Mark) [1 CMS-initial-mark: 349528K(349568K)] 365348K(506816K), 0.0002877 secs] [Times: user=0.00 sys=0.00, real=0.00 secs] 
2021-01-18T10:21:28.931-0800: 3.656: [CMS-concurrent-mark-start]
2021-01-18T10:21:28.932-0800: 3.658: [CMS-concurrent-mark: 0.002/0.002 secs] [Times: user=0.00 sys=0.00, real=0.00 secs] 
2021-01-18T10:21:28.932-0800: 3.658: [CMS-concurrent-preclean-start]
2021-01-18T10:21:28.934-0800: 3.659: [CMS-concurrent-preclean: 0.001/0.001 secs] [Times: user=0.00 sys=0.00, real=0.00 secs] 
2021-01-18T10:21:28.934-0800: 3.659: [CMS-concurrent-abortable-preclean-start]
2021-01-18T10:21:28.934-0800: 3.659: [CMS-concurrent-abortable-preclean: 0.000/0.000 secs] [Times: user=0.00 sys=0.00, real=0.00 secs] 
2021-01-18T10:21:28.934-0800: 3.659: [GC (CMS Final Remark) [YG occupancy: 36827 K (157248 K)]2021-01-18T10:21:28.934-0800: 3.659: [Rescan (parallel) , 0.0014242 secs]2021-01-18T10:21:28.936-0800: 3.661: [weak refs processing, 0.0000187 secs]2021-01-18T10:21:28.936-0800: 3.661: [class unloading, 0.0002149 secs]2021-01-18T10:21:28.936-0800: 3.661: [scrub symbol table, 0.0004142 secs]2021-01-18T10:21:28.936-0800: 3.661: [scrub string table, 0.0001692 secs][1 CMS-remark: 349528K(349568K)] 386356K(506816K), 0.0023495 secs] [Times: user=0.01 sys=0.00, real=0.00 secs] 
2021-01-18T10:21:28.936-0800: 3.662: [CMS-concurrent-sweep-start]
2021-01-18T10:21:28.937-0800: 3.662: [CMS-concurrent-sweep: 0.000/0.000 secs] [Times: user=0.00 sys=0.00, real=0.00 secs] 
2021-01-18T10:21:28.937-0800: 3.662: [CMS-concurrent-reset-start]
2021-01-18T10:21:28.937-0800: 3.663: [CMS-concurrent-reset: 0.000/0.000 secs] [Times: user=0.00 sys=0.00, real=0.00 secs] 
2021-01-18T10:21:28.953-0800: 3.679: [GC (Allocation Failure) 2021-01-18T10:21:28.953-0800: 3.679: [ParNew: 157214K->157214K(157248K), 0.0000204 secs]2021-01-18T10:21:28.954-0800: 3.679: [CMS: 348953K->349126K(349568K), 0.0550668 secs] 506167K->368331K(506816K), [Metaspace: 2580K->2580K(1056768K)], 0.0552032 secs] [Times: user=0.05 sys=0.00, real=0.05 secs] 
2021-01-18T10:21:29.009-0800: 3.734: [GC (CMS Initial Mark) [1 CMS-initial-mark: 349126K(349568K)] 371222K(506816K), 0.0002975 secs] [Times: user=0.00 sys=0.00, real=0.00 secs] 
2021-01-18T10:21:29.009-0800: 3.734: [CMS-concurrent-mark-start]
2021-01-18T10:21:29.011-0800: 3.736: [CMS-concurrent-mark: 0.001/0.001 secs] [Times: user=0.01 sys=0.00, real=0.01 secs] 
2021-01-18T10:21:29.011-0800: 3.736: [CMS-concurrent-preclean-start]
2021-01-18T10:21:29.012-0800: 3.737: [CMS-concurrent-preclean: 0.001/0.001 secs] [Times: user=0.00 sys=0.00, real=0.00 secs] 
2021-01-18T10:21:29.012-0800: 3.737: [CMS-concurrent-abortable-preclean-start]
2021-01-18T10:21:29.012-0800: 3.737: [CMS-concurrent-abortable-preclean: 0.000/0.000 secs] [Times: user=0.00 sys=0.00, real=0.00 secs] 
2021-01-18T10:21:29.012-0800: 3.738: [GC (CMS Final Remark) [YG occupancy: 40570 K (157248 K)]2021-01-18T10:21:29.012-0800: 3.738: [Rescan (parallel) , 0.0003698 secs]2021-01-18T10:21:29.013-0800: 3.738: [weak refs processing, 0.0000147 secs]2021-01-18T10:21:29.013-0800: 3.738: [class unloading, 0.0002215 secs]2021-01-18T10:21:29.013-0800: 3.738: [scrub symbol table, 0.0003495 secs]2021-01-18T10:21:29.013-0800: 3.739: [scrub string table, 0.0001638 secs][1 CMS-remark: 349126K(349568K)] 389697K(506816K), 0.0011932 secs] [Times: user=0.00 sys=0.00, real=0.00 secs] 
2021-01-18T10:21:29.014-0800: 3.739: [CMS-concurrent-sweep-start]
2021-01-18T10:21:29.014-0800: 3.739: [CMS-concurrent-sweep: 0.000/0.000 secs] [Times: user=0.01 sys=0.00, real=0.00 secs] 
2021-01-18T10:21:29.014-0800: 3.739: [CMS-concurrent-reset-start]
2021-01-18T10:21:29.014-0800: 3.740: [CMS-concurrent-reset: 0.000/0.000 secs] [Times: user=0.00 sys=0.00, real=0.00 secs] 
2021-01-18T10:21:29.029-0800: 3.755: [GC (Allocation Failure) 2021-01-18T10:21:29.029-0800: 3.755: [ParNew: 157194K->157194K(157248K), 0.0000213 secs]2021-01-18T10:21:29.029-0800: 3.755: [CMS: 348884K->349062K(349568K), 0.0538854 secs] 506078K->367818K(506816K), [Metaspace: 2580K->2580K(1056768K)], 0.0540373 secs] [Times: user=0.05 sys=0.00, real=0.06 secs] 
2021-01-18T10:21:29.084-0800: 3.809: [GC (CMS Initial Mark) [1 CMS-initial-mark: 349062K(349568K)] 370912K(506816K), 0.0002681 secs] [Times: user=0.01 sys=0.00, real=0.00 secs] 
2021-01-18T10:21:29.084-0800: 3.809: [CMS-concurrent-mark-start]
2021-01-18T10:21:29.086-0800: 3.811: [CMS-concurrent-mark: 0.002/0.002 secs] [Times: user=0.00 sys=0.00, real=0.00 secs] 
2021-01-18T10:21:29.086-0800: 3.811: [CMS-concurrent-preclean-start]
2021-01-18T10:21:29.087-0800: 3.812: [CMS-concurrent-preclean: 0.001/0.002 secs] [Times: user=0.00 sys=0.00, real=0.00 secs] 
2021-01-18T10:21:29.087-0800: 3.812: [CMS-concurrent-abortable-preclean-start]
2021-01-18T10:21:29.087-0800: 3.812: [CMS-concurrent-abortable-preclean: 0.000/0.000 secs] [Times: user=0.00 sys=0.00, real=0.00 secs] 
2021-01-18T10:21:29.087-0800: 3.813: [GC (CMS Final Remark) [YG occupancy: 41672 K (157248 K)]2021-01-18T10:21:29.087-0800: 3.813: [Rescan (parallel) , 0.0003356 secs]2021-01-18T10:21:29.088-0800: 3.813: [weak refs processing, 0.0000203 secs]2021-01-18T10:21:29.088-0800: 3.813: [class unloading, 0.0002122 secs]2021-01-18T10:21:29.088-0800: 3.813: [scrub symbol table, 0.0003553 secs]2021-01-18T10:21:29.088-0800: 3.814: [scrub string table, 0.0001708 secs][1 CMS-remark: 349062K(349568K)] 390734K(506816K), 0.0011916 secs] [Times: user=0.01 sys=0.00, real=0.00 secs] 
2021-01-18T10:21:29.089-0800: 3.814: [CMS-concurrent-sweep-start]
2021-01-18T10:21:29.089-0800: 3.814: [CMS-concurrent-sweep: 0.000/0.000 secs] [Times: user=0.00 sys=0.00, real=0.00 secs] 
2021-01-18T10:21:29.089-0800: 3.814: [CMS-concurrent-reset-start]
2021-01-18T10:21:29.089-0800: 3.815: [CMS-concurrent-reset: 0.000/0.000 secs] [Times: user=0.00 sys=0.00, real=0.00 secs] 
2021-01-18T10:21:29.106-0800: 3.831: [GC (Allocation Failure) 2021-01-18T10:21:29.106-0800: 3.831: [ParNew: 157226K->157226K(157248K), 0.0000204 secs]2021-01-18T10:21:29.106-0800: 3.831: [CMS: 348461K->349385K(349568K), 0.0543337 secs] 505688K->371286K(506816K), [Metaspace: 2580K->2580K(1056768K)], 0.0544764 secs] [Times: user=0.06 sys=0.00, real=0.06 secs] 
2021-01-18T10:21:29.160-0800: 3.886: [GC (CMS Initial Mark) [1 CMS-initial-mark: 349385K(349568K)] 371322K(506816K), 0.0002786 secs] [Times: user=0.00 sys=0.00, real=0.00 secs] 
2021-01-18T10:21:29.161-0800: 3.886: [CMS-concurrent-mark-start]
2021-01-18T10:21:29.162-0800: 3.887: [CMS-concurrent-mark: 0.001/0.001 secs] [Times: user=0.00 sys=0.00, real=0.00 secs] 
2021-01-18T10:21:29.162-0800: 3.887: [CMS-concurrent-preclean-start]
2021-01-18T10:21:29.164-0800: 3.889: [CMS-concurrent-preclean: 0.001/0.001 secs] [Times: user=0.00 sys=0.00, real=0.00 secs] 
2021-01-18T10:21:29.164-0800: 3.889: [CMS-concurrent-abortable-preclean-start]
2021-01-18T10:21:29.164-0800: 3.889: [CMS-concurrent-abortable-preclean: 0.000/0.000 secs] [Times: user=0.00 sys=0.00, real=0.00 secs] 
2021-01-18T10:21:29.164-0800: 3.889: [GC (CMS Final Remark) [YG occupancy: 40903 K (157248 K)]2021-01-18T10:21:29.164-0800: 3.889: [Rescan (parallel) , 0.0003722 secs]2021-01-18T10:21:29.164-0800: 3.889: [weak refs processing, 0.0000196 secs]2021-01-18T10:21:29.164-0800: 3.890: [class unloading, 0.0002068 secs]2021-01-18T10:21:29.164-0800: 3.890: [scrub symbol table, 0.0003545 secs]2021-01-18T10:21:29.165-0800: 3.890: [scrub string table, 0.0001705 secs][1 CMS-remark: 349385K(349568K)] 390288K(506816K), 0.0012068 secs] [Times: user=0.00 sys=0.00, real=0.00 secs] 
2021-01-18T10:21:29.165-0800: 3.890: [CMS-concurrent-sweep-start]
2021-01-18T10:21:29.165-0800: 3.891: [CMS-concurrent-sweep: 0.000/0.000 secs] [Times: user=0.00 sys=0.00, real=0.00 secs] 
2021-01-18T10:21:29.166-0800: 3.891: [CMS-concurrent-reset-start]
2021-01-18T10:21:29.166-0800: 3.891: [CMS-concurrent-reset: 0.000/0.000 secs] [Times: user=0.00 sys=0.00, real=0.00 secs] 
2021-01-18T10:21:29.183-0800: 3.909: [GC (Allocation Failure) 2021-01-18T10:21:29.183-0800: 3.909: [ParNew: 157242K->157242K(157248K), 0.0000209 secs]2021-01-18T10:21:29.183-0800: 3.909: [CMS: 349385K->349194K(349568K), 0.0546979 secs] 506628K->374123K(506816K), [Metaspace: 2580K->2580K(1056768K)], 0.0548438 secs] [Times: user=0.05 sys=0.00, real=0.05 secs] 
2021-01-18T10:21:29.238-0800: 3.964: [GC (CMS Initial Mark) [1 CMS-initial-mark: 349194K(349568K)] 377265K(506816K), 0.0002452 secs] [Times: user=0.00 sys=0.00, real=0.00 secs] 
2021-01-18T10:21:29.239-0800: 3.964: [CMS-concurrent-mark-start]
2021-01-18T10:21:29.240-0800: 3.966: [CMS-concurrent-mark: 0.001/0.001 secs] [Times: user=0.00 sys=0.00, real=0.01 secs] 
2021-01-18T10:21:29.240-0800: 3.966: [CMS-concurrent-preclean-start]
2021-01-18T10:21:29.242-0800: 3.967: [CMS-concurrent-preclean: 0.002/0.002 secs] [Times: user=0.01 sys=0.00, real=0.00 secs] 
2021-01-18T10:21:29.242-0800: 3.967: [CMS-concurrent-abortable-preclean-start]
2021-01-18T10:21:29.242-0800: 3.967: [CMS-concurrent-abortable-preclean: 0.000/0.000 secs] [Times: user=0.00 sys=0.00, real=0.00 secs] 
2021-01-18T10:21:29.242-0800: 3.967: [GC (CMS Final Remark) [YG occupancy: 51798 K (157248 K)]2021-01-18T10:21:29.242-0800: 3.968: [Rescan (parallel) , 0.0003600 secs]2021-01-18T10:21:29.243-0800: 3.968: [weak refs processing, 0.0000215 secs]2021-01-18T10:21:29.243-0800: 3.968: [class unloading, 0.0002091 secs]2021-01-18T10:21:29.243-0800: 3.968: [scrub symbol table, 0.0003670 secs]2021-01-18T10:21:29.243-0800: 3.969: [scrub string table, 0.0001719 secs][1 CMS-remark: 349194K(349568K)] 400992K(506816K), 0.0012199 secs] [Times: user=0.00 sys=0.00, real=0.00 secs] 
2021-01-18T10:21:29.244-0800: 3.969: [CMS-concurrent-sweep-start]
2021-01-18T10:21:29.244-0800: 3.969: [CMS-concurrent-sweep: 0.000/0.000 secs] [Times: user=0.00 sys=0.00, real=0.00 secs] 
2021-01-18T10:21:29.244-0800: 3.969: [CMS-concurrent-reset-start]
2021-01-18T10:21:29.244-0800: 3.970: [CMS-concurrent-reset: 0.000/0.000 secs] [Times: user=0.00 sys=0.00, real=0.00 secs] 
2021-01-18T10:21:29.259-0800: 3.985: [GC (Allocation Failure) 2021-01-18T10:21:29.259-0800: 3.985: [ParNew: 157239K->157239K(157248K), 0.0000226 secs]2021-01-18T10:21:29.259-0800: 3.985: [CMS: 348431K->349512K(349568K), 0.0542441 secs] 505671K->365092K(506816K), [Metaspace: 2580K->2580K(1056768K)], 0.0543886 secs] [Times: user=0.05 sys=0.00, real=0.06 secs] 
2021-01-18T10:21:29.314-0800: 4.039: [GC (CMS Initial Mark) [1 CMS-initial-mark: 349512K(349568K)] 365285K(506816K), 0.0002449 secs] [Times: user=0.00 sys=0.00, real=0.00 secs] 
2021-01-18T10:21:29.314-0800: 4.039: [CMS-concurrent-mark-start]
2021-01-18T10:21:29.316-0800: 4.041: [CMS-concurrent-mark: 0.001/0.001 secs] [Times: user=0.01 sys=0.00, real=0.00 secs] 
2021-01-18T10:21:29.316-0800: 4.041: [CMS-concurrent-preclean-start]
2021-01-18T10:21:29.317-0800: 4.043: [CMS-concurrent-preclean: 0.001/0.001 secs] [Times: user=0.00 sys=0.00, real=0.00 secs] 
2021-01-18T10:21:29.317-0800: 4.043: [CMS-concurrent-abortable-preclean-start]
2021-01-18T10:21:29.317-0800: 4.043: [CMS-concurrent-abortable-preclean: 0.000/0.000 secs] [Times: user=0.00 sys=0.00, real=0.00 secs] 
2021-01-18T10:21:29.317-0800: 4.043: [GC (CMS Final Remark) [YG occupancy: 37762 K (157248 K)]2021-01-18T10:21:29.317-0800: 4.043: [Rescan (parallel) , 0.0003668 secs]2021-01-18T10:21:29.318-0800: 4.043: [weak refs processing, 0.0000161 secs]2021-01-18T10:21:29.318-0800: 4.043: [class unloading, 0.0002131 secs]2021-01-18T10:21:29.318-0800: 4.043: [scrub symbol table, 0.0003536 secs]2021-01-18T10:21:29.318-0800: 4.044: [scrub string table, 0.0001712 secs][1 CMS-remark: 349512K(349568K)] 387274K(506816K), 0.0012037 secs] [Times: user=0.00 sys=0.00, real=0.00 secs] 
2021-01-18T10:21:29.319-0800: 4.044: [CMS-concurrent-sweep-start]
2021-01-18T10:21:29.319-0800: 4.045: [CMS-concurrent-sweep: 0.000/0.000 secs] [Times: user=0.00 sys=0.00, real=0.00 secs] 
2021-01-18T10:21:29.319-0800: 4.045: [CMS-concurrent-reset-start]
2021-01-18T10:21:29.320-0800: 4.045: [CMS-concurrent-reset: 0.000/0.000 secs] [Times: user=0.00 sys=0.00, real=0.01 secs] 
2021-01-18T10:21:29.334-0800: 4.060: [GC (Allocation Failure) 2021-01-18T10:21:29.335-0800: 4.060: [ParNew: 157087K->157087K(157248K), 0.0000208 secs]2021-01-18T10:21:29.335-0800: 4.060: [CMS: 349512K->349502K(349568K), 0.0534120 secs] 506600K->367875K(506816K), [Metaspace: 2580K->2580K(1056768K)], 0.0535545 secs] [Times: user=0.05 sys=0.00, real=0.05 secs] 
2021-01-18T10:21:29.388-0800: 4.114: [GC (CMS Initial Mark) [1 CMS-initial-mark: 349502K(349568K)] 371121K(506816K), 0.0002678 secs] [Times: user=0.00 sys=0.00, real=0.00 secs] 
2021-01-18T10:21:29.389-0800: 4.114: [CMS-concurrent-mark-start]
2021-01-18T10:21:29.390-0800: 4.115: [CMS-concurrent-mark: 0.001/0.001 secs] [Times: user=0.01 sys=0.00, real=0.01 secs] 
2021-01-18T10:21:29.390-0800: 4.115: [CMS-concurrent-preclean-start]
2021-01-18T10:21:29.392-0800: 4.117: [CMS-concurrent-preclean: 0.002/0.002 secs] [Times: user=0.00 sys=0.00, real=0.00 secs] 
2021-01-18T10:21:29.392-0800: 4.117: [CMS-concurrent-abortable-preclean-start]
2021-01-18T10:21:29.392-0800: 4.117: [CMS-concurrent-abortable-preclean: 0.000/0.000 secs] [Times: user=0.00 sys=0.00, real=0.00 secs] 
2021-01-18T10:21:29.392-0800: 4.117: [GC (CMS Final Remark) [YG occupancy: 43567 K (157248 K)]2021-01-18T10:21:29.392-0800: 4.117: [Rescan (parallel) , 0.0003665 secs]2021-01-18T10:21:29.392-0800: 4.118: [weak refs processing, 0.0000194 secs]2021-01-18T10:21:29.392-0800: 4.118: [class unloading, 0.0002106 secs]2021-01-18T10:21:29.393-0800: 4.118: [scrub symbol table, 0.0003552 secs]2021-01-18T10:21:29.393-0800: 4.118: [scrub string table, 0.0001705 secs][1 CMS-remark: 349502K(349568K)] 393069K(506816K), 0.0012082 secs] [Times: user=0.00 sys=0.00, real=0.00 secs] 
2021-01-18T10:21:29.393-0800: 4.119: [CMS-concurrent-sweep-start]
2021-01-18T10:21:29.394-0800: 4.119: [CMS-concurrent-sweep: 0.000/0.000 secs] [Times: user=0.00 sys=0.00, real=0.00 secs] 
2021-01-18T10:21:29.394-0800: 4.119: [CMS-concurrent-reset-start]
2021-01-18T10:21:29.394-0800: 4.119: [CMS-concurrent-reset: 0.000/0.000 secs] [Times: user=0.00 sys=0.00, real=0.00 secs] 
2021-01-18T10:21:29.412-0800: 4.138: [GC (Allocation Failure) 2021-01-18T10:21:29.412-0800: 4.138: [ParNew: 156864K->156864K(157248K), 0.0000212 secs]2021-01-18T10:21:29.413-0800: 4.138: [CMS: 349434K->349483K(349568K), 0.0543158 secs] 506299K->371921K(506816K), [Metaspace: 2580K->2580K(1056768K)], 0.0544504 secs] [Times: user=0.06 sys=0.00, real=0.05 secs] 
2021-01-18T10:21:29.467-0800: 4.192: [GC (CMS Initial Mark) [1 CMS-initial-mark: 349483K(349568K)] 372650K(506816K), 0.0002299 secs] [Times: user=0.00 sys=0.00, real=0.00 secs] 
2021-01-18T10:21:29.467-0800: 4.193: [CMS-concurrent-mark-start]
2021-01-18T10:21:29.469-0800: 4.194: [CMS-concurrent-mark: 0.002/0.002 secs] [Times: user=0.00 sys=0.00, real=0.00 secs] 
2021-01-18T10:21:29.469-0800: 4.194: [CMS-concurrent-preclean-start]
2021-01-18T10:21:29.471-0800: 4.196: [CMS-concurrent-preclean: 0.002/0.002 secs] [Times: user=0.01 sys=0.00, real=0.01 secs] 
2021-01-18T10:21:29.471-0800: 4.196: [CMS-concurrent-abortable-preclean-start]
2021-01-18T10:21:29.471-0800: 4.196: [CMS-concurrent-abortable-preclean: 0.000/0.000 secs] [Times: user=0.00 sys=0.00, real=0.00 secs] 
2021-01-18T10:21:29.471-0800: 4.196: [GC (CMS Final Remark) [YG occupancy: 42492 K (157248 K)]2021-01-18T10:21:29.471-0800: 4.196: [Rescan (parallel) , 0.0012366 secs]2021-01-18T10:21:29.472-0800: 4.197: [weak refs processing, 0.0000189 secs]2021-01-18T10:21:29.472-0800: 4.197: [class unloading, 0.0002183 secs]2021-01-18T10:21:29.472-0800: 4.198: [scrub symbol table, 0.0003930 secs]2021-01-18T10:21:29.473-0800: 4.198: [scrub string table, 0.0001926 secs][1 CMS-remark: 349483K(349568K)] 391975K(506816K), 0.0021595 secs] [Times: user=0.00 sys=0.00, real=0.00 secs] 
2021-01-18T10:21:29.473-0800: 4.198: [CMS-concurrent-sweep-start]
2021-01-18T10:21:29.474-0800: 4.199: [CMS-concurrent-sweep: 0.001/0.001 secs] [Times: user=0.00 sys=0.00, real=0.00 secs] 
2021-01-18T10:21:29.474-0800: 4.199: [CMS-concurrent-reset-start]
2021-01-18T10:21:29.474-0800: 4.199: [CMS-concurrent-reset: 0.000/0.000 secs] [Times: user=0.01 sys=0.00, real=0.00 secs] 
2021-01-18T10:21:29.491-0800: 4.216: [GC (Allocation Failure) 2021-01-18T10:21:29.491-0800: 4.216: [ParNew: 157237K->157237K(157248K), 0.0000518 secs]2021-01-18T10:21:29.491-0800: 4.216: [CMS: 349300K->349506K(349568K), 0.0565013 secs] 506538K->362387K(506816K), [Metaspace: 2580K->2580K(1056768K)], 0.0567062 secs] [Times: user=0.06 sys=0.00, real=0.05 secs] 
2021-01-18T10:21:29.548-0800: 4.273: [GC (CMS Initial Mark) [1 CMS-initial-mark: 349506K(349568K)] 362929K(506816K), 0.0002366 secs] [Times: user=0.00 sys=0.00, real=0.00 secs] 
2021-01-18T10:21:29.548-0800: 4.273: [CMS-concurrent-mark-start]
2021-01-18T10:21:29.549-0800: 4.275: [CMS-concurrent-mark: 0.001/0.001 secs] [Times: user=0.00 sys=0.00, real=0.00 secs] 
2021-01-18T10:21:29.549-0800: 4.275: [CMS-concurrent-preclean-start]
2021-01-18T10:21:29.551-0800: 4.276: [CMS-concurrent-preclean: 0.001/0.001 secs] [Times: user=0.00 sys=0.00, real=0.01 secs] 
2021-01-18T10:21:29.551-0800: 4.276: [CMS-concurrent-abortable-preclean-start]
2021-01-18T10:21:29.551-0800: 4.276: [CMS-concurrent-abortable-preclean: 0.000/0.000 secs] [Times: user=0.00 sys=0.00, real=0.00 secs] 
2021-01-18T10:21:29.551-0800: 4.276: [GC (CMS Final Remark) [YG occupancy: 40572 K (157248 K)]2021-01-18T10:21:29.551-0800: 4.276: [Rescan (parallel) , 0.0010321 secs]2021-01-18T10:21:29.552-0800: 4.278: [weak refs processing, 0.0000174 secs]2021-01-18T10:21:29.552-0800: 4.278: [class unloading, 0.0002007 secs]2021-01-18T10:21:29.552-0800: 4.278: [scrub symbol table, 0.0003197 secs]2021-01-18T10:21:29.553-0800: 4.278: [scrub string table, 0.0001472 secs][1 CMS-remark: 349506K(349568K)] 390078K(506816K), 0.0017949 secs] [Times: user=0.01 sys=0.00, real=0.00 secs] 
2021-01-18T10:21:29.553-0800: 4.278: [CMS-concurrent-sweep-start]
2021-01-18T10:21:29.553-0800: 4.279: [CMS-concurrent-sweep: 0.000/0.000 secs] [Times: user=0.00 sys=0.00, real=0.00 secs] 
2021-01-18T10:21:29.553-0800: 4.279: [CMS-concurrent-reset-start]
2021-01-18T10:21:29.554-0800: 4.279: [CMS-concurrent-reset: 0.000/0.000 secs] [Times: user=0.00 sys=0.00, real=0.00 secs] 
2021-01-18T10:21:29.570-0800: 4.295: [GC (Allocation Failure) 2021-01-18T10:21:29.570-0800: 4.295: [ParNew: 157086K->157086K(157248K), 0.0000198 secs]2021-01-18T10:21:29.570-0800: 4.295: [CMS: 349343K->349088K(349568K), 0.0582952 secs] 506429K->360326K(506816K), [Metaspace: 2580K->2580K(1056768K)], 0.0584248 secs] [Times: user=0.05 sys=0.00, real=0.05 secs] 
2021-01-18T10:21:29.628-0800: 4.354: [GC (CMS Initial Mark) [1 CMS-initial-mark: 349088K(349568K)] 363754K(506816K), 0.0003464 secs] [Times: user=0.00 sys=0.01, real=0.00 secs] 
2021-01-18T10:21:29.629-0800: 4.354: [CMS-concurrent-mark-start]
2021-01-18T10:21:29.631-0800: 4.356: [CMS-concurrent-mark: 0.002/0.002 secs] [Times: user=0.01 sys=0.00, real=0.01 secs] 
2021-01-18T10:21:29.631-0800: 4.356: [CMS-concurrent-preclean-start]
2021-01-18T10:21:29.632-0800: 4.358: [CMS-concurrent-preclean: 0.002/0.002 secs] [Times: user=0.00 sys=0.00, real=0.00 secs] 
2021-01-18T10:21:29.632-0800: 4.358: [CMS-concurrent-abortable-preclean-start]
2021-01-18T10:21:29.632-0800: 4.358: [CMS-concurrent-abortable-preclean: 0.000/0.000 secs] [Times: user=0.00 sys=0.00, real=0.00 secs] 
2021-01-18T10:21:29.633-0800: 4.358: [GC (CMS Final Remark) [YG occupancy: 30687 K (157248 K)]2021-01-18T10:21:29.633-0800: 4.358: [Rescan (parallel) , 0.0011622 secs]2021-01-18T10:21:29.634-0800: 4.359: [weak refs processing, 0.0000272 secs]2021-01-18T10:21:29.634-0800: 4.359: [class unloading, 0.0002562 secs]2021-01-18T10:21:29.634-0800: 4.359: [scrub symbol table, 0.0004418 secs]2021-01-18T10:21:29.635-0800: 4.360: [scrub string table, 0.0001526 secs][1 CMS-remark: 349088K(349568K)] 379776K(506816K), 0.0021558 secs] [Times: user=0.01 sys=0.00, real=0.00 secs] 
2021-01-18T10:21:29.635-0800: 4.360: [CMS-concurrent-sweep-start]
2021-01-18T10:21:29.635-0800: 4.361: [CMS-concurrent-sweep: 0.001/0.001 secs] [Times: user=0.00 sys=0.00, real=0.00 secs] 
2021-01-18T10:21:29.635-0800: 4.361: [CMS-concurrent-reset-start]
2021-01-18T10:21:29.636-0800: 4.361: [CMS-concurrent-reset: 0.000/0.000 secs] [Times: user=0.00 sys=0.00, real=0.00 secs] 
2021-01-18T10:21:29.652-0800: 4.377: [GC (Allocation Failure) 2021-01-18T10:21:29.652-0800: 4.377: [ParNew: 156974K->156974K(157248K), 0.0000205 secs]2021-01-18T10:21:29.652-0800: 4.377: [CMS: 348522K->349239K(349568K), 0.0515133 secs] 505497K->359784K(506816K), [Metaspace: 2580K->2580K(1056768K)], 0.0516367 secs] [Times: user=0.04 sys=0.00, real=0.05 secs] 
2021-01-18T10:21:29.704-0800: 4.429: [GC (CMS Initial Mark) [1 CMS-initial-mark: 349239K(349568K)] 362965K(506816K), 0.0002435 secs] [Times: user=0.01 sys=0.00, real=0.00 secs] 
2021-01-18T10:21:29.704-0800: 4.429: [CMS-concurrent-mark-start]
2021-01-18T10:21:29.705-0800: 4.430: [CMS-concurrent-mark: 0.001/0.001 secs] [Times: user=0.00 sys=0.00, real=0.00 secs] 
2021-01-18T10:21:29.705-0800: 4.430: [CMS-concurrent-preclean-start]
2021-01-18T10:21:29.706-0800: 4.432: [CMS-concurrent-preclean: 0.001/0.001 secs] [Times: user=0.00 sys=0.00, real=0.00 secs] 
2021-01-18T10:21:29.706-0800: 4.432: [CMS-concurrent-abortable-preclean-start]
2021-01-18T10:21:29.706-0800: 4.432: [CMS-concurrent-abortable-preclean: 0.000/0.000 secs] [Times: user=0.00 sys=0.00, real=0.00 secs] 
2021-01-18T10:21:29.706-0800: 4.432: [GC (CMS Final Remark) [YG occupancy: 33564 K (157248 K)]2021-01-18T10:21:29.706-0800: 4.432: [Rescan (parallel) , 0.0002715 secs]2021-01-18T10:21:29.707-0800: 4.432: [weak refs processing, 0.0000134 secs]2021-01-18T10:21:29.707-0800: 4.432: [class unloading, 0.0002410 secs]2021-01-18T10:21:29.707-0800: 4.432: [scrub symbol table, 0.0003216 secs]2021-01-18T10:21:29.707-0800: 4.433: [scrub string table, 0.0002024 secs][1 CMS-remark: 349239K(349568K)] 382804K(506816K), 0.0011483 secs] [Times: user=0.00 sys=0.00, real=0.00 secs] 
2021-01-18T10:21:29.708-0800: 4.433: [CMS-concurrent-sweep-start]
2021-01-18T10:21:29.708-0800: 4.433: [CMS-concurrent-sweep: 0.000/0.000 secs] [Times: user=0.00 sys=0.00, real=0.00 secs] 
2021-01-18T10:21:29.708-0800: 4.433: [CMS-concurrent-reset-start]
2021-01-18T10:21:29.708-0800: 4.434: [CMS-concurrent-reset: 0.000/0.000 secs] [Times: user=0.00 sys=0.00, real=0.00 secs] 
2021-01-18T10:21:29.722-0800: 4.447: [GC (Allocation Failure) 2021-01-18T10:21:29.722-0800: 4.447: [ParNew: 157134K->157134K(157248K), 0.0000180 secs]2021-01-18T10:21:29.722-0800: 4.447: [CMS: 348686K->349504K(349568K), 0.0501563 secs] 505821K->361888K(506816K), [Metaspace: 2580K->2580K(1056768K)], 0.0502867 secs] [Times: user=0.05 sys=0.00, real=0.05 secs] 
2021-01-18T10:21:29.772-0800: 4.498: [GC (CMS Initial Mark) [1 CMS-initial-mark: 349504K(349568K)] 365013K(506816K), 0.0002122 secs] [Times: user=0.00 sys=0.00, real=0.00 secs] 
2021-01-18T10:21:29.773-0800: 4.498: [CMS-concurrent-mark-start]
2021-01-18T10:21:29.774-0800: 4.500: [CMS-concurrent-mark: 0.002/0.002 secs] [Times: user=0.00 sys=0.00, real=0.00 secs] 
2021-01-18T10:21:29.775-0800: 4.500: [CMS-concurrent-preclean-start]
2021-01-18T10:21:29.776-0800: 4.501: [CMS-concurrent-preclean: 0.001/0.001 secs] [Times: user=0.00 sys=0.00, real=0.00 secs] 
2021-01-18T10:21:29.776-0800: 4.501: [CMS-concurrent-abortable-preclean-start]
2021-01-18T10:21:29.776-0800: 4.501: [CMS-concurrent-abortable-preclean: 0.000/0.000 secs] [Times: user=0.00 sys=0.00, real=0.00 secs] 
2021-01-18T10:21:29.776-0800: 4.501: [GC (CMS Final Remark) [YG occupancy: 36433 K (157248 K)]2021-01-18T10:21:29.776-0800: 4.501: [Rescan (parallel) , 0.0003359 secs]2021-01-18T10:21:29.776-0800: 4.502: [weak refs processing, 0.0000264 secs]2021-01-18T10:21:29.776-0800: 4.502: [class unloading, 0.0001767 secs]2021-01-18T10:21:29.777-0800: 4.502: [scrub symbol table, 0.0003029 secs]2021-01-18T10:21:29.777-0800: 4.502: [scrub string table, 0.0001182 secs][1 CMS-remark: 349504K(349568K)] 385937K(506816K), 0.0010418 secs] [Times: user=0.01 sys=0.00, real=0.00 secs] 
2021-01-18T10:21:29.777-0800: 4.502: [CMS-concurrent-sweep-start]
2021-01-18T10:21:29.778-0800: 4.503: [CMS-concurrent-sweep: 0.000/0.000 secs] [Times: user=0.00 sys=0.00, real=0.00 secs] 
2021-01-18T10:21:29.778-0800: 4.503: [CMS-concurrent-reset-start]
2021-01-18T10:21:29.778-0800: 4.503: [CMS-concurrent-reset: 0.000/0.000 secs] [Times: user=0.00 sys=0.00, real=0.00 secs] 
2021-01-18T10:21:29.792-0800: 4.517: [GC (Allocation Failure) 2021-01-18T10:21:29.792-0800: 4.517: [ParNew: 157221K->157221K(157248K), 0.0000174 secs]2021-01-18T10:21:29.792-0800: 4.517: [CMS: 348770K->349173K(349568K), 0.0506573 secs] 505992K->359000K(506816K), [Metaspace: 2580K->2580K(1056768K)], 0.0508164 secs] [Times: user=0.05 sys=0.00, real=0.05 secs] 
2021-01-18T10:21:29.843-0800: 4.568: [GC (CMS Initial Mark) [1 CMS-initial-mark: 349173K(349568K)] 362247K(506816K), 0.0001738 secs] [Times: user=0.00 sys=0.00, real=0.00 secs] 
2021-01-18T10:21:29.843-0800: 4.568: [CMS-concurrent-mark-start]
2021-01-18T10:21:29.845-0800: 4.570: [CMS-concurrent-mark: 0.001/0.001 secs] [Times: user=0.00 sys=0.00, real=0.00 secs] 
2021-01-18T10:21:29.845-0800: 4.570: [CMS-concurrent-preclean-start]
2021-01-18T10:21:29.846-0800: 4.571: [CMS-concurrent-preclean: 0.001/0.001 secs] [Times: user=0.01 sys=0.00, real=0.00 secs] 
2021-01-18T10:21:29.846-0800: 4.571: [CMS-concurrent-abortable-preclean-start]
2021-01-18T10:21:29.846-0800: 4.571: [CMS-concurrent-abortable-preclean: 0.000/0.000 secs] [Times: user=0.00 sys=0.00, real=0.00 secs] 
2021-01-18T10:21:29.846-0800: 4.571: [GC (CMS Final Remark) [YG occupancy: 28616 K (157248 K)]2021-01-18T10:21:29.846-0800: 4.571: [Rescan (parallel) , 0.0013280 secs]2021-01-18T10:21:29.848-0800: 4.573: [weak refs processing, 0.0000205 secs]2021-01-18T10:21:29.848-0800: 4.573: [class unloading, 0.0002044 secs]2021-01-18T10:21:29.848-0800: 4.573: [scrub symbol table, 0.0003874 secs]2021-01-18T10:21:29.848-0800: 4.573: [scrub string table, 0.0001553 secs][1 CMS-remark: 349173K(349568K)] 377789K(506816K), 0.0022135 secs] [Times: user=0.00 sys=0.00, real=0.00 secs] 
2021-01-18T10:21:29.848-0800: 4.574: [CMS-concurrent-sweep-start]
2021-01-18T10:21:29.849-0800: 4.574: [CMS-concurrent-sweep: 0.000/0.000 secs] [Times: user=0.00 sys=0.00, real=0.00 secs] 
2021-01-18T10:21:29.849-0800: 4.574: [CMS-concurrent-reset-start]
2021-01-18T10:21:29.849-0800: 4.574: [CMS-concurrent-reset: 0.000/0.000 secs] [Times: user=0.00 sys=0.00, real=0.00 secs] 
2021-01-18T10:21:29.865-0800: 4.590: [GC (Allocation Failure) 2021-01-18T10:21:29.865-0800: 4.590: [ParNew: 157228K->157228K(157248K), 0.0000186 secs]2021-01-18T10:21:29.865-0800: 4.590: [CMS: 348503K->349429K(349568K), 0.0518555 secs] 505731K->359896K(506816K), [Metaspace: 2580K->2580K(1056768K)], 0.0519721 secs] [Times: user=0.05 sys=0.00, real=0.05 secs] 
2021-01-18T10:21:29.917-0800: 4.642: [GC (CMS Initial Mark) [1 CMS-initial-mark: 349429K(349568K)] 362866K(506816K), 0.0001818 secs] [Times: user=0.00 sys=0.00, real=0.00 secs] 
2021-01-18T10:21:29.917-0800: 4.642: [CMS-concurrent-mark-start]
2021-01-18T10:21:29.919-0800: 4.644: [CMS-concurrent-mark: 0.002/0.002 secs] [Times: user=0.00 sys=0.00, real=0.00 secs] 
2021-01-18T10:21:29.919-0800: 4.644: [CMS-concurrent-preclean-start]
2021-01-18T10:21:29.920-0800: 4.645: [CMS-concurrent-preclean: 0.001/0.001 secs] [Times: user=0.00 sys=0.00, real=0.01 secs] 
2021-01-18T10:21:29.920-0800: 4.646: [CMS-concurrent-abortable-preclean-start]
2021-01-18T10:21:29.920-0800: 4.646: [CMS-concurrent-abortable-preclean: 0.000/0.000 secs] [Times: user=0.00 sys=0.00, real=0.00 secs] 
2021-01-18T10:21:29.920-0800: 4.646: [GC (CMS Final Remark) [YG occupancy: 37379 K (157248 K)]2021-01-18T10:21:29.920-0800: 4.646: [Rescan (parallel) , 0.0007906 secs]2021-01-18T10:21:29.921-0800: 4.646: [weak refs processing, 0.0000143 secs]2021-01-18T10:21:29.921-0800: 4.646: [class unloading, 0.0002012 secs]2021-01-18T10:21:29.921-0800: 4.647: [scrub symbol table, 0.0002928 secs]2021-01-18T10:21:29.922-0800: 4.647: [scrub string table, 0.0001322 secs][1 CMS-remark: 349429K(349568K)] 386808K(506816K), 0.0015230 secs] [Times: user=0.00 sys=0.00, real=0.00 secs] 
2021-01-18T10:21:29.922-0800: 4.647: [CMS-concurrent-sweep-start]
2021-01-18T10:21:29.922-0800: 4.648: [CMS-concurrent-sweep: 0.000/0.000 secs] [Times: user=0.00 sys=0.00, real=0.00 secs] 
2021-01-18T10:21:29.922-0800: 4.648: [CMS-concurrent-reset-start]
2021-01-18T10:21:29.923-0800: 4.648: [CMS-concurrent-reset: 0.000/0.000 secs] [Times: user=0.00 sys=0.00, real=0.00 secs] 
2021-01-18T10:21:29.936-0800: 4.661: [GC (Allocation Failure) 2021-01-18T10:21:29.936-0800: 4.661: [ParNew: 157226K->157226K(157248K), 0.0000169 secs]2021-01-18T10:21:29.936-0800: 4.661: [CMS: 347978K->349379K(349568K), 0.0507347 secs] 505205K->361963K(506816K), [Metaspace: 2580K->2580K(1056768K)], 0.0508614 secs] [Times: user=0.05 sys=0.01, real=0.05 secs] 
2021-01-18T10:21:29.987-0800: 4.712: [GC (CMS Initial Mark) [1 CMS-initial-mark: 349379K(349568K)] 365401K(506816K), 0.0001799 secs] [Times: user=0.00 sys=0.00, real=0.00 secs] 
2021-01-18T10:21:29.987-0800: 4.713: [CMS-concurrent-mark-start]
2021-01-18T10:21:29.989-0800: 4.714: [CMS-concurrent-mark: 0.001/0.001 secs] [Times: user=0.01 sys=0.00, real=0.00 secs] 
2021-01-18T10:21:29.989-0800: 4.714: [CMS-concurrent-preclean-start]
2021-01-18T10:21:29.990-0800: 4.716: [CMS-concurrent-preclean: 0.001/0.001 secs] [Times: user=0.00 sys=0.00, real=0.01 secs] 
2021-01-18T10:21:29.990-0800: 4.716: [CMS-concurrent-abortable-preclean-start]
2021-01-18T10:21:29.990-0800: 4.716: [CMS-concurrent-abortable-preclean: 0.000/0.000 secs] [Times: user=0.00 sys=0.00, real=0.00 secs] 
2021-01-18T10:21:29.991-0800: 4.716: [GC (CMS Final Remark) [YG occupancy: 40187 K (157248 K)]2021-01-18T10:21:29.991-0800: 4.716: [Rescan (parallel) , 0.0011462 secs]2021-01-18T10:21:29.992-0800: 4.717: [weak refs processing, 0.0000180 secs]2021-01-18T10:21:29.992-0800: 4.717: [class unloading, 0.0003751 secs]2021-01-18T10:21:29.992-0800: 4.717: [scrub symbol table, 0.0005463 secs]2021-01-18T10:21:29.993-0800: 4.718: [scrub string table, 0.0001217 secs][1 CMS-remark: 349379K(349568K)] 389567K(506816K), 0.0023349 secs] [Times: user=0.01 sys=0.00, real=0.00 secs] 
2021-01-18T10:21:29.993-0800: 4.718: [CMS-concurrent-sweep-start]
2021-01-18T10:21:29.993-0800: 4.719: [CMS-concurrent-sweep: 0.000/0.000 secs] [Times: user=0.00 sys=0.00, real=0.00 secs] 
2021-01-18T10:21:29.994-0800: 4.719: [CMS-concurrent-reset-start]
2021-01-18T10:21:29.994-0800: 4.719: [CMS-concurrent-reset: 0.000/0.000 secs] [Times: user=0.00 sys=0.00, real=0.00 secs] 
2021-01-18T10:21:30.006-0800: 4.731: [GC (Allocation Failure) 2021-01-18T10:21:30.006-0800: 4.732: [ParNew: 156996K->156996K(157248K), 0.0000180 secs]2021-01-18T10:21:30.006-0800: 4.732: [CMS: 347988K->349015K(349568K), 0.0520040 secs] 504984K->363418K(506816K), [Metaspace: 2580K->2580K(1056768K)], 0.0521299 secs] [Times: user=0.05 sys=0.00, real=0.05 secs] 
2021-01-18T10:21:30.059-0800: 4.784: [GC (CMS Initial Mark) [1 CMS-initial-mark: 349015K(349568K)] 364107K(506816K), 0.0002307 secs] [Times: user=0.00 sys=0.00, real=0.00 secs] 
2021-01-18T10:21:30.059-0800: 4.784: [CMS-concurrent-mark-start]
2021-01-18T10:21:30.060-0800: 4.785: [CMS-concurrent-mark: 0.001/0.001 secs] [Times: user=0.00 sys=0.00, real=0.01 secs] 
2021-01-18T10:21:30.060-0800: 4.786: [CMS-concurrent-preclean-start]
2021-01-18T10:21:30.062-0800: 4.787: [CMS-concurrent-preclean: 0.001/0.001 secs] [Times: user=0.01 sys=0.00, real=0.00 secs] 
2021-01-18T10:21:30.062-0800: 4.787: [CMS-concurrent-abortable-preclean-start]
2021-01-18T10:21:30.062-0800: 4.787: [CMS-concurrent-abortable-preclean: 0.000/0.000 secs] [Times: user=0.00 sys=0.00, real=0.00 secs] 
2021-01-18T10:21:30.062-0800: 4.787: [GC (CMS Final Remark) [YG occupancy: 41768 K (157248 K)]2021-01-18T10:21:30.062-0800: 4.787: [Rescan (parallel) , 0.0003555 secs]2021-01-18T10:21:30.062-0800: 4.788: [weak refs processing, 0.0000125 secs]2021-01-18T10:21:30.062-0800: 4.788: [class unloading, 0.0001724 secs]2021-01-18T10:21:30.062-0800: 4.788: [scrub symbol table, 0.0002705 secs]2021-01-18T10:21:30.063-0800: 4.788: [scrub string table, 0.0001734 secs][1 CMS-remark: 349015K(349568K)] 390784K(506816K), 0.0011035 secs] [Times: user=0.00 sys=0.00, real=0.00 secs] 
2021-01-18T10:21:30.063-0800: 4.788: [CMS-concurrent-sweep-start]
2021-01-18T10:21:30.064-0800: 4.789: [CMS-concurrent-sweep: 0.001/0.001 secs] [Times: user=0.00 sys=0.00, real=0.00 secs] 
2021-01-18T10:21:30.064-0800: 4.789: [CMS-concurrent-reset-start]
2021-01-18T10:21:30.064-0800: 4.790: [CMS-concurrent-reset: 0.000/0.000 secs] [Times: user=0.00 sys=0.00, real=0.00 secs] 
2021-01-18T10:21:30.078-0800: 4.803: [GC (Allocation Failure) 2021-01-18T10:21:30.078-0800: 4.803: [ParNew: 157188K->157188K(157248K), 0.0000183 secs]2021-01-18T10:21:30.078-0800: 4.803: [CMS: 348297K->349444K(349568K), 0.0531215 secs] 505486K->364096K(506816K), [Metaspace: 2580K->2580K(1056768K)], 0.0532448 secs] [Times: user=0.05 sys=0.00, real=0.06 secs] 
2021-01-18T10:21:30.131-0800: 4.856: [GC (CMS Initial Mark) [1 CMS-initial-mark: 349444K(349568K)] 367007K(506816K), 0.0001556 secs] [Times: user=0.00 sys=0.00, real=0.00 secs] 
2021-01-18T10:21:30.131-0800: 4.857: [CMS-concurrent-mark-start]
2021-01-18T10:21:30.132-0800: 4.858: [CMS-concurrent-mark: 0.001/0.001 secs] [Times: user=0.01 sys=0.00, real=0.00 secs] 
2021-01-18T10:21:30.132-0800: 4.858: [CMS-concurrent-preclean-start]
2021-01-18T10:21:30.134-0800: 4.859: [CMS-concurrent-preclean: 0.001/0.001 secs] [Times: user=0.00 sys=0.00, real=0.00 secs] 
2021-01-18T10:21:30.134-0800: 4.859: [CMS-concurrent-abortable-preclean-start]
2021-01-18T10:21:30.134-0800: 4.859: [CMS-concurrent-abortable-preclean: 0.000/0.000 secs] [Times: user=0.00 sys=0.00, real=0.00 secs] 
2021-01-18T10:21:30.134-0800: 4.859: [GC (CMS Final Remark) [YG occupancy: 36061 K (157248 K)]2021-01-18T10:21:30.134-0800: 4.859: [Rescan (parallel) , 0.0008259 secs]2021-01-18T10:21:30.135-0800: 4.860: [weak refs processing, 0.0000109 secs]2021-01-18T10:21:30.135-0800: 4.860: [class unloading, 0.0001790 secs]2021-01-18T10:21:30.135-0800: 4.860: [scrub symbol table, 0.0002734 secs]2021-01-18T10:21:30.135-0800: 4.860: [scrub string table, 0.0001133 secs][1 CMS-remark: 349444K(349568K)] 385506K(506816K), 0.0014891 secs] [Times: user=0.01 sys=0.00, real=0.00 secs] 
2021-01-18T10:21:30.135-0800: 4.861: [CMS-concurrent-sweep-start]
2021-01-18T10:21:30.136-0800: 4.861: [CMS-concurrent-sweep: 0.000/0.000 secs] [Times: user=0.00 sys=0.00, real=0.00 secs] 
2021-01-18T10:21:30.136-0800: 4.861: [CMS-concurrent-reset-start]
2021-01-18T10:21:30.136-0800: 4.862: [CMS-concurrent-reset: 0.000/0.000 secs] [Times: user=0.00 sys=0.00, real=0.00 secs] 
2021-01-18T10:21:30.149-0800: 4.874: [GC (Allocation Failure) 2021-01-18T10:21:30.149-0800: 4.874: [ParNew: 157170K->157170K(157248K), 0.0000175 secs]2021-01-18T10:21:30.149-0800: 4.874: [CMS: 349083K->349499K(349568K), 0.0464326 secs] 506254K->364122K(506816K), [Metaspace: 2580K->2580K(1056768K)], 0.0465551 secs] [Times: user=0.05 sys=0.00, real=0.05 secs] 
2021-01-18T10:21:30.196-0800: 4.921: [GC (CMS Initial Mark) [1 CMS-initial-mark: 349499K(349568K)] 367485K(506816K), 0.0002619 secs] [Times: user=0.00 sys=0.00, real=0.00 secs] 
2021-01-18T10:21:30.196-0800: 4.921: [CMS-concurrent-mark-start]
2021-01-18T10:21:30.197-0800: 4.922: [CMS-concurrent-mark: 0.001/0.001 secs] [Times: user=0.00 sys=0.00, real=0.00 secs] 
2021-01-18T10:21:30.197-0800: 4.922: [CMS-concurrent-preclean-start]
2021-01-18T10:21:30.198-0800: 4.924: [CMS-concurrent-preclean: 0.001/0.001 secs] [Times: user=0.00 sys=0.00, real=0.00 secs] 
2021-01-18T10:21:30.198-0800: 4.924: [CMS-concurrent-abortable-preclean-start]
2021-01-18T10:21:30.198-0800: 4.924: [CMS-concurrent-abortable-preclean: 0.000/0.000 secs] [Times: user=0.00 sys=0.00, real=0.00 secs] 
2021-01-18T10:21:30.199-0800: 4.924: [GC (CMS Final Remark) [YG occupancy: 40646 K (157248 K)]2021-01-18T10:21:30.199-0800: 4.924: [Rescan (parallel) , 0.0007160 secs]2021-01-18T10:21:30.199-0800: 4.925: [weak refs processing, 0.0000133 secs]2021-01-18T10:21:30.199-0800: 4.925: [class unloading, 0.0001970 secs]2021-01-18T10:21:30.200-0800: 4.925: [scrub symbol table, 0.0003016 secs]2021-01-18T10:21:30.200-0800: 4.925: [scrub string table, 0.0001180 secs][1 CMS-remark: 349499K(349568K)] 390146K(506816K), 0.0014621 secs] [Times: user=0.01 sys=0.00, real=0.01 secs] 
2021-01-18T10:21:30.200-0800: 4.925: [CMS-concurrent-sweep-start]
2021-01-18T10:21:30.201-0800: 4.926: [CMS-concurrent-sweep: 0.000/0.000 secs] [Times: user=0.00 sys=0.00, real=0.00 secs] 
2021-01-18T10:21:30.201-0800: 4.926: [CMS-concurrent-reset-start]
2021-01-18T10:21:30.201-0800: 4.926: [CMS-concurrent-reset: 0.000/0.000 secs] [Times: user=0.00 sys=0.00, real=0.00 secs] 
2021-01-18T10:21:30.217-0800: 4.942: [GC (Allocation Failure) 2021-01-18T10:21:30.217-0800: 4.942: [ParNew: 157155K->157155K(157248K), 0.0000213 secs]2021-01-18T10:21:30.217-0800: 4.942: [CMS: 349189K->349297K(349568K), 0.0542427 secs] 506345K->368154K(506816K), [Metaspace: 2580K->2580K(1056768K)], 0.0543926 secs] [Times: user=0.06 sys=0.00, real=0.06 secs] 
2021-01-18T10:21:30.271-0800: 4.997: [GC (CMS Initial Mark) [1 CMS-initial-mark: 349297K(349568K)] 368500K(506816K), 0.0002114 secs] [Times: user=0.00 sys=0.00, real=0.00 secs] 
2021-01-18T10:21:30.272-0800: 4.997: [CMS-concurrent-mark-start]
2021-01-18T10:21:30.274-0800: 4.999: [CMS-concurrent-mark: 0.002/0.002 secs] [Times: user=0.00 sys=0.00, real=0.00 secs] 
2021-01-18T10:21:30.274-0800: 4.999: [CMS-concurrent-preclean-start]
2021-01-18T10:21:30.275-0800: 5.001: [CMS-concurrent-preclean: 0.002/0.002 secs] [Times: user=0.01 sys=0.00, real=0.00 secs] 
2021-01-18T10:21:30.275-0800: 5.001: [CMS-concurrent-abortable-preclean-start]
2021-01-18T10:21:30.275-0800: 5.001: [CMS-concurrent-abortable-preclean: 0.000/0.000 secs] [Times: user=0.00 sys=0.00, real=0.00 secs] 
2021-01-18T10:21:30.276-0800: 5.001: [GC (CMS Final Remark) [YG occupancy: 37977 K (157248 K)]2021-01-18T10:21:30.276-0800: 5.001: [Rescan (parallel) , 0.0011897 secs]2021-01-18T10:21:30.277-0800: 5.002: [weak refs processing, 0.0000178 secs]2021-01-18T10:21:30.277-0800: 5.002: [class unloading, 0.0002005 secs]2021-01-18T10:21:30.277-0800: 5.002: [scrub symbol table, 0.0003315 secs]2021-01-18T10:21:30.277-0800: 5.003: [scrub string table, 0.0001631 secs][1 CMS-remark: 349297K(349568K)] 387275K(506816K), 0.0019821 secs] [Times: user=0.00 sys=0.00, real=0.00 secs] 
2021-01-18T10:21:30.278-0800: 5.003: [CMS-concurrent-sweep-start]
2021-01-18T10:21:30.278-0800: 5.003: [CMS-concurrent-sweep: 0.000/0.000 secs] [Times: user=0.01 sys=0.00, real=0.00 secs] 
2021-01-18T10:21:30.278-0800: 5.003: [CMS-concurrent-reset-start]
2021-01-18T10:21:30.278-0800: 5.004: [CMS-concurrent-reset: 0.000/0.000 secs] [Times: user=0.00 sys=0.00, real=0.00 secs] 
2021-01-18T10:21:30.294-0800: 5.019: [GC (Allocation Failure) 2021-01-18T10:21:30.294-0800: 5.019: [ParNew: 157217K->157217K(157248K), 0.0000213 secs]2021-01-18T10:21:30.294-0800: 5.019: [CMS: 349178K->349486K(349568K), 0.0539088 secs] 506396K->368920K(506816K), [Metaspace: 2580K->2580K(1056768K)], 0.0540573 secs] [Times: user=0.06 sys=0.00, real=0.05 secs] 
2021-01-18T10:21:30.348-0800: 5.073: [GC (CMS Initial Mark) [1 CMS-initial-mark: 349486K(349568K)] 368992K(506816K), 0.0002710 secs] [Times: user=0.00 sys=0.00, real=0.00 secs] 
2021-01-18T10:21:30.348-0800: 5.074: [CMS-concurrent-mark-start]
2021-01-18T10:21:30.350-0800: 5.075: [CMS-concurrent-mark: 0.001/0.001 secs] [Times: user=0.00 sys=0.00, real=0.01 secs] 
2021-01-18T10:21:30.350-0800: 5.075: [CMS-concurrent-preclean-start]
2021-01-18T10:21:30.351-0800: 5.077: [CMS-concurrent-preclean: 0.001/0.001 secs] [Times: user=0.00 sys=0.00, real=0.00 secs] 
2021-01-18T10:21:30.351-0800: 5.077: [CMS-concurrent-abortable-preclean-start]
2021-01-18T10:21:30.351-0800: 5.077: [CMS-concurrent-abortable-preclean: 0.000/0.000 secs] [Times: user=0.00 sys=0.00, real=0.00 secs] 
2021-01-18T10:21:30.351-0800: 5.077: [GC (CMS Final Remark) [YG occupancy: 36450 K (157248 K)]2021-01-18T10:21:30.351-0800: 5.077: [Rescan (parallel) , 0.0002965 secs]2021-01-18T10:21:30.352-0800: 5.077: [weak refs processing, 0.0000190 secs]2021-01-18T10:21:30.352-0800: 5.077: [class unloading, 0.0002023 secs]2021-01-18T10:21:30.352-0800: 5.077: [scrub symbol table, 0.0003442 secs]2021-01-18T10:21:30.352-0800: 5.078: [scrub string table, 0.0001643 secs][1 CMS-remark: 349486K(349568K)] 385937K(506816K), 0.0011079 secs] [Times: user=0.00 sys=0.00, real=0.00 secs] 
2021-01-18T10:21:30.353-0800: 5.078: [CMS-concurrent-sweep-start]
2021-01-18T10:21:30.353-0800: 5.078: [CMS-concurrent-sweep: 0.000/0.000 secs] [Times: user=0.01 sys=0.00, real=0.00 secs] 
2021-01-18T10:21:30.353-0800: 5.078: [CMS-concurrent-reset-start]
2021-01-18T10:21:30.353-0800: 5.079: [CMS-concurrent-reset: 0.000/0.000 secs] [Times: user=0.00 sys=0.00, real=0.00 secs] 
2021-01-18T10:21:30.372-0800: 5.098: [GC (Allocation Failure) 2021-01-18T10:21:30.372-0800: 5.098: [ParNew: 157221K->157221K(157248K), 0.0000241 secs]2021-01-18T10:21:30.372-0800: 5.098: [CMS: 349486K->349041K(349568K), 0.0533935 secs] 506707K->370300K(506816K), [Metaspace: 2580K->2580K(1056768K)], 0.0535503 secs] [Times: user=0.05 sys=0.00, real=0.05 secs] 
2021-01-18T10:21:30.426-0800: 5.151: [GC (CMS Initial Mark) [1 CMS-initial-mark: 349041K(349568K)] 370483K(506816K), 0.0002605 secs] [Times: user=0.00 sys=0.00, real=0.00 secs] 
2021-01-18T10:21:30.426-0800: 5.152: [CMS-concurrent-mark-start]
2021-01-18T10:21:30.428-0800: 5.153: [CMS-concurrent-mark: 0.001/0.001 secs] [Times: user=0.00 sys=0.00, real=0.00 secs] 
2021-01-18T10:21:30.428-0800: 5.153: [CMS-concurrent-preclean-start]
2021-01-18T10:21:30.429-0800: 5.155: [CMS-concurrent-preclean: 0.001/0.001 secs] [Times: user=0.01 sys=0.00, real=0.00 secs] 
2021-01-18T10:21:30.429-0800: 5.155: [CMS-concurrent-abortable-preclean-start]
2021-01-18T10:21:30.429-0800: 5.155: [CMS-concurrent-abortable-preclean: 0.000/0.000 secs] [Times: user=0.00 sys=0.00, real=0.00 secs] 
2021-01-18T10:21:30.429-0800: 5.155: [GC (CMS Final Remark) [YG occupancy: 43531 K (157248 K)]2021-01-18T10:21:30.430-0800: 5.155: [Rescan (parallel) , 0.0003672 secs]2021-01-18T10:21:30.430-0800: 5.155: [weak refs processing, 0.0000155 secs]2021-01-18T10:21:30.430-0800: 5.155: [class unloading, 0.0002072 secs]2021-01-18T10:21:30.430-0800: 5.155: [scrub symbol table, 0.0003458 secs]2021-01-18T10:21:30.430-0800: 5.156: [scrub string table, 0.0001643 secs][1 CMS-remark: 349041K(349568K)] 392572K(506816K), 0.0011870 secs] [Times: user=0.00 sys=0.00, real=0.01 secs] 
2021-01-18T10:21:30.431-0800: 5.156: [CMS-concurrent-sweep-start]
2021-01-18T10:21:30.431-0800: 5.157: [CMS-concurrent-sweep: 0.000/0.000 secs] [Times: user=0.00 sys=0.00, real=0.00 secs] 
2021-01-18T10:21:30.431-0800: 5.157: [CMS-concurrent-reset-start]
2021-01-18T10:21:30.432-0800: 5.157: [CMS-concurrent-reset: 0.000/0.000 secs] [Times: user=0.00 sys=0.00, real=0.00 secs] 
2021-01-18T10:21:30.448-0800: 5.173: [GC (Allocation Failure) 2021-01-18T10:21:30.448-0800: 5.173: [ParNew: 157219K->157219K(157248K), 0.0000210 secs]2021-01-18T10:21:30.448-0800: 5.173: [CMS: 348836K->349460K(349568K), 0.0531091 secs] 506056K->363954K(506816K), [Metaspace: 2580K->2580K(1056768K)], 0.0532467 secs] [Times: user=0.05 sys=0.00, real=0.06 secs] 
2021-01-18T10:21:30.501-0800: 5.226: [GC (CMS Initial Mark) [1 CMS-initial-mark: 349460K(349568K)] 364035K(506816K), 0.0001956 secs] [Times: user=0.00 sys=0.00, real=0.00 secs] 
2021-01-18T10:21:30.501-0800: 5.227: [CMS-concurrent-mark-start]
2021-01-18T10:21:30.503-0800: 5.228: [CMS-concurrent-mark: 0.002/0.002 secs] [Times: user=0.00 sys=0.00, real=0.00 secs] 
2021-01-18T10:21:30.503-0800: 5.228: [CMS-concurrent-preclean-start]
2021-01-18T10:21:30.504-0800: 5.230: [CMS-concurrent-preclean: 0.001/0.001 secs] [Times: user=0.00 sys=0.00, real=0.00 secs] 
2021-01-18T10:21:30.505-0800: 5.230: [CMS-concurrent-abortable-preclean-start]
2021-01-18T10:21:30.505-0800: 5.230: [CMS-concurrent-abortable-preclean: 0.000/0.000 secs] [Times: user=0.00 sys=0.00, real=0.00 secs] 
2021-01-18T10:21:30.505-0800: 5.230: [GC (CMS Final Remark) [YG occupancy: 36710 K (157248 K)]2021-01-18T10:21:30.505-0800: 5.230: [Rescan (parallel) , 0.0003545 secs]2021-01-18T10:21:30.505-0800: 5.230: [weak refs processing, 0.0000144 secs]2021-01-18T10:21:30.505-0800: 5.230: [class unloading, 0.0001982 secs]2021-01-18T10:21:30.505-0800: 5.231: [scrub symbol table, 0.0003274 secs]2021-01-18T10:21:30.506-0800: 5.231: [scrub string table, 0.0001526 secs][1 CMS-remark: 349460K(349568K)] 386171K(506816K), 0.0011263 secs] [Times: user=0.00 sys=0.00, real=0.00 secs] 
2021-01-18T10:21:30.506-0800: 5.231: [CMS-concurrent-sweep-start]
2021-01-18T10:21:30.506-0800: 5.232: [CMS-concurrent-sweep: 0.000/0.000 secs] [Times: user=0.00 sys=0.00, real=0.00 secs] 
2021-01-18T10:21:30.506-0800: 5.232: [CMS-concurrent-reset-start]
2021-01-18T10:21:30.507-0800: 5.232: [CMS-concurrent-reset: 0.000/0.000 secs] [Times: user=0.00 sys=0.00, real=0.00 secs] 
2021-01-18T10:21:30.525-0800: 5.251: [GC (Allocation Failure) 2021-01-18T10:21:30.525-0800: 5.251: [ParNew: 157243K->157243K(157248K), 0.0000209 secs]2021-01-18T10:21:30.525-0800: 5.251: [CMS: 348481K->349060K(349568K), 0.0552521 secs] 505724K->358957K(506816K), [Metaspace: 2580K->2580K(1056768K)], 0.0553858 secs] [Times: user=0.05 sys=0.00, real=0.06 secs] 
2021-01-18T10:21:30.581-0800: 5.306: [GC (CMS Initial Mark) [1 CMS-initial-mark: 349060K(349568K)] 362104K(506816K), 0.0002143 secs] [Times: user=0.00 sys=0.00, real=0.00 secs] 
2021-01-18T10:21:30.581-0800: 5.307: [CMS-concurrent-mark-start]
2021-01-18T10:21:30.583-0800: 5.308: [CMS-concurrent-mark: 0.001/0.001 secs] [Times: user=0.00 sys=0.00, real=0.00 secs] 
2021-01-18T10:21:30.583-0800: 5.308: [CMS-concurrent-preclean-start]
2021-01-18T10:21:30.584-0800: 5.309: [CMS-concurrent-preclean: 0.001/0.001 secs] [Times: user=0.01 sys=0.00, real=0.00 secs] 
2021-01-18T10:21:30.584-0800: 5.309: [CMS-concurrent-abortable-preclean-start]
2021-01-18T10:21:30.584-0800: 5.309: [CMS-concurrent-abortable-preclean: 0.000/0.000 secs] [Times: user=0.00 sys=0.00, real=0.00 secs] 
2021-01-18T10:21:30.584-0800: 5.309: [GC (CMS Final Remark) [YG occupancy: 34796 K (157248 K)]2021-01-18T10:21:30.584-0800: 5.310: [Rescan (parallel) , 0.0003397 secs]2021-01-18T10:21:30.585-0800: 5.310: [weak refs processing, 0.0000162 secs]2021-01-18T10:21:30.585-0800: 5.310: [class unloading, 0.0002041 secs]2021-01-18T10:21:30.585-0800: 5.310: [scrub symbol table, 0.0003069 secs]2021-01-18T10:21:30.585-0800: 5.310: [scrub string table, 0.0001425 secs][1 CMS-remark: 349060K(349568K)] 383856K(506816K), 0.0010800 secs] [Times: user=0.00 sys=0.00, real=0.00 secs] 
2021-01-18T10:21:30.585-0800: 5.311: [CMS-concurrent-sweep-start]
2021-01-18T10:21:30.586-0800: 5.311: [CMS-concurrent-sweep: 0.000/0.000 secs] [Times: user=0.00 sys=0.00, real=0.00 secs] 
2021-01-18T10:21:30.586-0800: 5.311: [CMS-concurrent-reset-start]
2021-01-18T10:21:30.586-0800: 5.311: [CMS-concurrent-reset: 0.000/0.000 secs] [Times: user=0.00 sys=0.00, real=0.00 secs] 
2021-01-18T10:21:30.599-0800: 5.324: [GC (Allocation Failure) 2021-01-18T10:21:30.599-0800: 5.324: [ParNew: 157052K->157052K(157248K), 0.0000172 secs]2021-01-18T10:21:30.599-0800: 5.324: [CMS: 349060K->349527K(349568K), 0.0498870 secs] 506112K->365714K(506816K), [Metaspace: 2580K->2580K(1056768K)], 0.0500513 secs] [Times: user=0.04 sys=0.00, real=0.05 secs] 
2021-01-18T10:21:30.649-0800: 5.375: [GC (CMS Initial Mark) [1 CMS-initial-mark: 349527K(349568K)] 365964K(506816K), 0.0003248 secs] [Times: user=0.00 sys=0.00, real=0.01 secs] 
2021-01-18T10:21:30.650-0800: 5.375: [CMS-concurrent-mark-start]
2021-01-18T10:21:30.651-0800: 5.376: [CMS-concurrent-mark: 0.001/0.001 secs] [Times: user=0.01 sys=0.00, real=0.00 secs] 
2021-01-18T10:21:30.651-0800: 5.376: [CMS-concurrent-preclean-start]
2021-01-18T10:21:30.652-0800: 5.377: [CMS-concurrent-preclean: 0.001/0.001 secs] [Times: user=0.00 sys=0.00, real=0.00 secs] 
2021-01-18T10:21:30.652-0800: 5.377: [CMS-concurrent-abortable-preclean-start]
2021-01-18T10:21:30.652-0800: 5.377: [CMS-concurrent-abortable-preclean: 0.000/0.000 secs] [Times: user=0.00 sys=0.00, real=0.00 secs] 
2021-01-18T10:21:30.652-0800: 5.378: [GC (CMS Final Remark) [YG occupancy: 39190 K (157248 K)]2021-01-18T10:21:30.652-0800: 5.378: [Rescan (parallel) , 0.0008276 secs]2021-01-18T10:21:30.653-0800: 5.378: [weak refs processing, 0.0000127 secs]2021-01-18T10:21:30.653-0800: 5.378: [class unloading, 0.0001735 secs]2021-01-18T10:21:30.653-0800: 5.379: [scrub symbol table, 0.0002725 secs]2021-01-18T10:21:30.654-0800: 5.379: [scrub string table, 0.0001407 secs][1 CMS-remark: 349527K(349568K)] 388717K(506816K), 0.0014869 secs] [Times: user=0.01 sys=0.00, real=0.00 secs] 
2021-01-18T10:21:30.654-0800: 5.379: [CMS-concurrent-sweep-start]
2021-01-18T10:21:30.654-0800: 5.380: [CMS-concurrent-sweep: 0.000/0.000 secs] [Times: user=0.00 sys=0.00, real=0.00 secs] 
2021-01-18T10:21:30.655-0800: 5.380: [CMS-concurrent-reset-start]
2021-01-18T10:21:30.655-0800: 5.380: [CMS-concurrent-reset: 0.000/0.000 secs] [Times: user=0.00 sys=0.00, real=0.00 secs] 
2021-01-18T10:21:30.672-0800: 5.397: [GC (Allocation Failure) 2021-01-18T10:21:30.672-0800: 5.398: [ParNew: 156596K->156596K(157248K), 0.0000412 secs]2021-01-18T10:21:30.672-0800: 5.398: [CMS: 349406K->349510K(349568K), 0.0567023 secs] 506002K->367186K(506816K), [Metaspace: 2580K->2580K(1056768K)], 0.0569180 secs] [Times: user=0.05 sys=0.00, real=0.05 secs] 
2021-01-18T10:21:30.729-0800: 5.455: [GC (CMS Initial Mark) [1 CMS-initial-mark: 349510K(349568K)] 367962K(506816K), 0.0002018 secs] [Times: user=0.00 sys=0.00, real=0.01 secs] 
2021-01-18T10:21:30.730-0800: 5.455: [CMS-concurrent-mark-start]
2021-01-18T10:21:30.731-0800: 5.456: [CMS-concurrent-mark: 0.001/0.001 secs] [Times: user=0.00 sys=0.00, real=0.00 secs] 
2021-01-18T10:21:30.731-0800: 5.456: [CMS-concurrent-preclean-start]
2021-01-18T10:21:30.732-0800: 5.458: [CMS-concurrent-preclean: 0.001/0.001 secs] [Times: user=0.00 sys=0.00, real=0.00 secs] 
2021-01-18T10:21:30.732-0800: 5.458: [CMS-concurrent-abortable-preclean-start]
2021-01-18T10:21:30.732-0800: 5.458: [CMS-concurrent-abortable-preclean: 0.000/0.000 secs] [Times: user=0.00 sys=0.00, real=0.00 secs] 
2021-01-18T10:21:30.732-0800: 5.458: [GC (CMS Final Remark) [YG occupancy: 40193 K (157248 K)]2021-01-18T10:21:30.732-0800: 5.458: [Rescan (parallel) , 0.0003194 secs]2021-01-18T10:21:30.733-0800: 5.458: [weak refs processing, 0.0000131 secs]2021-01-18T10:21:30.733-0800: 5.458: [class unloading, 0.0001887 secs]2021-01-18T10:21:30.733-0800: 5.458: [scrub symbol table, 0.0003051 secs]2021-01-18T10:21:30.733-0800: 5.459: [scrub string table, 0.0001425 secs][1 CMS-remark: 349510K(349568K)] 389703K(506816K), 0.0010355 secs] [Times: user=0.00 sys=0.00, real=0.00 secs] 
2021-01-18T10:21:30.734-0800: 5.459: [CMS-concurrent-sweep-start]
2021-01-18T10:21:30.734-0800: 5.459: [CMS-concurrent-sweep: 0.000/0.000 secs] [Times: user=0.00 sys=0.00, real=0.00 secs] 
2021-01-18T10:21:30.734-0800: 5.459: [CMS-concurrent-reset-start]
2021-01-18T10:21:30.734-0800: 5.460: [CMS-concurrent-reset: 0.000/0.000 secs] [Times: user=0.00 sys=0.00, real=0.00 secs] 
2021-01-18T10:21:30.747-0800: 5.473: [GC (Allocation Failure) 2021-01-18T10:21:30.747-0800: 5.473: [ParNew: 157141K->157141K(157248K), 0.0000178 secs]2021-01-18T10:21:30.747-0800: 5.473: [CMS: 349278K->349495K(349568K), 0.0568284 secs] 506419K->365703K(506816K), [Metaspace: 2580K->2580K(1056768K)], 0.0569393 secs] [Times: user=0.06 sys=0.01, real=0.06 secs] 
2021-01-18T10:21:30.804-0800: 5.530: [GC (CMS Initial Mark) [1 CMS-initial-mark: 349495K(349568K)] 369002K(506816K), 0.0002076 secs] [Times: user=0.00 sys=0.00, real=0.00 secs] 
2021-01-18T10:21:30.805-0800: 5.530: [CMS-concurrent-mark-start]
2021-01-18T10:21:30.807-0800: 5.532: [CMS-concurrent-mark: 0.002/0.002 secs] [Times: user=0.00 sys=0.00, real=0.00 secs] 
2021-01-18T10:21:30.807-0800: 5.532: [CMS-concurrent-preclean-start]
2021-01-18T10:21:30.809-0800: 5.534: [CMS-concurrent-preclean: 0.002/0.002 secs] [Times: user=0.00 sys=0.00, real=0.00 secs] 
2021-01-18T10:21:30.809-0800: 5.534: [CMS-concurrent-abortable-preclean-start]
2021-01-18T10:21:30.809-0800: 5.534: [CMS-concurrent-abortable-preclean: 0.000/0.000 secs] [Times: user=0.00 sys=0.00, real=0.00 secs] 
2021-01-18T10:21:30.809-0800: 5.534: [GC (CMS Final Remark) [YG occupancy: 44945 K (157248 K)]2021-01-18T10:21:30.809-0800: 5.534: [Rescan (parallel) , 0.0007374 secs]2021-01-18T10:21:30.810-0800: 5.535: [weak refs processing, 0.0000127 secs]2021-01-18T10:21:30.810-0800: 5.535: [class unloading, 0.0002247 secs]2021-01-18T10:21:30.810-0800: 5.535: [scrub symbol table, 0.0004635 secs]2021-01-18T10:21:30.810-0800: 5.536: [scrub string table, 0.0001931 secs][1 CMS-remark: 349495K(349568K)] 394441K(506816K), 0.0018426 secs] [Times: user=0.01 sys=0.00, real=0.01 secs] 
2021-01-18T10:21:30.811-0800: 5.536: [CMS-concurrent-sweep-start]
2021-01-18T10:21:30.811-0800: 5.537: [CMS-concurrent-sweep: 0.001/0.001 secs] [Times: user=0.00 sys=0.00, real=0.00 secs] 
2021-01-18T10:21:30.811-0800: 5.537: [CMS-concurrent-reset-start]
2021-01-18T10:21:30.812-0800: 5.537: [CMS-concurrent-reset: 0.000/0.000 secs] [Times: user=0.00 sys=0.00, real=0.00 secs] 
2021-01-18T10:21:30.827-0800: 5.553: [GC (Allocation Failure) 2021-01-18T10:21:30.828-0800: 5.553: [ParNew: 157219K->157219K(157248K), 0.0000171 secs]2021-01-18T10:21:30.828-0800: 5.553: [CMS: 348826K->349257K(349568K), 0.0505324 secs] 506046K->366633K(506816K), [Metaspace: 2580K->2580K(1056768K)], 0.0506479 secs] [Times: user=0.05 sys=0.00, real=0.05 secs] 
2021-01-18T10:21:30.878-0800: 5.604: [GC (CMS Initial Mark) [1 CMS-initial-mark: 349257K(349568K)] 367345K(506816K), 0.0002188 secs] [Times: user=0.00 sys=0.00, real=0.00 secs] 
2021-01-18T10:21:30.879-0800: 5.604: [CMS-concurrent-mark-start]
2021-01-18T10:21:30.880-0800: 5.605: [CMS-concurrent-mark: 0.001/0.001 secs] [Times: user=0.01 sys=0.00, real=0.01 secs] 
2021-01-18T10:21:30.880-0800: 5.605: [CMS-concurrent-preclean-start]
2021-01-18T10:21:30.881-0800: 5.606: [CMS-concurrent-preclean: 0.001/0.001 secs] [Times: user=0.00 sys=0.00, real=0.00 secs] 
2021-01-18T10:21:30.881-0800: 5.606: [CMS-concurrent-abortable-preclean-start]
2021-01-18T10:21:30.881-0800: 5.606: [CMS-concurrent-abortable-preclean: 0.000/0.000 secs] [Times: user=0.00 sys=0.00, real=0.00 secs] 
2021-01-18T10:21:30.881-0800: 5.606: [GC (CMS Final Remark) [YG occupancy: 44165 K (157248 K)]2021-01-18T10:21:30.881-0800: 5.606: [Rescan (parallel) , 0.0003635 secs]2021-01-18T10:21:30.882-0800: 5.607: [weak refs processing, 0.0000125 secs]2021-01-18T10:21:30.882-0800: 5.607: [class unloading, 0.0001698 secs]2021-01-18T10:21:30.882-0800: 5.607: [scrub symbol table, 0.0002662 secs]2021-01-18T10:21:30.882-0800: 5.607: [scrub string table, 0.0001141 secs][1 CMS-remark: 349257K(349568K)] 393422K(506816K), 0.0010129 secs] [Times: user=0.00 sys=0.00, real=0.00 secs] 
2021-01-18T10:21:30.882-0800: 5.608: [CMS-concurrent-sweep-start]
2021-01-18T10:21:30.883-0800: 5.608: [CMS-concurrent-sweep: 0.000/0.000 secs] [Times: user=0.00 sys=0.00, real=0.00 secs] 
2021-01-18T10:21:30.883-0800: 5.608: [CMS-concurrent-reset-start]
2021-01-18T10:21:30.883-0800: 5.608: [CMS-concurrent-reset: 0.000/0.000 secs] [Times: user=0.00 sys=0.00, real=0.00 secs] 
2021-01-18T10:21:30.896-0800: 5.621: [GC (Allocation Failure) 2021-01-18T10:21:30.896-0800: 5.621: [ParNew: 157223K->157223K(157248K), 0.0000177 secs]2021-01-18T10:21:30.896-0800: 5.621: [CMS: 348310K->349488K(349568K), 0.0470950 secs] 505533K->368958K(506816K), [Metaspace: 2580K->2580K(1056768K)], 0.0472175 secs] [Times: user=0.04 sys=0.00, real=0.05 secs] 
2021-01-18T10:21:30.943-0800: 5.668: [GC (CMS Initial Mark) [1 CMS-initial-mark: 349488K(349568K)] 371958K(506816K), 0.0002779 secs] [Times: user=0.00 sys=0.00, real=0.00 secs] 
2021-01-18T10:21:30.943-0800: 5.669: [CMS-concurrent-mark-start]
2021-01-18T10:21:30.945-0800: 5.670: [CMS-concurrent-mark: 0.001/0.001 secs] [Times: user=0.01 sys=0.00, real=0.00 secs] 
2021-01-18T10:21:30.945-0800: 5.670: [CMS-concurrent-preclean-start]
2021-01-18T10:21:30.946-0800: 5.671: [CMS-concurrent-preclean: 0.001/0.001 secs] [Times: user=0.00 sys=0.00, real=0.00 secs] 
2021-01-18T10:21:30.946-0800: 5.671: [CMS-concurrent-abortable-preclean-start]
2021-01-18T10:21:30.946-0800: 5.671: [CMS-concurrent-abortable-preclean: 0.000/0.000 secs] [Times: user=0.00 sys=0.00, real=0.00 secs] 
2021-01-18T10:21:30.946-0800: 5.671: [GC (CMS Final Remark) [YG occupancy: 45385 K (157248 K)]2021-01-18T10:21:30.946-0800: 5.671: [Rescan (parallel) , 0.0003570 secs]2021-01-18T10:21:30.947-0800: 5.672: [weak refs processing, 0.0000272 secs]2021-01-18T10:21:30.947-0800: 5.672: [class unloading, 0.0001705 secs]2021-01-18T10:21:30.947-0800: 5.672: [scrub symbol table, 0.0002694 secs]2021-01-18T10:21:30.947-0800: 5.672: [scrub string table, 0.0001134 secs][1 CMS-remark: 349488K(349568K)] 394873K(506816K), 0.0010242 secs] [Times: user=0.00 sys=0.00, real=0.00 secs] 
2021-01-18T10:21:30.947-0800: 5.673: [CMS-concurrent-sweep-start]
2021-01-18T10:21:30.948-0800: 5.673: [CMS-concurrent-sweep: 0.000/0.000 secs] [Times: user=0.00 sys=0.00, real=0.00 secs] 
2021-01-18T10:21:30.948-0800: 5.673: [CMS-concurrent-reset-start]
2021-01-18T10:21:30.948-0800: 5.673: [CMS-concurrent-reset: 0.000/0.000 secs] [Times: user=0.00 sys=0.00, real=0.00 secs] 
2021-01-18T10:21:30.961-0800: 5.686: [GC (Allocation Failure) 2021-01-18T10:21:30.961-0800: 5.686: [ParNew: 157026K->157026K(157248K), 0.0000208 secs]2021-01-18T10:21:30.961-0800: 5.686: [CMS: 349137K->349517K(349568K), 0.0483080 secs] 506163K->379167K(506816K), [Metaspace: 2580K->2580K(1056768K)], 0.0484380 secs] [Times: user=0.04 sys=0.00, real=0.04 secs] 
2021-01-18T10:21:31.010-0800: 5.735: [GC (CMS Initial Mark) [1 CMS-initial-mark: 349517K(349568K)] 382216K(506816K), 0.0002329 secs] [Times: user=0.00 sys=0.00, real=0.00 secs] 
2021-01-18T10:21:31.010-0800: 5.735: [CMS-concurrent-mark-start]
2021-01-18T10:21:31.011-0800: 5.737: [CMS-concurrent-mark: 0.001/0.001 secs] [Times: user=0.01 sys=0.00, real=0.00 secs] 
2021-01-18T10:21:31.012-0800: 5.737: [CMS-concurrent-preclean-start]
2021-01-18T10:21:31.013-0800: 5.738: [CMS-concurrent-preclean: 0.001/0.001 secs] [Times: user=0.00 sys=0.00, real=0.00 secs] 
2021-01-18T10:21:31.013-0800: 5.738: [CMS-concurrent-abortable-preclean-start]
2021-01-18T10:21:31.013-0800: 5.738: [CMS-concurrent-abortable-preclean: 0.000/0.000 secs] [Times: user=0.00 sys=0.00, real=0.00 secs] 
2021-01-18T10:21:31.013-0800: 5.739: [GC (CMS Final Remark) [YG occupancy: 56612 K (157248 K)]2021-01-18T10:21:31.013-0800: 5.739: [Rescan (parallel) , 0.0002462 secs]2021-01-18T10:21:31.014-0800: 5.739: [weak refs processing, 0.0000120 secs]2021-01-18T10:21:31.014-0800: 5.739: [class unloading, 0.0001725 secs]2021-01-18T10:21:31.014-0800: 5.739: [scrub symbol table, 0.0002685 secs]2021-01-18T10:21:31.014-0800: 5.739: [scrub string table, 0.0001136 secs][1 CMS-remark: 349517K(349568K)] 406130K(506816K), 0.0008876 secs] [Times: user=0.00 sys=0.00, real=0.00 secs] 
2021-01-18T10:21:31.014-0800: 5.740: [CMS-concurrent-sweep-start]
2021-01-18T10:21:31.015-0800: 5.740: [CMS-concurrent-sweep: 0.000/0.000 secs] [Times: user=0.00 sys=0.00, real=0.00 secs] 
2021-01-18T10:21:31.015-0800: 5.740: [CMS-concurrent-reset-start]
2021-01-18T10:21:31.015-0800: 5.741: [CMS-concurrent-reset: 0.000/0.000 secs] [Times: user=0.00 sys=0.00, real=0.00 secs] 
2021-01-18T10:21:31.027-0800: 5.752: [GC (Allocation Failure) 2021-01-18T10:21:31.027-0800: 5.752: [ParNew: 157107K->157107K(157248K), 0.0000171 secs]2021-01-18T10:21:31.027-0800: 5.752: [CMS: 349066K->349231K(349568K), 0.0487211 secs] 506174K->382281K(506816K), [Metaspace: 2580K->2580K(1056768K)], 0.0488405 secs] [Times: user=0.04 sys=0.00, real=0.05 secs] 
2021-01-18T10:21:31.076-0800: 5.801: [GC (CMS Initial Mark) [1 CMS-initial-mark: 349231K(349568K)] 382874K(506816K), 0.0002575 secs] [Times: user=0.00 sys=0.00, real=0.00 secs] 
2021-01-18T10:21:31.076-0800: 5.801: [CMS-concurrent-mark-start]
2021-01-18T10:21:31.077-0800: 5.803: [CMS-concurrent-mark: 0.001/0.001 secs] [Times: user=0.01 sys=0.00, real=0.00 secs] 
2021-01-18T10:21:31.077-0800: 5.803: [CMS-concurrent-preclean-start]
2021-01-18T10:21:31.078-0800: 5.804: [CMS-concurrent-preclean: 0.001/0.001 secs] [Times: user=0.00 sys=0.00, real=0.00 secs] 
2021-01-18T10:21:31.079-0800: 5.804: [CMS-concurrent-abortable-preclean-start]
2021-01-18T10:21:31.079-0800: 5.804: [CMS-concurrent-abortable-preclean: 0.000/0.000 secs] [Times: user=0.00 sys=0.00, real=0.00 secs] 
2021-01-18T10:21:31.079-0800: 5.804: [GC (CMS Final Remark) [YG occupancy: 57053 K (157248 K)]2021-01-18T10:21:31.079-0800: 5.804: [Rescan (parallel) , 0.0002956 secs]2021-01-18T10:21:31.079-0800: 5.804: [weak refs processing, 0.0000333 secs]2021-01-18T10:21:31.079-0800: 5.804: [class unloading, 0.0001942 secs]2021-01-18T10:21:31.079-0800: 5.804: [scrub symbol table, 0.0002603 secs]2021-01-18T10:21:31.080-0800: 5.805: [scrub string table, 0.0001099 secs][1 CMS-remark: 349231K(349568K)] 406284K(506816K), 0.0009589 secs] [Times: user=0.00 sys=0.00, real=0.01 secs] 
2021-01-18T10:21:31.080-0800: 5.805: [CMS-concurrent-sweep-start]
2021-01-18T10:21:31.080-0800: 5.805: [CMS-concurrent-sweep: 0.000/0.000 secs] [Times: user=0.00 sys=0.00, real=0.00 secs] 
2021-01-18T10:21:31.080-0800: 5.805: [CMS-concurrent-reset-start]
2021-01-18T10:21:31.080-0800: 5.806: [CMS-concurrent-reset: 0.000/0.000 secs] [Times: user=0.00 sys=0.00, real=0.00 secs] 
2021-01-18T10:21:31.091-0800: 5.816: [GC (Allocation Failure) 2021-01-18T10:21:31.091-0800: 5.816: [ParNew: 157234K->157234K(157248K), 0.0000183 secs]2021-01-18T10:21:31.091-0800: 5.816: [CMS: 349031K->349419K(349568K), 0.0511725 secs] 506266K->376150K(506816K), [Metaspace: 2580K->2580K(1056768K)], 0.0513136 secs] [Times: user=0.05 sys=0.00, real=0.05 secs] 
2021-01-18T10:21:31.142-0800: 5.867: [GC (CMS Initial Mark) [1 CMS-initial-mark: 349419K(349568K)] 378817K(506816K), 0.0002706 secs] [Times: user=0.00 sys=0.00, real=0.00 secs] 
2021-01-18T10:21:31.143-0800: 5.868: [CMS-concurrent-mark-start]
2021-01-18T10:21:31.144-0800: 5.870: [CMS-concurrent-mark: 0.002/0.002 secs] [Times: user=0.00 sys=0.00, real=0.00 secs] 
2021-01-18T10:21:31.144-0800: 5.870: [CMS-concurrent-preclean-start]
2021-01-18T10:21:31.146-0800: 5.871: [CMS-concurrent-preclean: 0.002/0.002 secs] [Times: user=0.00 sys=0.00, real=0.00 secs] 
2021-01-18T10:21:31.146-0800: 5.871: [CMS-concurrent-abortable-preclean-start]
2021-01-18T10:21:31.146-0800: 5.871: [CMS-concurrent-abortable-preclean: 0.000/0.000 secs] [Times: user=0.00 sys=0.00, real=0.00 secs] 
2021-01-18T10:21:31.146-0800: 5.872: [GC (CMS Final Remark) [YG occupancy: 50041 K (157248 K)]2021-01-18T10:21:31.146-0800: 5.872: [Rescan (parallel) , 0.0010707 secs]2021-01-18T10:21:31.147-0800: 5.873: [weak refs processing, 0.0000157 secs]2021-01-18T10:21:31.147-0800: 5.873: [class unloading, 0.0002057 secs]2021-01-18T10:21:31.148-0800: 5.873: [scrub symbol table, 0.0004254 secs]2021-01-18T10:21:31.148-0800: 5.873: [scrub string table, 0.0001751 secs][1 CMS-remark: 349419K(349568K)] 399460K(506816K), 0.0019852 secs] [Times: user=0.01 sys=0.00, real=0.00 secs] 
2021-01-18T10:21:31.148-0800: 5.874: [CMS-concurrent-sweep-start]
2021-01-18T10:21:31.149-0800: 5.874: [CMS-concurrent-sweep: 0.001/0.001 secs] [Times: user=0.00 sys=0.00, real=0.00 secs] 
2021-01-18T10:21:31.149-0800: 5.874: [CMS-concurrent-reset-start]
2021-01-18T10:21:31.149-0800: 5.875: [CMS-concurrent-reset: 0.000/0.000 secs] [Times: user=0.00 sys=0.00, real=0.00 secs] 
2021-01-18T10:21:31.164-0800: 5.890: [GC (Allocation Failure) 2021-01-18T10:21:31.164-0800: 5.890: [ParNew: 157206K->157206K(157248K), 0.0000188 secs]2021-01-18T10:21:31.164-0800: 5.890: [CMS: 349311K->349287K(349568K), 0.0531631 secs] 506517K->374117K(506816K), [Metaspace: 2580K->2580K(1056768K)], 0.0532790 secs] [Times: user=0.05 sys=0.00, real=0.05 secs] 
2021-01-18T10:21:31.218-0800: 5.943: [GC (CMS Initial Mark) [1 CMS-initial-mark: 349287K(349568K)] 374189K(506816K), 0.0001857 secs] [Times: user=0.00 sys=0.00, real=0.00 secs] 
2021-01-18T10:21:31.218-0800: 5.943: [CMS-concurrent-mark-start]
2021-01-18T10:21:31.219-0800: 5.944: [CMS-concurrent-mark: 0.001/0.001 secs] [Times: user=0.01 sys=0.00, real=0.00 secs] 
2021-01-18T10:21:31.219-0800: 5.944: [CMS-concurrent-preclean-start]
2021-01-18T10:21:31.220-0800: 5.945: [CMS-concurrent-preclean: 0.001/0.001 secs] [Times: user=0.00 sys=0.00, real=0.01 secs] 
2021-01-18T10:21:31.220-0800: 5.945: [CMS-concurrent-abortable-preclean-start]
2021-01-18T10:21:31.220-0800: 5.945: [CMS-concurrent-abortable-preclean: 0.000/0.000 secs] [Times: user=0.00 sys=0.00, real=0.00 secs] 
2021-01-18T10:21:31.220-0800: 5.946: [GC (CMS Final Remark) [YG occupancy: 42515 K (157248 K)]2021-01-18T10:21:31.220-0800: 5.946: [Rescan (parallel) , 0.0002527 secs]2021-01-18T10:21:31.221-0800: 5.946: [weak refs processing, 0.0000124 secs]2021-01-18T10:21:31.221-0800: 5.946: [class unloading, 0.0001722 secs]2021-01-18T10:21:31.221-0800: 5.946: [scrub symbol table, 0.0003251 secs]2021-01-18T10:21:31.221-0800: 5.946: [scrub string table, 0.0001185 secs][1 CMS-remark: 349287K(349568K)] 391803K(506816K), 0.0009429 secs] [Times: user=0.00 sys=0.00, real=0.00 secs] 
2021-01-18T10:21:31.221-0800: 5.947: [CMS-concurrent-sweep-start]
2021-01-18T10:21:31.222-0800: 5.947: [CMS-concurrent-sweep: 0.000/0.000 secs] [Times: user=0.00 sys=0.00, real=0.00 secs] 
2021-01-18T10:21:31.222-0800: 5.947: [CMS-concurrent-reset-start]
2021-01-18T10:21:31.222-0800: 5.947: [CMS-concurrent-reset: 0.000/0.000 secs] [Times: user=0.00 sys=0.00, real=0.00 secs] 
2021-01-18T10:21:31.235-0800: 5.960: [GC (Allocation Failure) 2021-01-18T10:21:31.235-0800: 5.960: [ParNew: 157239K->157239K(157248K), 0.0000176 secs]2021-01-18T10:21:31.235-0800: 5.960: [CMS: 349100K->349446K(349568K), 0.0521516 secs] 506339K->366446K(506816K), [Metaspace: 2580K->2580K(1056768K)], 0.0522858 secs] [Times: user=0.05 sys=0.00, real=0.05 secs] 
2021-01-18T10:21:31.287-0800: 6.013: [GC (CMS Initial Mark) [1 CMS-initial-mark: 349446K(349568K)] 369591K(506816K), 0.0002272 secs] [Times: user=0.00 sys=0.00, real=0.00 secs] 
2021-01-18T10:21:31.288-0800: 6.013: [CMS-concurrent-mark-start]
2021-01-18T10:21:31.289-0800: 6.014: [CMS-concurrent-mark: 0.001/0.001 secs] [Times: user=0.00 sys=0.00, real=0.00 secs] 
2021-01-18T10:21:31.289-0800: 6.014: [CMS-concurrent-preclean-start]
2021-01-18T10:21:31.290-0800: 6.016: [CMS-concurrent-preclean: 0.001/0.001 secs] [Times: user=0.00 sys=0.00, real=0.01 secs] 
2021-01-18T10:21:31.291-0800: 6.016: [CMS-concurrent-abortable-preclean-start]
2021-01-18T10:21:31.291-0800: 6.016: [CMS-concurrent-abortable-preclean: 0.000/0.000 secs] [Times: user=0.00 sys=0.00, real=0.00 secs] 
2021-01-18T10:21:31.291-0800: 6.016: [GC (CMS Final Remark) [YG occupancy: 36322 K (157248 K)]2021-01-18T10:21:31.291-0800: 6.016: [Rescan (parallel) , 0.0003773 secs]2021-01-18T10:21:31.291-0800: 6.016: [weak refs processing, 0.0000188 secs]2021-01-18T10:21:31.291-0800: 6.016: [class unloading, 0.0002109 secs]2021-01-18T10:21:31.291-0800: 6.017: [scrub symbol table, 0.0003439 secs]2021-01-18T10:21:31.292-0800: 6.017: [scrub string table, 0.0001637 secs][1 CMS-remark: 349446K(349568K)] 385769K(506816K), 0.0012118 secs] [Times: user=0.01 sys=0.00, real=0.00 secs] 
2021-01-18T10:21:31.292-0800: 6.017: [CMS-concurrent-sweep-start]
2021-01-18T10:21:31.292-0800: 6.018: [CMS-concurrent-sweep: 0.000/0.000 secs] [Times: user=0.00 sys=0.00, real=0.00 secs] 
2021-01-18T10:21:31.293-0800: 6.018: [CMS-concurrent-reset-start]
2021-01-18T10:21:31.293-0800: 6.018: [CMS-concurrent-reset: 0.000/0.000 secs] [Times: user=0.00 sys=0.00, real=0.00 secs] 
2021-01-18T10:21:31.310-0800: 6.035: [GC (Allocation Failure) 2021-01-18T10:21:31.310-0800: 6.036: [ParNew: 157173K->157173K(157248K), 0.0000207 secs]2021-01-18T10:21:31.310-0800: 6.036: [CMS: 349410K->349529K(349568K), 0.0535034 secs] 506583K->361733K(506816K), [Metaspace: 2580K->2580K(1056768K)], 0.0536396 secs] [Times: user=0.05 sys=0.00, real=0.05 secs] 
2021-01-18T10:21:31.364-0800: 6.089: [GC (CMS Initial Mark) [1 CMS-initial-mark: 349529K(349568K)] 362494K(506816K), 0.0002552 secs] [Times: user=0.00 sys=0.00, real=0.00 secs] 
2021-01-18T10:21:31.364-0800: 6.090: [CMS-concurrent-mark-start]
2021-01-18T10:21:31.366-0800: 6.091: [CMS-concurrent-mark: 0.002/0.002 secs] [Times: user=0.00 sys=0.00, real=0.00 secs] 
2021-01-18T10:21:31.366-0800: 6.091: [CMS-concurrent-preclean-start]
2021-01-18T10:21:31.368-0800: 6.093: [CMS-concurrent-preclean: 0.001/0.001 secs] [Times: user=0.01 sys=0.00, real=0.00 secs] 
2021-01-18T10:21:31.368-0800: 6.093: [CMS-concurrent-abortable-preclean-start]
2021-01-18T10:21:31.368-0800: 6.093: [CMS-concurrent-abortable-preclean: 0.000/0.000 secs] [Times: user=0.00 sys=0.00, real=0.00 secs] 
2021-01-18T10:21:31.368-0800: 6.093: [GC (CMS Final Remark) [YG occupancy: 37148 K (157248 K)]2021-01-18T10:21:31.368-0800: 6.093: [Rescan (parallel) , 0.0008799 secs]2021-01-18T10:21:31.369-0800: 6.094: [weak refs processing, 0.0000189 secs]2021-01-18T10:21:31.369-0800: 6.094: [class unloading, 0.0002137 secs]2021-01-18T10:21:31.369-0800: 6.094: [scrub symbol table, 0.0003383 secs]2021-01-18T10:21:31.369-0800: 6.094: [scrub string table, 0.0001641 secs][1 CMS-remark: 349529K(349568K)] 386678K(506816K), 0.0017078 secs] [Times: user=0.00 sys=0.00, real=0.00 secs] 
2021-01-18T10:21:31.370-0800: 6.095: [CMS-concurrent-sweep-start]
2021-01-18T10:21:31.370-0800: 6.095: [CMS-concurrent-sweep: 0.000/0.000 secs] [Times: user=0.00 sys=0.00, real=0.00 secs] 
2021-01-18T10:21:31.370-0800: 6.095: [CMS-concurrent-reset-start]
2021-01-18T10:21:31.370-0800: 6.096: [CMS-concurrent-reset: 0.000/0.000 secs] [Times: user=0.00 sys=0.00, real=0.00 secs] 
2021-01-18T10:21:31.390-0800: 6.115: [GC (Allocation Failure) 2021-01-18T10:21:31.390-0800: 6.116: [ParNew: 157225K->157225K(157248K), 0.0000244 secs]2021-01-18T10:21:31.390-0800: 6.116: [CMS: 348974K->349551K(349568K), 0.0568056 secs] 506200K->359078K(506816K), [Metaspace: 2580K->2580K(1056768K)], 0.0569678 secs] [Times: user=0.05 sys=0.00, real=0.05 secs] 
2021-01-18T10:21:31.447-0800: 6.173: [GC (CMS Initial Mark) [1 CMS-initial-mark: 349551K(349568K)] 361904K(506816K), 0.0002480 secs] [Times: user=0.00 sys=0.00, real=0.00 secs] 
2021-01-18T10:21:31.448-0800: 6.173: [CMS-concurrent-mark-start]
2021-01-18T10:21:31.449-0800: 6.174: [CMS-concurrent-mark: 0.001/0.001 secs] [Times: user=0.01 sys=0.00, real=0.00 secs] 
2021-01-18T10:21:31.449-0800: 6.174: [CMS-concurrent-preclean-start]
2021-01-18T10:21:31.450-0800: 6.176: [CMS-concurrent-preclean: 0.001/0.001 secs] [Times: user=0.00 sys=0.00, real=0.01 secs] 
2021-01-18T10:21:31.450-0800: 6.176: [CMS-concurrent-abortable-preclean-start]
2021-01-18T10:21:31.450-0800: 6.176: [CMS-concurrent-abortable-preclean: 0.000/0.000 secs] [Times: user=0.00 sys=0.00, real=0.00 secs] 
2021-01-18T10:21:31.451-0800: 6.176: [GC (CMS Final Remark) [YG occupancy: 31768 K (157248 K)]2021-01-18T10:21:31.451-0800: 6.176: [Rescan (parallel) , 0.0003766 secs]2021-01-18T10:21:31.451-0800: 6.176: [weak refs processing, 0.0000178 secs]2021-01-18T10:21:31.451-0800: 6.176: [class unloading, 0.0001925 secs]2021-01-18T10:21:31.451-0800: 6.176: [scrub symbol table, 0.0003236 secs]2021-01-18T10:21:31.451-0800: 6.177: [scrub string table, 0.0001516 secs][1 CMS-remark: 349551K(349568K)] 381319K(506816K), 0.0011416 secs] [Times: user=0.00 sys=0.00, real=0.00 secs] 
2021-01-18T10:21:31.452-0800: 6.177: [CMS-concurrent-sweep-start]
2021-01-18T10:21:31.452-0800: 6.177: [CMS-concurrent-sweep: 0.000/0.000 secs] [Times: user=0.00 sys=0.00, real=0.00 secs] 
2021-01-18T10:21:31.452-0800: 6.178: [CMS-concurrent-reset-start]
2021-01-18T10:21:31.453-0800: 6.178: [CMS-concurrent-reset: 0.000/0.000 secs] [Times: user=0.00 sys=0.00, real=0.00 secs] 
2021-01-18T10:21:31.470-0800: 6.196: [GC (Allocation Failure) 2021-01-18T10:21:31.471-0800: 6.196: [ParNew: 157145K->157145K(157248K), 0.0000200 secs]2021-01-18T10:21:31.471-0800: 6.196: [CMS: 348850K->349479K(349568K), 0.0573661 secs] 505995K->364368K(506816K), [Metaspace: 2580K->2580K(1056768K)], 0.0575032 secs] [Times: user=0.06 sys=0.01, real=0.05 secs] 
2021-01-18T10:21:31.528-0800: 6.253: [GC (CMS Initial Mark) [1 CMS-initial-mark: 349479K(349568K)] 367313K(506816K), 0.0002297 secs] [Times: user=0.00 sys=0.00, real=0.00 secs] 
2021-01-18T10:21:31.529-0800: 6.254: [CMS-concurrent-mark-start]
2021-01-18T10:21:31.530-0800: 6.256: [CMS-concurrent-mark: 0.002/0.002 secs] [Times: user=0.00 sys=0.00, real=0.01 secs] 
2021-01-18T10:21:31.530-0800: 6.256: [CMS-concurrent-preclean-start]
2021-01-18T10:21:31.532-0800: 6.257: [CMS-concurrent-preclean: 0.001/0.001 secs] [Times: user=0.00 sys=0.00, real=0.00 secs] 
2021-01-18T10:21:31.532-0800: 6.257: [CMS-concurrent-abortable-preclean-start]
2021-01-18T10:21:31.532-0800: 6.257: [CMS-concurrent-abortable-preclean: 0.000/0.000 secs] [Times: user=0.00 sys=0.00, real=0.00 secs] 
2021-01-18T10:21:31.532-0800: 6.257: [GC (CMS Final Remark) [YG occupancy: 36145 K (157248 K)]2021-01-18T10:21:31.532-0800: 6.257: [Rescan (parallel) , 0.0003223 secs]2021-01-18T10:21:31.532-0800: 6.258: [weak refs processing, 0.0000174 secs]2021-01-18T10:21:31.532-0800: 6.258: [class unloading, 0.0001862 secs]2021-01-18T10:21:31.533-0800: 6.258: [scrub symbol table, 0.0003121 secs]2021-01-18T10:21:31.533-0800: 6.258: [scrub string table, 0.0001491 secs][1 CMS-remark: 349479K(349568K)] 385625K(506816K), 0.0010634 secs] [Times: user=0.00 sys=0.00, real=0.00 secs] 
2021-01-18T10:21:31.533-0800: 6.258: [CMS-concurrent-sweep-start]
2021-01-18T10:21:31.534-0800: 6.259: [CMS-concurrent-sweep: 0.000/0.000 secs] [Times: user=0.00 sys=0.00, real=0.00 secs] 
2021-01-18T10:21:31.534-0800: 6.259: [CMS-concurrent-reset-start]
2021-01-18T10:21:31.534-0800: 6.259: [CMS-concurrent-reset: 0.000/0.000 secs] [Times: user=0.00 sys=0.00, real=0.00 secs] 
2021-01-18T10:21:31.554-0800: 6.279: [GC (Allocation Failure) 2021-01-18T10:21:31.554-0800: 6.280: [ParNew: 157243K->157243K(157248K), 0.0000516 secs]2021-01-18T10:21:31.554-0800: 6.280: [CMS: 349009K->349491K(349568K), 0.0531962 secs] 506252K->367924K(506816K), [Metaspace: 2580K->2580K(1056768K)], 0.0533938 secs] [Times: user=0.05 sys=0.00, real=0.05 secs] 
2021-01-18T10:21:31.608-0800: 6.333: [GC (CMS Initial Mark) [1 CMS-initial-mark: 349491K(349568K)] 370947K(506816K), 0.0002084 secs] [Times: user=0.00 sys=0.00, real=0.00 secs] 
2021-01-18T10:21:31.608-0800: 6.333: [CMS-concurrent-mark-start]
2021-01-18T10:21:31.610-0800: 6.335: [CMS-concurrent-mark: 0.002/0.002 secs] [Times: user=0.00 sys=0.00, real=0.01 secs] 
2021-01-18T10:21:31.610-0800: 6.335: [CMS-concurrent-preclean-start]
2021-01-18T10:21:31.611-0800: 6.337: [CMS-concurrent-preclean: 0.002/0.002 secs] [Times: user=0.01 sys=0.00, real=0.00 secs] 
2021-01-18T10:21:31.611-0800: 6.337: [CMS-concurrent-abortable-preclean-start]
2021-01-18T10:21:31.611-0800: 6.337: [CMS-concurrent-abortable-preclean: 0.000/0.000 secs] [Times: user=0.00 sys=0.00, real=0.00 secs] 
2021-01-18T10:21:31.611-0800: 6.337: [GC (CMS Final Remark) [YG occupancy: 42358 K (157248 K)]2021-01-18T10:21:31.611-0800: 6.337: [Rescan (parallel) , 0.0024444 secs]2021-01-18T10:21:31.614-0800: 6.339: [weak refs processing, 0.0000238 secs]2021-01-18T10:21:31.614-0800: 6.339: [class unloading, 0.0003339 secs]2021-01-18T10:21:31.614-0800: 6.340: [scrub symbol table, 0.0005227 secs]2021-01-18T10:21:31.615-0800: 6.340: [scrub string table, 0.0001357 secs][1 CMS-remark: 349491K(349568K)] 391850K(506816K), 0.0036822 secs] [Times: user=0.00 sys=0.00, real=0.00 secs] 
2021-01-18T10:21:31.615-0800: 6.340: [CMS-concurrent-sweep-start]
2021-01-18T10:21:31.616-0800: 6.341: [CMS-concurrent-sweep: 0.001/0.001 secs] [Times: user=0.00 sys=0.00, real=0.00 secs] 
2021-01-18T10:21:31.616-0800: 6.341: [CMS-concurrent-reset-start]
2021-01-18T10:21:31.616-0800: 6.341: [CMS-concurrent-reset: 0.000/0.000 secs] [Times: user=0.01 sys=0.00, real=0.00 secs] 
2021-01-18T10:21:31.631-0800: 6.356: [GC (Allocation Failure) 2021-01-18T10:21:31.631-0800: 6.356: [ParNew: 157144K->157144K(157248K), 0.0000179 secs]2021-01-18T10:21:31.631-0800: 6.356: [CMS: 349245K->349533K(349568K), 0.0566472 secs] 506390K->378437K(506816K), [Metaspace: 2580K->2580K(1056768K)], 0.0567723 secs] [Times: user=0.05 sys=0.00, real=0.05 secs] 
2021-01-18T10:21:31.688-0800: 6.413: [GC (CMS Initial Mark) [1 CMS-initial-mark: 349533K(349568K)] 381344K(506816K), 0.0002155 secs] [Times: user=0.00 sys=0.00, real=0.00 secs] 
2021-01-18T10:21:31.688-0800: 6.413: [CMS-concurrent-mark-start]
2021-01-18T10:21:31.689-0800: 6.415: [CMS-concurrent-mark: 0.001/0.001 secs] [Times: user=0.01 sys=0.00, real=0.00 secs] 
2021-01-18T10:21:31.689-0800: 6.415: [CMS-concurrent-preclean-start]
2021-01-18T10:21:31.691-0800: 6.416: [CMS-concurrent-preclean: 0.001/0.001 secs] [Times: user=0.00 sys=0.00, real=0.01 secs] 
2021-01-18T10:21:31.691-0800: 6.416: [CMS-concurrent-abortable-preclean-start]
2021-01-18T10:21:31.691-0800: 6.416: [CMS-concurrent-abortable-preclean: 0.000/0.000 secs] [Times: user=0.00 sys=0.00, real=0.00 secs] 
2021-01-18T10:21:31.691-0800: 6.416: [GC (CMS Final Remark) [YG occupancy: 48901 K (157248 K)]2021-01-18T10:21:31.691-0800: 6.416: [Rescan (parallel) , 0.0003570 secs]2021-01-18T10:21:31.691-0800: 6.417: [weak refs processing, 0.0000181 secs]2021-01-18T10:21:31.692-0800: 6.417: [class unloading, 0.0002038 secs]2021-01-18T10:21:31.692-0800: 6.417: [scrub symbol table, 0.0003435 secs]2021-01-18T10:21:31.692-0800: 6.417: [scrub string table, 0.0001649 secs][1 CMS-remark: 349533K(349568K)] 398435K(506816K), 0.0011781 secs] [Times: user=0.00 sys=0.00, real=0.00 secs] 
2021-01-18T10:21:31.692-0800: 6.418: [CMS-concurrent-sweep-start]
2021-01-18T10:21:31.693-0800: 6.418: [CMS-concurrent-sweep: 0.000/0.000 secs] [Times: user=0.00 sys=0.00, real=0.00 secs] 
2021-01-18T10:21:31.693-0800: 6.418: [CMS-concurrent-reset-start]
2021-01-18T10:21:31.693-0800: 6.418: [CMS-concurrent-reset: 0.000/0.000 secs] [Times: user=0.00 sys=0.00, real=0.00 secs] 
2021-01-18T10:21:31.707-0800: 6.433: [GC (Allocation Failure) 2021-01-18T10:21:31.707-0800: 6.433: [ParNew: 157010K->157010K(157248K), 0.0000210 secs]2021-01-18T10:21:31.707-0800: 6.433: [CMS: 349091K->349460K(349568K), 0.0544161 secs] 506101K->376720K(506816K), [Metaspace: 2580K->2580K(1056768K)], 0.0545563 secs] [Times: user=0.05 sys=0.00, real=0.06 secs] 
2021-01-18T10:21:31.762-0800: 6.487: [GC (CMS Initial Mark) [1 CMS-initial-mark: 349460K(349568K)] 377382K(506816K), 0.0002185 secs] [Times: user=0.00 sys=0.00, real=0.00 secs] 
2021-01-18T10:21:31.762-0800: 6.488: [CMS-concurrent-mark-start]
2021-01-18T10:21:31.764-0800: 6.489: [CMS-concurrent-mark: 0.001/0.001 secs] [Times: user=0.01 sys=0.00, real=0.00 secs] 
2021-01-18T10:21:31.764-0800: 6.489: [CMS-concurrent-preclean-start]
2021-01-18T10:21:31.765-0800: 6.490: [CMS-concurrent-preclean: 0.001/0.001 secs] [Times: user=0.00 sys=0.00, real=0.00 secs] 
2021-01-18T10:21:31.765-0800: 6.491: [CMS-concurrent-abortable-preclean-start]
2021-01-18T10:21:31.765-0800: 6.491: [CMS-concurrent-abortable-preclean: 0.000/0.000 secs] [Times: user=0.00 sys=0.00, real=0.00 secs] 
2021-01-18T10:21:31.765-0800: 6.491: [GC (CMS Final Remark) [YG occupancy: 49564 K (157248 K)]2021-01-18T10:21:31.765-0800: 6.491: [Rescan (parallel) , 0.0003958 secs]2021-01-18T10:21:31.766-0800: 6.491: [weak refs processing, 0.0000227 secs]2021-01-18T10:21:31.766-0800: 6.491: [class unloading, 0.0002074 secs]2021-01-18T10:21:31.766-0800: 6.491: [scrub symbol table, 0.0003426 secs]2021-01-18T10:21:31.766-0800: 6.492: [scrub string table, 0.0001714 secs][1 CMS-remark: 349460K(349568K)] 399025K(506816K), 0.0012352 secs] [Times: user=0.00 sys=0.00, real=0.00 secs] 
2021-01-18T10:21:31.767-0800: 6.492: [CMS-concurrent-sweep-start]
2021-01-18T10:21:31.767-0800: 6.493: [CMS-concurrent-sweep: 0.001/0.001 secs] [Times: user=0.00 sys=0.00, real=0.00 secs] 
2021-01-18T10:21:31.767-0800: 6.493: [CMS-concurrent-reset-start]
2021-01-18T10:21:31.768-0800: 6.493: [CMS-concurrent-reset: 0.000/0.000 secs] [Times: user=0.00 sys=0.00, real=0.00 secs] 
2021-01-18T10:21:31.781-0800: 6.506: [GC (Allocation Failure) 2021-01-18T10:21:31.781-0800: 6.506: [ParNew: 157134K->157134K(157248K), 0.0000197 secs]2021-01-18T10:21:31.781-0800: 6.506: [CMS: 349460K->348846K(349568K), 0.0563539 secs] 506595K->382284K(506816K), [Metaspace: 2580K->2580K(1056768K)], 0.0564858 secs] [Times: user=0.05 sys=0.00, real=0.05 secs] 
2021-01-18T10:21:31.838-0800: 6.563: [GC (CMS Initial Mark) [1 CMS-initial-mark: 348846K(349568K)] 382428K(506816K), 0.0002291 secs] [Times: user=0.00 sys=0.00, real=0.00 secs] 
2021-01-18T10:21:31.838-0800: 6.563: [CMS-concurrent-mark-start]
2021-01-18T10:21:31.840-0800: 6.565: [CMS-concurrent-mark: 0.001/0.001 secs] [Times: user=0.00 sys=0.00, real=0.01 secs] 
2021-01-18T10:21:31.840-0800: 6.565: [CMS-concurrent-preclean-start]
2021-01-18T10:21:31.841-0800: 6.566: [CMS-concurrent-preclean: 0.001/0.001 secs] [Times: user=0.00 sys=0.00, real=0.00 secs] 
2021-01-18T10:21:31.841-0800: 6.566: [CMS-concurrent-abortable-preclean-start]
2021-01-18T10:21:31.841-0800: 6.566: [CMS-concurrent-abortable-preclean: 0.000/0.000 secs] [Times: user=0.00 sys=0.00, real=0.00 secs] 
2021-01-18T10:21:31.841-0800: 6.567: [GC (CMS Final Remark) [YG occupancy: 50488 K (157248 K)]2021-01-18T10:21:31.841-0800: 6.567: [Rescan (parallel) , 0.0003797 secs]2021-01-18T10:21:31.842-0800: 6.567: [weak refs processing, 0.0000154 secs]2021-01-18T10:21:31.842-0800: 6.567: [class unloading, 0.0002043 secs]2021-01-18T10:21:31.842-0800: 6.567: [scrub symbol table, 0.0003403 secs]2021-01-18T10:21:31.842-0800: 6.568: [scrub string table, 0.0001639 secs][1 CMS-remark: 348846K(349568K)] 399334K(506816K), 0.0011847 secs] [Times: user=0.00 sys=0.00, real=0.00 secs] 
2021-01-18T10:21:31.843-0800: 6.568: [CMS-concurrent-sweep-start]
2021-01-18T10:21:31.843-0800: 6.568: [CMS-concurrent-sweep: 0.000/0.000 secs] [Times: user=0.01 sys=0.00, real=0.00 secs] 
2021-01-18T10:21:31.843-0800: 6.568: [CMS-concurrent-reset-start]
2021-01-18T10:21:31.843-0800: 6.569: [CMS-concurrent-reset: 0.000/0.000 secs] [Times: user=0.00 sys=0.00, real=0.00 secs] 
2021-01-18T10:21:31.857-0800: 6.582: [GC (Allocation Failure) 2021-01-18T10:21:31.857-0800: 6.582: [ParNew: 157168K->157168K(157248K), 0.0000551 secs]2021-01-18T10:21:31.857-0800: 6.582: [CMS: 348846K->349173K(349568K), 0.0615688 secs] 506015K->383970K(506816K), [Metaspace: 2580K->2580K(1056768K)], 0.0617636 secs] [Times: user=0.06 sys=0.01, real=0.06 secs] 
2021-01-18T10:21:31.919-0800: 6.644: [GC (CMS Initial Mark) [1 CMS-initial-mark: 349173K(349568K)] 384308K(506816K), 0.0002083 secs] [Times: user=0.00 sys=0.00, real=0.00 secs] 
2021-01-18T10:21:31.926-0800: 6.651: [CMS-concurrent-mark-start]
2021-01-18T10:21:31.927-0800: 6.653: [CMS-concurrent-mark: 0.002/0.002 secs] [Times: user=0.00 sys=0.00, real=0.00 secs] 
2021-01-18T10:21:31.928-0800: 6.653: [CMS-concurrent-preclean-start]
2021-01-18T10:21:31.930-0800: 6.655: [CMS-concurrent-preclean: 0.002/0.002 secs] [Times: user=0.01 sys=0.00, real=0.01 secs] 
2021-01-18T10:21:31.930-0800: 6.655: [CMS-concurrent-abortable-preclean-start]
2021-01-18T10:21:31.930-0800: 6.655: [CMS-concurrent-abortable-preclean: 0.000/0.000 secs] [Times: user=0.00 sys=0.00, real=0.00 secs] 
2021-01-18T10:21:31.930-0800: 6.655: [GC (CMS Final Remark) [YG occupancy: 57485 K (157248 K)]2021-01-18T10:21:31.930-0800: 6.655: [Rescan (parallel) , 0.0017018 secs]2021-01-18T10:21:31.932-0800: 6.657: [weak refs processing, 0.0000284 secs]2021-01-18T10:21:31.932-0800: 6.657: [class unloading, 0.0003775 secs]2021-01-18T10:21:31.932-0800: 6.658: [scrub symbol table, 0.0005748 secs]2021-01-18T10:21:31.933-0800: 6.658: [scrub string table, 0.0001570 secs][1 CMS-remark: 349173K(349568K)] 406658K(506816K), 0.0029977 secs] [Times: user=0.00 sys=0.00, real=0.00 secs] 
2021-01-18T10:21:31.933-0800: 6.659: [CMS-concurrent-sweep-start]
2021-01-18T10:21:31.934-0800: 6.659: [CMS-concurrent-sweep: 0.000/0.000 secs] [Times: user=0.00 sys=0.00, real=0.00 secs] 
2021-01-18T10:21:31.934-0800: 6.659: [CMS-concurrent-reset-start]
2021-01-18T10:21:31.934-0800: 6.659: [CMS-concurrent-reset: 0.000/0.000 secs] [Times: user=0.01 sys=0.00, real=0.00 secs] 
2021-01-18T10:21:31.948-0800: 6.673: [GC (Allocation Failure) 2021-01-18T10:21:31.948-0800: 6.673: [ParNew: 157215K->157215K(157248K), 0.0000204 secs]2021-01-18T10:21:31.948-0800: 6.673: [CMS: 349056K->349370K(349568K), 0.0582984 secs] 506272K->380547K(506816K), [Metaspace: 2580K->2580K(1056768K)], 0.0584473 secs] [Times: user=0.06 sys=0.00, real=0.06 secs] 
2021-01-18T10:21:32.006-0800: 6.732: [GC (CMS Initial Mark) [1 CMS-initial-mark: 349370K(349568K)] 380835K(506816K), 0.0002773 secs] [Times: user=0.00 sys=0.00, real=0.00 secs] 
2021-01-18T10:21:32.007-0800: 6.732: [CMS-concurrent-mark-start]
2021-01-18T10:21:32.008-0800: 6.734: [CMS-concurrent-mark: 0.002/0.002 secs] [Times: user=0.00 sys=0.00, real=0.00 secs] 
2021-01-18T10:21:32.009-0800: 6.734: [CMS-concurrent-preclean-start]
2021-01-18T10:21:32.010-0800: 6.735: [CMS-concurrent-preclean: 0.002/0.002 secs] [Times: user=0.00 sys=0.00, real=0.01 secs] 
2021-01-18T10:21:32.010-0800: 6.736: [CMS-concurrent-abortable-preclean-start]
2021-01-18T10:21:32.010-0800: 6.736: [CMS-concurrent-abortable-preclean: 0.000/0.000 secs] [Times: user=0.00 sys=0.00, real=0.00 secs] 
2021-01-18T10:21:32.010-0800: 6.736: [GC (CMS Final Remark) [YG occupancy: 49693 K (157248 K)]2021-01-18T10:21:32.010-0800: 6.736: [Rescan (parallel) , 0.0011687 secs]2021-01-18T10:21:32.012-0800: 6.737: [weak refs processing, 0.0000939 secs]2021-01-18T10:21:32.012-0800: 6.737: [class unloading, 0.0003370 secs]2021-01-18T10:21:32.012-0800: 6.737: [scrub symbol table, 0.0006126 secs]2021-01-18T10:21:32.013-0800: 6.738: [scrub string table, 0.0002320 secs][1 CMS-remark: 349370K(349568K)] 399064K(506816K), 0.0025908 secs] [Times: user=0.01 sys=0.00, real=0.00 secs] 
2021-01-18T10:21:32.013-0800: 6.738: [CMS-concurrent-sweep-start]
2021-01-18T10:21:32.014-0800: 6.739: [CMS-concurrent-sweep: 0.000/0.000 secs] [Times: user=0.00 sys=0.00, real=0.00 secs] 
2021-01-18T10:21:32.014-0800: 6.739: [CMS-concurrent-reset-start]
2021-01-18T10:21:32.014-0800: 6.739: [CMS-concurrent-reset: 0.000/0.000 secs] [Times: user=0.00 sys=0.00, real=0.00 secs] 
2021-01-18T10:21:32.030-0800: 6.755: [GC (Allocation Failure) 2021-01-18T10:21:32.030-0800: 6.755: [ParNew: 157223K->157223K(157248K), 0.0000206 secs]2021-01-18T10:21:32.030-0800: 6.755: [CMS: 349370K->349476K(349568K), 0.0657463 secs] 506594K->378241K(506816K), [Metaspace: 2580K->2580K(1056768K)], 0.0658879 secs] [Times: user=0.05 sys=0.00, real=0.06 secs] 
2021-01-18T10:21:32.096-0800: 6.821: [GC (CMS Initial Mark) [1 CMS-initial-mark: 349476K(349568K)] 378529K(506816K), 0.0002307 secs] [Times: user=0.00 sys=0.00, real=0.00 secs] 
2021-01-18T10:21:32.096-0800: 6.821: [CMS-concurrent-mark-start]
2021-01-18T10:21:32.097-0800: 6.822: [CMS-concurrent-mark: 0.001/0.001 secs] [Times: user=0.01 sys=0.00, real=0.00 secs] 
2021-01-18T10:21:32.097-0800: 6.823: [CMS-concurrent-preclean-start]
2021-01-18T10:21:32.099-0800: 6.824: [CMS-concurrent-preclean: 0.001/0.001 secs] [Times: user=0.00 sys=0.00, real=0.00 secs] 
2021-01-18T10:21:32.099-0800: 6.824: [CMS-concurrent-abortable-preclean-start]
2021-01-18T10:21:32.099-0800: 6.824: [CMS-concurrent-abortable-preclean: 0.000/0.000 secs] [Times: user=0.00 sys=0.00, real=0.00 secs] 
2021-01-18T10:21:32.099-0800: 6.824: [GC (CMS Final Remark) [YG occupancy: 48582 K (157248 K)]2021-01-18T10:21:32.099-0800: 6.824: [Rescan (parallel) , 0.0003260 secs]2021-01-18T10:21:32.099-0800: 6.825: [weak refs processing, 0.0000181 secs]2021-01-18T10:21:32.099-0800: 6.825: [class unloading, 0.0002006 secs]2021-01-18T10:21:32.100-0800: 6.825: [scrub symbol table, 0.0003289 secs]2021-01-18T10:21:32.100-0800: 6.825: [scrub string table, 0.0001781 secs][1 CMS-remark: 349476K(349568K)] 398059K(506816K), 0.0011484 secs] [Times: user=0.00 sys=0.00, real=0.01 secs] 
2021-01-18T10:21:32.100-0800: 6.826: [CMS-concurrent-sweep-start]
2021-01-18T10:21:32.101-0800: 6.826: [CMS-concurrent-sweep: 0.000/0.000 secs] [Times: user=0.00 sys=0.00, real=0.00 secs] 
2021-01-18T10:21:32.101-0800: 6.826: [CMS-concurrent-reset-start]
2021-01-18T10:21:32.101-0800: 6.826: [CMS-concurrent-reset: 0.000/0.000 secs] [Times: user=0.00 sys=0.00, real=0.00 secs] 
2021-01-18T10:21:32.115-0800: 6.840: [GC (Allocation Failure) 2021-01-18T10:21:32.115-0800: 6.840: [ParNew: 157008K->157008K(157248K), 0.0000208 secs]2021-01-18T10:21:32.115-0800: 6.841: [CMS: 349080K->349259K(349568K), 0.0538881 secs] 506088K->370610K(506816K), [Metaspace: 2580K->2580K(1056768K)], 0.0540371 secs] [Times: user=0.05 sys=0.00, real=0.05 secs] 
2021-01-18T10:21:32.169-0800: 6.895: [GC (CMS Initial Mark) [1 CMS-initial-mark: 349259K(349568K)] 374079K(506816K), 0.0002334 secs] [Times: user=0.00 sys=0.00, real=0.01 secs] 
2021-01-18T10:21:32.170-0800: 6.895: [CMS-concurrent-mark-start]
2021-01-18T10:21:32.171-0800: 6.897: [CMS-concurrent-mark: 0.001/0.001 secs] [Times: user=0.01 sys=0.00, real=0.00 secs] 
2021-01-18T10:21:32.171-0800: 6.897: [CMS-concurrent-preclean-start]
2021-01-18T10:21:32.173-0800: 6.898: [CMS-concurrent-preclean: 0.001/0.001 secs] [Times: user=0.00 sys=0.00, real=0.00 secs] 
2021-01-18T10:21:32.173-0800: 6.898: [CMS-concurrent-abortable-preclean-start]
2021-01-18T10:21:32.173-0800: 6.898: [CMS-concurrent-abortable-preclean: 0.000/0.000 secs] [Times: user=0.00 sys=0.00, real=0.00 secs] 
2021-01-18T10:21:32.173-0800: 6.898: [GC (CMS Final Remark) [YG occupancy: 45076 K (157248 K)]2021-01-18T10:21:32.173-0800: 6.898: [Rescan (parallel) , 0.0003416 secs]2021-01-18T10:21:32.173-0800: 6.899: [weak refs processing, 0.0000195 secs]2021-01-18T10:21:32.173-0800: 6.899: [class unloading, 0.0003105 secs]2021-01-18T10:21:32.174-0800: 6.899: [scrub symbol table, 0.0003721 secs]2021-01-18T10:21:32.174-0800: 6.899: [scrub string table, 0.0001716 secs][1 CMS-remark: 349259K(349568K)] 394336K(506816K), 0.0013256 secs] [Times: user=0.00 sys=0.00, real=0.00 secs] 
2021-01-18T10:21:32.174-0800: 6.900: [CMS-concurrent-sweep-start]
2021-01-18T10:21:32.175-0800: 6.900: [CMS-concurrent-sweep: 0.000/0.000 secs] [Times: user=0.00 sys=0.00, real=0.00 secs] 
2021-01-18T10:21:32.175-0800: 6.900: [CMS-concurrent-reset-start]
2021-01-18T10:21:32.175-0800: 6.900: [CMS-concurrent-reset: 0.000/0.000 secs] [Times: user=0.00 sys=0.00, real=0.00 secs] 
2021-01-18T10:21:32.192-0800: 6.917: [GC (Allocation Failure) 2021-01-18T10:21:32.192-0800: 6.917: [ParNew: 157028K->157028K(157248K), 0.0000213 secs]2021-01-18T10:21:32.192-0800: 6.917: [CMS: 348900K->349561K(349568K), 0.0536774 secs] 505928K->367965K(506816K), [Metaspace: 2580K->2580K(1056768K)], 0.0538241 secs] [Times: user=0.05 sys=0.00, real=0.05 secs] 
2021-01-18T10:21:32.246-0800: 6.971: [GC (CMS Initial Mark) [1 CMS-initial-mark: 349561K(349568K)] 371019K(506816K), 0.0002452 secs] [Times: user=0.00 sys=0.00, real=0.00 secs] 
2021-01-18T10:21:32.246-0800: 6.971: [CMS-concurrent-mark-start]
2021-01-18T10:21:32.247-0800: 6.973: [CMS-concurrent-mark: 0.001/0.001 secs] [Times: user=0.01 sys=0.00, real=0.00 secs] 
2021-01-18T10:21:32.248-0800: 6.973: [CMS-concurrent-preclean-start]
2021-01-18T10:21:32.249-0800: 6.974: [CMS-concurrent-preclean: 0.001/0.001 secs] [Times: user=0.00 sys=0.00, real=0.00 secs] 
2021-01-18T10:21:32.249-0800: 6.974: [CMS-concurrent-abortable-preclean-start]
2021-01-18T10:21:32.249-0800: 6.974: [CMS-concurrent-abortable-preclean: 0.000/0.000 secs] [Times: user=0.00 sys=0.00, real=0.00 secs] 
2021-01-18T10:21:32.249-0800: 6.974: [GC (CMS Final Remark) [YG occupancy: 35593 K (157248 K)]2021-01-18T10:21:32.249-0800: 6.974: [Rescan (parallel) , 0.0003310 secs]2021-01-18T10:21:32.249-0800: 6.975: [weak refs processing, 0.0000267 secs]2021-01-18T10:21:32.250-0800: 6.975: [class unloading, 0.0002053 secs]2021-01-18T10:21:32.250-0800: 6.975: [scrub symbol table, 0.0003442 secs]2021-01-18T10:21:32.250-0800: 6.975: [scrub string table, 0.0001639 secs][1 CMS-remark: 349561K(349568K)] 385154K(506816K), 0.0011679 secs] [Times: user=0.00 sys=0.00, real=0.01 secs] 
2021-01-18T10:21:32.250-0800: 6.976: [CMS-concurrent-sweep-start]
2021-01-18T10:21:32.251-0800: 6.976: [CMS-concurrent-sweep: 0.000/0.000 secs] [Times: user=0.00 sys=0.00, real=0.00 secs] 
2021-01-18T10:21:32.251-0800: 6.976: [CMS-concurrent-reset-start]
2021-01-18T10:21:32.251-0800: 6.976: [CMS-concurrent-reset: 0.000/0.000 secs] [Times: user=0.00 sys=0.00, real=0.00 secs] 
2021-01-18T10:21:32.269-0800: 6.994: [GC (Allocation Failure) 2021-01-18T10:21:32.269-0800: 6.994: [ParNew: 157245K->157245K(157248K), 0.0000204 secs]2021-01-18T10:21:32.269-0800: 6.994: [CMS: 349144K->349533K(349568K), 0.0534055 secs] 506389K->369083K(506816K), [Metaspace: 2580K->2580K(1056768K)], 0.0535451 secs] [Times: user=0.06 sys=0.00, real=0.06 secs] 
2021-01-18T10:21:32.322-0800: 7.048: [GC (CMS Initial Mark) [1 CMS-initial-mark: 349533K(349568K)] 372652K(506816K), 0.0002539 secs] [Times: user=0.00 sys=0.00, real=0.00 secs] 
2021-01-18T10:21:32.323-0800: 7.048: [CMS-concurrent-mark-start]
2021-01-18T10:21:32.324-0800: 7.049: [CMS-concurrent-mark: 0.001/0.001 secs] [Times: user=0.00 sys=0.00, real=0.00 secs] 
2021-01-18T10:21:32.324-0800: 7.049: [CMS-concurrent-preclean-start]
2021-01-18T10:21:32.326-0800: 7.051: [CMS-concurrent-preclean: 0.001/0.001 secs] [Times: user=0.00 sys=0.00, real=0.00 secs] 
2021-01-18T10:21:32.326-0800: 7.051: [CMS-concurrent-abortable-preclean-start]
2021-01-18T10:21:32.326-0800: 7.051: [CMS-concurrent-abortable-preclean: 0.000/0.000 secs] [Times: user=0.00 sys=0.00, real=0.00 secs] 
2021-01-18T10:21:32.326-0800: 7.051: [GC (CMS Final Remark) [YG occupancy: 42025 K (157248 K)]2021-01-18T10:21:32.326-0800: 7.051: [Rescan (parallel) , 0.0003065 secs]2021-01-18T10:21:32.326-0800: 7.051: [weak refs processing, 0.0000180 secs]2021-01-18T10:21:32.326-0800: 7.051: [class unloading, 0.0002001 secs]2021-01-18T10:21:32.326-0800: 7.052: [scrub symbol table, 0.0003400 secs]2021-01-18T10:21:32.327-0800: 7.052: [scrub string table, 0.0001645 secs][1 CMS-remark: 349533K(349568K)] 391558K(506816K), 0.0011181 secs] [Times: user=0.01 sys=0.00, real=0.00 secs] 
2021-01-18T10:21:32.327-0800: 7.052: [CMS-concurrent-sweep-start]
2021-01-18T10:21:32.328-0800: 7.053: [CMS-concurrent-sweep: 0.000/0.000 secs] [Times: user=0.00 sys=0.00, real=0.00 secs] 
2021-01-18T10:21:32.328-0800: 7.053: [CMS-concurrent-reset-start]
2021-01-18T10:21:32.328-0800: 7.053: [CMS-concurrent-reset: 0.000/0.000 secs] [Times: user=0.00 sys=0.00, real=0.00 secs] 
2021-01-18T10:21:32.344-0800: 7.069: [GC (Allocation Failure) 2021-01-18T10:21:32.344-0800: 7.069: [ParNew: 156976K->156976K(157248K), 0.0000216 secs]2021-01-18T10:21:32.344-0800: 7.069: [CMS: 348706K->349329K(349568K), 0.0587186 secs] 505683K->369080K(506816K), [Metaspace: 2580K->2580K(1056768K)], 0.0588329 secs] [Times: user=0.06 sys=0.00, real=0.06 secs] 
2021-01-18T10:21:32.403-0800: 7.128: [GC (CMS Initial Mark) [1 CMS-initial-mark: 349329K(349568K)] 369368K(506816K), 0.0002027 secs] [Times: user=0.00 sys=0.00, real=0.00 secs] 
2021-01-18T10:21:32.403-0800: 7.129: [CMS-concurrent-mark-start]
2021-01-18T10:21:32.405-0800: 7.130: [CMS-concurrent-mark: 0.001/0.001 secs] [Times: user=0.00 sys=0.00, real=0.00 secs] 
2021-01-18T10:21:32.405-0800: 7.130: [CMS-concurrent-preclean-start]
2021-01-18T10:21:32.406-0800: 7.132: [CMS-concurrent-preclean: 0.002/0.002 secs] [Times: user=0.01 sys=0.00, real=0.00 secs] 
2021-01-18T10:21:32.406-0800: 7.132: [CMS-concurrent-abortable-preclean-start]
2021-01-18T10:21:32.406-0800: 7.132: [CMS-concurrent-abortable-preclean: 0.000/0.000 secs] [Times: user=0.00 sys=0.00, real=0.00 secs] 
2021-01-18T10:21:32.407-0800: 7.132: [GC (CMS Final Remark) [YG occupancy: 40770 K (157248 K)]2021-01-18T10:21:32.407-0800: 7.132: [Rescan (parallel) , 0.0013148 secs]2021-01-18T10:21:32.408-0800: 7.133: [weak refs processing, 0.0000318 secs]2021-01-18T10:21:32.408-0800: 7.133: [class unloading, 0.0002100 secs]2021-01-18T10:21:32.408-0800: 7.133: [scrub symbol table, 0.0003279 secs]2021-01-18T10:21:32.409-0800: 7.134: [scrub string table, 0.0001539 secs][1 CMS-remark: 349329K(349568K)] 390100K(506816K), 0.0021703 secs] [Times: user=0.00 sys=0.00, real=0.00 secs] 
2021-01-18T10:21:32.409-0800: 7.134: [CMS-concurrent-sweep-start]
2021-01-18T10:21:32.409-0800: 7.135: [CMS-concurrent-sweep: 0.000/0.000 secs] [Times: user=0.00 sys=0.00, real=0.00 secs] 
2021-01-18T10:21:32.409-0800: 7.135: [CMS-concurrent-reset-start]
2021-01-18T10:21:32.410-0800: 7.135: [CMS-concurrent-reset: 0.000/0.000 secs] [Times: user=0.00 sys=0.00, real=0.01 secs] 
2021-01-18T10:21:32.427-0800: 7.152: [GC (Allocation Failure) 2021-01-18T10:21:32.427-0800: 7.152: [ParNew: 157157K->157157K(157248K), 0.0000222 secs]2021-01-18T10:21:32.427-0800: 7.152: [CMS: 348387K->349532K(349568K), 0.0575366 secs] 505545K->362621K(506816K), [Metaspace: 2580K->2580K(1056768K)], 0.0576694 secs] [Times: user=0.05 sys=0.00, real=0.06 secs] 
2021-01-18T10:21:32.485-0800: 7.210: [GC (CMS Initial Mark) [1 CMS-initial-mark: 349532K(349568K)] 366008K(506816K), 0.0002198 secs] [Times: user=0.00 sys=0.00, real=0.00 secs] 
2021-01-18T10:21:32.485-0800: 7.210: [CMS-concurrent-mark-start]
2021-01-18T10:21:32.486-0800: 7.212: [CMS-concurrent-mark: 0.001/0.001 secs] [Times: user=0.01 sys=0.00, real=0.00 secs] 
2021-01-18T10:21:32.486-0800: 7.212: [CMS-concurrent-preclean-start]
2021-01-18T10:21:32.488-0800: 7.213: [CMS-concurrent-preclean: 0.001/0.001 secs] [Times: user=0.00 sys=0.00, real=0.00 secs] 
2021-01-18T10:21:32.488-0800: 7.213: [CMS-concurrent-abortable-preclean-start]
2021-01-18T10:21:32.488-0800: 7.213: [CMS-concurrent-abortable-preclean: 0.000/0.000 secs] [Times: user=0.00 sys=0.00, real=0.00 secs] 
2021-01-18T10:21:32.488-0800: 7.213: [GC (CMS Final Remark) [YG occupancy: 32129 K (157248 K)]2021-01-18T10:21:32.488-0800: 7.213: [Rescan (parallel) , 0.0003020 secs]2021-01-18T10:21:32.488-0800: 7.213: [weak refs processing, 0.0000238 secs]2021-01-18T10:21:32.488-0800: 7.213: [class unloading, 0.0002187 secs]2021-01-18T10:21:32.488-0800: 7.214: [scrub symbol table, 0.0003319 secs]2021-01-18T10:21:32.489-0800: 7.214: [scrub string table, 0.0001503 secs][1 CMS-remark: 349532K(349568K)] 381661K(506816K), 0.0011261 secs] [Times: user=0.00 sys=0.00, real=0.00 secs] 
2021-01-18T10:21:32.489-0800: 7.214: [CMS-concurrent-sweep-start]
2021-01-18T10:21:32.490-0800: 7.215: [CMS-concurrent-sweep: 0.001/0.001 secs] [Times: user=0.00 sys=0.00, real=0.01 secs] 
2021-01-18T10:21:32.490-0800: 7.215: [CMS-concurrent-reset-start]
2021-01-18T10:21:32.490-0800: 7.215: [CMS-concurrent-reset: 0.000/0.000 secs] [Times: user=0.00 sys=0.00, real=0.00 secs] 
2021-01-18T10:21:32.510-0800: 7.235: [GC (Allocation Failure) 2021-01-18T10:21:32.510-0800: 7.235: [ParNew: 157147K->157147K(157248K), 0.0000191 secs]2021-01-18T10:21:32.510-0800: 7.235: [CMS: 348972K->349539K(349568K), 0.0554444 secs] 506120K->357389K(506816K), [Metaspace: 2580K->2580K(1056768K)], 0.0555598 secs] [Times: user=0.06 sys=0.00, real=0.05 secs] 
2021-01-18T10:21:32.566-0800: 7.291: [GC (CMS Initial Mark) [1 CMS-initial-mark: 349539K(349568K)] 360316K(506816K), 0.0002047 secs] [Times: user=0.00 sys=0.00, real=0.00 secs] 
2021-01-18T10:21:32.566-0800: 7.291: [CMS-concurrent-mark-start]
2021-01-18T10:21:32.567-0800: 7.292: [CMS-concurrent-mark: 0.001/0.001 secs] [Times: user=0.00 sys=0.00, real=0.00 secs] 
2021-01-18T10:21:32.567-0800: 7.293: [CMS-concurrent-preclean-start]
2021-01-18T10:21:32.569-0800: 7.294: [CMS-concurrent-preclean: 0.001/0.001 secs] [Times: user=0.00 sys=0.00, real=0.00 secs] 
2021-01-18T10:21:32.569-0800: 7.294: [CMS-concurrent-abortable-preclean-start]
2021-01-18T10:21:32.569-0800: 7.294: [CMS-concurrent-abortable-preclean: 0.000/0.000 secs] [Times: user=0.00 sys=0.00, real=0.00 secs] 
2021-01-18T10:21:32.569-0800: 7.294: [GC (CMS Final Remark) [YG occupancy: 26312 K (157248 K)]2021-01-18T10:21:32.569-0800: 7.294: [Rescan (parallel) , 0.0010674 secs]2021-01-18T10:21:32.570-0800: 7.295: [weak refs processing, 0.0000162 secs]2021-01-18T10:21:32.570-0800: 7.295: [class unloading, 0.0001904 secs]2021-01-18T10:21:32.570-0800: 7.295: [scrub symbol table, 0.0003172 secs]2021-01-18T10:21:32.570-0800: 7.296: [scrub string table, 0.0001464 secs][1 CMS-remark: 349539K(349568K)] 375851K(506816K), 0.0018110 secs] [Times: user=0.01 sys=0.01, real=0.01 secs] 
2021-01-18T10:21:32.571-0800: 7.296: [CMS-concurrent-sweep-start]
2021-01-18T10:21:32.571-0800: 7.296: [CMS-concurrent-sweep: 0.000/0.000 secs] [Times: user=0.00 sys=0.00, real=0.00 secs] 
2021-01-18T10:21:32.571-0800: 7.296: [CMS-concurrent-reset-start]
2021-01-18T10:21:32.572-0800: 7.297: [CMS-concurrent-reset: 0.000/0.000 secs] [Times: user=0.00 sys=0.00, real=0.00 secs] 
2021-01-18T10:21:32.590-0800: 7.315: [GC (Allocation Failure) 2021-01-18T10:21:32.590-0800: 7.315: [ParNew: 157132K->157132K(157248K), 0.0000201 secs]2021-01-18T10:21:32.590-0800: 7.315: [CMS: 347415K->348846K(349568K), 0.0551857 secs] 504547K->359564K(506816K), [Metaspace: 2580K->2580K(1056768K)], 0.0553203 secs] [Times: user=0.05 sys=0.00, real=0.05 secs] 
2021-01-18T10:21:32.645-0800: 7.371: [GC (CMS Initial Mark) [1 CMS-initial-mark: 348846K(349568K)] 359860K(506816K), 0.0004004 secs] [Times: user=0.00 sys=0.00, real=0.00 secs] 
2021-01-18T10:21:32.646-0800: 7.371: [CMS-concurrent-mark-start]
2021-01-18T10:21:32.647-0800: 7.373: [CMS-concurrent-mark: 0.002/0.002 secs] [Times: user=0.01 sys=0.00, real=0.00 secs] 
2021-01-18T10:21:32.648-0800: 7.373: [CMS-concurrent-preclean-start]
2021-01-18T10:21:32.649-0800: 7.374: [CMS-concurrent-preclean: 0.001/0.001 secs] [Times: user=0.00 sys=0.00, real=0.00 secs] 
2021-01-18T10:21:32.649-0800: 7.374: [CMS-concurrent-abortable-preclean-start]
2021-01-18T10:21:32.649-0800: 7.374: [CMS-concurrent-abortable-preclean: 0.000/0.000 secs] [Times: user=0.00 sys=0.00, real=0.00 secs] 
2021-01-18T10:21:32.649-0800: 7.374: [GC (CMS Final Remark) [YG occupancy: 32182 K (157248 K)]2021-01-18T10:21:32.649-0800: 7.374: [Rescan (parallel) , 0.0016472 secs]2021-01-18T10:21:32.651-0800: 7.376: [weak refs processing, 0.0000369 secs]2021-01-18T10:21:32.651-0800: 7.376: [class unloading, 0.0002788 secs]2021-01-18T10:21:32.651-0800: 7.376: [scrub symbol table, 0.0004139 secs]2021-01-18T10:21:32.652-0800: 7.377: [scrub string table, 0.0001876 secs][1 CMS-remark: 348846K(349568K)] 381028K(506816K), 0.0026963 secs] [Times: user=0.01 sys=0.00, real=0.01 secs] 
2021-01-18T10:21:32.652-0800: 7.377: [CMS-concurrent-sweep-start]
2021-01-18T10:21:32.652-0800: 7.378: [CMS-concurrent-sweep: 0.001/0.001 secs] [Times: user=0.00 sys=0.00, real=0.00 secs] 
2021-01-18T10:21:32.653-0800: 7.378: [CMS-concurrent-reset-start]
2021-01-18T10:21:32.653-0800: 7.378: [CMS-concurrent-reset: 0.000/0.000 secs] [Times: user=0.00 sys=0.00, real=0.00 secs] 
2021-01-18T10:21:32.671-0800: 7.396: [GC (Allocation Failure) 2021-01-18T10:21:32.671-0800: 7.396: [ParNew: 157236K->157236K(157248K), 0.0000216 secs]2021-01-18T10:21:32.671-0800: 7.396: [CMS: 348784K->349207K(349568K), 0.0552272 secs] 506021K->373536K(506816K), [Metaspace: 2580K->2580K(1056768K)], 0.0553789 secs] [Times: user=0.06 sys=0.00, real=0.05 secs] 
2021-01-18T10:21:32.726-0800: 7.451: [GC (CMS Initial Mark) [1 CMS-initial-mark: 349207K(349568K)] 373682K(506816K), 0.0002107 secs] [Times: user=0.00 sys=0.00, real=0.00 secs] 
2021-01-18T10:21:32.726-0800: 7.452: [CMS-concurrent-mark-start]
2021-01-18T10:21:32.728-0800: 7.453: [CMS-concurrent-mark: 0.001/0.001 secs] [Times: user=0.00 sys=0.00, real=0.00 secs] 
2021-01-18T10:21:32.728-0800: 7.453: [CMS-concurrent-preclean-start]
2021-01-18T10:21:32.729-0800: 7.454: [CMS-concurrent-preclean: 0.001/0.001 secs] [Times: user=0.00 sys=0.00, real=0.00 secs] 
2021-01-18T10:21:32.729-0800: 7.454: [CMS-concurrent-abortable-preclean-start]
2021-01-18T10:21:32.729-0800: 7.454: [CMS-concurrent-abortable-preclean: 0.000/0.000 secs] [Times: user=0.00 sys=0.00, real=0.00 secs] 
2021-01-18T10:21:32.729-0800: 7.454: [GC (CMS Final Remark) [YG occupancy: 48388 K (157248 K)]2021-01-18T10:21:32.729-0800: 7.454: [Rescan (parallel) , 0.0003755 secs]2021-01-18T10:21:32.730-0800: 7.455: [weak refs processing, 0.0000161 secs]2021-01-18T10:21:32.730-0800: 7.455: [class unloading, 0.0002015 secs]2021-01-18T10:21:32.730-0800: 7.455: [scrub symbol table, 0.0003069 secs]2021-01-18T10:21:32.730-0800: 7.455: [scrub string table, 0.0001420 secs][1 CMS-remark: 349207K(349568K)] 397595K(506816K), 0.0011137 secs] [Times: user=0.00 sys=0.00, real=0.01 secs] 
2021-01-18T10:21:32.730-0800: 7.456: [CMS-concurrent-sweep-start]
2021-01-18T10:21:32.731-0800: 7.456: [CMS-concurrent-sweep: 0.000/0.000 secs] [Times: user=0.00 sys=0.00, real=0.00 secs] 
2021-01-18T10:21:32.731-0800: 7.456: [CMS-concurrent-reset-start]
2021-01-18T10:21:32.731-0800: 7.456: [CMS-concurrent-reset: 0.000/0.000 secs] [Times: user=0.00 sys=0.00, real=0.00 secs] 
2021-01-18T10:21:32.744-0800: 7.469: [GC (Allocation Failure) 2021-01-18T10:21:32.744-0800: 7.469: [ParNew: 157085K->157085K(157248K), 0.0000171 secs]2021-01-18T10:21:32.744-0800: 7.469: [CMS: 348867K->349379K(349568K), 0.0475333 secs] 505953K->371891K(506816K), [Metaspace: 2580K->2580K(1056768K)], 0.0476485 secs] [Times: user=0.05 sys=0.00, real=0.05 secs] 
2021-01-18T10:21:32.792-0800: 7.517: [GC (CMS Initial Mark) [1 CMS-initial-mark: 349379K(349568K)] 374984K(506816K), 0.0003034 secs] [Times: user=0.00 sys=0.00, real=0.00 secs] 
2021-01-18T10:21:32.792-0800: 7.518: [CMS-concurrent-mark-start]
2021-01-18T10:21:32.793-0800: 7.519: [CMS-concurrent-mark: 0.001/0.001 secs] [Times: user=0.00 sys=0.00, real=0.00 secs] 
2021-01-18T10:21:32.793-0800: 7.519: [CMS-concurrent-preclean-start]
2021-01-18T10:21:32.795-0800: 7.520: [CMS-concurrent-preclean: 0.001/0.001 secs] [Times: user=0.00 sys=0.00, real=0.00 secs] 
2021-01-18T10:21:32.795-0800: 7.520: [CMS-concurrent-abortable-preclean-start]
2021-01-18T10:21:32.795-0800: 7.520: [CMS-concurrent-abortable-preclean: 0.000/0.000 secs] [Times: user=0.00 sys=0.00, real=0.00 secs] 
2021-01-18T10:21:32.795-0800: 7.520: [GC (CMS Final Remark) [YG occupancy: 46443 K (157248 K)]2021-01-18T10:21:32.795-0800: 7.520: [Rescan (parallel) , 0.0003244 secs]2021-01-18T10:21:32.795-0800: 7.520: [weak refs processing, 0.0000161 secs]2021-01-18T10:21:32.795-0800: 7.520: [class unloading, 0.0001711 secs]2021-01-18T10:21:32.795-0800: 7.520: [scrub symbol table, 0.0002663 secs]2021-01-18T10:21:32.796-0800: 7.521: [scrub string table, 0.0001143 secs][1 CMS-remark: 349379K(349568K)] 395823K(506816K), 0.0009633 secs] [Times: user=0.00 sys=0.00, real=0.00 secs] 
2021-01-18T10:21:32.796-0800: 7.521: [CMS-concurrent-sweep-start]
2021-01-18T10:21:32.796-0800: 7.521: [CMS-concurrent-sweep: 0.000/0.000 secs] [Times: user=0.00 sys=0.00, real=0.00 secs] 
2021-01-18T10:21:32.796-0800: 7.521: [CMS-concurrent-reset-start]
2021-01-18T10:21:32.796-0800: 7.522: [CMS-concurrent-reset: 0.000/0.000 secs] [Times: user=0.00 sys=0.00, real=0.00 secs] 
2021-01-18T10:21:32.808-0800: 7.533: [GC (Allocation Failure) 2021-01-18T10:21:32.808-0800: 7.533: [ParNew: 156671K->156671K(157248K), 0.0000169 secs]2021-01-18T10:21:32.808-0800: 7.533: [CMS: 348862K->349359K(349568K), 0.0478324 secs] 505534K->373532K(506816K), [Metaspace: 2580K->2580K(1056768K)], 0.0479532 secs] [Times: user=0.05 sys=0.00, real=0.05 secs] 
2021-01-18T10:21:32.856-0800: 7.581: [GC (CMS Initial Mark) [1 CMS-initial-mark: 349359K(349568K)] 376887K(506816K), 0.0002277 secs] [Times: user=0.00 sys=0.00, real=0.00 secs] 
2021-01-18T10:21:32.856-0800: 7.581: [CMS-concurrent-mark-start]
2021-01-18T10:21:32.857-0800: 7.583: [CMS-concurrent-mark: 0.001/0.001 secs] [Times: user=0.00 sys=0.00, real=0.00 secs] 
2021-01-18T10:21:32.857-0800: 7.583: [CMS-concurrent-preclean-start]
2021-01-18T10:21:32.859-0800: 7.584: [CMS-concurrent-preclean: 0.001/0.001 secs] [Times: user=0.00 sys=0.00, real=0.00 secs] 
2021-01-18T10:21:32.859-0800: 7.584: [CMS-concurrent-abortable-preclean-start]
2021-01-18T10:21:32.859-0800: 7.584: [CMS-concurrent-abortable-preclean: 0.000/0.000 secs] [Times: user=0.00 sys=0.00, real=0.00 secs] 
2021-01-18T10:21:32.859-0800: 7.584: [GC (CMS Final Remark) [YG occupancy: 47276 K (157248 K)]2021-01-18T10:21:32.859-0800: 7.584: [Rescan (parallel) , 0.0003014 secs]2021-01-18T10:21:32.859-0800: 7.584: [weak refs processing, 0.0000142 secs]2021-01-18T10:21:32.859-0800: 7.584: [class unloading, 0.0002006 secs]2021-01-18T10:21:32.859-0800: 7.585: [scrub symbol table, 0.0003894 secs]2021-01-18T10:21:32.860-0800: 7.585: [scrub string table, 0.0001135 secs][1 CMS-remark: 349359K(349568K)] 396636K(506816K), 0.0010961 secs] [Times: user=0.01 sys=0.00, real=0.01 secs] 
2021-01-18T10:21:32.860-0800: 7.585: [CMS-concurrent-sweep-start]
2021-01-18T10:21:32.860-0800: 7.586: [CMS-concurrent-sweep: 0.000/0.000 secs] [Times: user=0.00 sys=0.00, real=0.00 secs] 
2021-01-18T10:21:32.861-0800: 7.586: [CMS-concurrent-reset-start]
2021-01-18T10:21:32.861-0800: 7.586: [CMS-concurrent-reset: 0.000/0.000 secs] [Times: user=0.00 sys=0.00, real=0.00 secs] 
2021-01-18T10:21:32.872-0800: 7.597: [GC (Allocation Failure) 2021-01-18T10:21:32.872-0800: 7.597: [ParNew: 157141K->157141K(157248K), 0.0000170 secs]2021-01-18T10:21:32.872-0800: 7.597: [CMS: 349211K->349498K(349568K), 0.0562862 secs] 506352K->373221K(506816K), [Metaspace: 2580K->2580K(1056768K)], 0.0564035 secs] [Times: user=0.05 sys=0.00, real=0.05 secs] 
2021-01-18T10:21:32.929-0800: 7.654: [GC (CMS Initial Mark) [1 CMS-initial-mark: 349498K(349568K)] 373519K(506816K), 0.0001957 secs] [Times: user=0.00 sys=0.00, real=0.00 secs] 
2021-01-18T10:21:32.929-0800: 7.654: [CMS-concurrent-mark-start]
2021-01-18T10:21:32.930-0800: 7.655: [CMS-concurrent-mark: 0.001/0.001 secs] [Times: user=0.01 sys=0.00, real=0.01 secs] 
2021-01-18T10:21:32.930-0800: 7.655: [CMS-concurrent-preclean-start]
2021-01-18T10:21:32.931-0800: 7.657: [CMS-concurrent-preclean: 0.001/0.001 secs] [Times: user=0.00 sys=0.00, real=0.00 secs] 
2021-01-18T10:21:32.931-0800: 7.657: [CMS-concurrent-abortable-preclean-start]
2021-01-18T10:21:32.931-0800: 7.657: [CMS-concurrent-abortable-preclean: 0.000/0.000 secs] [Times: user=0.00 sys=0.00, real=0.00 secs] 
2021-01-18T10:21:32.932-0800: 7.657: [GC (CMS Final Remark) [YG occupancy: 46260 K (157248 K)]2021-01-18T10:21:32.932-0800: 7.657: [Rescan (parallel) , 0.0009114 secs]2021-01-18T10:21:32.932-0800: 7.658: [weak refs processing, 0.0000119 secs]2021-01-18T10:21:32.933-0800: 7.658: [class unloading, 0.0001815 secs]2021-01-18T10:21:32.933-0800: 7.658: [scrub symbol table, 0.0002925 secs]2021-01-18T10:21:32.933-0800: 7.658: [scrub string table, 0.0001496 secs][1 CMS-remark: 349498K(349568K)] 395758K(506816K), 0.0016341 secs] [Times: user=0.00 sys=0.01, real=0.00 secs] 
2021-01-18T10:21:32.933-0800: 7.658: [CMS-concurrent-sweep-start]
2021-01-18T10:21:32.934-0800: 7.659: [CMS-concurrent-sweep: 0.000/0.000 secs] [Times: user=0.00 sys=0.00, real=0.00 secs] 
2021-01-18T10:21:32.934-0800: 7.659: [CMS-concurrent-reset-start]
2021-01-18T10:21:32.934-0800: 7.659: [CMS-concurrent-reset: 0.000/0.000 secs] [Times: user=0.01 sys=0.00, real=0.00 secs] 
2021-01-18T10:21:32.947-0800: 7.672: [GC (Allocation Failure) 2021-01-18T10:21:32.947-0800: 7.672: [ParNew: 157107K->157107K(157248K), 0.0000304 secs]2021-01-18T10:21:32.947-0800: 7.672: [CMS: 349104K->349420K(349568K), 0.0543649 secs] 506212K->377975K(506816K), [Metaspace: 2580K->2580K(1056768K)], 0.0545481 secs] [Times: user=0.05 sys=0.00, real=0.06 secs] 
2021-01-18T10:21:33.001-0800: 7.726: [GC (CMS Initial Mark) [1 CMS-initial-mark: 349420K(349568K)] 378395K(506816K), 0.0001697 secs] [Times: user=0.00 sys=0.00, real=0.00 secs] 
2021-01-18T10:21:33.001-0800: 7.727: [CMS-concurrent-mark-start]
2021-01-18T10:21:33.003-0800: 7.728: [CMS-concurrent-mark: 0.001/0.001 secs] [Times: user=0.00 sys=0.00, real=0.00 secs] 
2021-01-18T10:21:33.003-0800: 7.728: [CMS-concurrent-preclean-start]
2021-01-18T10:21:33.004-0800: 7.729: [CMS-concurrent-preclean: 0.001/0.001 secs] [Times: user=0.01 sys=0.00, real=0.00 secs] 
2021-01-18T10:21:33.004-0800: 7.729: [CMS-concurrent-abortable-preclean-start]
2021-01-18T10:21:33.004-0800: 7.729: [CMS-concurrent-abortable-preclean: 0.000/0.000 secs] [Times: user=0.00 sys=0.00, real=0.00 secs] 
2021-01-18T10:21:33.004-0800: 7.729: [GC (CMS Final Remark) [YG occupancy: 50497 K (157248 K)]2021-01-18T10:21:33.004-0800: 7.729: [Rescan (parallel) , 0.0008936 secs]2021-01-18T10:21:33.005-0800: 7.730: [weak refs processing, 0.0000114 secs]2021-01-18T10:21:33.005-0800: 7.730: [class unloading, 0.0001846 secs]2021-01-18T10:21:33.005-0800: 7.731: [scrub symbol table, 0.0002902 secs]2021-01-18T10:21:33.006-0800: 7.731: [scrub string table, 0.0001177 secs][1 CMS-remark: 349420K(349568K)] 399918K(506816K), 0.0015581 secs] [Times: user=0.00 sys=0.00, real=0.00 secs] 
2021-01-18T10:21:33.006-0800: 7.731: [CMS-concurrent-sweep-start]
2021-01-18T10:21:33.006-0800: 7.731: [CMS-concurrent-sweep: 0.000/0.000 secs] [Times: user=0.00 sys=0.00, real=0.00 secs] 
2021-01-18T10:21:33.006-0800: 7.732: [CMS-concurrent-reset-start]
2021-01-18T10:21:33.007-0800: 7.732: [CMS-concurrent-reset: 0.000/0.000 secs] [Times: user=0.00 sys=0.00, real=0.00 secs] 
2021-01-18T10:21:33.019-0800: 7.744: [GC (Allocation Failure) 2021-01-18T10:21:33.019-0800: 7.744: [ParNew: 157233K->157233K(157248K), 0.0000202 secs]2021-01-18T10:21:33.019-0800: 7.744: [CMS: 349315K->349070K(349568K), 0.0513412 secs] 506549K->376341K(506816K), [Metaspace: 2580K->2580K(1056768K)], 0.0514628 secs] [Times: user=0.05 sys=0.00, real=0.06 secs] 
2021-01-18T10:21:33.071-0800: 7.796: [GC (CMS Initial Mark) [1 CMS-initial-mark: 349070K(349568K)] 379030K(506816K), 0.0001776 secs] [Times: user=0.00 sys=0.00, real=0.00 secs] 
2021-01-18T10:21:33.071-0800: 7.796: [CMS-concurrent-mark-start]
2021-01-18T10:21:33.072-0800: 7.797: [CMS-concurrent-mark: 0.001/0.001 secs] [Times: user=0.00 sys=0.00, real=0.00 secs] 
2021-01-18T10:21:33.072-0800: 7.797: [CMS-concurrent-preclean-start]
2021-01-18T10:21:33.073-0800: 7.799: [CMS-concurrent-preclean: 0.001/0.001 secs] [Times: user=0.00 sys=0.00, real=0.00 secs] 
2021-01-18T10:21:33.073-0800: 7.799: [CMS-concurrent-abortable-preclean-start]
2021-01-18T10:21:33.073-0800: 7.799: [CMS-concurrent-abortable-preclean: 0.000/0.000 secs] [Times: user=0.00 sys=0.00, real=0.00 secs] 
2021-01-18T10:21:33.074-0800: 7.799: [GC (CMS Final Remark) [YG occupancy: 52602 K (157248 K)]2021-01-18T10:21:33.074-0800: 7.799: [Rescan (parallel) , 0.0009048 secs]2021-01-18T10:21:33.075-0800: 7.800: [weak refs processing, 0.0000215 secs]2021-01-18T10:21:33.075-0800: 7.800: [class unloading, 0.0001929 secs]2021-01-18T10:21:33.075-0800: 7.800: [scrub symbol table, 0.0002950 secs]2021-01-18T10:21:33.075-0800: 7.800: [scrub string table, 0.0001332 secs][1 CMS-remark: 349070K(349568K)] 401673K(506816K), 0.0016478 secs] [Times: user=0.01 sys=0.00, real=0.00 secs] 
2021-01-18T10:21:33.075-0800: 7.801: [CMS-concurrent-sweep-start]
2021-01-18T10:21:33.076-0800: 7.801: [CMS-concurrent-sweep: 0.000/0.000 secs] [Times: user=0.00 sys=0.00, real=0.00 secs] 
2021-01-18T10:21:33.076-0800: 7.801: [CMS-concurrent-reset-start]
2021-01-18T10:21:33.076-0800: 7.801: [CMS-concurrent-reset: 0.000/0.000 secs] [Times: user=0.00 sys=0.00, real=0.00 secs] 
2021-01-18T10:21:33.091-0800: 7.816: [GC (Allocation Failure) 2021-01-18T10:21:33.091-0800: 7.816: [ParNew: 156928K->156928K(157248K), 0.0000195 secs]2021-01-18T10:21:33.091-0800: 7.816: [CMS: 348794K->349225K(349568K), 0.0534076 secs] 505723K->370184K(506816K), [Metaspace: 2580K->2580K(1056768K)], 0.0535255 secs] [Times: user=0.05 sys=0.00, real=0.05 secs] 
2021-01-18T10:21:33.145-0800: 7.870: [GC (CMS Initial Mark) [1 CMS-initial-mark: 349225K(349568K)] 373310K(506816K), 0.0003571 secs] [Times: user=0.00 sys=0.00, real=0.00 secs] 
2021-01-18T10:21:33.145-0800: 7.870: [CMS-concurrent-mark-start]
2021-01-18T10:21:33.147-0800: 7.872: [CMS-concurrent-mark: 0.002/0.002 secs] [Times: user=0.00 sys=0.00, real=0.00 secs] 
2021-01-18T10:21:33.147-0800: 7.872: [CMS-concurrent-preclean-start]
2021-01-18T10:21:33.148-0800: 7.874: [CMS-concurrent-preclean: 0.001/0.001 secs] [Times: user=0.00 sys=0.00, real=0.00 secs] 
2021-01-18T10:21:33.148-0800: 7.874: [CMS-concurrent-abortable-preclean-start]
2021-01-18T10:21:33.148-0800: 7.874: [CMS-concurrent-abortable-preclean: 0.000/0.000 secs] [Times: user=0.00 sys=0.00, real=0.00 secs] 
2021-01-18T10:21:33.149-0800: 7.874: [GC (CMS Final Remark) [YG occupancy: 42494 K (157248 K)]2021-01-18T10:21:33.149-0800: 7.874: [Rescan (parallel) , 0.0012451 secs]2021-01-18T10:21:33.150-0800: 7.875: [weak refs processing, 0.0000175 secs]2021-01-18T10:21:33.150-0800: 7.875: [class unloading, 0.0002029 secs]2021-01-18T10:21:33.150-0800: 7.875: [scrub symbol table, 0.0003123 secs]2021-01-18T10:21:33.150-0800: 7.876: [scrub string table, 0.0001468 secs][1 CMS-remark: 349225K(349568K)] 391719K(506816K), 0.0020158 secs] [Times: user=0.00 sys=0.00, real=0.01 secs] 
2021-01-18T10:21:33.151-0800: 7.876: [CMS-concurrent-sweep-start]
2021-01-18T10:21:33.151-0800: 7.876: [CMS-concurrent-sweep: 0.000/0.000 secs] [Times: user=0.00 sys=0.00, real=0.00 secs] 
2021-01-18T10:21:33.151-0800: 7.876: [CMS-concurrent-reset-start]
2021-01-18T10:21:33.151-0800: 7.877: [CMS-concurrent-reset: 0.000/0.000 secs] [Times: user=0.00 sys=0.00, real=0.00 secs] 
2021-01-18T10:21:33.171-0800: 7.896: [GC (Allocation Failure) 2021-01-18T10:21:33.171-0800: 7.896: [ParNew: 157066K->157066K(157248K), 0.0000410 secs]2021-01-18T10:21:33.171-0800: 7.896: [CMS: 348406K->349475K(349568K), 0.0605201 secs] 505473K->371912K(506816K), [Metaspace: 2580K->2580K(1056768K)], 0.0607225 secs] [Times: user=0.06 sys=0.00, real=0.06 secs] 
2021-01-18T10:21:33.232-0800: 7.957: [GC (CMS Initial Mark) [1 CMS-initial-mark: 349475K(349568K)] 375185K(506816K), 0.0002096 secs] [Times: user=0.00 sys=0.00, real=0.00 secs] 
2021-01-18T10:21:33.232-0800: 7.957: [CMS-concurrent-mark-start]
2021-01-18T10:21:33.233-0800: 7.959: [CMS-concurrent-mark: 0.001/0.001 secs] [Times: user=0.00 sys=0.00, real=0.00 secs] 
2021-01-18T10:21:33.233-0800: 7.959: [CMS-concurrent-preclean-start]
2021-01-18T10:21:33.235-0800: 7.960: [CMS-concurrent-preclean: 0.001/0.001 secs] [Times: user=0.00 sys=0.00, real=0.00 secs] 
2021-01-18T10:21:33.235-0800: 7.960: [CMS-concurrent-abortable-preclean-start]
2021-01-18T10:21:33.235-0800: 7.960: [CMS-concurrent-abortable-preclean: 0.000/0.000 secs] [Times: user=0.00 sys=0.00, real=0.00 secs] 
2021-01-18T10:21:33.235-0800: 7.960: [GC (CMS Final Remark) [YG occupancy: 48508 K (157248 K)]2021-01-18T10:21:33.235-0800: 7.960: [Rescan (parallel) , 0.0003179 secs]2021-01-18T10:21:33.235-0800: 7.961: [weak refs processing, 0.0000152 secs]2021-01-18T10:21:33.235-0800: 7.961: [class unloading, 0.0002045 secs]2021-01-18T10:21:33.236-0800: 7.961: [scrub symbol table, 0.0003409 secs]2021-01-18T10:21:33.236-0800: 7.961: [scrub string table, 0.0001638 secs][1 CMS-remark: 349475K(349568K)] 397984K(506816K), 0.0011184 secs] [Times: user=0.01 sys=0.00, real=0.00 secs] 
2021-01-18T10:21:33.236-0800: 7.961: [CMS-concurrent-sweep-start]
2021-01-18T10:21:33.237-0800: 7.962: [CMS-concurrent-sweep: 0.000/0.000 secs] [Times: user=0.00 sys=0.00, real=0.00 secs] 
2021-01-18T10:21:33.237-0800: 7.962: [CMS-concurrent-reset-start]
2021-01-18T10:21:33.237-0800: 7.962: [CMS-concurrent-reset: 0.000/0.000 secs] [Times: user=0.00 sys=0.00, real=0.00 secs] 
2021-01-18T10:21:33.254-0800: 7.979: [GC (Allocation Failure) 2021-01-18T10:21:33.254-0800: 7.979: [ParNew: 157194K->157194K(157248K), 0.0000244 secs]2021-01-18T10:21:33.254-0800: 7.979: [CMS: 348396K->349298K(349568K), 0.0604991 secs] 505591K->379348K(506816K), [Metaspace: 2580K->2580K(1056768K)], 0.0606626 secs] [Times: user=0.06 sys=0.00, real=0.06 secs] 
2021-01-18T10:21:33.315-0800: 8.040: [GC (CMS Initial Mark) [1 CMS-initial-mark: 349298K(349568K)] 382323K(506816K), 0.0002486 secs] [Times: user=0.00 sys=0.00, real=0.00 secs] 
2021-01-18T10:21:33.315-0800: 8.040: [CMS-concurrent-mark-start]
2021-01-18T10:21:33.317-0800: 8.042: [CMS-concurrent-mark: 0.001/0.001 secs] [Times: user=0.00 sys=0.00, real=0.00 secs] 
2021-01-18T10:21:33.317-0800: 8.042: [CMS-concurrent-preclean-start]
2021-01-18T10:21:33.318-0800: 8.043: [CMS-concurrent-preclean: 0.001/0.001 secs] [Times: user=0.00 sys=0.00, real=0.00 secs] 
2021-01-18T10:21:33.318-0800: 8.043: [CMS-concurrent-abortable-preclean-start]
2021-01-18T10:21:33.318-0800: 8.043: [CMS-concurrent-abortable-preclean: 0.000/0.000 secs] [Times: user=0.00 sys=0.00, real=0.00 secs] 
2021-01-18T10:21:33.318-0800: 8.044: [GC (CMS Final Remark) [YG occupancy: 52266 K (157248 K)]2021-01-18T10:21:33.318-0800: 8.044: [Rescan (parallel) , 0.0003550 secs]2021-01-18T10:21:33.319-0800: 8.044: [weak refs processing, 0.0000180 secs]2021-01-18T10:21:33.319-0800: 8.044: [class unloading, 0.0002060 secs]2021-01-18T10:21:33.319-0800: 8.044: [scrub symbol table, 0.0003443 secs]2021-01-18T10:21:33.319-0800: 8.045: [scrub string table, 0.0001636 secs][1 CMS-remark: 349298K(349568K)] 401565K(506816K), 0.0011671 secs] [Times: user=0.00 sys=0.00, real=0.00 secs] 
2021-01-18T10:21:33.320-0800: 8.045: [CMS-concurrent-sweep-start]
2021-01-18T10:21:33.320-0800: 8.045: [CMS-concurrent-sweep: 0.000/0.000 secs] [Times: user=0.00 sys=0.00, real=0.00 secs] 
2021-01-18T10:21:33.320-0800: 8.045: [CMS-concurrent-reset-start]
2021-01-18T10:21:33.320-0800: 8.046: [CMS-concurrent-reset: 0.000/0.000 secs] [Times: user=0.00 sys=0.00, real=0.00 secs] 
2021-01-18T10:21:33.343-0800: 8.069: [GC (Allocation Failure) 2021-01-18T10:21:33.343-0800: 8.069: [ParNew: 157231K->157231K(157248K), 0.0000214 secs]2021-01-18T10:21:33.343-0800: 8.069: [CMS: 348489K->349203K(349568K), 0.0823257 secs] 505720K->380174K(506816K), [Metaspace: 2580K->2580K(1056768K)], 0.0824608 secs] [Times: user=0.06 sys=0.00, real=0.08 secs] 
2021-01-18T10:21:33.426-0800: 8.151: [GC (CMS Initial Mark) [1 CMS-initial-mark: 349203K(349568K)] 383024K(506816K), 0.0002282 secs] [Times: user=0.00 sys=0.00, real=0.00 secs] 
2021-01-18T10:21:33.426-0800: 8.152: [CMS-concurrent-mark-start]
2021-01-18T10:21:33.428-0800: 8.153: [CMS-concurrent-mark: 0.001/0.001 secs] [Times: user=0.00 sys=0.00, real=0.00 secs] 
2021-01-18T10:21:33.428-0800: 8.153: [CMS-concurrent-preclean-start]
2021-01-18T10:21:33.429-0800: 8.154: [CMS-concurrent-preclean: 0.001/0.001 secs] [Times: user=0.00 sys=0.00, real=0.00 secs] 
2021-01-18T10:21:33.429-0800: 8.154: [CMS-concurrent-abortable-preclean-start]
2021-01-18T10:21:33.429-0800: 8.154: [CMS-concurrent-abortable-preclean: 0.000/0.000 secs] [Times: user=0.00 sys=0.00, real=0.00 secs] 
2021-01-18T10:21:33.429-0800: 8.155: [GC (CMS Final Remark) [YG occupancy: 50736 K (157248 K)]2021-01-18T10:21:33.429-0800: 8.155: [Rescan (parallel) , 0.0011785 secs]2021-01-18T10:21:33.431-0800: 8.156: [weak refs processing, 0.0000209 secs]2021-01-18T10:21:33.431-0800: 8.156: [class unloading, 0.0003084 secs]2021-01-18T10:21:33.431-0800: 8.156: [scrub symbol table, 0.0003783 secs]2021-01-18T10:21:33.431-0800: 8.157: [scrub string table, 0.0001987 secs][1 CMS-remark: 349203K(349568K)] 399939K(506816K), 0.0022114 secs] [Times: user=0.01 sys=0.00, real=0.01 secs] 
2021-01-18T10:21:33.432-0800: 8.157: [CMS-concurrent-sweep-start]
2021-01-18T10:21:33.432-0800: 8.157: [CMS-concurrent-sweep: 0.000/0.000 secs] [Times: user=0.00 sys=0.00, real=0.00 secs] 
2021-01-18T10:21:33.432-0800: 8.157: [CMS-concurrent-reset-start]
2021-01-18T10:21:33.432-0800: 8.158: [CMS-concurrent-reset: 0.000/0.000 secs] [Times: user=0.00 sys=0.00, real=0.00 secs] 
2021-01-18T10:21:33.447-0800: 8.172: [GC (Allocation Failure) 2021-01-18T10:21:33.447-0800: 8.172: [ParNew: 156845K->156845K(157248K), 0.0000203 secs]2021-01-18T10:21:33.447-0800: 8.172: [CMS: 348920K->349232K(349568K), 0.0550910 secs] 505766K->379311K(506816K), [Metaspace: 2580K->2580K(1056768K)], 0.0552414 secs] [Times: user=0.05 sys=0.00, real=0.06 secs] 
2021-01-18T10:21:33.502-0800: 8.227: [GC (CMS Initial Mark) [1 CMS-initial-mark: 349232K(349568K)] 379775K(506816K), 0.0003418 secs] [Times: user=0.00 sys=0.00, real=0.00 secs] 
2021-01-18T10:21:33.502-0800: 8.228: [CMS-concurrent-mark-start]
2021-01-18T10:21:33.504-0800: 8.229: [CMS-concurrent-mark: 0.002/0.002 secs] [Times: user=0.01 sys=0.00, real=0.00 secs] 
2021-01-18T10:21:33.504-0800: 8.229: [CMS-concurrent-preclean-start]
2021-01-18T10:21:33.505-0800: 8.231: [CMS-concurrent-preclean: 0.001/0.001 secs] [Times: user=0.00 sys=0.00, real=0.00 secs] 
2021-01-18T10:21:33.505-0800: 8.231: [CMS-concurrent-abortable-preclean-start]
2021-01-18T10:21:33.505-0800: 8.231: [CMS-concurrent-abortable-preclean: 0.000/0.000 secs] [Times: user=0.00 sys=0.00, real=0.00 secs] 
2021-01-18T10:21:33.506-0800: 8.231: [GC (CMS Final Remark) [YG occupancy: 49590 K (157248 K)]2021-01-18T10:21:33.506-0800: 8.231: [Rescan (parallel) , 0.0003994 secs]2021-01-18T10:21:33.506-0800: 8.231: [weak refs processing, 0.0000188 secs]2021-01-18T10:21:33.506-0800: 8.231: [class unloading, 0.0002063 secs]2021-01-18T10:21:33.506-0800: 8.231: [scrub symbol table, 0.0003519 secs]2021-01-18T10:21:33.507-0800: 8.232: [scrub string table, 0.0001707 secs][1 CMS-remark: 349232K(349568K)] 398822K(506816K), 0.0012307 secs] [Times: user=0.00 sys=0.00, real=0.00 secs] 
2021-01-18T10:21:33.507-0800: 8.232: [CMS-concurrent-sweep-start]
2021-01-18T10:21:33.507-0800: 8.233: [CMS-concurrent-sweep: 0.000/0.000 secs] [Times: user=0.00 sys=0.00, real=0.00 secs] 
2021-01-18T10:21:33.507-0800: 8.233: [CMS-concurrent-reset-start]
2021-01-18T10:21:33.508-0800: 8.233: [CMS-concurrent-reset: 0.000/0.000 secs] [Times: user=0.00 sys=0.00, real=0.00 secs] 
2021-01-18T10:21:33.523-0800: 8.248: [GC (Allocation Failure) 2021-01-18T10:21:33.523-0800: 8.248: [ParNew: 156659K->156659K(157248K), 0.0000219 secs]2021-01-18T10:21:33.523-0800: 8.248: [CMS: 349190K->349347K(349568K), 0.0564263 secs] 505850K->379364K(506816K), [Metaspace: 2580K->2580K(1056768K)], 0.0565702 secs] [Times: user=0.05 sys=0.00, real=0.05 secs] 
2021-01-18T10:21:33.579-0800: 8.305: [GC (CMS Initial Mark) [1 CMS-initial-mark: 349347K(349568K)] 380002K(506816K), 0.0002908 secs] [Times: user=0.00 sys=0.00, real=0.01 secs] 
2021-01-18T10:21:33.580-0800: 8.305: [CMS-concurrent-mark-start]
2021-01-18T10:21:33.582-0800: 8.307: [CMS-concurrent-mark: 0.002/0.002 secs] [Times: user=0.01 sys=0.00, real=0.00 secs] 
2021-01-18T10:21:33.582-0800: 8.307: [CMS-concurrent-preclean-start]
2021-01-18T10:21:33.583-0800: 8.308: [CMS-concurrent-preclean: 0.002/0.002 secs] [Times: user=0.00 sys=0.00, real=0.00 secs] 
2021-01-18T10:21:33.583-0800: 8.308: [CMS-concurrent-abortable-preclean-start]
2021-01-18T10:21:33.583-0800: 8.308: [CMS-concurrent-abortable-preclean: 0.000/0.000 secs] [Times: user=0.00 sys=0.00, real=0.00 secs] 
2021-01-18T10:21:33.583-0800: 8.309: [GC (CMS Final Remark) [YG occupancy: 51652 K (157248 K)]2021-01-18T10:21:33.583-0800: 8.309: [Rescan (parallel) , 0.0005220 secs]2021-01-18T10:21:33.584-0800: 8.309: [weak refs processing, 0.0000177 secs]2021-01-18T10:21:33.584-0800: 8.309: [class unloading, 0.0002013 secs]2021-01-18T10:21:33.584-0800: 8.309: [scrub symbol table, 0.0003637 secs]2021-01-18T10:21:33.585-0800: 8.310: [scrub string table, 0.0001640 secs][1 CMS-remark: 349347K(349568K)] 400999K(506816K), 0.0013656 secs] [Times: user=0.01 sys=0.00, real=0.00 secs] 
2021-01-18T10:21:33.585-0800: 8.310: [CMS-concurrent-sweep-start]
2021-01-18T10:21:33.585-0800: 8.311: [CMS-concurrent-sweep: 0.001/0.001 secs] [Times: user=0.00 sys=0.00, real=0.00 secs] 
2021-01-18T10:21:33.585-0800: 8.311: [CMS-concurrent-reset-start]
2021-01-18T10:21:33.586-0800: 8.311: [CMS-concurrent-reset: 0.000/0.000 secs] [Times: user=0.00 sys=0.00, real=0.00 secs] 
2021-01-18T10:21:33.601-0800: 8.326: [GC (Allocation Failure) 2021-01-18T10:21:33.601-0800: 8.327: [ParNew: 157167K->157167K(157248K), 0.0000225 secs]2021-01-18T10:21:33.601-0800: 8.327: [CMS: 348827K->349530K(349568K), 0.0596865 secs] 505995K->376739K(506816K), [Metaspace: 2580K->2580K(1056768K)], 0.0598189 secs] [Times: user=0.06 sys=0.01, real=0.06 secs] 
2021-01-18T10:21:33.661-0800: 8.387: [GC (CMS Initial Mark) [1 CMS-initial-mark: 349530K(349568K)] 379432K(506816K), 0.0002196 secs] [Times: user=0.00 sys=0.00, real=0.00 secs] 
2021-01-18T10:21:33.662-0800: 8.387: [CMS-concurrent-mark-start]
2021-01-18T10:21:33.663-0800: 8.388: [CMS-concurrent-mark: 0.001/0.001 secs] [Times: user=0.00 sys=0.00, real=0.00 secs] 
2021-01-18T10:21:33.663-0800: 8.388: [CMS-concurrent-preclean-start]
2021-01-18T10:21:33.664-0800: 8.389: [CMS-concurrent-preclean: 0.001/0.001 secs] [Times: user=0.00 sys=0.00, real=0.00 secs] 
2021-01-18T10:21:33.664-0800: 8.390: [CMS-concurrent-abortable-preclean-start]
2021-01-18T10:21:33.664-0800: 8.390: [CMS-concurrent-abortable-preclean: 0.000/0.000 secs] [Times: user=0.00 sys=0.00, real=0.00 secs] 
2021-01-18T10:21:33.664-0800: 8.390: [GC (CMS Final Remark) [YG occupancy: 47681 K (157248 K)]2021-01-18T10:21:33.664-0800: 8.390: [Rescan (parallel) , 0.0003364 secs]2021-01-18T10:21:33.665-0800: 8.390: [weak refs processing, 0.0000173 secs]2021-01-18T10:21:33.665-0800: 8.390: [class unloading, 0.0001938 secs]2021-01-18T10:21:33.665-0800: 8.390: [scrub symbol table, 0.0003237 secs]2021-01-18T10:21:33.665-0800: 8.391: [scrub string table, 0.0001516 secs][1 CMS-remark: 349530K(349568K)] 397212K(506816K), 0.0011046 secs] [Times: user=0.00 sys=0.00, real=0.00 secs] 
2021-01-18T10:21:33.666-0800: 8.391: [CMS-concurrent-sweep-start]
2021-01-18T10:21:33.666-0800: 8.391: [CMS-concurrent-sweep: 0.000/0.000 secs] [Times: user=0.00 sys=0.00, real=0.00 secs] 
2021-01-18T10:21:33.666-0800: 8.391: [CMS-concurrent-reset-start]
2021-01-18T10:21:33.666-0800: 8.392: [CMS-concurrent-reset: 0.000/0.000 secs] [Times: user=0.00 sys=0.00, real=0.00 secs] 
2021-01-18T10:21:33.681-0800: 8.406: [GC (Allocation Failure) 2021-01-18T10:21:33.681-0800: 8.406: [ParNew: 157043K->157043K(157248K), 0.0000208 secs]2021-01-18T10:21:33.681-0800: 8.406: [CMS: 349460K->349462K(349568K), 0.0537723 secs] 506504K->367984K(506816K), [Metaspace: 2580K->2580K(1056768K)], 0.0539191 secs] [Times: user=0.06 sys=0.00, real=0.05 secs] 
2021-01-18T10:21:33.735-0800: 8.460: [GC (CMS Initial Mark) [1 CMS-initial-mark: 349462K(349568K)] 371108K(506816K), 0.0002560 secs] [Times: user=0.00 sys=0.00, real=0.00 secs] 
2021-01-18T10:21:33.735-0800: 8.460: [CMS-concurrent-mark-start]
2021-01-18T10:21:33.737-0800: 8.462: [CMS-concurrent-mark: 0.001/0.001 secs] [Times: user=0.00 sys=0.00, real=0.00 secs] 
2021-01-18T10:21:33.737-0800: 8.462: [CMS-concurrent-preclean-start]
2021-01-18T10:21:33.738-0800: 8.463: [CMS-concurrent-preclean: 0.001/0.001 secs] [Times: user=0.00 sys=0.00, real=0.00 secs] 
2021-01-18T10:21:33.738-0800: 8.463: [CMS-concurrent-abortable-preclean-start]
2021-01-18T10:21:33.738-0800: 8.463: [CMS-concurrent-abortable-preclean: 0.000/0.000 secs] [Times: user=0.00 sys=0.00, real=0.00 secs] 
2021-01-18T10:21:33.738-0800: 8.464: [GC (CMS Final Remark) [YG occupancy: 44348 K (157248 K)]2021-01-18T10:21:33.738-0800: 8.464: [Rescan (parallel) , 0.0004798 secs]2021-01-18T10:21:33.739-0800: 8.464: [weak refs processing, 0.0000207 secs]2021-01-18T10:21:33.739-0800: 8.464: [class unloading, 0.0002117 secs]2021-01-18T10:21:33.739-0800: 8.464: [scrub symbol table, 0.0003422 secs]2021-01-18T10:21:33.740-0800: 8.465: [scrub string table, 0.0001642 secs][1 CMS-remark: 349462K(349568K)] 393810K(506816K), 0.0013157 secs] [Times: user=0.00 sys=0.00, real=0.01 secs] 
2021-01-18T10:21:33.740-0800: 8.465: [CMS-concurrent-sweep-start]
2021-01-18T10:21:33.740-0800: 8.466: [CMS-concurrent-sweep: 0.001/0.001 secs] [Times: user=0.00 sys=0.00, real=0.00 secs] 
2021-01-18T10:21:33.740-0800: 8.466: [CMS-concurrent-reset-start]
2021-01-18T10:21:33.741-0800: 8.466: [CMS-concurrent-reset: 0.000/0.000 secs] [Times: user=0.00 sys=0.00, real=0.00 secs] 
2021-01-18T10:21:33.755-0800: 8.480: [GC (Allocation Failure) 2021-01-18T10:21:33.755-0800: 8.480: [ParNew: 157019K->157019K(157248K), 0.0000211 secs]2021-01-18T10:21:33.755-0800: 8.480: [CMS: 349040K->349349K(349568K), 0.0564364 secs] 506059K->380321K(506816K), [Metaspace: 2589K->2589K(1056768K)], 0.0565747 secs] [Times: user=0.05 sys=0.00, real=0.06 secs] 
2021-01-18T10:21:33.812-0800: 8.537: [GC (CMS Initial Mark) [1 CMS-initial-mark: 349349K(349568K)] 380794K(506816K), 0.0001579 secs] [Times: user=0.00 sys=0.00, real=0.00 secs] 
2021-01-18T10:21:33.812-0800: 8.537: [CMS-concurrent-mark-start]
2021-01-18T10:21:33.813-0800: 8.539: [CMS-concurrent-mark: 0.001/0.001 secs] [Times: user=0.00 sys=0.00, real=0.00 secs] 
2021-01-18T10:21:33.813-0800: 8.539: [CMS-concurrent-preclean-start]
2021-01-18T10:21:33.815-0800: 8.540: [CMS-concurrent-preclean: 0.001/0.001 secs] [Times: user=0.01 sys=0.00, real=0.00 secs] 
2021-01-18T10:21:33.815-0800: 8.540: [CMS-concurrent-abortable-preclean-start]
2021-01-18T10:21:33.815-0800: 8.540: [CMS-concurrent-abortable-preclean: 0.000/0.000 secs] [Times: user=0.00 sys=0.00, real=0.00 secs] 
2021-01-18T10:21:33.815-0800: 8.540: [GC (CMS Final Remark) [YG occupancy: 54727 K (157248 K)]2021-01-18T10:21:33.815-0800: 8.540: [Rescan (parallel) , 0.0003543 secs]2021-01-18T10:21:33.815-0800: 8.541: [weak refs processing, 0.0000171 secs]2021-01-18T10:21:33.815-0800: 8.541: [class unloading, 0.0002036 secs]2021-01-18T10:21:33.816-0800: 8.541: [scrub symbol table, 0.0003311 secs]2021-01-18T10:21:33.816-0800: 8.541: [scrub string table, 0.0001573 secs][1 CMS-remark: 349349K(349568K)] 404077K(506816K), 0.0011539 secs] [Times: user=0.00 sys=0.00, real=0.00 secs] 
2021-01-18T10:21:33.816-0800: 8.541: [CMS-concurrent-sweep-start]
2021-01-18T10:21:33.817-0800: 8.542: [CMS-concurrent-sweep: 0.000/0.000 secs] [Times: user=0.00 sys=0.00, real=0.00 secs] 
2021-01-18T10:21:33.817-0800: 8.542: [CMS-concurrent-reset-start]
2021-01-18T10:21:33.817-0800: 8.542: [CMS-concurrent-reset: 0.000/0.000 secs] [Times: user=0.00 sys=0.00, real=0.00 secs] 
2021-01-18T10:21:33.830-0800: 8.555: [GC (Allocation Failure) 2021-01-18T10:21:33.830-0800: 8.555: [ParNew: 156789K->156789K(157248K), 0.0000212 secs]2021-01-18T10:21:33.830-0800: 8.555: [CMS: 349191K->349432K(349568K), 0.0560552 secs] 505981K->383126K(506816K), [Metaspace: 2589K->2589K(1056768K)], 0.0561965 secs] [Times: user=0.06 sys=0.00, real=0.05 secs] 
2021-01-18T10:21:33.886-0800: 8.612: [GC (CMS Initial Mark) [1 CMS-initial-mark: 349432K(349568K)] 383659K(506816K), 0.0001988 secs] [Times: user=0.00 sys=0.00, real=0.00 secs] 
2021-01-18T10:21:33.887-0800: 8.612: [CMS-concurrent-mark-start]
2021-01-18T10:21:33.888-0800: 8.613: [CMS-concurrent-mark: 0.001/0.001 secs] [Times: user=0.00 sys=0.00, real=0.00 secs] 
2021-01-18T10:21:33.888-0800: 8.613: [CMS-concurrent-preclean-start]
2021-01-18T10:21:33.889-0800: 8.615: [CMS-concurrent-preclean: 0.001/0.001 secs] [Times: user=0.01 sys=0.00, real=0.00 secs] 
2021-01-18T10:21:33.889-0800: 8.615: [CMS-concurrent-abortable-preclean-start]
2021-01-18T10:21:33.889-0800: 8.615: [CMS-concurrent-abortable-preclean: 0.000/0.000 secs] [Times: user=0.00 sys=0.00, real=0.00 secs] 
2021-01-18T10:21:33.890-0800: 8.615: [GC (CMS Final Remark) [YG occupancy: 55998 K (157248 K)]2021-01-18T10:21:33.890-0800: 8.615: [Rescan (parallel) , 0.0003297 secs]2021-01-18T10:21:33.890-0800: 8.615: [weak refs processing, 0.0000155 secs]2021-01-18T10:21:33.890-0800: 8.615: [class unloading, 0.0002349 secs]2021-01-18T10:21:33.890-0800: 8.615: [scrub symbol table, 0.0003100 secs]2021-01-18T10:21:33.891-0800: 8.616: [scrub string table, 0.0001384 secs][1 CMS-remark: 349432K(349568K)] 405431K(506816K), 0.0011055 secs] [Times: user=0.00 sys=0.00, real=0.00 secs] 
2021-01-18T10:21:33.891-0800: 8.616: [CMS-concurrent-sweep-start]
2021-01-18T10:21:33.891-0800: 8.616: [CMS-concurrent-sweep: 0.000/0.000 secs] [Times: user=0.00 sys=0.00, real=0.00 secs] 
2021-01-18T10:21:33.891-0800: 8.616: [CMS-concurrent-reset-start]
2021-01-18T10:21:33.891-0800: 8.617: [CMS-concurrent-reset: 0.000/0.000 secs] [Times: user=0.00 sys=0.00, real=0.00 secs] 
2021-01-18T10:21:33.903-0800: 8.628: [GC (Allocation Failure) 2021-01-18T10:21:33.903-0800: 8.628: [ParNew: 157230K->157230K(157248K), 0.0000176 secs]2021-01-18T10:21:33.903-0800: 8.628: [CMS: 348669K->349210K(349568K), 0.0500501 secs] 505899K->383736K(506816K), [Metaspace: 2589K->2589K(1056768K)], 0.0501669 secs] [Times: user=0.05 sys=0.00, real=0.05 secs] 
2021-01-18T10:21:33.953-0800: 8.678: [GC (CMS Initial Mark) [1 CMS-initial-mark: 349210K(349568K)] 383880K(506816K), 0.0002704 secs] [Times: user=0.00 sys=0.00, real=0.00 secs] 
2021-01-18T10:21:33.954-0800: 8.679: [CMS-concurrent-mark-start]
2021-01-18T10:21:33.955-0800: 8.680: [CMS-concurrent-mark: 0.001/0.001 secs] [Times: user=0.01 sys=0.00, real=0.00 secs] 
2021-01-18T10:21:33.955-0800: 8.680: [CMS-concurrent-preclean-start]
2021-01-18T10:21:33.956-0800: 8.681: [CMS-concurrent-preclean: 0.001/0.001 secs] [Times: user=0.00 sys=0.00, real=0.00 secs] 
2021-01-18T10:21:33.956-0800: 8.681: [CMS-concurrent-abortable-preclean-start]
2021-01-18T10:21:33.956-0800: 8.681: [CMS-concurrent-abortable-preclean: 0.000/0.000 secs] [Times: user=0.00 sys=0.00, real=0.00 secs] 
2021-01-18T10:21:33.956-0800: 8.681: [GC (CMS Final Remark) [YG occupancy: 55062 K (157248 K)]2021-01-18T10:21:33.956-0800: 8.681: [Rescan (parallel) , 0.0009596 secs]2021-01-18T10:21:33.957-0800: 8.682: [weak refs processing, 0.0000450 secs]2021-01-18T10:21:33.957-0800: 8.682: [class unloading, 0.0001977 secs]2021-01-18T10:21:33.957-0800: 8.683: [scrub symbol table, 0.0004480 secs]2021-01-18T10:21:33.958-0800: 8.683: [scrub string table, 0.0002156 secs][1 CMS-remark: 349210K(349568K)] 404273K(506816K), 0.0020559 secs] [Times: user=0.01 sys=0.00, real=0.00 secs] 
2021-01-18T10:21:33.958-0800: 8.684: [CMS-concurrent-sweep-start]
2021-01-18T10:21:33.959-0800: 8.684: [CMS-concurrent-sweep: 0.001/0.001 secs] [Times: user=0.00 sys=0.00, real=0.00 secs] 
2021-01-18T10:21:33.959-0800: 8.684: [CMS-concurrent-reset-start]
2021-01-18T10:21:33.959-0800: 8.685: [CMS-concurrent-reset: 0.000/0.000 secs] [Times: user=0.00 sys=0.00, real=0.00 secs] 
2021-01-18T10:21:33.972-0800: 8.697: [GC (Allocation Failure) 2021-01-18T10:21:33.972-0800: 8.697: [ParNew: 157234K->157234K(157248K), 0.0000174 secs]2021-01-18T10:21:33.972-0800: 8.697: [CMS: 348337K->349243K(349568K), 0.0515765 secs] 505571K->381192K(506816K), [Metaspace: 2589K->2589K(1056768K)], 0.0517008 secs] [Times: user=0.05 sys=0.00, real=0.05 secs] 
2021-01-18T10:21:34.024-0800: 8.749: [GC (CMS Initial Mark) [1 CMS-initial-mark: 349243K(349568K)] 384249K(506816K), 0.0002349 secs] [Times: user=0.00 sys=0.00, real=0.00 secs] 
2021-01-18T10:21:34.024-0800: 8.749: [CMS-concurrent-mark-start]
2021-01-18T10:21:34.025-0800: 8.750: [CMS-concurrent-mark: 0.001/0.001 secs] [Times: user=0.00 sys=0.00, real=0.00 secs] 
2021-01-18T10:21:34.025-0800: 8.750: [CMS-concurrent-preclean-start]
2021-01-18T10:21:34.026-0800: 8.752: [CMS-concurrent-preclean: 0.001/0.001 secs] [Times: user=0.00 sys=0.00, real=0.00 secs] 
2021-01-18T10:21:34.026-0800: 8.752: [CMS-concurrent-abortable-preclean-start]
2021-01-18T10:21:34.026-0800: 8.752: [CMS-concurrent-abortable-preclean: 0.000/0.000 secs] [Times: user=0.00 sys=0.00, real=0.00 secs] 
2021-01-18T10:21:34.027-0800: 8.752: [GC (CMS Final Remark) [YG occupancy: 58352 K (157248 K)]2021-01-18T10:21:34.027-0800: 8.752: [Rescan (parallel) , 0.0002918 secs]2021-01-18T10:21:34.027-0800: 8.752: [weak refs processing, 0.0000123 secs]2021-01-18T10:21:34.027-0800: 8.752: [class unloading, 0.0001765 secs]2021-01-18T10:21:34.027-0800: 8.752: [scrub symbol table, 0.0002701 secs]2021-01-18T10:21:34.027-0800: 8.753: [scrub string table, 0.0001135 secs][1 CMS-remark: 349243K(349568K)] 407595K(506816K), 0.0009268 secs] [Times: user=0.00 sys=0.00, real=0.00 secs] 
2021-01-18T10:21:34.028-0800: 8.753: [CMS-concurrent-sweep-start]
2021-01-18T10:21:34.028-0800: 8.753: [CMS-concurrent-sweep: 0.000/0.000 secs] [Times: user=0.00 sys=0.00, real=0.00 secs] 
2021-01-18T10:21:34.028-0800: 8.753: [CMS-concurrent-reset-start]
2021-01-18T10:21:34.028-0800: 8.753: [CMS-concurrent-reset: 0.000/0.000 secs] [Times: user=0.00 sys=0.00, real=0.00 secs] 
2021-01-18T10:21:34.039-0800: 8.764: [GC (Allocation Failure) 2021-01-18T10:21:34.039-0800: 8.764: [ParNew: 157226K->157226K(157248K), 0.0000168 secs]2021-01-18T10:21:34.039-0800: 8.764: [CMS: 347834K->349120K(349568K), 0.0533949 secs] 505061K->378653K(506816K), [Metaspace: 2589K->2589K(1056768K)], 0.0535730 secs] [Times: user=0.05 sys=0.00, real=0.06 secs] 
2021-01-18T10:21:34.093-0800: 8.818: [GC (CMS Initial Mark) [1 CMS-initial-mark: 349120K(349568K)] 381513K(506816K), 0.0002978 secs] [Times: user=0.00 sys=0.00, real=0.00 secs] 
2021-01-18T10:21:34.093-0800: 8.818: [CMS-concurrent-mark-start]
2021-01-18T10:21:34.095-0800: 8.820: [CMS-concurrent-mark: 0.002/0.002 secs] [Times: user=0.01 sys=0.00, real=0.00 secs] 
2021-01-18T10:21:34.095-0800: 8.820: [CMS-concurrent-preclean-start]
2021-01-18T10:21:34.096-0800: 8.821: [CMS-concurrent-preclean: 0.002/0.002 secs] [Times: user=0.00 sys=0.00, real=0.00 secs] 
2021-01-18T10:21:34.096-0800: 8.822: [CMS-concurrent-abortable-preclean-start]
2021-01-18T10:21:34.096-0800: 8.822: [CMS-concurrent-abortable-preclean: 0.000/0.000 secs] [Times: user=0.00 sys=0.00, real=0.00 secs] 
2021-01-18T10:21:34.097-0800: 8.822: [GC (CMS Final Remark) [YG occupancy: 56201 K (157248 K)]2021-01-18T10:21:34.097-0800: 8.822: [Rescan (parallel) , 0.0011009 secs]2021-01-18T10:21:34.098-0800: 8.823: [weak refs processing, 0.0000139 secs]2021-01-18T10:21:34.098-0800: 8.823: [class unloading, 0.0002474 secs]2021-01-18T10:21:34.098-0800: 8.823: [scrub symbol table, 0.0003635 secs]2021-01-18T10:21:34.098-0800: 8.824: [scrub string table, 0.0001209 secs][1 CMS-remark: 349120K(349568K)] 405322K(506816K), 0.0019370 secs] [Times: user=0.01 sys=0.00, real=0.00 secs] 
2021-01-18T10:21:34.099-0800: 8.824: [CMS-concurrent-sweep-start]
2021-01-18T10:21:34.099-0800: 8.824: [CMS-concurrent-sweep: 0.000/0.000 secs] [Times: user=0.00 sys=0.00, real=0.00 secs] 
2021-01-18T10:21:34.099-0800: 8.824: [CMS-concurrent-reset-start]
2021-01-18T10:21:34.099-0800: 8.824: [CMS-concurrent-reset: 0.000/0.000 secs] [Times: user=0.00 sys=0.00, real=0.00 secs] 
2021-01-18T10:21:34.112-0800: 8.837: [GC (Allocation Failure) 2021-01-18T10:21:34.112-0800: 8.837: [ParNew: 157148K->157148K(157248K), 0.0000376 secs]2021-01-18T10:21:34.112-0800: 8.837: [CMS: 347305K->349430K(349568K), 0.0507479 secs] 504454K->378324K(506816K), [Metaspace: 2589K->2589K(1056768K)], 0.0508940 secs] [Times: user=0.05 sys=0.00, real=0.05 secs] 
2021-01-18T10:21:34.163-0800: 8.888: [GC (CMS Initial Mark) [1 CMS-initial-mark: 349430K(349568K)] 381125K(506816K), 0.0002131 secs] [Times: user=0.00 sys=0.00, real=0.00 secs] 
2021-01-18T10:21:34.163-0800: 8.888: [CMS-concurrent-mark-start]
2021-01-18T10:21:34.164-0800: 8.890: [CMS-concurrent-mark: 0.001/0.001 secs] [Times: user=0.00 sys=0.00, real=0.00 secs] 
2021-01-18T10:21:34.165-0800: 8.890: [CMS-concurrent-preclean-start]
2021-01-18T10:21:34.166-0800: 8.891: [CMS-concurrent-preclean: 0.001/0.001 secs] [Times: user=0.00 sys=0.00, real=0.00 secs] 
2021-01-18T10:21:34.166-0800: 8.891: [CMS-concurrent-abortable-preclean-start]
2021-01-18T10:21:34.166-0800: 8.891: [CMS-concurrent-abortable-preclean: 0.000/0.000 secs] [Times: user=0.00 sys=0.00, real=0.00 secs] 
2021-01-18T10:21:34.166-0800: 8.891: [GC (CMS Final Remark) [YG occupancy: 55921 K (157248 K)]2021-01-18T10:21:34.166-0800: 8.891: [Rescan (parallel) , 0.0003061 secs]2021-01-18T10:21:34.166-0800: 8.891: [weak refs processing, 0.0000124 secs]2021-01-18T10:21:34.166-0800: 8.891: [class unloading, 0.0001767 secs]2021-01-18T10:21:34.166-0800: 8.892: [scrub symbol table, 0.0002661 secs]2021-01-18T10:21:34.167-0800: 8.892: [scrub string table, 0.0001164 secs][1 CMS-remark: 349430K(349568K)] 405352K(506816K), 0.0009379 secs] [Times: user=0.00 sys=0.00, real=0.00 secs] 
2021-01-18T10:21:34.167-0800: 8.892: [CMS-concurrent-sweep-start]
2021-01-18T10:21:34.167-0800: 8.893: [CMS-concurrent-sweep: 0.001/0.001 secs] [Times: user=0.00 sys=0.00, real=0.00 secs] 
2021-01-18T10:21:34.167-0800: 8.893: [CMS-concurrent-reset-start]
2021-01-18T10:21:34.168-0800: 8.893: [CMS-concurrent-reset: 0.000/0.000 secs] [Times: user=0.00 sys=0.00, real=0.00 secs] 
2021-01-18T10:21:34.179-0800: 8.904: [GC (Allocation Failure) 2021-01-18T10:21:34.179-0800: 8.904: [ParNew: 157179K->157179K(157248K), 0.0000179 secs]2021-01-18T10:21:34.179-0800: 8.904: [CMS: 348488K->349104K(349568K), 0.0475646 secs] 505668K->381149K(506816K), [Metaspace: 2589K->2589K(1056768K)], 0.0476890 secs] [Times: user=0.05 sys=0.00, real=0.05 secs] 
2021-01-18T10:21:34.227-0800: 8.952: [GC (CMS Initial Mark) [1 CMS-initial-mark: 349104K(349568K)] 384007K(506816K), 0.0003349 secs] [Times: user=0.00 sys=0.00, real=0.00 secs] 
2021-01-18T10:21:34.227-0800: 8.952: [CMS-concurrent-mark-start]
2021-01-18T10:21:34.228-0800: 8.953: [CMS-concurrent-mark: 0.001/0.001 secs] [Times: user=0.00 sys=0.00, real=0.00 secs] 
2021-01-18T10:21:34.228-0800: 8.954: [CMS-concurrent-preclean-start]
2021-01-18T10:21:34.229-0800: 8.955: [CMS-concurrent-preclean: 0.001/0.001 secs] [Times: user=0.00 sys=0.00, real=0.00 secs] 
2021-01-18T10:21:34.229-0800: 8.955: [CMS-concurrent-abortable-preclean-start]
2021-01-18T10:21:34.229-0800: 8.955: [CMS-concurrent-abortable-preclean: 0.000/0.000 secs] [Times: user=0.00 sys=0.00, real=0.00 secs] 
2021-01-18T10:21:34.230-0800: 8.955: [GC (CMS Final Remark) [YG occupancy: 50386 K (157248 K)]2021-01-18T10:21:34.230-0800: 8.955: [Rescan (parallel) , 0.0002593 secs]2021-01-18T10:21:34.230-0800: 8.955: [weak refs processing, 0.0000421 secs]2021-01-18T10:21:34.230-0800: 8.955: [class unloading, 0.0001839 secs]2021-01-18T10:21:34.230-0800: 8.955: [scrub symbol table, 0.0002703 secs]2021-01-18T10:21:34.230-0800: 8.956: [scrub string table, 0.0001146 secs][1 CMS-remark: 349104K(349568K)] 399490K(506816K), 0.0009365 secs] [Times: user=0.00 sys=0.00, real=0.00 secs] 
2021-01-18T10:21:34.231-0800: 8.956: [CMS-concurrent-sweep-start]
2021-01-18T10:21:34.231-0800: 8.956: [CMS-concurrent-sweep: 0.000/0.000 secs] [Times: user=0.01 sys=0.00, real=0.00 secs] 
2021-01-18T10:21:34.231-0800: 8.956: [CMS-concurrent-reset-start]
2021-01-18T10:21:34.231-0800: 8.956: [CMS-concurrent-reset: 0.000/0.000 secs] [Times: user=0.00 sys=0.00, real=0.00 secs] 
2021-01-18T10:21:34.244-0800: 8.969: [GC (Allocation Failure) 2021-01-18T10:21:34.244-0800: 8.969: [ParNew: 157170K->157170K(157248K), 0.0000167 secs]2021-01-18T10:21:34.244-0800: 8.969: [CMS: 348756K->349527K(349568K), 0.0479826 secs] 505927K->382541K(506816K), [Metaspace: 2589K->2589K(1056768K)], 0.0480927 secs] [Times: user=0.05 sys=0.00, real=0.05 secs] 
2021-01-18T10:21:34.292-0800: 9.017: [GC (CMS Initial Mark) [1 CMS-initial-mark: 349527K(349568K)] 385339K(506816K), 0.0001994 secs] [Times: user=0.00 sys=0.00, real=0.00 secs] 
2021-01-18T10:21:34.292-0800: 9.017: [CMS-concurrent-mark-start]
2021-01-18T10:21:34.293-0800: 9.019: [CMS-concurrent-mark: 0.001/0.001 secs] [Times: user=0.00 sys=0.00, real=0.00 secs] 
2021-01-18T10:21:34.293-0800: 9.019: [CMS-concurrent-preclean-start]
2021-01-18T10:21:34.295-0800: 9.020: [CMS-concurrent-preclean: 0.001/0.001 secs] [Times: user=0.00 sys=0.00, real=0.00 secs] 
2021-01-18T10:21:34.295-0800: 9.020: [CMS-concurrent-abortable-preclean-start]
2021-01-18T10:21:34.295-0800: 9.020: [CMS-concurrent-abortable-preclean: 0.000/0.000 secs] [Times: user=0.00 sys=0.00, real=0.00 secs] 
2021-01-18T10:21:34.295-0800: 9.020: [GC (CMS Final Remark) [YG occupancy: 55488 K (157248 K)]2021-01-18T10:21:34.295-0800: 9.020: [Rescan (parallel) , 0.0003224 secs]2021-01-18T10:21:34.295-0800: 9.020: [weak refs processing, 0.0000102 secs]2021-01-18T10:21:34.295-0800: 9.020: [class unloading, 0.0001742 secs]2021-01-18T10:21:34.295-0800: 9.021: [scrub symbol table, 0.0002690 secs]2021-01-18T10:21:34.296-0800: 9.021: [scrub string table, 0.0001133 secs][1 CMS-remark: 349527K(349568K)] 405016K(506816K), 0.0009538 secs] [Times: user=0.00 sys=0.00, real=0.00 secs] 
2021-01-18T10:21:34.296-0800: 9.021: [CMS-concurrent-sweep-start]
2021-01-18T10:21:34.296-0800: 9.021: [CMS-concurrent-sweep: 0.000/0.000 secs] [Times: user=0.00 sys=0.00, real=0.00 secs] 
2021-01-18T10:21:34.296-0800: 9.021: [CMS-concurrent-reset-start]
2021-01-18T10:21:34.296-0800: 9.022: [CMS-concurrent-reset: 0.000/0.000 secs] [Times: user=0.01 sys=0.00, real=0.00 secs] 
2021-01-18T10:21:34.308-0800: 9.033: [GC (Allocation Failure) 2021-01-18T10:21:34.308-0800: 9.033: [ParNew: 157211K->157211K(157248K), 0.0000174 secs]2021-01-18T10:21:34.308-0800: 9.033: [CMS: 348800K->349164K(349568K), 0.0477760 secs] 506012K->378457K(506816K), [Metaspace: 2589K->2589K(1056768K)], 0.0478923 secs] [Times: user=0.04 sys=0.00, real=0.05 secs] 
2021-01-18T10:21:34.356-0800: 9.081: [GC (CMS Initial Mark) [1 CMS-initial-mark: 349164K(349568K)] 378529K(506816K), 0.0002515 secs] [Times: user=0.00 sys=0.00, real=0.00 secs] 
2021-01-18T10:21:34.356-0800: 9.081: [CMS-concurrent-mark-start]
2021-01-18T10:21:34.357-0800: 9.082: [CMS-concurrent-mark: 0.001/0.001 secs] [Times: user=0.01 sys=0.00, real=0.00 secs] 
2021-01-18T10:21:34.357-0800: 9.082: [CMS-concurrent-preclean-start]
2021-01-18T10:21:34.359-0800: 9.084: [CMS-concurrent-preclean: 0.001/0.001 secs] [Times: user=0.00 sys=0.00, real=0.00 secs] 
2021-01-18T10:21:34.359-0800: 9.084: [CMS-concurrent-abortable-preclean-start]
2021-01-18T10:21:34.359-0800: 9.084: [CMS-concurrent-abortable-preclean: 0.000/0.000 secs] [Times: user=0.00 sys=0.00, real=0.00 secs] 
2021-01-18T10:21:34.359-0800: 9.084: [GC (CMS Final Remark) [YG occupancy: 53663 K (157248 K)]2021-01-18T10:21:34.359-0800: 9.084: [Rescan (parallel) , 0.0003398 secs]2021-01-18T10:21:34.359-0800: 9.084: [weak refs processing, 0.0000131 secs]2021-01-18T10:21:34.359-0800: 9.085: [class unloading, 0.0001925 secs]2021-01-18T10:21:34.360-0800: 9.085: [scrub symbol table, 0.0002960 secs]2021-01-18T10:21:34.360-0800: 9.085: [scrub string table, 0.0001104 secs][1 CMS-remark: 349164K(349568K)] 402828K(506816K), 0.0010592 secs] [Times: user=0.00 sys=0.00, real=0.01 secs] 
2021-01-18T10:21:34.360-0800: 9.085: [CMS-concurrent-sweep-start]
2021-01-18T10:21:34.360-0800: 9.086: [CMS-concurrent-sweep: 0.000/0.000 secs] [Times: user=0.00 sys=0.00, real=0.00 secs] 
2021-01-18T10:21:34.361-0800: 9.086: [CMS-concurrent-reset-start]
2021-01-18T10:21:34.361-0800: 9.086: [CMS-concurrent-reset: 0.000/0.000 secs] [Times: user=0.00 sys=0.00, real=0.00 secs] 
2021-01-18T10:21:34.372-0800: 9.097: [GC (Allocation Failure) 2021-01-18T10:21:34.372-0800: 9.097: [ParNew: 157195K->157195K(157248K), 0.0000173 secs]2021-01-18T10:21:34.372-0800: 9.097: [CMS: 347942K->349253K(349568K), 0.0476766 secs] 505137K->372964K(506816K), [Metaspace: 2589K->2589K(1056768K)], 0.0477993 secs] [Times: user=0.04 sys=0.00, real=0.05 secs] 
2021-01-18T10:21:34.420-0800: 9.145: [GC (CMS Initial Mark) [1 CMS-initial-mark: 349253K(349568K)] 373108K(506816K), 0.0002475 secs] [Times: user=0.00 sys=0.00, real=0.00 secs] 
2021-01-18T10:21:34.421-0800: 9.146: [CMS-concurrent-mark-start]
2021-01-18T10:21:34.422-0800: 9.147: [CMS-concurrent-mark: 0.001/0.001 secs] [Times: user=0.01 sys=0.00, real=0.00 secs] 
2021-01-18T10:21:34.422-0800: 9.147: [CMS-concurrent-preclean-start]
2021-01-18T10:21:34.423-0800: 9.148: [CMS-concurrent-preclean: 0.001/0.001 secs] [Times: user=0.00 sys=0.00, real=0.00 secs] 
2021-01-18T10:21:34.423-0800: 9.148: [CMS-concurrent-abortable-preclean-start]
2021-01-18T10:21:34.423-0800: 9.148: [CMS-concurrent-abortable-preclean: 0.000/0.000 secs] [Times: user=0.00 sys=0.00, real=0.00 secs] 
2021-01-18T10:21:34.423-0800: 9.148: [GC (CMS Final Remark) [YG occupancy: 44000 K (157248 K)]2021-01-18T10:21:34.423-0800: 9.148: [Rescan (parallel) , 0.0002742 secs]2021-01-18T10:21:34.423-0800: 9.149: [weak refs processing, 0.0000453 secs]2021-01-18T10:21:34.423-0800: 9.149: [class unloading, 0.0002381 secs]2021-01-18T10:21:34.424-0800: 9.149: [scrub symbol table, 0.0002661 secs]2021-01-18T10:21:34.424-0800: 9.149: [scrub string table, 0.0001136 secs][1 CMS-remark: 349253K(349568K)] 393253K(506816K), 0.0010272 secs] [Times: user=0.00 sys=0.00, real=0.00 secs] 
2021-01-18T10:21:34.424-0800: 9.149: [CMS-concurrent-sweep-start]
2021-01-18T10:21:34.425-0800: 9.150: [CMS-concurrent-sweep: 0.000/0.000 secs] [Times: user=0.00 sys=0.00, real=0.00 secs] 
2021-01-18T10:21:34.425-0800: 9.150: [CMS-concurrent-reset-start]
2021-01-18T10:21:34.425-0800: 9.150: [CMS-concurrent-reset: 0.000/0.000 secs] [Times: user=0.00 sys=0.00, real=0.00 secs] 
2021-01-18T10:21:34.436-0800: 9.161: [GC (Allocation Failure) 2021-01-18T10:21:34.436-0800: 9.161: [ParNew: 157070K->157070K(157248K), 0.0000155 secs]2021-01-18T10:21:34.436-0800: 9.161: [CMS: 349180K->349481K(349568K), 0.0489715 secs] 506251K->371199K(506816K), [Metaspace: 2589K->2589K(1056768K)], 0.0490751 secs] [Times: user=0.05 sys=0.00, real=0.05 secs] 
2021-01-18T10:21:34.485-0800: 9.210: [GC (CMS Initial Mark) [1 CMS-initial-mark: 349481K(349568K)] 371487K(506816K), 0.0003828 secs] [Times: user=0.00 sys=0.00, real=0.00 secs] 
2021-01-18T10:21:34.485-0800: 9.211: [CMS-concurrent-mark-start]
2021-01-18T10:21:34.487-0800: 9.212: [CMS-concurrent-mark: 0.001/0.001 secs] [Times: user=0.01 sys=0.00, real=0.00 secs] 
2021-01-18T10:21:34.487-0800: 9.212: [CMS-concurrent-preclean-start]
2021-01-18T10:21:34.488-0800: 9.213: [CMS-concurrent-preclean: 0.001/0.001 secs] [Times: user=0.00 sys=0.00, real=0.00 secs] 
2021-01-18T10:21:34.488-0800: 9.213: [CMS-concurrent-abortable-preclean-start]
2021-01-18T10:21:34.488-0800: 9.213: [CMS-concurrent-abortable-preclean: 0.000/0.000 secs] [Times: user=0.00 sys=0.00, real=0.00 secs] 
2021-01-18T10:21:34.488-0800: 9.213: [GC (CMS Final Remark) [YG occupancy: 43850 K (157248 K)]2021-01-18T10:21:34.488-0800: 9.213: [Rescan (parallel) , 0.0003286 secs]2021-01-18T10:21:34.488-0800: 9.213: [weak refs processing, 0.0000311 secs]2021-01-18T10:21:34.488-0800: 9.213: [class unloading, 0.0001891 secs]2021-01-18T10:21:34.488-0800: 9.214: [scrub symbol table, 0.0002691 secs]2021-01-18T10:21:34.489-0800: 9.214: [scrub string table, 0.0001138 secs][1 CMS-remark: 349481K(349568K)] 393331K(506816K), 0.0010200 secs] [Times: user=0.00 sys=0.00, real=0.00 secs] 
2021-01-18T10:21:34.489-0800: 9.214: [CMS-concurrent-sweep-start]
2021-01-18T10:21:34.489-0800: 9.214: [CMS-concurrent-sweep: 0.000/0.000 secs] [Times: user=0.00 sys=0.00, real=0.00 secs] 
2021-01-18T10:21:34.489-0800: 9.215: [CMS-concurrent-reset-start]
2021-01-18T10:21:34.490-0800: 9.215: [CMS-concurrent-reset: 0.000/0.000 secs] [Times: user=0.00 sys=0.00, real=0.01 secs] 
2021-01-18T10:21:34.501-0800: 9.227: [GC (Allocation Failure) 2021-01-18T10:21:34.501-0800: 9.227: [ParNew: 157162K->157162K(157248K), 0.0000195 secs]2021-01-18T10:21:34.501-0800: 9.227: [CMS: 349364K->349281K(349568K), 0.0489746 secs] 506526K->369504K(506816K), [Metaspace: 2589K->2589K(1056768K)], 0.0491056 secs] [Times: user=0.05 sys=0.00, real=0.05 secs] 
2021-01-18T10:21:34.551-0800: 9.276: [GC (CMS Initial Mark) [1 CMS-initial-mark: 349281K(349568K)] 372899K(506816K), 0.0003347 secs] [Times: user=0.00 sys=0.01, real=0.00 secs] 
2021-01-18T10:21:34.551-0800: 9.276: [CMS-concurrent-mark-start]
2021-01-18T10:21:34.552-0800: 9.277: [CMS-concurrent-mark: 0.001/0.001 secs] [Times: user=0.00 sys=0.00, real=0.00 secs] 
2021-01-18T10:21:34.552-0800: 9.277: [CMS-concurrent-preclean-start]
2021-01-18T10:21:34.554-0800: 9.279: [CMS-concurrent-preclean: 0.001/0.001 secs] [Times: user=0.01 sys=0.00, real=0.00 secs] 
2021-01-18T10:21:34.554-0800: 9.279: [CMS-concurrent-abortable-preclean-start]
2021-01-18T10:21:34.554-0800: 9.279: [CMS-concurrent-abortable-preclean: 0.000/0.000 secs] [Times: user=0.00 sys=0.00, real=0.00 secs] 
2021-01-18T10:21:34.554-0800: 9.279: [GC (CMS Final Remark) [YG occupancy: 42783 K (157248 K)]2021-01-18T10:21:34.554-0800: 9.279: [Rescan (parallel) , 0.0003372 secs]2021-01-18T10:21:34.554-0800: 9.279: [weak refs processing, 0.0000122 secs]2021-01-18T10:21:34.554-0800: 9.279: [class unloading, 0.0001874 secs]2021-01-18T10:21:34.554-0800: 9.280: [scrub symbol table, 0.0003436 secs]2021-01-18T10:21:34.555-0800: 9.280: [scrub string table, 0.0001332 secs][1 CMS-remark: 349281K(349568K)] 392064K(506816K), 0.0010843 secs] [Times: user=0.00 sys=0.00, real=0.00 secs] 
2021-01-18T10:21:34.555-0800: 9.280: [CMS-concurrent-sweep-start]
2021-01-18T10:21:34.555-0800: 9.281: [CMS-concurrent-sweep: 0.000/0.000 secs] [Times: user=0.00 sys=0.00, real=0.00 secs] 
2021-01-18T10:21:34.555-0800: 9.281: [CMS-concurrent-reset-start]
2021-01-18T10:21:34.556-0800: 9.281: [CMS-concurrent-reset: 0.000/0.000 secs] [Times: user=0.00 sys=0.00, real=0.00 secs] 
2021-01-18T10:21:34.571-0800: 9.296: [GC (Allocation Failure) 2021-01-18T10:21:34.571-0800: 9.296: [ParNew: 156516K->156516K(157248K), 0.0000208 secs]2021-01-18T10:21:34.571-0800: 9.296: [CMS: 348481K->349535K(349568K), 0.0541839 secs] 504997K->369518K(506816K), [Metaspace: 2589K->2589K(1056768K)], 0.0543315 secs] [Times: user=0.05 sys=0.00, real=0.05 secs] 
2021-01-18T10:21:34.625-0800: 9.351: [GC (CMS Initial Mark) [1 CMS-initial-mark: 349535K(349568K)] 370269K(506816K), 0.0003016 secs] [Times: user=0.00 sys=0.00, real=0.00 secs] 
2021-01-18T10:21:34.626-0800: 9.351: [CMS-concurrent-mark-start]
2021-01-18T10:21:34.627-0800: 9.352: [CMS-concurrent-mark: 0.001/0.001 secs] [Times: user=0.00 sys=0.00, real=0.00 secs] 
2021-01-18T10:21:34.627-0800: 9.352: [CMS-concurrent-preclean-start]
2021-01-18T10:21:34.629-0800: 9.354: [CMS-concurrent-preclean: 0.001/0.001 secs] [Times: user=0.01 sys=0.00, real=0.00 secs] 
2021-01-18T10:21:34.629-0800: 9.354: [CMS-concurrent-abortable-preclean-start]
2021-01-18T10:21:34.629-0800: 9.354: [CMS-concurrent-abortable-preclean: 0.000/0.000 secs] [Times: user=0.00 sys=0.00, real=0.00 secs] 
2021-01-18T10:21:34.629-0800: 9.354: [GC (CMS Final Remark) [YG occupancy: 39706 K (157248 K)]2021-01-18T10:21:34.629-0800: 9.354: [Rescan (parallel) , 0.0003451 secs]2021-01-18T10:21:34.629-0800: 9.354: [weak refs processing, 0.0000182 secs]2021-01-18T10:21:34.629-0800: 9.354: [class unloading, 0.0002152 secs]2021-01-18T10:21:34.629-0800: 9.355: [scrub symbol table, 0.0003436 secs]2021-01-18T10:21:34.630-0800: 9.355: [scrub string table, 0.0001642 secs][1 CMS-remark: 349535K(349568K)] 389242K(506816K), 0.0011830 secs] [Times: user=0.00 sys=0.00, real=0.01 secs] 
2021-01-18T10:21:34.630-0800: 9.355: [CMS-concurrent-sweep-start]
2021-01-18T10:21:34.631-0800: 9.356: [CMS-concurrent-sweep: 0.000/0.000 secs] [Times: user=0.00 sys=0.00, real=0.00 secs] 
2021-01-18T10:21:34.631-0800: 9.356: [CMS-concurrent-reset-start]
2021-01-18T10:21:34.631-0800: 9.356: [CMS-concurrent-reset: 0.000/0.000 secs] [Times: user=0.00 sys=0.00, real=0.00 secs] 
2021-01-18T10:21:34.646-0800: 9.371: [GC (Allocation Failure) 2021-01-18T10:21:34.646-0800: 9.371: [ParNew: 156908K->156908K(157248K), 0.0000216 secs]2021-01-18T10:21:34.646-0800: 9.371: [CMS: 348128K->349315K(349568K), 0.0541262 secs] 505037K->371597K(506816K), [Metaspace: 2589K->2589K(1056768K)], 0.0542668 secs] [Times: user=0.05 sys=0.00, real=0.06 secs] 
2021-01-18T10:21:34.700-0800: 9.425: [GC (CMS Initial Mark) [1 CMS-initial-mark: 349315K(349568K)] 372183K(506816K), 0.0002320 secs] [Times: user=0.00 sys=0.00, real=0.00 secs] 
2021-01-18T10:21:34.701-0800: 9.426: [CMS-concurrent-mark-start]
2021-01-18T10:21:34.702-0800: 9.427: [CMS-concurrent-mark: 0.001/0.001 secs] [Times: user=0.00 sys=0.00, real=0.00 secs] 
2021-01-18T10:21:34.702-0800: 9.427: [CMS-concurrent-preclean-start]
2021-01-18T10:21:34.703-0800: 9.429: [CMS-concurrent-preclean: 0.001/0.001 secs] [Times: user=0.01 sys=0.00, real=0.00 secs] 
2021-01-18T10:21:34.703-0800: 9.429: [CMS-concurrent-abortable-preclean-start]
2021-01-18T10:21:34.703-0800: 9.429: [CMS-concurrent-abortable-preclean: 0.000/0.000 secs] [Times: user=0.00 sys=0.00, real=0.00 secs] 
2021-01-18T10:21:34.704-0800: 9.429: [GC (CMS Final Remark) [YG occupancy: 39112 K (157248 K)]2021-01-18T10:21:34.704-0800: 9.429: [Rescan (parallel) , 0.0003808 secs]2021-01-18T10:21:34.704-0800: 9.429: [weak refs processing, 0.0000195 secs]2021-01-18T10:21:34.704-0800: 9.429: [class unloading, 0.0002279 secs]2021-01-18T10:21:34.704-0800: 9.429: [scrub symbol table, 0.0004173 secs]2021-01-18T10:21:34.705-0800: 9.430: [scrub string table, 0.0001695 secs][1 CMS-remark: 349315K(349568K)] 388428K(506816K), 0.0013561 secs] [Times: user=0.00 sys=0.00, real=0.00 secs] 
2021-01-18T10:21:34.705-0800: 9.430: [CMS-concurrent-sweep-start]
2021-01-18T10:21:34.705-0800: 9.431: [CMS-concurrent-sweep: 0.000/0.000 secs] [Times: user=0.00 sys=0.00, real=0.00 secs] 
2021-01-18T10:21:34.705-0800: 9.431: [CMS-concurrent-reset-start]
2021-01-18T10:21:34.706-0800: 9.431: [CMS-concurrent-reset: 0.000/0.000 secs] [Times: user=0.00 sys=0.00, real=0.00 secs] 
2021-01-18T10:21:34.721-0800: 9.446: [GC (Allocation Failure) 2021-01-18T10:21:34.721-0800: 9.446: [ParNew: 157027K->157027K(157248K), 0.0000198 secs]2021-01-18T10:21:34.721-0800: 9.446: [CMS: 349315K->349380K(349568K), 0.0551266 secs] 506342K->376810K(506816K), [Metaspace: 2589K->2589K(1056768K)], 0.0552657 secs] [Times: user=0.05 sys=0.00, real=0.05 secs] 
2021-01-18T10:21:34.776-0800: 9.502: [GC (CMS Initial Mark) [1 CMS-initial-mark: 349380K(349568K)] 379779K(506816K), 0.0002378 secs] [Times: user=0.00 sys=0.00, real=0.00 secs] 
2021-01-18T10:21:34.777-0800: 9.502: [CMS-concurrent-mark-start]
2021-01-18T10:21:34.778-0800: 9.503: [CMS-concurrent-mark: 0.001/0.001 secs] [Times: user=0.01 sys=0.00, real=0.00 secs] 
2021-01-18T10:21:34.778-0800: 9.503: [CMS-concurrent-preclean-start]
2021-01-18T10:21:34.780-0800: 9.505: [CMS-concurrent-preclean: 0.001/0.001 secs] [Times: user=0.00 sys=0.00, real=0.01 secs] 
2021-01-18T10:21:34.780-0800: 9.505: [CMS-concurrent-abortable-preclean-start]
2021-01-18T10:21:34.780-0800: 9.505: [CMS-concurrent-abortable-preclean: 0.000/0.000 secs] [Times: user=0.00 sys=0.00, real=0.00 secs] 
2021-01-18T10:21:34.780-0800: 9.505: [GC (CMS Final Remark) [YG occupancy: 47523 K (157248 K)]2021-01-18T10:21:34.780-0800: 9.505: [Rescan (parallel) , 0.0003765 secs]2021-01-18T10:21:34.780-0800: 9.505: [weak refs processing, 0.0000183 secs]2021-01-18T10:21:34.780-0800: 9.505: [class unloading, 0.0002289 secs]2021-01-18T10:21:34.781-0800: 9.506: [scrub symbol table, 0.0003756 secs]2021-01-18T10:21:34.781-0800: 9.506: [scrub string table, 0.0001685 secs][1 CMS-remark: 349380K(349568K)] 396904K(506816K), 0.0012597 secs] [Times: user=0.00 sys=0.00, real=0.00 secs] 
2021-01-18T10:21:34.781-0800: 9.506: [CMS-concurrent-sweep-start]
2021-01-18T10:21:34.782-0800: 9.507: [CMS-concurrent-sweep: 0.000/0.000 secs] [Times: user=0.00 sys=0.00, real=0.00 secs] 
2021-01-18T10:21:34.782-0800: 9.507: [CMS-concurrent-reset-start]
2021-01-18T10:21:34.782-0800: 9.507: [CMS-concurrent-reset: 0.000/0.000 secs] [Times: user=0.00 sys=0.00, real=0.00 secs] 
2021-01-18T10:21:34.796-0800: 9.521: [GC (Allocation Failure) 2021-01-18T10:21:34.796-0800: 9.521: [ParNew: 157213K->157213K(157248K), 0.0000213 secs]2021-01-18T10:21:34.796-0800: 9.521: [CMS: 348542K->349255K(349568K), 0.0560188 secs] 505756K->377179K(506816K), [Metaspace: 2589K->2589K(1056768K)], 0.0561572 secs] [Times: user=0.05 sys=0.00, real=0.06 secs] 
2021-01-18T10:21:34.852-0800: 9.577: [GC (CMS Initial Mark) [1 CMS-initial-mark: 349255K(349568K)] 377323K(506816K), 0.0002079 secs] [Times: user=0.00 sys=0.00, real=0.00 secs] 
2021-01-18T10:21:34.853-0800: 9.578: [CMS-concurrent-mark-start]
2021-01-18T10:21:34.854-0800: 9.579: [CMS-concurrent-mark: 0.001/0.001 secs] [Times: user=0.01 sys=0.00, real=0.00 secs] 
2021-01-18T10:21:34.854-0800: 9.579: [CMS-concurrent-preclean-start]
2021-01-18T10:21:34.856-0800: 9.581: [CMS-concurrent-preclean: 0.001/0.001 secs] [Times: user=0.00 sys=0.00, real=0.00 secs] 
2021-01-18T10:21:34.856-0800: 9.581: [CMS-concurrent-abortable-preclean-start]
2021-01-18T10:21:34.856-0800: 9.581: [CMS-concurrent-abortable-preclean: 0.000/0.000 secs] [Times: user=0.00 sys=0.00, real=0.00 secs] 
2021-01-18T10:21:34.856-0800: 9.581: [GC (CMS Final Remark) [YG occupancy: 48336 K (157248 K)]2021-01-18T10:21:34.856-0800: 9.581: [Rescan (parallel) , 0.0003502 secs]2021-01-18T10:21:34.856-0800: 9.581: [weak refs processing, 0.0000178 secs]2021-01-18T10:21:34.856-0800: 9.581: [class unloading, 0.0002094 secs]2021-01-18T10:21:34.856-0800: 9.582: [scrub symbol table, 0.0003341 secs]2021-01-18T10:21:34.857-0800: 9.582: [scrub string table, 0.0001668 secs][1 CMS-remark: 349255K(349568K)] 397592K(506816K), 0.0011719 secs] [Times: user=0.00 sys=0.00, real=0.00 secs] 
2021-01-18T10:21:34.857-0800: 9.582: [CMS-concurrent-sweep-start]
2021-01-18T10:21:34.857-0800: 9.583: [CMS-concurrent-sweep: 0.000/0.000 secs] [Times: user=0.00 sys=0.00, real=0.00 secs] 
2021-01-18T10:21:34.858-0800: 9.583: [CMS-concurrent-reset-start]
2021-01-18T10:21:34.858-0800: 9.583: [CMS-concurrent-reset: 0.000/0.000 secs] [Times: user=0.00 sys=0.00, real=0.00 secs] 
2021-01-18T10:21:34.871-0800: 9.596: [GC (Allocation Failure) 2021-01-18T10:21:34.871-0800: 9.596: [ParNew: 157008K->157008K(157248K), 0.0000217 secs]2021-01-18T10:21:34.871-0800: 9.596: [CMS: 347664K->349457K(349568K), 0.0520505 secs] 504672K->375390K(506816K), [Metaspace: 2589K->2589K(1056768K)], 0.0521884 secs] [Times: user=0.05 sys=0.00, real=0.05 secs] 
2021-01-18T10:21:34.923-0800: 9.649: [GC (CMS Initial Mark) [1 CMS-initial-mark: 349457K(349568K)] 375678K(506816K), 0.0002173 secs] [Times: user=0.00 sys=0.00, real=0.00 secs] 
2021-01-18T10:21:34.924-0800: 9.649: [CMS-concurrent-mark-start]
2021-01-18T10:21:34.925-0800: 9.650: [CMS-concurrent-mark: 0.001/0.001 secs] [Times: user=0.00 sys=0.00, real=0.00 secs] 
2021-01-18T10:21:34.925-0800: 9.650: [CMS-concurrent-preclean-start]
2021-01-18T10:21:34.926-0800: 9.652: [CMS-concurrent-preclean: 0.001/0.001 secs] [Times: user=0.01 sys=0.00, real=0.00 secs] 
2021-01-18T10:21:34.926-0800: 9.652: [CMS-concurrent-abortable-preclean-start]
2021-01-18T10:21:34.926-0800: 9.652: [CMS-concurrent-abortable-preclean: 0.000/0.000 secs] [Times: user=0.00 sys=0.00, real=0.00 secs] 
2021-01-18T10:21:34.927-0800: 9.652: [GC (CMS Final Remark) [YG occupancy: 46353 K (157248 K)]2021-01-18T10:21:34.927-0800: 9.652: [Rescan (parallel) , 0.0002657 secs]2021-01-18T10:21:34.927-0800: 9.652: [weak refs processing, 0.0000294 secs]2021-01-18T10:21:34.927-0800: 9.652: [class unloading, 0.0002135 secs]2021-01-18T10:21:34.927-0800: 9.652: [scrub symbol table, 0.0003310 secs]2021-01-18T10:21:34.927-0800: 9.653: [scrub string table, 0.0001468 secs][1 CMS-remark: 349457K(349568K)] 395811K(506816K), 0.0010852 secs] [Times: user=0.00 sys=0.00, real=0.00 secs] 
2021-01-18T10:21:34.928-0800: 9.653: [CMS-concurrent-sweep-start]
2021-01-18T10:21:34.928-0800: 9.653: [CMS-concurrent-sweep: 0.000/0.000 secs] [Times: user=0.00 sys=0.00, real=0.00 secs] 
2021-01-18T10:21:34.928-0800: 9.653: [CMS-concurrent-reset-start]
2021-01-18T10:21:34.928-0800: 9.654: [CMS-concurrent-reset: 0.000/0.000 secs] [Times: user=0.00 sys=0.00, real=0.00 secs] 
2021-01-18T10:21:34.942-0800: 9.668: [GC (Allocation Failure) 2021-01-18T10:21:34.942-0800: 9.668: [ParNew: 157007K->157007K(157248K), 0.0000188 secs]2021-01-18T10:21:34.942-0800: 9.668: [CMS: 349411K->349448K(349568K), 0.0552421 secs] 506418K->374377K(506816K), [Metaspace: 2589K->2589K(1056768K)], 0.0553729 secs] [Times: user=0.06 sys=0.00, real=0.05 secs] 
2021-01-18T10:21:34.998-0800: 9.723: [GC (CMS Initial Mark) [1 CMS-initial-mark: 349448K(349568K)] 374665K(506816K), 0.0001865 secs] [Times: user=0.00 sys=0.00, real=0.00 secs] 
2021-01-18T10:21:34.998-0800: 9.723: [CMS-concurrent-mark-start]
2021-01-18T10:21:34.999-0800: 9.725: [CMS-concurrent-mark: 0.001/0.001 secs] [Times: user=0.00 sys=0.00, real=0.00 secs] 
2021-01-18T10:21:34.999-0800: 9.725: [CMS-concurrent-preclean-start]
2021-01-18T10:21:35.001-0800: 9.726: [CMS-concurrent-preclean: 0.001/0.001 secs] [Times: user=0.00 sys=0.00, real=0.01 secs] 
2021-01-18T10:21:35.001-0800: 9.726: [CMS-concurrent-abortable-preclean-start]
2021-01-18T10:21:35.001-0800: 9.726: [CMS-concurrent-abortable-preclean: 0.000/0.000 secs] [Times: user=0.00 sys=0.00, real=0.00 secs] 
2021-01-18T10:21:35.001-0800: 9.726: [GC (CMS Final Remark) [YG occupancy: 39154 K (157248 K)]2021-01-18T10:21:35.001-0800: 9.726: [Rescan (parallel) , 0.0011171 secs]2021-01-18T10:21:35.002-0800: 9.727: [weak refs processing, 0.0000178 secs]2021-01-18T10:21:35.002-0800: 9.727: [class unloading, 0.0002093 secs]2021-01-18T10:21:35.002-0800: 9.728: [scrub symbol table, 0.0004317 secs]2021-01-18T10:21:35.003-0800: 9.728: [scrub string table, 0.0001574 secs][1 CMS-remark: 349448K(349568K)] 388603K(506816K), 0.0020416 secs] [Times: user=0.00 sys=0.00, real=0.00 secs] 
2021-01-18T10:21:35.003-0800: 9.728: [CMS-concurrent-sweep-start]
2021-01-18T10:21:35.004-0800: 9.729: [CMS-concurrent-sweep: 0.000/0.000 secs] [Times: user=0.00 sys=0.00, real=0.00 secs] 
2021-01-18T10:21:35.004-0800: 9.729: [CMS-concurrent-reset-start]
2021-01-18T10:21:35.004-0800: 9.729: [CMS-concurrent-reset: 0.000/0.000 secs] [Times: user=0.00 sys=0.00, real=0.00 secs] 
2021-01-18T10:21:35.023-0800: 9.748: [GC (Allocation Failure) 2021-01-18T10:21:35.023-0800: 9.749: [ParNew: 157243K->157243K(157248K), 0.0000225 secs]2021-01-18T10:21:35.023-0800: 9.749: [CMS: 349355K->349435K(349568K), 0.0598601 secs] 506599K->377735K(506816K), [Metaspace: 2589K->2589K(1056768K)], 0.0599906 secs] [Times: user=0.06 sys=0.00, real=0.06 secs] 
2021-01-18T10:21:35.083-0800: 9.809: [GC (CMS Initial Mark) [1 CMS-initial-mark: 349435K(349568K)] 380464K(506816K), 0.0002588 secs] [Times: user=0.00 sys=0.00, real=0.00 secs] 
2021-01-18T10:21:35.084-0800: 9.809: [CMS-concurrent-mark-start]
2021-01-18T10:21:35.086-0800: 9.811: [CMS-concurrent-mark: 0.002/0.002 secs] [Times: user=0.00 sys=0.00, real=0.00 secs] 
2021-01-18T10:21:35.086-0800: 9.811: [CMS-concurrent-preclean-start]
2021-01-18T10:21:35.087-0800: 9.812: [CMS-concurrent-preclean: 0.001/0.001 secs] [Times: user=0.01 sys=0.00, real=0.00 secs] 
2021-01-18T10:21:35.087-0800: 9.812: [CMS-concurrent-abortable-preclean-start]
2021-01-18T10:21:35.087-0800: 9.812: [CMS-concurrent-abortable-preclean: 0.000/0.000 secs] [Times: user=0.00 sys=0.00, real=0.00 secs] 
2021-01-18T10:21:35.087-0800: 9.813: [GC (CMS Final Remark) [YG occupancy: 50117 K (157248 K)]2021-01-18T10:21:35.087-0800: 9.813: [Rescan (parallel) , 0.0014004 secs]2021-01-18T10:21:35.089-0800: 9.814: [weak refs processing, 0.0000176 secs]2021-01-18T10:21:35.089-0800: 9.814: [class unloading, 0.0002308 secs]2021-01-18T10:21:35.089-0800: 9.814: [scrub symbol table, 0.0003308 secs]2021-01-18T10:21:35.089-0800: 9.815: [scrub string table, 0.0001533 secs][1 CMS-remark: 349435K(349568K)] 399553K(506816K), 0.0022354 secs] [Times: user=0.00 sys=0.00, real=0.01 secs] 
2021-01-18T10:21:35.090-0800: 9.815: [CMS-concurrent-sweep-start]
2021-01-18T10:21:35.090-0800: 9.816: [CMS-concurrent-sweep: 0.001/0.001 secs] [Times: user=0.00 sys=0.00, real=0.00 secs] 
2021-01-18T10:21:35.090-0800: 9.816: [CMS-concurrent-reset-start]
2021-01-18T10:21:35.091-0800: 9.816: [CMS-concurrent-reset: 0.000/0.000 secs] [Times: user=0.00 sys=0.00, real=0.00 secs] 
2021-01-18T10:21:35.107-0800: 9.832: [GC (Allocation Failure) 2021-01-18T10:21:35.107-0800: 9.832: [ParNew: 156964K->156964K(157248K), 0.0000747 secs]2021-01-18T10:21:35.107-0800: 9.832: [CMS: 349435K->349359K(349568K), 0.0571348 secs] 506399K->372095K(506816K), [Metaspace: 2589K->2589K(1056768K)], 0.0573253 secs] [Times: user=0.05 sys=0.00, real=0.06 secs] 
2021-01-18T10:21:35.164-0800: 9.890: [GC (CMS Initial Mark) [1 CMS-initial-mark: 349359K(349568K)] 376123K(506816K), 0.0002049 secs] [Times: user=0.00 sys=0.00, real=0.00 secs] 
2021-01-18T10:21:35.165-0800: 9.890: [CMS-concurrent-mark-start]
2021-01-18T10:21:35.166-0800: 9.891: [CMS-concurrent-mark: 0.001/0.001 secs] [Times: user=0.00 sys=0.00, real=0.00 secs] 
2021-01-18T10:21:35.166-0800: 9.891: [CMS-concurrent-preclean-start]
2021-01-18T10:21:35.168-0800: 9.893: [CMS-concurrent-preclean: 0.002/0.002 secs] [Times: user=0.00 sys=0.00, real=0.00 secs] 
2021-01-18T10:21:35.168-0800: 9.893: [CMS-concurrent-abortable-preclean-start]
2021-01-18T10:21:35.168-0800: 9.893: [CMS-concurrent-abortable-preclean: 0.000/0.000 secs] [Times: user=0.00 sys=0.00, real=0.00 secs] 
2021-01-18T10:21:35.168-0800: 9.893: [GC (CMS Final Remark) [YG occupancy: 45994 K (157248 K)]2021-01-18T10:21:35.168-0800: 9.893: [Rescan (parallel) , 0.0014064 secs]2021-01-18T10:21:35.169-0800: 9.894: [weak refs processing, 0.0000177 secs]2021-01-18T10:21:35.169-0800: 9.894: [class unloading, 0.0002713 secs]2021-01-18T10:21:35.170-0800: 9.895: [scrub symbol table, 0.0003779 secs]2021-01-18T10:21:35.170-0800: 9.895: [scrub string table, 0.0001842 secs][1 CMS-remark: 349359K(349568K)] 395354K(506816K), 0.0024007 secs] [Times: user=0.01 sys=0.00, real=0.01 secs] 
2021-01-18T10:21:35.170-0800: 9.895: [CMS-concurrent-sweep-start]
2021-01-18T10:21:35.171-0800: 9.896: [CMS-concurrent-sweep: 0.001/0.001 secs] [Times: user=0.00 sys=0.00, real=0.00 secs] 
2021-01-18T10:21:35.171-0800: 9.896: [CMS-concurrent-reset-start]
2021-01-18T10:21:35.171-0800: 9.896: [CMS-concurrent-reset: 0.000/0.000 secs] [Times: user=0.00 sys=0.00, real=0.00 secs] 
2021-01-18T10:21:35.190-0800: 9.915: [GC (Allocation Failure) 2021-01-18T10:21:35.190-0800: 9.915: [ParNew: 157130K->157130K(157248K), 0.0000207 secs]2021-01-18T10:21:35.190-0800: 9.915: [CMS: 349103K->349247K(349568K), 0.0573295 secs] 506234K->373035K(506816K), [Metaspace: 2589K->2589K(1056768K)], 0.0574648 secs] [Times: user=0.05 sys=0.00, real=0.05 secs] 
2021-01-18T10:21:35.248-0800: 9.973: [GC (CMS Initial Mark) [1 CMS-initial-mark: 349247K(349568K)] 375993K(506816K), 0.0002155 secs] [Times: user=0.00 sys=0.00, real=0.00 secs] 
2021-01-18T10:21:35.248-0800: 9.973: [CMS-concurrent-mark-start]
2021-01-18T10:21:35.249-0800: 9.975: [CMS-concurrent-mark: 0.001/0.001 secs] [Times: user=0.01 sys=0.00, real=0.00 secs] 
2021-01-18T10:21:35.249-0800: 9.975: [CMS-concurrent-preclean-start]
2021-01-18T10:21:35.251-0800: 9.976: [CMS-concurrent-preclean: 0.002/0.002 secs] [Times: user=0.00 sys=0.00, real=0.01 secs] 
2021-01-18T10:21:35.251-0800: 9.976: [CMS-concurrent-abortable-preclean-start]
2021-01-18T10:21:35.251-0800: 9.976: [CMS-concurrent-abortable-preclean: 0.000/0.000 secs] [Times: user=0.00 sys=0.00, real=0.00 secs] 
2021-01-18T10:21:35.251-0800: 9.976: [GC (CMS Final Remark) [YG occupancy: 47980 K (157248 K)]2021-01-18T10:21:35.251-0800: 9.976: [Rescan (parallel) , 0.0012803 secs]2021-01-18T10:21:35.253-0800: 9.978: [weak refs processing, 0.0000190 secs]2021-01-18T10:21:35.253-0800: 9.978: [class unloading, 0.0002266 secs]2021-01-18T10:21:35.253-0800: 9.978: [scrub symbol table, 0.0003774 secs]2021-01-18T10:21:35.253-0800: 9.978: [scrub string table, 0.0001612 secs][1 CMS-remark: 349247K(349568K)] 397228K(506816K), 0.0021536 secs] [Times: user=0.01 sys=0.00, real=0.00 secs] 
2021-01-18T10:21:35.253-0800: 9.979: [CMS-concurrent-sweep-start]
2021-01-18T10:21:35.254-0800: 9.979: [CMS-concurrent-sweep: 0.000/0.000 secs] [Times: user=0.00 sys=0.00, real=0.00 secs] 
2021-01-18T10:21:35.254-0800: 9.979: [CMS-concurrent-reset-start]
2021-01-18T10:21:35.254-0800: 9.979: [CMS-concurrent-reset: 0.000/0.000 secs] [Times: user=0.00 sys=0.00, real=0.00 secs] 
2021-01-18T10:21:35.268-0800: 9.993: [GC (Allocation Failure) 2021-01-18T10:21:35.268-0800: 9.993: [ParNew: 157097K->157097K(157248K), 0.0000262 secs]2021-01-18T10:21:35.268-0800: 9.993: [CMS: 349222K->349455K(349568K), 0.0544065 secs] 506319K->372303K(506816K), [Metaspace: 2589K->2589K(1056768K)], 0.0545549 secs] [Times: user=0.06 sys=0.00, real=0.06 secs] 
2021-01-18T10:21:35.323-0800: 10.048: [GC (CMS Initial Mark) [1 CMS-initial-mark: 349455K(349568K)] 375560K(506816K), 0.0002042 secs] [Times: user=0.00 sys=0.00, real=0.00 secs] 
2021-01-18T10:21:35.323-0800: 10.048: [CMS-concurrent-mark-start]
2021-01-18T10:21:35.325-0800: 10.050: [CMS-concurrent-mark: 0.001/0.001 secs] [Times: user=0.00 sys=0.00, real=0.00 secs] 
2021-01-18T10:21:35.325-0800: 10.050: [CMS-concurrent-preclean-start]
2021-01-18T10:21:35.326-0800: 10.051: [CMS-concurrent-preclean: 0.001/0.001 secs] [Times: user=0.00 sys=0.00, real=0.00 secs] 
2021-01-18T10:21:35.326-0800: 10.051: [CMS-concurrent-abortable-preclean-start]
2021-01-18T10:21:35.326-0800: 10.051: [CMS-concurrent-abortable-preclean: 0.000/0.000 secs] [Times: user=0.00 sys=0.00, real=0.00 secs] 
2021-01-18T10:21:35.326-0800: 10.051: [GC (CMS Final Remark) [YG occupancy: 46498 K (157248 K)]2021-01-18T10:21:35.326-0800: 10.051: [Rescan (parallel) , 0.0010711 secs]2021-01-18T10:21:35.327-0800: 10.053: [weak refs processing, 0.0000168 secs]2021-01-18T10:21:35.327-0800: 10.053: [class unloading, 0.0002065 secs]2021-01-18T10:21:35.328-0800: 10.053: [scrub symbol table, 0.0003262 secs]2021-01-18T10:21:35.328-0800: 10.053: [scrub string table, 0.0001525 secs][1 CMS-remark: 349455K(349568K)] 395954K(506816K), 0.0018599 secs] [Times: user=0.00 sys=0.00, real=0.00 secs] 
2021-01-18T10:21:35.328-0800: 10.053: [CMS-concurrent-sweep-start]
2021-01-18T10:21:35.329-0800: 10.054: [CMS-concurrent-sweep: 0.000/0.000 secs] [Times: user=0.00 sys=0.00, real=0.00 secs] 
2021-01-18T10:21:35.329-0800: 10.054: [CMS-concurrent-reset-start]
2021-01-18T10:21:35.329-0800: 10.054: [CMS-concurrent-reset: 0.000/0.000 secs] [Times: user=0.00 sys=0.00, real=0.00 secs] 
Heap
 par new generation   total 157248K, used 116668K [0x00000007a0000000, 0x00000007aaaa0000, 0x00000007aaaa0000)
  eden space 139776K,  83% used [0x00000007a0000000, 0x00000007a71ef1c8, 0x00000007a8880000)
  from space 17472K,   0% used [0x00000007a9990000, 0x00000007a9990000, 0x00000007aaaa0000)
  to   space 17472K,   0% used [0x00000007a8880000, 0x00000007a8880000, 0x00000007a9990000)
 concurrent mark-sweep generation total 349568K, used 349223K [0x00000007aaaa0000, 0x00000007c0000000, 0x00000007c0000000)
 Metaspace       used 2595K, capacity 4490K, committed 4864K, reserved 1056768K
  class space    used 278K, capacity 386K, committed 512K, reserved 1048576K
