Java HotSpot(TM) 64-Bit Server VM (25.271-b09) for bsd-amd64 JRE (1.8.0_271-b09), built on Sep 16 2020 16:54:38 by "java_re" with gcc 4.2.1 Compatible Apple LLVM 10.0.0 (clang-1000.11.45.5)
Memory: 4k page, physical 16777216k(3882908k free)

/proc/meminfo:

CommandLine flags: -XX:InitialHeapSize=2147483648 -XX:MaxHeapSize=2147483648 -XX:MaxNewSize=697933824 -XX:MaxTenuringThreshold=6 -XX:NewSize=697933824 -XX:OldPLABSize=16 -XX:OldSize=1395867648 -XX:+PrintGC -XX:+PrintGCDateStamps -XX:+PrintGCDetails -XX:+PrintGCTimeStamps -XX:+UseCompressedClassPointers -XX:+UseCompressedOops -XX:+UseConcMarkSweepGC -XX:+UseParNewGC 
2021-01-18T10:26:44.657-0800: 0.348: [GC (Allocation Failure) 2021-01-18T10:26:44.657-0800: 0.348: [ParNew: 545344K->68096K(613440K), 0.0434263 secs] 545344K->142561K(2029056K), 0.0435582 secs] [Times: user=0.09 sys=0.18, real=0.05 secs] 
2021-01-18T10:26:44.782-0800: 0.473: [GC (Allocation Failure) 2021-01-18T10:26:44.782-0800: 0.473: [ParNew: 613440K->68095K(613440K), 0.0685916 secs] 687905K->258342K(2029056K), 0.0686858 secs] [Times: user=0.10 sys=0.14, real=0.07 secs] 
2021-01-18T10:26:44.930-0800: 0.621: [GC (Allocation Failure) 2021-01-18T10:26:44.930-0800: 0.621: [ParNew: 613439K->68096K(613440K), 0.0953531 secs] 803686K->388899K(2029056K), 0.0954969 secs] [Times: user=0.49 sys=0.06, real=0.09 secs] 
2021-01-18T10:26:45.089-0800: 0.780: [GC (Allocation Failure) 2021-01-18T10:26:45.089-0800: 0.780: [ParNew: 613440K->68095K(613440K), 0.0841780 secs] 934243K->514973K(2029056K), 0.0842808 secs] [Times: user=0.54 sys=0.05, real=0.09 secs] 
2021-01-18T10:26:45.240-0800: 0.931: [GC (Allocation Failure) 2021-01-18T10:26:45.240-0800: 0.931: [ParNew: 613439K->68096K(613440K), 0.0863197 secs] 1060317K->644822K(2029056K), 0.0864205 secs] [Times: user=0.53 sys=0.05, real=0.08 secs] 
2021-01-18T10:26:45.395-0800: 1.085: [GC (Allocation Failure) 2021-01-18T10:26:45.395-0800: 1.086: [ParNew: 613440K->68096K(613440K), 0.0866602 secs] 1190166K->774467K(2029056K), 0.0867486 secs] [Times: user=0.51 sys=0.05, real=0.09 secs] 
2021-01-18T10:26:45.552-0800: 1.242: [GC (Allocation Failure) 2021-01-18T10:26:45.552-0800: 1.242: [ParNew: 613440K->68096K(613440K), 0.0849048 secs] 1319811K->898152K(2029056K), 0.0849973 secs] [Times: user=0.52 sys=0.06, real=0.08 secs] 
2021-01-18T10:26:45.637-0800: 1.327: [GC (CMS Initial Mark) [1 CMS-initial-mark: 830056K(1415616K)] 898308K(2029056K), 0.0002168 secs] [Times: user=0.00 sys=0.00, real=0.00 secs] 
2021-01-18T10:26:45.639-0800: 1.329: [CMS-concurrent-mark-start]
2021-01-18T10:26:45.645-0800: 1.336: [CMS-concurrent-mark: 0.006/0.006 secs] [Times: user=0.01 sys=0.00, real=0.01 secs] 
2021-01-18T10:26:45.645-0800: 1.336: [CMS-concurrent-preclean-start]
2021-01-18T10:26:45.647-0800: 1.338: [CMS-concurrent-preclean: 0.002/0.002 secs] [Times: user=0.00 sys=0.00, real=0.00 secs] 
2021-01-18T10:26:45.647-0800: 1.338: [CMS-concurrent-abortable-preclean-start]
2021-01-18T10:26:45.703-0800: 1.394: [GC (Allocation Failure) 2021-01-18T10:26:45.703-0800: 1.394: [ParNew2021-01-18T10:26:45.752-0800: 1.443: [CMS-concurrent-abortable-preclean: 0.002/0.105 secs] [Times: user=0.39 sys=0.03, real=0.11 secs] 
: 613440K->68095K(613440K), 0.0829271 secs] 1443496K->1023795K(2029056K), 0.0830222 secs] [Times: user=0.55 sys=0.05, real=0.08 secs] 
2021-01-18T10:26:45.786-0800: 1.477: [GC (CMS Final Remark) [YG occupancy: 79308 K (613440 K)]2021-01-18T10:26:45.786-0800: 1.477: [Rescan (parallel) , 0.0006758 secs]2021-01-18T10:26:45.787-0800: 1.478: [weak refs processing, 0.0000153 secs]2021-01-18T10:26:45.787-0800: 1.478: [class unloading, 0.0001920 secs]2021-01-18T10:26:45.787-0800: 1.478: [scrub symbol table, 0.0003031 secs]2021-01-18T10:26:45.788-0800: 1.478: [scrub string table, 0.0001205 secs][1 CMS-remark: 955700K(1415616K)] 1035008K(2029056K), 0.0014003 secs] [Times: user=0.01 sys=0.00, real=0.00 secs] 
2021-01-18T10:26:45.788-0800: 1.478: [CMS-concurrent-sweep-start]
2021-01-18T10:26:45.790-0800: 1.480: [CMS-concurrent-sweep: 0.002/0.002 secs] [Times: user=0.00 sys=0.01, real=0.01 secs] 
2021-01-18T10:26:45.790-0800: 1.480: [CMS-concurrent-reset-start]
2021-01-18T10:26:45.795-0800: 1.486: [CMS-concurrent-reset: 0.006/0.006 secs] [Times: user=0.01 sys=0.00, real=0.00 secs] 
2021-01-18T10:26:45.849-0800: 1.540: [GC (Allocation Failure) 2021-01-18T10:26:45.849-0800: 1.540: [ParNew: 613439K->68095K(613440K), 0.0284510 secs] 1029806K->600231K(2029056K), 0.0285303 secs] [Times: user=0.17 sys=0.00, real=0.03 secs] 
2021-01-18T10:26:45.940-0800: 1.630: [GC (Allocation Failure) 2021-01-18T10:26:45.940-0800: 1.631: [ParNew: 613439K->68095K(613440K), 0.0268580 secs] 1145575K->723878K(2029056K), 0.0269520 secs] [Times: user=0.18 sys=0.01, real=0.02 secs] 
2021-01-18T10:26:46.028-0800: 1.719: [GC (Allocation Failure) 2021-01-18T10:26:46.028-0800: 1.719: [ParNew: 613439K->68095K(613440K), 0.0267400 secs] 1269222K->849212K(2029056K), 0.0268380 secs] [Times: user=0.19 sys=0.00, real=0.03 secs] 
2021-01-18T10:26:46.117-0800: 1.807: [GC (Allocation Failure) 2021-01-18T10:26:46.117-0800: 1.807: [ParNew: 613439K->68095K(613440K), 0.0277024 secs] 1394556K->976993K(2029056K), 0.0278325 secs] [Times: user=0.19 sys=0.00, real=0.03 secs] 
2021-01-18T10:26:46.208-0800: 1.899: [GC (Allocation Failure) 2021-01-18T10:26:46.209-0800: 1.899: [ParNew: 613439K->68095K(613440K), 0.0565824 secs] 1522337K->1093481K(2029056K), 0.0567120 secs] [Times: user=0.39 sys=0.03, real=0.06 secs] 
2021-01-18T10:26:46.265-0800: 1.956: [GC (CMS Initial Mark) [1 CMS-initial-mark: 1025385K(1415616K)] 1104506K(2029056K), 0.0002607 secs] [Times: user=0.00 sys=0.00, real=0.00 secs] 
2021-01-18T10:26:46.266-0800: 1.956: [CMS-concurrent-mark-start]
2021-01-18T10:26:46.269-0800: 1.959: [CMS-concurrent-mark: 0.003/0.003 secs] [Times: user=0.01 sys=0.00, real=0.00 secs] 
2021-01-18T10:26:46.269-0800: 1.959: [CMS-concurrent-preclean-start]
2021-01-18T10:26:46.271-0800: 1.961: [CMS-concurrent-preclean: 0.002/0.002 secs] [Times: user=0.00 sys=0.00, real=0.01 secs] 
2021-01-18T10:26:46.271-0800: 1.961: [CMS-concurrent-abortable-preclean-start]
2021-01-18T10:26:46.326-0800: 2.017: [GC (Allocation Failure) 2021-01-18T10:26:46.326-0800: 2.017: [ParNew2021-01-18T10:26:46.373-0800: 2.064: [CMS-concurrent-abortable-preclean: 0.002/0.103 secs] [Times: user=0.39 sys=0.03, real=0.10 secs] 
: 613439K->68095K(613440K), 0.0714957 secs] 1638825K->1213990K(2029056K), 0.0715898 secs] [Times: user=0.49 sys=0.04, real=0.07 secs] 
2021-01-18T10:26:46.398-0800: 2.088: [GC (CMS Final Remark) [YG occupancy: 79676 K (613440 K)]2021-01-18T10:26:46.398-0800: 2.088: [Rescan (parallel) , 0.0006440 secs]2021-01-18T10:26:46.399-0800: 2.089: [weak refs processing, 0.0000130 secs]2021-01-18T10:26:46.399-0800: 2.089: [class unloading, 0.0001777 secs]2021-01-18T10:26:46.399-0800: 2.089: [scrub symbol table, 0.0002737 secs]2021-01-18T10:26:46.399-0800: 2.090: [scrub string table, 0.0001194 secs][1 CMS-remark: 1145895K(1415616K)] 1225571K(2029056K), 0.0013043 secs] [Times: user=0.01 sys=0.00, real=0.00 secs] 
2021-01-18T10:26:46.399-0800: 2.090: [CMS-concurrent-sweep-start]
2021-01-18T10:26:46.402-0800: 2.092: [CMS-concurrent-sweep: 0.002/0.002 secs] [Times: user=0.00 sys=0.00, real=0.01 secs] 
2021-01-18T10:26:46.402-0800: 2.092: [CMS-concurrent-reset-start]
2021-01-18T10:26:46.403-0800: 2.094: [CMS-concurrent-reset: 0.001/0.001 secs] [Times: user=0.00 sys=0.00, real=0.00 secs] 
2021-01-18T10:26:46.460-0800: 2.150: [GC (Allocation Failure) 2021-01-18T10:26:46.460-0800: 2.151: [ParNew: 613439K->68095K(613440K), 0.0246708 secs] 1037046K->607205K(2029056K), 0.0247667 secs] [Times: user=0.17 sys=0.00, real=0.02 secs] 
2021-01-18T10:26:46.546-0800: 2.237: [GC (Allocation Failure) 2021-01-18T10:26:46.546-0800: 2.237: [ParNew: 613439K->68094K(613440K), 0.0253447 secs] 1152549K->737495K(2029056K), 0.0254439 secs] [Times: user=0.19 sys=0.00, real=0.03 secs] 
2021-01-18T10:26:46.644-0800: 2.335: [GC (Allocation Failure) 2021-01-18T10:26:46.644-0800: 2.335: [ParNew: 613438K->68095K(613440K), 0.0303781 secs] 1282839K->861876K(2029056K), 0.0304751 secs] [Times: user=0.17 sys=0.00, real=0.03 secs] 
2021-01-18T10:26:46.743-0800: 2.434: [GC (Allocation Failure) 2021-01-18T10:26:46.743-0800: 2.434: [ParNew: 613439K->68094K(613440K), 0.0254101 secs] 1407220K->984566K(2029056K), 0.0255172 secs] [Times: user=0.19 sys=0.00, real=0.02 secs] 
2021-01-18T10:26:46.830-0800: 2.520: [GC (Allocation Failure) 2021-01-18T10:26:46.830-0800: 2.521: [ParNew: 613438K->68094K(613440K), 0.0252744 secs] 1529910K->1108194K(2029056K), 0.0254248 secs] [Times: user=0.18 sys=0.01, real=0.02 secs] 
2021-01-18T10:26:46.855-0800: 2.546: [GC (CMS Initial Mark) [1 CMS-initial-mark: 1040099K(1415616K)] 1119098K(2029056K), 0.0002189 secs] [Times: user=0.00 sys=0.00, real=0.00 secs] 
2021-01-18T10:26:46.856-0800: 2.546: [CMS-concurrent-mark-start]
2021-01-18T10:26:46.858-0800: 2.549: [CMS-concurrent-mark: 0.002/0.002 secs] [Times: user=0.01 sys=0.00, real=0.00 secs] 
2021-01-18T10:26:46.858-0800: 2.549: [CMS-concurrent-preclean-start]
2021-01-18T10:26:46.860-0800: 2.551: [CMS-concurrent-preclean: 0.002/0.002 secs] [Times: user=0.00 sys=0.00, real=0.01 secs] 
2021-01-18T10:26:46.860-0800: 2.551: [CMS-concurrent-abortable-preclean-start]
2021-01-18T10:26:46.917-0800: 2.608: [GC (Allocation Failure) 2021-01-18T10:26:46.917-0800: 2.608: [ParNew: 613438K->68095K(613440K), 0.0358110 secs] 1653538K->1237820K(2029056K), 0.0358961 secs] [Times: user=0.26 sys=0.01, real=0.04 secs] 
2021-01-18T10:26:47.015-0800: 2.706: [GC (Allocation Failure) 2021-01-18T10:26:47.015-0800: 2.706: [ParNew2021-01-18T10:26:47.062-0800: 2.753: [CMS-concurrent-abortable-preclean: 0.007/0.202 secs] [Times: user=0.71 sys=0.03, real=0.20 secs] 
: 613439K->68094K(613440K), 0.0798198 secs] 1783164K->1367153K(2029056K), 0.0799089 secs] [Times: user=0.55 sys=0.04, real=0.08 secs] 
2021-01-18T10:26:47.095-0800: 2.786: [GC (CMS Final Remark) [YG occupancy: 68238 K (613440 K)]2021-01-18T10:26:47.095-0800: 2.786: [Rescan (parallel) , 0.0006263 secs]2021-01-18T10:26:47.096-0800: 2.787: [weak refs processing, 0.0000228 secs]2021-01-18T10:26:47.096-0800: 2.787: [class unloading, 0.0001711 secs]2021-01-18T10:26:47.096-0800: 2.787: [scrub symbol table, 0.0002691 secs]2021-01-18T10:26:47.097-0800: 2.787: [scrub string table, 0.0001172 secs][1 CMS-remark: 1299058K(1415616K)] 1367297K(2029056K), 0.0012799 secs] [Times: user=0.01 sys=0.00, real=0.00 secs] 
2021-01-18T10:26:47.097-0800: 2.787: [CMS-concurrent-sweep-start]
2021-01-18T10:26:47.100-0800: 2.790: [CMS-concurrent-sweep: 0.003/0.003 secs] [Times: user=0.00 sys=0.00, real=0.01 secs] 
2021-01-18T10:26:47.100-0800: 2.790: [CMS-concurrent-reset-start]
2021-01-18T10:26:47.101-0800: 2.791: [CMS-concurrent-reset: 0.001/0.001 secs] [Times: user=0.00 sys=0.00, real=0.00 secs] 
2021-01-18T10:26:47.160-0800: 2.851: [GC (Allocation Failure) 2021-01-18T10:26:47.160-0800: 2.851: [ParNew: 613438K->68095K(613440K), 0.0244233 secs] 1184443K->762488K(2029056K), 0.0245066 secs] [Times: user=0.19 sys=0.00, real=0.02 secs] 
2021-01-18T10:26:47.248-0800: 2.938: [GC (Allocation Failure) 2021-01-18T10:26:47.248-0800: 2.938: [ParNew: 613439K->68095K(613440K), 0.0243946 secs] 1307832K->882368K(2029056K), 0.0244802 secs] [Times: user=0.18 sys=0.01, real=0.03 secs] 
2021-01-18T10:26:47.333-0800: 3.024: [GC (Allocation Failure) 2021-01-18T10:26:47.333-0800: 3.024: [ParNew: 613439K->68094K(613440K), 0.0256057 secs] 1427712K->1005876K(2029056K), 0.0256866 secs] [Times: user=0.17 sys=0.00, real=0.02 secs] 
2021-01-18T10:26:47.359-0800: 3.049: [GC (CMS Initial Mark) [1 CMS-initial-mark: 937782K(1415616K)] 1016874K(2029056K), 0.0001927 secs] [Times: user=0.00 sys=0.00, real=0.00 secs] 
2021-01-18T10:26:47.359-0800: 3.050: [CMS-concurrent-mark-start]
2021-01-18T10:26:47.362-0800: 3.053: [CMS-concurrent-mark: 0.003/0.003 secs] [Times: user=0.01 sys=0.00, real=0.01 secs] 
2021-01-18T10:26:47.362-0800: 3.053: [CMS-concurrent-preclean-start]
2021-01-18T10:26:47.365-0800: 3.055: [CMS-concurrent-preclean: 0.003/0.003 secs] [Times: user=0.01 sys=0.00, real=0.00 secs] 
2021-01-18T10:26:47.365-0800: 3.055: [CMS-concurrent-abortable-preclean-start]
2021-01-18T10:26:47.423-0800: 3.114: [GC (Allocation Failure) 2021-01-18T10:26:47.423-0800: 3.114: [ParNew: 613438K->68095K(613440K), 0.0281243 secs] 1551220K->1127889K(2029056K), 0.0281966 secs] [Times: user=0.15 sys=0.00, real=0.03 secs] 
2021-01-18T10:26:47.541-0800: 3.232: [GC (Allocation Failure) 2021-01-18T10:26:47.541-0800: 3.232: [ParNew2021-01-18T10:26:47.562-0800: 3.253: [CMS-concurrent-abortable-preclean: 0.009/0.198 secs] [Times: user=0.37 sys=0.00, real=0.20 secs] 
: 613439K->68095K(613440K), 0.0333034 secs] 1673233K->1253435K(2029056K), 0.0334393 secs] [Times: user=0.11 sys=0.01, real=0.03 secs] 
2021-01-18T10:26:47.575-0800: 3.265: [GC (CMS Final Remark) [YG occupancy: 68167 K (613440 K)]2021-01-18T10:26:47.575-0800: 3.265: [Rescan (parallel) , 0.0018339 secs]2021-01-18T10:26:47.577-0800: 3.267: [weak refs processing, 0.0000213 secs]2021-01-18T10:26:47.577-0800: 3.267: [class unloading, 0.0002666 secs]2021-01-18T10:26:47.577-0800: 3.268: [scrub symbol table, 0.0004548 secs]2021-01-18T10:26:47.577-0800: 3.268: [scrub string table, 0.0001824 secs][1 CMS-remark: 1185340K(1415616K)] 1253507K(2029056K), 0.0029376 secs] [Times: user=0.01 sys=0.00, real=0.00 secs] 
2021-01-18T10:26:47.578-0800: 3.268: [CMS-concurrent-sweep-start]
2021-01-18T10:26:47.582-0800: 3.272: [CMS-concurrent-sweep: 0.004/0.004 secs] [Times: user=0.01 sys=0.00, real=0.01 secs] 
2021-01-18T10:26:47.582-0800: 3.273: [CMS-concurrent-reset-start]
2021-01-18T10:26:47.584-0800: 3.274: [CMS-concurrent-reset: 0.002/0.002 secs] [Times: user=0.01 sys=0.00, real=0.00 secs] 
2021-01-18T10:26:47.667-0800: 3.358: [GC (Allocation Failure) 2021-01-18T10:26:47.667-0800: 3.358: [ParNew: 613439K->68095K(613440K), 0.0366726 secs] 1170545K->755868K(2029056K), 0.0367985 secs] [Times: user=0.11 sys=0.00, real=0.04 secs] 
2021-01-18T10:26:47.784-0800: 3.475: [GC (Allocation Failure) 2021-01-18T10:26:47.784-0800: 3.475: [ParNew: 613439K->68095K(613440K), 0.0325254 secs] 1301212K->889138K(2029056K), 0.0326537 secs] [Times: user=0.14 sys=0.00, real=0.03 secs] 
2021-01-18T10:26:47.885-0800: 3.575: [GC (Allocation Failure) 2021-01-18T10:26:47.885-0800: 3.575: [ParNew: 613439K->68095K(613440K), 0.0293530 secs] 1434482K->1013878K(2029056K), 0.0294744 secs] [Times: user=0.16 sys=0.00, real=0.03 secs] 
2021-01-18T10:26:47.914-0800: 3.605: [GC (CMS Initial Mark) [1 CMS-initial-mark: 945783K(1415616K)] 1014337K(2029056K), 0.0002182 secs] [Times: user=0.00 sys=0.00, real=0.00 secs] 
2021-01-18T10:26:47.915-0800: 3.605: [CMS-concurrent-mark-start]
2021-01-18T10:26:47.918-0800: 3.608: [CMS-concurrent-mark: 0.003/0.003 secs] [Times: user=0.01 sys=0.00, real=0.00 secs] 
2021-01-18T10:26:47.918-0800: 3.608: [CMS-concurrent-preclean-start]
2021-01-18T10:26:47.920-0800: 3.611: [CMS-concurrent-preclean: 0.002/0.002 secs] [Times: user=0.00 sys=0.00, real=0.01 secs] 
2021-01-18T10:26:47.920-0800: 3.611: [CMS-concurrent-abortable-preclean-start]
2021-01-18T10:26:47.984-0800: 3.675: [GC (Allocation Failure) 2021-01-18T10:26:47.984-0800: 3.675: [ParNew: 613439K->68095K(613440K), 0.0281338 secs] 1559222K->1129516K(2029056K), 0.0282386 secs] [Times: user=0.13 sys=0.00, real=0.03 secs] 
2021-01-18T10:26:48.082-0800: 3.773: [GC (Allocation Failure) 2021-01-18T10:26:48.082-0800: 3.773: [ParNew: 613439K->68095K(613440K), 0.0262395 secs] 1674860K->1249254K(2029056K), 0.0263388 secs] [Times: user=0.15 sys=0.00, real=0.02 secs] 
2021-01-18T10:26:48.172-0800: 3.863: [GC (Allocation Failure) 2021-01-18T10:26:48.172-0800: 3.863: [ParNew: 613439K->68095K(613440K), 0.0308626 secs] 1794598K->1371170K(2029056K), 0.0309611 secs] [Times: user=0.17 sys=0.01, real=0.03 secs] 
2021-01-18T10:26:48.264-0800: 3.954: [GC (Allocation Failure) 2021-01-18T10:26:48.264-0800: 3.954: [ParNew: 613439K->613439K(613440K), 0.0000246 secs]2021-01-18T10:26:48.264-0800: 3.954: [CMS2021-01-18T10:26:48.264-0800: 3.954: [CMS-concurrent-abortable-preclean: 0.018/0.344 secs] [Times: user=0.72 sys=0.01, real=0.34 secs] 
 (concurrent mode failure): 1303075K->374491K(1415616K), 0.0548547 secs] 1916514K->374491K(2029056K), [Metaspace: 2589K->2589K(1056768K)], 0.0550142 secs] [Times: user=0.05 sys=0.00, real=0.05 secs] 
2021-01-18T10:26:48.382-0800: 4.072: [GC (Allocation Failure) 2021-01-18T10:26:48.382-0800: 4.072: [ParNew: 545344K->68095K(613440K), 0.0190759 secs] 919835K->526186K(2029056K), 0.0192151 secs] [Times: user=0.14 sys=0.00, real=0.02 secs] 
2021-01-18T10:26:48.464-0800: 4.154: [GC (Allocation Failure) 2021-01-18T10:26:48.464-0800: 4.154: [ParNew: 613439K->68095K(613440K), 0.0253649 secs] 1071530K->648984K(2029056K), 0.0254745 secs] [Times: user=0.18 sys=0.00, real=0.02 secs] 
2021-01-18T10:26:48.551-0800: 4.241: [GC (Allocation Failure) 2021-01-18T10:26:48.551-0800: 4.242: [ParNew: 613439K->68094K(613440K), 0.0252757 secs] 1194328K->773600K(2029056K), 0.0253727 secs] [Times: user=0.17 sys=0.00, real=0.02 secs] 
2021-01-18T10:26:48.637-0800: 4.328: [GC (Allocation Failure) 2021-01-18T10:26:48.637-0800: 4.328: [ParNew: 613438K->68094K(613440K), 0.0233073 secs] 1318944K->884276K(2029056K), 0.0234186 secs] [Times: user=0.17 sys=0.00, real=0.03 secs] 
2021-01-18T10:26:48.720-0800: 4.410: [GC (Allocation Failure) 2021-01-18T10:26:48.720-0800: 4.410: [ParNew: 613438K->68094K(613440K), 0.0271475 secs] 1429620K->1020167K(2029056K), 0.0272419 secs] [Times: user=0.19 sys=0.00, real=0.02 secs] 
2021-01-18T10:26:48.747-0800: 4.438: [GC (CMS Initial Mark) [1 CMS-initial-mark: 952072K(1415616K)] 1020239K(2029056K), 0.0001852 secs] [Times: user=0.00 sys=0.00, real=0.00 secs] 
2021-01-18T10:26:48.747-0800: 4.438: [CMS-concurrent-mark-start]
2021-01-18T10:26:48.749-0800: 4.440: [CMS-concurrent-mark: 0.002/0.002 secs] [Times: user=0.00 sys=0.00, real=0.01 secs] 
2021-01-18T10:26:48.750-0800: 4.440: [CMS-concurrent-preclean-start]
2021-01-18T10:26:48.751-0800: 4.442: [CMS-concurrent-preclean: 0.002/0.002 secs] [Times: user=0.01 sys=0.00, real=0.00 secs] 
2021-01-18T10:26:48.751-0800: 4.442: [CMS-concurrent-abortable-preclean-start]
2021-01-18T10:26:48.812-0800: 4.503: [GC (Allocation Failure) 2021-01-18T10:26:48.812-0800: 4.503: [ParNew: 613438K->68095K(613440K), 0.0280735 secs] 1565511K->1137573K(2029056K), 0.0281731 secs] [Times: user=0.16 sys=0.00, real=0.03 secs] 
2021-01-18T10:26:48.909-0800: 4.600: [GC (Allocation Failure) 2021-01-18T10:26:48.909-0800: 4.600: [ParNew: 613439K->68095K(613440K), 0.0297267 secs] 1682917K->1264136K(2029056K), 0.0298430 secs] [Times: user=0.20 sys=0.01, real=0.03 secs] 
2021-01-18T10:26:49.002-0800: 4.692: [GC (Allocation Failure) 2021-01-18T10:26:49.002-0800: 4.692: [ParNew: 613439K->68094K(613440K), 0.0363531 secs] 1809480K->1390948K(2029056K), 0.0364499 secs] [Times: user=0.24 sys=0.01, real=0.03 secs] 
2021-01-18T10:26:49.041-0800: 4.731: [CMS-concurrent-abortable-preclean: 0.015/0.289 secs] [Times: user=0.80 sys=0.02, real=0.29 secs] 
2021-01-18T10:26:49.041-0800: 4.732: [GC (CMS Final Remark) [YG occupancy: 101733 K (613440 K)]2021-01-18T10:26:49.041-0800: 4.732: [Rescan (parallel) , 0.0006321 secs]2021-01-18T10:26:49.042-0800: 4.732: [weak refs processing, 0.0000151 secs]2021-01-18T10:26:49.042-0800: 4.732: [class unloading, 0.0001796 secs]2021-01-18T10:26:49.042-0800: 4.732: [scrub symbol table, 0.0002735 secs]2021-01-18T10:26:49.042-0800: 4.733: [scrub string table, 0.0001193 secs][1 CMS-remark: 1322854K(1415616K)] 1424588K(2029056K), 0.0012999 secs] [Times: user=0.00 sys=0.00, real=0.00 secs] 
2021-01-18T10:26:49.042-0800: 4.733: [CMS-concurrent-sweep-start]
2021-01-18T10:26:49.045-0800: 4.735: [CMS-concurrent-sweep: 0.002/0.002 secs] [Times: user=0.01 sys=0.00, real=0.00 secs] 
2021-01-18T10:26:49.045-0800: 4.735: [CMS-concurrent-reset-start]
2021-01-18T10:26:49.046-0800: 4.737: [CMS-concurrent-reset: 0.001/0.001 secs] [Times: user=0.00 sys=0.00, real=0.00 secs] 
2021-01-18T10:26:49.102-0800: 4.792: [GC (Allocation Failure) 2021-01-18T10:26:49.102-0800: 4.793: [ParNew: 613438K->68094K(613440K), 0.0275281 secs] 1285622K->871376K(2029056K), 0.0276758 secs] [Times: user=0.20 sys=0.00, real=0.03 secs] 
2021-01-18T10:26:49.130-0800: 4.820: [GC (CMS Initial Mark) [1 CMS-initial-mark: 803282K(1415616K)] 871727K(2029056K), 0.0002468 secs] [Times: user=0.00 sys=0.00, real=0.00 secs] 
2021-01-18T10:26:49.130-0800: 4.821: [CMS-concurrent-mark-start]
2021-01-18T10:26:49.133-0800: 4.823: [CMS-concurrent-mark: 0.002/0.002 secs] [Times: user=0.00 sys=0.00, real=0.00 secs] 
2021-01-18T10:26:49.133-0800: 4.823: [CMS-concurrent-preclean-start]
2021-01-18T10:26:49.135-0800: 4.825: [CMS-concurrent-preclean: 0.002/0.002 secs] [Times: user=0.01 sys=0.00, real=0.00 secs] 
2021-01-18T10:26:49.135-0800: 4.825: [CMS-concurrent-abortable-preclean-start]
2021-01-18T10:26:49.191-0800: 4.881: [GC (Allocation Failure) 2021-01-18T10:26:49.191-0800: 4.881: [ParNew: 613438K->68095K(613440K), 0.0255731 secs] 1416720K->991048K(2029056K), 0.0256593 secs] [Times: user=0.18 sys=0.00, real=0.02 secs] 
2021-01-18T10:26:49.278-0800: 4.969: [GC (Allocation Failure) 2021-01-18T10:26:49.278-0800: 4.969: [ParNew: 613439K->68095K(613440K), 0.0264022 secs] 1536392K->1121630K(2029056K), 0.0264914 secs] [Times: user=0.18 sys=0.01, real=0.03 secs] 
2021-01-18T10:26:49.367-0800: 5.058: [GC (Allocation Failure) 2021-01-18T10:26:49.367-0800: 5.058: [ParNew: 613439K->68094K(613440K), 0.0259124 secs] 1666974K->1250619K(2029056K), 0.0260006 secs] [Times: user=0.18 sys=0.00, real=0.03 secs] 
2021-01-18T10:26:49.452-0800: 5.143: [GC (Allocation Failure) 2021-01-18T10:26:49.452-0800: 5.143: [ParNew: 613438K->68095K(613440K), 0.0249794 secs] 1795963K->1379092K(2029056K), 0.0250715 secs] [Times: user=0.18 sys=0.00, real=0.02 secs] 
2021-01-18T10:26:49.542-0800: 5.232: [GC (Allocation Failure) 2021-01-18T10:26:49.542-0800: 5.232: [ParNew: 613439K->613439K(613440K), 0.0000182 secs]2021-01-18T10:26:49.542-0800: 5.232: [CMS2021-01-18T10:26:49.542-0800: 5.232: [CMS-concurrent-abortable-preclean: 0.023/0.407 secs] [Times: user=1.04 sys=0.01, real=0.41 secs] 
 (concurrent mode failure): 1310997K->375597K(1415616K), 0.0586717 secs] 1924436K->375597K(2029056K), [Metaspace: 2589K->2589K(1056768K)], 0.0588034 secs] [Times: user=0.06 sys=0.00, real=0.06 secs] 
2021-01-18T10:26:49.665-0800: 5.355: [GC (Allocation Failure) 2021-01-18T10:26:49.665-0800: 5.355: [ParNew: 545344K->68094K(613440K), 0.0217128 secs] 920941K->531890K(2029056K), 0.0217940 secs] [Times: user=0.14 sys=0.01, real=0.02 secs] 
2021-01-18T10:26:49.765-0800: 5.456: [GC (Allocation Failure) 2021-01-18T10:26:49.765-0800: 5.456: [ParNew: 613438K->68095K(613440K), 0.0237517 secs] 1077234K->650252K(2029056K), 0.0238350 secs] [Times: user=0.17 sys=0.00, real=0.02 secs] 
2021-01-18T10:26:49.852-0800: 5.542: [GC (Allocation Failure) 2021-01-18T10:26:49.852-0800: 5.542: [ParNew: 613439K->68095K(613440K), 0.0270399 secs] 1195596K->782327K(2029056K), 0.0271297 secs] [Times: user=0.17 sys=0.00, real=0.02 secs] 
2021-01-18T10:26:49.941-0800: 5.631: [GC (Allocation Failure) 2021-01-18T10:26:49.941-0800: 5.631: [ParNew: 613439K->68095K(613440K), 0.0249710 secs] 1327671K->903169K(2029056K), 0.0250542 secs] [Times: user=0.15 sys=0.00, real=0.02 secs] 
2021-01-18T10:26:49.966-0800: 5.657: [GC (CMS Initial Mark) [1 CMS-initial-mark: 835073K(1415616K)] 903822K(2029056K), 0.0001614 secs] [Times: user=0.00 sys=0.00, real=0.00 secs] 
2021-01-18T10:26:49.966-0800: 5.657: [CMS-concurrent-mark-start]
2021-01-18T10:26:49.969-0800: 5.659: [CMS-concurrent-mark: 0.003/0.003 secs] [Times: user=0.01 sys=0.00, real=0.00 secs] 
2021-01-18T10:26:49.969-0800: 5.659: [CMS-concurrent-preclean-start]
2021-01-18T10:26:49.971-0800: 5.661: [CMS-concurrent-preclean: 0.002/0.002 secs] [Times: user=0.00 sys=0.00, real=0.01 secs] 
2021-01-18T10:26:49.971-0800: 5.662: [CMS-concurrent-abortable-preclean-start]
2021-01-18T10:26:50.032-0800: 5.723: [GC (Allocation Failure) 2021-01-18T10:26:50.032-0800: 5.723: [ParNew: 613439K->68095K(613440K), 0.0258211 secs] 1448513K->1016819K(2029056K), 0.0259114 secs] [Times: user=0.16 sys=0.01, real=0.02 secs] 
2021-01-18T10:26:50.127-0800: 5.818: [GC (Allocation Failure) 2021-01-18T10:26:50.127-0800: 5.818: [ParNew: 613439K->68094K(613440K), 0.0270522 secs] 1562163K->1133492K(2029056K), 0.0271430 secs] [Times: user=0.16 sys=0.00, real=0.03 secs] 
2021-01-18T10:26:50.218-0800: 5.909: [GC (Allocation Failure) 2021-01-18T10:26:50.218-0800: 5.909: [ParNew: 613438K->68094K(613440K), 0.0256385 secs] 1678836K->1261540K(2029056K), 0.0257463 secs] [Times: user=0.19 sys=0.00, real=0.03 secs] 
2021-01-18T10:26:50.310-0800: 6.000: [GC (Allocation Failure) 2021-01-18T10:26:50.310-0800: 6.000: [ParNew: 613438K->68095K(613440K), 0.0291429 secs] 1806884K->1381965K(2029056K), 0.0292301 secs] [Times: user=0.19 sys=0.00, real=0.02 secs] 
2021-01-18T10:26:50.400-0800: 6.091: [GC (Allocation Failure) 2021-01-18T10:26:50.400-0800: 6.091: [ParNew: 613439K->613439K(613440K), 0.0000177 secs]2021-01-18T10:26:50.400-0800: 6.091: [CMS2021-01-18T10:26:50.400-0800: 6.091: [CMS-concurrent-abortable-preclean: 0.023/0.429 secs] [Times: user=1.03 sys=0.02, real=0.43 secs] 
 (concurrent mode failure): 1313869K->367002K(1415616K), 0.0561813 secs] 1927309K->367002K(2029056K), [Metaspace: 2589K->2589K(1056768K)], 0.0563102 secs] [Times: user=0.05 sys=0.00, real=0.05 secs] 
2021-01-18T10:26:50.525-0800: 6.216: [GC (Allocation Failure) 2021-01-18T10:26:50.525-0800: 6.216: [ParNew: 545344K->68095K(613440K), 0.0185360 secs] 912346K->511240K(2029056K), 0.0186177 secs] [Times: user=0.14 sys=0.00, real=0.02 secs] 
2021-01-18T10:26:50.602-0800: 6.292: [GC (Allocation Failure) 2021-01-18T10:26:50.602-0800: 6.293: [ParNew: 613439K->68094K(613440K), 0.0239097 secs] 1056584K->635191K(2029056K), 0.0239965 secs] [Times: user=0.18 sys=0.00, real=0.02 secs] 
2021-01-18T10:26:50.684-0800: 6.374: [GC (Allocation Failure) 2021-01-18T10:26:50.684-0800: 6.374: [ParNew: 613438K->68095K(613440K), 0.0245011 secs] 1180535K->763924K(2029056K), 0.0245866 secs] [Times: user=0.18 sys=0.00, real=0.02 secs] 
2021-01-18T10:26:50.770-0800: 6.461: [GC (Allocation Failure) 2021-01-18T10:26:50.770-0800: 6.461: [ParNew: 613439K->68094K(613440K), 0.0256383 secs] 1309268K->880453K(2029056K), 0.0257240 secs] [Times: user=0.16 sys=0.00, real=0.02 secs] 
2021-01-18T10:26:50.796-0800: 6.486: [GC (CMS Initial Mark) [1 CMS-initial-mark: 812359K(1415616K)] 891513K(2029056K), 0.0002166 secs] [Times: user=0.00 sys=0.00, real=0.00 secs] 
2021-01-18T10:26:50.796-0800: 6.487: [CMS-concurrent-mark-start]
2021-01-18T10:26:50.798-0800: 6.489: [CMS-concurrent-mark: 0.002/0.002 secs] [Times: user=0.01 sys=0.00, real=0.00 secs] 
2021-01-18T10:26:50.798-0800: 6.489: [CMS-concurrent-preclean-start]
2021-01-18T10:26:50.800-0800: 6.491: [CMS-concurrent-preclean: 0.002/0.002 secs] [Times: user=0.00 sys=0.00, real=0.01 secs] 
2021-01-18T10:26:50.800-0800: 6.491: [CMS-concurrent-abortable-preclean-start]
2021-01-18T10:26:50.855-0800: 6.546: [GC (Allocation Failure) 2021-01-18T10:26:50.856-0800: 6.546: [ParNew: 613438K->68095K(613440K), 0.0246266 secs] 1425797K->1007246K(2029056K), 0.0247344 secs] [Times: user=0.18 sys=0.00, real=0.03 secs] 
2021-01-18T10:26:50.940-0800: 6.631: [GC (Allocation Failure) 2021-01-18T10:26:50.941-0800: 6.631: [ParNew: 613439K->68095K(613440K), 0.0240750 secs] 1552590K->1131179K(2029056K), 0.0241588 secs] [Times: user=0.18 sys=0.01, real=0.02 secs] 
2021-01-18T10:26:51.026-0800: 6.716: [GC (Allocation Failure) 2021-01-18T10:26:51.026-0800: 6.716: [ParNew: 613439K->68094K(613440K), 0.0255338 secs] 1676523K->1261522K(2029056K), 0.0256171 secs] [Times: user=0.18 sys=0.00, real=0.03 secs] 
2021-01-18T10:26:51.113-0800: 6.803: [GC (Allocation Failure) 2021-01-18T10:26:51.113-0800: 6.803: [ParNew: 613027K->68095K(613440K), 0.0235846 secs] 1806454K->1374602K(2029056K), 0.0236725 secs] [Times: user=0.16 sys=0.00, real=0.02 secs] 
2021-01-18T10:26:51.198-0800: 6.889: [GC (Allocation Failure) 2021-01-18T10:26:51.200-0800: 6.890: [ParNew: 613439K->613439K(613440K), 0.0000391 secs]2021-01-18T10:26:51.200-0800: 6.890: [CMS2021-01-18T10:26:51.200-0800: 6.890: [CMS-concurrent-abortable-preclean: 0.020/0.400 secs] [Times: user=1.03 sys=0.01, real=0.40 secs] 
 (concurrent mode failure): 1306507K->374426K(1415616K), 0.0632078 secs] 1919946K->374426K(2029056K), [Metaspace: 2589K->2589K(1056768K)], 0.0651272 secs] [Times: user=0.06 sys=0.00, real=0.07 secs] 
2021-01-18T10:26:51.333-0800: 7.024: [GC (Allocation Failure) 2021-01-18T10:26:51.333-0800: 7.024: [ParNew: 545344K->68095K(613440K), 0.0187679 secs] 919770K->523149K(2029056K), 0.0188855 secs] [Times: user=0.14 sys=0.00, real=0.02 secs] 
2021-01-18T10:26:51.407-0800: 7.098: [GC (Allocation Failure) 2021-01-18T10:26:51.407-0800: 7.098: [ParNew: 613439K->68095K(613440K), 0.0266147 secs] 1068493K->668689K(2029056K), 0.0267045 secs] [Times: user=0.20 sys=0.00, real=0.03 secs] 
2021-01-18T10:26:51.493-0800: 7.183: [GC (Allocation Failure) 2021-01-18T10:26:51.493-0800: 7.183: [ParNew: 613439K->68094K(613440K), 0.0248703 secs] 1214033K->795686K(2029056K), 0.0249538 secs] [Times: user=0.18 sys=0.01, real=0.02 secs] 
2021-01-18T10:26:51.580-0800: 7.270: [GC (Allocation Failure) 2021-01-18T10:26:51.580-0800: 7.270: [ParNew: 613438K->68095K(613440K), 0.0237840 secs] 1341030K->916451K(2029056K), 0.0238678 secs] [Times: user=0.18 sys=0.00, real=0.02 secs] 
2021-01-18T10:26:51.604-0800: 7.294: [GC (CMS Initial Mark) [1 CMS-initial-mark: 848356K(1415616K)] 927789K(2029056K), 0.0001491 secs] [Times: user=0.00 sys=0.00, real=0.00 secs] 
2021-01-18T10:26:51.604-0800: 7.295: [CMS-concurrent-mark-start]
2021-01-18T10:26:51.606-0800: 7.297: [CMS-concurrent-mark: 0.002/0.002 secs] [Times: user=0.01 sys=0.00, real=0.00 secs] 
2021-01-18T10:26:51.606-0800: 7.297: [CMS-concurrent-preclean-start]
2021-01-18T10:26:51.608-0800: 7.299: [CMS-concurrent-preclean: 0.002/0.002 secs] [Times: user=0.00 sys=0.00, real=0.00 secs] 
2021-01-18T10:26:51.608-0800: 7.299: [CMS-concurrent-abortable-preclean-start]
2021-01-18T10:26:51.662-0800: 7.352: [GC (Allocation Failure) 2021-01-18T10:26:51.662-0800: 7.352: [ParNew: 613439K->68095K(613440K), 0.0250132 secs] 1461795K->1043664K(2029056K), 0.0250967 secs] [Times: user=0.18 sys=0.00, real=0.02 secs] 
2021-01-18T10:26:51.746-0800: 7.436: [GC (Allocation Failure) 2021-01-18T10:26:51.746-0800: 7.436: [ParNew: 613439K->68094K(613440K), 0.0249520 secs] 1589008K->1172505K(2029056K), 0.0250390 secs] [Times: user=0.18 sys=0.00, real=0.03 secs] 
2021-01-18T10:26:51.829-0800: 7.520: [GC (Allocation Failure) 2021-01-18T10:26:51.829-0800: 7.520: [ParNew: 613438K->68095K(613440K), 0.0243995 secs] 1717849K->1295576K(2029056K), 0.0244841 secs] [Times: user=0.18 sys=0.00, real=0.03 secs] 
2021-01-18T10:26:51.915-0800: 7.606: [GC (Allocation Failure) 2021-01-18T10:26:51.915-0800: 7.606: [ParNew: 613439K->68096K(613440K), 0.0319116 secs] 1840920K->1412857K(2029056K), 0.0319969 secs] [Times: user=0.24 sys=0.01, real=0.03 secs] 
2021-01-18T10:26:51.950-0800: 7.640: [CMS-concurrent-abortable-preclean: 0.017/0.341 secs] [Times: user=1.04 sys=0.01, real=0.35 secs] 
2021-01-18T10:26:51.950-0800: 7.640: [GC (CMS Final Remark) [YG occupancy: 101856 K (613440 K)]2021-01-18T10:26:51.950-0800: 7.640: [Rescan (parallel) , 0.0006333 secs]2021-01-18T10:26:51.950-0800: 7.641: [weak refs processing, 0.0000126 secs]2021-01-18T10:26:51.950-0800: 7.641: [class unloading, 0.0001822 secs]2021-01-18T10:26:51.951-0800: 7.641: [scrub symbol table, 0.0002721 secs]2021-01-18T10:26:51.951-0800: 7.641: [scrub string table, 0.0001162 secs][1 CMS-remark: 1344761K(1415616K)] 1446617K(2029056K), 0.0012802 secs] [Times: user=0.01 sys=0.00, real=0.00 secs] 
2021-01-18T10:26:51.951-0800: 7.642: [CMS-concurrent-sweep-start]
2021-01-18T10:26:51.953-0800: 7.644: [CMS-concurrent-sweep: 0.002/0.002 secs] [Times: user=0.00 sys=0.00, real=0.00 secs] 
2021-01-18T10:26:51.953-0800: 7.644: [CMS-concurrent-reset-start]
2021-01-18T10:26:51.954-0800: 7.645: [CMS-concurrent-reset: 0.001/0.001 secs] [Times: user=0.01 sys=0.00, real=0.00 secs] 
2021-01-18T10:26:52.009-0800: 7.700: [GC (Allocation Failure) 2021-01-18T10:26:52.009-0800: 7.700: [ParNew: 613440K->68095K(613440K), 0.0265499 secs] 1418591K->1002462K(2029056K), 0.0266314 secs] [Times: user=0.19 sys=0.00, real=0.03 secs] 
2021-01-18T10:26:52.036-0800: 7.727: [GC (CMS Initial Mark) [1 CMS-initial-mark: 934367K(1415616K)] 1002750K(2029056K), 0.0001720 secs] [Times: user=0.00 sys=0.00, real=0.00 secs] 
2021-01-18T10:26:52.036-0800: 7.727: [CMS-concurrent-mark-start]
2021-01-18T10:26:52.039-0800: 7.729: [CMS-concurrent-mark: 0.002/0.002 secs] [Times: user=0.00 sys=0.00, real=0.00 secs] 
2021-01-18T10:26:52.039-0800: 7.729: [CMS-concurrent-preclean-start]
2021-01-18T10:26:52.041-0800: 7.731: [CMS-concurrent-preclean: 0.002/0.002 secs] [Times: user=0.01 sys=0.00, real=0.01 secs] 
2021-01-18T10:26:52.041-0800: 7.731: [CMS-concurrent-abortable-preclean-start]
2021-01-18T10:26:52.093-0800: 7.784: [GC (Allocation Failure) 2021-01-18T10:26:52.093-0800: 7.784: [ParNew: 613439K->68095K(613440K), 0.0242294 secs] 1547806K->1127658K(2029056K), 0.0243137 secs] [Times: user=0.19 sys=0.00, real=0.02 secs] 
2021-01-18T10:26:52.177-0800: 7.867: [GC (Allocation Failure) 2021-01-18T10:26:52.177-0800: 7.867: [ParNew: 613439K->68095K(613440K), 0.0233725 secs] 1673002K->1243562K(2029056K), 0.0234599 secs] [Times: user=0.18 sys=0.01, real=0.03 secs] 
2021-01-18T10:26:52.261-0800: 7.951: [GC (Allocation Failure) 2021-01-18T10:26:52.261-0800: 7.951: [ParNew: 613439K->68095K(613440K), 0.0219249 secs] 1788906K->1348385K(2029056K), 0.0220114 secs] [Times: user=0.17 sys=0.00, real=0.02 secs] 
2021-01-18T10:26:52.343-0800: 8.033: [GC (Allocation Failure) 2021-01-18T10:26:52.343-0800: 8.033: [ParNew2021-01-18T10:26:52.392-0800: 8.082: [CMS-concurrent-abortable-preclean: 0.016/0.351 secs] [Times: user=1.10 sys=0.03, real=0.35 secs] 
: 613439K->68094K(613440K), 0.0496042 secs] 1893729K->1471276K(2029056K), 0.0496680 secs] [Times: user=0.34 sys=0.02, real=0.05 secs] 
2021-01-18T10:26:52.393-0800: 8.083: [GC (CMS Final Remark) [YG occupancy: 79195 K (613440 K)]2021-01-18T10:26:52.393-0800: 8.083: [Rescan (parallel) , 0.0006551 secs]2021-01-18T10:26:52.393-0800: 8.084: [weak refs processing, 0.0000127 secs]2021-01-18T10:26:52.393-0800: 8.084: [class unloading, 0.0001866 secs]2021-01-18T10:26:52.394-0800: 8.084: [scrub symbol table, 0.0002843 secs]2021-01-18T10:26:52.394-0800: 8.084: [scrub string table, 0.0001182 secs][1 CMS-remark: 1403182K(1415616K)] 1482378K(2029056K), 0.0013211 secs] [Times: user=0.00 sys=0.00, real=0.00 secs] 
2021-01-18T10:26:52.394-0800: 8.085: [CMS-concurrent-sweep-start]
2021-01-18T10:26:52.397-0800: 8.088: [CMS-concurrent-sweep: 0.003/0.003 secs] [Times: user=0.01 sys=0.00, real=0.00 secs] 
2021-01-18T10:26:52.397-0800: 8.088: [CMS-concurrent-reset-start]
2021-01-18T10:26:52.398-0800: 8.089: [CMS-concurrent-reset: 0.001/0.001 secs] [Times: user=0.00 sys=0.00, real=0.00 secs] 
2021-01-18T10:26:52.456-0800: 8.147: [GC (Allocation Failure) 2021-01-18T10:26:52.456-0800: 8.147: [ParNew: 613438K->68095K(613440K), 0.0260953 secs] 1385847K->962600K(2029056K), 0.0261809 secs] [Times: user=0.18 sys=0.00, real=0.03 secs] 
2021-01-18T10:26:52.483-0800: 8.173: [GC (CMS Initial Mark) [1 CMS-initial-mark: 894505K(1415616K)] 974246K(2029056K), 0.0001621 secs] [Times: user=0.00 sys=0.00, real=0.00 secs] 
2021-01-18T10:26:52.483-0800: 8.174: [CMS-concurrent-mark-start]
2021-01-18T10:26:52.486-0800: 8.177: [CMS-concurrent-mark: 0.003/0.003 secs] [Times: user=0.00 sys=0.00, real=0.00 secs] 
2021-01-18T10:26:52.486-0800: 8.177: [CMS-concurrent-preclean-start]
2021-01-18T10:26:52.488-0800: 8.179: [CMS-concurrent-preclean: 0.002/0.002 secs] [Times: user=0.01 sys=0.00, real=0.00 secs] 
2021-01-18T10:26:52.488-0800: 8.179: [CMS-concurrent-abortable-preclean-start]
2021-01-18T10:26:52.544-0800: 8.234: [GC (Allocation Failure) 2021-01-18T10:26:52.544-0800: 8.234: [ParNew: 613439K->68095K(613440K), 0.0261782 secs] 1507944K->1085886K(2029056K), 0.0262636 secs] [Times: user=0.18 sys=0.01, real=0.03 secs] 
2021-01-18T10:26:52.631-0800: 8.322: [GC (Allocation Failure) 2021-01-18T10:26:52.631-0800: 8.322: [ParNew: 613232K->68095K(613440K), 0.0266019 secs] 1631023K->1202710K(2029056K), 0.0266821 secs] [Times: user=0.17 sys=0.00, real=0.02 secs] 
2021-01-18T10:26:52.719-0800: 8.409: [GC (Allocation Failure) 2021-01-18T10:26:52.719-0800: 8.410: [ParNew: 613439K->68095K(613440K), 0.0260928 secs] 1748054K->1328871K(2029056K), 0.0261761 secs] [Times: user=0.18 sys=0.00, real=0.03 secs] 
2021-01-18T10:26:52.808-0800: 8.498: [GC (Allocation Failure) 2021-01-18T10:26:52.808-0800: 8.498: [ParNew: 613439K->68094K(613440K), 0.0248610 secs] 1874215K->1457653K(2029056K), 0.0249650 secs] [Times: user=0.19 sys=0.00, real=0.03 secs] 
2021-01-18T10:26:52.833-0800: 8.523: [CMS-concurrent-abortable-preclean: 0.017/0.344 secs] [Times: user=0.97 sys=0.01, real=0.35 secs] 
2021-01-18T10:26:52.833-0800: 8.523: [GC (CMS Final Remark) [YG occupancy: 68238 K (613440 K)]2021-01-18T10:26:52.833-0800: 8.523: [Rescan (parallel) , 0.0006713 secs]2021-01-18T10:26:52.833-0800: 8.524: [weak refs processing, 0.0000124 secs]2021-01-18T10:26:52.833-0800: 8.524: [class unloading, 0.0001999 secs]2021-01-18T10:26:52.834-0800: 8.524: [scrub symbol table, 0.0002861 secs]2021-01-18T10:26:52.834-0800: 8.524: [scrub string table, 0.0001167 secs][1 CMS-remark: 1389558K(1415616K)] 1457797K(2029056K), 0.0013474 secs] [Times: user=0.00 sys=0.00, real=0.00 secs] 
2021-01-18T10:26:52.834-0800: 8.525: [CMS-concurrent-sweep-start]
2021-01-18T10:26:52.838-0800: 8.528: [CMS-concurrent-sweep: 0.003/0.003 secs] [Times: user=0.01 sys=0.00, real=0.00 secs] 
2021-01-18T10:26:52.838-0800: 8.528: [CMS-concurrent-reset-start]
2021-01-18T10:26:52.839-0800: 8.529: [CMS-concurrent-reset: 0.001/0.001 secs] [Times: user=0.00 sys=0.00, real=0.00 secs] 
2021-01-18T10:26:52.895-0800: 8.586: [GC (Allocation Failure) 2021-01-18T10:26:52.895-0800: 8.586: [ParNew: 613438K->68095K(613440K), 0.0252003 secs] 1407061K->985477K(2029056K), 0.0252854 secs] [Times: user=0.19 sys=0.01, real=0.03 secs] 
2021-01-18T10:26:52.920-0800: 8.611: [GC (CMS Initial Mark) [1 CMS-initial-mark: 917381K(1415616K)] 996960K(2029056K), 0.0001542 secs] [Times: user=0.00 sys=0.00, real=0.00 secs] 
2021-01-18T10:26:52.921-0800: 8.611: [CMS-concurrent-mark-start]
2021-01-18T10:26:52.924-0800: 8.614: [CMS-concurrent-mark: 0.003/0.003 secs] [Times: user=0.01 sys=0.00, real=0.00 secs] 
2021-01-18T10:26:52.924-0800: 8.614: [CMS-concurrent-preclean-start]
2021-01-18T10:26:52.926-0800: 8.616: [CMS-concurrent-preclean: 0.002/0.002 secs] [Times: user=0.00 sys=0.00, real=0.00 secs] 
2021-01-18T10:26:52.926-0800: 8.616: [CMS-concurrent-abortable-preclean-start]
2021-01-18T10:26:52.977-0800: 8.668: [GC (Allocation Failure) 2021-01-18T10:26:52.977-0800: 8.668: [ParNew: 613439K->68095K(613440K), 0.0258546 secs] 1530821K->1109631K(2029056K), 0.0259376 secs] [Times: user=0.19 sys=0.00, real=0.03 secs] 
2021-01-18T10:26:53.062-0800: 8.753: [GC (Allocation Failure) 2021-01-18T10:26:53.062-0800: 8.753: [ParNew: 613439K->68095K(613440K), 0.0245090 secs] 1654975K->1233898K(2029056K), 0.0245956 secs] [Times: user=0.19 sys=0.00, real=0.02 secs] 
2021-01-18T10:26:53.145-0800: 8.836: [GC (Allocation Failure) 2021-01-18T10:26:53.145-0800: 8.836: [ParNew: 613439K->68094K(613440K), 0.0258433 secs] 1779242K->1367868K(2029056K), 0.0259256 secs] [Times: user=0.20 sys=0.00, real=0.03 secs] 
2021-01-18T10:26:53.229-0800: 8.919: [GC (Allocation Failure) 2021-01-18T10:26:53.229-0800: 8.919: [ParNew: 613438K->613438K(613440K), 0.0000176 secs]2021-01-18T10:26:53.229-0800: 8.919: [CMS2021-01-18T10:26:53.229-0800: 8.919: [CMS-concurrent-abortable-preclean: 0.016/0.303 secs] [Times: user=0.82 sys=0.00, real=0.30 secs] 
 (concurrent mode failure): 1299773K->371799K(1415616K), 0.0568312 secs] 1913212K->371799K(2029056K), [Metaspace: 2589K->2589K(1056768K)], 0.0569572 secs] [Times: user=0.06 sys=0.00, real=0.06 secs] 
2021-01-18T10:26:53.353-0800: 9.044: [GC (Allocation Failure) 2021-01-18T10:26:53.353-0800: 9.044: [ParNew: 545344K->68095K(613440K), 0.0193867 secs] 917143K->517978K(2029056K), 0.0194778 secs] [Times: user=0.14 sys=0.00, real=0.02 secs] 
2021-01-18T10:26:53.433-0800: 9.123: [GC (Allocation Failure) 2021-01-18T10:26:53.433-0800: 9.123: [ParNew: 613439K->68095K(613440K), 0.0239025 secs] 1063322K->636606K(2029056K), 0.0239885 secs] [Times: user=0.18 sys=0.01, real=0.02 secs] 
2021-01-18T10:26:53.517-0800: 9.207: [GC (Allocation Failure) 2021-01-18T10:26:53.517-0800: 9.207: [ParNew: 613439K->68095K(613440K), 0.0228606 secs] 1181950K->749157K(2029056K), 0.0229450 secs] [Times: user=0.18 sys=0.00, real=0.03 secs] 
2021-01-18T10:26:53.600-0800: 9.290: [GC (Allocation Failure) 2021-01-18T10:26:53.600-0800: 9.290: [ParNew: 613087K->68095K(613440K), 0.0252560 secs] 1294149K->884196K(2029056K), 0.0253393 secs] [Times: user=0.18 sys=0.00, real=0.02 secs] 
2021-01-18T10:26:53.625-0800: 9.316: [GC (CMS Initial Mark) [1 CMS-initial-mark: 816100K(1415616K)] 895783K(2029056K), 0.0002124 secs] [Times: user=0.00 sys=0.00, real=0.00 secs] 
2021-01-18T10:26:53.626-0800: 9.316: [CMS-concurrent-mark-start]
2021-01-18T10:26:53.628-0800: 9.318: [CMS-concurrent-mark: 0.002/0.002 secs] [Times: user=0.01 sys=0.00, real=0.00 secs] 
2021-01-18T10:26:53.628-0800: 9.318: [CMS-concurrent-preclean-start]
2021-01-18T10:26:53.630-0800: 9.320: [CMS-concurrent-preclean: 0.002/0.002 secs] [Times: user=0.00 sys=0.00, real=0.01 secs] 
2021-01-18T10:26:53.630-0800: 9.320: [CMS-concurrent-abortable-preclean-start]
2021-01-18T10:26:53.684-0800: 9.374: [GC (Allocation Failure) 2021-01-18T10:26:53.684-0800: 9.374: [ParNew: 613439K->68095K(613440K), 0.0239486 secs] 1429540K->1008605K(2029056K), 0.0240280 secs] [Times: user=0.18 sys=0.00, real=0.02 secs] 
2021-01-18T10:26:53.769-0800: 9.459: [GC (Allocation Failure) 2021-01-18T10:26:53.769-0800: 9.459: [ParNew: 613439K->68095K(613440K), 0.0238360 secs] 1553949K->1134707K(2029056K), 0.0239414 secs] [Times: user=0.18 sys=0.00, real=0.03 secs] 
2021-01-18T10:26:53.851-0800: 9.541: [GC (Allocation Failure) 2021-01-18T10:26:53.851-0800: 9.541: [ParNew: 613439K->68094K(613440K), 0.0236976 secs] 1680051K->1259151K(2029056K), 0.0237811 secs] [Times: user=0.19 sys=0.00, real=0.02 secs] 
2021-01-18T10:26:53.935-0800: 9.626: [GC (Allocation Failure) 2021-01-18T10:26:53.935-0800: 9.626: [ParNew: 613438K->68094K(613440K), 0.0222728 secs] 1804495K->1372760K(2029056K), 0.0223569 secs] [Times: user=0.17 sys=0.01, real=0.02 secs] 
2021-01-18T10:26:54.016-0800: 9.707: [GC (Allocation Failure) 2021-01-18T10:26:54.016-0800: 9.707: [ParNew: 613438K->613438K(613440K), 0.0000174 secs]2021-01-18T10:26:54.016-0800: 9.707: [CMS2021-01-18T10:26:54.016-0800: 9.707: [CMS-concurrent-abortable-preclean: 0.020/0.386 secs] [Times: user=1.03 sys=0.01, real=0.38 secs] 
 (concurrent mode failure): 1304666K->384000K(1415616K), 0.0586209 secs] 1918104K->384000K(2029056K), [Metaspace: 2589K->2589K(1056768K)], 0.0587540 secs] [Times: user=0.06 sys=0.00, real=0.06 secs] 
2021-01-18T10:26:54.142-0800: 9.832: [GC (Allocation Failure) 2021-01-18T10:26:54.142-0800: 9.833: [ParNew: 545344K->68094K(613440K), 0.0189378 secs] 929344K->532656K(2029056K), 0.0190300 secs] [Times: user=0.14 sys=0.00, real=0.02 secs] 
2021-01-18T10:26:54.222-0800: 9.913: [GC (Allocation Failure) 2021-01-18T10:26:54.222-0800: 9.913: [ParNew: 613438K->68095K(613440K), 0.0235708 secs] 1078000K->654289K(2029056K), 0.0236579 secs] [Times: user=0.17 sys=0.00, real=0.02 secs] 
2021-01-18T10:26:54.305-0800: 9.995: [GC (Allocation Failure) 2021-01-18T10:26:54.305-0800: 9.995: [ParNew: 613439K->68095K(613440K), 0.0236256 secs] 1199633K->777895K(2029056K), 0.0237161 secs] [Times: user=0.17 sys=0.00, real=0.02 secs] 
2021-01-18T10:26:54.328-0800: 10.019: [GC (CMS Initial Mark) [1 CMS-initial-mark: 709799K(1415616K)] 778283K(2029056K), 0.0001517 secs] [Times: user=0.01 sys=0.00, real=0.00 secs] 
2021-01-18T10:26:54.329-0800: 10.019: [CMS-concurrent-mark-start]
2021-01-18T10:26:54.331-0800: 10.021: [CMS-concurrent-mark: 0.002/0.002 secs] [Times: user=0.00 sys=0.00, real=0.01 secs] 
2021-01-18T10:26:54.331-0800: 10.021: [CMS-concurrent-preclean-start]
2021-01-18T10:26:54.333-0800: 10.023: [CMS-concurrent-preclean: 0.002/0.002 secs] [Times: user=0.00 sys=0.00, real=0.00 secs] 
2021-01-18T10:26:54.333-0800: 10.023: [CMS-concurrent-abortable-preclean-start]
Heap
 par new generation   total 613440K, used 520777K [0x0000000740000000, 0x0000000769990000, 0x0000000769990000)
  eden space 545344K,  83% used [0x0000000740000000, 0x000000075ba12818, 0x0000000761490000)
  from space 68096K,  99% used [0x0000000761490000, 0x000000076570fe20, 0x0000000765710000)
  to   space 68096K,   0% used [0x0000000765710000, 0x0000000765710000, 0x0000000769990000)
 concurrent mark-sweep generation total 1415616K, used 709799K [0x0000000769990000, 0x00000007c0000000, 0x00000007c0000000)
 Metaspace       used 2595K, capacity 4490K, committed 4864K, reserved 1056768K
  class space    used 278K, capacity 386K, committed 512K, reserved 1048576K
