Java HotSpot(TM) 64-Bit Server VM (25.271-b09) for bsd-amd64 JRE (1.8.0_271-b09), built on Sep 16 2020 16:54:38 by "java_re" with gcc 4.2.1 Compatible Apple LLVM 10.0.0 (clang-1000.11.45.5)
Memory: 4k page, physical 16777216k(4061140k free)

/proc/meminfo:

CommandLine flags: -XX:InitialHeapSize=8589934592 -XX:MaxHeapSize=8589934592 -XX:MaxNewSize=697933824 -XX:MaxTenuringThreshold=6 -XX:NewSize=697933824 -XX:OldPLABSize=16 -XX:OldSize=1395867648 -XX:+PrintGC -XX:+PrintGCDateStamps -XX:+PrintGCDetails -XX:+PrintGCTimeStamps -XX:+UseCompressedClassPointers -XX:+UseCompressedOops -XX:+UseConcMarkSweepGC -XX:+UseParNewGC 
2021-01-18T10:27:54.429-0800: 0.347: [GC (Allocation Failure) 2021-01-18T10:27:54.430-0800: 0.347: [ParNew: 545344K->68096K(613440K), 0.0537833 secs] 545344K->155284K(8320512K), 0.0538929 secs] [Times: user=0.17 sys=0.22, real=0.06 secs] 
2021-01-18T10:27:54.554-0800: 0.471: [GC (Allocation Failure) 2021-01-18T10:27:54.554-0800: 0.471: [ParNew: 613440K->68095K(613440K), 0.0866217 secs] 700628K->281945K(8320512K), 0.0867238 secs] [Times: user=0.25 sys=0.20, real=0.09 secs] 
2021-01-18T10:27:54.714-0800: 0.631: [GC (Allocation Failure) 2021-01-18T10:27:54.714-0800: 0.631: [ParNew: 613439K->68095K(613440K), 0.0975540 secs] 827289K->398680K(8320512K), 0.0976547 secs] [Times: user=0.61 sys=0.04, real=0.10 secs] 
2021-01-18T10:27:54.883-0800: 0.800: [GC (Allocation Failure) 2021-01-18T10:27:54.883-0800: 0.800: [ParNew: 613439K->68096K(613440K), 0.0972036 secs] 944024K->521616K(8320512K), 0.0972970 secs] [Times: user=0.57 sys=0.05, real=0.10 secs] 
2021-01-18T10:27:55.047-0800: 0.965: [GC (Allocation Failure) 2021-01-18T10:27:55.047-0800: 0.965: [ParNew: 613440K->68096K(613440K), 0.1004652 secs] 1066960K->646794K(8320512K), 0.1005577 secs] [Times: user=0.64 sys=0.05, real=0.10 secs] 
2021-01-18T10:27:55.214-0800: 1.131: [GC (Allocation Failure) 2021-01-18T10:27:55.214-0800: 1.131: [ParNew: 613440K->68095K(613440K), 0.1032383 secs] 1192138K->764073K(8320512K), 0.1033429 secs] [Times: user=0.60 sys=0.05, real=0.10 secs] 
2021-01-18T10:27:55.382-0800: 1.300: [GC (Allocation Failure) 2021-01-18T10:27:55.382-0800: 1.300: [ParNew: 613439K->68095K(613440K), 0.1122634 secs] 1309417K->891258K(8320512K), 0.1123602 secs] [Times: user=0.53 sys=0.05, real=0.11 secs] 
2021-01-18T10:27:55.559-0800: 1.477: [GC (Allocation Failure) 2021-01-18T10:27:55.559-0800: 1.477: [ParNew: 613439K->68095K(613440K), 0.0902182 secs] 1436602K->1017034K(8320512K), 0.0903043 secs] [Times: user=0.58 sys=0.05, real=0.10 secs] 
2021-01-18T10:27:55.716-0800: 1.634: [GC (Allocation Failure) 2021-01-18T10:27:55.716-0800: 1.634: [ParNew: 613439K->68095K(613440K), 0.0854123 secs] 1562378K->1125800K(8320512K), 0.0854981 secs] [Times: user=0.54 sys=0.05, real=0.09 secs] 
2021-01-18T10:27:55.866-0800: 1.784: [GC (Allocation Failure) 2021-01-18T10:27:55.866-0800: 1.784: [ParNew: 613439K->68095K(613440K), 0.0907866 secs] 1671144K->1242783K(8320512K), 0.0908837 secs] [Times: user=0.57 sys=0.04, real=0.09 secs] 
2021-01-18T10:27:56.021-0800: 1.938: [GC (Allocation Failure) 2021-01-18T10:27:56.021-0800: 1.938: [ParNew: 613439K->68095K(613440K), 0.0899286 secs] 1788127K->1362616K(8320512K), 0.0900286 secs] [Times: user=0.59 sys=0.04, real=0.09 secs] 
2021-01-18T10:27:56.175-0800: 2.092: [GC (Allocation Failure) 2021-01-18T10:27:56.175-0800: 2.092: [ParNew: 613439K->68094K(613440K), 0.0861797 secs] 1907960K->1478832K(8320512K), 0.0862765 secs] [Times: user=0.57 sys=0.05, real=0.09 secs] 
2021-01-18T10:27:56.321-0800: 2.238: [GC (Allocation Failure) 2021-01-18T10:27:56.321-0800: 2.238: [ParNew: 613438K->68095K(613440K), 0.0758047 secs] 2024176K->1594561K(8320512K), 0.0758872 secs] [Times: user=0.55 sys=0.04, real=0.07 secs] 
2021-01-18T10:27:56.456-0800: 2.373: [GC (Allocation Failure) 2021-01-18T10:27:56.456-0800: 2.374: [ParNew: 613439K->68095K(613440K), 0.0848876 secs] 2139905K->1716932K(8320512K), 0.0849825 secs] [Times: user=0.59 sys=0.04, real=0.09 secs] 
2021-01-18T10:27:56.602-0800: 2.519: [GC (Allocation Failure) 2021-01-18T10:27:56.602-0800: 2.519: [ParNew: 613439K->68095K(613440K), 0.0855814 secs] 2262276K->1839997K(8320512K), 0.0856852 secs] [Times: user=0.58 sys=0.05, real=0.08 secs] 
2021-01-18T10:27:56.749-0800: 2.666: [GC (Allocation Failure) 2021-01-18T10:27:56.749-0800: 2.666: [ParNew: 613439K->68095K(613440K), 0.0810743 secs] 2385341K->1960630K(8320512K), 0.0811707 secs] [Times: user=0.56 sys=0.04, real=0.09 secs] 
2021-01-18T10:27:56.889-0800: 2.806: [GC (Allocation Failure) 2021-01-18T10:27:56.889-0800: 2.806: [ParNew: 613337K->68094K(613440K), 0.0926087 secs] 2505872K->2084855K(8320512K), 0.0926952 secs] [Times: user=0.63 sys=0.04, real=0.10 secs] 
2021-01-18T10:27:57.043-0800: 2.960: [GC (Allocation Failure) 2021-01-18T10:27:57.043-0800: 2.960: [ParNew: 613438K->68094K(613440K), 0.0867968 secs] 2630199K->2209713K(8320512K), 0.0868825 secs] [Times: user=0.60 sys=0.05, real=0.09 secs] 
2021-01-18T10:27:57.193-0800: 3.110: [GC (Allocation Failure) 2021-01-18T10:27:57.193-0800: 3.110: [ParNew: 613438K->68095K(613440K), 0.0745505 secs] 2755057K->2326567K(8320512K), 0.0746878 secs] [Times: user=0.54 sys=0.04, real=0.07 secs] 
2021-01-18T10:27:57.326-0800: 3.244: [GC (Allocation Failure) 2021-01-18T10:27:57.326-0800: 3.244: [ParNew: 613439K->68095K(613440K), 0.0828351 secs] 2871911K->2457587K(8320512K), 0.0829287 secs] [Times: user=0.60 sys=0.04, real=0.08 secs] 
2021-01-18T10:27:57.467-0800: 3.385: [GC (Allocation Failure) 2021-01-18T10:27:57.468-0800: 3.385: [ParNew: 613439K->68095K(613440K), 0.0837798 secs] 3002931K->2589033K(8320512K), 0.0838605 secs] [Times: user=0.58 sys=0.05, real=0.09 secs] 
2021-01-18T10:27:57.612-0800: 3.529: [GC (Allocation Failure) 2021-01-18T10:27:57.612-0800: 3.529: [ParNew: 613439K->68095K(613440K), 0.0845524 secs] 3134377K->2708821K(8320512K), 0.0846371 secs] [Times: user=0.56 sys=0.05, real=0.08 secs] 
2021-01-18T10:27:57.755-0800: 3.672: [GC (Allocation Failure) 2021-01-18T10:27:57.755-0800: 3.672: [ParNew: 613439K->68095K(613440K), 0.0822457 secs] 3254165K->2838466K(8320512K), 0.0823272 secs] [Times: user=0.59 sys=0.04, real=0.08 secs] 
2021-01-18T10:27:57.895-0800: 3.812: [GC (Allocation Failure) 2021-01-18T10:27:57.895-0800: 3.812: [ParNew: 613262K->68095K(613440K), 0.0813008 secs] 3383634K->2969786K(8320512K), 0.0813797 secs] [Times: user=0.59 sys=0.04, real=0.08 secs] 
2021-01-18T10:27:58.036-0800: 3.953: [GC (Allocation Failure) 2021-01-18T10:27:58.036-0800: 3.953: [ParNew: 613439K->68094K(613440K), 0.0814956 secs] 3515130K->3095316K(8320512K), 0.0815770 secs] [Times: user=0.58 sys=0.05, real=0.08 secs] 
2021-01-18T10:27:58.175-0800: 4.093: [GC (Allocation Failure) 2021-01-18T10:27:58.176-0800: 4.093: [ParNew: 613438K->68095K(613440K), 0.0801714 secs] 3640660K->3214936K(8320512K), 0.0802559 secs] [Times: user=0.57 sys=0.04, real=0.08 secs] 
2021-01-18T10:27:58.316-0800: 4.233: [GC (Allocation Failure) 2021-01-18T10:27:58.316-0800: 4.234: [ParNew: 613439K->68095K(613440K), 0.0831765 secs] 3760280K->3344031K(8320512K), 0.0832550 secs] [Times: user=0.57 sys=0.04, real=0.09 secs] 
2021-01-18T10:27:58.459-0800: 4.377: [GC (Allocation Failure) 2021-01-18T10:27:58.460-0800: 4.377: [ParNew: 613439K->68095K(613440K), 0.1013186 secs] 3889375K->3476546K(8320512K), 0.1014204 secs] [Times: user=0.58 sys=0.06, real=0.11 secs] 
2021-01-18T10:27:58.627-0800: 4.544: [GC (Allocation Failure) 2021-01-18T10:27:58.627-0800: 4.544: [ParNew: 613439K->68094K(613440K), 0.1272984 secs] 4021890K->3600401K(8320512K), 0.1273786 secs] [Times: user=0.58 sys=0.05, real=0.13 secs] 
2021-01-18T10:27:58.816-0800: 4.734: [GC (Allocation Failure) 2021-01-18T10:27:58.816-0800: 4.734: [ParNew: 613438K->68095K(613440K), 0.0950442 secs] 4145745K->3728326K(8320512K), 0.0951283 secs] [Times: user=0.51 sys=0.05, real=0.10 secs] 
2021-01-18T10:27:58.970-0800: 4.887: [GC (Allocation Failure) 2021-01-18T10:27:58.970-0800: 4.887: [ParNew: 613439K->68095K(613440K), 0.1302310 secs] 4273670K->3854663K(8320512K), 0.1303133 secs] [Times: user=0.57 sys=0.06, real=0.13 secs] 
2021-01-18T10:27:59.163-0800: 5.080: [GC (Allocation Failure) 2021-01-18T10:27:59.163-0800: 5.080: [ParNew: 613439K->68094K(613440K), 0.1361182 secs] 4400007K->3976042K(8320512K), 0.1362024 secs] [Times: user=0.76 sys=0.10, real=0.13 secs] 
2021-01-18T10:27:59.300-0800: 5.217: [GC (CMS Initial Mark) [1 CMS-initial-mark: 3907948K(7707072K)] 3987293K(8320512K), 0.0001863 secs] [Times: user=0.00 sys=0.00, real=0.00 secs] 
2021-01-18T10:27:59.300-0800: 5.217: [CMS-concurrent-mark-start]
2021-01-18T10:27:59.349-0800: 5.266: [CMS-concurrent-mark: 0.049/0.049 secs] [Times: user=0.09 sys=0.05, real=0.04 secs] 
2021-01-18T10:27:59.349-0800: 5.266: [CMS-concurrent-preclean-start]
2021-01-18T10:27:59.360-0800: 5.277: [CMS-concurrent-preclean: 0.011/0.011 secs] [Times: user=0.02 sys=0.00, real=0.02 secs] 
2021-01-18T10:27:59.360-0800: 5.277: [CMS-concurrent-abortable-preclean-start]
2021-01-18T10:27:59.389-0800: 5.306: [GC (Allocation Failure) 2021-01-18T10:27:59.389-0800: 5.306: [ParNew2021-01-18T10:27:59.471-0800: 5.388: [CMS-concurrent-abortable-preclean: 0.010/0.111 secs] [Times: user=0.50 sys=0.06, real=0.11 secs] 
: 613438K->68094K(613440K), 0.1266740 secs] 4521386K->4087088K(8320512K), 0.1267538 secs] [Times: user=0.72 sys=0.10, real=0.13 secs] 
2021-01-18T10:27:59.516-0800: 5.433: [GC (CMS Final Remark) [YG occupancy: 68183 K (613440 K)]2021-01-18T10:27:59.516-0800: 5.433: [Rescan (parallel) , 0.0033581 secs]2021-01-18T10:27:59.519-0800: 5.436: [weak refs processing, 0.0000156 secs]2021-01-18T10:27:59.519-0800: 5.436: [class unloading, 0.0001945 secs]2021-01-18T10:27:59.519-0800: 5.437: [scrub symbol table, 0.0002659 secs]2021-01-18T10:27:59.520-0800: 5.437: [scrub string table, 0.0001187 secs][1 CMS-remark: 4018994K(7707072K)] 4087177K(8320512K), 0.0040339 secs] [Times: user=0.02 sys=0.00, real=0.01 secs] 
2021-01-18T10:27:59.520-0800: 5.437: [CMS-concurrent-sweep-start]
2021-01-18T10:27:59.529-0800: 5.446: [CMS-concurrent-sweep: 0.009/0.009 secs] [Times: user=0.02 sys=0.00, real=0.00 secs] 
2021-01-18T10:27:59.529-0800: 5.446: [CMS-concurrent-reset-start]
2021-01-18T10:27:59.585-0800: 5.502: [CMS-concurrent-reset: 0.055/0.055 secs] [Times: user=0.07 sys=0.03, real=0.06 secs] 
2021-01-18T10:27:59.601-0800: 5.518: [GC (Allocation Failure) 2021-01-18T10:27:59.601-0800: 5.518: [ParNew: 613438K->68095K(613440K), 0.0339228 secs] 1034687K->611356K(8320512K), 0.0340079 secs] [Times: user=0.26 sys=0.00, real=0.03 secs] 
2021-01-18T10:27:59.704-0800: 5.621: [GC (Allocation Failure) 2021-01-18T10:27:59.704-0800: 5.621: [ParNew: 613439K->68095K(613440K), 0.0515792 secs] 1156700K->739051K(8320512K), 0.0517001 secs] [Times: user=0.23 sys=0.00, real=0.05 secs] 
2021-01-18T10:27:59.820-0800: 5.738: [GC (Allocation Failure) 2021-01-18T10:27:59.820-0800: 5.738: [ParNew: 613439K->68095K(613440K), 0.0371606 secs] 1284395K->856601K(8320512K), 0.0372339 secs] [Times: user=0.21 sys=0.00, real=0.03 secs] 
2021-01-18T10:27:59.925-0800: 5.842: [GC (Allocation Failure) 2021-01-18T10:27:59.925-0800: 5.843: [ParNew: 613439K->68095K(613440K), 0.0498395 secs] 1401945K->981121K(8320512K), 0.0499770 secs] [Times: user=0.24 sys=0.01, real=0.05 secs] 
2021-01-18T10:28:00.049-0800: 5.966: [GC (Allocation Failure) 2021-01-18T10:28:00.049-0800: 5.966: [ParNew: 613439K->68094K(613440K), 0.0498479 secs] 1526465K->1105830K(8320512K), 0.0499266 secs] [Times: user=0.28 sys=0.01, real=0.05 secs] 
2021-01-18T10:28:00.180-0800: 6.098: [GC (Allocation Failure) 2021-01-18T10:28:00.180-0800: 6.098: [ParNew: 613438K->68095K(613440K), 0.0466975 secs] 1651174K->1232676K(8320512K), 0.0467891 secs] [Times: user=0.23 sys=0.01, real=0.04 secs] 
2021-01-18T10:28:00.296-0800: 6.213: [GC (Allocation Failure) 2021-01-18T10:28:00.296-0800: 6.213: [ParNew: 613439K->68095K(613440K), 0.0540567 secs] 1778020K->1358604K(8320512K), 0.0541409 secs] [Times: user=0.23 sys=0.00, real=0.06 secs] 
2021-01-18T10:28:00.423-0800: 6.340: [GC (Allocation Failure) 2021-01-18T10:28:00.423-0800: 6.340: [ParNew: 613439K->68095K(613440K), 0.0486775 secs] 1903948K->1487776K(8320512K), 0.0487549 secs] [Times: user=0.27 sys=0.01, real=0.05 secs] 
2021-01-18T10:28:00.541-0800: 6.459: [GC (Allocation Failure) 2021-01-18T10:28:00.541-0800: 6.459: [ParNew: 613439K->68095K(613440K), 0.0421267 secs] 2033120K->1602187K(8320512K), 0.0422206 secs] [Times: user=0.27 sys=0.01, real=0.04 secs] 
2021-01-18T10:28:00.652-0800: 6.569: [GC (Allocation Failure) 2021-01-18T10:28:00.652-0800: 6.569: [ParNew: 613439K->68095K(613440K), 0.0469704 secs] 2147531K->1718767K(8320512K), 0.0470690 secs] [Times: user=0.30 sys=0.01, real=0.04 secs] 
2021-01-18T10:28:00.760-0800: 6.677: [GC (Allocation Failure) 2021-01-18T10:28:00.760-0800: 6.677: [ParNew: 613439K->68095K(613440K), 0.0399550 secs] 2264111K->1842138K(8320512K), 0.0400457 secs] [Times: user=0.27 sys=0.00, real=0.04 secs] 
2021-01-18T10:28:00.865-0800: 6.782: [GC (Allocation Failure) 2021-01-18T10:28:00.865-0800: 6.782: [ParNew: 613439K->68094K(613440K), 0.0580634 secs] 2387482K->1958734K(8320512K), 0.0581953 secs] [Times: user=0.36 sys=0.03, real=0.06 secs] 
2021-01-18T10:28:00.983-0800: 6.900: [GC (Allocation Failure) 2021-01-18T10:28:00.983-0800: 6.900: [ParNew: 613438K->68095K(613440K), 0.0366716 secs] 2504078K->2081146K(8320512K), 0.0367607 secs] [Times: user=0.25 sys=0.00, real=0.04 secs] 
2021-01-18T10:28:01.078-0800: 6.995: [GC (Allocation Failure) 2021-01-18T10:28:01.078-0800: 6.995: [ParNew: 613439K->68095K(613440K), 0.0678841 secs] 2626490K->2212524K(8320512K), 0.0679668 secs] [Times: user=0.44 sys=0.03, real=0.07 secs] 
2021-01-18T10:28:01.205-0800: 7.122: [GC (Allocation Failure) 2021-01-18T10:28:01.205-0800: 7.122: [ParNew: 613439K->68095K(613440K), 0.0692241 secs] 2757868K->2350799K(8320512K), 0.0693093 secs] [Times: user=0.47 sys=0.03, real=0.07 secs] 
2021-01-18T10:28:01.337-0800: 7.254: [GC (Allocation Failure) 2021-01-18T10:28:01.337-0800: 7.254: [ParNew: 613439K->68095K(613440K), 0.1055834 secs] 2896143K->2474097K(8320512K), 0.1056649 secs] [Times: user=0.60 sys=0.05, real=0.11 secs] 
2021-01-18T10:28:01.501-0800: 7.418: [GC (Allocation Failure) 2021-01-18T10:28:01.501-0800: 7.418: [ParNew: 613439K->68095K(613440K), 0.1138886 secs] 3019441K->2606264K(8320512K), 0.1139790 secs] [Times: user=0.72 sys=0.05, real=0.11 secs] 
2021-01-18T10:28:01.695-0800: 7.612: [GC (Allocation Failure) 2021-01-18T10:28:01.695-0800: 7.612: [ParNew: 613439K->68095K(613440K), 0.0662971 secs] 3151608K->2732397K(8320512K), 0.0663904 secs] [Times: user=0.43 sys=0.02, real=0.07 secs] 
2021-01-18T10:28:01.851-0800: 7.769: [GC (Allocation Failure) 2021-01-18T10:28:01.851-0800: 7.769: [ParNew: 613439K->68095K(613440K), 0.0675912 secs] 3277741K->2862910K(8320512K), 0.0676867 secs] [Times: user=0.30 sys=0.03, real=0.06 secs] 
2021-01-18T10:28:01.983-0800: 7.900: [GC (Allocation Failure) 2021-01-18T10:28:01.983-0800: 7.900: [ParNew: 613439K->68095K(613440K), 0.0507654 secs] 3408254K->2977002K(8320512K), 0.0508487 secs] [Times: user=0.35 sys=0.02, real=0.05 secs] 
2021-01-18T10:28:02.096-0800: 8.013: [GC (Allocation Failure) 2021-01-18T10:28:02.096-0800: 8.013: [ParNew: 613439K->68095K(613440K), 0.0532400 secs] 3522346K->3097654K(8320512K), 0.0533293 secs] [Times: user=0.36 sys=0.02, real=0.05 secs] 
2021-01-18T10:28:02.211-0800: 8.128: [GC (Allocation Failure) 2021-01-18T10:28:02.211-0800: 8.128: [ParNew: 613439K->68095K(613440K), 0.0504369 secs] 3642998K->3212235K(8320512K), 0.0505208 secs] [Times: user=0.34 sys=0.01, real=0.05 secs] 
2021-01-18T10:28:02.318-0800: 8.235: [GC (Allocation Failure) 2021-01-18T10:28:02.318-0800: 8.235: [ParNew: 613439K->68095K(613440K), 0.0499259 secs] 3757579K->3337246K(8320512K), 0.0500091 secs] [Times: user=0.36 sys=0.02, real=0.05 secs] 
2021-01-18T10:28:02.429-0800: 8.347: [GC (Allocation Failure) 2021-01-18T10:28:02.429-0800: 8.347: [ParNew: 613439K->68095K(613440K), 0.0532686 secs] 3882590K->3457060K(8320512K), 0.0533503 secs] [Times: user=0.39 sys=0.03, real=0.06 secs] 
2021-01-18T10:28:02.542-0800: 8.459: [GC (Allocation Failure) 2021-01-18T10:28:02.542-0800: 8.459: [ParNew: 613439K->68095K(613440K), 0.0487312 secs] 4002404K->3578903K(8320512K), 0.0488105 secs] [Times: user=0.35 sys=0.01, real=0.05 secs] 
2021-01-18T10:28:02.652-0800: 8.569: [GC (Allocation Failure) 2021-01-18T10:28:02.652-0800: 8.569: [ParNew: 613439K->68095K(613440K), 0.0771903 secs] 4124247K->3691473K(8320512K), 0.0776507 secs] [Times: user=0.48 sys=0.04, real=0.07 secs] 
2021-01-18T10:28:02.791-0800: 8.708: [GC (Allocation Failure) 2021-01-18T10:28:02.791-0800: 8.708: [ParNew: 613439K->68095K(613440K), 0.0789222 secs] 4236817K->3826902K(8320512K), 0.0790134 secs] [Times: user=0.53 sys=0.04, real=0.08 secs] 
2021-01-18T10:28:02.931-0800: 8.848: [GC (Allocation Failure) 2021-01-18T10:28:02.931-0800: 8.848: [ParNew: 613439K->68095K(613440K), 0.0685883 secs] 4372246K->3955751K(8320512K), 0.0686864 secs] [Times: user=0.47 sys=0.02, real=0.06 secs] 
2021-01-18T10:28:03.062-0800: 8.979: [GC (Allocation Failure) 2021-01-18T10:28:03.062-0800: 8.979: [ParNew: 613439K->68095K(613440K), 0.0651065 secs] 4501095K->4078083K(8320512K), 0.0652015 secs] [Times: user=0.45 sys=0.03, real=0.06 secs] 
2021-01-18T10:28:03.190-0800: 9.107: [GC (Allocation Failure) 2021-01-18T10:28:03.190-0800: 9.107: [ParNew: 613439K->68094K(613440K), 0.1019400 secs] 4623427K->4207931K(8320512K), 0.1020322 secs] [Times: user=0.55 sys=0.06, real=0.10 secs] 
2021-01-18T10:28:03.364-0800: 9.281: [GC (Allocation Failure) 2021-01-18T10:28:03.364-0800: 9.281: [ParNew: 613438K->68095K(613440K), 0.0864222 secs] 4753275K->4324041K(8320512K), 0.0865129 secs] [Times: user=0.50 sys=0.04, real=0.09 secs] 
2021-01-18T10:28:03.508-0800: 9.425: [GC (Allocation Failure) 2021-01-18T10:28:03.508-0800: 9.425: [ParNew: 613439K->68095K(613440K), 0.0930150 secs] 4869385K->4446026K(8320512K), 0.0931134 secs] [Times: user=0.58 sys=0.07, real=0.10 secs] 
2021-01-18T10:28:03.659-0800: 9.576: [GC (Allocation Failure) 2021-01-18T10:28:03.659-0800: 9.576: [ParNew: 613439K->68095K(613440K), 0.1389857 secs] 4991370K->4573564K(8320512K), 0.1390648 secs] [Times: user=0.77 sys=0.11, real=0.14 secs] 
2021-01-18T10:28:03.863-0800: 9.780: [GC (Allocation Failure) 2021-01-18T10:28:03.863-0800: 9.780: [ParNew: 613439K->68094K(613440K), 0.1288387 secs] 5118908K->4694982K(8320512K), 0.1289346 secs] [Times: user=0.72 sys=0.10, real=0.13 secs] 
2021-01-18T10:28:04.073-0800: 9.990: [GC (Allocation Failure) 2021-01-18T10:28:04.073-0800: 9.990: [ParNew: 613438K->68094K(613440K), 0.1575381 secs] 5240326K->4819185K(8320512K), 0.1576361 secs] [Times: user=0.91 sys=0.12, real=0.16 secs] 
Heap
 par new generation   total 613440K, used 90528K [0x00000005c0000000, 0x00000005e9990000, 0x00000005e9990000)
  eden space 545344K,   4% used [0x00000005c0000000, 0x00000005c15e8670, 0x00000005e1490000)
  from space 68096K,  99% used [0x00000005e1490000, 0x00000005e570fbc8, 0x00000005e5710000)
  to   space 68096K,   0% used [0x00000005e5710000, 0x00000005e5710000, 0x00000005e9990000)
 concurrent mark-sweep generation total 7707072K, used 4751090K [0x00000005e9990000, 0x00000007c0000000, 0x00000007c0000000)
 Metaspace       used 2595K, capacity 4490K, committed 4864K, reserved 1056768K
  class space    used 278K, capacity 386K, committed 512K, reserved 1048576K
