Java HotSpot(TM) 64-Bit Server VM (25.271-b09) for bsd-amd64 JRE (1.8.0_271-b09), built on Sep 16 2020 16:54:38 by "java_re" with gcc 4.2.1 Compatible Apple LLVM 10.0.0 (clang-1000.11.45.5)
Memory: 4k page, physical 16777216k(3967620k free)

/proc/meminfo:

CommandLine flags: -XX:InitialHeapSize=1073741824 -XX:MaxHeapSize=1073741824 -XX:MaxNewSize=357916672 -XX:MaxTenuringThreshold=6 -XX:NewSize=357916672 -XX:OldPLABSize=16 -XX:OldSize=715825152 -XX:+PrintGC -XX:+PrintGCDateStamps -XX:+PrintGCDetails -XX:+PrintGCTimeStamps -XX:+UseCompressedClassPointers -XX:+UseCompressedOops -XX:+UseConcMarkSweepGC -XX:+UseParNewGC 
2021-01-18T10:26:14.986-0800: 0.217: [GC (Allocation Failure) 2021-01-18T10:26:14.986-0800: 0.217: [ParNew: 279616K->34942K(314560K), 0.0203497 secs] 279616K->77268K(1013632K), 0.0204750 secs] [Times: user=0.05 sys=0.09, real=0.02 secs] 
2021-01-18T10:26:15.044-0800: 0.275: [GC (Allocation Failure) 2021-01-18T10:26:15.044-0800: 0.275: [ParNew: 314558K->34943K(314560K), 0.0276085 secs] 356884K->150187K(1013632K), 0.0277079 secs] [Times: user=0.06 sys=0.11, real=0.03 secs] 
2021-01-18T10:26:15.106-0800: 0.337: [GC (Allocation Failure) 2021-01-18T10:26:15.106-0800: 0.337: [ParNew: 314558K->34942K(314560K), 0.0538749 secs] 429801K->231349K(1013632K), 0.0539886 secs] [Times: user=0.27 sys=0.03, real=0.06 secs] 
2021-01-18T10:26:15.192-0800: 0.423: [GC (Allocation Failure) 2021-01-18T10:26:15.192-0800: 0.423: [ParNew: 314558K->34944K(314560K), 0.0605103 secs] 510965K->318597K(1013632K), 0.0606439 secs] [Times: user=0.26 sys=0.04, real=0.06 secs] 
2021-01-18T10:26:15.290-0800: 0.521: [GC (Allocation Failure) 2021-01-18T10:26:15.290-0800: 0.521: [ParNew: 314560K->34943K(314560K), 0.0529154 secs] 598213K->404878K(1013632K), 0.0530126 secs] [Times: user=0.32 sys=0.04, real=0.05 secs] 
2021-01-18T10:26:15.343-0800: 0.574: [GC (CMS Initial Mark) [1 CMS-initial-mark: 369935K(699072K)] 405002K(1013632K), 0.0002270 secs] [Times: user=0.00 sys=0.00, real=0.00 secs] 
2021-01-18T10:26:15.344-0800: 0.575: [CMS-concurrent-mark-start]
2021-01-18T10:26:15.347-0800: 0.578: [CMS-concurrent-mark: 0.004/0.004 secs] [Times: user=0.01 sys=0.00, real=0.00 secs] 
2021-01-18T10:26:15.347-0800: 0.578: [CMS-concurrent-preclean-start]
2021-01-18T10:26:15.348-0800: 0.579: [CMS-concurrent-preclean: 0.001/0.001 secs] [Times: user=0.00 sys=0.00, real=0.00 secs] 
2021-01-18T10:26:15.349-0800: 0.579: [CMS-concurrent-abortable-preclean-start]
2021-01-18T10:26:15.375-0800: 0.606: [GC (Allocation Failure) 2021-01-18T10:26:15.376-0800: 0.606: [ParNew: 314559K->34943K(314560K), 0.0478848 secs] 684494K->487035K(1013632K), 0.0479779 secs] [Times: user=0.30 sys=0.03, real=0.05 secs] 
2021-01-18T10:26:15.457-0800: 0.688: [GC (Allocation Failure) 2021-01-18T10:26:15.457-0800: 0.688: [ParNew: 314559K->34942K(314560K), 0.0476787 secs] 766651K->567675K(1013632K), 0.0477746 secs] [Times: user=0.29 sys=0.04, real=0.05 secs] 
2021-01-18T10:26:15.539-0800: 0.769: [GC (Allocation Failure) 2021-01-18T10:26:15.539-0800: 0.769: [ParNew: 314558K->34942K(314560K), 0.0474003 secs] 847291K->653444K(1013632K), 0.0474997 secs] [Times: user=0.32 sys=0.03, real=0.05 secs] 
2021-01-18T10:26:15.619-0800: 0.850: [GC (Allocation Failure) 2021-01-18T10:26:15.619-0800: 0.850: [ParNew: 314558K->314558K(314560K), 0.0000227 secs]2021-01-18T10:26:15.619-0800: 0.850: [CMS2021-01-18T10:26:15.619-0800: 0.850: [CMS-concurrent-abortable-preclean: 0.009/0.271 secs] [Times: user=1.04 sys=0.10, real=0.27 secs] 
 (concurrent mode failure): 618501K->346644K(699072K), 0.0635288 secs] 933060K->346644K(1013632K), [Metaspace: 2580K->2580K(1056768K)], 0.0636874 secs] [Times: user=0.06 sys=0.00, real=0.07 secs] 
2021-01-18T10:26:15.725-0800: 0.956: [GC (Allocation Failure) 2021-01-18T10:26:15.725-0800: 0.956: [ParNew: 279616K->34943K(314560K), 0.0150186 secs] 626260K->438030K(1013632K), 0.0151293 secs] [Times: user=0.07 sys=0.00, real=0.02 secs] 
2021-01-18T10:26:15.740-0800: 0.971: [GC (CMS Initial Mark) [1 CMS-initial-mark: 403087K(699072K)] 443862K(1013632K), 0.0001857 secs] [Times: user=0.00 sys=0.00, real=0.00 secs] 
2021-01-18T10:26:15.741-0800: 0.972: [CMS-concurrent-mark-start]
2021-01-18T10:26:15.742-0800: 0.973: [CMS-concurrent-mark: 0.002/0.002 secs] [Times: user=0.01 sys=0.00, real=0.00 secs] 
2021-01-18T10:26:15.742-0800: 0.973: [CMS-concurrent-preclean-start]
2021-01-18T10:26:15.744-0800: 0.975: [CMS-concurrent-preclean: 0.002/0.002 secs] [Times: user=0.00 sys=0.00, real=0.00 secs] 
2021-01-18T10:26:15.744-0800: 0.975: [CMS-concurrent-abortable-preclean-start]
2021-01-18T10:26:15.778-0800: 1.009: [GC (Allocation Failure) 2021-01-18T10:26:15.778-0800: 1.009: [ParNew: 314559K->34943K(314560K), 0.0146879 secs] 717646K->513809K(1013632K), 0.0147706 secs] [Times: user=0.11 sys=0.00, real=0.02 secs] 
2021-01-18T10:26:15.826-0800: 1.056: [GC (Allocation Failure) 2021-01-18T10:26:15.826-0800: 1.057: [ParNew: 314559K->34943K(314560K), 0.0145007 secs] 793425K->592668K(1013632K), 0.0146872 secs] [Times: user=0.11 sys=0.00, real=0.02 secs] 
2021-01-18T10:26:15.875-0800: 1.106: [GC (Allocation Failure) 2021-01-18T10:26:15.875-0800: 1.106: [ParNew: 314559K->34943K(314560K), 0.0207776 secs] 872284K->668153K(1013632K), 0.0208752 secs] [Times: user=0.14 sys=0.00, real=0.02 secs] 
2021-01-18T10:26:15.928-0800: 1.158: [GC (Allocation Failure) 2021-01-18T10:26:15.928-0800: 1.159: [ParNew: 314559K->314559K(314560K), 0.0000208 secs]2021-01-18T10:26:15.928-0800: 1.159: [CMS2021-01-18T10:26:15.928-0800: 1.159: [CMS-concurrent-abortable-preclean: 0.009/0.183 secs] [Times: user=0.49 sys=0.01, real=0.18 secs] 
 (concurrent mode failure): 633209K->354651K(699072K), 0.0561535 secs] 947769K->354651K(1013632K), [Metaspace: 2580K->2580K(1056768K)], 0.0563028 secs] [Times: user=0.06 sys=0.01, real=0.06 secs] 
2021-01-18T10:26:16.026-0800: 1.257: [GC (Allocation Failure) 2021-01-18T10:26:16.026-0800: 1.257: [ParNew: 279616K->34943K(314560K), 0.0111527 secs] 634267K->435509K(1013632K), 0.0112579 secs] [Times: user=0.07 sys=0.00, real=0.01 secs] 
2021-01-18T10:26:16.038-0800: 1.268: [GC (CMS Initial Mark) [1 CMS-initial-mark: 400565K(699072K)] 441178K(1013632K), 0.0001742 secs] [Times: user=0.00 sys=0.00, real=0.00 secs] 
2021-01-18T10:26:16.038-0800: 1.269: [CMS-concurrent-mark-start]
2021-01-18T10:26:16.039-0800: 1.270: [CMS-concurrent-mark: 0.001/0.001 secs] [Times: user=0.01 sys=0.00, real=0.00 secs] 
2021-01-18T10:26:16.039-0800: 1.270: [CMS-concurrent-preclean-start]
2021-01-18T10:26:16.040-0800: 1.271: [CMS-concurrent-preclean: 0.001/0.001 secs] [Times: user=0.00 sys=0.00, real=0.01 secs] 
2021-01-18T10:26:16.040-0800: 1.271: [CMS-concurrent-abortable-preclean-start]
2021-01-18T10:26:16.072-0800: 1.303: [GC (Allocation Failure) 2021-01-18T10:26:16.072-0800: 1.303: [ParNew: 314559K->34942K(314560K), 0.0143726 secs] 715125K->511279K(1013632K), 0.0144703 secs] [Times: user=0.10 sys=0.00, real=0.01 secs] 
2021-01-18T10:26:16.118-0800: 1.349: [GC (Allocation Failure) 2021-01-18T10:26:16.118-0800: 1.349: [ParNew: 314558K->34942K(314560K), 0.0143739 secs] 790895K->592088K(1013632K), 0.0144757 secs] [Times: user=0.11 sys=0.00, real=0.02 secs] 
2021-01-18T10:26:16.165-0800: 1.396: [GC (Allocation Failure) 2021-01-18T10:26:16.165-0800: 1.396: [ParNew: 314558K->34942K(314560K), 0.0182667 secs] 871704K->676600K(1013632K), 0.0183832 secs] [Times: user=0.14 sys=0.00, real=0.02 secs] 
2021-01-18T10:26:16.215-0800: 1.445: [GC (Allocation Failure) 2021-01-18T10:26:16.215-0800: 1.445: [ParNew: 314558K->314558K(314560K), 0.0000222 secs]2021-01-18T10:26:16.215-0800: 1.445: [CMS2021-01-18T10:26:16.215-0800: 1.446: [CMS-concurrent-abortable-preclean: 0.008/0.174 secs] [Times: user=0.47 sys=0.01, real=0.17 secs] 
 (concurrent mode failure): 641658K->377727K(699072K), 0.0585686 secs] 956216K->377727K(1013632K), [Metaspace: 2580K->2580K(1056768K)], 0.0587287 secs] [Times: user=0.06 sys=0.00, real=0.06 secs] 
2021-01-18T10:26:16.314-0800: 1.545: [GC (Allocation Failure) 2021-01-18T10:26:16.314-0800: 1.545: [ParNew: 279616K->34943K(314560K), 0.0120058 secs] 657343K->467236K(1013632K), 0.0121130 secs] [Times: user=0.09 sys=0.00, real=0.01 secs] 
2021-01-18T10:26:16.326-0800: 1.557: [GC (CMS Initial Mark) [1 CMS-initial-mark: 432292K(699072K)] 473088K(1013632K), 0.0001989 secs] [Times: user=0.00 sys=0.00, real=0.00 secs] 
2021-01-18T10:26:16.326-0800: 1.557: [CMS-concurrent-mark-start]
2021-01-18T10:26:16.328-0800: 1.559: [CMS-concurrent-mark: 0.002/0.002 secs] [Times: user=0.00 sys=0.00, real=0.00 secs] 
2021-01-18T10:26:16.328-0800: 1.559: [CMS-concurrent-preclean-start]
2021-01-18T10:26:16.329-0800: 1.560: [CMS-concurrent-preclean: 0.001/0.001 secs] [Times: user=0.01 sys=0.00, real=0.01 secs] 
2021-01-18T10:26:16.330-0800: 1.560: [CMS-concurrent-abortable-preclean-start]
2021-01-18T10:26:16.359-0800: 1.590: [GC (Allocation Failure) 2021-01-18T10:26:16.359-0800: 1.590: [ParNew: 314559K->34942K(314560K), 0.0135832 secs] 746852K->542186K(1013632K), 0.0136673 secs] [Times: user=0.10 sys=0.00, real=0.02 secs] 
2021-01-18T10:26:16.404-0800: 1.635: [GC (Allocation Failure) 2021-01-18T10:26:16.404-0800: 1.635: [ParNew: 314558K->34943K(314560K), 0.0135767 secs] 821802K->616436K(1013632K), 0.0136612 secs] [Times: user=0.11 sys=0.00, real=0.01 secs] 
2021-01-18T10:26:16.450-0800: 1.680: [GC (Allocation Failure) 2021-01-18T10:26:16.450-0800: 1.680: [ParNew: 313889K->34942K(314560K), 0.0263968 secs] 895382K->703504K(1013632K), 0.0264777 secs] [Times: user=0.20 sys=0.01, real=0.02 secs] 
2021-01-18T10:26:16.476-0800: 1.707: [CMS-concurrent-abortable-preclean: 0.006/0.147 secs] [Times: user=0.50 sys=0.01, real=0.14 secs] 
2021-01-18T10:26:16.476-0800: 1.707: [GC (CMS Final Remark) [YG occupancy: 35686 K (314560 K)]2021-01-18T10:26:16.476-0800: 1.707: [Rescan (parallel) , 0.0003780 secs]2021-01-18T10:26:16.477-0800: 1.707: [weak refs processing, 0.0000119 secs]2021-01-18T10:26:16.477-0800: 1.707: [class unloading, 0.0001694 secs]2021-01-18T10:26:16.477-0800: 1.708: [scrub symbol table, 0.0002706 secs]2021-01-18T10:26:16.477-0800: 1.708: [scrub string table, 0.0001175 secs][1 CMS-remark: 668561K(699072K)] 704247K(1013632K), 0.0009988 secs] [Times: user=0.00 sys=0.00, real=0.00 secs] 
2021-01-18T10:26:16.477-0800: 1.708: [CMS-concurrent-sweep-start]
2021-01-18T10:26:16.478-0800: 1.709: [CMS-concurrent-sweep: 0.001/0.001 secs] [Times: user=0.00 sys=0.00, real=0.00 secs] 
2021-01-18T10:26:16.478-0800: 1.709: [CMS-concurrent-reset-start]
2021-01-18T10:26:16.479-0800: 1.710: [CMS-concurrent-reset: 0.001/0.001 secs] [Times: user=0.00 sys=0.00, real=0.00 secs] 
2021-01-18T10:26:16.508-0800: 1.739: [GC (Allocation Failure) 2021-01-18T10:26:16.508-0800: 1.739: [ParNew: 314558K->34943K(314560K), 0.0162866 secs] 889139K->696919K(1013632K), 0.0163707 secs] [Times: user=0.11 sys=0.00, real=0.02 secs] 
2021-01-18T10:26:16.525-0800: 1.756: [GC (CMS Initial Mark) [1 CMS-initial-mark: 661976K(699072K)] 696991K(1013632K), 0.0001329 secs] [Times: user=0.00 sys=0.00, real=0.00 secs] 
2021-01-18T10:26:16.525-0800: 1.756: [CMS-concurrent-mark-start]
2021-01-18T10:26:16.528-0800: 1.759: [CMS-concurrent-mark: 0.003/0.003 secs] [Times: user=0.01 sys=0.00, real=0.00 secs] 
2021-01-18T10:26:16.528-0800: 1.759: [CMS-concurrent-preclean-start]
2021-01-18T10:26:16.529-0800: 1.760: [CMS-concurrent-preclean: 0.001/0.001 secs] [Times: user=0.00 sys=0.00, real=0.00 secs] 
2021-01-18T10:26:16.529-0800: 1.760: [CMS-concurrent-abortable-preclean-start]
2021-01-18T10:26:16.529-0800: 1.760: [CMS-concurrent-abortable-preclean: 0.000/0.000 secs] [Times: user=0.00 sys=0.00, real=0.00 secs] 
2021-01-18T10:26:16.529-0800: 1.760: [GC (CMS Final Remark) [YG occupancy: 76604 K (314560 K)]2021-01-18T10:26:16.529-0800: 1.760: [Rescan (parallel) , 0.0010661 secs]2021-01-18T10:26:16.530-0800: 1.761: [weak refs processing, 0.0000208 secs]2021-01-18T10:26:16.531-0800: 1.761: [class unloading, 0.0003952 secs]2021-01-18T10:26:16.531-0800: 1.762: [scrub symbol table, 0.0002893 secs]2021-01-18T10:26:16.531-0800: 1.762: [scrub string table, 0.0001633 secs][1 CMS-remark: 661976K(699072K)] 738580K(1013632K), 0.0021170 secs] [Times: user=0.01 sys=0.00, real=0.01 secs] 
2021-01-18T10:26:16.531-0800: 1.762: [CMS-concurrent-sweep-start]
2021-01-18T10:26:16.533-0800: 1.764: [CMS-concurrent-sweep: 0.002/0.002 secs] [Times: user=0.00 sys=0.00, real=0.00 secs] 
2021-01-18T10:26:16.533-0800: 1.764: [CMS-concurrent-reset-start]
2021-01-18T10:26:16.534-0800: 1.765: [CMS-concurrent-reset: 0.001/0.001 secs] [Times: user=0.00 sys=0.00, real=0.00 secs] 
2021-01-18T10:26:16.564-0800: 1.795: [GC (Allocation Failure) 2021-01-18T10:26:16.564-0800: 1.795: [ParNew: 314559K->34942K(314560K), 0.0169003 secs] 664012K->470026K(1013632K), 0.0169900 secs] [Times: user=0.11 sys=0.01, real=0.02 secs] 
2021-01-18T10:26:16.581-0800: 1.812: [GC (CMS Initial Mark) [1 CMS-initial-mark: 435084K(699072K)] 470314K(1013632K), 0.0002384 secs] [Times: user=0.00 sys=0.00, real=0.00 secs] 
2021-01-18T10:26:16.582-0800: 1.812: [CMS-concurrent-mark-start]
2021-01-18T10:26:16.583-0800: 1.814: [CMS-concurrent-mark: 0.002/0.002 secs] [Times: user=0.01 sys=0.00, real=0.00 secs] 
2021-01-18T10:26:16.583-0800: 1.814: [CMS-concurrent-preclean-start]
2021-01-18T10:26:16.584-0800: 1.815: [CMS-concurrent-preclean: 0.001/0.001 secs] [Times: user=0.00 sys=0.00, real=0.00 secs] 
2021-01-18T10:26:16.585-0800: 1.815: [CMS-concurrent-abortable-preclean-start]
2021-01-18T10:26:16.616-0800: 1.846: [GC (Allocation Failure) 2021-01-18T10:26:16.616-0800: 1.847: [ParNew: 314558K->34942K(314560K), 0.0157530 secs] 749642K->548092K(1013632K), 0.0160054 secs] [Times: user=0.10 sys=0.00, real=0.02 secs] 
2021-01-18T10:26:16.667-0800: 1.898: [GC (Allocation Failure) 2021-01-18T10:26:16.667-0800: 1.898: [ParNew: 314558K->34943K(314560K), 0.0168933 secs] 827708K->630530K(1013632K), 0.0169866 secs] [Times: user=0.11 sys=0.00, real=0.02 secs] 
2021-01-18T10:26:16.717-0800: 1.948: [GC (Allocation Failure) 2021-01-18T10:26:16.717-0800: 1.948: [ParNew: 314559K->34943K(314560K), 0.0192234 secs] 910146K->709028K(1013632K), 0.0193158 secs] [Times: user=0.13 sys=0.01, real=0.02 secs] 
2021-01-18T10:26:16.737-0800: 1.967: [CMS-concurrent-abortable-preclean: 0.006/0.152 secs] [Times: user=0.44 sys=0.01, real=0.15 secs] 
2021-01-18T10:26:16.737-0800: 1.968: [GC (CMS Final Remark) [YG occupancy: 35698 K (314560 K)]2021-01-18T10:26:16.737-0800: 1.968: [Rescan (parallel) , 0.0005236 secs]2021-01-18T10:26:16.737-0800: 1.968: [weak refs processing, 0.0000336 secs]2021-01-18T10:26:16.737-0800: 1.968: [class unloading, 0.0001945 secs]2021-01-18T10:26:16.738-0800: 1.968: [scrub symbol table, 0.0002602 secs]2021-01-18T10:26:16.738-0800: 1.969: [scrub string table, 0.0001135 secs][1 CMS-remark: 674084K(699072K)] 709782K(1013632K), 0.0012456 secs] [Times: user=0.00 sys=0.00, real=0.00 secs] 
2021-01-18T10:26:16.738-0800: 1.969: [CMS-concurrent-sweep-start]
2021-01-18T10:26:16.740-0800: 1.970: [CMS-concurrent-sweep: 0.001/0.001 secs] [Times: user=0.00 sys=0.00, real=0.01 secs] 
2021-01-18T10:26:16.740-0800: 1.970: [CMS-concurrent-reset-start]
2021-01-18T10:26:16.740-0800: 1.971: [CMS-concurrent-reset: 0.001/0.001 secs] [Times: user=0.01 sys=0.00, real=0.00 secs] 
2021-01-18T10:26:16.770-0800: 2.001: [GC (Allocation Failure) 2021-01-18T10:26:16.771-0800: 2.001: [ParNew: 314559K->34943K(314560K), 0.0155114 secs] 899595K->702499K(1013632K), 0.0156391 secs] [Times: user=0.11 sys=0.00, real=0.01 secs] 
2021-01-18T10:26:16.786-0800: 2.017: [GC (CMS Initial Mark) [1 CMS-initial-mark: 667556K(699072K)] 702964K(1013632K), 0.0003076 secs] [Times: user=0.00 sys=0.00, real=0.00 secs] 
2021-01-18T10:26:16.787-0800: 2.017: [CMS-concurrent-mark-start]
2021-01-18T10:26:16.788-0800: 2.019: [CMS-concurrent-mark: 0.002/0.002 secs] [Times: user=0.00 sys=0.00, real=0.00 secs] 
2021-01-18T10:26:16.788-0800: 2.019: [CMS-concurrent-preclean-start]
2021-01-18T10:26:16.789-0800: 2.020: [CMS-concurrent-preclean: 0.001/0.001 secs] [Times: user=0.00 sys=0.00, real=0.00 secs] 
2021-01-18T10:26:16.789-0800: 2.020: [CMS-concurrent-abortable-preclean-start]
2021-01-18T10:26:16.789-0800: 2.020: [CMS-concurrent-abortable-preclean: 0.000/0.000 secs] [Times: user=0.00 sys=0.00, real=0.00 secs] 
2021-01-18T10:26:16.790-0800: 2.020: [GC (CMS Final Remark) [YG occupancy: 64778 K (314560 K)]2021-01-18T10:26:16.790-0800: 2.021: [Rescan (parallel) , 0.0005283 secs]2021-01-18T10:26:16.790-0800: 2.021: [weak refs processing, 0.0000128 secs]2021-01-18T10:26:16.790-0800: 2.021: [class unloading, 0.0002131 secs]2021-01-18T10:26:16.790-0800: 2.021: [scrub symbol table, 0.0002748 secs]2021-01-18T10:26:16.791-0800: 2.022: [scrub string table, 0.0001148 secs][1 CMS-remark: 667556K(699072K)] 732335K(1013632K), 0.0012226 secs] [Times: user=0.00 sys=0.00, real=0.00 secs] 
2021-01-18T10:26:16.791-0800: 2.022: [CMS-concurrent-sweep-start]
2021-01-18T10:26:16.793-0800: 2.024: [CMS-concurrent-sweep: 0.002/0.002 secs] [Times: user=0.00 sys=0.00, real=0.00 secs] 
2021-01-18T10:26:16.793-0800: 2.024: [CMS-concurrent-reset-start]
2021-01-18T10:26:16.794-0800: 2.025: [CMS-concurrent-reset: 0.000/0.000 secs] [Times: user=0.00 sys=0.00, real=0.00 secs] 
2021-01-18T10:26:16.821-0800: 2.052: [GC (Allocation Failure) 2021-01-18T10:26:16.821-0800: 2.052: [ParNew: 314559K->34943K(314560K), 0.0155480 secs] 656785K->451434K(1013632K), 0.0156722 secs] [Times: user=0.11 sys=0.00, real=0.01 secs] 
2021-01-18T10:26:16.869-0800: 2.100: [GC (Allocation Failure) 2021-01-18T10:26:16.869-0800: 2.100: [ParNew: 314559K->34943K(314560K), 0.0161499 secs] 731050K->533647K(1013632K), 0.0162317 secs] [Times: user=0.11 sys=0.00, real=0.02 secs] 
2021-01-18T10:26:16.886-0800: 2.117: [GC (CMS Initial Mark) [1 CMS-initial-mark: 498704K(699072K)] 539675K(1013632K), 0.0002170 secs] [Times: user=0.00 sys=0.00, real=0.00 secs] 
2021-01-18T10:26:16.886-0800: 2.117: [CMS-concurrent-mark-start]
2021-01-18T10:26:16.888-0800: 2.118: [CMS-concurrent-mark: 0.002/0.002 secs] [Times: user=0.01 sys=0.00, real=0.00 secs] 
2021-01-18T10:26:16.888-0800: 2.119: [CMS-concurrent-preclean-start]
2021-01-18T10:26:16.889-0800: 2.120: [CMS-concurrent-preclean: 0.001/0.001 secs] [Times: user=0.00 sys=0.00, real=0.00 secs] 
2021-01-18T10:26:16.889-0800: 2.120: [CMS-concurrent-abortable-preclean-start]
2021-01-18T10:26:16.919-0800: 2.150: [GC (Allocation Failure) 2021-01-18T10:26:16.919-0800: 2.150: [ParNew: 314559K->34941K(314560K), 0.0143372 secs] 813263K->605171K(1013632K), 0.0144191 secs] [Times: user=0.10 sys=0.01, real=0.02 secs] 
2021-01-18T10:26:16.967-0800: 2.198: [GC (Allocation Failure) 2021-01-18T10:26:16.967-0800: 2.198: [ParNew: 314557K->34943K(314560K), 0.0166018 secs] 884787K->686505K(1013632K), 0.0167661 secs] [Times: user=0.10 sys=0.00, real=0.02 secs] 
2021-01-18T10:26:16.986-0800: 2.217: [CMS-concurrent-abortable-preclean: 0.006/0.097 secs] [Times: user=0.28 sys=0.01, real=0.10 secs] 
2021-01-18T10:26:16.986-0800: 2.217: [GC (CMS Final Remark) [YG occupancy: 53989 K (314560 K)]2021-01-18T10:26:16.986-0800: 2.217: [Rescan (parallel) , 0.0004252 secs]2021-01-18T10:26:16.987-0800: 2.217: [weak refs processing, 0.0000307 secs]2021-01-18T10:26:16.987-0800: 2.218: [class unloading, 0.0001764 secs]2021-01-18T10:26:16.987-0800: 2.218: [scrub symbol table, 0.0002624 secs]2021-01-18T10:26:16.987-0800: 2.218: [scrub string table, 0.0001112 secs][1 CMS-remark: 651562K(699072K)] 705552K(1013632K), 0.0011169 secs] [Times: user=0.00 sys=0.00, real=0.00 secs] 
2021-01-18T10:26:16.987-0800: 2.218: [CMS-concurrent-sweep-start]
2021-01-18T10:26:16.989-0800: 2.220: [CMS-concurrent-sweep: 0.002/0.002 secs] [Times: user=0.00 sys=0.00, real=0.00 secs] 
2021-01-18T10:26:16.989-0800: 2.220: [CMS-concurrent-reset-start]
2021-01-18T10:26:16.990-0800: 2.221: [CMS-concurrent-reset: 0.001/0.001 secs] [Times: user=0.01 sys=0.00, real=0.01 secs] 
2021-01-18T10:26:17.019-0800: 2.250: [GC (Allocation Failure) 2021-01-18T10:26:17.019-0800: 2.250: [ParNew: 314559K->34943K(314560K), 0.0168527 secs] 802105K->607500K(1013632K), 0.0169365 secs] [Times: user=0.12 sys=0.00, real=0.02 secs] 
2021-01-18T10:26:17.036-0800: 2.267: [GC (CMS Initial Mark) [1 CMS-initial-mark: 572557K(699072K)] 613568K(1013632K), 0.0002598 secs] [Times: user=0.00 sys=0.00, real=0.00 secs] 
2021-01-18T10:26:17.036-0800: 2.267: [CMS-concurrent-mark-start]
2021-01-18T10:26:17.038-0800: 2.269: [CMS-concurrent-mark: 0.002/0.002 secs] [Times: user=0.01 sys=0.00, real=0.00 secs] 
2021-01-18T10:26:17.038-0800: 2.269: [CMS-concurrent-preclean-start]
2021-01-18T10:26:17.039-0800: 2.270: [CMS-concurrent-preclean: 0.001/0.001 secs] [Times: user=0.00 sys=0.00, real=0.00 secs] 
2021-01-18T10:26:17.039-0800: 2.270: [CMS-concurrent-abortable-preclean-start]
2021-01-18T10:26:17.069-0800: 2.299: [GC (Allocation Failure) 2021-01-18T10:26:17.069-0800: 2.299: [ParNew: 314559K->34943K(314560K), 0.0149772 secs] 887116K->682306K(1013632K), 0.0150611 secs] [Times: user=0.10 sys=0.00, real=0.02 secs] 
2021-01-18T10:26:17.085-0800: 2.316: [CMS-concurrent-abortable-preclean: 0.002/0.046 secs] [Times: user=0.14 sys=0.00, real=0.05 secs] 
2021-01-18T10:26:17.085-0800: 2.316: [GC (CMS Final Remark) [YG occupancy: 53258 K (314560 K)]2021-01-18T10:26:17.085-0800: 2.316: [Rescan (parallel) , 0.0003882 secs]2021-01-18T10:26:17.086-0800: 2.317: [weak refs processing, 0.0000122 secs]2021-01-18T10:26:17.086-0800: 2.317: [class unloading, 0.0001716 secs]2021-01-18T10:26:17.086-0800: 2.317: [scrub symbol table, 0.0002618 secs]2021-01-18T10:26:17.086-0800: 2.317: [scrub string table, 0.0001117 secs][1 CMS-remark: 647362K(699072K)] 700621K(1013632K), 0.0010350 secs] [Times: user=0.00 sys=0.00, real=0.00 secs] 
2021-01-18T10:26:17.087-0800: 2.317: [CMS-concurrent-sweep-start]
2021-01-18T10:26:17.088-0800: 2.319: [CMS-concurrent-sweep: 0.002/0.002 secs] [Times: user=0.00 sys=0.00, real=0.00 secs] 
2021-01-18T10:26:17.088-0800: 2.319: [CMS-concurrent-reset-start]
2021-01-18T10:26:17.089-0800: 2.320: [CMS-concurrent-reset: 0.001/0.001 secs] [Times: user=0.01 sys=0.00, real=0.00 secs] 
2021-01-18T10:26:17.119-0800: 2.349: [GC (Allocation Failure) 2021-01-18T10:26:17.119-0800: 2.349: [ParNew: 314559K->34943K(314560K), 0.0151339 secs] 742988K->534477K(1013632K), 0.0153164 secs] [Times: user=0.11 sys=0.00, real=0.02 secs] 
2021-01-18T10:26:17.134-0800: 2.365: [GC (CMS Initial Mark) [1 CMS-initial-mark: 499533K(699072K)] 534765K(1013632K), 0.0003243 secs] [Times: user=0.00 sys=0.01, real=0.00 secs] 
2021-01-18T10:26:17.135-0800: 2.366: [CMS-concurrent-mark-start]
2021-01-18T10:26:17.136-0800: 2.367: [CMS-concurrent-mark: 0.002/0.002 secs] [Times: user=0.00 sys=0.00, real=0.00 secs] 
2021-01-18T10:26:17.136-0800: 2.367: [CMS-concurrent-preclean-start]
2021-01-18T10:26:17.138-0800: 2.369: [CMS-concurrent-preclean: 0.001/0.001 secs] [Times: user=0.01 sys=0.00, real=0.00 secs] 
2021-01-18T10:26:17.138-0800: 2.369: [CMS-concurrent-abortable-preclean-start]
2021-01-18T10:26:17.169-0800: 2.399: [GC (Allocation Failure) 2021-01-18T10:26:17.169-0800: 2.399: [ParNew: 314559K->34942K(314560K), 0.0144420 secs] 814093K->604980K(1013632K), 0.0145258 secs] [Times: user=0.10 sys=0.00, real=0.02 secs] 
2021-01-18T10:26:17.215-0800: 2.446: [GC (Allocation Failure) 2021-01-18T10:26:17.215-0800: 2.446: [ParNew: 314115K->34942K(314560K), 0.0163101 secs] 884152K->684695K(1013632K), 0.0163956 secs] [Times: user=0.11 sys=0.00, real=0.02 secs] 
2021-01-18T10:26:17.234-0800: 2.465: [CMS-concurrent-abortable-preclean: 0.006/0.096 secs] [Times: user=0.27 sys=0.00, real=0.10 secs] 
2021-01-18T10:26:17.234-0800: 2.465: [GC (CMS Final Remark) [YG occupancy: 52431 K (314560 K)]2021-01-18T10:26:17.234-0800: 2.465: [Rescan (parallel) , 0.0003832 secs]2021-01-18T10:26:17.234-0800: 2.465: [weak refs processing, 0.0000126 secs]2021-01-18T10:26:17.234-0800: 2.465: [class unloading, 0.0002136 secs]2021-01-18T10:26:17.235-0800: 2.465: [scrub symbol table, 0.0005346 secs]2021-01-18T10:26:17.235-0800: 2.466: [scrub string table, 0.0001268 secs][1 CMS-remark: 649753K(699072K)] 702184K(1013632K), 0.0013608 secs] [Times: user=0.00 sys=0.00, real=0.00 secs] 
2021-01-18T10:26:17.235-0800: 2.466: [CMS-concurrent-sweep-start]
2021-01-18T10:26:17.237-0800: 2.468: [CMS-concurrent-sweep: 0.002/0.002 secs] [Times: user=0.01 sys=0.00, real=0.00 secs] 
2021-01-18T10:26:17.237-0800: 2.468: [CMS-concurrent-reset-start]
2021-01-18T10:26:17.238-0800: 2.469: [CMS-concurrent-reset: 0.000/0.000 secs] [Times: user=0.00 sys=0.00, real=0.00 secs] 
2021-01-18T10:26:17.268-0800: 2.499: [GC (Allocation Failure) 2021-01-18T10:26:17.268-0800: 2.499: [ParNew: 314558K->34943K(314560K), 0.0153196 secs] 806897K->604512K(1013632K), 0.0154188 secs] [Times: user=0.11 sys=0.00, real=0.02 secs] 
2021-01-18T10:26:17.284-0800: 2.515: [GC (CMS Initial Mark) [1 CMS-initial-mark: 569569K(699072K)] 604801K(1013632K), 0.0003271 secs] [Times: user=0.00 sys=0.00, real=0.00 secs] 
2021-01-18T10:26:17.284-0800: 2.515: [CMS-concurrent-mark-start]
2021-01-18T10:26:17.286-0800: 2.517: [CMS-concurrent-mark: 0.002/0.002 secs] [Times: user=0.00 sys=0.00, real=0.00 secs] 
2021-01-18T10:26:17.286-0800: 2.517: [CMS-concurrent-preclean-start]
2021-01-18T10:26:17.287-0800: 2.518: [CMS-concurrent-preclean: 0.001/0.001 secs] [Times: user=0.00 sys=0.00, real=0.00 secs] 
2021-01-18T10:26:17.287-0800: 2.518: [CMS-concurrent-abortable-preclean-start]
2021-01-18T10:26:17.316-0800: 2.547: [GC (Allocation Failure) 2021-01-18T10:26:17.316-0800: 2.547: [ParNew: 314559K->34943K(314560K), 0.0163170 secs] 884128K->689587K(1013632K), 0.0164097 secs] [Times: user=0.11 sys=0.00, real=0.02 secs] 
2021-01-18T10:26:17.334-0800: 2.565: [CMS-concurrent-abortable-preclean: 0.002/0.047 secs] [Times: user=0.15 sys=0.00, real=0.05 secs] 
2021-01-18T10:26:17.334-0800: 2.565: [GC (CMS Final Remark) [YG occupancy: 52619 K (314560 K)]2021-01-18T10:26:17.334-0800: 2.565: [Rescan (parallel) , 0.0004047 secs]2021-01-18T10:26:17.334-0800: 2.565: [weak refs processing, 0.0000104 secs]2021-01-18T10:26:17.334-0800: 2.565: [class unloading, 0.0001819 secs]2021-01-18T10:26:17.335-0800: 2.565: [scrub symbol table, 0.0002612 secs]2021-01-18T10:26:17.335-0800: 2.566: [scrub string table, 0.0001113 secs][1 CMS-remark: 654644K(699072K)] 707263K(1013632K), 0.0010474 secs] [Times: user=0.00 sys=0.00, real=0.00 secs] 
2021-01-18T10:26:17.335-0800: 2.566: [CMS-concurrent-sweep-start]
2021-01-18T10:26:17.337-0800: 2.568: [CMS-concurrent-sweep: 0.002/0.002 secs] [Times: user=0.00 sys=0.00, real=0.00 secs] 
2021-01-18T10:26:17.337-0800: 2.568: [CMS-concurrent-reset-start]
2021-01-18T10:26:17.338-0800: 2.569: [CMS-concurrent-reset: 0.001/0.001 secs] [Times: user=0.01 sys=0.00, real=0.00 secs] 
2021-01-18T10:26:17.367-0800: 2.598: [GC (Allocation Failure) 2021-01-18T10:26:17.367-0800: 2.598: [ParNew: 314559K->34942K(314560K), 0.0159879 secs] 728429K->525693K(1013632K), 0.0161301 secs] [Times: user=0.11 sys=0.00, real=0.02 secs] 
2021-01-18T10:26:17.384-0800: 2.614: [GC (CMS Initial Mark) [1 CMS-initial-mark: 490751K(699072K)] 531455K(1013632K), 0.0002175 secs] [Times: user=0.00 sys=0.00, real=0.00 secs] 
2021-01-18T10:26:17.384-0800: 2.615: [CMS-concurrent-mark-start]
2021-01-18T10:26:17.386-0800: 2.617: [CMS-concurrent-mark: 0.002/0.002 secs] [Times: user=0.00 sys=0.00, real=0.00 secs] 
2021-01-18T10:26:17.386-0800: 2.617: [CMS-concurrent-preclean-start]
2021-01-18T10:26:17.387-0800: 2.618: [CMS-concurrent-preclean: 0.001/0.001 secs] [Times: user=0.01 sys=0.00, real=0.00 secs] 
2021-01-18T10:26:17.387-0800: 2.618: [CMS-concurrent-abortable-preclean-start]
2021-01-18T10:26:17.418-0800: 2.649: [GC (Allocation Failure) 2021-01-18T10:26:17.418-0800: 2.649: [ParNew: 314558K->34942K(314560K), 0.0169719 secs] 805309K->606212K(1013632K), 0.0170553 secs] [Times: user=0.10 sys=0.00, real=0.02 secs] 
2021-01-18T10:26:17.473-0800: 2.704: [GC (Allocation Failure) 2021-01-18T10:26:17.473-0800: 2.704: [ParNew: 314558K->34943K(314560K), 0.0157499 secs] 885828K->676828K(1013632K), 0.0158266 secs] [Times: user=0.10 sys=0.00, real=0.01 secs] 
2021-01-18T10:26:17.519-0800: 2.750: [GC (Allocation Failure) 2021-01-18T10:26:17.520-0800: 2.750: [ParNew: 314559K->314559K(314560K), 0.0000183 secs]2021-01-18T10:26:17.520-0800: 2.750: [CMS2021-01-18T10:26:17.520-0800: 2.750: [CMS-concurrent-abortable-preclean: 0.007/0.133 secs] [Times: user=0.30 sys=0.00, real=0.14 secs] 
 (concurrent mode failure): 641885K->373018K(699072K), 0.0557081 secs] 956444K->373018K(1013632K), [Metaspace: 2580K->2580K(1056768K)], 0.0559072 secs] [Times: user=0.06 sys=0.00, real=0.06 secs] 
2021-01-18T10:26:17.627-0800: 2.858: [GC (Allocation Failure) 2021-01-18T10:26:17.627-0800: 2.858: [ParNew: 279616K->34943K(314560K), 0.0130370 secs] 652634K->460735K(1013632K), 0.0131489 secs] [Times: user=0.06 sys=0.01, real=0.02 secs] 
2021-01-18T10:26:17.680-0800: 2.911: [GC (Allocation Failure) 2021-01-18T10:26:17.680-0800: 2.911: [ParNew: 314559K->34943K(314560K), 0.0151849 secs] 740351K->540855K(1013632K), 0.0152673 secs] [Times: user=0.10 sys=0.00, real=0.01 secs] 
2021-01-18T10:26:17.696-0800: 2.927: [GC (CMS Initial Mark) [1 CMS-initial-mark: 505911K(699072K)] 541143K(1013632K), 0.0002960 secs] [Times: user=0.00 sys=0.00, real=0.00 secs] 
2021-01-18T10:26:17.696-0800: 2.927: [CMS-concurrent-mark-start]
2021-01-18T10:26:17.698-0800: 2.929: [CMS-concurrent-mark: 0.002/0.002 secs] [Times: user=0.01 sys=0.00, real=0.00 secs] 
2021-01-18T10:26:17.698-0800: 2.929: [CMS-concurrent-preclean-start]
2021-01-18T10:26:17.699-0800: 2.930: [CMS-concurrent-preclean: 0.001/0.001 secs] [Times: user=0.00 sys=0.00, real=0.00 secs] 
2021-01-18T10:26:17.699-0800: 2.930: [CMS-concurrent-abortable-preclean-start]
2021-01-18T10:26:17.727-0800: 2.958: [GC (Allocation Failure) 2021-01-18T10:26:17.727-0800: 2.958: [ParNew: 314559K->34943K(314560K), 0.0140734 secs] 820471K->619032K(1013632K), 0.0141506 secs] [Times: user=0.09 sys=0.00, real=0.02 secs] 
2021-01-18T10:26:17.771-0800: 3.002: [GC (Allocation Failure) 2021-01-18T10:26:17.771-0800: 3.002: [ParNew: 314224K->34942K(314560K), 0.0153886 secs] 898313K->700683K(1013632K), 0.0154634 secs] [Times: user=0.11 sys=0.00, real=0.01 secs] 
2021-01-18T10:26:17.787-0800: 3.018: [CMS-concurrent-abortable-preclean: 0.004/0.088 secs] [Times: user=0.26 sys=0.00, real=0.09 secs] 
2021-01-18T10:26:17.787-0800: 3.018: [GC (CMS Final Remark) [YG occupancy: 35627 K (314560 K)]2021-01-18T10:26:17.787-0800: 3.018: [Rescan (parallel) , 0.0003622 secs]2021-01-18T10:26:17.787-0800: 3.018: [weak refs processing, 0.0000107 secs]2021-01-18T10:26:17.787-0800: 3.018: [class unloading, 0.0001751 secs]2021-01-18T10:26:17.787-0800: 3.018: [scrub symbol table, 0.0002734 secs]2021-01-18T10:26:17.788-0800: 3.019: [scrub string table, 0.0001174 secs][1 CMS-remark: 665741K(699072K)] 701369K(1013632K), 0.0009946 secs] [Times: user=0.00 sys=0.00, real=0.00 secs] 
2021-01-18T10:26:17.788-0800: 3.019: [CMS-concurrent-sweep-start]
2021-01-18T10:26:17.789-0800: 3.020: [CMS-concurrent-sweep: 0.001/0.001 secs] [Times: user=0.00 sys=0.00, real=0.00 secs] 
2021-01-18T10:26:17.789-0800: 3.020: [CMS-concurrent-reset-start]
2021-01-18T10:26:17.790-0800: 3.020: [CMS-concurrent-reset: 0.001/0.001 secs] [Times: user=0.00 sys=0.00, real=0.01 secs] 
2021-01-18T10:26:17.820-0800: 3.051: [GC (Allocation Failure) 2021-01-18T10:26:17.820-0800: 3.051: [ParNew: 314507K->34943K(314560K), 0.0152059 secs] 817208K->614747K(1013632K), 0.0152721 secs] [Times: user=0.11 sys=0.00, real=0.01 secs] 
2021-01-18T10:26:17.836-0800: 3.067: [GC (CMS Initial Mark) [1 CMS-initial-mark: 579804K(699072K)] 615249K(1013632K), 0.0001838 secs] [Times: user=0.00 sys=0.00, real=0.00 secs] 
2021-01-18T10:26:17.836-0800: 3.067: [CMS-concurrent-mark-start]
2021-01-18T10:26:17.838-0800: 3.069: [CMS-concurrent-mark: 0.002/0.002 secs] [Times: user=0.00 sys=0.00, real=0.00 secs] 
2021-01-18T10:26:17.838-0800: 3.069: [CMS-concurrent-preclean-start]
2021-01-18T10:26:17.839-0800: 3.070: [CMS-concurrent-preclean: 0.001/0.001 secs] [Times: user=0.00 sys=0.00, real=0.00 secs] 
2021-01-18T10:26:17.839-0800: 3.070: [CMS-concurrent-abortable-preclean-start]
2021-01-18T10:26:17.867-0800: 3.098: [GC (Allocation Failure) 2021-01-18T10:26:17.867-0800: 3.098: [ParNew: 314559K->34943K(314560K), 0.0154907 secs] 894363K->696173K(1013632K), 0.0155622 secs] [Times: user=0.11 sys=0.00, real=0.02 secs] 
2021-01-18T10:26:17.884-0800: 3.115: [CMS-concurrent-abortable-preclean: 0.002/0.045 secs] [Times: user=0.14 sys=0.00, real=0.05 secs] 
2021-01-18T10:26:17.884-0800: 3.115: [GC (CMS Final Remark) [YG occupancy: 47069 K (314560 K)]2021-01-18T10:26:17.884-0800: 3.115: [Rescan (parallel) , 0.0004037 secs]2021-01-18T10:26:17.885-0800: 3.116: [weak refs processing, 0.0000306 secs]2021-01-18T10:26:17.885-0800: 3.116: [class unloading, 0.0001827 secs]2021-01-18T10:26:17.885-0800: 3.116: [scrub symbol table, 0.0002784 secs]2021-01-18T10:26:17.885-0800: 3.116: [scrub string table, 0.0001171 secs][1 CMS-remark: 661229K(699072K)] 708299K(1013632K), 0.0010701 secs] [Times: user=0.00 sys=0.00, real=0.00 secs] 
2021-01-18T10:26:17.886-0800: 3.116: [CMS-concurrent-sweep-start]
2021-01-18T10:26:17.887-0800: 3.118: [CMS-concurrent-sweep: 0.001/0.001 secs] [Times: user=0.01 sys=0.00, real=0.00 secs] 
2021-01-18T10:26:17.887-0800: 3.118: [CMS-concurrent-reset-start]
2021-01-18T10:26:17.888-0800: 3.118: [CMS-concurrent-reset: 0.001/0.001 secs] [Times: user=0.00 sys=0.00, real=0.00 secs] 
2021-01-18T10:26:17.915-0800: 3.146: [GC (Allocation Failure) 2021-01-18T10:26:17.915-0800: 3.146: [ParNew: 314559K->34942K(314560K), 0.0158192 secs] 733017K->537377K(1013632K), 0.0158919 secs] [Times: user=0.10 sys=0.01, real=0.02 secs] 
2021-01-18T10:26:17.931-0800: 3.162: [GC (CMS Initial Mark) [1 CMS-initial-mark: 502434K(699072K)] 537665K(1013632K), 0.0001610 secs] [Times: user=0.00 sys=0.00, real=0.00 secs] 
2021-01-18T10:26:17.931-0800: 3.162: [CMS-concurrent-mark-start]
2021-01-18T10:26:17.933-0800: 3.164: [CMS-concurrent-mark: 0.002/0.002 secs] [Times: user=0.00 sys=0.00, real=0.00 secs] 
2021-01-18T10:26:17.933-0800: 3.164: [CMS-concurrent-preclean-start]
2021-01-18T10:26:17.934-0800: 3.165: [CMS-concurrent-preclean: 0.001/0.001 secs] [Times: user=0.01 sys=0.00, real=0.00 secs] 
2021-01-18T10:26:17.934-0800: 3.165: [CMS-concurrent-abortable-preclean-start]
2021-01-18T10:26:17.962-0800: 3.193: [GC (Allocation Failure) 2021-01-18T10:26:17.962-0800: 3.193: [ParNew: 314558K->34943K(314560K), 0.0151547 secs] 816993K->614035K(1013632K), 0.0152425 secs] [Times: user=0.10 sys=0.00, real=0.01 secs] 
2021-01-18T10:26:18.009-0800: 3.240: [GC (Allocation Failure) 2021-01-18T10:26:18.009-0800: 3.240: [ParNew: 314559K->34942K(314560K), 0.0150981 secs] 893651K->691811K(1013632K), 0.0151842 secs] [Times: user=0.10 sys=0.00, real=0.02 secs] 
2021-01-18T10:26:18.025-0800: 3.256: [CMS-concurrent-abortable-preclean: 0.005/0.091 secs] [Times: user=0.26 sys=0.00, real=0.09 secs] 
2021-01-18T10:26:18.026-0800: 3.256: [GC (CMS Final Remark) [YG occupancy: 47098 K (314560 K)]2021-01-18T10:26:18.026-0800: 3.256: [Rescan (parallel) , 0.0009795 secs]2021-01-18T10:26:18.027-0800: 3.257: [weak refs processing, 0.0000156 secs]2021-01-18T10:26:18.027-0800: 3.257: [class unloading, 0.0001940 secs]2021-01-18T10:26:18.027-0800: 3.258: [scrub symbol table, 0.0002782 secs]2021-01-18T10:26:18.027-0800: 3.258: [scrub string table, 0.0001181 secs][1 CMS-remark: 656869K(699072K)] 703967K(1013632K), 0.0016603 secs] [Times: user=0.01 sys=0.00, real=0.00 secs] 
2021-01-18T10:26:18.027-0800: 3.258: [CMS-concurrent-sweep-start]
2021-01-18T10:26:18.029-0800: 3.260: [CMS-concurrent-sweep: 0.002/0.002 secs] [Times: user=0.00 sys=0.00, real=0.00 secs] 
2021-01-18T10:26:18.029-0800: 3.260: [CMS-concurrent-reset-start]
2021-01-18T10:26:18.030-0800: 3.261: [CMS-concurrent-reset: 0.001/0.001 secs] [Times: user=0.00 sys=0.00, real=0.01 secs] 
2021-01-18T10:26:18.059-0800: 3.290: [GC (Allocation Failure) 2021-01-18T10:26:18.059-0800: 3.290: [ParNew: 314558K->34942K(314560K), 0.0143163 secs] 819225K->610348K(1013632K), 0.0143976 secs] [Times: user=0.10 sys=0.00, real=0.02 secs] 
2021-01-18T10:26:18.073-0800: 3.304: [GC (CMS Initial Mark) [1 CMS-initial-mark: 575406K(699072K)] 615931K(1013632K), 0.0001583 secs] [Times: user=0.00 sys=0.00, real=0.00 secs] 
2021-01-18T10:26:18.074-0800: 3.304: [CMS-concurrent-mark-start]
2021-01-18T10:26:18.075-0800: 3.306: [CMS-concurrent-mark: 0.002/0.002 secs] [Times: user=0.00 sys=0.00, real=0.00 secs] 
2021-01-18T10:26:18.075-0800: 3.306: [CMS-concurrent-preclean-start]
2021-01-18T10:26:18.076-0800: 3.307: [CMS-concurrent-preclean: 0.001/0.001 secs] [Times: user=0.01 sys=0.00, real=0.00 secs] 
2021-01-18T10:26:18.076-0800: 3.307: [CMS-concurrent-abortable-preclean-start]
2021-01-18T10:26:18.104-0800: 3.335: [GC (Allocation Failure) 2021-01-18T10:26:18.104-0800: 3.335: [ParNew: 314558K->34942K(314560K), 0.0162614 secs] 889964K->691094K(1013632K), 0.0163752 secs] [Times: user=0.10 sys=0.00, real=0.02 secs] 
2021-01-18T10:26:18.123-0800: 3.354: [CMS-concurrent-abortable-preclean: 0.003/0.046 secs] [Times: user=0.13 sys=0.00, real=0.05 secs] 
2021-01-18T10:26:18.123-0800: 3.354: [GC (CMS Final Remark) [YG occupancy: 53479 K (314560 K)]2021-01-18T10:26:18.123-0800: 3.354: [Rescan (parallel) , 0.0003961 secs]2021-01-18T10:26:18.123-0800: 3.354: [weak refs processing, 0.0000155 secs]2021-01-18T10:26:18.123-0800: 3.354: [class unloading, 0.0001815 secs]2021-01-18T10:26:18.124-0800: 3.354: [scrub symbol table, 0.0002760 secs]2021-01-18T10:26:18.124-0800: 3.355: [scrub string table, 0.0001201 secs][1 CMS-remark: 656151K(699072K)] 709630K(1013632K), 0.0010553 secs] [Times: user=0.00 sys=0.00, real=0.00 secs] 
2021-01-18T10:26:18.124-0800: 3.355: [CMS-concurrent-sweep-start]
2021-01-18T10:26:18.126-0800: 3.356: [CMS-concurrent-sweep: 0.002/0.002 secs] [Times: user=0.00 sys=0.00, real=0.00 secs] 
2021-01-18T10:26:18.126-0800: 3.357: [CMS-concurrent-reset-start]
2021-01-18T10:26:18.126-0800: 3.357: [CMS-concurrent-reset: 0.001/0.001 secs] [Times: user=0.00 sys=0.00, real=0.00 secs] 
2021-01-18T10:26:18.156-0800: 3.387: [GC (Allocation Failure) 2021-01-18T10:26:18.156-0800: 3.387: [ParNew: 314558K->34943K(314560K), 0.0173938 secs] 729261K->530179K(1013632K), 0.0174821 secs] [Times: user=0.10 sys=0.01, real=0.02 secs] 
2021-01-18T10:26:18.174-0800: 3.405: [GC (CMS Initial Mark) [1 CMS-initial-mark: 495236K(699072K)] 530250K(1013632K), 0.0001551 secs] [Times: user=0.00 sys=0.00, real=0.00 secs] 
2021-01-18T10:26:18.174-0800: 3.405: [CMS-concurrent-mark-start]
2021-01-18T10:26:18.176-0800: 3.407: [CMS-concurrent-mark: 0.002/0.002 secs] [Times: user=0.00 sys=0.00, real=0.00 secs] 
2021-01-18T10:26:18.176-0800: 3.407: [CMS-concurrent-preclean-start]
2021-01-18T10:26:18.177-0800: 3.408: [CMS-concurrent-preclean: 0.001/0.001 secs] [Times: user=0.01 sys=0.00, real=0.00 secs] 
2021-01-18T10:26:18.178-0800: 3.408: [CMS-concurrent-abortable-preclean-start]
2021-01-18T10:26:18.209-0800: 3.440: [GC (Allocation Failure) 2021-01-18T10:26:18.209-0800: 3.440: [ParNew: 314509K->34943K(314560K), 0.0170019 secs] 809746K->611869K(1013632K), 0.0171126 secs] [Times: user=0.10 sys=0.00, real=0.02 secs] 
2021-01-18T10:26:18.261-0800: 3.492: [GC (Allocation Failure) 2021-01-18T10:26:18.261-0800: 3.492: [ParNew: 314559K->34943K(314560K), 0.0165407 secs] 891485K->701811K(1013632K), 0.0166305 secs] [Times: user=0.12 sys=0.00, real=0.01 secs] 
2021-01-18T10:26:18.277-0800: 3.508: [CMS-concurrent-abortable-preclean: 0.005/0.100 secs] [Times: user=0.29 sys=0.00, real=0.10 secs] 
2021-01-18T10:26:18.278-0800: 3.508: [GC (CMS Final Remark) [YG occupancy: 35231 K (314560 K)]2021-01-18T10:26:18.278-0800: 3.508: [Rescan (parallel) , 0.0004271 secs]2021-01-18T10:26:18.278-0800: 3.509: [weak refs processing, 0.0000115 secs]2021-01-18T10:26:18.278-0800: 3.509: [class unloading, 0.0002043 secs]2021-01-18T10:26:18.278-0800: 3.509: [scrub symbol table, 0.0002759 secs]2021-01-18T10:26:18.279-0800: 3.509: [scrub string table, 0.0001228 secs][1 CMS-remark: 666868K(699072K)] 702099K(1013632K), 0.0011009 secs] [Times: user=0.01 sys=0.00, real=0.00 secs] 
2021-01-18T10:26:18.279-0800: 3.510: [CMS-concurrent-sweep-start]
2021-01-18T10:26:18.280-0800: 3.511: [CMS-concurrent-sweep: 0.001/0.001 secs] [Times: user=0.00 sys=0.00, real=0.01 secs] 
2021-01-18T10:26:18.280-0800: 3.511: [CMS-concurrent-reset-start]
2021-01-18T10:26:18.281-0800: 3.512: [CMS-concurrent-reset: 0.001/0.001 secs] [Times: user=0.00 sys=0.00, real=0.00 secs] 
2021-01-18T10:26:18.310-0800: 3.540: [GC (Allocation Failure) 2021-01-18T10:26:18.310-0800: 3.540: [ParNew: 314559K->34943K(314560K), 0.0148621 secs] 816314K->614417K(1013632K), 0.0149490 secs] [Times: user=0.11 sys=0.00, real=0.01 secs] 
2021-01-18T10:26:18.325-0800: 3.555: [GC (CMS Initial Mark) [1 CMS-initial-mark: 579473K(699072K)] 620044K(1013632K), 0.0001445 secs] [Times: user=0.00 sys=0.00, real=0.00 secs] 
2021-01-18T10:26:18.325-0800: 3.556: [CMS-concurrent-mark-start]
2021-01-18T10:26:18.327-0800: 3.557: [CMS-concurrent-mark: 0.002/0.002 secs] [Times: user=0.01 sys=0.00, real=0.00 secs] 
2021-01-18T10:26:18.327-0800: 3.557: [CMS-concurrent-preclean-start]
2021-01-18T10:26:18.328-0800: 3.558: [CMS-concurrent-preclean: 0.001/0.001 secs] [Times: user=0.00 sys=0.00, real=0.00 secs] 
2021-01-18T10:26:18.328-0800: 3.558: [CMS-concurrent-abortable-preclean-start]
2021-01-18T10:26:18.356-0800: 3.586: [GC (Allocation Failure) 2021-01-18T10:26:18.356-0800: 3.587: [ParNew: 314559K->34943K(314560K), 0.0144322 secs] 894033K->692654K(1013632K), 0.0145186 secs] [Times: user=0.11 sys=0.00, real=0.02 secs] 
2021-01-18T10:26:18.372-0800: 3.603: [CMS-concurrent-abortable-preclean: 0.002/0.044 secs] [Times: user=0.14 sys=0.00, real=0.05 secs] 
2021-01-18T10:26:18.372-0800: 3.603: [GC (CMS Final Remark) [YG occupancy: 54175 K (314560 K)]2021-01-18T10:26:18.372-0800: 3.603: [Rescan (parallel) , 0.0003641 secs]2021-01-18T10:26:18.372-0800: 3.603: [weak refs processing, 0.0000129 secs]2021-01-18T10:26:18.372-0800: 3.603: [class unloading, 0.0001816 secs]2021-01-18T10:26:18.373-0800: 3.603: [scrub symbol table, 0.0002734 secs]2021-01-18T10:26:18.373-0800: 3.604: [scrub string table, 0.0001168 secs][1 CMS-remark: 657710K(699072K)] 711885K(1013632K), 0.0010061 secs] [Times: user=0.00 sys=0.00, real=0.00 secs] 
2021-01-18T10:26:18.373-0800: 3.604: [CMS-concurrent-sweep-start]
2021-01-18T10:26:18.375-0800: 3.606: [CMS-concurrent-sweep: 0.002/0.002 secs] [Times: user=0.01 sys=0.00, real=0.00 secs] 
2021-01-18T10:26:18.375-0800: 3.606: [CMS-concurrent-reset-start]
2021-01-18T10:26:18.375-0800: 3.606: [CMS-concurrent-reset: 0.000/0.000 secs] [Times: user=0.00 sys=0.00, real=0.00 secs] 
2021-01-18T10:26:18.401-0800: 3.632: [GC (Allocation Failure) 2021-01-18T10:26:18.401-0800: 3.632: [ParNew: 314559K->34942K(314560K), 0.0146760 secs] 727244K->525290K(1013632K), 0.0147664 secs] [Times: user=0.12 sys=0.00, real=0.01 secs] 
2021-01-18T10:26:18.416-0800: 3.647: [GC (CMS Initial Mark) [1 CMS-initial-mark: 490348K(699072K)] 525434K(1013632K), 0.0001678 secs] [Times: user=0.00 sys=0.00, real=0.00 secs] 
2021-01-18T10:26:18.416-0800: 3.647: [CMS-concurrent-mark-start]
2021-01-18T10:26:18.418-0800: 3.649: [CMS-concurrent-mark: 0.002/0.002 secs] [Times: user=0.00 sys=0.01, real=0.00 secs] 
2021-01-18T10:26:18.418-0800: 3.649: [CMS-concurrent-preclean-start]
2021-01-18T10:26:18.419-0800: 3.650: [CMS-concurrent-preclean: 0.001/0.001 secs] [Times: user=0.00 sys=0.00, real=0.00 secs] 
2021-01-18T10:26:18.419-0800: 3.650: [CMS-concurrent-abortable-preclean-start]
2021-01-18T10:26:18.446-0800: 3.677: [GC (Allocation Failure) 2021-01-18T10:26:18.446-0800: 3.677: [ParNew: 314558K->34943K(314560K), 0.0147465 secs] 804906K->604487K(1013632K), 0.0148331 secs] [Times: user=0.11 sys=0.00, real=0.02 secs] 
2021-01-18T10:26:18.491-0800: 3.722: [GC (Allocation Failure) 2021-01-18T10:26:18.491-0800: 3.722: [ParNew: 314559K->34943K(314560K), 0.0145040 secs] 884103K->685946K(1013632K), 0.0145879 secs] [Times: user=0.11 sys=0.00, real=0.01 secs] 
2021-01-18T10:26:18.507-0800: 3.738: [CMS-concurrent-abortable-preclean: 0.005/0.088 secs] [Times: user=0.29 sys=0.00, real=0.09 secs] 
2021-01-18T10:26:18.507-0800: 3.738: [GC (CMS Final Remark) [YG occupancy: 52553 K (314560 K)]2021-01-18T10:26:18.507-0800: 3.738: [Rescan (parallel) , 0.0003818 secs]2021-01-18T10:26:18.508-0800: 3.738: [weak refs processing, 0.0000158 secs]2021-01-18T10:26:18.508-0800: 3.738: [class unloading, 0.0001938 secs]2021-01-18T10:26:18.508-0800: 3.739: [scrub symbol table, 0.0002719 secs]2021-01-18T10:26:18.508-0800: 3.739: [scrub string table, 0.0001253 secs][1 CMS-remark: 651002K(699072K)] 703556K(1013632K), 0.0010537 secs] [Times: user=0.00 sys=0.00, real=0.00 secs] 
2021-01-18T10:26:18.508-0800: 3.739: [CMS-concurrent-sweep-start]
2021-01-18T10:26:18.510-0800: 3.741: [CMS-concurrent-sweep: 0.002/0.002 secs] [Times: user=0.00 sys=0.00, real=0.01 secs] 
2021-01-18T10:26:18.510-0800: 3.741: [CMS-concurrent-reset-start]
2021-01-18T10:26:18.510-0800: 3.741: [CMS-concurrent-reset: 0.001/0.001 secs] [Times: user=0.00 sys=0.00, real=0.00 secs] 
2021-01-18T10:26:18.538-0800: 3.769: [GC (Allocation Failure) 2021-01-18T10:26:18.538-0800: 3.769: [ParNew: 314559K->34943K(314560K), 0.0143930 secs] 809985K->605917K(1013632K), 0.0144809 secs] [Times: user=0.11 sys=0.00, real=0.02 secs] 
2021-01-18T10:26:18.552-0800: 3.783: [GC (CMS Initial Mark) [1 CMS-initial-mark: 570973K(699072K)] 611962K(1013632K), 0.0001542 secs] [Times: user=0.00 sys=0.00, real=0.00 secs] 
2021-01-18T10:26:18.553-0800: 3.783: [CMS-concurrent-mark-start]
2021-01-18T10:26:18.554-0800: 3.785: [CMS-concurrent-mark: 0.002/0.002 secs] [Times: user=0.00 sys=0.00, real=0.00 secs] 
2021-01-18T10:26:18.554-0800: 3.785: [CMS-concurrent-preclean-start]
2021-01-18T10:26:18.555-0800: 3.786: [CMS-concurrent-preclean: 0.001/0.001 secs] [Times: user=0.01 sys=0.00, real=0.00 secs] 
2021-01-18T10:26:18.555-0800: 3.786: [CMS-concurrent-abortable-preclean-start]
2021-01-18T10:26:18.586-0800: 3.816: [GC (Allocation Failure) 2021-01-18T10:26:18.586-0800: 3.816: [ParNew: 314559K->34943K(314560K), 0.0167709 secs] 885533K->688472K(1013632K), 0.0168571 secs] [Times: user=0.11 sys=0.00, real=0.02 secs] 
2021-01-18T10:26:18.604-0800: 3.835: [CMS-concurrent-abortable-preclean: 0.002/0.049 secs] [Times: user=0.14 sys=0.00, real=0.05 secs] 
2021-01-18T10:26:18.604-0800: 3.835: [GC (CMS Final Remark) [YG occupancy: 53413 K (314560 K)]2021-01-18T10:26:18.604-0800: 3.835: [Rescan (parallel) , 0.0003995 secs]2021-01-18T10:26:18.605-0800: 3.835: [weak refs processing, 0.0000319 secs]2021-01-18T10:26:18.605-0800: 3.835: [class unloading, 0.0002066 secs]2021-01-18T10:26:18.605-0800: 3.836: [scrub symbol table, 0.0003044 secs]2021-01-18T10:26:18.605-0800: 3.836: [scrub string table, 0.0001216 secs][1 CMS-remark: 653528K(699072K)] 706941K(1013632K), 0.0011806 secs] [Times: user=0.01 sys=0.00, real=0.00 secs] 
2021-01-18T10:26:18.605-0800: 3.836: [CMS-concurrent-sweep-start]
2021-01-18T10:26:18.608-0800: 3.838: [CMS-concurrent-sweep: 0.002/0.002 secs] [Times: user=0.00 sys=0.00, real=0.00 secs] 
2021-01-18T10:26:18.608-0800: 3.839: [CMS-concurrent-reset-start]
2021-01-18T10:26:18.608-0800: 3.839: [CMS-concurrent-reset: 0.001/0.001 secs] [Times: user=0.00 sys=0.00, real=0.00 secs] 
2021-01-18T10:26:18.635-0800: 3.866: [GC (Allocation Failure) 2021-01-18T10:26:18.636-0800: 3.866: [ParNew: 314559K->34943K(314560K), 0.0173842 secs] 743712K->552055K(1013632K), 0.0175004 secs] [Times: user=0.12 sys=0.00, real=0.02 secs] 
2021-01-18T10:26:18.653-0800: 3.884: [GC (CMS Initial Mark) [1 CMS-initial-mark: 517111K(699072K)] 552622K(1013632K), 0.0001814 secs] [Times: user=0.00 sys=0.00, real=0.00 secs] 
2021-01-18T10:26:18.653-0800: 3.884: [CMS-concurrent-mark-start]
2021-01-18T10:26:18.656-0800: 3.886: [CMS-concurrent-mark: 0.002/0.002 secs] [Times: user=0.00 sys=0.00, real=0.00 secs] 
2021-01-18T10:26:18.656-0800: 3.886: [CMS-concurrent-preclean-start]
2021-01-18T10:26:18.657-0800: 3.887: [CMS-concurrent-preclean: 0.001/0.001 secs] [Times: user=0.00 sys=0.00, real=0.00 secs] 
2021-01-18T10:26:18.657-0800: 3.887: [CMS-concurrent-abortable-preclean-start]
2021-01-18T10:26:18.688-0800: 3.919: [GC (Allocation Failure) 2021-01-18T10:26:18.688-0800: 3.919: [ParNew: 314559K->34943K(314560K), 0.0161960 secs] 831671K->629305K(1013632K), 0.0162835 secs] [Times: user=0.10 sys=0.01, real=0.02 secs] 
2021-01-18T10:26:18.736-0800: 3.967: [GC (Allocation Failure) 2021-01-18T10:26:18.736-0800: 3.967: [ParNew: 314559K->34942K(314560K), 0.0227570 secs] 908921K->717187K(1013632K), 0.0228437 secs] [Times: user=0.14 sys=0.00, real=0.02 secs] 
2021-01-18T10:26:18.759-0800: 3.990: [CMS-concurrent-abortable-preclean: 0.004/0.103 secs] [Times: user=0.31 sys=0.01, real=0.10 secs] 
2021-01-18T10:26:18.759-0800: 3.990: [GC (CMS Final Remark) [YG occupancy: 35521 K (314560 K)]2021-01-18T10:26:18.759-0800: 3.990: [Rescan (parallel) , 0.0011063 secs]2021-01-18T10:26:18.760-0800: 3.991: [weak refs processing, 0.0000293 secs]2021-01-18T10:26:18.761-0800: 3.991: [class unloading, 0.0001848 secs]2021-01-18T10:26:18.761-0800: 3.991: [scrub symbol table, 0.0002868 secs]2021-01-18T10:26:18.761-0800: 3.992: [scrub string table, 0.0001233 secs][1 CMS-remark: 682245K(699072K)] 717766K(1013632K), 0.0017938 secs] [Times: user=0.01 sys=0.00, real=0.01 secs] 
2021-01-18T10:26:18.761-0800: 3.992: [CMS-concurrent-sweep-start]
2021-01-18T10:26:18.763-0800: 3.994: [CMS-concurrent-sweep: 0.002/0.002 secs] [Times: user=0.00 sys=0.00, real=0.00 secs] 
2021-01-18T10:26:18.763-0800: 3.994: [CMS-concurrent-reset-start]
2021-01-18T10:26:18.764-0800: 3.995: [CMS-concurrent-reset: 0.001/0.001 secs] [Times: user=0.00 sys=0.00, real=0.00 secs] 
2021-01-18T10:26:18.794-0800: 4.025: [GC (Allocation Failure) 2021-01-18T10:26:18.794-0800: 4.025: [ParNew: 314558K->34943K(314560K), 0.0189343 secs] 824245K->631513K(1013632K), 0.0190292 secs] [Times: user=0.13 sys=0.00, real=0.02 secs] 
2021-01-18T10:26:18.813-0800: 4.044: [GC (CMS Initial Mark) [1 CMS-initial-mark: 596570K(699072K)] 637809K(1013632K), 0.0001891 secs] [Times: user=0.00 sys=0.00, real=0.00 secs] 
2021-01-18T10:26:18.814-0800: 4.044: [CMS-concurrent-mark-start]
2021-01-18T10:26:18.816-0800: 4.046: [CMS-concurrent-mark: 0.002/0.002 secs] [Times: user=0.01 sys=0.00, real=0.00 secs] 
2021-01-18T10:26:18.816-0800: 4.047: [CMS-concurrent-preclean-start]
2021-01-18T10:26:18.817-0800: 4.048: [CMS-concurrent-preclean: 0.001/0.001 secs] [Times: user=0.00 sys=0.00, real=0.00 secs] 
2021-01-18T10:26:18.817-0800: 4.048: [CMS-concurrent-abortable-preclean-start]
2021-01-18T10:26:18.848-0800: 4.078: [GC (Allocation Failure) 2021-01-18T10:26:18.848-0800: 4.078: [ParNew: 314559K->34942K(314560K), 0.0176052 secs] 911129K->717547K(1013632K), 0.0176956 secs] [Times: user=0.11 sys=0.00, real=0.02 secs] 
2021-01-18T10:26:18.865-0800: 4.096: [CMS-concurrent-abortable-preclean: 0.001/0.048 secs] [Times: user=0.14 sys=0.00, real=0.05 secs] 
2021-01-18T10:26:18.865-0800: 4.096: [GC (CMS Final Remark) [YG occupancy: 35083 K (314560 K)]2021-01-18T10:26:18.865-0800: 4.096: [Rescan (parallel) , 0.0004884 secs]2021-01-18T10:26:18.866-0800: 4.097: [weak refs processing, 0.0000157 secs]2021-01-18T10:26:18.866-0800: 4.097: [class unloading, 0.0001739 secs]2021-01-18T10:26:18.866-0800: 4.097: [scrub symbol table, 0.0002803 secs]2021-01-18T10:26:18.866-0800: 4.097: [scrub string table, 0.0001256 secs][1 CMS-remark: 682604K(699072K)] 717687K(1013632K), 0.0011438 secs] [Times: user=0.01 sys=0.00, real=0.00 secs] 
2021-01-18T10:26:18.867-0800: 4.097: [CMS-concurrent-sweep-start]
2021-01-18T10:26:18.869-0800: 4.099: [CMS-concurrent-sweep: 0.002/0.002 secs] [Times: user=0.00 sys=0.00, real=0.00 secs] 
2021-01-18T10:26:18.869-0800: 4.099: [CMS-concurrent-reset-start]
2021-01-18T10:26:18.869-0800: 4.100: [CMS-concurrent-reset: 0.001/0.001 secs] [Times: user=0.00 sys=0.00, real=0.00 secs] 
2021-01-18T10:26:18.901-0800: 4.132: [GC (Allocation Failure) 2021-01-18T10:26:18.901-0800: 4.132: [ParNew: 314558K->34943K(314560K), 0.0159920 secs] 742032K->536556K(1013632K), 0.0160907 secs] [Times: user=0.11 sys=0.00, real=0.01 secs] 
2021-01-18T10:26:18.917-0800: 4.148: [GC (CMS Initial Mark) [1 CMS-initial-mark: 501612K(699072K)] 536844K(1013632K), 0.0001969 secs] [Times: user=0.00 sys=0.00, real=0.00 secs] 
2021-01-18T10:26:18.917-0800: 4.148: [CMS-concurrent-mark-start]
2021-01-18T10:26:18.920-0800: 4.150: [CMS-concurrent-mark: 0.002/0.002 secs] [Times: user=0.01 sys=0.00, real=0.01 secs] 
2021-01-18T10:26:18.920-0800: 4.150: [CMS-concurrent-preclean-start]
2021-01-18T10:26:18.921-0800: 4.152: [CMS-concurrent-preclean: 0.001/0.001 secs] [Times: user=0.00 sys=0.00, real=0.00 secs] 
2021-01-18T10:26:18.921-0800: 4.152: [CMS-concurrent-abortable-preclean-start]
2021-01-18T10:26:18.951-0800: 4.182: [GC (Allocation Failure) 2021-01-18T10:26:18.951-0800: 4.182: [ParNew: 314559K->34941K(314560K), 0.0171981 secs] 816172K->618019K(1013632K), 0.0172809 secs] [Times: user=0.11 sys=0.00, real=0.01 secs] 
2021-01-18T10:26:19.001-0800: 4.232: [GC (Allocation Failure) 2021-01-18T10:26:19.001-0800: 4.232: [ParNew: 314557K->34942K(314560K), 0.0163160 secs] 897635K->696469K(1013632K), 0.0164196 secs] [Times: user=0.11 sys=0.01, real=0.01 secs] 
2021-01-18T10:26:19.019-0800: 4.250: [CMS-concurrent-abortable-preclean: 0.005/0.098 secs] [Times: user=0.29 sys=0.01, real=0.09 secs] 
2021-01-18T10:26:19.019-0800: 4.250: [GC (CMS Final Remark) [YG occupancy: 55992 K (314560 K)]2021-01-18T10:26:19.019-0800: 4.250: [Rescan (parallel) , 0.0003661 secs]2021-01-18T10:26:19.019-0800: 4.250: [weak refs processing, 0.0000143 secs]2021-01-18T10:26:19.019-0800: 4.250: [class unloading, 0.0001958 secs]2021-01-18T10:26:19.020-0800: 4.250: [scrub symbol table, 0.0003465 secs]2021-01-18T10:26:19.020-0800: 4.251: [scrub string table, 0.0001270 secs][1 CMS-remark: 661527K(699072K)] 717520K(1013632K), 0.0011263 secs] [Times: user=0.00 sys=0.00, real=0.01 secs] 
2021-01-18T10:26:19.020-0800: 4.251: [CMS-concurrent-sweep-start]
2021-01-18T10:26:19.022-0800: 4.253: [CMS-concurrent-sweep: 0.002/0.002 secs] [Times: user=0.00 sys=0.00, real=0.00 secs] 
2021-01-18T10:26:19.022-0800: 4.253: [CMS-concurrent-reset-start]
2021-01-18T10:26:19.023-0800: 4.253: [CMS-concurrent-reset: 0.001/0.001 secs] [Times: user=0.00 sys=0.00, real=0.00 secs] 
2021-01-18T10:26:19.049-0800: 4.280: [GC (Allocation Failure) 2021-01-18T10:26:19.049-0800: 4.280: [ParNew: 314558K->34943K(314560K), 0.0169376 secs] 815255K->619948K(1013632K), 0.0170221 secs] [Times: user=0.12 sys=0.00, real=0.02 secs] 
2021-01-18T10:26:19.066-0800: 4.297: [GC (CMS Initial Mark) [1 CMS-initial-mark: 585005K(699072K)] 625614K(1013632K), 0.0002014 secs] [Times: user=0.00 sys=0.00, real=0.00 secs] 
2021-01-18T10:26:19.067-0800: 4.298: [CMS-concurrent-mark-start]
2021-01-18T10:26:19.068-0800: 4.299: [CMS-concurrent-mark: 0.002/0.002 secs] [Times: user=0.00 sys=0.00, real=0.00 secs] 
2021-01-18T10:26:19.069-0800: 4.299: [CMS-concurrent-preclean-start]
2021-01-18T10:26:19.070-0800: 4.300: [CMS-concurrent-preclean: 0.001/0.001 secs] [Times: user=0.00 sys=0.00, real=0.01 secs] 
2021-01-18T10:26:19.070-0800: 4.300: [CMS-concurrent-abortable-preclean-start]
2021-01-18T10:26:19.098-0800: 4.329: [GC (Allocation Failure) 2021-01-18T10:26:19.098-0800: 4.329: [ParNew: 313947K->34943K(314560K), 0.0162559 secs] 898952K->698234K(1013632K), 0.0163429 secs] [Times: user=0.12 sys=0.00, real=0.02 secs] 
2021-01-18T10:26:19.116-0800: 4.347: [CMS-concurrent-abortable-preclean: 0.002/0.046 secs] [Times: user=0.15 sys=0.00, real=0.04 secs] 
2021-01-18T10:26:19.116-0800: 4.347: [GC (CMS Final Remark) [YG occupancy: 53157 K (314560 K)]2021-01-18T10:26:19.116-0800: 4.347: [Rescan (parallel) , 0.0003645 secs]2021-01-18T10:26:19.117-0800: 4.347: [weak refs processing, 0.0000168 secs]2021-01-18T10:26:19.117-0800: 4.347: [class unloading, 0.0001991 secs]2021-01-18T10:26:19.117-0800: 4.348: [scrub symbol table, 0.0002757 secs]2021-01-18T10:26:19.117-0800: 4.348: [scrub string table, 0.0001213 secs][1 CMS-remark: 663290K(699072K)] 716448K(1013632K), 0.0010432 secs] [Times: user=0.00 sys=0.00, real=0.00 secs] 
2021-01-18T10:26:19.117-0800: 4.348: [CMS-concurrent-sweep-start]
2021-01-18T10:26:19.119-0800: 4.350: [CMS-concurrent-sweep: 0.002/0.002 secs] [Times: user=0.01 sys=0.00, real=0.00 secs] 
2021-01-18T10:26:19.119-0800: 4.350: [CMS-concurrent-reset-start]
2021-01-18T10:26:19.120-0800: 4.351: [CMS-concurrent-reset: 0.001/0.001 secs] [Times: user=0.00 sys=0.00, real=0.01 secs] 
2021-01-18T10:26:19.147-0800: 4.378: [GC (Allocation Failure) 2021-01-18T10:26:19.147-0800: 4.378: [ParNew: 314559K->34943K(314560K), 0.0160342 secs] 741259K->540712K(1013632K), 0.0161132 secs] [Times: user=0.11 sys=0.00, real=0.02 secs] 
2021-01-18T10:26:19.163-0800: 4.394: [GC (CMS Initial Mark) [1 CMS-initial-mark: 505768K(699072K)] 541000K(1013632K), 0.0001692 secs] [Times: user=0.00 sys=0.00, real=0.00 secs] 
2021-01-18T10:26:19.164-0800: 4.394: [CMS-concurrent-mark-start]
2021-01-18T10:26:19.165-0800: 4.396: [CMS-concurrent-mark: 0.002/0.002 secs] [Times: user=0.01 sys=0.00, real=0.00 secs] 
2021-01-18T10:26:19.165-0800: 4.396: [CMS-concurrent-preclean-start]
2021-01-18T10:26:19.166-0800: 4.397: [CMS-concurrent-preclean: 0.001/0.001 secs] [Times: user=0.00 sys=0.00, real=0.00 secs] 
2021-01-18T10:26:19.166-0800: 4.397: [CMS-concurrent-abortable-preclean-start]
2021-01-18T10:26:19.197-0800: 4.427: [GC (Allocation Failure) 2021-01-18T10:26:19.197-0800: 4.427: [ParNew: 314559K->34943K(314560K), 0.0163763 secs] 820328K->621233K(1013632K), 0.0164644 secs] [Times: user=0.11 sys=0.00, real=0.02 secs] 
2021-01-18T10:26:19.246-0800: 4.477: [GC (Allocation Failure) 2021-01-18T10:26:19.246-0800: 4.477: [ParNew: 314559K->34942K(314560K), 0.0167284 secs] 900849K->700534K(1013632K), 0.0168685 secs] [Times: user=0.11 sys=0.00, real=0.02 secs] 
2021-01-18T10:26:19.263-0800: 4.494: [CMS-concurrent-abortable-preclean: 0.004/0.097 secs] [Times: user=0.28 sys=0.01, real=0.10 secs] 
2021-01-18T10:26:19.263-0800: 4.494: [GC (CMS Final Remark) [YG occupancy: 35696 K (314560 K)]2021-01-18T10:26:19.263-0800: 4.494: [Rescan (parallel) , 0.0010851 secs]2021-01-18T10:26:19.264-0800: 4.495: [weak refs processing, 0.0000132 secs]2021-01-18T10:26:19.264-0800: 4.495: [class unloading, 0.0002114 secs]2021-01-18T10:26:19.265-0800: 4.495: [scrub symbol table, 0.0003338 secs]2021-01-18T10:26:19.265-0800: 4.496: [scrub string table, 0.0001275 secs][1 CMS-remark: 665591K(699072K)] 701288K(1013632K), 0.0018411 secs] [Times: user=0.00 sys=0.00, real=0.00 secs] 
2021-01-18T10:26:19.265-0800: 4.496: [CMS-concurrent-sweep-start]
2021-01-18T10:26:19.267-0800: 4.498: [CMS-concurrent-sweep: 0.002/0.002 secs] [Times: user=0.01 sys=0.00, real=0.00 secs] 
2021-01-18T10:26:19.267-0800: 4.498: [CMS-concurrent-reset-start]
2021-01-18T10:26:19.268-0800: 4.499: [CMS-concurrent-reset: 0.001/0.001 secs] [Times: user=0.00 sys=0.00, real=0.00 secs] 
2021-01-18T10:26:19.299-0800: 4.530: [GC (Allocation Failure) 2021-01-18T10:26:19.299-0800: 4.530: [ParNew: 314558K->34943K(314560K), 0.0195382 secs] 822498K->627600K(1013632K), 0.0196263 secs] [Times: user=0.11 sys=0.00, real=0.02 secs] 
2021-01-18T10:26:19.319-0800: 4.550: [GC (CMS Initial Mark) [1 CMS-initial-mark: 592657K(699072K)] 633270K(1013632K), 0.0002085 secs] [Times: user=0.00 sys=0.00, real=0.00 secs] 
2021-01-18T10:26:19.319-0800: 4.550: [CMS-concurrent-mark-start]
2021-01-18T10:26:19.321-0800: 4.552: [CMS-concurrent-mark: 0.002/0.002 secs] [Times: user=0.01 sys=0.00, real=0.01 secs] 
2021-01-18T10:26:19.321-0800: 4.552: [CMS-concurrent-preclean-start]
2021-01-18T10:26:19.323-0800: 4.554: [CMS-concurrent-preclean: 0.001/0.001 secs] [Times: user=0.00 sys=0.00, real=0.00 secs] 
2021-01-18T10:26:19.323-0800: 4.554: [CMS-concurrent-abortable-preclean-start]
2021-01-18T10:26:19.355-0800: 4.586: [GC (Allocation Failure) 2021-01-18T10:26:19.355-0800: 4.586: [ParNew: 314559K->34943K(314560K), 0.0156345 secs] 907216K->709967K(1013632K), 0.0157208 secs] [Times: user=0.11 sys=0.00, real=0.02 secs] 
2021-01-18T10:26:19.371-0800: 4.602: [CMS-concurrent-abortable-preclean: 0.001/0.048 secs] [Times: user=0.15 sys=0.00, real=0.05 secs] 
2021-01-18T10:26:19.371-0800: 4.602: [GC (CMS Final Remark) [YG occupancy: 35114 K (314560 K)]2021-01-18T10:26:19.371-0800: 4.602: [Rescan (parallel) , 0.0004017 secs]2021-01-18T10:26:19.372-0800: 4.602: [weak refs processing, 0.0000120 secs]2021-01-18T10:26:19.372-0800: 4.602: [class unloading, 0.0001859 secs]2021-01-18T10:26:19.372-0800: 4.603: [scrub symbol table, 0.0002790 secs]2021-01-18T10:26:19.372-0800: 4.603: [scrub string table, 0.0001237 secs][1 CMS-remark: 675023K(699072K)] 710138K(1013632K), 0.0010592 secs] [Times: user=0.00 sys=0.00, real=0.00 secs] 
2021-01-18T10:26:19.372-0800: 4.603: [CMS-concurrent-sweep-start]
2021-01-18T10:26:19.374-0800: 4.605: [CMS-concurrent-sweep: 0.002/0.002 secs] [Times: user=0.00 sys=0.00, real=0.00 secs] 
2021-01-18T10:26:19.374-0800: 4.605: [CMS-concurrent-reset-start]
2021-01-18T10:26:19.375-0800: 4.606: [CMS-concurrent-reset: 0.000/0.000 secs] [Times: user=0.00 sys=0.00, real=0.00 secs] 
2021-01-18T10:26:19.405-0800: 4.636: [GC (Allocation Failure) 2021-01-18T10:26:19.405-0800: 4.636: [ParNew: 314559K->34943K(314560K), 0.0172705 secs] 747955K->551097K(1013632K), 0.0173744 secs] [Times: user=0.11 sys=0.01, real=0.02 secs] 
2021-01-18T10:26:19.423-0800: 4.653: [GC (CMS Initial Mark) [1 CMS-initial-mark: 516154K(699072K)] 551241K(1013632K), 0.0001665 secs] [Times: user=0.00 sys=0.00, real=0.00 secs] 
2021-01-18T10:26:19.423-0800: 4.654: [CMS-concurrent-mark-start]
2021-01-18T10:26:19.425-0800: 4.655: [CMS-concurrent-mark: 0.002/0.002 secs] [Times: user=0.00 sys=0.00, real=0.00 secs] 
2021-01-18T10:26:19.425-0800: 4.655: [CMS-concurrent-preclean-start]
2021-01-18T10:26:19.426-0800: 4.657: [CMS-concurrent-preclean: 0.001/0.001 secs] [Times: user=0.01 sys=0.00, real=0.00 secs] 
2021-01-18T10:26:19.426-0800: 4.657: [CMS-concurrent-abortable-preclean-start]
2021-01-18T10:26:19.455-0800: 4.685: [GC (Allocation Failure) 2021-01-18T10:26:19.455-0800: 4.685: [ParNew: 314486K->34943K(314560K), 0.0153081 secs] 830640K->629840K(1013632K), 0.0153933 secs] [Times: user=0.11 sys=0.00, real=0.02 secs] 
2021-01-18T10:26:19.503-0800: 4.733: [GC (Allocation Failure) 2021-01-18T10:26:19.503-0800: 4.733: [ParNew: 314559K->34943K(314560K), 0.0170050 secs] 909456K->709384K(1013632K), 0.0170939 secs] [Times: user=0.10 sys=0.00, real=0.02 secs] 
2021-01-18T10:26:19.520-0800: 4.750: [CMS-concurrent-abortable-preclean: 0.004/0.094 secs] [Times: user=0.27 sys=0.00, real=0.10 secs] 
2021-01-18T10:26:19.520-0800: 4.751: [GC (CMS Final Remark) [YG occupancy: 41095 K (314560 K)]2021-01-18T10:26:19.520-0800: 4.751: [Rescan (parallel) , 0.0012506 secs]2021-01-18T10:26:19.521-0800: 4.752: [weak refs processing, 0.0000128 secs]2021-01-18T10:26:19.521-0800: 4.752: [class unloading, 0.0002021 secs]2021-01-18T10:26:19.521-0800: 4.752: [scrub symbol table, 0.0003024 secs]2021-01-18T10:26:19.522-0800: 4.752: [scrub string table, 0.0001259 secs][1 CMS-remark: 674440K(699072K)] 715535K(1013632K), 0.0019577 secs] [Times: user=0.01 sys=0.00, real=0.00 secs] 
2021-01-18T10:26:19.522-0800: 4.753: [CMS-concurrent-sweep-start]
2021-01-18T10:26:19.524-0800: 4.755: [CMS-concurrent-sweep: 0.002/0.002 secs] [Times: user=0.00 sys=0.00, real=0.00 secs] 
2021-01-18T10:26:19.524-0800: 4.755: [CMS-concurrent-reset-start]
2021-01-18T10:26:19.525-0800: 4.756: [CMS-concurrent-reset: 0.001/0.001 secs] [Times: user=0.00 sys=0.00, real=0.00 secs] 
2021-01-18T10:26:19.556-0800: 4.787: [GC (Allocation Failure) 2021-01-18T10:26:19.556-0800: 4.787: [ParNew: 314559K->34943K(314560K), 0.0174117 secs] 826034K->626646K(1013632K), 0.0175007 secs] [Times: user=0.11 sys=0.00, real=0.02 secs] 
2021-01-18T10:26:19.574-0800: 4.805: [GC (CMS Initial Mark) [1 CMS-initial-mark: 591702K(699072K)] 632319K(1013632K), 0.0001726 secs] [Times: user=0.00 sys=0.00, real=0.00 secs] 
2021-01-18T10:26:19.574-0800: 4.805: [CMS-concurrent-mark-start]
2021-01-18T10:26:19.576-0800: 4.807: [CMS-concurrent-mark: 0.002/0.002 secs] [Times: user=0.01 sys=0.00, real=0.00 secs] 
2021-01-18T10:26:19.576-0800: 4.807: [CMS-concurrent-preclean-start]
2021-01-18T10:26:19.577-0800: 4.808: [CMS-concurrent-preclean: 0.001/0.001 secs] [Times: user=0.00 sys=0.00, real=0.00 secs] 
2021-01-18T10:26:19.577-0800: 4.808: [CMS-concurrent-abortable-preclean-start]
2021-01-18T10:26:19.610-0800: 4.841: [GC (Allocation Failure) 2021-01-18T10:26:19.610-0800: 4.841: [ParNew: 314559K->34943K(314560K), 0.0196360 secs] 906262K->713847K(1013632K), 0.0197223 secs] [Times: user=0.11 sys=0.00, real=0.02 secs] 
2021-01-18T10:26:19.630-0800: 4.861: [CMS-concurrent-abortable-preclean: 0.001/0.053 secs] [Times: user=0.14 sys=0.00, real=0.06 secs] 
2021-01-18T10:26:19.630-0800: 4.861: [GC (CMS Final Remark) [YG occupancy: 35015 K (314560 K)]2021-01-18T10:26:19.630-0800: 4.861: [Rescan (parallel) , 0.0012109 secs]2021-01-18T10:26:19.632-0800: 4.862: [weak refs processing, 0.0000148 secs]2021-01-18T10:26:19.632-0800: 4.862: [class unloading, 0.0002059 secs]2021-01-18T10:26:19.632-0800: 4.863: [scrub symbol table, 0.0002925 secs]2021-01-18T10:26:19.632-0800: 4.863: [scrub string table, 0.0001340 secs][1 CMS-remark: 678904K(699072K)] 713919K(1013632K), 0.0019498 secs] [Times: user=0.01 sys=0.01, real=0.00 secs] 
2021-01-18T10:26:19.632-0800: 4.863: [CMS-concurrent-sweep-start]
2021-01-18T10:26:19.634-0800: 4.865: [CMS-concurrent-sweep: 0.002/0.002 secs] [Times: user=0.00 sys=0.00, real=0.00 secs] 
2021-01-18T10:26:19.634-0800: 4.865: [CMS-concurrent-reset-start]
2021-01-18T10:26:19.635-0800: 4.866: [CMS-concurrent-reset: 0.001/0.001 secs] [Times: user=0.00 sys=0.00, real=0.00 secs] 
2021-01-18T10:26:19.670-0800: 4.901: [GC (Allocation Failure) 2021-01-18T10:26:19.670-0800: 4.901: [ParNew: 314559K->34942K(314560K), 0.0147889 secs] 744094K->529287K(1013632K), 0.0148804 secs] [Times: user=0.09 sys=0.00, real=0.01 secs] 
2021-01-18T10:26:19.685-0800: 4.916: [GC (CMS Initial Mark) [1 CMS-initial-mark: 494345K(699072K)] 534944K(1013632K), 0.0001597 secs] [Times: user=0.00 sys=0.00, real=0.00 secs] 
2021-01-18T10:26:19.685-0800: 4.916: [CMS-concurrent-mark-start]
2021-01-18T10:26:19.687-0800: 4.918: [CMS-concurrent-mark: 0.002/0.002 secs] [Times: user=0.00 sys=0.00, real=0.00 secs] 
2021-01-18T10:26:19.687-0800: 4.918: [CMS-concurrent-preclean-start]
2021-01-18T10:26:19.688-0800: 4.919: [CMS-concurrent-preclean: 0.001/0.001 secs] [Times: user=0.01 sys=0.00, real=0.00 secs] 
2021-01-18T10:26:19.688-0800: 4.919: [CMS-concurrent-abortable-preclean-start]
2021-01-18T10:26:19.719-0800: 4.950: [GC (Allocation Failure) 2021-01-18T10:26:19.719-0800: 4.950: [ParNew: 314543K->34943K(314560K), 0.0156643 secs] 808888K->603557K(1013632K), 0.0157430 secs] [Times: user=0.09 sys=0.00, real=0.02 secs] 
2021-01-18T10:26:19.769-0800: 5.000: [GC (Allocation Failure) 2021-01-18T10:26:19.769-0800: 5.000: [ParNew: 314559K->34943K(314560K), 0.0200290 secs] 883173K->685643K(1013632K), 0.0201047 secs] [Times: user=0.10 sys=0.00, real=0.02 secs] 
2021-01-18T10:26:19.791-0800: 5.022: [CMS-concurrent-abortable-preclean: 0.006/0.103 secs] [Times: user=0.26 sys=0.00, real=0.11 secs] 
2021-01-18T10:26:19.791-0800: 5.022: [GC (CMS Final Remark) [YG occupancy: 59371 K (314560 K)]2021-01-18T10:26:19.791-0800: 5.022: [Rescan (parallel) , 0.0013624 secs]2021-01-18T10:26:19.793-0800: 5.023: [weak refs processing, 0.0000166 secs]2021-01-18T10:26:19.793-0800: 5.023: [class unloading, 0.0002185 secs]2021-01-18T10:26:19.793-0800: 5.024: [scrub symbol table, 0.0003610 secs]2021-01-18T10:26:19.793-0800: 5.024: [scrub string table, 0.0001527 secs][1 CMS-remark: 650699K(699072K)] 710071K(1013632K), 0.0022107 secs] [Times: user=0.01 sys=0.00, real=0.00 secs] 
2021-01-18T10:26:19.794-0800: 5.024: [CMS-concurrent-sweep-start]
2021-01-18T10:26:19.796-0800: 5.027: [CMS-concurrent-sweep: 0.003/0.003 secs] [Times: user=0.01 sys=0.00, real=0.00 secs] 
2021-01-18T10:26:19.796-0800: 5.027: [CMS-concurrent-reset-start]
2021-01-18T10:26:19.797-0800: 5.028: [CMS-concurrent-reset: 0.001/0.001 secs] [Times: user=0.00 sys=0.00, real=0.00 secs] 
2021-01-18T10:26:19.831-0800: 5.062: [GC (Allocation Failure) 2021-01-18T10:26:19.831-0800: 5.062: [ParNew: 314559K->34942K(314560K), 0.0214332 secs] 804719K->610284K(1013632K), 0.0215773 secs] [Times: user=0.11 sys=0.01, real=0.02 secs] 
2021-01-18T10:26:19.853-0800: 5.083: [GC (CMS Initial Mark) [1 CMS-initial-mark: 575341K(699072K)] 610962K(1013632K), 0.0002191 secs] [Times: user=0.00 sys=0.00, real=0.00 secs] 
2021-01-18T10:26:19.853-0800: 5.084: [CMS-concurrent-mark-start]
2021-01-18T10:26:19.856-0800: 5.086: [CMS-concurrent-mark: 0.003/0.003 secs] [Times: user=0.01 sys=0.00, real=0.00 secs] 
2021-01-18T10:26:19.856-0800: 5.086: [CMS-concurrent-preclean-start]
2021-01-18T10:26:19.857-0800: 5.088: [CMS-concurrent-preclean: 0.002/0.002 secs] [Times: user=0.00 sys=0.00, real=0.00 secs] 
2021-01-18T10:26:19.857-0800: 5.088: [CMS-concurrent-abortable-preclean-start]
2021-01-18T10:26:19.891-0800: 5.122: [GC (Allocation Failure) 2021-01-18T10:26:19.891-0800: 5.122: [ParNew: 314149K->34943K(314560K), 0.0215419 secs] 889491K->698704K(1013632K), 0.0216169 secs] [Times: user=0.12 sys=0.00, real=0.02 secs] 
2021-01-18T10:26:19.913-0800: 5.143: [CMS-concurrent-abortable-preclean: 0.001/0.055 secs] [Times: user=0.15 sys=0.00, real=0.06 secs] 
2021-01-18T10:26:19.913-0800: 5.143: [GC (CMS Final Remark) [YG occupancy: 41269 K (314560 K)]2021-01-18T10:26:19.913-0800: 5.143: [Rescan (parallel) , 0.0011564 secs]2021-01-18T10:26:19.914-0800: 5.145: [weak refs processing, 0.0000149 secs]2021-01-18T10:26:19.914-0800: 5.145: [class unloading, 0.0001986 secs]2021-01-18T10:26:19.914-0800: 5.145: [scrub symbol table, 0.0003012 secs]2021-01-18T10:26:19.914-0800: 5.145: [scrub string table, 0.0001365 secs][1 CMS-remark: 663760K(699072K)] 705030K(1013632K), 0.0018832 secs] [Times: user=0.01 sys=0.00, real=0.00 secs] 
2021-01-18T10:26:19.915-0800: 5.145: [CMS-concurrent-sweep-start]
2021-01-18T10:26:19.917-0800: 5.148: [CMS-concurrent-sweep: 0.003/0.003 secs] [Times: user=0.00 sys=0.00, real=0.00 secs] 
2021-01-18T10:26:19.917-0800: 5.148: [CMS-concurrent-reset-start]
2021-01-18T10:26:19.918-0800: 5.149: [CMS-concurrent-reset: 0.001/0.001 secs] [Times: user=0.00 sys=0.00, real=0.00 secs] 
2021-01-18T10:26:19.951-0800: 5.182: [GC (Allocation Failure) 2021-01-18T10:26:19.951-0800: 5.182: [ParNew: 314559K->34943K(314560K), 0.0171030 secs] 736901K->534365K(1013632K), 0.0171787 secs] [Times: user=0.10 sys=0.00, real=0.01 secs] 
2021-01-18T10:26:19.969-0800: 5.199: [GC (CMS Initial Mark) [1 CMS-initial-mark: 499422K(699072K)] 539983K(1013632K), 0.0001616 secs] [Times: user=0.00 sys=0.00, real=0.00 secs] 
2021-01-18T10:26:19.969-0800: 5.200: [CMS-concurrent-mark-start]
2021-01-18T10:26:19.972-0800: 5.202: [CMS-concurrent-mark: 0.003/0.003 secs] [Times: user=0.00 sys=0.00, real=0.01 secs] 
2021-01-18T10:26:19.972-0800: 5.203: [CMS-concurrent-preclean-start]
2021-01-18T10:26:19.973-0800: 5.204: [CMS-concurrent-preclean: 0.001/0.001 secs] [Times: user=0.01 sys=0.00, real=0.00 secs] 
2021-01-18T10:26:19.973-0800: 5.204: [CMS-concurrent-abortable-preclean-start]
2021-01-18T10:26:20.004-0800: 5.235: [GC (Allocation Failure) 2021-01-18T10:26:20.007-0800: 5.238: [ParNew: 314559K->34943K(314560K), 0.0216210 secs] 813981K->615893K(1013632K), 0.0243343 secs] [Times: user=0.08 sys=0.00, real=0.02 secs] 
2021-01-18T10:26:20.064-0800: 5.295: [GC (Allocation Failure) 2021-01-18T10:26:20.064-0800: 5.295: [ParNew: 314484K->34943K(314560K), 0.0202786 secs] 895434K->692735K(1013632K), 0.0203640 secs] [Times: user=0.10 sys=0.00, real=0.02 secs] 
2021-01-18T10:26:20.087-0800: 5.318: [CMS-concurrent-abortable-preclean: 0.007/0.114 secs] [Times: user=0.26 sys=0.01, real=0.11 secs] 
2021-01-18T10:26:20.087-0800: 5.318: [GC (CMS Final Remark) [YG occupancy: 52211 K (314560 K)]2021-01-18T10:26:20.087-0800: 5.318: [Rescan (parallel) , 0.0012480 secs]2021-01-18T10:26:20.088-0800: 5.319: [weak refs processing, 0.0000199 secs]2021-01-18T10:26:20.088-0800: 5.319: [class unloading, 0.0002246 secs]2021-01-18T10:26:20.089-0800: 5.319: [scrub symbol table, 0.0003056 secs]2021-01-18T10:26:20.089-0800: 5.320: [scrub string table, 0.0001383 secs][1 CMS-remark: 657791K(699072K)] 710002K(1013632K), 0.0020287 secs] [Times: user=0.00 sys=0.00, real=0.00 secs] 
2021-01-18T10:26:20.089-0800: 5.320: [CMS-concurrent-sweep-start]
2021-01-18T10:26:20.091-0800: 5.322: [CMS-concurrent-sweep: 0.002/0.002 secs] [Times: user=0.01 sys=0.00, real=0.01 secs] 
2021-01-18T10:26:20.091-0800: 5.322: [CMS-concurrent-reset-start]
2021-01-18T10:26:20.092-0800: 5.323: [CMS-concurrent-reset: 0.001/0.001 secs] [Times: user=0.00 sys=0.00, real=0.00 secs] 
2021-01-18T10:26:20.130-0800: 5.361: [GC (Allocation Failure) 2021-01-18T10:26:20.130-0800: 5.361: [ParNew: 314559K->34943K(314560K), 0.0193909 secs] 808174K->610043K(1013632K), 0.0195320 secs] [Times: user=0.11 sys=0.00, real=0.02 secs] 
2021-01-18T10:26:20.150-0800: 5.381: [GC (CMS Initial Mark) [1 CMS-initial-mark: 575100K(699072K)] 610331K(1013632K), 0.0001909 secs] [Times: user=0.00 sys=0.00, real=0.00 secs] 
2021-01-18T10:26:20.150-0800: 5.381: [CMS-concurrent-mark-start]
2021-01-18T10:26:20.153-0800: 5.383: [CMS-concurrent-mark: 0.002/0.002 secs] [Times: user=0.00 sys=0.00, real=0.00 secs] 
2021-01-18T10:26:20.153-0800: 5.383: [CMS-concurrent-preclean-start]
2021-01-18T10:26:20.154-0800: 5.385: [CMS-concurrent-preclean: 0.001/0.001 secs] [Times: user=0.01 sys=0.00, real=0.00 secs] 
2021-01-18T10:26:20.154-0800: 5.385: [CMS-concurrent-abortable-preclean-start]
2021-01-18T10:26:20.187-0800: 5.417: [GC (Allocation Failure) 2021-01-18T10:26:20.189-0800: 5.420: [ParNew: 314559K->34942K(314560K), 0.0180099 secs] 889659K->692341K(1013632K), 0.0206239 secs] [Times: user=0.11 sys=0.01, real=0.02 secs] 
2021-01-18T10:26:20.209-0800: 5.440: [CMS-concurrent-abortable-preclean: 0.003/0.055 secs] [Times: user=0.14 sys=0.01, real=0.05 secs] 
2021-01-18T10:26:20.209-0800: 5.440: [GC (CMS Final Remark) [YG occupancy: 53658 K (314560 K)]2021-01-18T10:26:20.209-0800: 5.440: [Rescan (parallel) , 0.0010800 secs]2021-01-18T10:26:20.210-0800: 5.441: [weak refs processing, 0.0000125 secs]2021-01-18T10:26:20.210-0800: 5.441: [class unloading, 0.0001935 secs]2021-01-18T10:26:20.211-0800: 5.441: [scrub symbol table, 0.0002950 secs]2021-01-18T10:26:20.211-0800: 5.442: [scrub string table, 0.0001266 secs][1 CMS-remark: 657398K(699072K)] 711057K(1013632K), 0.0017675 secs] [Times: user=0.01 sys=0.00, real=0.01 secs] 
2021-01-18T10:26:20.211-0800: 5.442: [CMS-concurrent-sweep-start]
2021-01-18T10:26:20.213-0800: 5.444: [CMS-concurrent-sweep: 0.002/0.002 secs] [Times: user=0.00 sys=0.00, real=0.00 secs] 
2021-01-18T10:26:20.213-0800: 5.444: [CMS-concurrent-reset-start]
2021-01-18T10:26:20.214-0800: 5.444: [CMS-concurrent-reset: 0.001/0.001 secs] [Times: user=0.00 sys=0.00, real=0.00 secs] 
2021-01-18T10:26:20.242-0800: 5.472: [GC (Allocation Failure) 2021-01-18T10:26:20.242-0800: 5.472: [ParNew: 314558K->34943K(314560K), 0.0185271 secs] 737590K->535980K(1013632K), 0.0186130 secs] [Times: user=0.11 sys=0.00, real=0.02 secs] 
2021-01-18T10:26:20.260-0800: 5.491: [GC (CMS Initial Mark) [1 CMS-initial-mark: 501036K(699072K)] 536354K(1013632K), 0.0001614 secs] [Times: user=0.00 sys=0.00, real=0.00 secs] 
2021-01-18T10:26:20.260-0800: 5.491: [CMS-concurrent-mark-start]
2021-01-18T10:26:20.262-0800: 5.493: [CMS-concurrent-mark: 0.002/0.002 secs] [Times: user=0.01 sys=0.00, real=0.00 secs] 
2021-01-18T10:26:20.262-0800: 5.493: [CMS-concurrent-preclean-start]
2021-01-18T10:26:20.264-0800: 5.494: [CMS-concurrent-preclean: 0.001/0.001 secs] [Times: user=0.00 sys=0.00, real=0.00 secs] 
2021-01-18T10:26:20.264-0800: 5.494: [CMS-concurrent-abortable-preclean-start]
2021-01-18T10:26:20.293-0800: 5.524: [GC (Allocation Failure) 2021-01-18T10:26:20.293-0800: 5.524: [ParNew: 314559K->34942K(314560K), 0.0155828 secs] 815596K->614404K(1013632K), 0.0156720 secs] [Times: user=0.11 sys=0.00, real=0.01 secs] 
2021-01-18T10:26:20.339-0800: 5.570: [GC (Allocation Failure) 2021-01-18T10:26:20.339-0800: 5.570: [ParNew: 314558K->34943K(314560K), 0.0166036 secs] 894020K->692997K(1013632K), 0.0166807 secs] [Times: user=0.10 sys=0.00, real=0.02 secs] 
2021-01-18T10:26:20.357-0800: 5.588: [CMS-concurrent-abortable-preclean: 0.005/0.094 secs] [Times: user=0.28 sys=0.00, real=0.09 secs] 
2021-01-18T10:26:20.358-0800: 5.588: [GC (CMS Final Remark) [YG occupancy: 52398 K (314560 K)]2021-01-18T10:26:20.358-0800: 5.588: [Rescan (parallel) , 0.0009872 secs]2021-01-18T10:26:20.359-0800: 5.589: [weak refs processing, 0.0000170 secs]2021-01-18T10:26:20.359-0800: 5.589: [class unloading, 0.0002433 secs]2021-01-18T10:26:20.359-0800: 5.590: [scrub symbol table, 0.0002885 secs]2021-01-18T10:26:20.359-0800: 5.590: [scrub string table, 0.0001204 secs][1 CMS-remark: 658053K(699072K)] 710451K(1013632K), 0.0017420 secs] [Times: user=0.00 sys=0.00, real=0.00 secs] 
2021-01-18T10:26:20.359-0800: 5.590: [CMS-concurrent-sweep-start]
2021-01-18T10:26:20.361-0800: 5.592: [CMS-concurrent-sweep: 0.002/0.002 secs] [Times: user=0.00 sys=0.00, real=0.01 secs] 
2021-01-18T10:26:20.361-0800: 5.592: [CMS-concurrent-reset-start]
2021-01-18T10:26:20.362-0800: 5.593: [CMS-concurrent-reset: 0.001/0.001 secs] [Times: user=0.01 sys=0.00, real=0.00 secs] 
2021-01-18T10:26:20.389-0800: 5.619: [GC (Allocation Failure) 2021-01-18T10:26:20.389-0800: 5.619: [ParNew: 314559K->34943K(314560K), 0.0180032 secs] 812313K->611133K(1013632K), 0.0180948 secs] [Times: user=0.12 sys=0.00, real=0.02 secs] 
2021-01-18T10:26:20.407-0800: 5.638: [GC (CMS Initial Mark) [1 CMS-initial-mark: 576189K(699072K)] 611421K(1013632K), 0.0001670 secs] [Times: user=0.00 sys=0.00, real=0.00 secs] 
2021-01-18T10:26:20.407-0800: 5.638: [CMS-concurrent-mark-start]
2021-01-18T10:26:20.409-0800: 5.640: [CMS-concurrent-mark: 0.002/0.002 secs] [Times: user=0.00 sys=0.00, real=0.00 secs] 
2021-01-18T10:26:20.409-0800: 5.640: [CMS-concurrent-preclean-start]
2021-01-18T10:26:20.410-0800: 5.641: [CMS-concurrent-preclean: 0.001/0.001 secs] [Times: user=0.00 sys=0.00, real=0.01 secs] 
2021-01-18T10:26:20.410-0800: 5.641: [CMS-concurrent-abortable-preclean-start]
2021-01-18T10:26:20.439-0800: 5.670: [GC (Allocation Failure) 2021-01-18T10:26:20.439-0800: 5.670: [ParNew: 314559K->34942K(314560K), 0.0153128 secs] 890749K->687855K(1013632K), 0.0153979 secs] [Times: user=0.12 sys=0.01, real=0.02 secs] 
2021-01-18T10:26:20.456-0800: 5.687: [CMS-concurrent-abortable-preclean: 0.003/0.046 secs] [Times: user=0.15 sys=0.01, real=0.04 secs] 
2021-01-18T10:26:20.456-0800: 5.687: [GC (CMS Final Remark) [YG occupancy: 52759 K (314560 K)]2021-01-18T10:26:20.456-0800: 5.687: [Rescan (parallel) , 0.0003623 secs]2021-01-18T10:26:20.457-0800: 5.687: [weak refs processing, 0.0000137 secs]2021-01-18T10:26:20.457-0800: 5.688: [class unloading, 0.0001838 secs]2021-01-18T10:26:20.457-0800: 5.688: [scrub symbol table, 0.0002742 secs]2021-01-18T10:26:20.457-0800: 5.688: [scrub string table, 0.0001202 secs][1 CMS-remark: 652913K(699072K)] 705673K(1013632K), 0.0010165 secs] [Times: user=0.00 sys=0.00, real=0.00 secs] 
2021-01-18T10:26:20.457-0800: 5.688: [CMS-concurrent-sweep-start]
2021-01-18T10:26:20.459-0800: 5.690: [CMS-concurrent-sweep: 0.002/0.002 secs] [Times: user=0.01 sys=0.00, real=0.00 secs] 
2021-01-18T10:26:20.459-0800: 5.690: [CMS-concurrent-reset-start]
2021-01-18T10:26:20.460-0800: 5.691: [CMS-concurrent-reset: 0.001/0.001 secs] [Times: user=0.00 sys=0.00, real=0.01 secs] 
2021-01-18T10:26:20.487-0800: 5.718: [GC (Allocation Failure) 2021-01-18T10:26:20.487-0800: 5.718: [ParNew: 314558K->34943K(314560K), 0.0160386 secs] 734475K->540716K(1013632K), 0.0161206 secs] [Times: user=0.12 sys=0.00, real=0.02 secs] 
2021-01-18T10:26:20.504-0800: 5.734: [GC (CMS Initial Mark) [1 CMS-initial-mark: 505773K(699072K)] 546959K(1013632K), 0.0001607 secs] [Times: user=0.00 sys=0.00, real=0.00 secs] 
2021-01-18T10:26:20.504-0800: 5.735: [CMS-concurrent-mark-start]
2021-01-18T10:26:20.505-0800: 5.736: [CMS-concurrent-mark: 0.002/0.002 secs] [Times: user=0.00 sys=0.00, real=0.00 secs] 
2021-01-18T10:26:20.506-0800: 5.736: [CMS-concurrent-preclean-start]
2021-01-18T10:26:20.506-0800: 5.737: [CMS-concurrent-preclean: 0.001/0.001 secs] [Times: user=0.00 sys=0.00, real=0.00 secs] 
2021-01-18T10:26:20.506-0800: 5.737: [CMS-concurrent-abortable-preclean-start]
2021-01-18T10:26:20.537-0800: 5.768: [GC (Allocation Failure) 2021-01-18T10:26:20.537-0800: 5.768: [ParNew: 314559K->34943K(314560K), 0.0154949 secs] 820332K->617614K(1013632K), 0.0155786 secs] [Times: user=0.11 sys=0.00, real=0.02 secs] 
2021-01-18T10:26:20.582-0800: 5.812: [GC (Allocation Failure) 2021-01-18T10:26:20.582-0800: 5.812: [ParNew: 314185K->34942K(314560K), 0.0158842 secs] 896856K->706078K(1013632K), 0.0159690 secs] [Times: user=0.12 sys=0.00, real=0.01 secs] 
2021-01-18T10:26:20.598-0800: 5.828: [CMS-concurrent-abortable-preclean: 0.004/0.091 secs] [Times: user=0.29 sys=0.00, real=0.09 secs] 
2021-01-18T10:26:20.598-0800: 5.828: [GC (CMS Final Remark) [YG occupancy: 41075 K (314560 K)]2021-01-18T10:26:20.598-0800: 5.828: [Rescan (parallel) , 0.0004366 secs]2021-01-18T10:26:20.598-0800: 5.829: [weak refs processing, 0.0000119 secs]2021-01-18T10:26:20.598-0800: 5.829: [class unloading, 0.0001816 secs]2021-01-18T10:26:20.598-0800: 5.829: [scrub symbol table, 0.0002848 secs]2021-01-18T10:26:20.599-0800: 5.829: [scrub string table, 0.0001178 secs][1 CMS-remark: 671135K(699072K)] 712210K(1013632K), 0.0010956 secs] [Times: user=0.01 sys=0.00, real=0.00 secs] 
2021-01-18T10:26:20.599-0800: 5.830: [CMS-concurrent-sweep-start]
2021-01-18T10:26:20.600-0800: 5.831: [CMS-concurrent-sweep: 0.002/0.002 secs] [Times: user=0.00 sys=0.00, real=0.01 secs] 
2021-01-18T10:26:20.600-0800: 5.831: [CMS-concurrent-reset-start]
2021-01-18T10:26:20.601-0800: 5.832: [CMS-concurrent-reset: 0.001/0.001 secs] [Times: user=0.00 sys=0.00, real=0.00 secs] 
2021-01-18T10:26:20.630-0800: 5.861: [GC (Allocation Failure) 2021-01-18T10:26:20.630-0800: 5.861: [ParNew: 314558K->34942K(314560K), 0.0150919 secs] 822850K->621506K(1013632K), 0.0151764 secs] [Times: user=0.11 sys=0.00, real=0.01 secs] 
2021-01-18T10:26:20.645-0800: 5.876: [GC (CMS Initial Mark) [1 CMS-initial-mark: 586563K(699072K)] 627748K(1013632K), 0.0001586 secs] [Times: user=0.00 sys=0.00, real=0.00 secs] 
2021-01-18T10:26:20.646-0800: 5.876: [CMS-concurrent-mark-start]
2021-01-18T10:26:20.647-0800: 5.878: [CMS-concurrent-mark: 0.002/0.002 secs] [Times: user=0.01 sys=0.00, real=0.00 secs] 
2021-01-18T10:26:20.647-0800: 5.878: [CMS-concurrent-preclean-start]
2021-01-18T10:26:20.648-0800: 5.879: [CMS-concurrent-preclean: 0.001/0.001 secs] [Times: user=0.00 sys=0.00, real=0.00 secs] 
2021-01-18T10:26:20.649-0800: 5.879: [CMS-concurrent-abortable-preclean-start]
2021-01-18T10:26:20.676-0800: 5.907: [GC (Allocation Failure) 2021-01-18T10:26:20.676-0800: 5.907: [ParNew: 314558K->34940K(314560K), 0.0140590 secs] 901122K->694961K(1013632K), 0.0141425 secs] [Times: user=0.10 sys=0.00, real=0.02 secs] 
2021-01-18T10:26:20.692-0800: 5.923: [CMS-concurrent-abortable-preclean: 0.002/0.043 secs] [Times: user=0.13 sys=0.00, real=0.05 secs] 
2021-01-18T10:26:20.692-0800: 5.923: [GC (CMS Final Remark) [YG occupancy: 53312 K (314560 K)]2021-01-18T10:26:20.692-0800: 5.923: [Rescan (parallel) , 0.0003697 secs]2021-01-18T10:26:20.692-0800: 5.923: [weak refs processing, 0.0000133 secs]2021-01-18T10:26:20.692-0800: 5.923: [class unloading, 0.0001905 secs]2021-01-18T10:26:20.693-0800: 5.923: [scrub symbol table, 0.0002728 secs]2021-01-18T10:26:20.693-0800: 5.924: [scrub string table, 0.0001179 secs][1 CMS-remark: 660021K(699072K)] 713333K(1013632K), 0.0010323 secs] [Times: user=0.00 sys=0.00, real=0.00 secs] 
2021-01-18T10:26:20.693-0800: 5.924: [CMS-concurrent-sweep-start]
2021-01-18T10:26:20.695-0800: 5.926: [CMS-concurrent-sweep: 0.002/0.002 secs] [Times: user=0.00 sys=0.00, real=0.00 secs] 
2021-01-18T10:26:20.695-0800: 5.926: [CMS-concurrent-reset-start]
2021-01-18T10:26:20.695-0800: 5.926: [CMS-concurrent-reset: 0.000/0.000 secs] [Times: user=0.00 sys=0.00, real=0.00 secs] 
2021-01-18T10:26:20.723-0800: 5.954: [GC (Allocation Failure) 2021-01-18T10:26:20.723-0800: 5.954: [ParNew: 314556K->34942K(314560K), 0.0143645 secs] 724937K->519356K(1013632K), 0.0144490 secs] [Times: user=0.11 sys=0.01, real=0.01 secs] 
2021-01-18T10:26:20.738-0800: 5.968: [GC (CMS Initial Mark) [1 CMS-initial-mark: 484414K(699072K)] 525420K(1013632K), 0.0001620 secs] [Times: user=0.00 sys=0.00, real=0.00 secs] 
2021-01-18T10:26:20.738-0800: 5.968: [CMS-concurrent-mark-start]
2021-01-18T10:26:20.739-0800: 5.970: [CMS-concurrent-mark: 0.002/0.002 secs] [Times: user=0.00 sys=0.00, real=0.00 secs] 
2021-01-18T10:26:20.739-0800: 5.970: [CMS-concurrent-preclean-start]
2021-01-18T10:26:20.740-0800: 5.971: [CMS-concurrent-preclean: 0.001/0.001 secs] [Times: user=0.00 sys=0.00, real=0.01 secs] 
2021-01-18T10:26:20.741-0800: 5.971: [CMS-concurrent-abortable-preclean-start]
2021-01-18T10:26:20.768-0800: 5.999: [GC (Allocation Failure) 2021-01-18T10:26:20.768-0800: 5.999: [ParNew: 314558K->34942K(314560K), 0.0133088 secs] 798972K->587508K(1013632K), 0.0133919 secs] [Times: user=0.11 sys=0.00, real=0.02 secs] 
2021-01-18T10:26:20.812-0800: 6.043: [GC (Allocation Failure) 2021-01-18T10:26:20.812-0800: 6.043: [ParNew: 314558K->34943K(314560K), 0.0142830 secs] 867124K->664224K(1013632K), 0.0144177 secs] [Times: user=0.11 sys=0.00, real=0.01 secs] 
2021-01-18T10:26:20.858-0800: 6.089: [GC (Allocation Failure) 2021-01-18T10:26:20.858-0800: 6.089: [ParNew: 314559K->314559K(314560K), 0.0000200 secs]2021-01-18T10:26:20.858-0800: 6.089: [CMS2021-01-18T10:26:20.858-0800: 6.089: [CMS-concurrent-abortable-preclean: 0.006/0.118 secs] [Times: user=0.31 sys=0.00, real=0.11 secs] 
 (concurrent mode failure): 629280K->366725K(699072K), 0.0535796 secs] 943840K->366725K(1013632K), [Metaspace: 2589K->2589K(1056768K)], 0.0537150 secs] [Times: user=0.05 sys=0.00, real=0.06 secs] 
2021-01-18T10:26:20.950-0800: 6.180: [GC (Allocation Failure) 2021-01-18T10:26:20.950-0800: 6.180: [ParNew: 279616K->34942K(314560K), 0.0116887 secs] 646341K->453724K(1013632K), 0.0117869 secs] [Times: user=0.08 sys=0.00, real=0.01 secs] 
2021-01-18T10:26:20.991-0800: 6.222: [GC (Allocation Failure) 2021-01-18T10:26:20.991-0800: 6.222: [ParNew: 314558K->34943K(314560K), 0.0153816 secs] 733340K->541476K(1013632K), 0.0154678 secs] [Times: user=0.12 sys=0.00, real=0.01 secs] 
2021-01-18T10:26:21.007-0800: 6.238: [GC (CMS Initial Mark) [1 CMS-initial-mark: 506533K(699072K)] 547559K(1013632K), 0.0001656 secs] [Times: user=0.00 sys=0.00, real=0.00 secs] 
2021-01-18T10:26:21.007-0800: 6.238: [CMS-concurrent-mark-start]
2021-01-18T10:26:21.008-0800: 6.239: [CMS-concurrent-mark: 0.001/0.001 secs] [Times: user=0.00 sys=0.00, real=0.00 secs] 
2021-01-18T10:26:21.008-0800: 6.239: [CMS-concurrent-preclean-start]
2021-01-18T10:26:21.009-0800: 6.240: [CMS-concurrent-preclean: 0.001/0.001 secs] [Times: user=0.00 sys=0.00, real=0.00 secs] 
2021-01-18T10:26:21.009-0800: 6.240: [CMS-concurrent-abortable-preclean-start]
2021-01-18T10:26:21.038-0800: 6.269: [GC (Allocation Failure) 2021-01-18T10:26:21.039-0800: 6.269: [ParNew: 314559K->34942K(314560K), 0.0138626 secs] 821092K->615234K(1013632K), 0.0139463 secs] [Times: user=0.11 sys=0.00, real=0.02 secs] 
2021-01-18T10:26:21.083-0800: 6.314: [GC (Allocation Failure) 2021-01-18T10:26:21.083-0800: 6.314: [ParNew: 314558K->34942K(314560K), 0.0144812 secs] 894850K->692406K(1013632K), 0.0145658 secs] [Times: user=0.10 sys=0.00, real=0.01 secs] 
2021-01-18T10:26:21.099-0800: 6.330: [CMS-concurrent-abortable-preclean: 0.005/0.090 secs] [Times: user=0.28 sys=0.00, real=0.09 secs] 
2021-01-18T10:26:21.099-0800: 6.330: [GC (CMS Final Remark) [YG occupancy: 53840 K (314560 K)]2021-01-18T10:26:21.099-0800: 6.330: [Rescan (parallel) , 0.0003606 secs]2021-01-18T10:26:21.100-0800: 6.330: [weak refs processing, 0.0000132 secs]2021-01-18T10:26:21.100-0800: 6.330: [class unloading, 0.0001841 secs]2021-01-18T10:26:21.100-0800: 6.331: [scrub symbol table, 0.0002710 secs]2021-01-18T10:26:21.100-0800: 6.331: [scrub string table, 0.0001259 secs][1 CMS-remark: 657463K(699072K)] 711304K(1013632K), 0.0010224 secs] [Times: user=0.00 sys=0.00, real=0.01 secs] 
2021-01-18T10:26:21.100-0800: 6.331: [CMS-concurrent-sweep-start]
2021-01-18T10:26:21.101-0800: 6.332: [CMS-concurrent-sweep: 0.001/0.001 secs] [Times: user=0.00 sys=0.00, real=0.00 secs] 
2021-01-18T10:26:21.101-0800: 6.332: [CMS-concurrent-reset-start]
2021-01-18T10:26:21.102-0800: 6.333: [CMS-concurrent-reset: 0.000/0.000 secs] [Times: user=0.00 sys=0.00, real=0.00 secs] 
2021-01-18T10:26:21.130-0800: 6.361: [GC (Allocation Failure) 2021-01-18T10:26:21.130-0800: 6.361: [ParNew: 314558K->34943K(314560K), 0.0151735 secs] 808378K->609309K(1013632K), 0.0152606 secs] [Times: user=0.11 sys=0.01, real=0.01 secs] 
2021-01-18T10:26:21.146-0800: 6.376: [GC (CMS Initial Mark) [1 CMS-initial-mark: 574365K(699072K)] 609453K(1013632K), 0.0001579 secs] [Times: user=0.00 sys=0.00, real=0.00 secs] 
2021-01-18T10:26:21.146-0800: 6.377: [CMS-concurrent-mark-start]
2021-01-18T10:26:21.148-0800: 6.378: [CMS-concurrent-mark: 0.002/0.002 secs] [Times: user=0.01 sys=0.00, real=0.00 secs] 
2021-01-18T10:26:21.148-0800: 6.378: [CMS-concurrent-preclean-start]
2021-01-18T10:26:21.149-0800: 6.379: [CMS-concurrent-preclean: 0.001/0.001 secs] [Times: user=0.00 sys=0.00, real=0.00 secs] 
2021-01-18T10:26:21.149-0800: 6.379: [CMS-concurrent-abortable-preclean-start]
2021-01-18T10:26:21.176-0800: 6.407: [GC (Allocation Failure) 2021-01-18T10:26:21.176-0800: 6.407: [ParNew: 314310K->34942K(314560K), 0.0140485 secs] 888675K->684484K(1013632K), 0.0141394 secs] [Times: user=0.10 sys=0.00, real=0.02 secs] 
2021-01-18T10:26:21.222-0800: 6.453: [GC (Allocation Failure) 2021-01-18T10:26:21.222-0800: 6.453: [ParNew: 314558K->314558K(314560K), 0.0000318 secs]2021-01-18T10:26:21.222-0800: 6.453: [CMS2021-01-18T10:26:21.222-0800: 6.453: [CMS-concurrent-abortable-preclean: 0.003/0.074 secs] [Times: user=0.17 sys=0.00, real=0.08 secs] 
 (concurrent mode failure): 649541K->381329K(699072K), 0.0623437 secs] 964100K->381329K(1013632K), [Metaspace: 2589K->2589K(1056768K)], 0.0625275 secs] [Times: user=0.06 sys=0.00, real=0.06 secs] 
2021-01-18T10:26:21.324-0800: 6.555: [GC (Allocation Failure) 2021-01-18T10:26:21.324-0800: 6.555: [ParNew: 279526K->34943K(314560K), 0.0122809 secs] 660855K->474292K(1013632K), 0.0123873 secs] [Times: user=0.09 sys=0.00, real=0.01 secs] 
2021-01-18T10:26:21.367-0800: 6.598: [GC (Allocation Failure) 2021-01-18T10:26:21.368-0800: 6.598: [ParNew: 314559K->34943K(314560K), 0.0148432 secs] 753908K->556709K(1013632K), 0.0149379 secs] [Times: user=0.11 sys=0.00, real=0.02 secs] 
2021-01-18T10:26:21.383-0800: 6.613: [GC (CMS Initial Mark) [1 CMS-initial-mark: 521766K(699072K)] 562873K(1013632K), 0.0001651 secs] [Times: user=0.00 sys=0.00, real=0.00 secs] 
2021-01-18T10:26:21.383-0800: 6.614: [CMS-concurrent-mark-start]
2021-01-18T10:26:21.384-0800: 6.615: [CMS-concurrent-mark: 0.002/0.002 secs] [Times: user=0.00 sys=0.00, real=0.00 secs] 
2021-01-18T10:26:21.385-0800: 6.615: [CMS-concurrent-preclean-start]
2021-01-18T10:26:21.386-0800: 6.616: [CMS-concurrent-preclean: 0.001/0.001 secs] [Times: user=0.00 sys=0.00, real=0.00 secs] 
2021-01-18T10:26:21.386-0800: 6.616: [CMS-concurrent-abortable-preclean-start]
2021-01-18T10:26:21.414-0800: 6.644: [GC (Allocation Failure) 2021-01-18T10:26:21.414-0800: 6.644: [ParNew: 314559K->34941K(314560K), 0.0139492 secs] 836325K->631996K(1013632K), 0.0140513 secs] [Times: user=0.11 sys=0.00, real=0.01 secs] 
2021-01-18T10:26:21.458-0800: 6.689: [GC (Allocation Failure) 2021-01-18T10:26:21.458-0800: 6.689: [ParNew: 314557K->34943K(314560K), 0.0139308 secs] 911612K->708846K(1013632K), 0.0140369 secs] [Times: user=0.10 sys=0.00, real=0.02 secs] 
2021-01-18T10:26:21.472-0800: 6.703: [CMS-concurrent-abortable-preclean: 0.004/0.087 secs] [Times: user=0.27 sys=0.00, real=0.09 secs] 
2021-01-18T10:26:21.473-0800: 6.703: [GC (CMS Final Remark) [YG occupancy: 41064 K (314560 K)]2021-01-18T10:26:21.473-0800: 6.703: [Rescan (parallel) , 0.0003929 secs]2021-01-18T10:26:21.473-0800: 6.704: [weak refs processing, 0.0000145 secs]2021-01-18T10:26:21.473-0800: 6.704: [class unloading, 0.0001819 secs]2021-01-18T10:26:21.473-0800: 6.704: [scrub symbol table, 0.0002737 secs]2021-01-18T10:26:21.474-0800: 6.704: [scrub string table, 0.0001190 secs][1 CMS-remark: 673902K(699072K)] 714967K(1013632K), 0.0010572 secs] [Times: user=0.00 sys=0.00, real=0.00 secs] 
2021-01-18T10:26:21.474-0800: 6.704: [CMS-concurrent-sweep-start]
2021-01-18T10:26:21.475-0800: 6.706: [CMS-concurrent-sweep: 0.001/0.001 secs] [Times: user=0.00 sys=0.00, real=0.00 secs] 
2021-01-18T10:26:21.475-0800: 6.706: [CMS-concurrent-reset-start]
2021-01-18T10:26:21.475-0800: 6.706: [CMS-concurrent-reset: 0.001/0.001 secs] [Times: user=0.01 sys=0.00, real=0.00 secs] 
2021-01-18T10:26:21.504-0800: 6.735: [GC (Allocation Failure) 2021-01-18T10:26:21.504-0800: 6.735: [ParNew: 314345K->34942K(314560K), 0.0148382 secs] 812115K->607802K(1013632K), 0.0149384 secs] [Times: user=0.10 sys=0.00, real=0.01 secs] 
2021-01-18T10:26:21.519-0800: 6.750: [GC (CMS Initial Mark) [1 CMS-initial-mark: 572859K(699072K)] 613755K(1013632K), 0.0001713 secs] [Times: user=0.00 sys=0.00, real=0.00 secs] 
2021-01-18T10:26:21.519-0800: 6.750: [CMS-concurrent-mark-start]
2021-01-18T10:26:21.521-0800: 6.752: [CMS-concurrent-mark: 0.002/0.002 secs] [Times: user=0.01 sys=0.00, real=0.01 secs] 
2021-01-18T10:26:21.521-0800: 6.752: [CMS-concurrent-preclean-start]
2021-01-18T10:26:21.522-0800: 6.753: [CMS-concurrent-preclean: 0.001/0.001 secs] [Times: user=0.00 sys=0.00, real=0.00 secs] 
2021-01-18T10:26:21.522-0800: 6.753: [CMS-concurrent-abortable-preclean-start]
2021-01-18T10:26:21.549-0800: 6.780: [GC (Allocation Failure) 2021-01-18T10:26:21.549-0800: 6.780: [ParNew: 314558K->34942K(314560K), 0.0147932 secs] 887418K->688933K(1013632K), 0.0148877 secs] [Times: user=0.11 sys=0.00, real=0.02 secs] 
2021-01-18T10:26:21.566-0800: 6.796: [CMS-concurrent-abortable-preclean: 0.002/0.044 secs] [Times: user=0.14 sys=0.00, real=0.04 secs] 
2021-01-18T10:26:21.566-0800: 6.797: [GC (CMS Final Remark) [YG occupancy: 47064 K (314560 K)]2021-01-18T10:26:21.566-0800: 6.797: [Rescan (parallel) , 0.0003683 secs]2021-01-18T10:26:21.566-0800: 6.797: [weak refs processing, 0.0000156 secs]2021-01-18T10:26:21.566-0800: 6.797: [class unloading, 0.0001839 secs]2021-01-18T10:26:21.567-0800: 6.797: [scrub symbol table, 0.0002783 secs]2021-01-18T10:26:21.567-0800: 6.798: [scrub string table, 0.0001420 secs][1 CMS-remark: 653990K(699072K)] 701055K(1013632K), 0.0010796 secs] [Times: user=0.01 sys=0.00, real=0.00 secs] 
2021-01-18T10:26:21.567-0800: 6.798: [CMS-concurrent-sweep-start]
2021-01-18T10:26:21.569-0800: 6.799: [CMS-concurrent-sweep: 0.001/0.001 secs] [Times: user=0.00 sys=0.00, real=0.00 secs] 
2021-01-18T10:26:21.569-0800: 6.799: [CMS-concurrent-reset-start]
2021-01-18T10:26:21.569-0800: 6.800: [CMS-concurrent-reset: 0.001/0.001 secs] [Times: user=0.00 sys=0.00, real=0.00 secs] 
2021-01-18T10:26:21.596-0800: 6.827: [GC (Allocation Failure) 2021-01-18T10:26:21.596-0800: 6.827: [ParNew: 314558K->34943K(314560K), 0.0156979 secs] 735601K->539637K(1013632K), 0.0157931 secs] [Times: user=0.11 sys=0.00, real=0.02 secs] 
2021-01-18T10:26:21.612-0800: 6.843: [GC (CMS Initial Mark) [1 CMS-initial-mark: 504694K(699072K)] 545611K(1013632K), 0.0001572 secs] [Times: user=0.00 sys=0.00, real=0.00 secs] 
2021-01-18T10:26:21.612-0800: 6.843: [CMS-concurrent-mark-start]
2021-01-18T10:26:21.614-0800: 6.845: [CMS-concurrent-mark: 0.002/0.002 secs] [Times: user=0.01 sys=0.00, real=0.00 secs] 
2021-01-18T10:26:21.614-0800: 6.845: [CMS-concurrent-preclean-start]
2021-01-18T10:26:21.615-0800: 6.846: [CMS-concurrent-preclean: 0.001/0.001 secs] [Times: user=0.00 sys=0.00, real=0.00 secs] 
2021-01-18T10:26:21.615-0800: 6.846: [CMS-concurrent-abortable-preclean-start]
2021-01-18T10:26:21.644-0800: 6.875: [GC (Allocation Failure) 2021-01-18T10:26:21.644-0800: 6.875: [ParNew: 314559K->34943K(314560K), 0.0149380 secs] 819253K->617128K(1013632K), 0.0150270 secs] [Times: user=0.11 sys=0.00, real=0.01 secs] 
2021-01-18T10:26:21.691-0800: 6.921: [GC (Allocation Failure) 2021-01-18T10:26:21.691-0800: 6.921: [ParNew: 314559K->34942K(314560K), 0.0140985 secs] 896744K->696980K(1013632K), 0.0141968 secs] [Times: user=0.11 sys=0.00, real=0.01 secs] 
2021-01-18T10:26:21.706-0800: 6.937: [CMS-concurrent-abortable-preclean: 0.005/0.091 secs] [Times: user=0.28 sys=0.00, real=0.09 secs] 
2021-01-18T10:26:21.706-0800: 6.937: [GC (CMS Final Remark) [YG occupancy: 53034 K (314560 K)]2021-01-18T10:26:21.706-0800: 6.937: [Rescan (parallel) , 0.0004034 secs]2021-01-18T10:26:21.707-0800: 6.938: [weak refs processing, 0.0000166 secs]2021-01-18T10:26:21.707-0800: 6.938: [class unloading, 0.0001922 secs]2021-01-18T10:26:21.707-0800: 6.938: [scrub symbol table, 0.0002759 secs]2021-01-18T10:26:21.707-0800: 6.938: [scrub string table, 0.0001203 secs][1 CMS-remark: 662037K(699072K)] 715071K(1013632K), 0.0010863 secs] [Times: user=0.00 sys=0.00, real=0.00 secs] 
2021-01-18T10:26:21.708-0800: 6.938: [CMS-concurrent-sweep-start]
2021-01-18T10:26:21.709-0800: 6.940: [CMS-concurrent-sweep: 0.001/0.001 secs] [Times: user=0.01 sys=0.00, real=0.00 secs] 
2021-01-18T10:26:21.709-0800: 6.940: [CMS-concurrent-reset-start]
2021-01-18T10:26:21.710-0800: 6.940: [CMS-concurrent-reset: 0.001/0.001 secs] [Times: user=0.00 sys=0.00, real=0.01 secs] 
2021-01-18T10:26:21.735-0800: 6.966: [GC (Allocation Failure) 2021-01-18T10:26:21.735-0800: 6.966: [ParNew: 314558K->34943K(314560K), 0.0164613 secs] 818954K->615920K(1013632K), 0.0165578 secs] [Times: user=0.11 sys=0.00, real=0.02 secs] 
2021-01-18T10:26:21.752-0800: 6.983: [GC (CMS Initial Mark) [1 CMS-initial-mark: 580976K(699072K)] 621923K(1013632K), 0.0001621 secs] [Times: user=0.00 sys=0.00, real=0.00 secs] 
2021-01-18T10:26:21.752-0800: 6.983: [CMS-concurrent-mark-start]
2021-01-18T10:26:21.754-0800: 6.985: [CMS-concurrent-mark: 0.002/0.002 secs] [Times: user=0.00 sys=0.00, real=0.00 secs] 
2021-01-18T10:26:21.754-0800: 6.985: [CMS-concurrent-preclean-start]
2021-01-18T10:26:21.755-0800: 6.986: [CMS-concurrent-preclean: 0.001/0.001 secs] [Times: user=0.01 sys=0.00, real=0.00 secs] 
2021-01-18T10:26:21.755-0800: 6.986: [CMS-concurrent-abortable-preclean-start]
2021-01-18T10:26:21.784-0800: 7.015: [GC (Allocation Failure) 2021-01-18T10:26:21.785-0800: 7.015: [ParNew: 314559K->34943K(314560K), 0.0167332 secs] 895536K->693809K(1013632K), 0.0168314 secs] [Times: user=0.12 sys=0.01, real=0.02 secs] 
2021-01-18T10:26:21.803-0800: 7.034: [CMS-concurrent-abortable-preclean: 0.003/0.048 secs] [Times: user=0.14 sys=0.01, real=0.05 secs] 
2021-01-18T10:26:21.803-0800: 7.034: [GC (CMS Final Remark) [YG occupancy: 47895 K (314560 K)]2021-01-18T10:26:21.803-0800: 7.034: [Rescan (parallel) , 0.0012619 secs]2021-01-18T10:26:21.804-0800: 7.035: [weak refs processing, 0.0000165 secs]2021-01-18T10:26:21.805-0800: 7.035: [class unloading, 0.0001864 secs]2021-01-18T10:26:21.805-0800: 7.035: [scrub symbol table, 0.0002799 secs]2021-01-18T10:26:21.805-0800: 7.036: [scrub string table, 0.0001273 secs][1 CMS-remark: 658865K(699072K)] 706760K(1013632K), 0.0019621 secs] [Times: user=0.01 sys=0.00, real=0.00 secs] 
2021-01-18T10:26:21.805-0800: 7.036: [CMS-concurrent-sweep-start]
2021-01-18T10:26:21.807-0800: 7.038: [CMS-concurrent-sweep: 0.002/0.002 secs] [Times: user=0.00 sys=0.00, real=0.00 secs] 
2021-01-18T10:26:21.807-0800: 7.038: [CMS-concurrent-reset-start]
2021-01-18T10:26:21.808-0800: 7.038: [CMS-concurrent-reset: 0.001/0.001 secs] [Times: user=0.00 sys=0.00, real=0.00 secs] 
2021-01-18T10:26:21.836-0800: 7.067: [GC (Allocation Failure) 2021-01-18T10:26:21.836-0800: 7.067: [ParNew: 314559K->34942K(314560K), 0.0155748 secs] 737738K->538219K(1013632K), 0.0157423 secs] [Times: user=0.11 sys=0.00, real=0.02 secs] 
2021-01-18T10:26:21.852-0800: 7.083: [GC (CMS Initial Mark) [1 CMS-initial-mark: 503276K(699072K)] 538807K(1013632K), 0.0001114 secs] [Times: user=0.00 sys=0.00, real=0.00 secs] 
2021-01-18T10:26:21.852-0800: 7.083: [CMS-concurrent-mark-start]
2021-01-18T10:26:21.854-0800: 7.085: [CMS-concurrent-mark: 0.002/0.002 secs] [Times: user=0.00 sys=0.00, real=0.00 secs] 
2021-01-18T10:26:21.854-0800: 7.085: [CMS-concurrent-preclean-start]
2021-01-18T10:26:21.855-0800: 7.086: [CMS-concurrent-preclean: 0.001/0.001 secs] [Times: user=0.00 sys=0.00, real=0.00 secs] 
2021-01-18T10:26:21.855-0800: 7.086: [CMS-concurrent-abortable-preclean-start]
2021-01-18T10:26:21.883-0800: 7.114: [GC (Allocation Failure) 2021-01-18T10:26:21.883-0800: 7.114: [ParNew: 314558K->34943K(314560K), 0.0148927 secs] 817835K->618679K(1013632K), 0.0149926 secs] [Times: user=0.12 sys=0.00, real=0.01 secs] 
2021-01-18T10:26:21.930-0800: 7.160: [GC (Allocation Failure) 2021-01-18T10:26:21.930-0800: 7.160: [ParNew: 314559K->34943K(314560K), 0.0150528 secs] 898295K->695690K(1013632K), 0.0151579 secs] [Times: user=0.10 sys=0.00, real=0.01 secs] 
2021-01-18T10:26:21.946-0800: 7.177: [CMS-concurrent-abortable-preclean: 0.005/0.091 secs] [Times: user=0.28 sys=0.00, real=0.09 secs] 
2021-01-18T10:26:21.947-0800: 7.177: [GC (CMS Final Remark) [YG occupancy: 47772 K (314560 K)]2021-01-18T10:26:21.947-0800: 7.177: [Rescan (parallel) , 0.0004999 secs]2021-01-18T10:26:21.947-0800: 7.178: [weak refs processing, 0.0000181 secs]2021-01-18T10:26:21.947-0800: 7.178: [class unloading, 0.0001784 secs]2021-01-18T10:26:21.947-0800: 7.178: [scrub symbol table, 0.0002723 secs]2021-01-18T10:26:21.948-0800: 7.178: [scrub string table, 0.0001199 secs][1 CMS-remark: 660747K(699072K)] 708520K(1013632K), 0.0011980 secs] [Times: user=0.01 sys=0.00, real=0.00 secs] 
2021-01-18T10:26:21.948-0800: 7.179: [CMS-concurrent-sweep-start]
2021-01-18T10:26:21.949-0800: 7.180: [CMS-concurrent-sweep: 0.002/0.002 secs] [Times: user=0.00 sys=0.00, real=0.01 secs] 
2021-01-18T10:26:21.950-0800: 7.180: [CMS-concurrent-reset-start]
2021-01-18T10:26:21.950-0800: 7.181: [CMS-concurrent-reset: 0.000/0.000 secs] [Times: user=0.00 sys=0.00, real=0.00 secs] 
2021-01-18T10:26:21.977-0800: 7.208: [GC (Allocation Failure) 2021-01-18T10:26:21.977-0800: 7.208: [ParNew: 314559K->34943K(314560K), 0.0138645 secs] 817728K->607624K(1013632K), 0.0139626 secs] [Times: user=0.10 sys=0.00, real=0.02 secs] 
2021-01-18T10:26:21.991-0800: 7.222: [GC (CMS Initial Mark) [1 CMS-initial-mark: 572680K(699072K)] 607912K(1013632K), 0.0001598 secs] [Times: user=0.00 sys=0.00, real=0.00 secs] 
2021-01-18T10:26:21.991-0800: 7.222: [CMS-concurrent-mark-start]
2021-01-18T10:26:21.993-0800: 7.224: [CMS-concurrent-mark: 0.002/0.002 secs] [Times: user=0.00 sys=0.00, real=0.00 secs] 
2021-01-18T10:26:21.993-0800: 7.224: [CMS-concurrent-preclean-start]
2021-01-18T10:26:21.994-0800: 7.225: [CMS-concurrent-preclean: 0.001/0.001 secs] [Times: user=0.01 sys=0.00, real=0.00 secs] 
2021-01-18T10:26:21.994-0800: 7.225: [CMS-concurrent-abortable-preclean-start]
2021-01-18T10:26:22.023-0800: 7.254: [GC (Allocation Failure) 2021-01-18T10:26:22.023-0800: 7.254: [ParNew: 314559K->34943K(314560K), 0.0165518 secs] 887240K->681899K(1013632K), 0.0166480 secs] [Times: user=0.09 sys=0.01, real=0.02 secs] 
2021-01-18T10:26:22.041-0800: 7.272: [CMS-concurrent-abortable-preclean: 0.003/0.047 secs] [Times: user=0.12 sys=0.01, real=0.05 secs] 
2021-01-18T10:26:22.041-0800: 7.272: [GC (CMS Final Remark) [YG occupancy: 53620 K (314560 K)]2021-01-18T10:26:22.041-0800: 7.272: [Rescan (parallel) , 0.0011093 secs]2021-01-18T10:26:22.043-0800: 7.273: [weak refs processing, 0.0000178 secs]2021-01-18T10:26:22.043-0800: 7.273: [class unloading, 0.0002533 secs]2021-01-18T10:26:22.043-0800: 7.274: [scrub symbol table, 0.0002992 secs]2021-01-18T10:26:22.043-0800: 7.274: [scrub string table, 0.0001615 secs][1 CMS-remark: 646956K(699072K)] 700576K(1013632K), 0.0019790 secs] [Times: user=0.01 sys=0.00, real=0.00 secs] 
2021-01-18T10:26:22.043-0800: 7.274: [CMS-concurrent-sweep-start]
2021-01-18T10:26:22.046-0800: 7.276: [CMS-concurrent-sweep: 0.002/0.002 secs] [Times: user=0.00 sys=0.00, real=0.00 secs] 
2021-01-18T10:26:22.046-0800: 7.276: [CMS-concurrent-reset-start]
2021-01-18T10:26:22.047-0800: 7.277: [CMS-concurrent-reset: 0.001/0.001 secs] [Times: user=0.00 sys=0.00, real=0.00 secs] 
2021-01-18T10:26:22.077-0800: 7.307: [GC (Allocation Failure) 2021-01-18T10:26:22.077-0800: 7.307: [ParNew: 314559K->34942K(314560K), 0.0179731 secs] 727654K->527242K(1013632K), 0.0180884 secs] [Times: user=0.09 sys=0.00, real=0.02 secs] 
2021-01-18T10:26:22.095-0800: 7.326: [GC (CMS Initial Mark) [1 CMS-initial-mark: 492299K(699072K)] 533773K(1013632K), 0.0001587 secs] [Times: user=0.00 sys=0.00, real=0.00 secs] 
2021-01-18T10:26:22.095-0800: 7.326: [CMS-concurrent-mark-start]
2021-01-18T10:26:22.098-0800: 7.329: [CMS-concurrent-mark: 0.003/0.003 secs] [Times: user=0.01 sys=0.00, real=0.00 secs] 
2021-01-18T10:26:22.098-0800: 7.329: [CMS-concurrent-preclean-start]
2021-01-18T10:26:22.099-0800: 7.330: [CMS-concurrent-preclean: 0.001/0.001 secs] [Times: user=0.00 sys=0.00, real=0.00 secs] 
2021-01-18T10:26:22.099-0800: 7.330: [CMS-concurrent-abortable-preclean-start]
2021-01-18T10:26:22.130-0800: 7.361: [GC (Allocation Failure) 2021-01-18T10:26:22.130-0800: 7.361: [ParNew: 314558K->34942K(314560K), 0.0168447 secs] 806858K->606714K(1013632K), 0.0169276 secs] [Times: user=0.10 sys=0.00, real=0.01 secs] 
2021-01-18T10:26:22.181-0800: 7.412: [GC (Allocation Failure) 2021-01-18T10:26:22.181-0800: 7.412: [ParNew: 314558K->34943K(314560K), 0.0163674 secs] 886330K->684539K(1013632K), 0.0164676 secs] [Times: user=0.10 sys=0.00, real=0.01 secs] 
2021-01-18T10:26:22.200-0800: 7.430: [CMS-concurrent-abortable-preclean: 0.006/0.100 secs] [Times: user=0.28 sys=0.00, real=0.11 secs] 
2021-01-18T10:26:22.200-0800: 7.430: [GC (CMS Final Remark) [YG occupancy: 57876 K (314560 K)]2021-01-18T10:26:22.200-0800: 7.430: [Rescan (parallel) , 0.0011382 secs]2021-01-18T10:26:22.201-0800: 7.432: [weak refs processing, 0.0000181 secs]2021-01-18T10:26:22.201-0800: 7.432: [class unloading, 0.0002038 secs]2021-01-18T10:26:22.201-0800: 7.432: [scrub symbol table, 0.0003017 secs]2021-01-18T10:26:22.201-0800: 7.432: [scrub string table, 0.0001359 secs][1 CMS-remark: 649596K(699072K)] 707472K(1013632K), 0.0018935 secs] [Times: user=0.01 sys=0.00, real=0.00 secs] 
2021-01-18T10:26:22.202-0800: 7.432: [CMS-concurrent-sweep-start]
2021-01-18T10:26:22.203-0800: 7.434: [CMS-concurrent-sweep: 0.002/0.002 secs] [Times: user=0.00 sys=0.00, real=0.00 secs] 
2021-01-18T10:26:22.204-0800: 7.434: [CMS-concurrent-reset-start]
2021-01-18T10:26:22.204-0800: 7.435: [CMS-concurrent-reset: 0.001/0.001 secs] [Times: user=0.00 sys=0.00, real=0.00 secs] 
2021-01-18T10:26:22.235-0800: 7.466: [GC (Allocation Failure) 2021-01-18T10:26:22.235-0800: 7.466: [ParNew: 314559K->34942K(314560K), 0.0200524 secs] 806997K->607767K(1013632K), 0.0201374 secs] [Times: user=0.12 sys=0.01, real=0.02 secs] 
2021-01-18T10:26:22.255-0800: 7.486: [GC (CMS Initial Mark) [1 CMS-initial-mark: 572825K(699072K)] 607965K(1013632K), 0.0001287 secs] [Times: user=0.00 sys=0.00, real=0.00 secs] 
2021-01-18T10:26:22.255-0800: 7.486: [CMS-concurrent-mark-start]
2021-01-18T10:26:22.258-0800: 7.488: [CMS-concurrent-mark: 0.002/0.002 secs] [Times: user=0.01 sys=0.00, real=0.00 secs] 
2021-01-18T10:26:22.258-0800: 7.488: [CMS-concurrent-preclean-start]
2021-01-18T10:26:22.259-0800: 7.490: [CMS-concurrent-preclean: 0.001/0.001 secs] [Times: user=0.00 sys=0.00, real=0.00 secs] 
2021-01-18T10:26:22.259-0800: 7.490: [CMS-concurrent-abortable-preclean-start]
2021-01-18T10:26:22.291-0800: 7.522: [GC (Allocation Failure) 2021-01-18T10:26:22.291-0800: 7.522: [ParNew: 314558K->34942K(314560K), 0.0180855 secs] 887383K->691909K(1013632K), 0.0181911 secs] [Times: user=0.12 sys=0.00, real=0.02 secs] 
2021-01-18T10:26:22.312-0800: 7.543: [CMS-concurrent-abortable-preclean: 0.004/0.053 secs] [Times: user=0.15 sys=0.00, real=0.06 secs] 
2021-01-18T10:26:22.312-0800: 7.543: [GC (CMS Final Remark) [YG occupancy: 47192 K (314560 K)]2021-01-18T10:26:22.312-0800: 7.543: [Rescan (parallel) , 0.0011216 secs]2021-01-18T10:26:22.313-0800: 7.544: [weak refs processing, 0.0000172 secs]2021-01-18T10:26:22.313-0800: 7.544: [class unloading, 0.0001955 secs]2021-01-18T10:26:22.314-0800: 7.544: [scrub symbol table, 0.0002928 secs]2021-01-18T10:26:22.314-0800: 7.545: [scrub string table, 0.0001288 secs][1 CMS-remark: 656966K(699072K)] 704158K(1013632K), 0.0018513 secs] [Times: user=0.01 sys=0.00, real=0.00 secs] 
2021-01-18T10:26:22.314-0800: 7.545: [CMS-concurrent-sweep-start]
2021-01-18T10:26:22.316-0800: 7.547: [CMS-concurrent-sweep: 0.002/0.002 secs] [Times: user=0.00 sys=0.00, real=0.00 secs] 
2021-01-18T10:26:22.316-0800: 7.547: [CMS-concurrent-reset-start]
2021-01-18T10:26:22.317-0800: 7.548: [CMS-concurrent-reset: 0.001/0.001 secs] [Times: user=0.00 sys=0.00, real=0.00 secs] 
2021-01-18T10:26:22.348-0800: 7.579: [GC (Allocation Failure) 2021-01-18T10:26:22.348-0800: 7.579: [ParNew: 314558K->34943K(314560K), 0.0163892 secs] 721594K->511510K(1013632K), 0.0164915 secs] [Times: user=0.10 sys=0.00, real=0.02 secs] 
2021-01-18T10:26:22.365-0800: 7.596: [GC (CMS Initial Mark) [1 CMS-initial-mark: 476567K(699072K)] 517382K(1013632K), 0.0001745 secs] [Times: user=0.00 sys=0.00, real=0.00 secs] 
2021-01-18T10:26:22.365-0800: 7.596: [CMS-concurrent-mark-start]
2021-01-18T10:26:22.367-0800: 7.598: [CMS-concurrent-mark: 0.002/0.002 secs] [Times: user=0.01 sys=0.00, real=0.00 secs] 
2021-01-18T10:26:22.367-0800: 7.598: [CMS-concurrent-preclean-start]
2021-01-18T10:26:22.368-0800: 7.599: [CMS-concurrent-preclean: 0.001/0.001 secs] [Times: user=0.00 sys=0.00, real=0.00 secs] 
2021-01-18T10:26:22.368-0800: 7.599: [CMS-concurrent-abortable-preclean-start]
2021-01-18T10:26:22.400-0800: 7.631: [GC (Allocation Failure) 2021-01-18T10:26:22.400-0800: 7.631: [ParNew: 314559K->34943K(314560K), 0.0188588 secs] 791126K->586967K(1013632K), 0.0189607 secs] [Times: user=0.10 sys=0.00, real=0.01 secs] 
2021-01-18T10:26:22.453-0800: 7.684: [GC (Allocation Failure) 2021-01-18T10:26:22.453-0800: 7.684: [ParNew: 314559K->34943K(314560K), 0.0162576 secs] 866583K->667015K(1013632K), 0.0163559 secs] [Times: user=0.11 sys=0.00, real=0.01 secs] 
2021-01-18T10:26:22.499-0800: 7.729: [GC (Allocation Failure) 2021-01-18T10:26:22.499-0800: 7.730: [ParNew: 314559K->314559K(314560K), 0.0000212 secs]2021-01-18T10:26:22.499-0800: 7.730: [CMS2021-01-18T10:26:22.499-0800: 7.730: [CMS-concurrent-abortable-preclean: 0.007/0.131 secs] [Times: user=0.30 sys=0.01, real=0.13 secs] 
 (concurrent mode failure): 632071K->369116K(699072K), 0.0541462 secs] 946631K->369116K(1013632K), [Metaspace: 2589K->2589K(1056768K)], 0.0543051 secs] [Times: user=0.06 sys=0.00, real=0.06 secs] 
2021-01-18T10:26:22.587-0800: 7.818: [GC (Allocation Failure) 2021-01-18T10:26:22.587-0800: 7.818: [ParNew: 279616K->34942K(314560K), 0.0122585 secs] 648732K->463407K(1013632K), 0.0123656 secs] [Times: user=0.09 sys=0.00, real=0.02 secs] 
2021-01-18T10:26:22.631-0800: 7.862: [GC (Allocation Failure) 2021-01-18T10:26:22.632-0800: 7.862: [ParNew: 314558K->34942K(314560K), 0.0157096 secs] 743023K->539939K(1013632K), 0.0158065 secs] [Times: user=0.11 sys=0.00, real=0.01 secs] 
2021-01-18T10:26:22.647-0800: 7.878: [GC (CMS Initial Mark) [1 CMS-initial-mark: 504997K(699072K)] 546055K(1013632K), 0.0001523 secs] [Times: user=0.00 sys=0.00, real=0.00 secs] 
2021-01-18T10:26:22.648-0800: 7.878: [CMS-concurrent-mark-start]
2021-01-18T10:26:22.649-0800: 7.880: [CMS-concurrent-mark: 0.001/0.001 secs] [Times: user=0.00 sys=0.00, real=0.00 secs] 
2021-01-18T10:26:22.649-0800: 7.880: [CMS-concurrent-preclean-start]
2021-01-18T10:26:22.650-0800: 7.881: [CMS-concurrent-preclean: 0.001/0.001 secs] [Times: user=0.00 sys=0.00, real=0.01 secs] 
2021-01-18T10:26:22.650-0800: 7.881: [CMS-concurrent-abortable-preclean-start]
2021-01-18T10:26:22.679-0800: 7.910: [GC (Allocation Failure) 2021-01-18T10:26:22.679-0800: 7.910: [ParNew: 314558K->34942K(314560K), 0.0137632 secs] 819555K->614340K(1013632K), 0.0138524 secs] [Times: user=0.10 sys=0.00, real=0.02 secs] 
2021-01-18T10:26:22.724-0800: 7.955: [GC (Allocation Failure) 2021-01-18T10:26:22.724-0800: 7.955: [ParNew: 314558K->34943K(314560K), 0.0160402 secs] 893956K->690111K(1013632K), 0.0161380 secs] [Times: user=0.09 sys=0.00, real=0.02 secs] 
2021-01-18T10:26:22.742-0800: 7.973: [CMS-concurrent-abortable-preclean: 0.005/0.092 secs] [Times: user=0.25 sys=0.00, real=0.09 secs] 
2021-01-18T10:26:22.742-0800: 7.973: [GC (CMS Final Remark) [YG occupancy: 52030 K (314560 K)]2021-01-18T10:26:22.742-0800: 7.973: [Rescan (parallel) , 0.0008171 secs]2021-01-18T10:26:22.743-0800: 7.974: [weak refs processing, 0.0000158 secs]2021-01-18T10:26:22.743-0800: 7.974: [class unloading, 0.0001843 secs]2021-01-18T10:26:22.743-0800: 7.974: [scrub symbol table, 0.0002750 secs]2021-01-18T10:26:22.743-0800: 7.974: [scrub string table, 0.0001227 secs][1 CMS-remark: 655167K(699072K)] 707198K(1013632K), 0.0014970 secs] [Times: user=0.01 sys=0.00, real=0.00 secs] 
2021-01-18T10:26:22.744-0800: 7.974: [CMS-concurrent-sweep-start]
2021-01-18T10:26:22.745-0800: 7.975: [CMS-concurrent-sweep: 0.001/0.001 secs] [Times: user=0.00 sys=0.00, real=0.00 secs] 
2021-01-18T10:26:22.745-0800: 7.975: [CMS-concurrent-reset-start]
2021-01-18T10:26:22.745-0800: 7.976: [CMS-concurrent-reset: 0.000/0.000 secs] [Times: user=0.00 sys=0.00, real=0.00 secs] 
2021-01-18T10:26:22.773-0800: 8.004: [GC (Allocation Failure) 2021-01-18T10:26:22.773-0800: 8.004: [ParNew: 314559K->34942K(314560K), 0.0144186 secs] 808862K->606142K(1013632K), 0.0145126 secs] [Times: user=0.10 sys=0.00, real=0.01 secs] 
2021-01-18T10:26:22.788-0800: 8.019: [GC (CMS Initial Mark) [1 CMS-initial-mark: 571200K(699072K)] 611993K(1013632K), 0.0001530 secs] [Times: user=0.00 sys=0.00, real=0.00 secs] 
2021-01-18T10:26:22.788-0800: 8.019: [CMS-concurrent-mark-start]
2021-01-18T10:26:22.790-0800: 8.021: [CMS-concurrent-mark: 0.002/0.002 secs] [Times: user=0.01 sys=0.00, real=0.01 secs] 
2021-01-18T10:26:22.790-0800: 8.021: [CMS-concurrent-preclean-start]
2021-01-18T10:26:22.791-0800: 8.022: [CMS-concurrent-preclean: 0.001/0.001 secs] [Times: user=0.00 sys=0.00, real=0.00 secs] 
2021-01-18T10:26:22.791-0800: 8.022: [CMS-concurrent-abortable-preclean-start]
2021-01-18T10:26:22.818-0800: 8.049: [GC (Allocation Failure) 2021-01-18T10:26:22.818-0800: 8.049: [ParNew: 314558K->34943K(314560K), 0.0150732 secs] 885758K->687740K(1013632K), 0.0151751 secs] [Times: user=0.11 sys=0.00, real=0.02 secs] 
2021-01-18T10:26:22.835-0800: 8.066: [CMS-concurrent-abortable-preclean: 0.003/0.044 secs] [Times: user=0.14 sys=0.00, real=0.04 secs] 
2021-01-18T10:26:22.835-0800: 8.066: [GC (CMS Final Remark) [YG occupancy: 52092 K (314560 K)]2021-01-18T10:26:22.835-0800: 8.066: [Rescan (parallel) , 0.0003701 secs]2021-01-18T10:26:22.836-0800: 8.066: [weak refs processing, 0.0000170 secs]2021-01-18T10:26:22.836-0800: 8.066: [class unloading, 0.0002037 secs]2021-01-18T10:26:22.836-0800: 8.067: [scrub symbol table, 0.0002768 secs]2021-01-18T10:26:22.836-0800: 8.067: [scrub string table, 0.0001192 secs][1 CMS-remark: 652797K(699072K)] 704889K(1013632K), 0.0010758 secs] [Times: user=0.01 sys=0.00, real=0.00 secs] 
2021-01-18T10:26:22.837-0800: 8.067: [CMS-concurrent-sweep-start]
2021-01-18T10:26:22.838-0800: 8.069: [CMS-concurrent-sweep: 0.001/0.001 secs] [Times: user=0.00 sys=0.00, real=0.00 secs] 
2021-01-18T10:26:22.838-0800: 8.069: [CMS-concurrent-reset-start]
2021-01-18T10:26:22.839-0800: 8.069: [CMS-concurrent-reset: 0.000/0.000 secs] [Times: user=0.00 sys=0.00, real=0.00 secs] 
2021-01-18T10:26:22.864-0800: 8.095: [GC (Allocation Failure) 2021-01-18T10:26:22.864-0800: 8.095: [ParNew: 314559K->34943K(314560K), 0.0174297 secs] 723440K->526217K(1013632K), 0.0175019 secs] [Times: user=0.11 sys=0.00, real=0.02 secs] 
2021-01-18T10:26:22.882-0800: 8.113: [GC (CMS Initial Mark) [1 CMS-initial-mark: 491274K(699072K)] 526505K(1013632K), 0.0001472 secs] [Times: user=0.00 sys=0.00, real=0.00 secs] 
2021-01-18T10:26:22.882-0800: 8.113: [CMS-concurrent-mark-start]
2021-01-18T10:26:22.884-0800: 8.114: [CMS-concurrent-mark: 0.002/0.002 secs] [Times: user=0.00 sys=0.00, real=0.00 secs] 
2021-01-18T10:26:22.884-0800: 8.114: [CMS-concurrent-preclean-start]
2021-01-18T10:26:22.885-0800: 8.115: [CMS-concurrent-preclean: 0.001/0.001 secs] [Times: user=0.01 sys=0.00, real=0.00 secs] 
2021-01-18T10:26:22.885-0800: 8.115: [CMS-concurrent-abortable-preclean-start]
2021-01-18T10:26:22.914-0800: 8.145: [GC (Allocation Failure) 2021-01-18T10:26:22.914-0800: 8.145: [ParNew: 314559K->34943K(314560K), 0.0175421 secs] 805833K->601816K(1013632K), 0.0176178 secs] [Times: user=0.08 sys=0.00, real=0.02 secs] 
2021-01-18T10:26:22.965-0800: 8.195: [GC (Allocation Failure) 2021-01-18T10:26:22.965-0800: 8.195: [ParNew: 314559K->34943K(314560K), 0.0158210 secs] 881432K->681524K(1013632K), 0.0158971 secs] [Times: user=0.08 sys=0.00, real=0.02 secs] 
2021-01-18T10:26:23.014-0800: 8.244: [GC (Allocation Failure) 2021-01-18T10:26:23.014-0800: 8.244: [ParNew: 314559K->314559K(314560K), 0.0000215 secs]2021-01-18T10:26:23.014-0800: 8.244: [CMS2021-01-18T10:26:23.014-0800: 8.244: [CMS-concurrent-abortable-preclean: 0.007/0.129 secs] [Times: user=0.27 sys=0.00, real=0.13 secs] 
 (concurrent mode failure): 646580K->376136K(699072K), 0.0585772 secs] 961140K->376136K(1013632K), [Metaspace: 2589K->2589K(1056768K)], 0.0586893 secs] [Times: user=0.06 sys=0.01, real=0.06 secs] 
2021-01-18T10:26:23.110-0800: 8.341: [GC (Allocation Failure) 2021-01-18T10:26:23.110-0800: 8.341: [ParNew: 279616K->34943K(314560K), 0.0129032 secs] 655752K->469122K(1013632K), 0.0130067 secs] [Times: user=0.08 sys=0.00, real=0.01 secs] 
2021-01-18T10:26:23.158-0800: 8.388: [GC (Allocation Failure) 2021-01-18T10:26:23.158-0800: 8.388: [ParNew: 314559K->34942K(314560K), 0.0195711 secs] 748738K->547498K(1013632K), 0.0196615 secs] [Times: user=0.08 sys=0.00, real=0.02 secs] 
2021-01-18T10:26:23.177-0800: 8.408: [GC (CMS Initial Mark) [1 CMS-initial-mark: 512556K(699072K)] 553261K(1013632K), 0.0001995 secs] [Times: user=0.00 sys=0.00, real=0.00 secs] 
2021-01-18T10:26:23.178-0800: 8.408: [CMS-concurrent-mark-start]
2021-01-18T10:26:23.180-0800: 8.411: [CMS-concurrent-mark: 0.003/0.003 secs] [Times: user=0.01 sys=0.00, real=0.01 secs] 
2021-01-18T10:26:23.181-0800: 8.411: [CMS-concurrent-preclean-start]
2021-01-18T10:26:23.182-0800: 8.413: [CMS-concurrent-preclean: 0.002/0.002 secs] [Times: user=0.00 sys=0.00, real=0.00 secs] 
2021-01-18T10:26:23.182-0800: 8.413: [CMS-concurrent-abortable-preclean-start]
2021-01-18T10:26:23.216-0800: 8.446: [GC (Allocation Failure) 2021-01-18T10:26:23.216-0800: 8.447: [ParNew: 314558K->34942K(314560K), 0.0167795 secs] 827114K->626146K(1013632K), 0.0168895 secs] [Times: user=0.10 sys=0.00, real=0.02 secs] 
2021-01-18T10:26:23.267-0800: 8.498: [GC (Allocation Failure) 2021-01-18T10:26:23.267-0800: 8.498: [ParNew: 314558K->34943K(314560K), 0.0149426 secs] 905762K->703218K(1013632K), 0.0150976 secs] [Times: user=0.11 sys=0.01, real=0.02 secs] 
2021-01-18T10:26:23.282-0800: 8.513: [CMS-concurrent-abortable-preclean: 0.005/0.100 secs] [Times: user=0.28 sys=0.01, real=0.10 secs] 
2021-01-18T10:26:23.282-0800: 8.513: [GC (CMS Final Remark) [YG occupancy: 40553 K (314560 K)]2021-01-18T10:26:23.282-0800: 8.513: [Rescan (parallel) , 0.0004534 secs]2021-01-18T10:26:23.283-0800: 8.514: [weak refs processing, 0.0000361 secs]2021-01-18T10:26:23.283-0800: 8.514: [class unloading, 0.0003099 secs]2021-01-18T10:26:23.283-0800: 8.514: [scrub symbol table, 0.0003299 secs]2021-01-18T10:26:23.284-0800: 8.514: [scrub string table, 0.0001169 secs][1 CMS-remark: 668275K(699072K)] 708829K(1013632K), 0.0013782 secs] [Times: user=0.00 sys=0.00, real=0.00 secs] 
2021-01-18T10:26:23.284-0800: 8.515: [CMS-concurrent-sweep-start]
2021-01-18T10:26:23.285-0800: 8.516: [CMS-concurrent-sweep: 0.001/0.001 secs] [Times: user=0.00 sys=0.00, real=0.00 secs] 
2021-01-18T10:26:23.285-0800: 8.516: [CMS-concurrent-reset-start]
2021-01-18T10:26:23.286-0800: 8.516: [CMS-concurrent-reset: 0.001/0.001 secs] [Times: user=0.00 sys=0.00, real=0.00 secs] 
2021-01-18T10:26:23.316-0800: 8.547: [GC (Allocation Failure) 2021-01-18T10:26:23.316-0800: 8.547: [ParNew: 314559K->34942K(314560K), 0.0173409 secs] 807877K->622097K(1013632K), 0.0174899 secs] [Times: user=0.12 sys=0.00, real=0.02 secs] 
2021-01-18T10:26:23.334-0800: 8.565: [GC (CMS Initial Mark) [1 CMS-initial-mark: 587154K(699072K)] 622385K(1013632K), 0.0001613 secs] [Times: user=0.00 sys=0.00, real=0.00 secs] 
2021-01-18T10:26:23.334-0800: 8.565: [CMS-concurrent-mark-start]
2021-01-18T10:26:23.336-0800: 8.567: [CMS-concurrent-mark: 0.002/0.002 secs] [Times: user=0.01 sys=0.00, real=0.00 secs] 
2021-01-18T10:26:23.336-0800: 8.567: [CMS-concurrent-preclean-start]
2021-01-18T10:26:23.337-0800: 8.568: [CMS-concurrent-preclean: 0.001/0.001 secs] [Times: user=0.00 sys=0.00, real=0.00 secs] 
2021-01-18T10:26:23.337-0800: 8.568: [CMS-concurrent-abortable-preclean-start]
2021-01-18T10:26:23.365-0800: 8.595: [GC (Allocation Failure) 2021-01-18T10:26:23.365-0800: 8.595: [ParNew: 314558K->34942K(314560K), 0.0148864 secs] 901713K->704147K(1013632K), 0.0150289 secs] [Times: user=0.11 sys=0.00, real=0.02 secs] 
2021-01-18T10:26:23.380-0800: 8.611: [CMS-concurrent-abortable-preclean: 0.001/0.042 secs] [Times: user=0.14 sys=0.00, real=0.05 secs] 
2021-01-18T10:26:23.380-0800: 8.611: [GC (CMS Final Remark) [YG occupancy: 40724 K (314560 K)]2021-01-18T10:26:23.380-0800: 8.611: [Rescan (parallel) , 0.0004451 secs]2021-01-18T10:26:23.381-0800: 8.611: [weak refs processing, 0.0000328 secs]2021-01-18T10:26:23.381-0800: 8.611: [class unloading, 0.0001860 secs]2021-01-18T10:26:23.381-0800: 8.611: [scrub symbol table, 0.0002627 secs]2021-01-18T10:26:23.381-0800: 8.612: [scrub string table, 0.0002111 secs][1 CMS-remark: 669205K(699072K)] 709930K(1013632K), 0.0012556 secs] [Times: user=0.00 sys=0.00, real=0.00 secs] 
2021-01-18T10:26:23.381-0800: 8.612: [CMS-concurrent-sweep-start]
2021-01-18T10:26:23.383-0800: 8.613: [CMS-concurrent-sweep: 0.001/0.001 secs] [Times: user=0.01 sys=0.00, real=0.00 secs] 
2021-01-18T10:26:23.383-0800: 8.614: [CMS-concurrent-reset-start]
2021-01-18T10:26:23.384-0800: 8.614: [CMS-concurrent-reset: 0.001/0.001 secs] [Times: user=0.00 sys=0.00, real=0.00 secs] 
2021-01-18T10:26:23.416-0800: 8.647: [GC (Allocation Failure) 2021-01-18T10:26:23.416-0800: 8.647: [ParNew: 314558K->34942K(314560K), 0.0154265 secs] 727645K->519662K(1013632K), 0.0155604 secs] [Times: user=0.10 sys=0.00, real=0.02 secs] 
2021-01-18T10:26:23.432-0800: 8.663: [GC (CMS Initial Mark) [1 CMS-initial-mark: 484719K(699072K)] 525882K(1013632K), 0.0003288 secs] [Times: user=0.00 sys=0.00, real=0.00 secs] 
2021-01-18T10:26:23.432-0800: 8.663: [CMS-concurrent-mark-start]
2021-01-18T10:26:23.434-0800: 8.665: [CMS-concurrent-mark: 0.002/0.002 secs] [Times: user=0.01 sys=0.00, real=0.00 secs] 
2021-01-18T10:26:23.434-0800: 8.665: [CMS-concurrent-preclean-start]
2021-01-18T10:26:23.435-0800: 8.666: [CMS-concurrent-preclean: 0.001/0.001 secs] [Times: user=0.00 sys=0.00, real=0.00 secs] 
2021-01-18T10:26:23.435-0800: 8.666: [CMS-concurrent-abortable-preclean-start]
2021-01-18T10:26:23.463-0800: 8.694: [GC (Allocation Failure) 2021-01-18T10:26:23.463-0800: 8.694: [ParNew: 314558K->34943K(314560K), 0.0150122 secs] 799278K->597689K(1013632K), 0.0151083 secs] [Times: user=0.11 sys=0.01, real=0.01 secs] 
2021-01-18T10:26:23.510-0800: 8.741: [GC (Allocation Failure) 2021-01-18T10:26:23.510-0800: 8.741: [ParNew: 314559K->34943K(314560K), 0.0156245 secs] 877305K->679175K(1013632K), 0.0157122 secs] [Times: user=0.12 sys=0.00, real=0.01 secs] 
2021-01-18T10:26:23.562-0800: 8.793: [GC (Allocation Failure) 2021-01-18T10:26:23.562-0800: 8.793: [ParNew: 314559K->314559K(314560K), 0.0000302 secs]2021-01-18T10:26:23.562-0800: 8.793: [CMS2021-01-18T10:26:23.562-0800: 8.793: [CMS-concurrent-abortable-preclean: 0.006/0.127 secs] [Times: user=0.33 sys=0.01, real=0.13 secs] 
 (concurrent mode failure): 644231K->363455K(699072K), 0.0534686 secs] 958791K->363455K(1013632K), [Metaspace: 2589K->2589K(1056768K)], 0.0536680 secs] [Times: user=0.06 sys=0.00, real=0.05 secs] 
2021-01-18T10:26:23.650-0800: 8.880: [GC (Allocation Failure) 2021-01-18T10:26:23.650-0800: 8.880: [ParNew: 279616K->34943K(314560K), 0.0112243 secs] 643071K->446109K(1013632K), 0.0113216 secs] [Times: user=0.07 sys=0.00, real=0.01 secs] 
2021-01-18T10:26:23.695-0800: 8.926: [GC (Allocation Failure) 2021-01-18T10:26:23.695-0800: 8.926: [ParNew: 314559K->34943K(314560K), 0.0158819 secs] 725725K->530058K(1013632K), 0.0159748 secs] [Times: user=0.10 sys=0.00, real=0.02 secs] 
2021-01-18T10:26:23.711-0800: 8.942: [GC (CMS Initial Mark) [1 CMS-initial-mark: 495114K(699072K)] 535812K(1013632K), 0.0004278 secs] [Times: user=0.00 sys=0.00, real=0.00 secs] 
2021-01-18T10:26:23.712-0800: 8.943: [CMS-concurrent-mark-start]
2021-01-18T10:26:23.714-0800: 8.944: [CMS-concurrent-mark: 0.002/0.002 secs] [Times: user=0.01 sys=0.00, real=0.00 secs] 
2021-01-18T10:26:23.714-0800: 8.945: [CMS-concurrent-preclean-start]
2021-01-18T10:26:23.715-0800: 8.946: [CMS-concurrent-preclean: 0.001/0.001 secs] [Times: user=0.00 sys=0.00, real=0.00 secs] 
2021-01-18T10:26:23.715-0800: 8.946: [CMS-concurrent-abortable-preclean-start]
2021-01-18T10:26:23.745-0800: 8.976: [GC (Allocation Failure) 2021-01-18T10:26:23.745-0800: 8.976: [ParNew: 314559K->34943K(314560K), 0.0159963 secs] 809674K->617072K(1013632K), 0.0161185 secs] [Times: user=0.11 sys=0.00, real=0.02 secs] 
2021-01-18T10:26:23.794-0800: 9.025: [GC (Allocation Failure) 2021-01-18T10:26:23.795-0800: 9.025: [ParNew: 314559K->34943K(314560K), 0.0142962 secs] 896688K->691414K(1013632K), 0.0144414 secs] [Times: user=0.10 sys=0.01, real=0.01 secs] 
2021-01-18T10:26:23.810-0800: 9.041: [CMS-concurrent-abortable-preclean: 0.005/0.095 secs] [Times: user=0.28 sys=0.01, real=0.10 secs] 
2021-01-18T10:26:23.811-0800: 9.041: [GC (CMS Final Remark) [YG occupancy: 47488 K (314560 K)]2021-01-18T10:26:23.811-0800: 9.041: [Rescan (parallel) , 0.0006994 secs]2021-01-18T10:26:23.812-0800: 9.042: [weak refs processing, 0.0000174 secs]2021-01-18T10:26:23.812-0800: 9.042: [class unloading, 0.0002746 secs]2021-01-18T10:26:23.812-0800: 9.043: [scrub symbol table, 0.0003039 secs]2021-01-18T10:26:23.812-0800: 9.043: [scrub string table, 0.0001205 secs][1 CMS-remark: 656471K(699072K)] 703959K(1013632K), 0.0016001 secs] [Times: user=0.01 sys=0.00, real=0.00 secs] 
2021-01-18T10:26:23.812-0800: 9.043: [CMS-concurrent-sweep-start]
2021-01-18T10:26:23.814-0800: 9.045: [CMS-concurrent-sweep: 0.001/0.001 secs] [Times: user=0.00 sys=0.00, real=0.00 secs] 
2021-01-18T10:26:23.814-0800: 9.045: [CMS-concurrent-reset-start]
2021-01-18T10:26:23.815-0800: 9.045: [CMS-concurrent-reset: 0.001/0.001 secs] [Times: user=0.00 sys=0.00, real=0.00 secs] 
2021-01-18T10:26:23.843-0800: 9.074: [GC (Allocation Failure) 2021-01-18T10:26:23.843-0800: 9.074: [ParNew: 314281K->34941K(314560K), 0.0154827 secs] 801414K->600105K(1013632K), 0.0155780 secs] [Times: user=0.11 sys=0.00, real=0.01 secs] 
2021-01-18T10:26:23.859-0800: 9.090: [GC (CMS Initial Mark) [1 CMS-initial-mark: 565163K(699072K)] 600678K(1013632K), 0.0002017 secs] [Times: user=0.00 sys=0.00, real=0.00 secs] 
2021-01-18T10:26:23.859-0800: 9.090: [CMS-concurrent-mark-start]
2021-01-18T10:26:23.861-0800: 9.092: [CMS-concurrent-mark: 0.002/0.002 secs] [Times: user=0.01 sys=0.00, real=0.01 secs] 
2021-01-18T10:26:23.862-0800: 9.092: [CMS-concurrent-preclean-start]
2021-01-18T10:26:23.863-0800: 9.093: [CMS-concurrent-preclean: 0.001/0.001 secs] [Times: user=0.00 sys=0.00, real=0.00 secs] 
2021-01-18T10:26:23.863-0800: 9.093: [CMS-concurrent-abortable-preclean-start]
2021-01-18T10:26:23.894-0800: 9.125: [GC (Allocation Failure) 2021-01-18T10:26:23.894-0800: 9.125: [ParNew: 314557K->34943K(314560K), 0.0151891 secs] 879721K->673368K(1013632K), 0.0152915 secs] [Times: user=0.10 sys=0.00, real=0.02 secs] 
2021-01-18T10:26:23.941-0800: 9.172: [GC (Allocation Failure) 2021-01-18T10:26:23.942-0800: 9.172: [ParNew: 314559K->314559K(314560K), 0.0000218 secs]2021-01-18T10:26:23.942-0800: 9.172: [CMS2021-01-18T10:26:23.942-0800: 9.172: [CMS-concurrent-abortable-preclean: 0.005/0.079 secs] [Times: user=0.17 sys=0.00, real=0.08 secs] 
 (concurrent mode failure): 638424K->376095K(699072K), 0.0523768 secs] 952984K->376095K(1013632K), [Metaspace: 2589K->2589K(1056768K)], 0.0525265 secs] [Times: user=0.05 sys=0.00, real=0.05 secs] 
2021-01-18T10:26:24.027-0800: 9.257: [GC (Allocation Failure) 2021-01-18T10:26:24.027-0800: 9.258: [ParNew: 279616K->34942K(314560K), 0.0110547 secs] 655711K->460957K(1013632K), 0.0111927 secs] [Times: user=0.08 sys=0.00, real=0.01 secs] 
2021-01-18T10:26:24.071-0800: 9.302: [GC (Allocation Failure) 2021-01-18T10:26:24.071-0800: 9.302: [ParNew: 314558K->34942K(314560K), 0.0166291 secs] 740573K->544574K(1013632K), 0.0167114 secs] [Times: user=0.10 sys=0.01, real=0.01 secs] 
2021-01-18T10:26:24.088-0800: 9.319: [GC (CMS Initial Mark) [1 CMS-initial-mark: 509632K(699072K)] 550235K(1013632K), 0.0002993 secs] [Times: user=0.00 sys=0.00, real=0.00 secs] 
2021-01-18T10:26:24.088-0800: 9.319: [CMS-concurrent-mark-start]
2021-01-18T10:26:24.090-0800: 9.321: [CMS-concurrent-mark: 0.001/0.001 secs] [Times: user=0.01 sys=0.00, real=0.01 secs] 
2021-01-18T10:26:24.090-0800: 9.321: [CMS-concurrent-preclean-start]
2021-01-18T10:26:24.091-0800: 9.322: [CMS-concurrent-preclean: 0.001/0.001 secs] [Times: user=0.00 sys=0.00, real=0.00 secs] 
2021-01-18T10:26:24.091-0800: 9.322: [CMS-concurrent-abortable-preclean-start]
2021-01-18T10:26:24.121-0800: 9.352: [GC (Allocation Failure) 2021-01-18T10:26:24.121-0800: 9.352: [ParNew: 314300K->34943K(314560K), 0.0151617 secs] 823932K->624826K(1013632K), 0.0152500 secs] [Times: user=0.10 sys=0.00, real=0.01 secs] 
2021-01-18T10:26:24.169-0800: 9.400: [GC (Allocation Failure) 2021-01-18T10:26:24.169-0800: 9.400: [ParNew: 314559K->34943K(314560K), 0.0148719 secs] 904442K->708139K(1013632K), 0.0150208 secs] [Times: user=0.11 sys=0.00, real=0.02 secs] 
2021-01-18T10:26:24.184-0800: 9.415: [CMS-concurrent-abortable-preclean: 0.004/0.093 secs] [Times: user=0.28 sys=0.00, real=0.09 secs] 
2021-01-18T10:26:24.184-0800: 9.415: [GC (CMS Final Remark) [YG occupancy: 41176 K (314560 K)]2021-01-18T10:26:24.184-0800: 9.415: [Rescan (parallel) , 0.0004807 secs]2021-01-18T10:26:24.185-0800: 9.415: [weak refs processing, 0.0000119 secs]2021-01-18T10:26:24.185-0800: 9.415: [class unloading, 0.0001765 secs]2021-01-18T10:26:24.185-0800: 9.416: [scrub symbol table, 0.0002651 secs]2021-01-18T10:26:24.185-0800: 9.416: [scrub string table, 0.0001132 secs][1 CMS-remark: 673195K(699072K)] 714372K(1013632K), 0.0011235 secs] [Times: user=0.00 sys=0.00, real=0.00 secs] 
2021-01-18T10:26:24.185-0800: 9.416: [CMS-concurrent-sweep-start]
2021-01-18T10:26:24.187-0800: 9.417: [CMS-concurrent-sweep: 0.001/0.001 secs] [Times: user=0.00 sys=0.00, real=0.00 secs] 
2021-01-18T10:26:24.187-0800: 9.417: [CMS-concurrent-reset-start]
2021-01-18T10:26:24.187-0800: 9.418: [CMS-concurrent-reset: 0.000/0.000 secs] [Times: user=0.00 sys=0.00, real=0.00 secs] 
2021-01-18T10:26:24.219-0800: 9.450: [GC (Allocation Failure) 2021-01-18T10:26:24.219-0800: 9.450: [ParNew: 314559K->34942K(314560K), 0.0161773 secs] 811878K->602292K(1013632K), 0.0162721 secs] [Times: user=0.10 sys=0.00, real=0.02 secs] 
2021-01-18T10:26:24.236-0800: 9.466: [GC (CMS Initial Mark) [1 CMS-initial-mark: 567349K(699072K)] 608261K(1013632K), 0.0001949 secs] [Times: user=0.00 sys=0.00, real=0.00 secs] 
2021-01-18T10:26:24.236-0800: 9.467: [CMS-concurrent-mark-start]
2021-01-18T10:26:24.238-0800: 9.469: [CMS-concurrent-mark: 0.002/0.002 secs] [Times: user=0.01 sys=0.00, real=0.00 secs] 
2021-01-18T10:26:24.238-0800: 9.469: [CMS-concurrent-preclean-start]
2021-01-18T10:26:24.239-0800: 9.470: [CMS-concurrent-preclean: 0.001/0.001 secs] [Times: user=0.00 sys=0.00, real=0.00 secs] 
2021-01-18T10:26:24.239-0800: 9.470: [CMS-concurrent-abortable-preclean-start]
2021-01-18T10:26:24.268-0800: 9.499: [GC (Allocation Failure) 2021-01-18T10:26:24.268-0800: 9.499: [ParNew: 314492K->34943K(314560K), 0.0155335 secs] 881842K->682000K(1013632K), 0.0156166 secs] [Times: user=0.11 sys=0.00, real=0.02 secs] 
2021-01-18T10:26:24.286-0800: 9.516: [CMS-concurrent-abortable-preclean: 0.003/0.046 secs] [Times: user=0.14 sys=0.00, real=0.05 secs] 
2021-01-18T10:26:24.286-0800: 9.516: [GC (CMS Final Remark) [YG occupancy: 52280 K (314560 K)]2021-01-18T10:26:24.286-0800: 9.516: [Rescan (parallel) , 0.0011595 secs]2021-01-18T10:26:24.287-0800: 9.518: [weak refs processing, 0.0000181 secs]2021-01-18T10:26:24.287-0800: 9.518: [class unloading, 0.0001957 secs]2021-01-18T10:26:24.287-0800: 9.518: [scrub symbol table, 0.0002869 secs]2021-01-18T10:26:24.288-0800: 9.518: [scrub string table, 0.0001368 secs][1 CMS-remark: 647056K(699072K)] 699337K(1013632K), 0.0018898 secs] [Times: user=0.01 sys=0.00, real=0.00 secs] 
2021-01-18T10:26:24.288-0800: 9.518: [CMS-concurrent-sweep-start]
2021-01-18T10:26:24.289-0800: 9.520: [CMS-concurrent-sweep: 0.002/0.002 secs] [Times: user=0.00 sys=0.00, real=0.00 secs] 
2021-01-18T10:26:24.289-0800: 9.520: [CMS-concurrent-reset-start]
2021-01-18T10:26:24.290-0800: 9.521: [CMS-concurrent-reset: 0.001/0.001 secs] [Times: user=0.00 sys=0.00, real=0.01 secs] 
2021-01-18T10:26:24.319-0800: 9.550: [GC (Allocation Failure) 2021-01-18T10:26:24.319-0800: 9.550: [ParNew: 314559K->34941K(314560K), 0.0161643 secs] 725823K->529083K(1013632K), 0.0162638 secs] [Times: user=0.12 sys=0.01, real=0.02 secs] 
2021-01-18T10:26:24.336-0800: 9.567: [GC (CMS Initial Mark) [1 CMS-initial-mark: 494141K(699072K)] 529227K(1013632K), 0.0001330 secs] [Times: user=0.00 sys=0.00, real=0.00 secs] 
2021-01-18T10:26:24.336-0800: 9.567: [CMS-concurrent-mark-start]
2021-01-18T10:26:24.338-0800: 9.568: [CMS-concurrent-mark: 0.002/0.002 secs] [Times: user=0.00 sys=0.00, real=0.00 secs] 
2021-01-18T10:26:24.338-0800: 9.568: [CMS-concurrent-preclean-start]
2021-01-18T10:26:24.339-0800: 9.570: [CMS-concurrent-preclean: 0.001/0.001 secs] [Times: user=0.00 sys=0.00, real=0.00 secs] 
2021-01-18T10:26:24.339-0800: 9.570: [CMS-concurrent-abortable-preclean-start]
2021-01-18T10:26:24.367-0800: 9.598: [GC (Allocation Failure) 2021-01-18T10:26:24.367-0800: 9.598: [ParNew: 314557K->34942K(314560K), 0.0150903 secs] 808699K->610183K(1013632K), 0.0151960 secs] [Times: user=0.12 sys=0.00, real=0.02 secs] 
2021-01-18T10:26:24.415-0800: 9.646: [GC (Allocation Failure) 2021-01-18T10:26:24.415-0800: 9.646: [ParNew: 314558K->34942K(314560K), 0.0142014 secs] 889799K->682179K(1013632K), 0.0142785 secs] [Times: user=0.10 sys=0.00, real=0.01 secs] 
2021-01-18T10:26:24.431-0800: 9.662: [CMS-concurrent-abortable-preclean: 0.005/0.092 secs] [Times: user=0.28 sys=0.00, real=0.10 secs] 
2021-01-18T10:26:24.431-0800: 9.662: [GC (CMS Final Remark) [YG occupancy: 53267 K (314560 K)]2021-01-18T10:26:24.431-0800: 9.662: [Rescan (parallel) , 0.0004024 secs]2021-01-18T10:26:24.432-0800: 9.662: [weak refs processing, 0.0000136 secs]2021-01-18T10:26:24.432-0800: 9.662: [class unloading, 0.0001861 secs]2021-01-18T10:26:24.432-0800: 9.662: [scrub symbol table, 0.0002745 secs]2021-01-18T10:26:24.432-0800: 9.663: [scrub string table, 0.0001202 secs][1 CMS-remark: 647237K(699072K)] 700504K(1013632K), 0.0010560 secs] [Times: user=0.00 sys=0.00, real=0.00 secs] 
2021-01-18T10:26:24.432-0800: 9.663: [CMS-concurrent-sweep-start]
2021-01-18T10:26:24.434-0800: 9.664: [CMS-concurrent-sweep: 0.002/0.002 secs] [Times: user=0.00 sys=0.00, real=0.00 secs] 
2021-01-18T10:26:24.434-0800: 9.664: [CMS-concurrent-reset-start]
2021-01-18T10:26:24.434-0800: 9.665: [CMS-concurrent-reset: 0.001/0.001 secs] [Times: user=0.00 sys=0.00, real=0.00 secs] 
2021-01-18T10:26:24.462-0800: 9.692: [GC (Allocation Failure) 2021-01-18T10:26:24.462-0800: 9.692: [ParNew: 314558K->34943K(314560K), 0.0157340 secs] 796223K->598715K(1013632K), 0.0158141 secs] [Times: user=0.11 sys=0.00, real=0.01 secs] 
2021-01-18T10:26:24.478-0800: 9.708: [GC (CMS Initial Mark) [1 CMS-initial-mark: 563771K(699072K)] 604587K(1013632K), 0.0002294 secs] [Times: user=0.00 sys=0.00, real=0.00 secs] 
2021-01-18T10:26:24.478-0800: 9.709: [CMS-concurrent-mark-start]
2021-01-18T10:26:24.480-0800: 9.710: [CMS-concurrent-mark: 0.002/0.002 secs] [Times: user=0.01 sys=0.00, real=0.01 secs] 
2021-01-18T10:26:24.480-0800: 9.710: [CMS-concurrent-preclean-start]
2021-01-18T10:26:24.481-0800: 9.711: [CMS-concurrent-preclean: 0.001/0.001 secs] [Times: user=0.00 sys=0.00, real=0.00 secs] 
2021-01-18T10:26:24.481-0800: 9.711: [CMS-concurrent-abortable-preclean-start]
2021-01-18T10:26:24.509-0800: 9.740: [GC (Allocation Failure) 2021-01-18T10:26:24.509-0800: 9.740: [ParNew: 314559K->34943K(314560K), 0.0140636 secs] 878331K->674352K(1013632K), 0.0141470 secs] [Times: user=0.11 sys=0.00, real=0.02 secs] 
2021-01-18T10:26:24.553-0800: 9.784: [GC (Allocation Failure) 2021-01-18T10:26:24.553-0800: 9.784: [ParNew: 314559K->314559K(314560K), 0.0000174 secs]2021-01-18T10:26:24.553-0800: 9.784: [CMS2021-01-18T10:26:24.553-0800: 9.784: [CMS-concurrent-abortable-preclean: 0.003/0.072 secs] [Times: user=0.17 sys=0.00, real=0.07 secs] 
 (concurrent mode failure): 639408K->373704K(699072K), 0.0562270 secs] 953968K->373704K(1013632K), [Metaspace: 2589K->2589K(1056768K)], 0.0563534 secs] [Times: user=0.05 sys=0.00, real=0.05 secs] 
2021-01-18T10:26:24.647-0800: 9.877: [GC (Allocation Failure) 2021-01-18T10:26:24.647-0800: 9.877: [ParNew: 279616K->34943K(314560K), 0.0109462 secs] 653320K->456585K(1013632K), 0.0110309 secs] [Times: user=0.08 sys=0.01, real=0.01 secs] 
2021-01-18T10:26:24.690-0800: 9.920: [GC (Allocation Failure) 2021-01-18T10:26:24.690-0800: 9.920: [ParNew: 314559K->34943K(314560K), 0.0150646 secs] 736201K->541327K(1013632K), 0.0151502 secs] [Times: user=0.12 sys=0.00, real=0.01 secs] 
2021-01-18T10:26:24.705-0800: 9.935: [GC (CMS Initial Mark) [1 CMS-initial-mark: 506384K(699072K)] 547064K(1013632K), 0.0001885 secs] [Times: user=0.00 sys=0.00, real=0.00 secs] 
2021-01-18T10:26:24.705-0800: 9.936: [CMS-concurrent-mark-start]
2021-01-18T10:26:24.707-0800: 9.937: [CMS-concurrent-mark: 0.001/0.001 secs] [Times: user=0.00 sys=0.00, real=0.00 secs] 
2021-01-18T10:26:24.707-0800: 9.937: [CMS-concurrent-preclean-start]
2021-01-18T10:26:24.708-0800: 9.938: [CMS-concurrent-preclean: 0.001/0.001 secs] [Times: user=0.00 sys=0.00, real=0.00 secs] 
2021-01-18T10:26:24.708-0800: 9.938: [CMS-concurrent-abortable-preclean-start]
2021-01-18T10:26:24.735-0800: 9.966: [GC (Allocation Failure) 2021-01-18T10:26:24.735-0800: 9.966: [ParNew: 314559K->34943K(314560K), 0.0141492 secs] 820943K->621053K(1013632K), 0.0142297 secs] [Times: user=0.11 sys=0.00, real=0.01 secs] 
2021-01-18T10:26:24.779-0800: 10.010: [GC (Allocation Failure) 2021-01-18T10:26:24.779-0800: 10.010: [ParNew: 314559K->34943K(314560K), 0.0149959 secs] 900669K->706087K(1013632K), 0.0150849 secs] [Times: user=0.11 sys=0.00, real=0.02 secs] 
2021-01-18T10:26:24.795-0800: 10.025: [CMS-concurrent-abortable-preclean: 0.003/0.087 secs] [Times: user=0.28 sys=0.00, real=0.09 secs] 
2021-01-18T10:26:24.795-0800: 10.025: [GC (CMS Final Remark) [YG occupancy: 40942 K (314560 K)]2021-01-18T10:26:24.795-0800: 10.025: [Rescan (parallel) , 0.0006147 secs]2021-01-18T10:26:24.795-0800: 10.026: [weak refs processing, 0.0000115 secs]2021-01-18T10:26:24.795-0800: 10.026: [class unloading, 0.0001756 secs]2021-01-18T10:26:24.796-0800: 10.026: [scrub symbol table, 0.0002681 secs]2021-01-18T10:26:24.796-0800: 10.026: [scrub string table, 0.0001170 secs][1 CMS-remark: 671144K(699072K)] 712086K(1013632K), 0.0012460 secs] [Times: user=0.01 sys=0.00, real=0.00 secs] 
2021-01-18T10:26:24.796-0800: 10.027: [CMS-concurrent-sweep-start]
2021-01-18T10:26:24.797-0800: 10.028: [CMS-concurrent-sweep: 0.001/0.001 secs] [Times: user=0.00 sys=0.00, real=0.00 secs] 
2021-01-18T10:26:24.797-0800: 10.028: [CMS-concurrent-reset-start]
2021-01-18T10:26:24.798-0800: 10.029: [CMS-concurrent-reset: 0.001/0.001 secs] [Times: user=0.00 sys=0.00, real=0.00 secs] 
2021-01-18T10:26:24.827-0800: 10.058: [GC (Allocation Failure) 2021-01-18T10:26:24.827-0800: 10.058: [ParNew: 314559K->34942K(314560K), 0.0164043 secs] 811793K->614842K(1013632K), 0.0164890 secs] [Times: user=0.10 sys=0.00, real=0.02 secs] 
2021-01-18T10:26:24.844-0800: 10.075: [GC (CMS Initial Mark) [1 CMS-initial-mark: 579899K(699072K)] 615156K(1013632K), 0.0001373 secs] [Times: user=0.00 sys=0.00, real=0.00 secs] 
2021-01-18T10:26:24.844-0800: 10.075: [CMS-concurrent-mark-start]
Heap
 par new generation   total 314560K, used 46411K [0x0000000780000000, 0x0000000795550000, 0x0000000795550000)
  eden space 279616K,   4% used [0x0000000780000000, 0x0000000780b33628, 0x0000000791110000)
  from space 34944K,  99% used [0x0000000791110000, 0x000000079332f980, 0x0000000793330000)
  to   space 34944K,   0% used [0x0000000793330000, 0x0000000793330000, 0x0000000795550000)
 concurrent mark-sweep generation total 699072K, used 579899K [0x0000000795550000, 0x00000007c0000000, 0x00000007c0000000)
 Metaspace       used 2595K, capacity 4490K, committed 4864K, reserved 1056768K
  class space    used 278K, capacity 386K, committed 512K, reserved 1048576K
