Java HotSpot(TM) 64-Bit Server VM (25.271-b09) for bsd-amd64 JRE (1.8.0_271-b09), built on Sep 16 2020 16:54:38 by "java_re" with gcc 4.2.1 Compatible Apple LLVM 10.0.0 (clang-1000.11.45.5)
Memory: 4k page, physical 16777216k(3869344k free)

/proc/meminfo:

CommandLine flags: -XX:InitialHeapSize=4294967296 -XX:MaxHeapSize=4294967296 -XX:MaxNewSize=697933824 -XX:MaxTenuringThreshold=6 -XX:NewSize=697933824 -XX:OldPLABSize=16 -XX:OldSize=1395867648 -XX:+PrintGC -XX:+PrintGCDateStamps -XX:+PrintGCDetails -XX:+PrintGCTimeStamps -XX:+UseCompressedClassPointers -XX:+UseCompressedOops -XX:+UseConcMarkSweepGC -XX:+UseParNewGC 
2021-01-18T10:27:03.258-0800: 0.348: [GC (Allocation Failure) 2021-01-18T10:27:03.259-0800: 0.348: [ParNew: 545344K->68095K(613440K), 0.0490174 secs] 545344K->148415K(4126208K), 0.0491662 secs] [Times: user=0.10 sys=0.18, real=0.05 secs] 
2021-01-18T10:27:03.393-0800: 0.482: [GC (Allocation Failure) 2021-01-18T10:27:03.393-0800: 0.482: [ParNew: 613439K->68095K(613440K), 0.0575667 secs] 693759K->273414K(4126208K), 0.0576561 secs] [Times: user=0.14 sys=0.21, real=0.06 secs] 
2021-01-18T10:27:03.521-0800: 0.611: [GC (Allocation Failure) 2021-01-18T10:27:03.521-0800: 0.611: [ParNew: 613439K->68096K(613440K), 0.0831760 secs] 818758K->398388K(4126208K), 0.0832669 secs] [Times: user=0.53 sys=0.05, real=0.08 secs] 
2021-01-18T10:27:03.668-0800: 0.758: [GC (Allocation Failure) 2021-01-18T10:27:03.669-0800: 0.758: [ParNew: 613440K->68094K(613440K), 0.0748071 secs] 943732K->516271K(4126208K), 0.0749072 secs] [Times: user=0.46 sys=0.03, real=0.08 secs] 
2021-01-18T10:27:03.806-0800: 0.896: [GC (Allocation Failure) 2021-01-18T10:27:03.806-0800: 0.896: [ParNew: 613438K->68095K(613440K), 0.0762860 secs] 1061615K->643178K(4126208K), 0.0764097 secs] [Times: user=0.52 sys=0.04, real=0.08 secs] 
2021-01-18T10:27:03.947-0800: 1.037: [GC (Allocation Failure) 2021-01-18T10:27:03.947-0800: 1.037: [ParNew: 613439K->68095K(613440K), 0.0795522 secs] 1188522K->766360K(4126208K), 0.0796427 secs] [Times: user=0.52 sys=0.05, real=0.08 secs] 
2021-01-18T10:27:04.088-0800: 1.178: [GC (Allocation Failure) 2021-01-18T10:27:04.088-0800: 1.178: [ParNew: 613439K->68094K(613440K), 0.0800534 secs] 1311704K->891355K(4126208K), 0.0801413 secs] [Times: user=0.53 sys=0.04, real=0.08 secs] 
2021-01-18T10:27:04.234-0800: 1.324: [GC (Allocation Failure) 2021-01-18T10:27:04.234-0800: 1.324: [ParNew: 613438K->68095K(613440K), 0.0825522 secs] 1436699K->1017377K(4126208K), 0.0826669 secs] [Times: user=0.55 sys=0.05, real=0.08 secs] 
2021-01-18T10:27:04.381-0800: 1.471: [GC (Allocation Failure) 2021-01-18T10:27:04.381-0800: 1.471: [ParNew: 613439K->68095K(613440K), 0.0844275 secs] 1562721K->1136332K(4126208K), 0.0845314 secs] [Times: user=0.55 sys=0.05, real=0.08 secs] 
2021-01-18T10:27:04.529-0800: 1.619: [GC (Allocation Failure) 2021-01-18T10:27:04.529-0800: 1.619: [ParNew: 613439K->68095K(613440K), 0.0754194 secs] 1681676K->1254612K(4126208K), 0.0755117 secs] [Times: user=0.51 sys=0.05, real=0.08 secs] 
2021-01-18T10:27:04.667-0800: 1.757: [GC (Allocation Failure) 2021-01-18T10:27:04.667-0800: 1.757: [ParNew: 613439K->68095K(613440K), 0.0792630 secs] 1799956K->1379695K(4126208K), 0.0793635 secs] [Times: user=0.53 sys=0.04, real=0.08 secs] 
2021-01-18T10:27:04.810-0800: 1.900: [GC (Allocation Failure) 2021-01-18T10:27:04.810-0800: 1.900: [ParNew: 613439K->68094K(613440K), 0.0856687 secs] 1925039K->1504996K(4126208K), 0.0857667 secs] [Times: user=0.50 sys=0.05, real=0.08 secs] 
2021-01-18T10:27:04.958-0800: 2.048: [GC (Allocation Failure) 2021-01-18T10:27:04.958-0800: 2.048: [ParNew: 613438K->68094K(613440K), 0.0871730 secs] 2050340K->1630409K(4126208K), 0.0872716 secs] [Times: user=0.49 sys=0.05, real=0.09 secs] 
2021-01-18T10:27:05.106-0800: 2.196: [GC (Allocation Failure) 2021-01-18T10:27:05.106-0800: 2.196: [ParNew: 613438K->68095K(613440K), 0.0840434 secs] 2175753K->1763657K(4126208K), 0.0841398 secs] [Times: user=0.52 sys=0.04, real=0.09 secs] 
2021-01-18T10:27:05.252-0800: 2.342: [GC (Allocation Failure) 2021-01-18T10:27:05.252-0800: 2.342: [ParNew: 613439K->68095K(613440K), 0.0729298 secs] 2309001K->1878014K(4126208K), 0.0731290 secs] [Times: user=0.44 sys=0.04, real=0.07 secs] 
2021-01-18T10:27:05.325-0800: 2.415: [GC (CMS Initial Mark) [1 CMS-initial-mark: 1809918K(3512768K)] 1888916K(4126208K), 0.0001973 secs] [Times: user=0.00 sys=0.00, real=0.00 secs] 
2021-01-18T10:27:05.325-0800: 2.415: [CMS-concurrent-mark-start]
2021-01-18T10:27:05.338-0800: 2.428: [CMS-concurrent-mark: 0.012/0.012 secs] [Times: user=0.02 sys=0.02, real=0.01 secs] 
2021-01-18T10:27:05.338-0800: 2.428: [CMS-concurrent-preclean-start]
2021-01-18T10:27:05.343-0800: 2.433: [CMS-concurrent-preclean: 0.005/0.005 secs] [Times: user=0.01 sys=0.00, real=0.01 secs] 
2021-01-18T10:27:05.343-0800: 2.433: [CMS-concurrent-abortable-preclean-start]
2021-01-18T10:27:05.387-0800: 2.477: [GC (Allocation Failure) 2021-01-18T10:27:05.387-0800: 2.477: [ParNew2021-01-18T10:27:05.449-0800: 2.539: [CMS-concurrent-abortable-preclean: 0.005/0.107 secs] [Times: user=0.45 sys=0.03, real=0.10 secs] 
: 613439K->68095K(613440K), 0.0918575 secs] 2423358K->2013393K(4126208K), 0.0919357 secs] [Times: user=0.59 sys=0.05, real=0.09 secs] 
2021-01-18T10:27:05.479-0800: 2.569: [GC (CMS Final Remark) [YG occupancy: 79364 K (613440 K)]2021-01-18T10:27:05.479-0800: 2.569: [Rescan (parallel) , 0.0019483 secs]2021-01-18T10:27:05.481-0800: 2.571: [weak refs processing, 0.0000130 secs]2021-01-18T10:27:05.481-0800: 2.571: [class unloading, 0.0001830 secs]2021-01-18T10:27:05.481-0800: 2.571: [scrub symbol table, 0.0002758 secs]2021-01-18T10:27:05.481-0800: 2.571: [scrub string table, 0.0001179 secs][1 CMS-remark: 1945298K(3512768K)] 2024662K(4126208K), 0.0026129 secs] [Times: user=0.01 sys=0.00, real=0.01 secs] 
2021-01-18T10:27:05.482-0800: 2.572: [CMS-concurrent-sweep-start]
2021-01-18T10:27:05.486-0800: 2.575: [CMS-concurrent-sweep: 0.004/0.004 secs] [Times: user=0.01 sys=0.00, real=0.00 secs] 
2021-01-18T10:27:05.486-0800: 2.576: [CMS-concurrent-reset-start]
2021-01-18T10:27:05.502-0800: 2.592: [CMS-concurrent-reset: 0.016/0.016 secs] [Times: user=0.02 sys=0.01, real=0.02 secs] 
2021-01-18T10:27:05.546-0800: 2.636: [GC (Allocation Failure) 2021-01-18T10:27:05.546-0800: 2.636: [ParNew: 613439K->68095K(613440K), 0.0268842 secs] 1043876K->611543K(4126208K), 0.0269714 secs] [Times: user=0.19 sys=0.00, real=0.03 secs] 
2021-01-18T10:27:05.633-0800: 2.723: [GC (Allocation Failure) 2021-01-18T10:27:05.633-0800: 2.723: [ParNew: 613439K->68095K(613440K), 0.0295149 secs] 1156887K->735143K(4126208K), 0.0295964 secs] [Times: user=0.21 sys=0.00, real=0.03 secs] 
2021-01-18T10:27:05.727-0800: 2.817: [GC (Allocation Failure) 2021-01-18T10:27:05.727-0800: 2.817: [ParNew: 613439K->68095K(613440K), 0.0300051 secs] 1280487K->867960K(4126208K), 0.0300897 secs] [Times: user=0.22 sys=0.00, real=0.03 secs] 
2021-01-18T10:27:05.817-0800: 2.907: [GC (Allocation Failure) 2021-01-18T10:27:05.817-0800: 2.907: [ParNew: 613439K->68094K(613440K), 0.0312015 secs] 1413304K->1005885K(4126208K), 0.0312897 secs] [Times: user=0.22 sys=0.01, real=0.03 secs] 
2021-01-18T10:27:05.913-0800: 3.003: [GC (Allocation Failure) 2021-01-18T10:27:05.913-0800: 3.003: [ParNew: 613438K->68094K(613440K), 0.0294755 secs] 1551229K->1132777K(4126208K), 0.0295688 secs] [Times: user=0.21 sys=0.00, real=0.03 secs] 
2021-01-18T10:27:06.004-0800: 3.094: [GC (Allocation Failure) 2021-01-18T10:27:06.004-0800: 3.094: [ParNew: 613438K->68095K(613440K), 0.0334415 secs] 1678121K->1262966K(4126208K), 0.0335339 secs] [Times: user=0.19 sys=0.00, real=0.03 secs] 
2021-01-18T10:27:06.102-0800: 3.192: [GC (Allocation Failure) 2021-01-18T10:27:06.102-0800: 3.192: [ParNew: 613439K->68095K(613440K), 0.0317737 secs] 1808310K->1391952K(4126208K), 0.0318607 secs] [Times: user=0.21 sys=0.01, real=0.03 secs] 
2021-01-18T10:27:06.196-0800: 3.286: [GC (Allocation Failure) 2021-01-18T10:27:06.196-0800: 3.286: [ParNew: 613439K->68094K(613440K), 0.0305338 secs] 1937296K->1521660K(4126208K), 0.0306250 secs] [Times: user=0.21 sys=0.00, real=0.03 secs] 
2021-01-18T10:27:06.290-0800: 3.379: [GC (Allocation Failure) 2021-01-18T10:27:06.290-0800: 3.380: [ParNew: 613438K->68095K(613440K), 0.0359854 secs] 2067004K->1645170K(4126208K), 0.0360758 secs] [Times: user=0.16 sys=0.00, real=0.03 secs] 
2021-01-18T10:27:06.389-0800: 3.479: [GC (Allocation Failure) 2021-01-18T10:27:06.389-0800: 3.479: [ParNew: 613439K->68095K(613440K), 0.0297298 secs] 2190514K->1775003K(4126208K), 0.0298136 secs] [Times: user=0.20 sys=0.00, real=0.03 secs] 
2021-01-18T10:27:06.478-0800: 3.568: [GC (Allocation Failure) 2021-01-18T10:27:06.478-0800: 3.568: [ParNew: 613439K->68095K(613440K), 0.0282723 secs] 2320347K->1900145K(4126208K), 0.0283516 secs] [Times: user=0.21 sys=0.00, real=0.03 secs] 
2021-01-18T10:27:06.567-0800: 3.657: [GC (Allocation Failure) 2021-01-18T10:27:06.567-0800: 3.657: [ParNew: 613439K->68095K(613440K), 0.0340766 secs] 2445489K->2022256K(4126208K), 0.0341606 secs] [Times: user=0.22 sys=0.00, real=0.04 secs] 
2021-01-18T10:27:06.668-0800: 3.758: [GC (Allocation Failure) 2021-01-18T10:27:06.668-0800: 3.758: [ParNew: 613142K->68095K(613440K), 0.0824118 secs] 2567304K->2149735K(4126208K), 0.0825059 secs] [Times: user=0.54 sys=0.05, real=0.09 secs] 
2021-01-18T10:27:06.815-0800: 3.905: [GC (Allocation Failure) 2021-01-18T10:27:06.815-0800: 3.905: [ParNew: 613439K->68095K(613440K), 0.0802177 secs] 2695079K->2271022K(4126208K), 0.0802989 secs] [Times: user=0.51 sys=0.05, real=0.08 secs] 
2021-01-18T10:27:06.961-0800: 4.051: [GC (Allocation Failure) 2021-01-18T10:27:06.961-0800: 4.051: [ParNew: 613439K->68095K(613440K), 0.0826943 secs] 2816366K->2392276K(4126208K), 0.0828013 secs] [Times: user=0.51 sys=0.05, real=0.08 secs] 
2021-01-18T10:27:07.104-0800: 4.194: [GC (Allocation Failure) 2021-01-18T10:27:07.104-0800: 4.194: [ParNew: 613439K->68095K(613440K), 0.0864542 secs] 2937620K->2521794K(4126208K), 0.0865384 secs] [Times: user=0.55 sys=0.05, real=0.09 secs] 
2021-01-18T10:27:07.253-0800: 4.343: [GC (Allocation Failure) 2021-01-18T10:27:07.253-0800: 4.343: [ParNew: 613439K->68095K(613440K), 0.0804711 secs] 3067138K->2648091K(4126208K), 0.0805518 secs] [Times: user=0.51 sys=0.05, real=0.08 secs] 
2021-01-18T10:27:07.396-0800: 4.486: [GC (Allocation Failure) 2021-01-18T10:27:07.396-0800: 4.486: [ParNew: 613439K->68095K(613440K), 0.0907793 secs] 3193435K->2777040K(4126208K), 0.0908616 secs] [Times: user=0.54 sys=0.05, real=0.09 secs] 
2021-01-18T10:27:07.550-0800: 4.639: [GC (Allocation Failure) 2021-01-18T10:27:07.550-0800: 4.639: [ParNew: 613439K->68095K(613440K), 0.0866094 secs] 3322384K->2908330K(4126208K), 0.0866916 secs] [Times: user=0.55 sys=0.04, real=0.08 secs] 
2021-01-18T10:27:07.696-0800: 4.786: [GC (Allocation Failure) 2021-01-18T10:27:07.696-0800: 4.786: [ParNew: 613439K->68095K(613440K), 0.0783251 secs] 3453674K->3026254K(4126208K), 0.0784093 secs] [Times: user=0.54 sys=0.04, real=0.08 secs] 
2021-01-18T10:27:07.838-0800: 4.928: [GC (Allocation Failure) 2021-01-18T10:27:07.838-0800: 4.928: [ParNew: 613439K->68095K(613440K), 0.0852664 secs] 3571598K->3149711K(4126208K), 0.0853496 secs] [Times: user=0.51 sys=0.05, real=0.09 secs] 
2021-01-18T10:27:07.924-0800: 5.013: [GC (CMS Initial Mark) [1 CMS-initial-mark: 3081616K(3512768K)] 3161044K(4126208K), 0.0001806 secs] [Times: user=0.00 sys=0.00, real=0.00 secs] 
2021-01-18T10:27:07.924-0800: 5.014: [CMS-concurrent-mark-start]
2021-01-18T10:27:07.932-0800: 5.022: [CMS-concurrent-mark: 0.008/0.008 secs] [Times: user=0.02 sys=0.00, real=0.01 secs] 
2021-01-18T10:27:07.932-0800: 5.022: [CMS-concurrent-preclean-start]
2021-01-18T10:27:07.937-0800: 5.027: [CMS-concurrent-preclean: 0.005/0.005 secs] [Times: user=0.01 sys=0.00, real=0.00 secs] 
2021-01-18T10:27:07.937-0800: 5.027: [CMS-concurrent-abortable-preclean-start]
2021-01-18T10:27:07.988-0800: 5.078: [GC (Allocation Failure) 2021-01-18T10:27:07.988-0800: 5.078: [ParNew2021-01-18T10:27:08.044-0800: 5.134: [CMS-concurrent-abortable-preclean: 0.005/0.107 secs] [Times: user=0.42 sys=0.03, real=0.11 secs] 
: 613439K->68095K(613440K), 0.0695650 secs] 3695055K->3264110K(4126208K), 0.0696451 secs] [Times: user=0.45 sys=0.04, real=0.07 secs] 
2021-01-18T10:27:08.058-0800: 5.148: [GC (CMS Final Remark) [YG occupancy: 78974 K (613440 K)]2021-01-18T10:27:08.058-0800: 5.148: [Rescan (parallel) , 0.0013347 secs]2021-01-18T10:27:08.060-0800: 5.149: [weak refs processing, 0.0000344 secs]2021-01-18T10:27:08.060-0800: 5.149: [class unloading, 0.0001755 secs]2021-01-18T10:27:08.060-0800: 5.150: [scrub symbol table, 0.0002683 secs]2021-01-18T10:27:08.060-0800: 5.150: [scrub string table, 0.0001175 secs][1 CMS-remark: 3196014K(3512768K)] 3274988K(4126208K), 0.0020209 secs] [Times: user=0.01 sys=0.00, real=0.01 secs] 
2021-01-18T10:27:08.060-0800: 5.150: [CMS-concurrent-sweep-start]
2021-01-18T10:27:08.066-0800: 5.156: [CMS-concurrent-sweep: 0.006/0.006 secs] [Times: user=0.01 sys=0.00, real=0.00 secs] 
2021-01-18T10:27:08.066-0800: 5.156: [CMS-concurrent-reset-start]
2021-01-18T10:27:08.070-0800: 5.159: [CMS-concurrent-reset: 0.003/0.003 secs] [Times: user=0.01 sys=0.00, real=0.01 secs] 
2021-01-18T10:27:08.130-0800: 5.219: [GC (Allocation Failure) 2021-01-18T10:27:08.130-0800: 5.219: [ParNew: 613439K->68095K(613440K), 0.0396578 secs] 1034368K->610114K(4126208K), 0.0397366 secs] [Times: user=0.21 sys=0.01, real=0.03 secs] 
2021-01-18T10:27:08.245-0800: 5.335: [GC (Allocation Failure) 2021-01-18T10:27:08.245-0800: 5.335: [ParNew: 613439K->68095K(613440K), 0.0419304 secs] 1155458K->729061K(4126208K), 0.0420136 secs] [Times: user=0.19 sys=0.00, real=0.04 secs] 
2021-01-18T10:27:08.372-0800: 5.462: [GC (Allocation Failure) 2021-01-18T10:27:08.372-0800: 5.462: [ParNew: 613439K->68095K(613440K), 0.0346775 secs] 1274405K->841290K(4126208K), 0.0347616 secs] [Times: user=0.20 sys=0.00, real=0.03 secs] 
2021-01-18T10:27:08.480-0800: 5.570: [GC (Allocation Failure) 2021-01-18T10:27:08.482-0800: 5.572: [ParNew: 613439K->68094K(613440K), 0.0361877 secs] 1386634K->972262K(4126208K), 0.0380719 secs] [Times: user=0.21 sys=0.00, real=0.03 secs] 
2021-01-18T10:27:08.585-0800: 5.674: [GC (Allocation Failure) 2021-01-18T10:27:08.585-0800: 5.675: [ParNew: 613438K->68095K(613440K), 0.0338225 secs] 1517606K->1101660K(4126208K), 0.0339118 secs] [Times: user=0.21 sys=0.01, real=0.03 secs] 
2021-01-18T10:27:08.678-0800: 5.768: [GC (Allocation Failure) 2021-01-18T10:27:08.678-0800: 5.768: [ParNew: 613439K->68095K(613440K), 0.0266280 secs] 1647004K->1218608K(4126208K), 0.0267169 secs] [Times: user=0.21 sys=0.00, real=0.03 secs] 
2021-01-18T10:27:08.766-0800: 5.856: [GC (Allocation Failure) 2021-01-18T10:27:08.766-0800: 5.856: [ParNew: 613281K->68095K(613440K), 0.0287461 secs] 1763794K->1334310K(4126208K), 0.0288326 secs] [Times: user=0.19 sys=0.00, real=0.03 secs] 
2021-01-18T10:27:08.858-0800: 5.948: [GC (Allocation Failure) 2021-01-18T10:27:08.859-0800: 5.948: [ParNew: 613439K->68095K(613440K), 0.0308731 secs] 1879654K->1456293K(4126208K), 0.0309564 secs] [Times: user=0.21 sys=0.00, real=0.03 secs] 
2021-01-18T10:27:08.952-0800: 6.042: [GC (Allocation Failure) 2021-01-18T10:27:08.952-0800: 6.042: [ParNew: 613230K->68095K(613440K), 0.0281255 secs] 2001428K->1577184K(4126208K), 0.0282100 secs] [Times: user=0.19 sys=0.01, real=0.03 secs] 
2021-01-18T10:27:09.042-0800: 6.132: [GC (Allocation Failure) 2021-01-18T10:27:09.042-0800: 6.132: [ParNew: 613439K->68095K(613440K), 0.0288595 secs] 2122528K->1704015K(4126208K), 0.0289448 secs] [Times: user=0.20 sys=0.00, real=0.03 secs] 
2021-01-18T10:27:09.134-0800: 6.224: [GC (Allocation Failure) 2021-01-18T10:27:09.134-0800: 6.224: [ParNew: 613439K->68095K(613440K), 0.0276870 secs] 2249359K->1825242K(4126208K), 0.0277700 secs] [Times: user=0.21 sys=0.00, real=0.03 secs] 
2021-01-18T10:27:09.221-0800: 6.310: [GC (Allocation Failure) 2021-01-18T10:27:09.221-0800: 6.311: [ParNew: 613439K->68095K(613440K), 0.0287236 secs] 2370586K->1946558K(4126208K), 0.0288054 secs] [Times: user=0.20 sys=0.00, real=0.03 secs] 
2021-01-18T10:27:09.311-0800: 6.401: [GC (Allocation Failure) 2021-01-18T10:27:09.311-0800: 6.401: [ParNew: 613439K->68095K(613440K), 0.0295410 secs] 2491902K->2072262K(4126208K), 0.0296489 secs] [Times: user=0.17 sys=0.01, real=0.03 secs] 
2021-01-18T10:27:09.412-0800: 6.502: [GC (Allocation Failure) 2021-01-18T10:27:09.413-0800: 6.502: [ParNew: 613439K->68095K(613440K), 0.0316285 secs] 2617606K->2191065K(4126208K), 0.0317340 secs] [Times: user=0.19 sys=0.00, real=0.03 secs] 
2021-01-18T10:27:09.520-0800: 6.610: [GC (Allocation Failure) 2021-01-18T10:27:09.520-0800: 6.610: [ParNew: 613439K->68095K(613440K), 0.0339369 secs] 2736409K->2322470K(4126208K), 0.0340283 secs] [Times: user=0.20 sys=0.00, real=0.03 secs] 
2021-01-18T10:27:09.628-0800: 6.718: [GC (Allocation Failure) 2021-01-18T10:27:09.628-0800: 6.718: [ParNew: 613439K->68094K(613440K), 0.0329277 secs] 2867814K->2450729K(4126208K), 0.0330198 secs] [Times: user=0.22 sys=0.00, real=0.04 secs] 
2021-01-18T10:27:09.730-0800: 6.820: [GC (Allocation Failure) 2021-01-18T10:27:09.730-0800: 6.820: [ParNew: 613438K->68095K(613440K), 0.0270359 secs] 2996073K->2560174K(4126208K), 0.0271264 secs] [Times: user=0.18 sys=0.00, real=0.02 secs] 
2021-01-18T10:27:09.821-0800: 6.911: [GC (Allocation Failure) 2021-01-18T10:27:09.821-0800: 6.911: [ParNew: 613439K->68095K(613440K), 0.0316646 secs] 3105518K->2691404K(4126208K), 0.0317598 secs] [Times: user=0.19 sys=0.01, real=0.03 secs] 
2021-01-18T10:27:09.916-0800: 7.006: [GC (Allocation Failure) 2021-01-18T10:27:09.916-0800: 7.006: [ParNew: 613439K->68095K(613440K), 0.0353745 secs] 3236748K->2823505K(4126208K), 0.0354515 secs] [Times: user=0.21 sys=0.00, real=0.04 secs] 
2021-01-18T10:27:10.021-0800: 7.111: [GC (Allocation Failure) 2021-01-18T10:27:10.021-0800: 7.111: [ParNew: 613439K->68095K(613440K), 0.0430740 secs] 3368849K->2936905K(4126208K), 0.0431639 secs] [Times: user=0.26 sys=0.01, real=0.04 secs] 
2021-01-18T10:27:10.127-0800: 7.217: [GC (Allocation Failure) 2021-01-18T10:27:10.127-0800: 7.217: [ParNew: 613439K->68095K(613440K), 0.0298657 secs] 3482249K->3062667K(4126208K), 0.0299512 secs] [Times: user=0.21 sys=0.00, real=0.03 secs] 
2021-01-18T10:27:10.219-0800: 7.308: [GC (Allocation Failure) 2021-01-18T10:27:10.219-0800: 7.309: [ParNew: 613439K->68095K(613440K), 0.0300004 secs] 3608011K->3186121K(4126208K), 0.0300919 secs] [Times: user=0.20 sys=0.00, real=0.03 secs] 
2021-01-18T10:27:10.249-0800: 7.339: [GC (CMS Initial Mark) [1 CMS-initial-mark: 3118026K(3512768K)] 3197272K(4126208K), 0.0002260 secs] [Times: user=0.00 sys=0.00, real=0.00 secs] 
2021-01-18T10:27:10.249-0800: 7.339: [CMS-concurrent-mark-start]
2021-01-18T10:27:10.256-0800: 7.346: [CMS-concurrent-mark: 0.007/0.007 secs] [Times: user=0.02 sys=0.00, real=0.01 secs] 
2021-01-18T10:27:10.256-0800: 7.346: [CMS-concurrent-preclean-start]
2021-01-18T10:27:10.261-0800: 7.351: [CMS-concurrent-preclean: 0.005/0.005 secs] [Times: user=0.00 sys=0.00, real=0.01 secs] 
2021-01-18T10:27:10.261-0800: 7.351: [CMS-concurrent-abortable-preclean-start]
2021-01-18T10:27:10.313-0800: 7.403: [GC (Allocation Failure) 2021-01-18T10:27:10.313-0800: 7.403: [ParNew2021-01-18T10:27:10.368-0800: 7.458: [CMS-concurrent-abortable-preclean: 0.005/0.107 secs] [Times: user=0.36 sys=0.02, real=0.10 secs] 
: 613439K->68095K(613440K), 0.0596040 secs] 3731465K->3317284K(4126208K), 0.0597154 secs] [Times: user=0.32 sys=0.02, real=0.06 secs] 
2021-01-18T10:27:10.373-0800: 7.462: [GC (CMS Final Remark) [YG occupancy: 68383 K (613440 K)]2021-01-18T10:27:10.373-0800: 7.463: [Rescan (parallel) , 0.0028017 secs]2021-01-18T10:27:10.376-0800: 7.465: [weak refs processing, 0.0000191 secs]2021-01-18T10:27:10.376-0800: 7.465: [class unloading, 0.0001868 secs]2021-01-18T10:27:10.376-0800: 7.466: [scrub symbol table, 0.0002754 secs]2021-01-18T10:27:10.376-0800: 7.466: [scrub string table, 0.0001194 secs][1 CMS-remark: 3249189K(3512768K)] 3317572K(4126208K), 0.0035116 secs] [Times: user=0.01 sys=0.00, real=0.00 secs] 
2021-01-18T10:27:10.376-0800: 7.466: [CMS-concurrent-sweep-start]
2021-01-18T10:27:10.384-0800: 7.474: [CMS-concurrent-sweep: 0.008/0.008 secs] [Times: user=0.02 sys=0.00, real=0.01 secs] 
2021-01-18T10:27:10.384-0800: 7.474: [CMS-concurrent-reset-start]
2021-01-18T10:27:10.388-0800: 7.478: [CMS-concurrent-reset: 0.004/0.004 secs] [Times: user=0.00 sys=0.00, real=0.00 secs] 
2021-01-18T10:27:10.449-0800: 7.539: [GC (Allocation Failure) 2021-01-18T10:27:10.449-0800: 7.539: [ParNew: 613439K->68094K(613440K), 0.0274819 secs] 1044504K->625320K(4126208K), 0.0275711 secs] [Times: user=0.20 sys=0.00, real=0.03 secs] 
2021-01-18T10:27:10.541-0800: 7.631: [GC (Allocation Failure) 2021-01-18T10:27:10.541-0800: 7.631: [ParNew: 613438K->68094K(613440K), 0.0256437 secs] 1170664K->749049K(4126208K), 0.0257328 secs] [Times: user=0.20 sys=0.00, real=0.02 secs] 
2021-01-18T10:27:10.627-0800: 7.717: [GC (Allocation Failure) 2021-01-18T10:27:10.627-0800: 7.717: [ParNew: 613438K->68095K(613440K), 0.0259201 secs] 1294393K->877634K(4126208K), 0.0260050 secs] [Times: user=0.20 sys=0.00, real=0.03 secs] 
2021-01-18T10:27:10.713-0800: 7.802: [GC (Allocation Failure) 2021-01-18T10:27:10.713-0800: 7.802: [ParNew: 613439K->68094K(613440K), 0.0256103 secs] 1422978K->1002159K(4126208K), 0.0256888 secs] [Times: user=0.19 sys=0.00, real=0.02 secs] 
2021-01-18T10:27:10.800-0800: 7.890: [GC (Allocation Failure) 2021-01-18T10:27:10.800-0800: 7.890: [ParNew: 613438K->68095K(613440K), 0.0257874 secs] 1547503K->1121619K(4126208K), 0.0258675 secs] [Times: user=0.19 sys=0.01, real=0.02 secs] 
2021-01-18T10:27:10.888-0800: 7.978: [GC (Allocation Failure) 2021-01-18T10:27:10.888-0800: 7.978: [ParNew: 613439K->68095K(613440K), 0.0262483 secs] 1666963K->1241881K(4126208K), 0.0263473 secs] [Times: user=0.19 sys=0.00, real=0.03 secs] 
2021-01-18T10:27:10.975-0800: 8.065: [GC (Allocation Failure) 2021-01-18T10:27:10.975-0800: 8.065: [ParNew: 613439K->68095K(613440K), 0.0251689 secs] 1787225K->1362419K(4126208K), 0.0252525 secs] [Times: user=0.19 sys=0.00, real=0.03 secs] 
2021-01-18T10:27:11.060-0800: 8.150: [GC (Allocation Failure) 2021-01-18T10:27:11.060-0800: 8.150: [ParNew: 613439K->68095K(613440K), 0.0271431 secs] 1907763K->1502334K(4126208K), 0.0272679 secs] [Times: user=0.21 sys=0.00, real=0.02 secs] 
2021-01-18T10:27:11.143-0800: 8.233: [GC (Allocation Failure) 2021-01-18T10:27:11.143-0800: 8.233: [ParNew: 613439K->68095K(613440K), 0.0274679 secs] 2047678K->1634759K(4126208K), 0.0275514 secs] [Times: user=0.20 sys=0.00, real=0.03 secs] 
2021-01-18T10:27:11.233-0800: 8.322: [GC (Allocation Failure) 2021-01-18T10:27:11.233-0800: 8.322: [ParNew: 613439K->68095K(613440K), 0.0260106 secs] 2180103K->1759456K(4126208K), 0.0260913 secs] [Times: user=0.19 sys=0.01, real=0.02 secs] 
2021-01-18T10:27:11.320-0800: 8.410: [GC (Allocation Failure) 2021-01-18T10:27:11.320-0800: 8.410: [ParNew: 613439K->68095K(613440K), 0.0269779 secs] 2304800K->1889232K(4126208K), 0.0270678 secs] [Times: user=0.20 sys=0.00, real=0.02 secs] 
2021-01-18T10:27:11.410-0800: 8.500: [GC (Allocation Failure) 2021-01-18T10:27:11.410-0800: 8.500: [ParNew: 613439K->68095K(613440K), 0.0255740 secs] 2434576K->2009059K(4126208K), 0.0256696 secs] [Times: user=0.18 sys=0.00, real=0.02 secs] 
2021-01-18T10:27:11.499-0800: 8.589: [GC (Allocation Failure) 2021-01-18T10:27:11.499-0800: 8.589: [ParNew: 613439K->68095K(613440K), 0.0273526 secs] 2554403K->2139292K(4126208K), 0.0274525 secs] [Times: user=0.20 sys=0.00, real=0.03 secs] 
2021-01-18T10:27:11.588-0800: 8.678: [GC (Allocation Failure) 2021-01-18T10:27:11.588-0800: 8.678: [ParNew: 613439K->68095K(613440K), 0.0255020 secs] 2684636K->2260690K(4126208K), 0.0256158 secs] [Times: user=0.19 sys=0.00, real=0.03 secs] 
2021-01-18T10:27:11.676-0800: 8.765: [GC (Allocation Failure) 2021-01-18T10:27:11.676-0800: 8.765: [ParNew: 613439K->68095K(613440K), 0.0260067 secs] 2806034K->2391812K(4126208K), 0.0260941 secs] [Times: user=0.20 sys=0.00, real=0.03 secs] 
2021-01-18T10:27:11.760-0800: 8.850: [GC (Allocation Failure) 2021-01-18T10:27:11.761-0800: 8.850: [ParNew: 613439K->68095K(613440K), 0.0269796 secs] 2937156K->2516272K(4126208K), 0.0271215 secs] [Times: user=0.21 sys=0.00, real=0.02 secs] 
2021-01-18T10:27:11.850-0800: 8.940: [GC (Allocation Failure) 2021-01-18T10:27:11.850-0800: 8.940: [ParNew: 613439K->68094K(613440K), 0.0271476 secs] 3061616K->2644426K(4126208K), 0.0272272 secs] [Times: user=0.21 sys=0.00, real=0.02 secs] 
2021-01-18T10:27:11.937-0800: 9.027: [GC (Allocation Failure) 2021-01-18T10:27:11.937-0800: 9.027: [ParNew: 613438K->68095K(613440K), 0.0267533 secs] 3189770K->2765368K(4126208K), 0.0268411 secs] [Times: user=0.20 sys=0.00, real=0.03 secs] 
2021-01-18T10:27:12.023-0800: 9.113: [GC (Allocation Failure) 2021-01-18T10:27:12.023-0800: 9.113: [ParNew: 613439K->68095K(613440K), 0.0258710 secs] 3310712K->2890470K(4126208K), 0.0259554 secs] [Times: user=0.20 sys=0.00, real=0.02 secs] 
2021-01-18T10:27:12.109-0800: 9.199: [GC (Allocation Failure) 2021-01-18T10:27:12.109-0800: 9.199: [ParNew: 613439K->68095K(613440K), 0.0253463 secs] 3435814K->3014129K(4126208K), 0.0254298 secs] [Times: user=0.20 sys=0.00, real=0.03 secs] 
2021-01-18T10:27:12.194-0800: 9.284: [GC (Allocation Failure) 2021-01-18T10:27:12.194-0800: 9.284: [ParNew: 613439K->68095K(613440K), 0.0253617 secs] 3559473K->3130729K(4126208K), 0.0254423 secs] [Times: user=0.19 sys=0.00, real=0.03 secs] 
2021-01-18T10:27:12.220-0800: 9.309: [GC (CMS Initial Mark) [1 CMS-initial-mark: 3062634K(3512768K)] 3131018K(4126208K), 0.0002588 secs] [Times: user=0.00 sys=0.00, real=0.00 secs] 
2021-01-18T10:27:12.220-0800: 9.310: [CMS-concurrent-mark-start]
2021-01-18T10:27:12.226-0800: 9.316: [CMS-concurrent-mark: 0.006/0.006 secs] [Times: user=0.02 sys=0.00, real=0.00 secs] 
2021-01-18T10:27:12.226-0800: 9.316: [CMS-concurrent-preclean-start]
2021-01-18T10:27:12.231-0800: 9.320: [CMS-concurrent-preclean: 0.005/0.005 secs] [Times: user=0.01 sys=0.00, real=0.01 secs] 
2021-01-18T10:27:12.231-0800: 9.320: [CMS-concurrent-abortable-preclean-start]
2021-01-18T10:27:12.278-0800: 9.368: [GC (Allocation Failure) 2021-01-18T10:27:12.278-0800: 9.368: [ParNew: 613439K->68094K(613440K), 0.0305063 secs] 3676073K->3251638K(4126208K), 0.0305968 secs] [Times: user=0.23 sys=0.00, real=0.03 secs] 
2021-01-18T10:27:12.368-0800: 9.458: [GC (Allocation Failure) 2021-01-18T10:27:12.368-0800: 9.458: [ParNew2021-01-18T10:27:12.419-0800: 9.509: [CMS-concurrent-abortable-preclean: 0.015/0.188 secs] [Times: user=0.68 sys=0.01, real=0.18 secs] 
: 613438K->68095K(613440K), 0.1212449 secs] 3796982K->3377581K(4126208K), 0.1213289 secs] [Times: user=0.75 sys=0.04, real=0.13 secs] 
2021-01-18T10:27:12.490-0800: 9.579: [GC (CMS Final Remark) [YG occupancy: 79281 K (613440 K)]2021-01-18T10:27:12.490-0800: 9.579: [Rescan (parallel) , 0.0359611 secs]2021-01-18T10:27:12.526-0800: 9.615: [weak refs processing, 0.0000172 secs]2021-01-18T10:27:12.526-0800: 9.615: [class unloading, 0.0002005 secs]2021-01-18T10:27:12.526-0800: 9.616: [scrub symbol table, 0.0002771 secs]2021-01-18T10:27:12.526-0800: 9.616: [scrub string table, 0.0001211 secs][1 CMS-remark: 3309486K(3512768K)] 3388767K(4126208K), 0.0366670 secs] [Times: user=0.08 sys=0.03, real=0.03 secs] 
2021-01-18T10:27:12.526-0800: 9.616: [CMS-concurrent-sweep-start]
2021-01-18T10:27:12.551-0800: 9.641: [CMS-concurrent-sweep: 0.025/0.025 secs] [Times: user=0.03 sys=0.01, real=0.03 secs] 
2021-01-18T10:27:12.551-0800: 9.641: [CMS-concurrent-reset-start]
2021-01-18T10:27:12.602-0800: 9.692: [GC (Allocation Failure) 2021-01-18T10:27:12.602-0800: 9.692: [ParNew: 613439K->68095K(613440K), 0.0470639 secs] 1168533K->748254K(4126208K), 0.0471495 secs] [Times: user=0.32 sys=0.01, real=0.04 secs] 
2021-01-18T10:27:12.650-0800: 9.739: [CMS-concurrent-reset: 0.051/0.098 secs] [Times: user=0.38 sys=0.03, real=0.10 secs] 
2021-01-18T10:27:12.722-0800: 9.811: [GC (Allocation Failure) 2021-01-18T10:27:12.722-0800: 9.811: [ParNew: 613439K->68095K(613440K), 0.0276314 secs] 1293598K->868003K(4126208K), 0.0277157 secs] [Times: user=0.21 sys=0.00, real=0.02 secs] 
2021-01-18T10:27:12.808-0800: 9.897: [GC (Allocation Failure) 2021-01-18T10:27:12.808-0800: 9.897: [ParNew: 613439K->68095K(613440K), 0.0276261 secs] 1413347K->998742K(4126208K), 0.0277166 secs] [Times: user=0.20 sys=0.01, real=0.03 secs] 
2021-01-18T10:27:12.899-0800: 9.989: [GC (Allocation Failure) 2021-01-18T10:27:12.899-0800: 9.989: [ParNew: 613439K->68095K(613440K), 0.0266579 secs] 1544086K->1116828K(4126208K), 0.0267404 secs] [Times: user=0.20 sys=0.00, real=0.03 secs] 
Heap
 par new generation   total 613440K, used 559856K [0x00000006c0000000, 0x00000006e9990000, 0x00000006e9990000)
  eden space 545344K,  90% used [0x00000006c0000000, 0x00000006de03c388, 0x00000006e1490000)
  from space 68096K,  99% used [0x00000006e1490000, 0x00000006e570fe98, 0x00000006e5710000)
  to   space 68096K,   0% used [0x00000006e5710000, 0x00000006e5710000, 0x00000006e9990000)
 concurrent mark-sweep generation total 3512768K, used 1048732K [0x00000006e9990000, 0x00000007c0000000, 0x00000007c0000000)
 Metaspace       used 2595K, capacity 4490K, committed 4864K, reserved 1056768K
  class space    used 278K, capacity 386K, committed 512K, reserved 1048576K
