Java HotSpot(TM) 64-Bit Server VM (25.271-b09) for bsd-amd64 JRE (1.8.0_271-b09), built on Sep 16 2020 16:54:38 by "java_re" with gcc 4.2.1 Compatible Apple LLVM 10.0.0 (clang-1000.11.45.5)
Memory: 4k page, physical 16777216k(1723776k free)

/proc/meminfo:

CommandLine flags: -XX:InitialHeapSize=268435456 -XX:MaxHeapSize=268435456 -XX:MaxNewSize=89481216 -XX:MaxTenuringThreshold=6 -XX:NewSize=89481216 -XX:OldPLABSize=16 -XX:OldSize=178954240 -XX:+PrintGC -XX:+PrintGCDateStamps -XX:+PrintGCDetails -XX:+PrintGCTimeStamps -XX:+UseCompressedClassPointers -XX:+UseCompressedOops -XX:+UseConcMarkSweepGC -XX:+UseParNewGC 
2021-01-18T10:21:14.841-0800: 0.105: [GC (Allocation Failure) 2021-01-18T10:21:14.841-0800: 0.105: [ParNew: 69952K->8703K(78656K), 0.0065603 secs] 69952K->25543K(253440K), 0.0067304 secs] [Times: user=0.02 sys=0.03, real=0.00 secs] 
2021-01-18T10:21:14.858-0800: 0.122: [GC (Allocation Failure) 2021-01-18T10:21:14.858-0800: 0.122: [ParNew: 78655K->8704K(78656K), 0.0071830 secs] 95495K->47833K(253440K), 0.0072803 secs] [Times: user=0.02 sys=0.03, real=0.01 secs] 
2021-01-18T10:21:14.874-0800: 0.138: [GC (Allocation Failure) 2021-01-18T10:21:14.874-0800: 0.138: [ParNew: 78656K->8704K(78656K), 0.0118661 secs] 117785K->69788K(253440K), 0.0119643 secs] [Times: user=0.07 sys=0.01, real=0.01 secs] 
2021-01-18T10:21:14.895-0800: 0.158: [GC (Allocation Failure) 2021-01-18T10:21:14.895-0800: 0.158: [ParNew: 78656K->8697K(78656K), 0.0131674 secs] 139740K->91686K(253440K), 0.0133296 secs] [Times: user=0.08 sys=0.01, real=0.01 secs] 
2021-01-18T10:21:14.918-0800: 0.181: [GC (Allocation Failure) 2021-01-18T10:21:14.918-0800: 0.181: [ParNew: 78377K->8703K(78656K), 0.0127584 secs] 161366K->114037K(253440K), 0.0128537 secs] [Times: user=0.08 sys=0.01, real=0.02 secs] 
2021-01-18T10:21:14.931-0800: 0.194: [GC (CMS Initial Mark) [1 CMS-initial-mark: 105334K(174784K)] 115715K(253440K), 0.0002315 secs] [Times: user=0.00 sys=0.00, real=0.00 secs] 
2021-01-18T10:21:14.931-0800: 0.195: [CMS-concurrent-mark-start]
2021-01-18T10:21:14.932-0800: 0.196: [CMS-concurrent-mark: 0.001/0.001 secs] [Times: user=0.00 sys=0.00, real=0.00 secs] 
2021-01-18T10:21:14.932-0800: 0.196: [CMS-concurrent-preclean-start]
2021-01-18T10:21:14.933-0800: 0.196: [CMS-concurrent-preclean: 0.000/0.000 secs] [Times: user=0.00 sys=0.00, real=0.00 secs] 
2021-01-18T10:21:14.933-0800: 0.196: [CMS-concurrent-abortable-preclean-start]
2021-01-18T10:21:14.940-0800: 0.203: [GC (Allocation Failure) 2021-01-18T10:21:14.940-0800: 0.204: [ParNew: 78655K->8703K(78656K), 0.0120893 secs] 183989K->135789K(253440K), 0.0121920 secs] [Times: user=0.07 sys=0.00, real=0.01 secs] 
2021-01-18T10:21:14.961-0800: 0.224: [GC (Allocation Failure) 2021-01-18T10:21:14.961-0800: 0.224: [ParNew: 78655K->8697K(78656K), 0.0115039 secs] 205741K->154922K(253440K), 0.0116157 secs] [Times: user=0.07 sys=0.01, real=0.01 secs] 
2021-01-18T10:21:14.980-0800: 0.244: [GC (Allocation Failure) 2021-01-18T10:21:14.980-0800: 0.244: [ParNew: 77979K->8700K(78656K), 0.0160250 secs] 224203K->180196K(253440K), 0.0161210 secs] [Times: user=0.09 sys=0.01, real=0.01 secs] 
2021-01-18T10:21:14.997-0800: 0.260: [CMS-concurrent-abortable-preclean: 0.002/0.064 secs] [Times: user=0.26 sys=0.02, real=0.06 secs] 
2021-01-18T10:21:14.997-0800: 0.260: [GC (CMS Final Remark) [YG occupancy: 10810 K (78656 K)]2021-01-18T10:21:14.997-0800: 0.260: [Rescan (parallel) , 0.0007530 secs]2021-01-18T10:21:14.997-0800: 0.261: [weak refs processing, 0.0000298 secs]2021-01-18T10:21:14.997-0800: 0.261: [class unloading, 0.0001800 secs]2021-01-18T10:21:14.998-0800: 0.261: [scrub symbol table, 0.0002763 secs]2021-01-18T10:21:14.998-0800: 0.261: [scrub string table, 0.0001190 secs][1 CMS-remark: 171495K(174784K)] 182305K(253440K), 0.0014461 secs] [Times: user=0.01 sys=0.00, real=0.00 secs] 
2021-01-18T10:21:14.998-0800: 0.262: [CMS-concurrent-sweep-start]
2021-01-18T10:21:14.999-0800: 0.262: [CMS-concurrent-sweep: 0.000/0.000 secs] [Times: user=0.00 sys=0.00, real=0.00 secs] 
2021-01-18T10:21:14.999-0800: 0.262: [CMS-concurrent-reset-start]
2021-01-18T10:21:14.999-0800: 0.262: [CMS-concurrent-reset: 0.000/0.000 secs] [Times: user=0.00 sys=0.00, real=0.00 secs] 
2021-01-18T10:21:15.008-0800: 0.271: [GC (Allocation Failure) 2021-01-18T10:21:15.008-0800: 0.271: [ParNew: 78652K->78652K(78656K), 0.0000188 secs]2021-01-18T10:21:15.008-0800: 0.271: [CMS: 161937K->162870K(174784K), 0.0241472 secs] 240590K->162870K(253440K), [Metaspace: 2580K->2580K(1056768K)], 0.0243529 secs] [Times: user=0.02 sys=0.00, real=0.03 secs] 
2021-01-18T10:21:15.032-0800: 0.296: [GC (CMS Initial Mark) [1 CMS-initial-mark: 162870K(174784K)] 163158K(253440K), 0.0001821 secs] [Times: user=0.00 sys=0.00, real=0.00 secs] 
2021-01-18T10:21:15.033-0800: 0.296: [CMS-concurrent-mark-start]
2021-01-18T10:21:15.033-0800: 0.297: [CMS-concurrent-mark: 0.001/0.001 secs] [Times: user=0.00 sys=0.00, real=0.00 secs] 
2021-01-18T10:21:15.033-0800: 0.297: [CMS-concurrent-preclean-start]
2021-01-18T10:21:15.034-0800: 0.297: [CMS-concurrent-preclean: 0.000/0.000 secs] [Times: user=0.00 sys=0.00, real=0.00 secs] 
2021-01-18T10:21:15.034-0800: 0.297: [CMS-concurrent-abortable-preclean-start]
2021-01-18T10:21:15.043-0800: 0.306: [GC (Allocation Failure) 2021-01-18T10:21:15.043-0800: 0.306: [ParNew: 69865K->69865K(78656K), 0.0000205 secs]2021-01-18T10:21:15.043-0800: 0.306: [CMS2021-01-18T10:21:15.043-0800: 0.306: [CMS-concurrent-abortable-preclean: 0.000/0.009 secs] [Times: user=0.01 sys=0.00, real=0.01 secs] 
 (concurrent mode failure): 162870K->174753K(174784K), 0.0262512 secs] 232736K->177677K(253440K), [Metaspace: 2580K->2580K(1056768K)], 0.0263779 secs] [Times: user=0.03 sys=0.00, real=0.02 secs] 
2021-01-18T10:21:15.082-0800: 0.346: [Full GC (Allocation Failure) 2021-01-18T10:21:15.082-0800: 0.346: [CMS: 174753K->174635K(174784K), 0.0276672 secs] 253369K->190646K(253440K), [Metaspace: 2580K->2580K(1056768K)], 0.0277786 secs] [Times: user=0.03 sys=0.00, real=0.03 secs] 
2021-01-18T10:21:15.110-0800: 0.374: [GC (CMS Initial Mark) [1 CMS-initial-mark: 174635K(174784K)] 192327K(253440K), 0.0002401 secs] [Times: user=0.00 sys=0.00, real=0.00 secs] 
2021-01-18T10:21:15.111-0800: 0.374: [CMS-concurrent-mark-start]
2021-01-18T10:21:15.112-0800: 0.375: [CMS-concurrent-mark: 0.001/0.001 secs] [Times: user=0.00 sys=0.00, real=0.00 secs] 
2021-01-18T10:21:15.112-0800: 0.375: [CMS-concurrent-preclean-start]
2021-01-18T10:21:15.113-0800: 0.376: [CMS-concurrent-preclean: 0.001/0.001 secs] [Times: user=0.01 sys=0.00, real=0.00 secs] 
2021-01-18T10:21:15.113-0800: 0.376: [CMS-concurrent-abortable-preclean-start]
2021-01-18T10:21:15.113-0800: 0.376: [CMS-concurrent-abortable-preclean: 0.000/0.000 secs] [Times: user=0.00 sys=0.00, real=0.00 secs] 
2021-01-18T10:21:15.113-0800: 0.376: [GC (CMS Final Remark) [YG occupancy: 30683 K (78656 K)]2021-01-18T10:21:15.113-0800: 0.376: [Rescan (parallel) , 0.0011554 secs]2021-01-18T10:21:15.114-0800: 0.378: [weak refs processing, 0.0000179 secs]2021-01-18T10:21:15.114-0800: 0.378: [class unloading, 0.0002155 secs]2021-01-18T10:21:15.114-0800: 0.378: [scrub symbol table, 0.0003374 secs]2021-01-18T10:21:15.115-0800: 0.378: [scrub string table, 0.0001520 secs][1 CMS-remark: 174635K(174784K)] 205319K(253440K), 0.0019676 secs] [Times: user=0.00 sys=0.00, real=0.00 secs] 
2021-01-18T10:21:15.115-0800: 0.378: [CMS-concurrent-sweep-start]
2021-01-18T10:21:15.115-0800: 0.379: [CMS-concurrent-sweep: 0.000/0.000 secs] [Times: user=0.00 sys=0.00, real=0.00 secs] 
2021-01-18T10:21:15.115-0800: 0.379: [CMS-concurrent-reset-start]
2021-01-18T10:21:15.115-0800: 0.379: [CMS-concurrent-reset: 0.000/0.000 secs] [Times: user=0.00 sys=0.00, real=0.00 secs] 
2021-01-18T10:21:15.122-0800: 0.385: [GC (Allocation Failure) 2021-01-18T10:21:15.122-0800: 0.385: [ParNew: 78620K->78620K(78656K), 0.0000244 secs]2021-01-18T10:21:15.122-0800: 0.385: [CMS: 174635K->174757K(174784K), 0.0290699 secs] 253256K->203349K(253440K), [Metaspace: 2580K->2580K(1056768K)], 0.0291998 secs] [Times: user=0.03 sys=0.00, real=0.03 secs] 
2021-01-18T10:21:15.151-0800: 0.415: [GC (CMS Initial Mark) [1 CMS-initial-mark: 174757K(174784K)] 204894K(253440K), 0.0001930 secs] [Times: user=0.00 sys=0.00, real=0.00 secs] 
2021-01-18T10:21:15.151-0800: 0.415: [CMS-concurrent-mark-start]
2021-01-18T10:21:15.153-0800: 0.416: [CMS-concurrent-mark: 0.001/0.001 secs] [Times: user=0.00 sys=0.00, real=0.00 secs] 
2021-01-18T10:21:15.153-0800: 0.416: [CMS-concurrent-preclean-start]
2021-01-18T10:21:15.154-0800: 0.417: [CMS-concurrent-preclean: 0.001/0.001 secs] [Times: user=0.01 sys=0.00, real=0.00 secs] 
2021-01-18T10:21:15.154-0800: 0.417: [CMS-concurrent-abortable-preclean-start]
2021-01-18T10:21:15.154-0800: 0.417: [CMS-concurrent-abortable-preclean: 0.000/0.000 secs] [Times: user=0.00 sys=0.00, real=0.00 secs] 
2021-01-18T10:21:15.154-0800: 0.418: [GC (CMS Final Remark) [YG occupancy: 45234 K (78656 K)]2021-01-18T10:21:15.154-0800: 0.418: [Rescan (parallel) , 0.0009544 secs]2021-01-18T10:21:15.155-0800: 0.419: [weak refs processing, 0.0000193 secs]2021-01-18T10:21:15.155-0800: 0.419: [class unloading, 0.0001961 secs]2021-01-18T10:21:15.155-0800: 0.419: [scrub symbol table, 0.0003250 secs]2021-01-18T10:21:15.156-0800: 0.419: [scrub string table, 0.0001528 secs][1 CMS-remark: 174757K(174784K)] 219992K(253440K), 0.0017304 secs] [Times: user=0.00 sys=0.01, real=0.00 secs] 
2021-01-18T10:21:15.156-0800: 0.419: [CMS-concurrent-sweep-start]
2021-01-18T10:21:15.156-0800: 0.420: [CMS-concurrent-sweep: 0.000/0.000 secs] [Times: user=0.00 sys=0.00, real=0.00 secs] 
2021-01-18T10:21:15.156-0800: 0.420: [CMS-concurrent-reset-start]
2021-01-18T10:21:15.156-0800: 0.420: [CMS-concurrent-reset: 0.000/0.000 secs] [Times: user=0.00 sys=0.00, real=0.00 secs] 
2021-01-18T10:21:15.161-0800: 0.424: [GC (Allocation Failure) 2021-01-18T10:21:15.161-0800: 0.424: [ParNew: 78550K->78550K(78656K), 0.0000322 secs]2021-01-18T10:21:15.161-0800: 0.424: [CMS: 174649K->174572K(174784K), 0.0295507 secs] 253200K->211098K(253440K), [Metaspace: 2580K->2580K(1056768K)], 0.0297109 secs] [Times: user=0.03 sys=0.00, real=0.03 secs] 
2021-01-18T10:21:15.191-0800: 0.454: [GC (CMS Initial Mark) [1 CMS-initial-mark: 174572K(174784K)] 211242K(253440K), 0.0001807 secs] [Times: user=0.00 sys=0.00, real=0.00 secs] 
2021-01-18T10:21:15.191-0800: 0.454: [CMS-concurrent-mark-start]
2021-01-18T10:21:15.192-0800: 0.455: [CMS-concurrent-mark: 0.001/0.001 secs] [Times: user=0.00 sys=0.00, real=0.00 secs] 
2021-01-18T10:21:15.192-0800: 0.455: [CMS-concurrent-preclean-start]
2021-01-18T10:21:15.193-0800: 0.456: [CMS-concurrent-preclean: 0.001/0.001 secs] [Times: user=0.00 sys=0.00, real=0.00 secs] 
2021-01-18T10:21:15.193-0800: 0.456: [CMS-concurrent-abortable-preclean-start]
2021-01-18T10:21:15.193-0800: 0.456: [CMS-concurrent-abortable-preclean: 0.000/0.000 secs] [Times: user=0.00 sys=0.00, real=0.00 secs] 
2021-01-18T10:21:15.193-0800: 0.456: [GC (CMS Final Remark) [YG occupancy: 46207 K (78656 K)]2021-01-18T10:21:15.193-0800: 0.456: [Rescan (parallel) , 0.0002901 secs]2021-01-18T10:21:15.193-0800: 0.457: [weak refs processing, 0.0000167 secs]2021-01-18T10:21:15.193-0800: 0.457: [class unloading, 0.0002004 secs]2021-01-18T10:21:15.193-0800: 0.457: [scrub symbol table, 0.0003272 secs]2021-01-18T10:21:15.194-0800: 0.457: [scrub string table, 0.0001530 secs][1 CMS-remark: 174572K(174784K)] 220779K(253440K), 0.0010742 secs] [Times: user=0.00 sys=0.00, real=0.00 secs] 
2021-01-18T10:21:15.194-0800: 0.457: [CMS-concurrent-sweep-start]
2021-01-18T10:21:15.194-0800: 0.458: [CMS-concurrent-sweep: 0.000/0.000 secs] [Times: user=0.00 sys=0.00, real=0.00 secs] 
2021-01-18T10:21:15.194-0800: 0.458: [CMS-concurrent-reset-start]
2021-01-18T10:21:15.194-0800: 0.458: [CMS-concurrent-reset: 0.000/0.000 secs] [Times: user=0.00 sys=0.00, real=0.00 secs] 
2021-01-18T10:21:15.199-0800: 0.463: [GC (Allocation Failure) 2021-01-18T10:21:15.199-0800: 0.463: [ParNew: 78648K->78648K(78656K), 0.0000229 secs]2021-01-18T10:21:15.199-0800: 0.463: [CMS: 174572K->174729K(174784K), 0.0297525 secs] 253220K->219400K(253440K), [Metaspace: 2580K->2580K(1056768K)], 0.0298825 secs] [Times: user=0.03 sys=0.00, real=0.03 secs] 
2021-01-18T10:21:15.229-0800: 0.493: [GC (CMS Initial Mark) [1 CMS-initial-mark: 174729K(174784K)] 219424K(253440K), 0.0002205 secs] [Times: user=0.00 sys=0.00, real=0.00 secs] 
2021-01-18T10:21:15.229-0800: 0.493: [CMS-concurrent-mark-start]
2021-01-18T10:21:15.231-0800: 0.494: [CMS-concurrent-mark: 0.001/0.001 secs] [Times: user=0.00 sys=0.00, real=0.01 secs] 
2021-01-18T10:21:15.231-0800: 0.494: [CMS-concurrent-preclean-start]
2021-01-18T10:21:15.231-0800: 0.495: [CMS-concurrent-preclean: 0.001/0.001 secs] [Times: user=0.01 sys=0.00, real=0.00 secs] 
2021-01-18T10:21:15.231-0800: 0.495: [CMS-concurrent-abortable-preclean-start]
2021-01-18T10:21:15.232-0800: 0.495: [CMS-concurrent-abortable-preclean: 0.000/0.000 secs] [Times: user=0.00 sys=0.00, real=0.00 secs] 
2021-01-18T10:21:15.232-0800: 0.495: [GC (CMS Final Remark) [YG occupancy: 57810 K (78656 K)]2021-01-18T10:21:15.232-0800: 0.495: [Rescan (parallel) , 0.0007673 secs]2021-01-18T10:21:15.232-0800: 0.496: [weak refs processing, 0.0000251 secs]2021-01-18T10:21:15.232-0800: 0.496: [class unloading, 0.0003027 secs]2021-01-18T10:21:15.233-0800: 0.496: [scrub symbol table, 0.0003716 secs]2021-01-18T10:21:15.233-0800: 0.497: [scrub string table, 0.0001559 secs][1 CMS-remark: 174729K(174784K)] 232539K(253440K), 0.0017411 secs] [Times: user=0.00 sys=0.00, real=0.00 secs] 
2021-01-18T10:21:15.233-0800: 0.497: [CMS-concurrent-sweep-start]
2021-01-18T10:21:15.234-0800: 0.497: [CMS-concurrent-sweep: 0.000/0.000 secs] [Times: user=0.00 sys=0.00, real=0.00 secs] 
2021-01-18T10:21:15.234-0800: 0.497: [CMS-concurrent-reset-start]
2021-01-18T10:21:15.234-0800: 0.497: [CMS-concurrent-reset: 0.000/0.000 secs] [Times: user=0.00 sys=0.00, real=0.00 secs] 
2021-01-18T10:21:15.236-0800: 0.500: [GC (Allocation Failure) 2021-01-18T10:21:15.236-0800: 0.500: [ParNew: 78532K->78532K(78656K), 0.0000222 secs]2021-01-18T10:21:15.236-0800: 0.500: [CMS: 174679K->174408K(174784K), 0.0337174 secs] 253211K->228798K(253440K), [Metaspace: 2580K->2580K(1056768K)], 0.0338482 secs] [Times: user=0.04 sys=0.00, real=0.04 secs] 
2021-01-18T10:21:15.270-0800: 0.534: [GC (CMS Initial Mark) [1 CMS-initial-mark: 174408K(174784K)] 228942K(253440K), 0.0001947 secs] [Times: user=0.00 sys=0.00, real=0.00 secs] 
2021-01-18T10:21:15.271-0800: 0.534: [CMS-concurrent-mark-start]
2021-01-18T10:21:15.272-0800: 0.535: [CMS-concurrent-mark: 0.001/0.001 secs] [Times: user=0.00 sys=0.00, real=0.00 secs] 
2021-01-18T10:21:15.272-0800: 0.535: [CMS-concurrent-preclean-start]
2021-01-18T10:21:15.273-0800: 0.537: [CMS-concurrent-preclean: 0.001/0.001 secs] [Times: user=0.00 sys=0.00, real=0.00 secs] 
2021-01-18T10:21:15.273-0800: 0.537: [CMS-concurrent-abortable-preclean-start]
2021-01-18T10:21:15.273-0800: 0.537: [CMS-concurrent-abortable-preclean: 0.000/0.000 secs] [Times: user=0.00 sys=0.00, real=0.00 secs] 
2021-01-18T10:21:15.273-0800: 0.537: [GC (CMS Final Remark) [YG occupancy: 69908 K (78656 K)]2021-01-18T10:21:15.273-0800: 0.537: [Rescan (parallel) , 0.0012326 secs]2021-01-18T10:21:15.275-0800: 0.538: [weak refs processing, 0.0000169 secs]2021-01-18T10:21:15.275-0800: 0.538: [class unloading, 0.0001928 secs]2021-01-18T10:21:15.275-0800: 0.538: [scrub symbol table, 0.0003216 secs]2021-01-18T10:21:15.275-0800: 0.539: [scrub string table, 0.0001533 secs][1 CMS-remark: 174408K(174784K)] 244317K(253440K), 0.0020068 secs] [Times: user=0.01 sys=0.00, real=0.00 secs] 
2021-01-18T10:21:15.275-0800: 0.539: [CMS-concurrent-sweep-start]
2021-01-18T10:21:15.276-0800: 0.539: [CMS-concurrent-sweep: 0.000/0.000 secs] [Times: user=0.00 sys=0.00, real=0.00 secs] 
2021-01-18T10:21:15.276-0800: 0.539: [CMS-concurrent-reset-start]
2021-01-18T10:21:15.276-0800: 0.539: [CMS-concurrent-reset: 0.000/0.000 secs] [Times: user=0.00 sys=0.00, real=0.00 secs] 
2021-01-18T10:21:15.277-0800: 0.540: [GC (Allocation Failure) 2021-01-18T10:21:15.277-0800: 0.540: [ParNew: 78353K->78353K(78656K), 0.0000212 secs]2021-01-18T10:21:15.277-0800: 0.540: [CMS: 174408K->174503K(174784K), 0.0345475 secs] 252761K->232019K(253440K), [Metaspace: 2580K->2580K(1056768K)], 0.0346672 secs] [Times: user=0.04 sys=0.00, real=0.04 secs] 
2021-01-18T10:21:15.312-0800: 0.575: [GC (CMS Initial Mark) [1 CMS-initial-mark: 174503K(174784K)] 232379K(253440K), 0.0002389 secs] [Times: user=0.00 sys=0.00, real=0.00 secs] 
2021-01-18T10:21:15.312-0800: 0.576: [CMS-concurrent-mark-start]
2021-01-18T10:21:15.313-0800: 0.576: [CMS-concurrent-mark: 0.001/0.001 secs] [Times: user=0.00 sys=0.00, real=0.00 secs] 
2021-01-18T10:21:15.313-0800: 0.577: [CMS-concurrent-preclean-start]
2021-01-18T10:21:15.314-0800: 0.578: [CMS-concurrent-preclean: 0.001/0.001 secs] [Times: user=0.00 sys=0.00, real=0.00 secs] 
2021-01-18T10:21:15.314-0800: 0.578: [CMS-concurrent-abortable-preclean-start]
2021-01-18T10:21:15.314-0800: 0.578: [CMS-concurrent-abortable-preclean: 0.000/0.000 secs] [Times: user=0.00 sys=0.00, real=0.00 secs] 
2021-01-18T10:21:15.314-0800: 0.578: [GC (CMS Final Remark) [YG occupancy: 73163 K (78656 K)]2021-01-18T10:21:15.314-0800: 0.578: [Rescan (parallel) , 0.0011411 secs]2021-01-18T10:21:15.315-0800: 0.579: [weak refs processing, 0.0000232 secs]2021-01-18T10:21:15.316-0800: 0.579: [class unloading, 0.0002054 secs]2021-01-18T10:21:15.316-0800: 0.579: [scrub symbol table, 0.0003344 secs]2021-01-18T10:21:15.316-0800: 0.580: [scrub string table, 0.0001586 secs][1 CMS-remark: 174503K(174784K)] 247667K(253440K), 0.0019581 secs] [Times: user=0.01 sys=0.00, real=0.00 secs] 
2021-01-18T10:21:15.316-0800: 0.580: [CMS-concurrent-sweep-start]
2021-01-18T10:21:15.317-0800: 0.580: [CMS-concurrent-sweep: 0.000/0.000 secs] [Times: user=0.00 sys=0.00, real=0.00 secs] 
2021-01-18T10:21:15.317-0800: 0.580: [CMS-concurrent-reset-start]
2021-01-18T10:21:15.317-0800: 0.580: [CMS-concurrent-reset: 0.000/0.000 secs] [Times: user=0.00 sys=0.00, real=0.00 secs] 
2021-01-18T10:21:15.317-0800: 0.581: [GC (Allocation Failure) 2021-01-18T10:21:15.317-0800: 0.581: [ParNew: 78642K->78642K(78656K), 0.0000219 secs]2021-01-18T10:21:15.317-0800: 0.581: [CMS: 174269K->174119K(174784K), 0.0338046 secs] 252911K->236994K(253440K), [Metaspace: 2580K->2580K(1056768K)], 0.0339228 secs] [Times: user=0.03 sys=0.00, real=0.04 secs] 
2021-01-18T10:21:15.351-0800: 0.615: [GC (CMS Initial Mark) [1 CMS-initial-mark: 174119K(174784K)] 238442K(253440K), 0.0003159 secs] [Times: user=0.00 sys=0.00, real=0.00 secs] 
2021-01-18T10:21:15.352-0800: 0.615: [CMS-concurrent-mark-start]
2021-01-18T10:21:15.353-0800: 0.616: [CMS-concurrent-mark: 0.001/0.001 secs] [Times: user=0.01 sys=0.00, real=0.00 secs] 
2021-01-18T10:21:15.353-0800: 0.616: [CMS-concurrent-preclean-start]
2021-01-18T10:21:15.353-0800: 0.617: [CMS-concurrent-preclean: 0.001/0.001 secs] [Times: user=0.00 sys=0.00, real=0.00 secs] 
2021-01-18T10:21:15.353-0800: 0.617: [CMS-concurrent-abortable-preclean-start]
2021-01-18T10:21:15.353-0800: 0.617: [CMS-concurrent-abortable-preclean: 0.000/0.000 secs] [Times: user=0.00 sys=0.00, real=0.00 secs] 
2021-01-18T10:21:15.354-0800: 0.617: [GC (CMS Final Remark) [YG occupancy: 75720 K (78656 K)]2021-01-18T10:21:15.354-0800: 0.617: [Rescan (parallel) , 0.0011240 secs]2021-01-18T10:21:15.355-0800: 0.618: [weak refs processing, 0.0000186 secs]2021-01-18T10:21:15.355-0800: 0.618: [class unloading, 0.0002249 secs]2021-01-18T10:21:15.355-0800: 0.618: [scrub symbol table, 0.0003634 secs]2021-01-18T10:21:15.355-0800: 0.619: [scrub string table, 0.0001656 secs][1 CMS-remark: 174119K(174784K)] 249839K(253440K), 0.0019831 secs] [Times: user=0.00 sys=0.00, real=0.00 secs] 
2021-01-18T10:21:15.356-0800: 0.619: [CMS-concurrent-sweep-start]
2021-01-18T10:21:15.356-0800: 0.619: [Full GC (Allocation Failure) 2021-01-18T10:21:15.356-0800: 0.620: [CMS2021-01-18T10:21:15.356-0800: 0.620: [CMS-concurrent-sweep: 0.000/0.000 secs] [Times: user=0.00 sys=0.00, real=0.00 secs] 
 (concurrent mode failure): 174035K->174395K(174784K), 0.0319843 secs] 252468K->239704K(253440K), [Metaspace: 2580K->2580K(1056768K)], 0.0320939 secs] [Times: user=0.04 sys=0.00, real=0.03 secs] 
2021-01-18T10:21:15.390-0800: 0.654: [Full GC (Allocation Failure) 2021-01-18T10:21:15.391-0800: 0.654: [CMS: 174395K->174673K(174784K), 0.0380129 secs] 253038K->241911K(253440K), [Metaspace: 2580K->2580K(1056768K)], 0.0381685 secs] [Times: user=0.04 sys=0.00, real=0.03 secs] 
2021-01-18T10:21:15.429-0800: 0.692: [GC (CMS Initial Mark) [1 CMS-initial-mark: 174673K(174784K)] 242617K(253440K), 0.0002939 secs] [Times: user=0.00 sys=0.00, real=0.00 secs] 
2021-01-18T10:21:15.429-0800: 0.693: [CMS-concurrent-mark-start]
2021-01-18T10:21:15.430-0800: 0.694: [CMS-concurrent-mark: 0.001/0.001 secs] [Times: user=0.00 sys=0.00, real=0.01 secs] 
2021-01-18T10:21:15.430-0800: 0.694: [CMS-concurrent-preclean-start]
2021-01-18T10:21:15.431-0800: 0.695: [CMS-concurrent-preclean: 0.001/0.001 secs] [Times: user=0.00 sys=0.00, real=0.00 secs] 
2021-01-18T10:21:15.431-0800: 0.695: [CMS-concurrent-abortable-preclean-start]
2021-01-18T10:21:15.431-0800: 0.695: [CMS-concurrent-abortable-preclean: 0.000/0.000 secs] [Times: user=0.00 sys=0.00, real=0.00 secs] 
2021-01-18T10:21:15.431-0800: 0.695: [GC (CMS Final Remark) [YG occupancy: 76364 K (78656 K)]2021-01-18T10:21:15.431-0800: 0.695: [Rescan (parallel) , 0.0013529 secs]2021-01-18T10:21:15.433-0800: 0.696: [weak refs processing, 0.0000228 secs]2021-01-18T10:21:15.433-0800: 0.696: [class unloading, 0.0002306 secs]2021-01-18T10:21:15.433-0800: 0.697: [scrub symbol table, 0.0003778 secs]2021-01-18T10:21:15.433-0800: 0.697: [scrub string table, 0.0001889 secs][1 CMS-remark: 174673K(174784K)] 251038K(253440K), 0.0022708 secs] [Times: user=0.01 sys=0.00, real=0.00 secs] 
2021-01-18T10:21:15.434-0800: 0.697: [CMS-concurrent-sweep-start]
2021-01-18T10:21:15.434-0800: 0.697: [Full GC (Allocation Failure) 2021-01-18T10:21:15.434-0800: 0.697: [CMS2021-01-18T10:21:15.434-0800: 0.698: [CMS-concurrent-sweep: 0.000/0.000 secs] [Times: user=0.00 sys=0.00, real=0.00 secs] 
 (concurrent mode failure): 174673K->174305K(174784K), 0.0335560 secs] 252714K->242610K(253440K), [Metaspace: 2580K->2580K(1056768K)], 0.0336459 secs] [Times: user=0.03 sys=0.00, real=0.03 secs] 
2021-01-18T10:21:15.469-0800: 0.733: [Full GC (Allocation Failure) 2021-01-18T10:21:15.469-0800: 0.733: [CMS: 174305K->174178K(174784K), 0.0344500 secs] 252277K->243194K(253440K), [Metaspace: 2580K->2580K(1056768K)], 0.0345619 secs] [Times: user=0.04 sys=0.01, real=0.04 secs] 
2021-01-18T10:21:15.504-0800: 0.767: [GC (CMS Initial Mark) [1 CMS-initial-mark: 174178K(174784K)] 243986K(253440K), 0.0001972 secs] [Times: user=0.00 sys=0.00, real=0.00 secs] 
2021-01-18T10:21:15.504-0800: 0.768: [CMS-concurrent-mark-start]
2021-01-18T10:21:15.505-0800: 0.768: [CMS-concurrent-mark: 0.001/0.001 secs] [Times: user=0.00 sys=0.00, real=0.00 secs] 
2021-01-18T10:21:15.505-0800: 0.769: [CMS-concurrent-preclean-start]
2021-01-18T10:21:15.506-0800: 0.769: [Full GC (Allocation Failure) 2021-01-18T10:21:15.506-0800: 0.769: [CMS2021-01-18T10:21:15.506-0800: 0.770: [CMS-concurrent-preclean: 0.001/0.001 secs] [Times: user=0.00 sys=0.00, real=0.00 secs] 
 (concurrent mode failure): 174178K->174753K(174784K), 0.0293337 secs] 252740K->242981K(253440K), [Metaspace: 2580K->2580K(1056768K)], 0.0294433 secs] [Times: user=0.03 sys=0.00, real=0.03 secs] 
2021-01-18T10:21:15.537-0800: 0.801: [Full GC (Allocation Failure) 2021-01-18T10:21:15.537-0800: 0.801: [CMS: 174753K->174130K(174784K), 0.0366900 secs] 253395K->244745K(253440K), [Metaspace: 2580K->2580K(1056768K)], 0.0368151 secs] [Times: user=0.04 sys=0.00, real=0.04 secs] 
2021-01-18T10:21:15.574-0800: 0.838: [GC (CMS Initial Mark) [1 CMS-initial-mark: 174130K(174784K)] 245239K(253440K), 0.0003899 secs] [Times: user=0.00 sys=0.00, real=0.00 secs] 
2021-01-18T10:21:15.575-0800: 0.838: [CMS-concurrent-mark-start]
2021-01-18T10:21:15.577-0800: 0.840: [CMS-concurrent-mark: 0.002/0.002 secs] [Times: user=0.00 sys=0.00, real=0.00 secs] 
2021-01-18T10:21:15.577-0800: 0.840: [CMS-concurrent-preclean-start]
2021-01-18T10:21:15.578-0800: 0.841: [Full GC (Allocation Failure) 2021-01-18T10:21:15.578-0800: 0.841: [CMS2021-01-18T10:21:15.578-0800: 0.841: [CMS-concurrent-preclean: 0.001/0.001 secs] [Times: user=0.00 sys=0.00, real=0.00 secs] 
 (concurrent mode failure): 174653K->174535K(174784K), 0.0352392 secs] 253280K->245145K(253440K), [Metaspace: 2580K->2580K(1056768K)], 0.0353640 secs] [Times: user=0.04 sys=0.00, real=0.04 secs] 
2021-01-18T10:21:15.615-0800: 0.878: [Full GC (Allocation Failure) 2021-01-18T10:21:15.615-0800: 0.878: [CMS: 174535K->174467K(174784K), 0.0302518 secs] 252958K->246117K(253440K), [Metaspace: 2580K->2580K(1056768K)], 0.0304127 secs] [Times: user=0.03 sys=0.00, real=0.03 secs] 
2021-01-18T10:21:15.645-0800: 0.909: [GC (CMS Initial Mark) [1 CMS-initial-mark: 174467K(174784K)] 246435K(253440K), 0.0002806 secs] [Times: user=0.00 sys=0.00, real=0.00 secs] 
2021-01-18T10:21:15.646-0800: 0.909: [CMS-concurrent-mark-start]
2021-01-18T10:21:15.647-0800: 0.910: [CMS-concurrent-mark: 0.001/0.001 secs] [Times: user=0.00 sys=0.00, real=0.00 secs] 
2021-01-18T10:21:15.647-0800: 0.910: [CMS-concurrent-preclean-start]
2021-01-18T10:21:15.647-0800: 0.911: [Full GC (Allocation Failure) 2021-01-18T10:21:15.647-0800: 0.911: [CMS2021-01-18T10:21:15.648-0800: 0.911: [CMS-concurrent-preclean: 0.001/0.001 secs] [Times: user=0.00 sys=0.00, real=0.00 secs] 
 (concurrent mode failure): 174630K->174626K(174784K), 0.0258540 secs] 253134K->246116K(253440K), [Metaspace: 2580K->2580K(1056768K)], 0.0259750 secs] [Times: user=0.03 sys=0.00, real=0.03 secs] 
2021-01-18T10:21:15.675-0800: 0.938: [Full GC (Allocation Failure) 2021-01-18T10:21:15.675-0800: 0.938: [CMS: 174626K->174432K(174784K), 0.0316454 secs] 253263K->249505K(253440K), [Metaspace: 2580K->2580K(1056768K)], 0.0317606 secs] [Times: user=0.03 sys=0.00, real=0.03 secs] 
2021-01-18T10:21:15.706-0800: 0.970: [GC (CMS Initial Mark) [1 CMS-initial-mark: 174432K(174784K)] 249977K(253440K), 0.0002969 secs] [Times: user=0.00 sys=0.00, real=0.00 secs] 
2021-01-18T10:21:15.707-0800: 0.970: [CMS-concurrent-mark-start]
2021-01-18T10:21:15.708-0800: 0.971: [Full GC (Allocation Failure) 2021-01-18T10:21:15.708-0800: 0.971: [CMS2021-01-18T10:21:15.709-0800: 0.973: [CMS-concurrent-mark: 0.001/0.002 secs] [Times: user=0.00 sys=0.00, real=0.00 secs] 
 (concurrent mode failure): 174432K->174653K(174784K), 0.0333480 secs] 253046K->250020K(253440K), [Metaspace: 2580K->2580K(1056768K)], 0.0334531 secs] [Times: user=0.04 sys=0.00, real=0.04 secs] 
2021-01-18T10:21:15.742-0800: 1.005: [Full GC (Allocation Failure) 2021-01-18T10:21:15.742-0800: 1.005: [CMS: 174653K->174726K(174784K), 0.0328204 secs] 253297K->250477K(253440K), [Metaspace: 2580K->2580K(1056768K)], 0.0329243 secs] [Times: user=0.03 sys=0.00, real=0.03 secs] 
2021-01-18T10:21:15.775-0800: 1.038: [GC (CMS Initial Mark) [1 CMS-initial-mark: 174726K(174784K)] 251046K(253440K), 0.0002641 secs] [Times: user=0.00 sys=0.00, real=0.00 secs] 
2021-01-18T10:21:15.775-0800: 1.039: [CMS-concurrent-mark-start]
2021-01-18T10:21:15.776-0800: 1.039: [Full GC (Allocation Failure) 2021-01-18T10:21:15.776-0800: 1.039: [CMS2021-01-18T10:21:15.777-0800: 1.041: [CMS-concurrent-mark: 0.001/0.002 secs] [Times: user=0.00 sys=0.00, real=0.00 secs] 
 (concurrent mode failure): 174726K->174378K(174784K), 0.0305055 secs] 253348K->250455K(253440K), [Metaspace: 2580K->2580K(1056768K)], 0.0306160 secs] [Times: user=0.03 sys=0.00, real=0.03 secs] 
2021-01-18T10:21:15.807-0800: 1.070: [Full GC (Allocation Failure) 2021-01-18T10:21:15.807-0800: 1.071: [CMS: 174572K->174425K(174784K), 0.0099875 secs] 253225K->251263K(253440K), [Metaspace: 2580K->2580K(1056768K)], 0.0100906 secs] [Times: user=0.01 sys=0.00, real=0.01 secs] 
2021-01-18T10:21:15.817-0800: 1.081: [GC (CMS Initial Mark) [1 CMS-initial-mark: 174425K(174784K)] 251407K(253440K), 0.0003116 secs] [Times: user=0.00 sys=0.00, real=0.00 secs] 
2021-01-18T10:21:15.818-0800: 1.081: [CMS-concurrent-mark-start]
2021-01-18T10:21:15.818-0800: 1.082: [Full GC (Allocation Failure) 2021-01-18T10:21:15.818-0800: 1.082: [CMS2021-01-18T10:21:15.820-0800: 1.084: [CMS-concurrent-mark: 0.001/0.002 secs] [Times: user=0.00 sys=0.00, real=0.01 secs] 
 (concurrent mode failure): 174613K->174353K(174784K), 0.0040854 secs] 253247K->251380K(253440K), [Metaspace: 2580K->2580K(1056768K)], 0.0041682 secs] [Times: user=0.01 sys=0.00, real=0.01 secs] 
2021-01-18T10:21:15.823-0800: 1.086: [Full GC (Allocation Failure) 2021-01-18T10:21:15.823-0800: 1.086: [CMS: 174353K->174353K(174784K), 0.0019602 secs] 252736K->251964K(253440K), [Metaspace: 2580K->2580K(1056768K)], 0.0020122 secs] [Times: user=0.00 sys=0.00, real=0.00 secs] 
2021-01-18T10:21:15.825-0800: 1.088: [GC (CMS Initial Mark) [1 CMS-initial-mark: 174353K(174784K)] 252472K(253440K), 0.0002023 secs] [Times: user=0.00 sys=0.00, real=0.00 secs] 
2021-01-18T10:21:15.825-0800: 1.089: [CMS-concurrent-mark-start]
2021-01-18T10:21:15.825-0800: 1.089: [Full GC (Allocation Failure) 2021-01-18T10:21:15.825-0800: 1.089: [CMS2021-01-18T10:21:15.827-0800: 1.091: [CMS-concurrent-mark: 0.001/0.002 secs] [Times: user=0.00 sys=0.00, real=0.00 secs] 
 (concurrent mode failure): 174718K->174390K(174784K), 0.0155416 secs] 253365K->252253K(253440K), [Metaspace: 2580K->2580K(1056768K)], 0.0156291 secs] [Times: user=0.01 sys=0.00, real=0.02 secs] 
2021-01-18T10:21:15.841-0800: 1.105: [Full GC (Allocation Failure) 2021-01-18T10:21:15.841-0800: 1.105: [CMS: 174525K->174743K(174784K), 0.0282478 secs] 253175K->252490K(253440K), [Metaspace: 2580K->2580K(1056768K)], 0.0283422 secs] [Times: user=0.03 sys=0.00, real=0.03 secs] 
2021-01-18T10:21:15.870-0800: 1.133: [GC (CMS Initial Mark) [1 CMS-initial-mark: 174743K(174784K)] 252634K(253440K), 0.0002967 secs] [Times: user=0.00 sys=0.00, real=0.00 secs] 
2021-01-18T10:21:15.870-0800: 1.134: [CMS-concurrent-mark-start]
2021-01-18T10:21:15.871-0800: 1.134: [Full GC (Allocation Failure) 2021-01-18T10:21:15.871-0800: 1.134: [CMS2021-01-18T10:21:15.873-0800: 1.136: [CMS-concurrent-mark: 0.001/0.003 secs] [Times: user=0.01 sys=0.00, real=0.00 secs] 
 (concurrent mode failure): 174743K->174671K(174784K), 0.0048858 secs] 253211K->252418K(253440K), [Metaspace: 2580K->2580K(1056768K)], 0.0053647 secs] [Times: user=0.01 sys=0.00, real=0.00 secs] 
2021-01-18T10:21:15.876-0800: 1.140: [Full GC (Allocation Failure) 2021-01-18T10:21:15.876-0800: 1.140: [CMS: 174671K->174671K(174784K), 0.0021386 secs] 253097K->252418K(253440K), [Metaspace: 2580K->2580K(1056768K)], 0.0022061 secs] [Times: user=0.00 sys=0.00, real=0.00 secs] 
2021-01-18T10:21:15.879-0800: 1.142: [GC (CMS Initial Mark) [1 CMS-initial-mark: 174671K(174784K)] 252767K(253440K), 0.0002076 secs] [Times: user=0.00 sys=0.00, real=0.00 secs] 
2021-01-18T10:21:15.879-0800: 1.142: [CMS-concurrent-mark-start]
2021-01-18T10:21:15.879-0800: 1.143: [Full GC (Allocation Failure) 2021-01-18T10:21:15.879-0800: 1.143: [CMS2021-01-18T10:21:15.881-0800: 1.145: [CMS-concurrent-mark: 0.001/0.003 secs] [Times: user=0.00 sys=0.00, real=0.01 secs] 
 (concurrent mode failure): 174671K->174570K(174784K), 0.0228585 secs] 253086K->251986K(253440K), [Metaspace: 2580K->2580K(1056768K)], 0.0229585 secs] [Times: user=0.02 sys=0.00, real=0.03 secs] 
2021-01-18T10:21:15.902-0800: 1.166: [Full GC (Allocation Failure) 2021-01-18T10:21:15.902-0800: 1.166: [CMS: 174570K->174071K(174784K), 0.0158378 secs] 252847K->251970K(253440K), [Metaspace: 2580K->2580K(1056768K)], 0.0159421 secs] [Times: user=0.02 sys=0.00, real=0.01 secs] 
2021-01-18T10:21:15.919-0800: 1.182: [GC (CMS Initial Mark) [1 CMS-initial-mark: 174071K(174784K)] 252370K(253440K), 0.0003169 secs] [Times: user=0.00 sys=0.00, real=0.00 secs] 
2021-01-18T10:21:15.919-0800: 1.182: [CMS-concurrent-mark-start]
2021-01-18T10:21:15.919-0800: 1.183: [Full GC (Allocation Failure) 2021-01-18T10:21:15.919-0800: 1.183: [CMS2021-01-18T10:21:15.921-0800: 1.185: [CMS-concurrent-mark: 0.001/0.002 secs] [Times: user=0.00 sys=0.00, real=0.01 secs] 
 (concurrent mode failure): 174611K->174175K(174784K), 0.0167417 secs] 253233K->252134K(253440K), [Metaspace: 2580K->2580K(1056768K)], 0.0168731 secs] [Times: user=0.02 sys=0.00, real=0.02 secs] 
2021-01-18T10:21:15.937-0800: 1.200: [Full GC (Allocation Failure) 2021-01-18T10:21:15.937-0800: 1.200: [CMS: 174462K->174631K(174784K), 0.0300566 secs] 253100K->251790K(253440K), [Metaspace: 2580K->2580K(1056768K)], 0.0301906 secs] [Times: user=0.03 sys=0.00, real=0.03 secs] 
2021-01-18T10:21:15.967-0800: 1.231: [GC (CMS Initial Mark) [1 CMS-initial-mark: 174631K(174784K)] 252273K(253440K), 0.0002999 secs] [Times: user=0.00 sys=0.00, real=0.00 secs] 
2021-01-18T10:21:15.968-0800: 1.231: [CMS-concurrent-mark-start]
2021-01-18T10:21:15.968-0800: 1.232: [Full GC (Allocation Failure) 2021-01-18T10:21:15.968-0800: 1.232: [CMS2021-01-18T10:21:15.970-0800: 1.234: [CMS-concurrent-mark: 0.001/0.003 secs] [Times: user=0.00 sys=0.00, real=0.01 secs] 
 (concurrent mode failure): 174739K->174760K(174784K), 0.0206385 secs] 253385K->252069K(253440K), [Metaspace: 2580K->2580K(1056768K)], 0.0207294 secs] [Times: user=0.02 sys=0.00, real=0.02 secs] 
2021-01-18T10:21:15.989-0800: 1.253: [Full GC (Allocation Failure) 2021-01-18T10:21:15.989-0800: 1.253: [CMS: 174760K->174491K(174784K), 0.0228894 secs] 253378K->251904K(253440K), [Metaspace: 2580K->2580K(1056768K)], 0.0229988 secs] [Times: user=0.02 sys=0.00, real=0.03 secs] 
2021-01-18T10:21:16.013-0800: 1.276: [GC (CMS Initial Mark) [1 CMS-initial-mark: 174491K(174784K)] 252306K(253440K), 0.0003456 secs] [Times: user=0.00 sys=0.00, real=0.00 secs] 
2021-01-18T10:21:16.013-0800: 1.277: [CMS-concurrent-mark-start]
2021-01-18T10:21:16.013-0800: 1.277: [Full GC (Allocation Failure) 2021-01-18T10:21:16.013-0800: 1.277: [CMS2021-01-18T10:21:16.016-0800: 1.279: [CMS-concurrent-mark: 0.001/0.002 secs] [Times: user=0.00 sys=0.00, real=0.00 secs] 
 (concurrent mode failure): 174491K->174491K(174784K), 0.0060236 secs] 253028K->251833K(253440K), [Metaspace: 2580K->2580K(1056768K)], 0.0061164 secs] [Times: user=0.01 sys=0.00, real=0.01 secs] 
2021-01-18T10:21:16.020-0800: 1.283: [Full GC (Allocation Failure) 2021-01-18T10:21:16.020-0800: 1.283: [CMS: 174491K->174454K(174784K), 0.0094216 secs] 252531K->251889K(253440K), [Metaspace: 2580K->2580K(1056768K)], 0.0094955 secs] [Times: user=0.01 sys=0.00, real=0.00 secs] 
2021-01-18T10:21:16.029-0800: 1.293: [Full GC (Allocation Failure) 2021-01-18T10:21:16.029-0800: 1.293: [CMS: 174454K->174435K(174784K), 0.0189415 secs] 251889K->251870K(253440K), [Metaspace: 2580K->2580K(1056768K)], 0.0190031 secs] [Times: user=0.02 sys=0.00, real=0.02 secs] 
2021-01-18T10:21:16.049-0800: 1.312: [GC (CMS Initial Mark) [1 CMS-initial-mark: 174435K(174784K)] 251870K(253440K), 0.0002954 secs] [Times: user=0.00 sys=0.00, real=0.00 secs] 
2021-01-18T10:21:16.049-0800: 1.312: [CMS-concurrent-mark-start]
2021-01-18T10:21:16.050-0800: 1.313: [CMS-concurrent-mark: 0.001/0.001 secs] [Times: user=0.00 sys=0.00, real=0.01 secs] 
2021-01-18T10:21:16.050-0800: 1.313: [CMS-concurrent-preclean-start]
Heap
 par new generation   total 78656K, used 77974K [0x00000007b0000000, 0x00000007b5550000, 0x00000007b5550000)
  eden space 69952K, 100% used [0x00000007b0000000, 0x00000007b4450000, 0x00000007b4450000)
  from space 8704K,  92% used [0x00000007b4450000, 0x00000007b4c25a88, 0x00000007b4cd0000)
  to   space 8704K,   0% used [0x00000007b4cd0000, 0x00000007b4cd0000, 0x00000007b5550000)
 concurrent mark-sweep generation total 174784K, used 174435K [0x00000007b5550000, 0x00000007c0000000, 0x00000007c0000000)
 Metaspace       used 2611K, capacity 4486K, committed 4864K, reserved 1056768K
  class space    used 281K, capacity 386K, committed 512K, reserved 1048576K
