Java HotSpot(TM) 64-Bit Server VM (25.271-b09) for bsd-amd64 JRE (1.8.0_271-b09), built on Sep 16 2020 16:54:38 by "java_re" with gcc 4.2.1 Compatible Apple LLVM 10.0.0 (clang-1000.11.45.5)
Memory: 4k page, physical 16777216k(300880k free)

/proc/meminfo:

CommandLine flags: -XX:InitialHeapSize=1073741824 -XX:MaxHeapSize=1073741824 -XX:+PrintGC -XX:+PrintGCDateStamps -XX:+PrintGCDetails -XX:+PrintGCTimeStamps -XX:+UseCompressedClassPointers -XX:+UseCompressedOops -XX:+UseG1GC 
2021-01-18T10:16:03.166-0800: 0.108: [GC pause (G1 Evacuation Pause) (young), 0.0050709 secs]
   [Parallel Time: 4.4 ms, GC Workers: 8]
      [GC Worker Start (ms): Min: 108.5, Avg: 108.5, Max: 108.8, Diff: 0.3]
      [Ext Root Scanning (ms): Min: 0.0, Avg: 0.1, Max: 0.3, Diff: 0.3, Sum: 1.1]
      [Update RS (ms): Min: 0.0, Avg: 0.0, Max: 0.0, Diff: 0.0, Sum: 0.0]
         [Processed Buffers: Min: 0, Avg: 0.0, Max: 0, Diff: 0, Sum: 0]
      [Scan RS (ms): Min: 0.0, Avg: 0.0, Max: 0.0, Diff: 0.0, Sum: 0.0]
      [Code Root Scanning (ms): Min: 0.0, Avg: 0.0, Max: 0.0, Diff: 0.0, Sum: 0.0]
      [Object Copy (ms): Min: 3.6, Avg: 3.8, Max: 4.0, Diff: 0.4, Sum: 30.1]
      [Termination (ms): Min: 0.0, Avg: 0.3, Max: 0.5, Diff: 0.5, Sum: 2.3]
         [Termination Attempts: Min: 1, Avg: 1.0, Max: 1, Diff: 0, Sum: 8]
      [GC Worker Other (ms): Min: 0.0, Avg: 0.0, Max: 0.1, Diff: 0.1, Sum: 0.2]
      [GC Worker Total (ms): Min: 4.0, Avg: 4.2, Max: 4.4, Diff: 0.4, Sum: 33.8]
      [GC Worker End (ms): Min: 112.7, Avg: 112.8, Max: 112.8, Diff: 0.1]
   [Code Root Fixup: 0.0 ms]
   [Code Root Purge: 0.0 ms]
   [Clear CT: 0.1 ms]
   [Other: 0.6 ms]
      [Choose CSet: 0.0 ms]
      [Ref Proc: 0.2 ms]
      [Ref Enq: 0.0 ms]
      [Redirty Cards: 0.1 ms]
      [Humongous Register: 0.0 ms]
      [Humongous Reclaim: 0.0 ms]
      [Free CSet: 0.0 ms]
   [Eden: 51.0M(51.0M)->0.0B(44.0M) Survivors: 0.0B->7168.0K Heap: 62.0M(1024.0M)->21.1M(1024.0M)]
 [Times: user=0.02 sys=0.01, real=0.01 secs] 
2021-01-18T10:16:03.186-0800: 0.129: [GC pause (G1 Evacuation Pause) (young), 0.0050532 secs]
   [Parallel Time: 4.4 ms, GC Workers: 8]
      [GC Worker Start (ms): Min: 128.8, Avg: 128.8, Max: 128.9, Diff: 0.1]
      [Ext Root Scanning (ms): Min: 0.1, Avg: 0.1, Max: 0.3, Diff: 0.2, Sum: 1.1]
      [Update RS (ms): Min: 0.0, Avg: 0.0, Max: 0.1, Diff: 0.1, Sum: 0.4]
         [Processed Buffers: Min: 0, Avg: 1.2, Max: 3, Diff: 3, Sum: 10]
      [Scan RS (ms): Min: 0.0, Avg: 0.0, Max: 0.0, Diff: 0.0, Sum: 0.1]
      [Code Root Scanning (ms): Min: 0.0, Avg: 0.0, Max: 0.0, Diff: 0.0, Sum: 0.0]
      [Object Copy (ms): Min: 3.6, Avg: 3.8, Max: 3.9, Diff: 0.3, Sum: 30.3]
      [Termination (ms): Min: 0.0, Avg: 0.2, Max: 0.4, Diff: 0.4, Sum: 1.6]
         [Termination Attempts: Min: 1, Avg: 1.0, Max: 1, Diff: 0, Sum: 8]
      [GC Worker Other (ms): Min: 0.0, Avg: 0.0, Max: 0.0, Diff: 0.0, Sum: 0.1]
      [GC Worker Total (ms): Min: 4.1, Avg: 4.2, Max: 4.3, Diff: 0.2, Sum: 33.6]
      [GC Worker End (ms): Min: 133.0, Avg: 133.0, Max: 133.1, Diff: 0.1]
   [Code Root Fixup: 0.0 ms]
   [Code Root Purge: 0.0 ms]
   [Clear CT: 0.1 ms]
   [Other: 0.5 ms]
      [Choose CSet: 0.0 ms]
      [Ref Proc: 0.2 ms]
      [Ref Enq: 0.0 ms]
      [Redirty Cards: 0.1 ms]
      [Humongous Register: 0.0 ms]
      [Humongous Reclaim: 0.0 ms]
      [Free CSet: 0.0 ms]
   [Eden: 44.0M(44.0M)->0.0B(44.0M) Survivors: 7168.0K->7168.0K Heap: 76.5M(1024.0M)->43.3M(1024.0M)]
 [Times: user=0.02 sys=0.01, real=0.01 secs] 
2021-01-18T10:16:03.201-0800: 0.143: [GC pause (G1 Evacuation Pause) (young), 0.0043561 secs]
   [Parallel Time: 3.8 ms, GC Workers: 8]
      [GC Worker Start (ms): Min: 143.4, Avg: 143.4, Max: 143.5, Diff: 0.1]
      [Ext Root Scanning (ms): Min: 0.1, Avg: 0.1, Max: 0.1, Diff: 0.1, Sum: 0.8]
      [Update RS (ms): Min: 0.4, Avg: 0.5, Max: 0.5, Diff: 0.1, Sum: 3.7]
         [Processed Buffers: Min: 3, Avg: 7.0, Max: 9, Diff: 6, Sum: 56]
      [Scan RS (ms): Min: 0.0, Avg: 0.0, Max: 0.0, Diff: 0.0, Sum: 0.0]
      [Code Root Scanning (ms): Min: 0.0, Avg: 0.0, Max: 0.0, Diff: 0.0, Sum: 0.0]
      [Object Copy (ms): Min: 2.8, Avg: 2.9, Max: 3.0, Diff: 0.3, Sum: 23.2]
      [Termination (ms): Min: 0.0, Avg: 0.2, Max: 0.4, Diff: 0.4, Sum: 1.4]
         [Termination Attempts: Min: 1, Avg: 1.1, Max: 2, Diff: 1, Sum: 9]
      [GC Worker Other (ms): Min: 0.0, Avg: 0.0, Max: 0.0, Diff: 0.0, Sum: 0.1]
      [GC Worker Total (ms): Min: 3.6, Avg: 3.6, Max: 3.8, Diff: 0.2, Sum: 29.2]
      [GC Worker End (ms): Min: 147.0, Avg: 147.1, Max: 147.2, Diff: 0.2]
   [Code Root Fixup: 0.0 ms]
   [Code Root Purge: 0.0 ms]
   [Clear CT: 0.1 ms]
   [Other: 0.4 ms]
      [Choose CSet: 0.0 ms]
      [Ref Proc: 0.2 ms]
      [Ref Enq: 0.0 ms]
      [Redirty Cards: 0.1 ms]
      [Humongous Register: 0.0 ms]
      [Humongous Reclaim: 0.0 ms]
      [Free CSet: 0.0 ms]
   [Eden: 44.0M(44.0M)->0.0B(65.0M) Survivors: 7168.0K->7168.0K Heap: 97.1M(1024.0M)->61.7M(1024.0M)]
 [Times: user=0.02 sys=0.02, real=0.00 secs] 
2021-01-18T10:16:03.228-0800: 0.170: [GC pause (G1 Evacuation Pause) (young), 0.0065473 secs]
   [Parallel Time: 6.0 ms, GC Workers: 8]
      [GC Worker Start (ms): Min: 170.4, Avg: 170.4, Max: 170.5, Diff: 0.1]
      [Ext Root Scanning (ms): Min: 0.1, Avg: 0.1, Max: 0.1, Diff: 0.1, Sum: 0.8]
      [Update RS (ms): Min: 0.4, Avg: 0.4, Max: 0.5, Diff: 0.1, Sum: 3.5]
         [Processed Buffers: Min: 7, Avg: 7.8, Max: 9, Diff: 2, Sum: 62]
      [Scan RS (ms): Min: 0.0, Avg: 0.0, Max: 0.0, Diff: 0.0, Sum: 0.0]
      [Code Root Scanning (ms): Min: 0.0, Avg: 0.0, Max: 0.0, Diff: 0.0, Sum: 0.0]
      [Object Copy (ms): Min: 4.9, Avg: 5.0, Max: 5.2, Diff: 0.2, Sum: 40.0]
      [Termination (ms): Min: 0.0, Avg: 0.3, Max: 0.4, Diff: 0.4, Sum: 2.3]
         [Termination Attempts: Min: 1, Avg: 1.0, Max: 1, Diff: 0, Sum: 8]
      [GC Worker Other (ms): Min: 0.0, Avg: 0.0, Max: 0.0, Diff: 0.0, Sum: 0.1]
      [GC Worker Total (ms): Min: 5.8, Avg: 5.8, Max: 5.9, Diff: 0.2, Sum: 46.7]
      [GC Worker End (ms): Min: 176.1, Avg: 176.3, Max: 176.3, Diff: 0.2]
   [Code Root Fixup: 0.0 ms]
   [Code Root Purge: 0.0 ms]
   [Clear CT: 0.1 ms]
   [Other: 0.4 ms]
      [Choose CSet: 0.0 ms]
      [Ref Proc: 0.1 ms]
      [Ref Enq: 0.0 ms]
      [Redirty Cards: 0.1 ms]
      [Humongous Register: 0.0 ms]
      [Humongous Reclaim: 0.0 ms]
      [Free CSet: 0.0 ms]
   [Eden: 65.0M(65.0M)->0.0B(73.0M) Survivors: 7168.0K->9216.0K Heap: 144.3M(1024.0M)->97.3M(1024.0M)]
 [Times: user=0.02 sys=0.03, real=0.01 secs] 
2021-01-18T10:16:03.260-0800: 0.202: [GC pause (G1 Evacuation Pause) (young), 0.0071439 secs]
   [Parallel Time: 6.6 ms, GC Workers: 8]
      [GC Worker Start (ms): Min: 201.9, Avg: 202.0, Max: 202.0, Diff: 0.1]
      [Ext Root Scanning (ms): Min: 0.0, Avg: 0.2, Max: 0.9, Diff: 0.9, Sum: 1.4]
      [Update RS (ms): Min: 0.0, Avg: 0.5, Max: 0.6, Diff: 0.6, Sum: 3.8]
         [Processed Buffers: Min: 0, Avg: 8.5, Max: 11, Diff: 11, Sum: 68]
      [Scan RS (ms): Min: 0.0, Avg: 0.0, Max: 0.0, Diff: 0.0, Sum: 0.1]
      [Code Root Scanning (ms): Min: 0.0, Avg: 0.0, Max: 0.0, Diff: 0.0, Sum: 0.0]
      [Object Copy (ms): Min: 5.0, Avg: 5.4, Max: 5.6, Diff: 0.6, Sum: 43.1]
      [Termination (ms): Min: 0.0, Avg: 0.3, Max: 0.4, Diff: 0.4, Sum: 2.2]
         [Termination Attempts: Min: 1, Avg: 1.2, Max: 2, Diff: 1, Sum: 10]
      [GC Worker Other (ms): Min: 0.0, Avg: 0.0, Max: 0.0, Diff: 0.0, Sum: 0.1]
      [GC Worker Total (ms): Min: 6.2, Avg: 6.3, Max: 6.4, Diff: 0.2, Sum: 50.6]
      [GC Worker End (ms): Min: 208.2, Avg: 208.3, Max: 208.4, Diff: 0.2]
   [Code Root Fixup: 0.0 ms]
   [Code Root Purge: 0.0 ms]
   [Clear CT: 0.1 ms]
   [Other: 0.5 ms]
      [Choose CSet: 0.0 ms]
      [Ref Proc: 0.1 ms]
      [Ref Enq: 0.0 ms]
      [Redirty Cards: 0.1 ms]
      [Humongous Register: 0.0 ms]
      [Humongous Reclaim: 0.1 ms]
      [Free CSet: 0.0 ms]
   [Eden: 73.0M(73.0M)->0.0B(603.0M) Survivors: 9216.0K->11.0M Heap: 194.2M(1024.0M)->130.3M(1024.0M)]
 [Times: user=0.02 sys=0.03, real=0.00 secs] 
2021-01-18T10:16:03.596-0800: 0.538: [GC pause (G1 Evacuation Pause) (young) (to-space exhausted), 0.0129232 secs]
   [Parallel Time: 9.6 ms, GC Workers: 8]
      [GC Worker Start (ms): Min: 538.5, Avg: 538.6, Max: 538.7, Diff: 0.1]
      [Ext Root Scanning (ms): Min: 0.0, Avg: 0.1, Max: 0.2, Diff: 0.1, Sum: 0.6]
      [Update RS (ms): Min: 0.1, Avg: 0.1, Max: 0.4, Diff: 0.3, Sum: 1.2]
         [Processed Buffers: Min: 0, Avg: 1.8, Max: 2, Diff: 2, Sum: 14]
      [Scan RS (ms): Min: 0.0, Avg: 0.1, Max: 0.1, Diff: 0.1, Sum: 0.6]
      [Code Root Scanning (ms): Min: 0.0, Avg: 0.0, Max: 0.0, Diff: 0.0, Sum: 0.1]
      [Object Copy (ms): Min: 8.8, Avg: 9.1, Max: 9.2, Diff: 0.3, Sum: 72.7]
      [Termination (ms): Min: 0.0, Avg: 0.1, Max: 0.2, Diff: 0.2, Sum: 0.5]
         [Termination Attempts: Min: 1, Avg: 2.4, Max: 5, Diff: 4, Sum: 19]
      [GC Worker Other (ms): Min: 0.0, Avg: 0.0, Max: 0.0, Diff: 0.0, Sum: 0.1]
      [GC Worker Total (ms): Min: 9.4, Avg: 9.5, Max: 9.5, Diff: 0.2, Sum: 75.8]
      [GC Worker End (ms): Min: 548.0, Avg: 548.1, Max: 548.1, Diff: 0.1]
   [Code Root Fixup: 0.0 ms]
   [Code Root Purge: 0.0 ms]
   [Clear CT: 0.2 ms]
   [Other: 3.1 ms]
      [Evacuation Failure: 2.1 ms]
      [Choose CSet: 0.0 ms]
      [Ref Proc: 0.2 ms]
      [Ref Enq: 0.0 ms]
      [Redirty Cards: 0.1 ms]
      [Humongous Register: 0.1 ms]
      [Humongous Reclaim: 0.4 ms]
      [Free CSet: 0.1 ms]
   [Eden: 603.0M(603.0M)->0.0B(230.0M) Survivors: 11.0M->38.0M Heap: 879.7M(1024.0M)->604.3M(1024.0M)]
 [Times: user=0.02 sys=0.05, real=0.01 secs] 
2021-01-18T10:16:03.609-0800: 0.551: [GC pause (G1 Humongous Allocation) (young) (initial-mark), 0.0046269 secs]
   [Parallel Time: 4.0 ms, GC Workers: 8]
      [GC Worker Start (ms): Min: 551.5, Avg: 551.6, Max: 551.6, Diff: 0.1]
      [Ext Root Scanning (ms): Min: 0.1, Avg: 0.1, Max: 0.2, Diff: 0.1, Sum: 0.8]
      [Update RS (ms): Min: 0.0, Avg: 0.1, Max: 0.1, Diff: 0.0, Sum: 0.4]
         [Processed Buffers: Min: 1, Avg: 2.2, Max: 4, Diff: 3, Sum: 18]
      [Scan RS (ms): Min: 0.0, Avg: 0.0, Max: 0.0, Diff: 0.0, Sum: 0.0]
      [Code Root Scanning (ms): Min: 0.0, Avg: 0.0, Max: 0.0, Diff: 0.0, Sum: 0.0]
      [Object Copy (ms): Min: 3.5, Avg: 3.5, Max: 3.6, Diff: 0.2, Sum: 28.4]
      [Termination (ms): Min: 0.0, Avg: 0.1, Max: 0.2, Diff: 0.2, Sum: 1.2]
         [Termination Attempts: Min: 1, Avg: 1.0, Max: 1, Diff: 0, Sum: 8]
      [GC Worker Other (ms): Min: 0.0, Avg: 0.0, Max: 0.0, Diff: 0.0, Sum: 0.1]
      [GC Worker Total (ms): Min: 3.8, Avg: 3.9, Max: 4.0, Diff: 0.1, Sum: 30.9]
      [GC Worker End (ms): Min: 555.4, Avg: 555.5, Max: 555.5, Diff: 0.1]
   [Code Root Fixup: 0.0 ms]
   [Code Root Purge: 0.0 ms]
   [Clear CT: 0.1 ms]
   [Other: 0.5 ms]
      [Choose CSet: 0.0 ms]
      [Ref Proc: 0.1 ms]
      [Ref Enq: 0.0 ms]
      [Redirty Cards: 0.2 ms]
      [Humongous Register: 0.0 ms]
      [Humongous Reclaim: 0.0 ms]
      [Free CSet: 0.0 ms]
   [Eden: 2048.0K(230.0M)->0.0B(206.0M) Survivors: 38.0M->1024.0K Heap: 606.0M(1024.0M)->605.0M(1024.0M)]
 [Times: user=0.02 sys=0.01, real=0.01 secs] 
2021-01-18T10:16:03.614-0800: 0.556: [GC concurrent-root-region-scan-start]
2021-01-18T10:16:03.614-0800: 0.556: [GC concurrent-root-region-scan-end, 0.0000587 secs]
2021-01-18T10:16:03.614-0800: 0.556: [GC concurrent-mark-start]
2021-01-18T10:16:03.618-0800: 0.561: [GC concurrent-mark-end, 0.0042137 secs]
2021-01-18T10:16:03.618-0800: 0.561: [GC remark 2021-01-18T10:16:03.618-0800: 0.561: [Finalize Marking, 0.0001858 secs] 2021-01-18T10:16:03.619-0800: 0.561: [GC ref-proc, 0.0000399 secs] 2021-01-18T10:16:03.619-0800: 0.561: [Unloading, 0.0003980 secs], 0.0011977 secs]
 [Times: user=0.01 sys=0.00, real=0.01 secs] 
2021-01-18T10:16:03.620-0800: 0.562: [GC cleanup 637M->632M(1024M), 0.0008350 secs]
 [Times: user=0.00 sys=0.00, real=0.00 secs] 
2021-01-18T10:16:03.621-0800: 0.563: [GC concurrent-cleanup-start]
2021-01-18T10:16:03.621-0800: 0.563: [GC concurrent-cleanup-end, 0.0000092 secs]
2021-01-18T10:16:03.654-0800: 0.596: [GC pause (G1 Evacuation Pause) (young), 0.0075933 secs]
   [Parallel Time: 6.8 ms, GC Workers: 8]
      [GC Worker Start (ms): Min: 596.5, Avg: 596.5, Max: 596.6, Diff: 0.1]
      [Ext Root Scanning (ms): Min: 0.0, Avg: 0.1, Max: 0.2, Diff: 0.1, Sum: 0.6]
      [Update RS (ms): Min: 0.2, Avg: 0.3, Max: 0.7, Diff: 0.6, Sum: 2.1]
         [Processed Buffers: Min: 0, Avg: 2.8, Max: 4, Diff: 4, Sum: 22]
      [Scan RS (ms): Min: 0.0, Avg: 0.0, Max: 0.0, Diff: 0.0, Sum: 0.2]
      [Code Root Scanning (ms): Min: 0.0, Avg: 0.0, Max: 0.0, Diff: 0.0, Sum: 0.0]
      [Object Copy (ms): Min: 5.2, Avg: 5.7, Max: 6.2, Diff: 1.0, Sum: 45.4]
      [Termination (ms): Min: 0.0, Avg: 0.5, Max: 0.7, Diff: 0.7, Sum: 4.3]
         [Termination Attempts: Min: 1, Avg: 1.8, Max: 3, Diff: 2, Sum: 14]
      [GC Worker Other (ms): Min: 0.0, Avg: 0.0, Max: 0.0, Diff: 0.0, Sum: 0.1]
      [GC Worker Total (ms): Min: 6.5, Avg: 6.6, Max: 6.7, Diff: 0.1, Sum: 52.8]
      [GC Worker End (ms): Min: 603.1, Avg: 603.1, Max: 603.2, Diff: 0.2]
   [Code Root Fixup: 0.0 ms]
   [Code Root Purge: 0.0 ms]
   [Clear CT: 0.1 ms]
   [Other: 0.6 ms]
      [Choose CSet: 0.0 ms]
      [Ref Proc: 0.2 ms]
      [Ref Enq: 0.0 ms]
      [Redirty Cards: 0.1 ms]
      [Humongous Register: 0.1 ms]
      [Humongous Reclaim: 0.1 ms]
      [Free CSet: 0.1 ms]
   [Eden: 206.0M(206.0M)->0.0B(25.0M) Survivors: 1024.0K->26.0M Heap: 864.8M(1024.0M)->672.6M(1024.0M)]
 [Times: user=0.04 sys=0.01, real=0.01 secs] 
2021-01-18T10:16:03.666-0800: 0.609: [GC pause (G1 Evacuation Pause) (mixed), 0.0056208 secs]
   [Parallel Time: 4.9 ms, GC Workers: 8]
      [GC Worker Start (ms): Min: 608.8, Avg: 608.9, Max: 608.9, Diff: 0.1]
      [Ext Root Scanning (ms): Min: 0.0, Avg: 0.2, Max: 0.6, Diff: 0.5, Sum: 1.2]
      [Update RS (ms): Min: 0.0, Avg: 0.2, Max: 0.4, Diff: 0.4, Sum: 1.6]
         [Processed Buffers: Min: 0, Avg: 2.1, Max: 3, Diff: 3, Sum: 17]
      [Scan RS (ms): Min: 0.0, Avg: 0.0, Max: 0.1, Diff: 0.1, Sum: 0.2]
      [Code Root Scanning (ms): Min: 0.0, Avg: 0.0, Max: 0.0, Diff: 0.0, Sum: 0.0]
      [Object Copy (ms): Min: 3.4, Avg: 3.7, Max: 4.4, Diff: 1.0, Sum: 29.8]
      [Termination (ms): Min: 0.0, Avg: 0.6, Max: 0.7, Diff: 0.7, Sum: 5.1]
         [Termination Attempts: Min: 1, Avg: 1.1, Max: 2, Diff: 1, Sum: 9]
      [GC Worker Other (ms): Min: 0.0, Avg: 0.0, Max: 0.0, Diff: 0.0, Sum: 0.1]
      [GC Worker Total (ms): Min: 4.7, Avg: 4.7, Max: 4.8, Diff: 0.1, Sum: 38.0]
      [GC Worker End (ms): Min: 613.6, Avg: 613.6, Max: 613.6, Diff: 0.0]
   [Code Root Fixup: 0.0 ms]
   [Code Root Purge: 0.0 ms]
   [Clear CT: 0.1 ms]
   [Other: 0.6 ms]
      [Choose CSet: 0.0 ms]
      [Ref Proc: 0.2 ms]
      [Ref Enq: 0.0 ms]
      [Redirty Cards: 0.1 ms]
      [Humongous Register: 0.1 ms]
      [Humongous Reclaim: 0.0 ms]
      [Free CSet: 0.1 ms]
   [Eden: 25.0M(25.0M)->0.0B(44.0M) Survivors: 26.0M->7168.0K Heap: 703.2M(1024.0M)->581.6M(1024.0M)]
 [Times: user=0.02 sys=0.01, real=0.01 secs] 
2021-01-18T10:16:03.679-0800: 0.622: [GC pause (G1 Evacuation Pause) (mixed), 0.0056829 secs]
   [Parallel Time: 4.2 ms, GC Workers: 8]
      [GC Worker Start (ms): Min: 621.8, Avg: 621.9, Max: 621.9, Diff: 0.1]
      [Ext Root Scanning (ms): Min: 0.1, Avg: 0.1, Max: 0.2, Diff: 0.1, Sum: 0.8]
      [Update RS (ms): Min: 0.2, Avg: 0.2, Max: 0.3, Diff: 0.1, Sum: 1.8]
         [Processed Buffers: Min: 0, Avg: 2.9, Max: 4, Diff: 4, Sum: 23]
      [Scan RS (ms): Min: 0.0, Avg: 0.0, Max: 0.1, Diff: 0.1, Sum: 0.2]
      [Code Root Scanning (ms): Min: 0.0, Avg: 0.0, Max: 0.0, Diff: 0.0, Sum: 0.0]
      [Object Copy (ms): Min: 3.5, Avg: 3.6, Max: 3.6, Diff: 0.2, Sum: 28.5]
      [Termination (ms): Min: 0.0, Avg: 0.1, Max: 0.2, Diff: 0.2, Sum: 0.9]
         [Termination Attempts: Min: 1, Avg: 1.0, Max: 1, Diff: 0, Sum: 8]
      [GC Worker Other (ms): Min: 0.0, Avg: 0.0, Max: 0.0, Diff: 0.0, Sum: 0.1]
      [GC Worker Total (ms): Min: 4.0, Avg: 4.0, Max: 4.1, Diff: 0.1, Sum: 32.3]
      [GC Worker End (ms): Min: 625.9, Avg: 625.9, Max: 626.0, Diff: 0.1]
   [Code Root Fixup: 0.0 ms]
   [Code Root Purge: 0.0 ms]
   [Clear CT: 0.1 ms]
   [Other: 1.3 ms]
      [Choose CSet: 0.0 ms]
      [Ref Proc: 0.8 ms]
      [Ref Enq: 0.0 ms]
      [Redirty Cards: 0.1 ms]
      [Humongous Register: 0.1 ms]
      [Humongous Reclaim: 0.0 ms]
      [Free CSet: 0.1 ms]
   [Eden: 44.0M(44.0M)->0.0B(44.0M) Survivors: 7168.0K->7168.0K Heap: 637.9M(1024.0M)->508.6M(1024.0M)]
 [Times: user=0.02 sys=0.01, real=0.01 secs] 
2021-01-18T10:16:03.692-0800: 0.635: [GC pause (G1 Evacuation Pause) (mixed), 0.0056415 secs]
   [Parallel Time: 4.6 ms, GC Workers: 8]
      [GC Worker Start (ms): Min: 634.7, Avg: 634.7, Max: 634.9, Diff: 0.2]
      [Ext Root Scanning (ms): Min: 0.0, Avg: 0.1, Max: 0.2, Diff: 0.2, Sum: 0.8]
      [Update RS (ms): Min: 0.2, Avg: 0.3, Max: 0.3, Diff: 0.1, Sum: 2.4]
         [Processed Buffers: Min: 2, Avg: 4.1, Max: 5, Diff: 3, Sum: 33]
      [Scan RS (ms): Min: 0.0, Avg: 0.0, Max: 0.0, Diff: 0.0, Sum: 0.3]
      [Code Root Scanning (ms): Min: 0.0, Avg: 0.0, Max: 0.0, Diff: 0.0, Sum: 0.0]
      [Object Copy (ms): Min: 4.0, Avg: 4.0, Max: 4.2, Diff: 0.1, Sum: 32.3]
      [Termination (ms): Min: 0.0, Avg: 0.0, Max: 0.1, Diff: 0.1, Sum: 0.3]
         [Termination Attempts: Min: 1, Avg: 1.0, Max: 1, Diff: 0, Sum: 8]
      [GC Worker Other (ms): Min: 0.0, Avg: 0.0, Max: 0.0, Diff: 0.0, Sum: 0.1]
      [GC Worker Total (ms): Min: 4.4, Avg: 4.5, Max: 4.6, Diff: 0.2, Sum: 36.2]
      [GC Worker End (ms): Min: 639.3, Avg: 639.3, Max: 639.3, Diff: 0.0]
   [Code Root Fixup: 0.0 ms]
   [Code Root Purge: 0.0 ms]
   [Clear CT: 0.1 ms]
   [Other: 0.9 ms]
      [Choose CSet: 0.0 ms]
      [Ref Proc: 0.3 ms]
      [Ref Enq: 0.0 ms]
      [Redirty Cards: 0.1 ms]
      [Humongous Register: 0.1 ms]
      [Humongous Reclaim: 0.0 ms]
      [Free CSet: 0.1 ms]
   [Eden: 44.0M(44.0M)->0.0B(44.0M) Survivors: 7168.0K->7168.0K Heap: 562.6M(1024.0M)->434.2M(1024.0M)]
 [Times: user=0.02 sys=0.01, real=0.00 secs] 
2021-01-18T10:16:03.706-0800: 0.648: [GC pause (G1 Evacuation Pause) (mixed), 0.0068743 secs]
   [Parallel Time: 5.4 ms, GC Workers: 8]
      [GC Worker Start (ms): Min: 648.0, Avg: 648.2, Max: 648.6, Diff: 0.5]
      [Ext Root Scanning (ms): Min: 0.0, Avg: 0.1, Max: 0.2, Diff: 0.2, Sum: 0.8]
      [Update RS (ms): Min: 0.0, Avg: 0.3, Max: 0.3, Diff: 0.3, Sum: 2.1]
         [Processed Buffers: Min: 0, Avg: 3.2, Max: 5, Diff: 5, Sum: 26]
      [Scan RS (ms): Min: 0.0, Avg: 0.0, Max: 0.1, Diff: 0.0, Sum: 0.2]
      [Code Root Scanning (ms): Min: 0.0, Avg: 0.0, Max: 0.0, Diff: 0.0, Sum: 0.0]
      [Object Copy (ms): Min: 3.9, Avg: 4.0, Max: 4.6, Diff: 0.7, Sum: 31.8]
      [Termination (ms): Min: 0.0, Avg: 0.7, Max: 0.9, Diff: 0.9, Sum: 5.6]
         [Termination Attempts: Min: 1, Avg: 1.0, Max: 1, Diff: 0, Sum: 8]
      [GC Worker Other (ms): Min: 0.0, Avg: 0.0, Max: 0.0, Diff: 0.0, Sum: 0.1]
      [GC Worker Total (ms): Min: 4.7, Avg: 5.1, Max: 5.3, Diff: 0.6, Sum: 40.6]
      [GC Worker End (ms): Min: 653.2, Avg: 653.2, Max: 653.4, Diff: 0.2]
   [Code Root Fixup: 0.0 ms]
   [Code Root Purge: 0.0 ms]
   [Clear CT: 0.1 ms]
   [Other: 1.4 ms]
      [Choose CSet: 0.0 ms]
      [Ref Proc: 0.9 ms]
      [Ref Enq: 0.0 ms]
      [Redirty Cards: 0.1 ms]
      [Humongous Register: 0.1 ms]
      [Humongous Reclaim: 0.0 ms]
      [Free CSet: 0.1 ms]
   [Eden: 44.0M(44.0M)->0.0B(377.0M) Survivors: 7168.0K->7168.0K Heap: 492.8M(1024.0M)->389.0M(1024.0M)]
 [Times: user=0.03 sys=0.01, real=0.01 secs] 
2021-01-18T10:16:03.729-0800: 0.671: [GC pause (G1 Humongous Allocation) (young) (initial-mark), 0.0047517 secs]
   [Parallel Time: 3.9 ms, GC Workers: 8]
      [GC Worker Start (ms): Min: 671.0, Avg: 671.1, Max: 671.2, Diff: 0.1]
      [Ext Root Scanning (ms): Min: 0.0, Avg: 0.1, Max: 0.2, Diff: 0.1, Sum: 0.7]
      [Update RS (ms): Min: 0.2, Avg: 0.2, Max: 0.3, Diff: 0.1, Sum: 2.0]
         [Processed Buffers: Min: 0, Avg: 3.5, Max: 5, Diff: 5, Sum: 28]
      [Scan RS (ms): Min: 0.0, Avg: 0.0, Max: 0.0, Diff: 0.0, Sum: 0.1]
      [Code Root Scanning (ms): Min: 0.0, Avg: 0.0, Max: 0.0, Diff: 0.0, Sum: 0.0]
      [Object Copy (ms): Min: 2.9, Avg: 2.9, Max: 3.1, Diff: 0.2, Sum: 23.3]
      [Termination (ms): Min: 0.0, Avg: 0.4, Max: 0.6, Diff: 0.6, Sum: 3.0]
         [Termination Attempts: Min: 1, Avg: 1.8, Max: 3, Diff: 2, Sum: 14]
      [GC Worker Other (ms): Min: 0.0, Avg: 0.0, Max: 0.0, Diff: 0.0, Sum: 0.1]
      [GC Worker Total (ms): Min: 3.4, Avg: 3.7, Max: 3.8, Diff: 0.4, Sum: 29.2]
      [GC Worker End (ms): Min: 674.6, Avg: 674.8, Max: 674.9, Diff: 0.3]
   [Code Root Fixup: 0.0 ms]
   [Code Root Purge: 0.0 ms]
   [Clear CT: 0.2 ms]
   [Other: 0.7 ms]
      [Choose CSet: 0.0 ms]
      [Ref Proc: 0.2 ms]
      [Ref Enq: 0.0 ms]
      [Redirty Cards: 0.1 ms]
      [Humongous Register: 0.1 ms]
      [Humongous Reclaim: 0.1 ms]
      [Free CSet: 0.1 ms]
   [Eden: 87.0M(377.0M)->0.0B(343.0M) Survivors: 7168.0K->31.0M Heap: 496.5M(1024.0M)->412.8M(1024.0M)]
 [Times: user=0.03 sys=0.00, real=0.01 secs] 
2021-01-18T10:16:03.734-0800: 0.676: [GC concurrent-root-region-scan-start]
2021-01-18T10:16:03.734-0800: 0.676: [GC concurrent-root-region-scan-end, 0.0001197 secs]
2021-01-18T10:16:03.734-0800: 0.676: [GC concurrent-mark-start]
2021-01-18T10:16:03.735-0800: 0.677: [GC concurrent-mark-end, 0.0014056 secs]
2021-01-18T10:16:03.735-0800: 0.677: [GC remark 2021-01-18T10:16:03.735-0800: 0.677: [Finalize Marking, 0.0002167 secs] 2021-01-18T10:16:03.735-0800: 0.678: [GC ref-proc, 0.0000501 secs] 2021-01-18T10:16:03.736-0800: 0.678: [Unloading, 0.0004729 secs], 0.0014573 secs]
 [Times: user=0.01 sys=0.00, real=0.00 secs] 
2021-01-18T10:16:03.737-0800: 0.679: [GC cleanup 422M->414M(1024M), 0.0008551 secs]
 [Times: user=0.00 sys=0.01, real=0.00 secs] 
2021-01-18T10:16:03.738-0800: 0.680: [GC concurrent-cleanup-start]
2021-01-18T10:16:03.738-0800: 0.680: [GC concurrent-cleanup-end, 0.0000125 secs]
2021-01-18T10:16:03.793-0800: 0.736: [GC pause (G1 Evacuation Pause) (young) (to-space exhausted), 0.0082499 secs]
   [Parallel Time: 7.0 ms, GC Workers: 8]
      [GC Worker Start (ms): Min: 735.9, Avg: 735.9, Max: 736.0, Diff: 0.1]
      [Ext Root Scanning (ms): Min: 0.0, Avg: 0.1, Max: 0.2, Diff: 0.1, Sum: 0.7]
      [Update RS (ms): Min: 0.2, Avg: 0.3, Max: 0.9, Diff: 0.7, Sum: 2.2]
         [Processed Buffers: Min: 0, Avg: 2.8, Max: 4, Diff: 4, Sum: 22]
      [Scan RS (ms): Min: 0.0, Avg: 0.0, Max: 0.1, Diff: 0.0, Sum: 0.3]
      [Code Root Scanning (ms): Min: 0.0, Avg: 0.0, Max: 0.0, Diff: 0.0, Sum: 0.1]
      [Object Copy (ms): Min: 5.9, Avg: 6.4, Max: 6.5, Diff: 0.7, Sum: 51.4]
      [Termination (ms): Min: 0.0, Avg: 0.1, Max: 0.1, Diff: 0.1, Sum: 0.5]
         [Termination Attempts: Min: 1, Avg: 2.0, Max: 3, Diff: 2, Sum: 16]
      [GC Worker Other (ms): Min: 0.0, Avg: 0.0, Max: 0.0, Diff: 0.0, Sum: 0.1]
      [GC Worker Total (ms): Min: 6.8, Avg: 6.9, Max: 7.0, Diff: 0.1, Sum: 55.2]
      [GC Worker End (ms): Min: 742.8, Avg: 742.8, Max: 742.9, Diff: 0.1]
   [Code Root Fixup: 0.0 ms]
   [Code Root Purge: 0.0 ms]
   [Clear CT: 0.2 ms]
   [Other: 1.1 ms]
      [Evacuation Failure: 0.4 ms]
      [Choose CSet: 0.0 ms]
      [Ref Proc: 0.1 ms]
      [Ref Enq: 0.0 ms]
      [Redirty Cards: 0.1 ms]
      [Humongous Register: 0.1 ms]
      [Humongous Reclaim: 0.1 ms]
      [Free CSet: 0.1 ms]
   [Eden: 343.0M(343.0M)->0.0B(6144.0K) Survivors: 31.0M->47.0M Heap: 847.2M(1024.0M)->647.9M(1024.0M)]
 [Times: user=0.05 sys=0.00, real=0.01 secs] 
2021-01-18T10:16:03.803-0800: 0.745: [GC pause (G1 Evacuation Pause) (mixed), 0.0085698 secs]
   [Parallel Time: 7.7 ms, GC Workers: 8]
      [GC Worker Start (ms): Min: 745.4, Avg: 745.4, Max: 745.5, Diff: 0.2]
      [Ext Root Scanning (ms): Min: 0.0, Avg: 0.1, Max: 0.2, Diff: 0.2, Sum: 1.0]
      [Update RS (ms): Min: 0.2, Avg: 0.3, Max: 0.3, Diff: 0.1, Sum: 2.2]
         [Processed Buffers: Min: 3, Avg: 4.4, Max: 6, Diff: 3, Sum: 35]
      [Scan RS (ms): Min: 0.0, Avg: 0.0, Max: 0.1, Diff: 0.0, Sum: 0.3]
      [Code Root Scanning (ms): Min: 0.0, Avg: 0.0, Max: 0.0, Diff: 0.0, Sum: 0.1]
      [Object Copy (ms): Min: 6.9, Avg: 7.0, Max: 7.0, Diff: 0.1, Sum: 55.7]
      [Termination (ms): Min: 0.0, Avg: 0.1, Max: 0.1, Diff: 0.1, Sum: 0.6]
         [Termination Attempts: Min: 1, Avg: 1.0, Max: 1, Diff: 0, Sum: 8]
      [GC Worker Other (ms): Min: 0.0, Avg: 0.0, Max: 0.0, Diff: 0.0, Sum: 0.1]
      [GC Worker Total (ms): Min: 7.4, Avg: 7.5, Max: 7.6, Diff: 0.2, Sum: 60.0]
      [GC Worker End (ms): Min: 752.9, Avg: 752.9, Max: 753.0, Diff: 0.0]
   [Code Root Fixup: 0.0 ms]
   [Code Root Purge: 0.0 ms]
   [Clear CT: 0.2 ms]
   [Other: 0.7 ms]
      [Choose CSet: 0.0 ms]
      [Ref Proc: 0.2 ms]
      [Ref Enq: 0.0 ms]
      [Redirty Cards: 0.1 ms]
      [Humongous Register: 0.1 ms]
      [Humongous Reclaim: 0.0 ms]
      [Free CSet: 0.1 ms]
   [Eden: 6144.0K(6144.0K)->0.0B(212.0M) Survivors: 47.0M->3072.0K Heap: 657.1M(1024.0M)->582.3M(1024.0M)]
 [Times: user=0.04 sys=0.01, real=0.01 secs] 
2021-01-18T10:16:03.813-0800: 0.755: [GC pause (G1 Humongous Allocation) (young) (initial-mark), 0.0023885 secs]
   [Parallel Time: 1.7 ms, GC Workers: 8]
      [GC Worker Start (ms): Min: 755.4, Avg: 755.5, Max: 755.5, Diff: 0.1]
      [Ext Root Scanning (ms): Min: 0.1, Avg: 0.1, Max: 0.2, Diff: 0.1, Sum: 1.0]
      [Update RS (ms): Min: 0.1, Avg: 0.2, Max: 0.7, Diff: 0.6, Sum: 1.5]
         [Processed Buffers: Min: 1, Avg: 1.1, Max: 2, Diff: 1, Sum: 9]
      [Scan RS (ms): Min: 0.0, Avg: 0.0, Max: 0.0, Diff: 0.0, Sum: 0.0]
      [Code Root Scanning (ms): Min: 0.0, Avg: 0.0, Max: 0.0, Diff: 0.0, Sum: 0.0]
      [Object Copy (ms): Min: 0.0, Avg: 0.4, Max: 1.1, Diff: 1.1, Sum: 3.4]
      [Termination (ms): Min: 0.0, Avg: 0.7, Max: 0.8, Diff: 0.8, Sum: 5.5]
         [Termination Attempts: Min: 1, Avg: 1.0, Max: 1, Diff: 0, Sum: 8]
      [GC Worker Other (ms): Min: 0.0, Avg: 0.0, Max: 0.0, Diff: 0.0, Sum: 0.1]
      [GC Worker Total (ms): Min: 1.4, Avg: 1.4, Max: 1.6, Diff: 0.3, Sum: 11.5]
      [GC Worker End (ms): Min: 756.9, Avg: 756.9, Max: 757.1, Diff: 0.2]
   [Code Root Fixup: 0.0 ms]
   [Code Root Purge: 0.0 ms]
   [Clear CT: 0.1 ms]
   [Other: 0.5 ms]
      [Choose CSet: 0.0 ms]
      [Ref Proc: 0.2 ms]
      [Ref Enq: 0.0 ms]
      [Redirty Cards: 0.1 ms]
      [Humongous Register: 0.0 ms]
      [Humongous Reclaim: 0.0 ms]
      [Free CSet: 0.0 ms]
   [Eden: 7168.0K(212.0M)->0.0B(216.0M) Survivors: 3072.0K->6144.0K Heap: 588.9M(1024.0M)->584.1M(1024.0M)]
 [Times: user=0.01 sys=0.00, real=0.00 secs] 
2021-01-18T10:16:03.816-0800: 0.758: [GC concurrent-root-region-scan-start]
2021-01-18T10:16:03.816-0800: 0.758: [GC concurrent-root-region-scan-end, 0.0001221 secs]
2021-01-18T10:16:03.816-0800: 0.758: [GC concurrent-mark-start]
2021-01-18T10:16:03.817-0800: 0.760: [GC concurrent-mark-end, 0.0016788 secs]
2021-01-18T10:16:03.817-0800: 0.760: [GC remark 2021-01-18T10:16:03.818-0800: 0.760: [Finalize Marking, 0.0004248 secs] 2021-01-18T10:16:03.818-0800: 0.760: [GC ref-proc, 0.0000546 secs] 2021-01-18T10:16:03.818-0800: 0.760: [Unloading, 0.0005176 secs], 0.0019396 secs]
 [Times: user=0.01 sys=0.00, real=0.00 secs] 
2021-01-18T10:16:03.820-0800: 0.762: [GC cleanup 595M->585M(1024M), 0.0009463 secs]
 [Times: user=0.00 sys=0.00, real=0.00 secs] 
2021-01-18T10:16:03.821-0800: 0.763: [GC concurrent-cleanup-start]
2021-01-18T10:16:03.821-0800: 0.763: [GC concurrent-cleanup-end, 0.0000187 secs]
2021-01-18T10:16:03.859-0800: 0.802: [GC pause (G1 Evacuation Pause) (young), 0.0083624 secs]
   [Parallel Time: 7.4 ms, GC Workers: 8]
      [GC Worker Start (ms): Min: 801.9, Avg: 801.9, Max: 802.0, Diff: 0.1]
      [Ext Root Scanning (ms): Min: 0.0, Avg: 0.1, Max: 0.2, Diff: 0.1, Sum: 0.6]
      [Update RS (ms): Min: 0.2, Avg: 0.3, Max: 0.7, Diff: 0.5, Sum: 2.2]
         [Processed Buffers: Min: 0, Avg: 3.2, Max: 4, Diff: 4, Sum: 26]
      [Scan RS (ms): Min: 0.0, Avg: 0.0, Max: 0.0, Diff: 0.0, Sum: 0.2]
      [Code Root Scanning (ms): Min: 0.0, Avg: 0.0, Max: 0.0, Diff: 0.0, Sum: 0.0]
      [Object Copy (ms): Min: 5.5, Avg: 6.0, Max: 6.6, Diff: 1.2, Sum: 48.1]
      [Termination (ms): Min: 0.0, Avg: 0.7, Max: 0.9, Diff: 0.9, Sum: 5.3]
         [Termination Attempts: Min: 1, Avg: 1.5, Max: 3, Diff: 2, Sum: 12]
      [GC Worker Other (ms): Min: 0.0, Avg: 0.0, Max: 0.1, Diff: 0.0, Sum: 0.1]
      [GC Worker Total (ms): Min: 7.0, Avg: 7.1, Max: 7.2, Diff: 0.3, Sum: 56.7]
      [GC Worker End (ms): Min: 808.9, Avg: 809.0, Max: 809.2, Diff: 0.2]
   [Code Root Fixup: 0.0 ms]
   [Code Root Purge: 0.0 ms]
   [Clear CT: 0.2 ms]
   [Other: 0.8 ms]
      [Choose CSet: 0.0 ms]
      [Ref Proc: 0.3 ms]
      [Ref Enq: 0.0 ms]
      [Redirty Cards: 0.1 ms]
      [Humongous Register: 0.1 ms]
      [Humongous Reclaim: 0.1 ms]
      [Free CSet: 0.1 ms]
   [Eden: 216.0M(216.0M)->0.0B(23.0M) Survivors: 6144.0K->28.0M Heap: 854.0M(1024.0M)->640.9M(1024.0M)]
 [Times: user=0.05 sys=0.01, real=0.01 secs] 
2021-01-18T10:16:03.872-0800: 0.815: [GC pause (G1 Evacuation Pause) (mixed), 0.0056079 secs]
   [Parallel Time: 4.7 ms, GC Workers: 8]
      [GC Worker Start (ms): Min: 814.8, Avg: 814.9, Max: 815.2, Diff: 0.4]
      [Ext Root Scanning (ms): Min: 0.0, Avg: 0.1, Max: 0.2, Diff: 0.2, Sum: 1.0]
      [Update RS (ms): Min: 0.2, Avg: 0.5, Max: 1.3, Diff: 1.1, Sum: 3.6]
         [Processed Buffers: Min: 0, Avg: 3.5, Max: 5, Diff: 5, Sum: 28]
      [Scan RS (ms): Min: 0.0, Avg: 0.1, Max: 0.3, Diff: 0.3, Sum: 0.5]
      [Code Root Scanning (ms): Min: 0.0, Avg: 0.0, Max: 0.0, Diff: 0.0, Sum: 0.0]
      [Object Copy (ms): Min: 3.0, Avg: 3.6, Max: 3.8, Diff: 0.7, Sum: 29.0]
      [Termination (ms): Min: 0.0, Avg: 0.2, Max: 0.3, Diff: 0.3, Sum: 1.6]
         [Termination Attempts: Min: 1, Avg: 1.0, Max: 1, Diff: 0, Sum: 8]
      [GC Worker Other (ms): Min: 0.0, Avg: 0.0, Max: 0.0, Diff: 0.0, Sum: 0.1]
      [GC Worker Total (ms): Min: 4.2, Avg: 4.5, Max: 4.6, Diff: 0.5, Sum: 35.8]
      [GC Worker End (ms): Min: 819.3, Avg: 819.4, Max: 819.4, Diff: 0.1]
   [Code Root Fixup: 0.0 ms]
   [Code Root Purge: 0.0 ms]
   [Clear CT: 0.1 ms]
   [Other: 0.7 ms]
      [Choose CSet: 0.0 ms]
      [Ref Proc: 0.2 ms]
      [Ref Enq: 0.0 ms]
      [Redirty Cards: 0.1 ms]
      [Humongous Register: 0.1 ms]
      [Humongous Reclaim: 0.0 ms]
      [Free CSet: 0.1 ms]
   [Eden: 23.0M(23.0M)->0.0B(44.0M) Survivors: 28.0M->7168.0K Heap: 671.1M(1024.0M)->550.1M(1024.0M)]
 [Times: user=0.03 sys=0.00, real=0.00 secs] 
2021-01-18T10:16:03.888-0800: 0.830: [GC pause (G1 Evacuation Pause) (mixed), 0.0056983 secs]
   [Parallel Time: 4.8 ms, GC Workers: 8]
      [GC Worker Start (ms): Min: 830.0, Avg: 830.1, Max: 830.2, Diff: 0.1]
      [Ext Root Scanning (ms): Min: 0.0, Avg: 0.1, Max: 0.2, Diff: 0.1, Sum: 0.8]
      [Update RS (ms): Min: 0.3, Avg: 0.4, Max: 0.4, Diff: 0.1, Sum: 2.8]
         [Processed Buffers: Min: 0, Avg: 3.9, Max: 5, Diff: 5, Sum: 31]
      [Scan RS (ms): Min: 0.0, Avg: 0.1, Max: 0.3, Diff: 0.3, Sum: 0.6]
      [Code Root Scanning (ms): Min: 0.0, Avg: 0.0, Max: 0.0, Diff: 0.0, Sum: 0.0]
      [Object Copy (ms): Min: 3.8, Avg: 4.0, Max: 4.1, Diff: 0.3, Sum: 32.3]
      [Termination (ms): Min: 0.0, Avg: 0.1, Max: 0.1, Diff: 0.1, Sum: 0.7]
         [Termination Attempts: Min: 1, Avg: 1.0, Max: 1, Diff: 0, Sum: 8]
      [GC Worker Other (ms): Min: 0.0, Avg: 0.0, Max: 0.0, Diff: 0.0, Sum: 0.1]
      [GC Worker Total (ms): Min: 4.6, Avg: 4.7, Max: 4.8, Diff: 0.2, Sum: 37.3]
      [GC Worker End (ms): Min: 834.7, Avg: 834.8, Max: 834.8, Diff: 0.0]
   [Code Root Fixup: 0.0 ms]
   [Code Root Purge: 0.0 ms]
   [Clear CT: 0.2 ms]
   [Other: 0.7 ms]
      [Choose CSet: 0.0 ms]
      [Ref Proc: 0.2 ms]
      [Ref Enq: 0.0 ms]
      [Redirty Cards: 0.1 ms]
      [Humongous Register: 0.1 ms]
      [Humongous Reclaim: 0.0 ms]
      [Free CSet: 0.1 ms]
   [Eden: 44.0M(44.0M)->0.0B(44.0M) Survivors: 7168.0K->7168.0K Heap: 606.3M(1024.0M)->480.1M(1024.0M)]
 [Times: user=0.02 sys=0.01, real=0.01 secs] 
2021-01-18T10:16:03.902-0800: 0.844: [GC pause (G1 Evacuation Pause) (mixed), 0.0058743 secs]
   [Parallel Time: 5.1 ms, GC Workers: 8]
      [GC Worker Start (ms): Min: 844.3, Avg: 844.4, Max: 844.4, Diff: 0.1]
      [Ext Root Scanning (ms): Min: 0.1, Avg: 0.1, Max: 0.2, Diff: 0.1, Sum: 1.0]
      [Update RS (ms): Min: 0.4, Avg: 0.4, Max: 0.5, Diff: 0.1, Sum: 3.4]
         [Processed Buffers: Min: 1, Avg: 4.0, Max: 5, Diff: 4, Sum: 32]
      [Scan RS (ms): Min: 0.0, Avg: 0.0, Max: 0.1, Diff: 0.1, Sum: 0.3]
      [Code Root Scanning (ms): Min: 0.0, Avg: 0.0, Max: 0.0, Diff: 0.0, Sum: 0.0]
      [Object Copy (ms): Min: 3.4, Avg: 3.6, Max: 4.2, Diff: 0.8, Sum: 28.4]
      [Termination (ms): Min: 0.0, Avg: 0.7, Max: 1.0, Diff: 1.0, Sum: 6.0]
         [Termination Attempts: Min: 1, Avg: 1.1, Max: 2, Diff: 1, Sum: 9]
      [GC Worker Other (ms): Min: 0.0, Avg: 0.0, Max: 0.0, Diff: 0.0, Sum: 0.1]
      [GC Worker Total (ms): Min: 4.8, Avg: 4.9, Max: 5.0, Diff: 0.2, Sum: 39.1]
      [GC Worker End (ms): Min: 849.2, Avg: 849.2, Max: 849.3, Diff: 0.2]
   [Code Root Fixup: 0.0 ms]
   [Code Root Purge: 0.0 ms]
   [Clear CT: 0.1 ms]
   [Other: 0.7 ms]
      [Choose CSet: 0.0 ms]
      [Ref Proc: 0.2 ms]
      [Ref Enq: 0.0 ms]
      [Redirty Cards: 0.1 ms]
      [Humongous Register: 0.1 ms]
      [Humongous Reclaim: 0.1 ms]
      [Free CSet: 0.1 ms]
   [Eden: 44.0M(44.0M)->0.0B(296.0M) Survivors: 7168.0K->7168.0K Heap: 539.2M(1024.0M)->462.6M(1024.0M)]
 [Times: user=0.03 sys=0.00, real=0.00 secs] 
2021-01-18T10:16:03.908-0800: 0.850: [GC pause (G1 Humongous Allocation) (young) (initial-mark), 0.0018043 secs]
   [Parallel Time: 1.0 ms, GC Workers: 8]
      [GC Worker Start (ms): Min: 850.6, Avg: 850.6, Max: 850.7, Diff: 0.1]
      [Ext Root Scanning (ms): Min: 0.1, Avg: 0.1, Max: 0.2, Diff: 0.1, Sum: 1.1]
      [Update RS (ms): Min: 0.0, Avg: 0.1, Max: 0.1, Diff: 0.1, Sum: 0.6]
         [Processed Buffers: Min: 1, Avg: 1.1, Max: 2, Diff: 1, Sum: 9]
      [Scan RS (ms): Min: 0.0, Avg: 0.0, Max: 0.0, Diff: 0.0, Sum: 0.0]
      [Code Root Scanning (ms): Min: 0.0, Avg: 0.0, Max: 0.0, Diff: 0.0, Sum: 0.0]
      [Object Copy (ms): Min: 0.5, Avg: 0.5, Max: 0.6, Diff: 0.1, Sum: 4.3]
      [Termination (ms): Min: 0.0, Avg: 0.1, Max: 0.1, Diff: 0.1, Sum: 0.7]
         [Termination Attempts: Min: 1, Avg: 1.0, Max: 1, Diff: 0, Sum: 8]
      [GC Worker Other (ms): Min: 0.0, Avg: 0.0, Max: 0.0, Diff: 0.0, Sum: 0.1]
      [GC Worker Total (ms): Min: 0.8, Avg: 0.8, Max: 0.9, Diff: 0.1, Sum: 6.7]
      [GC Worker End (ms): Min: 851.5, Avg: 851.5, Max: 851.5, Diff: 0.1]
   [Code Root Fixup: 0.0 ms]
   [Code Root Purge: 0.0 ms]
   [Clear CT: 0.1 ms]
   [Other: 0.7 ms]
      [Choose CSet: 0.0 ms]
      [Ref Proc: 0.3 ms]
      [Ref Enq: 0.0 ms]
      [Redirty Cards: 0.1 ms]
      [Humongous Register: 0.1 ms]
      [Humongous Reclaim: 0.0 ms]
      [Free CSet: 0.0 ms]
   [Eden: 2048.0K(296.0M)->0.0B(254.0M) Survivors: 7168.0K->9216.0K Heap: 464.0M(1024.0M)->463.4M(1024.0M)]
 [Times: user=0.01 sys=0.00, real=0.01 secs] 
2021-01-18T10:16:03.910-0800: 0.852: [GC concurrent-root-region-scan-start]
2021-01-18T10:16:03.910-0800: 0.852: [GC concurrent-root-region-scan-end, 0.0000983 secs]
2021-01-18T10:16:03.910-0800: 0.852: [GC concurrent-mark-start]
2021-01-18T10:16:03.911-0800: 0.854: [GC concurrent-mark-end, 0.0012349 secs]
2021-01-18T10:16:03.912-0800: 0.854: [GC remark 2021-01-18T10:16:03.912-0800: 0.854: [Finalize Marking, 0.0003331 secs] 2021-01-18T10:16:03.912-0800: 0.854: [GC ref-proc, 0.0000499 secs] 2021-01-18T10:16:03.912-0800: 0.854: [Unloading, 0.0004890 secs], 0.0017274 secs]
 [Times: user=0.01 sys=0.00, real=0.00 secs] 
2021-01-18T10:16:03.913-0800: 0.856: [GC cleanup 471M->465M(1024M), 0.0011289 secs]
 [Times: user=0.00 sys=0.00, real=0.00 secs] 
2021-01-18T10:16:03.915-0800: 0.857: [GC concurrent-cleanup-start]
2021-01-18T10:16:03.915-0800: 0.857: [GC concurrent-cleanup-end, 0.0000130 secs]
2021-01-18T10:16:03.953-0800: 0.896: [GC pause (G1 Evacuation Pause) (young), 0.0106143 secs]
   [Parallel Time: 9.3 ms, GC Workers: 8]
      [GC Worker Start (ms): Min: 895.8, Avg: 895.8, Max: 895.9, Diff: 0.1]
      [Ext Root Scanning (ms): Min: 0.1, Avg: 0.1, Max: 0.1, Diff: 0.1, Sum: 0.8]
      [Update RS (ms): Min: 0.3, Avg: 0.3, Max: 0.5, Diff: 0.2, Sum: 2.5]
         [Processed Buffers: Min: 0, Avg: 4.4, Max: 5, Diff: 5, Sum: 35]
      [Scan RS (ms): Min: 0.0, Avg: 0.0, Max: 0.1, Diff: 0.0, Sum: 0.2]
      [Code Root Scanning (ms): Min: 0.0, Avg: 0.0, Max: 0.0, Diff: 0.0, Sum: 0.0]
      [Object Copy (ms): Min: 7.7, Avg: 7.8, Max: 8.3, Diff: 0.7, Sum: 62.3]
      [Termination (ms): Min: 0.0, Avg: 0.8, Max: 1.1, Diff: 1.1, Sum: 6.7]
         [Termination Attempts: Min: 1, Avg: 1.8, Max: 3, Diff: 2, Sum: 14]
      [GC Worker Other (ms): Min: 0.0, Avg: 0.0, Max: 0.0, Diff: 0.0, Sum: 0.1]
      [GC Worker Total (ms): Min: 8.9, Avg: 9.1, Max: 9.2, Diff: 0.3, Sum: 72.6]
      [GC Worker End (ms): Min: 904.8, Avg: 904.9, Max: 905.0, Diff: 0.2]
   [Code Root Fixup: 0.0 ms]
   [Code Root Purge: 0.0 ms]
   [Clear CT: 0.2 ms]
   [Other: 1.1 ms]
      [Choose CSet: 0.0 ms]
      [Ref Proc: 0.5 ms]
      [Ref Enq: 0.0 ms]
      [Redirty Cards: 0.2 ms]
      [Humongous Register: 0.1 ms]
      [Humongous Reclaim: 0.1 ms]
      [Free CSet: 0.1 ms]
   [Eden: 254.0M(254.0M)->0.0B(18.0M) Survivors: 9216.0K->33.0M Heap: 769.6M(1024.0M)->529.2M(1024.0M)]
 [Times: user=0.06 sys=0.00, real=0.01 secs] 
2021-01-18T10:16:03.967-0800: 0.909: [GC pause (G1 Evacuation Pause) (mixed), 0.0085543 secs]
   [Parallel Time: 7.6 ms, GC Workers: 8]
      [GC Worker Start (ms): Min: 909.7, Avg: 909.7, Max: 909.8, Diff: 0.1]
      [Ext Root Scanning (ms): Min: 0.1, Avg: 0.1, Max: 0.2, Diff: 0.1, Sum: 1.0]
      [Update RS (ms): Min: 0.5, Avg: 0.5, Max: 0.5, Diff: 0.0, Sum: 4.1]
         [Processed Buffers: Min: 5, Avg: 6.1, Max: 7, Diff: 2, Sum: 49]
      [Scan RS (ms): Min: 0.0, Avg: 0.1, Max: 0.1, Diff: 0.1, Sum: 0.5]
      [Code Root Scanning (ms): Min: 0.0, Avg: 0.0, Max: 0.0, Diff: 0.0, Sum: 0.0]
      [Object Copy (ms): Min: 6.4, Avg: 6.5, Max: 6.6, Diff: 0.2, Sum: 52.1]
      [Termination (ms): Min: 0.0, Avg: 0.2, Max: 0.3, Diff: 0.3, Sum: 1.5]
         [Termination Attempts: Min: 1, Avg: 1.0, Max: 1, Diff: 0, Sum: 8]
      [GC Worker Other (ms): Min: 0.0, Avg: 0.0, Max: 0.0, Diff: 0.0, Sum: 0.1]
      [GC Worker Total (ms): Min: 7.3, Avg: 7.4, Max: 7.5, Diff: 0.2, Sum: 59.4]
      [GC Worker End (ms): Min: 917.1, Avg: 917.2, Max: 917.2, Diff: 0.1]
   [Code Root Fixup: 0.0 ms]
   [Code Root Purge: 0.0 ms]
   [Clear CT: 0.2 ms]
   [Other: 0.8 ms]
      [Choose CSet: 0.0 ms]
      [Ref Proc: 0.2 ms]
      [Ref Enq: 0.0 ms]
      [Redirty Cards: 0.2 ms]
      [Humongous Register: 0.1 ms]
      [Humongous Reclaim: 0.0 ms]
      [Free CSet: 0.1 ms]
   [Eden: 18.0M(18.0M)->0.0B(44.0M) Survivors: 33.0M->7168.0K Heap: 552.2M(1024.0M)->458.6M(1024.0M)]
 [Times: user=0.04 sys=0.01, real=0.01 secs] 
2021-01-18T10:16:03.984-0800: 0.927: [GC pause (G1 Evacuation Pause) (mixed), 0.0040771 secs]
   [Parallel Time: 3.3 ms, GC Workers: 8]
      [GC Worker Start (ms): Min: 926.9, Avg: 927.1, Max: 928.4, Diff: 1.5]
      [Ext Root Scanning (ms): Min: 0.0, Avg: 0.1, Max: 0.2, Diff: 0.2, Sum: 1.0]
      [Update RS (ms): Min: 0.0, Avg: 0.9, Max: 1.3, Diff: 1.3, Sum: 7.2]
         [Processed Buffers: Min: 0, Avg: 7.0, Max: 11, Diff: 11, Sum: 56]
      [Scan RS (ms): Min: 0.0, Avg: 0.0, Max: 0.0, Diff: 0.0, Sum: 0.1]
      [Code Root Scanning (ms): Min: 0.0, Avg: 0.0, Max: 0.0, Diff: 0.0, Sum: 0.0]
      [Object Copy (ms): Min: 1.4, Avg: 1.7, Max: 1.9, Diff: 0.5, Sum: 13.3]
      [Termination (ms): Min: 0.0, Avg: 0.1, Max: 0.3, Diff: 0.3, Sum: 1.0]
         [Termination Attempts: Min: 1, Avg: 1.0, Max: 1, Diff: 0, Sum: 8]
      [GC Worker Other (ms): Min: 0.0, Avg: 0.0, Max: 0.0, Diff: 0.0, Sum: 0.1]
      [GC Worker Total (ms): Min: 1.5, Avg: 2.8, Max: 3.2, Diff: 1.6, Sum: 22.7]
      [GC Worker End (ms): Min: 929.9, Avg: 929.9, Max: 930.0, Diff: 0.1]
   [Code Root Fixup: 0.0 ms]
   [Code Root Purge: 0.0 ms]
   [Clear CT: 0.2 ms]
   [Other: 0.6 ms]
      [Choose CSet: 0.0 ms]
      [Ref Proc: 0.2 ms]
      [Ref Enq: 0.0 ms]
      [Redirty Cards: 0.1 ms]
      [Humongous Register: 0.1 ms]
      [Humongous Reclaim: 0.1 ms]
      [Free CSet: 0.0 ms]
   [Eden: 44.0M(44.0M)->0.0B(266.0M) Survivors: 7168.0K->7168.0K Heap: 512.3M(1024.0M)->466.8M(1024.0M)]
 [Times: user=0.02 sys=0.00, real=0.00 secs] 
2021-01-18T10:16:03.989-0800: 0.931: [GC pause (G1 Humongous Allocation) (young) (initial-mark), 0.0017152 secs]
   [Parallel Time: 1.0 ms, GC Workers: 8]
      [GC Worker Start (ms): Min: 931.1, Avg: 931.2, Max: 931.2, Diff: 0.1]
      [Ext Root Scanning (ms): Min: 0.1, Avg: 0.1, Max: 0.2, Diff: 0.1, Sum: 1.1]
      [Update RS (ms): Min: 0.0, Avg: 0.1, Max: 0.1, Diff: 0.0, Sum: 0.5]
         [Processed Buffers: Min: 1, Avg: 1.1, Max: 2, Diff: 1, Sum: 9]
      [Scan RS (ms): Min: 0.0, Avg: 0.0, Max: 0.0, Diff: 0.0, Sum: 0.0]
      [Code Root Scanning (ms): Min: 0.0, Avg: 0.0, Max: 0.0, Diff: 0.0, Sum: 0.0]
      [Object Copy (ms): Min: 0.5, Avg: 0.6, Max: 0.6, Diff: 0.2, Sum: 4.4]
      [Termination (ms): Min: 0.0, Avg: 0.1, Max: 0.2, Diff: 0.2, Sum: 0.6]
         [Termination Attempts: Min: 1, Avg: 1.0, Max: 1, Diff: 0, Sum: 8]
      [GC Worker Other (ms): Min: 0.0, Avg: 0.0, Max: 0.0, Diff: 0.0, Sum: 0.1]
      [GC Worker Total (ms): Min: 0.8, Avg: 0.8, Max: 0.9, Diff: 0.1, Sum: 6.7]
      [GC Worker End (ms): Min: 932.0, Avg: 932.0, Max: 932.1, Diff: 0.1]
   [Code Root Fixup: 0.0 ms]
   [Code Root Purge: 0.0 ms]
   [Clear CT: 0.1 ms]
   [Other: 0.5 ms]
      [Choose CSet: 0.0 ms]
      [Ref Proc: 0.2 ms]
      [Ref Enq: 0.0 ms]
      [Redirty Cards: 0.1 ms]
      [Humongous Register: 0.1 ms]
      [Humongous Reclaim: 0.0 ms]
      [Free CSet: 0.0 ms]
   [Eden: 1024.0K(266.0M)->0.0B(258.0M) Survivors: 7168.0K->8192.0K Heap: 467.7M(1024.0M)->467.3M(1024.0M)]
 [Times: user=0.01 sys=0.00, real=0.01 secs] 
2021-01-18T10:16:03.991-0800: 0.933: [GC concurrent-root-region-scan-start]
2021-01-18T10:16:03.991-0800: 0.933: [GC concurrent-root-region-scan-end, 0.0001008 secs]
2021-01-18T10:16:03.991-0800: 0.933: [GC concurrent-mark-start]
2021-01-18T10:16:03.992-0800: 0.934: [GC concurrent-mark-end, 0.0012419 secs]
2021-01-18T10:16:03.992-0800: 0.934: [GC remark 2021-01-18T10:16:03.992-0800: 0.934: [Finalize Marking, 0.0002202 secs] 2021-01-18T10:16:03.992-0800: 0.935: [GC ref-proc, 0.0000554 secs] 2021-01-18T10:16:03.992-0800: 0.935: [Unloading, 0.0005713 secs], 0.0021536 secs]
 [Times: user=0.01 sys=0.00, real=0.00 secs] 
2021-01-18T10:16:03.994-0800: 0.937: [GC cleanup 476M->472M(1024M), 0.0008883 secs]
 [Times: user=0.00 sys=0.01, real=0.00 secs] 
2021-01-18T10:16:03.995-0800: 0.938: [GC concurrent-cleanup-start]
2021-01-18T10:16:03.995-0800: 0.938: [GC concurrent-cleanup-end, 0.0000151 secs]
2021-01-18T10:16:04.038-0800: 0.980: [GC pause (G1 Evacuation Pause) (young), 0.0097906 secs]
   [Parallel Time: 8.9 ms, GC Workers: 8]
      [GC Worker Start (ms): Min: 980.1, Avg: 980.2, Max: 980.2, Diff: 0.1]
      [Ext Root Scanning (ms): Min: 0.1, Avg: 0.1, Max: 0.2, Diff: 0.1, Sum: 0.7]
      [Update RS (ms): Min: 0.4, Avg: 0.5, Max: 0.5, Diff: 0.1, Sum: 3.8]
         [Processed Buffers: Min: 2, Avg: 7.1, Max: 9, Diff: 7, Sum: 57]
      [Scan RS (ms): Min: 0.0, Avg: 0.0, Max: 0.0, Diff: 0.0, Sum: 0.2]
      [Code Root Scanning (ms): Min: 0.0, Avg: 0.0, Max: 0.0, Diff: 0.0, Sum: 0.0]
      [Object Copy (ms): Min: 7.5, Avg: 7.6, Max: 8.0, Diff: 0.5, Sum: 61.0]
      [Termination (ms): Min: 0.0, Avg: 0.5, Max: 0.7, Diff: 0.7, Sum: 3.7]
         [Termination Attempts: Min: 1, Avg: 1.8, Max: 3, Diff: 2, Sum: 14]
      [GC Worker Other (ms): Min: 0.0, Avg: 0.0, Max: 0.0, Diff: 0.0, Sum: 0.1]
      [GC Worker Total (ms): Min: 8.6, Avg: 8.7, Max: 8.8, Diff: 0.2, Sum: 69.6]
      [GC Worker End (ms): Min: 988.8, Avg: 988.9, Max: 989.0, Diff: 0.2]
   [Code Root Fixup: 0.0 ms]
   [Code Root Purge: 0.0 ms]
   [Clear CT: 0.2 ms]
   [Other: 0.7 ms]
      [Choose CSet: 0.0 ms]
      [Ref Proc: 0.2 ms]
      [Ref Enq: 0.0 ms]
      [Redirty Cards: 0.1 ms]
      [Humongous Register: 0.1 ms]
      [Humongous Reclaim: 0.1 ms]
      [Free CSet: 0.1 ms]
   [Eden: 258.0M(258.0M)->0.0B(17.0M) Survivors: 8192.0K->34.0M Heap: 786.3M(1024.0M)->537.6M(1024.0M)]
 [Times: user=0.05 sys=0.00, real=0.01 secs] 
2021-01-18T10:16:04.051-0800: 0.993: [GC pause (G1 Evacuation Pause) (mixed), 0.0086493 secs]
   [Parallel Time: 7.6 ms, GC Workers: 8]
      [GC Worker Start (ms): Min: 993.5, Avg: 993.6, Max: 993.7, Diff: 0.2]
      [Ext Root Scanning (ms): Min: 0.0, Avg: 0.1, Max: 0.2, Diff: 0.2, Sum: 0.7]
      [Update RS (ms): Min: 0.6, Avg: 0.7, Max: 0.7, Diff: 0.1, Sum: 5.4]
         [Processed Buffers: Min: 7, Avg: 8.1, Max: 9, Diff: 2, Sum: 65]
      [Scan RS (ms): Min: 0.0, Avg: 0.1, Max: 0.1, Diff: 0.1, Sum: 0.4]
      [Code Root Scanning (ms): Min: 0.0, Avg: 0.0, Max: 0.0, Diff: 0.0, Sum: 0.0]
      [Object Copy (ms): Min: 6.4, Avg: 6.4, Max: 6.4, Diff: 0.1, Sum: 51.4]
      [Termination (ms): Min: 0.0, Avg: 0.0, Max: 0.1, Diff: 0.1, Sum: 0.3]
         [Termination Attempts: Min: 1, Avg: 1.0, Max: 1, Diff: 0, Sum: 8]
      [GC Worker Other (ms): Min: 0.0, Avg: 0.0, Max: 0.0, Diff: 0.0, Sum: 0.1]
      [GC Worker Total (ms): Min: 7.2, Avg: 7.3, Max: 7.4, Diff: 0.2, Sum: 58.3]
      [GC Worker End (ms): Min: 1000.9, Avg: 1000.9, Max: 1000.9, Diff: 0.1]
   [Code Root Fixup: 0.0 ms]
   [Code Root Purge: 0.0 ms]
   [Clear CT: 0.2 ms]
   [Other: 0.9 ms]
      [Choose CSet: 0.0 ms]
      [Ref Proc: 0.4 ms]
      [Ref Enq: 0.0 ms]
      [Redirty Cards: 0.1 ms]
      [Humongous Register: 0.1 ms]
      [Humongous Reclaim: 0.0 ms]
      [Free CSet: 0.1 ms]
   [Eden: 17.0M(17.0M)->0.0B(46.0M) Survivors: 34.0M->5120.0K Heap: 561.5M(1024.0M)->470.6M(1024.0M)]
 [Times: user=0.05 sys=0.01, real=0.01 secs] 
2021-01-18T10:16:04.069-0800: 1.012: [GC pause (G1 Evacuation Pause) (mixed), 0.0040665 secs]
   [Parallel Time: 3.3 ms, GC Workers: 8]
      [GC Worker Start (ms): Min: 1011.9, Avg: 1011.9, Max: 1012.0, Diff: 0.1]
      [Ext Root Scanning (ms): Min: 0.1, Avg: 0.1, Max: 0.2, Diff: 0.1, Sum: 1.1]
      [Update RS (ms): Min: 0.9, Avg: 0.9, Max: 0.9, Diff: 0.0, Sum: 7.4]
         [Processed Buffers: Min: 8, Avg: 9.8, Max: 11, Diff: 3, Sum: 78]
      [Scan RS (ms): Min: 0.0, Avg: 0.0, Max: 0.0, Diff: 0.0, Sum: 0.2]
      [Code Root Scanning (ms): Min: 0.0, Avg: 0.0, Max: 0.0, Diff: 0.0, Sum: 0.0]
      [Object Copy (ms): Min: 2.0, Avg: 2.0, Max: 2.0, Diff: 0.1, Sum: 15.8]
      [Termination (ms): Min: 0.0, Avg: 0.1, Max: 0.2, Diff: 0.2, Sum: 0.7]
         [Termination Attempts: Min: 1, Avg: 1.2, Max: 2, Diff: 1, Sum: 10]
      [GC Worker Other (ms): Min: 0.0, Avg: 0.0, Max: 0.0, Diff: 0.0, Sum: 0.1]
      [GC Worker Total (ms): Min: 3.1, Avg: 3.2, Max: 3.2, Diff: 0.2, Sum: 25.2]
      [GC Worker End (ms): Min: 1015.1, Avg: 1015.1, Max: 1015.1, Diff: 0.1]
   [Code Root Fixup: 0.0 ms]
   [Code Root Purge: 0.0 ms]
   [Clear CT: 0.1 ms]
   [Other: 0.6 ms]
      [Choose CSet: 0.0 ms]
      [Ref Proc: 0.2 ms]
      [Ref Enq: 0.0 ms]
      [Redirty Cards: 0.2 ms]
      [Humongous Register: 0.1 ms]
      [Humongous Reclaim: 0.0 ms]
      [Free CSet: 0.0 ms]
   [Eden: 46.0M(46.0M)->0.0B(256.0M) Survivors: 5120.0K->7168.0K Heap: 529.7M(1024.0M)->484.7M(1024.0M)]
 [Times: user=0.02 sys=0.00, real=0.01 secs] 
2021-01-18T10:16:04.074-0800: 1.016: [GC pause (G1 Humongous Allocation) (young) (initial-mark), 0.0030390 secs]
   [Parallel Time: 2.2 ms, GC Workers: 8]
      [GC Worker Start (ms): Min: 1016.5, Avg: 1016.6, Max: 1016.7, Diff: 0.2]
      [Ext Root Scanning (ms): Min: 0.0, Avg: 0.7, Max: 2.0, Diff: 2.0, Sum: 5.6]
      [Update RS (ms): Min: 0.0, Avg: 0.1, Max: 0.4, Diff: 0.4, Sum: 0.9]
         [Processed Buffers: Min: 0, Avg: 1.1, Max: 4, Diff: 4, Sum: 9]
      [Scan RS (ms): Min: 0.0, Avg: 0.0, Max: 0.0, Diff: 0.0, Sum: 0.0]
      [Code Root Scanning (ms): Min: 0.0, Avg: 0.0, Max: 0.0, Diff: 0.0, Sum: 0.0]
      [Object Copy (ms): Min: 0.0, Avg: 0.4, Max: 0.7, Diff: 0.7, Sum: 3.2]
      [Termination (ms): Min: 0.0, Avg: 0.8, Max: 1.1, Diff: 1.1, Sum: 6.2]
         [Termination Attempts: Min: 1, Avg: 1.0, Max: 1, Diff: 0, Sum: 8]
      [GC Worker Other (ms): Min: 0.0, Avg: 0.0, Max: 0.0, Diff: 0.0, Sum: 0.1]
      [GC Worker Total (ms): Min: 1.9, Avg: 2.0, Max: 2.1, Diff: 0.2, Sum: 15.9]
      [GC Worker End (ms): Min: 1018.5, Avg: 1018.6, Max: 1018.7, Diff: 0.1]
   [Code Root Fixup: 0.0 ms]
   [Code Root Purge: 0.0 ms]
   [Clear CT: 0.2 ms]
   [Other: 0.6 ms]
      [Choose CSet: 0.0 ms]
      [Ref Proc: 0.2 ms]
      [Ref Enq: 0.0 ms]
      [Redirty Cards: 0.2 ms]
      [Humongous Register: 0.1 ms]
      [Humongous Reclaim: 0.0 ms]
      [Free CSet: 0.0 ms]
   [Eden: 3072.0K(256.0M)->0.0B(266.0M) Survivors: 7168.0K->8192.0K Heap: 487.7M(1024.0M)->485.4M(1024.0M)]
 [Times: user=0.01 sys=0.00, real=0.00 secs] 
2021-01-18T10:16:04.077-0800: 1.020: [GC concurrent-root-region-scan-start]
2021-01-18T10:16:04.077-0800: 1.020: [GC concurrent-root-region-scan-end, 0.0001075 secs]
2021-01-18T10:16:04.077-0800: 1.020: [GC concurrent-mark-start]
2021-01-18T10:16:04.079-0800: 1.021: [GC concurrent-mark-end, 0.0012539 secs]
2021-01-18T10:16:04.079-0800: 1.021: [GC remark 2021-01-18T10:16:04.079-0800: 1.021: [Finalize Marking, 0.0003408 secs] 2021-01-18T10:16:04.079-0800: 1.021: [GC ref-proc, 0.0000614 secs] 2021-01-18T10:16:04.079-0800: 1.021: [Unloading, 0.0004698 secs], 0.0019384 secs]
 [Times: user=0.01 sys=0.00, real=0.01 secs] 
2021-01-18T10:16:04.081-0800: 1.023: [GC cleanup 493M->491M(1024M), 0.0008945 secs]
 [Times: user=0.00 sys=0.00, real=0.00 secs] 
2021-01-18T10:16:04.082-0800: 1.024: [GC concurrent-cleanup-start]
2021-01-18T10:16:04.082-0800: 1.024: [GC concurrent-cleanup-end, 0.0000141 secs]
2021-01-18T10:16:04.123-0800: 1.065: [GC pause (G1 Evacuation Pause) (young), 0.0094316 secs]
   [Parallel Time: 8.6 ms, GC Workers: 8]
      [GC Worker Start (ms): Min: 1065.3, Avg: 1065.3, Max: 1065.4, Diff: 0.1]
      [Ext Root Scanning (ms): Min: 0.1, Avg: 0.1, Max: 0.2, Diff: 0.1, Sum: 0.7]
      [Update RS (ms): Min: 0.8, Avg: 0.8, Max: 0.8, Diff: 0.0, Sum: 6.2]
         [Processed Buffers: Min: 9, Avg: 12.0, Max: 14, Diff: 5, Sum: 96]
      [Scan RS (ms): Min: 0.0, Avg: 0.0, Max: 0.0, Diff: 0.0, Sum: 0.2]
      [Code Root Scanning (ms): Min: 0.0, Avg: 0.0, Max: 0.0, Diff: 0.0, Sum: 0.0]
      [Object Copy (ms): Min: 7.5, Avg: 7.5, Max: 7.6, Diff: 0.1, Sum: 60.0]
      [Termination (ms): Min: 0.0, Avg: 0.1, Max: 0.1, Diff: 0.1, Sum: 0.5]
         [Termination Attempts: Min: 1, Avg: 2.0, Max: 3, Diff: 2, Sum: 16]
      [GC Worker Other (ms): Min: 0.0, Avg: 0.0, Max: 0.0, Diff: 0.0, Sum: 0.1]
      [GC Worker Total (ms): Min: 8.4, Avg: 8.5, Max: 8.5, Diff: 0.1, Sum: 67.9]
      [GC Worker End (ms): Min: 1073.8, Avg: 1073.8, Max: 1073.8, Diff: 0.0]
   [Code Root Fixup: 0.0 ms]
   [Code Root Purge: 0.0 ms]
   [Clear CT: 0.1 ms]
   [Other: 0.7 ms]
      [Choose CSet: 0.0 ms]
      [Ref Proc: 0.2 ms]
      [Ref Enq: 0.0 ms]
      [Redirty Cards: 0.1 ms]
      [Humongous Register: 0.1 ms]
      [Humongous Reclaim: 0.1 ms]
      [Free CSet: 0.1 ms]
   [Eden: 266.0M(266.0M)->0.0B(16.0M) Survivors: 8192.0K->35.0M Heap: 817.7M(1024.0M)->562.9M(1024.0M)]
 [Times: user=0.07 sys=0.00, real=0.01 secs] 
2021-01-18T10:16:04.136-0800: 1.078: [GC pause (G1 Evacuation Pause) (mixed), 0.0081313 secs]
   [Parallel Time: 7.1 ms, GC Workers: 8]
      [GC Worker Start (ms): Min: 1078.1, Avg: 1078.2, Max: 1078.2, Diff: 0.2]
      [Ext Root Scanning (ms): Min: 0.1, Avg: 0.1, Max: 0.2, Diff: 0.1, Sum: 0.9]
      [Update RS (ms): Min: 0.3, Avg: 0.4, Max: 0.4, Diff: 0.1, Sum: 2.8]
         [Processed Buffers: Min: 4, Avg: 4.2, Max: 5, Diff: 1, Sum: 34]
      [Scan RS (ms): Min: 0.0, Avg: 0.1, Max: 0.1, Diff: 0.1, Sum: 0.5]
      [Code Root Scanning (ms): Min: 0.0, Avg: 0.0, Max: 0.0, Diff: 0.0, Sum: 0.0]
      [Object Copy (ms): Min: 6.3, Avg: 6.3, Max: 6.4, Diff: 0.1, Sum: 50.5]
      [Termination (ms): Min: 0.0, Avg: 0.1, Max: 0.2, Diff: 0.2, Sum: 0.9]
         [Termination Attempts: Min: 1, Avg: 1.0, Max: 1, Diff: 0, Sum: 8]
      [GC Worker Other (ms): Min: 0.0, Avg: 0.0, Max: 0.0, Diff: 0.0, Sum: 0.1]
      [GC Worker Total (ms): Min: 6.9, Avg: 7.0, Max: 7.0, Diff: 0.1, Sum: 55.8]
      [GC Worker End (ms): Min: 1085.1, Avg: 1085.2, Max: 1085.2, Diff: 0.1]
   [Code Root Fixup: 0.0 ms]
   [Code Root Purge: 0.0 ms]
   [Clear CT: 0.2 ms]
   [Other: 0.8 ms]
      [Choose CSet: 0.0 ms]
      [Ref Proc: 0.2 ms]
      [Ref Enq: 0.0 ms]
      [Redirty Cards: 0.1 ms]
      [Humongous Register: 0.1 ms]
      [Humongous Reclaim: 0.0 ms]
      [Free CSet: 0.1 ms]
   [Eden: 16.0M(16.0M)->0.0B(45.0M) Survivors: 35.0M->6144.0K Heap: 581.9M(1024.0M)->494.1M(1024.0M)]
 [Times: user=0.05 sys=0.01, real=0.01 secs] 
2021-01-18T10:16:04.155-0800: 1.097: [GC pause (G1 Evacuation Pause) (mixed), 0.0050487 secs]
   [Parallel Time: 4.2 ms, GC Workers: 8]
      [GC Worker Start (ms): Min: 1097.2, Avg: 1097.3, Max: 1097.4, Diff: 0.2]
      [Ext Root Scanning (ms): Min: 0.1, Avg: 0.1, Max: 0.2, Diff: 0.2, Sum: 0.9]
      [Update RS (ms): Min: 0.9, Avg: 0.9, Max: 1.0, Diff: 0.2, Sum: 7.1]
         [Processed Buffers: Min: 5, Avg: 9.0, Max: 10, Diff: 5, Sum: 72]
      [Scan RS (ms): Min: 0.0, Avg: 0.0, Max: 0.1, Diff: 0.1, Sum: 0.3]
      [Code Root Scanning (ms): Min: 0.0, Avg: 0.0, Max: 0.0, Diff: 0.0, Sum: 0.0]
      [Object Copy (ms): Min: 2.6, Avg: 2.8, Max: 2.9, Diff: 0.3, Sum: 22.5]
      [Termination (ms): Min: 0.0, Avg: 0.1, Max: 0.1, Diff: 0.1, Sum: 0.7]
         [Termination Attempts: Min: 1, Avg: 1.0, Max: 1, Diff: 0, Sum: 8]
      [GC Worker Other (ms): Min: 0.0, Avg: 0.0, Max: 0.0, Diff: 0.0, Sum: 0.1]
      [GC Worker Total (ms): Min: 3.9, Avg: 4.0, Max: 4.0, Diff: 0.1, Sum: 31.7]
      [GC Worker End (ms): Min: 1101.2, Avg: 1101.3, Max: 1101.3, Diff: 0.1]
   [Code Root Fixup: 0.0 ms]
   [Code Root Purge: 0.0 ms]
   [Clear CT: 0.2 ms]
   [Other: 0.6 ms]
      [Choose CSet: 0.0 ms]
      [Ref Proc: 0.2 ms]
      [Ref Enq: 0.0 ms]
      [Redirty Cards: 0.1 ms]
      [Humongous Register: 0.1 ms]
      [Humongous Reclaim: 0.1 ms]
      [Free CSet: 0.1 ms]
   [Eden: 45.0M(45.0M)->0.0B(265.0M) Survivors: 6144.0K->7168.0K Heap: 555.2M(1024.0M)->490.9M(1024.0M)]
 [Times: user=0.03 sys=0.00, real=0.01 secs] 
2021-01-18T10:16:04.160-0800: 1.103: [GC pause (G1 Humongous Allocation) (young) (initial-mark), 0.0019373 secs]
   [Parallel Time: 1.0 ms, GC Workers: 8]
      [GC Worker Start (ms): Min: 1102.8, Avg: 1102.9, Max: 1102.9, Diff: 0.1]
      [Ext Root Scanning (ms): Min: 0.1, Avg: 0.1, Max: 0.2, Diff: 0.1, Sum: 1.1]
      [Update RS (ms): Min: 0.1, Avg: 0.1, Max: 0.2, Diff: 0.1, Sum: 0.8]
         [Processed Buffers: Min: 1, Avg: 1.1, Max: 2, Diff: 1, Sum: 9]
      [Scan RS (ms): Min: 0.0, Avg: 0.0, Max: 0.0, Diff: 0.0, Sum: 0.0]
      [Code Root Scanning (ms): Min: 0.0, Avg: 0.0, Max: 0.0, Diff: 0.0, Sum: 0.0]
      [Object Copy (ms): Min: 0.5, Avg: 0.6, Max: 0.6, Diff: 0.2, Sum: 4.5]
      [Termination (ms): Min: 0.0, Avg: 0.0, Max: 0.1, Diff: 0.1, Sum: 0.4]
         [Termination Attempts: Min: 1, Avg: 1.0, Max: 1, Diff: 0, Sum: 8]
      [GC Worker Other (ms): Min: 0.0, Avg: 0.0, Max: 0.0, Diff: 0.0, Sum: 0.1]
      [GC Worker Total (ms): Min: 0.8, Avg: 0.9, Max: 0.9, Diff: 0.1, Sum: 6.8]
      [GC Worker End (ms): Min: 1103.7, Avg: 1103.7, Max: 1103.8, Diff: 0.0]
   [Code Root Fixup: 0.0 ms]
   [Code Root Purge: 0.0 ms]
   [Clear CT: 0.2 ms]
   [Other: 0.7 ms]
      [Choose CSet: 0.0 ms]
      [Ref Proc: 0.4 ms]
      [Ref Enq: 0.0 ms]
      [Redirty Cards: 0.1 ms]
      [Humongous Register: 0.1 ms]
      [Humongous Reclaim: 0.0 ms]
      [Free CSet: 0.0 ms]
   [Eden: 2048.0K(265.0M)->0.0B(279.0M) Survivors: 7168.0K->8192.0K Heap: 492.2M(1024.0M)->490.8M(1024.0M)]
 [Times: user=0.01 sys=0.00, real=0.00 secs] 
2021-01-18T10:16:04.163-0800: 1.105: [GC concurrent-root-region-scan-start]
2021-01-18T10:16:04.163-0800: 1.105: [GC concurrent-root-region-scan-end, 0.0001391 secs]
2021-01-18T10:16:04.163-0800: 1.105: [GC concurrent-mark-start]
2021-01-18T10:16:04.164-0800: 1.106: [GC concurrent-mark-end, 0.0013603 secs]
2021-01-18T10:16:04.164-0800: 1.106: [GC remark 2021-01-18T10:16:04.169-0800: 1.111: [Finalize Marking, 0.0003178 secs] 2021-01-18T10:16:04.169-0800: 1.111: [GC ref-proc, 0.0000815 secs] 2021-01-18T10:16:04.169-0800: 1.112: [Unloading, 0.0006007 secs], 0.0067589 secs]
 [Times: user=0.00 sys=0.00, real=0.01 secs] 
2021-01-18T10:16:04.171-0800: 1.113: [GC cleanup 499M->496M(1024M), 0.0010100 secs]
 [Times: user=0.01 sys=0.00, real=0.00 secs] 
2021-01-18T10:16:04.172-0800: 1.114: [GC concurrent-cleanup-start]
2021-01-18T10:16:04.172-0800: 1.114: [GC concurrent-cleanup-end, 0.0000157 secs]
2021-01-18T10:16:04.218-0800: 1.160: [GC pause (G1 Evacuation Pause) (young) (to-space exhausted), 0.0076772 secs]
   [Parallel Time: 6.5 ms, GC Workers: 8]
      [GC Worker Start (ms): Min: 1160.3, Avg: 1160.4, Max: 1160.4, Diff: 0.1]
      [Ext Root Scanning (ms): Min: 0.1, Avg: 0.1, Max: 0.1, Diff: 0.1, Sum: 0.7]
      [Update RS (ms): Min: 0.7, Avg: 0.7, Max: 0.8, Diff: 0.1, Sum: 6.0]
         [Processed Buffers: Min: 5, Avg: 11.2, Max: 13, Diff: 8, Sum: 90]
      [Scan RS (ms): Min: 0.0, Avg: 0.0, Max: 0.0, Diff: 0.0, Sum: 0.2]
      [Code Root Scanning (ms): Min: 0.0, Avg: 0.0, Max: 0.0, Diff: 0.0, Sum: 0.0]
      [Object Copy (ms): Min: 5.4, Avg: 5.4, Max: 5.5, Diff: 0.1, Sum: 43.4]
      [Termination (ms): Min: 0.0, Avg: 0.1, Max: 0.1, Diff: 0.1, Sum: 0.5]
         [Termination Attempts: Min: 1, Avg: 1.1, Max: 2, Diff: 1, Sum: 9]
      [GC Worker Other (ms): Min: 0.0, Avg: 0.0, Max: 0.0, Diff: 0.0, Sum: 0.1]
      [GC Worker Total (ms): Min: 6.3, Avg: 6.4, Max: 6.4, Diff: 0.1, Sum: 50.8]
      [GC Worker End (ms): Min: 1166.7, Avg: 1166.7, Max: 1166.7, Diff: 0.0]
   [Code Root Fixup: 0.0 ms]
   [Code Root Purge: 0.0 ms]
   [Clear CT: 0.1 ms]
   [Other: 1.1 ms]
      [Evacuation Failure: 0.3 ms]
      [Choose CSet: 0.0 ms]
      [Ref Proc: 0.2 ms]
      [Ref Enq: 0.0 ms]
      [Redirty Cards: 0.1 ms]
      [Humongous Register: 0.1 ms]
      [Humongous Reclaim: 0.2 ms]
      [Free CSet: 0.1 ms]
   [Eden: 279.0M(279.0M)->0.0B(15.0M) Survivors: 8192.0K->36.0M Heap: 851.9M(1024.0M)->698.0M(1024.0M)]
 [Times: user=0.05 sys=0.00, real=0.01 secs] 
2021-01-18T10:16:04.229-0800: 1.171: [GC pause (G1 Evacuation Pause) (mixed), 0.0092027 secs]
   [Parallel Time: 8.1 ms, GC Workers: 8]
      [GC Worker Start (ms): Min: 1171.1, Avg: 1171.2, Max: 1171.3, Diff: 0.1]
      [Ext Root Scanning (ms): Min: 0.1, Avg: 0.1, Max: 0.2, Diff: 0.1, Sum: 0.9]
      [Update RS (ms): Min: 0.4, Avg: 0.4, Max: 0.4, Diff: 0.1, Sum: 3.1]
         [Processed Buffers: Min: 4, Avg: 4.8, Max: 5, Diff: 1, Sum: 38]
      [Scan RS (ms): Min: 0.0, Avg: 0.1, Max: 0.1, Diff: 0.1, Sum: 0.6]
      [Code Root Scanning (ms): Min: 0.0, Avg: 0.0, Max: 0.0, Diff: 0.0, Sum: 0.0]
      [Object Copy (ms): Min: 6.2, Avg: 6.4, Max: 7.1, Diff: 0.9, Sum: 51.0]
      [Termination (ms): Min: 0.0, Avg: 0.9, Max: 1.1, Diff: 1.1, Sum: 6.9]
         [Termination Attempts: Min: 1, Avg: 1.0, Max: 1, Diff: 0, Sum: 8]
      [GC Worker Other (ms): Min: 0.0, Avg: 0.0, Max: 0.0, Diff: 0.0, Sum: 0.1]
      [GC Worker Total (ms): Min: 7.7, Avg: 7.8, Max: 8.0, Diff: 0.3, Sum: 62.5]
      [GC Worker End (ms): Min: 1178.9, Avg: 1179.0, Max: 1179.2, Diff: 0.2]
   [Code Root Fixup: 0.0 ms]
   [Code Root Purge: 0.0 ms]
   [Clear CT: 0.3 ms]
   [Other: 0.8 ms]
      [Choose CSet: 0.0 ms]
      [Ref Proc: 0.2 ms]
      [Ref Enq: 0.0 ms]
      [Redirty Cards: 0.2 ms]
      [Humongous Register: 0.1 ms]
      [Humongous Reclaim: 0.0 ms]
      [Free CSet: 0.1 ms]
   [Eden: 15.0M(15.0M)->0.0B(46.0M) Survivors: 36.0M->5120.0K Heap: 716.5M(1024.0M)->626.8M(1024.0M)]
 [Times: user=0.06 sys=0.00, real=0.01 secs] 
2021-01-18T10:16:04.247-0800: 1.190: [GC pause (G1 Evacuation Pause) (mixed), 0.0051644 secs]
   [Parallel Time: 4.3 ms, GC Workers: 8]
      [GC Worker Start (ms): Min: 1189.8, Avg: 1189.8, Max: 1189.9, Diff: 0.1]
      [Ext Root Scanning (ms): Min: 0.1, Avg: 0.1, Max: 0.2, Diff: 0.1, Sum: 0.9]
      [Update RS (ms): Min: 1.1, Avg: 1.2, Max: 1.2, Diff: 0.1, Sum: 9.4]
         [Processed Buffers: Min: 12, Avg: 12.9, Max: 14, Diff: 2, Sum: 103]
      [Scan RS (ms): Min: 0.0, Avg: 0.0, Max: 0.1, Diff: 0.1, Sum: 0.2]
      [Code Root Scanning (ms): Min: 0.0, Avg: 0.0, Max: 0.0, Diff: 0.0, Sum: 0.0]
      [Object Copy (ms): Min: 2.6, Avg: 2.6, Max: 2.7, Diff: 0.1, Sum: 21.2]
      [Termination (ms): Min: 0.0, Avg: 0.1, Max: 0.1, Diff: 0.1, Sum: 0.6]
         [Termination Attempts: Min: 1, Avg: 1.0, Max: 1, Diff: 0, Sum: 8]
      [GC Worker Other (ms): Min: 0.0, Avg: 0.0, Max: 0.0, Diff: 0.0, Sum: 0.1]
      [GC Worker Total (ms): Min: 4.0, Avg: 4.0, Max: 4.1, Diff: 0.1, Sum: 32.4]
      [GC Worker End (ms): Min: 1193.9, Avg: 1193.9, Max: 1193.9, Diff: 0.1]
   [Code Root Fixup: 0.0 ms]
   [Code Root Purge: 0.0 ms]
   [Clear CT: 0.2 ms]
   [Other: 0.7 ms]
      [Choose CSet: 0.0 ms]
      [Ref Proc: 0.2 ms]
      [Ref Enq: 0.0 ms]
      [Redirty Cards: 0.2 ms]
      [Humongous Register: 0.1 ms]
      [Humongous Reclaim: 0.1 ms]
      [Free CSet: 0.1 ms]
   [Eden: 46.0M(46.0M)->0.0B(174.0M) Survivors: 5120.0K->7168.0K Heap: 684.5M(1024.0M)->626.3M(1024.0M)]
 [Times: user=0.03 sys=0.00, real=0.01 secs] 
2021-01-18T10:16:04.254-0800: 1.196: [GC pause (G1 Humongous Allocation) (young) (initial-mark), 0.0025236 secs]
   [Parallel Time: 1.6 ms, GC Workers: 8]
      [GC Worker Start (ms): Min: 1196.2, Avg: 1196.2, Max: 1196.2, Diff: 0.1]
      [Ext Root Scanning (ms): Min: 0.1, Avg: 0.1, Max: 0.2, Diff: 0.1, Sum: 1.1]
      [Update RS (ms): Min: 0.0, Avg: 0.1, Max: 0.1, Diff: 0.1, Sum: 0.7]
         [Processed Buffers: Min: 1, Avg: 1.1, Max: 2, Diff: 1, Sum: 9]
      [Scan RS (ms): Min: 0.0, Avg: 0.0, Max: 0.0, Diff: 0.0, Sum: 0.0]
      [Code Root Scanning (ms): Min: 0.0, Avg: 0.0, Max: 0.0, Diff: 0.0, Sum: 0.0]
      [Object Copy (ms): Min: 0.7, Avg: 0.7, Max: 1.0, Diff: 0.3, Sum: 6.0]
      [Termination (ms): Min: 0.0, Avg: 0.4, Max: 0.6, Diff: 0.6, Sum: 3.4]
         [Termination Attempts: Min: 1, Avg: 1.0, Max: 1, Diff: 0, Sum: 8]
      [GC Worker Other (ms): Min: 0.0, Avg: 0.0, Max: 0.0, Diff: 0.0, Sum: 0.1]
      [GC Worker Total (ms): Min: 1.3, Avg: 1.4, Max: 1.6, Diff: 0.3, Sum: 11.3]
      [GC Worker End (ms): Min: 1197.5, Avg: 1197.6, Max: 1197.7, Diff: 0.2]
   [Code Root Fixup: 0.0 ms]
   [Code Root Purge: 0.0 ms]
   [Clear CT: 0.3 ms]
   [Other: 0.6 ms]
      [Choose CSet: 0.0 ms]
      [Ref Proc: 0.2 ms]
      [Ref Enq: 0.0 ms]
      [Redirty Cards: 0.2 ms]
      [Humongous Register: 0.1 ms]
      [Humongous Reclaim: 0.0 ms]
      [Free CSet: 0.0 ms]
   [Eden: 6144.0K(174.0M)->0.0B(160.0M) Survivors: 7168.0K->10.0M Heap: 632.2M(1024.0M)->628.3M(1024.0M)]
 [Times: user=0.01 sys=0.01, real=0.00 secs] 
2021-01-18T10:16:04.256-0800: 1.199: [GC concurrent-root-region-scan-start]
2021-01-18T10:16:04.257-0800: 1.199: [GC concurrent-root-region-scan-end, 0.0001155 secs]
2021-01-18T10:16:04.257-0800: 1.199: [GC concurrent-mark-start]
2021-01-18T10:16:04.258-0800: 1.200: [GC concurrent-mark-end, 0.0014466 secs]
2021-01-18T10:16:04.258-0800: 1.200: [GC remark 2021-01-18T10:16:04.258-0800: 1.200: [Finalize Marking, 0.0002691 secs] 2021-01-18T10:16:04.258-0800: 1.201: [GC ref-proc, 0.0000517 secs] 2021-01-18T10:16:04.259-0800: 1.201: [Unloading, 0.0005439 secs], 0.0021501 secs]
 [Times: user=0.00 sys=0.00, real=0.01 secs] 
2021-01-18T10:16:04.260-0800: 1.203: [GC cleanup 640M->633M(1024M), 0.0009310 secs]
 [Times: user=0.01 sys=0.00, real=0.00 secs] 
2021-01-18T10:16:04.261-0800: 1.204: [GC concurrent-cleanup-start]
2021-01-18T10:16:04.261-0800: 1.204: [GC concurrent-cleanup-end, 0.0000166 secs]
2021-01-18T10:16:04.288-0800: 1.231: [GC pause (G1 Evacuation Pause) (young), 0.0078047 secs]
   [Parallel Time: 6.9 ms, GC Workers: 8]
      [GC Worker Start (ms): Min: 1230.7, Avg: 1230.8, Max: 1230.8, Diff: 0.1]
      [Ext Root Scanning (ms): Min: 0.1, Avg: 0.1, Max: 0.2, Diff: 0.1, Sum: 0.8]
      [Update RS (ms): Min: 0.9, Avg: 0.9, Max: 0.9, Diff: 0.0, Sum: 7.2]
         [Processed Buffers: Min: 7, Avg: 12.1, Max: 14, Diff: 7, Sum: 97]
      [Scan RS (ms): Min: 0.0, Avg: 0.0, Max: 0.0, Diff: 0.0, Sum: 0.1]
      [Code Root Scanning (ms): Min: 0.0, Avg: 0.0, Max: 0.0, Diff: 0.0, Sum: 0.0]
      [Object Copy (ms): Min: 5.6, Avg: 5.7, Max: 5.7, Diff: 0.1, Sum: 45.5]
      [Termination (ms): Min: 0.0, Avg: 0.1, Max: 0.1, Diff: 0.1, Sum: 0.6]
         [Termination Attempts: Min: 1, Avg: 1.0, Max: 1, Diff: 0, Sum: 8]
      [GC Worker Other (ms): Min: 0.0, Avg: 0.0, Max: 0.0, Diff: 0.0, Sum: 0.1]
      [GC Worker Total (ms): Min: 6.7, Avg: 6.8, Max: 6.8, Diff: 0.1, Sum: 54.3]
      [GC Worker End (ms): Min: 1237.5, Avg: 1237.6, Max: 1237.6, Diff: 0.1]
   [Code Root Fixup: 0.0 ms]
   [Code Root Purge: 0.0 ms]
   [Clear CT: 0.1 ms]
   [Other: 0.7 ms]
      [Choose CSet: 0.0 ms]
      [Ref Proc: 0.2 ms]
      [Ref Enq: 0.0 ms]
      [Redirty Cards: 0.1 ms]
      [Humongous Register: 0.1 ms]
      [Humongous Reclaim: 0.1 ms]
      [Free CSet: 0.1 ms]
   [Eden: 160.0M(160.0M)->0.0B(29.0M) Survivors: 10.0M->22.0M Heap: 822.8M(1024.0M)->670.8M(1024.0M)]
 [Times: user=0.04 sys=0.00, real=0.01 secs] 
2021-01-18T10:16:04.302-0800: 1.244: [GC pause (G1 Evacuation Pause) (mixed), 0.0051773 secs]
   [Parallel Time: 4.3 ms, GC Workers: 8]
      [GC Worker Start (ms): Min: 1244.0, Avg: 1244.0, Max: 1244.1, Diff: 0.1]
      [Ext Root Scanning (ms): Min: 0.0, Avg: 0.1, Max: 0.2, Diff: 0.1, Sum: 0.8]
      [Update RS (ms): Min: 0.4, Avg: 0.4, Max: 0.4, Diff: 0.0, Sum: 3.3]
         [Processed Buffers: Min: 5, Avg: 5.2, Max: 6, Diff: 1, Sum: 42]
      [Scan RS (ms): Min: 0.0, Avg: 0.0, Max: 0.1, Diff: 0.0, Sum: 0.3]
      [Code Root Scanning (ms): Min: 0.0, Avg: 0.0, Max: 0.0, Diff: 0.0, Sum: 0.0]
      [Object Copy (ms): Min: 3.5, Avg: 3.5, Max: 3.5, Diff: 0.0, Sum: 27.8]
      [Termination (ms): Min: 0.0, Avg: 0.0, Max: 0.1, Diff: 0.1, Sum: 0.3]
         [Termination Attempts: Min: 1, Avg: 1.0, Max: 1, Diff: 0, Sum: 8]
      [GC Worker Other (ms): Min: 0.0, Avg: 0.0, Max: 0.0, Diff: 0.0, Sum: 0.1]
      [GC Worker Total (ms): Min: 4.0, Avg: 4.1, Max: 4.1, Diff: 0.1, Sum: 32.7]
      [GC Worker End (ms): Min: 1248.1, Avg: 1248.1, Max: 1248.2, Diff: 0.0]
   [Code Root Fixup: 0.0 ms]
   [Code Root Purge: 0.0 ms]
   [Clear CT: 0.2 ms]
   [Other: 0.7 ms]
      [Choose CSet: 0.0 ms]
      [Ref Proc: 0.2 ms]
      [Ref Enq: 0.0 ms]
      [Redirty Cards: 0.2 ms]
      [Humongous Register: 0.1 ms]
      [Humongous Reclaim: 0.0 ms]
      [Free CSet: 0.1 ms]
   [Eden: 29.0M(29.0M)->0.0B(44.0M) Survivors: 22.0M->7168.0K Heap: 703.9M(1024.0M)->582.3M(1024.0M)]
 [Times: user=0.03 sys=0.00, real=0.00 secs] 
2021-01-18T10:16:04.315-0800: 1.257: [GC pause (G1 Evacuation Pause) (mixed), 0.0079360 secs]
   [Parallel Time: 6.8 ms, GC Workers: 8]
      [GC Worker Start (ms): Min: 1257.6, Avg: 1257.7, Max: 1257.8, Diff: 0.2]
      [Ext Root Scanning (ms): Min: 0.0, Avg: 0.1, Max: 0.2, Diff: 0.2, Sum: 0.8]
      [Update RS (ms): Min: 1.3, Avg: 1.3, Max: 1.4, Diff: 0.1, Sum: 10.6]
         [Processed Buffers: Min: 12, Avg: 15.0, Max: 16, Diff: 4, Sum: 120]
      [Scan RS (ms): Min: 0.0, Avg: 0.0, Max: 0.1, Diff: 0.1, Sum: 0.3]
      [Code Root Scanning (ms): Min: 0.0, Avg: 0.0, Max: 0.0, Diff: 0.0, Sum: 0.0]
      [Object Copy (ms): Min: 4.5, Avg: 4.6, Max: 5.0, Diff: 0.5, Sum: 36.9]
      [Termination (ms): Min: 0.0, Avg: 0.5, Max: 0.6, Diff: 0.6, Sum: 3.7]
         [Termination Attempts: Min: 1, Avg: 1.0, Max: 1, Diff: 0, Sum: 8]
      [GC Worker Other (ms): Min: 0.0, Avg: 0.0, Max: 0.0, Diff: 0.0, Sum: 0.1]
      [GC Worker Total (ms): Min: 6.5, Avg: 6.6, Max: 6.6, Diff: 0.2, Sum: 52.5]
      [GC Worker End (ms): Min: 1264.2, Avg: 1264.3, Max: 1264.4, Diff: 0.1]
   [Code Root Fixup: 0.0 ms]
   [Code Root Purge: 0.0 ms]
   [Clear CT: 0.2 ms]
   [Other: 0.9 ms]
      [Choose CSet: 0.0 ms]
      [Ref Proc: 0.4 ms]
      [Ref Enq: 0.0 ms]
      [Redirty Cards: 0.2 ms]
      [Humongous Register: 0.1 ms]
      [Humongous Reclaim: 0.0 ms]
      [Free CSet: 0.1 ms]
   [Eden: 44.0M(44.0M)->0.0B(44.0M) Survivors: 7168.0K->7168.0K Heap: 640.1M(1024.0M)->521.2M(1024.0M)]
 [Times: user=0.05 sys=0.01, real=0.01 secs] 
2021-01-18T10:16:04.332-0800: 1.274: [GC pause (G1 Evacuation Pause) (mixed), 0.0080789 secs]
   [Parallel Time: 6.3 ms, GC Workers: 8]
      [GC Worker Start (ms): Min: 1274.4, Avg: 1274.5, Max: 1274.5, Diff: 0.1]
      [Ext Root Scanning (ms): Min: 0.1, Avg: 0.1, Max: 0.2, Diff: 0.1, Sum: 0.9]
      [Update RS (ms): Min: 1.3, Avg: 1.4, Max: 1.4, Diff: 0.1, Sum: 10.8]
         [Processed Buffers: Min: 15, Avg: 15.9, Max: 17, Diff: 2, Sum: 127]
      [Scan RS (ms): Min: 0.0, Avg: 0.0, Max: 0.1, Diff: 0.1, Sum: 0.3]
      [Code Root Scanning (ms): Min: 0.0, Avg: 0.0, Max: 0.0, Diff: 0.0, Sum: 0.0]
      [Object Copy (ms): Min: 4.5, Avg: 4.5, Max: 4.6, Diff: 0.1, Sum: 36.3]
      [Termination (ms): Min: 0.0, Avg: 0.1, Max: 0.1, Diff: 0.1, Sum: 0.9]
         [Termination Attempts: Min: 1, Avg: 1.1, Max: 2, Diff: 1, Sum: 9]
      [GC Worker Other (ms): Min: 0.0, Avg: 0.0, Max: 0.0, Diff: 0.0, Sum: 0.1]
      [GC Worker Total (ms): Min: 6.1, Avg: 6.2, Max: 6.2, Diff: 0.1, Sum: 49.4]
      [GC Worker End (ms): Min: 1280.6, Avg: 1280.6, Max: 1280.7, Diff: 0.1]
   [Code Root Fixup: 0.0 ms]
   [Code Root Purge: 0.0 ms]
   [Clear CT: 0.1 ms]
   [Other: 1.7 ms]
      [Choose CSet: 0.0 ms]
      [Ref Proc: 1.2 ms]
      [Ref Enq: 0.0 ms]
      [Redirty Cards: 0.1 ms]
      [Humongous Register: 0.1 ms]
      [Humongous Reclaim: 0.0 ms]
      [Free CSet: 0.1 ms]
   [Eden: 44.0M(44.0M)->0.0B(261.0M) Survivors: 7168.0K->7168.0K Heap: 580.0M(1024.0M)->496.9M(1024.0M)]
 [Times: user=0.05 sys=0.00, real=0.01 secs] 
2021-01-18T10:16:04.341-0800: 1.283: [GC pause (G1 Humongous Allocation) (young) (initial-mark), 0.0017206 secs]
   [Parallel Time: 1.0 ms, GC Workers: 8]
      [GC Worker Start (ms): Min: 1283.0, Avg: 1283.1, Max: 1283.2, Diff: 0.1]
      [Ext Root Scanning (ms): Min: 0.1, Avg: 0.1, Max: 0.2, Diff: 0.1, Sum: 1.1]
      [Update RS (ms): Min: 0.0, Avg: 0.1, Max: 0.1, Diff: 0.1, Sum: 0.7]
         [Processed Buffers: Min: 1, Avg: 1.1, Max: 2, Diff: 1, Sum: 9]
      [Scan RS (ms): Min: 0.0, Avg: 0.0, Max: 0.0, Diff: 0.0, Sum: 0.0]
      [Code Root Scanning (ms): Min: 0.0, Avg: 0.0, Max: 0.0, Diff: 0.0, Sum: 0.0]
      [Object Copy (ms): Min: 0.5, Avg: 0.5, Max: 0.5, Diff: 0.1, Sum: 4.0]
      [Termination (ms): Min: 0.0, Avg: 0.1, Max: 0.1, Diff: 0.1, Sum: 0.4]
         [Termination Attempts: Min: 1, Avg: 1.0, Max: 1, Diff: 0, Sum: 8]
      [GC Worker Other (ms): Min: 0.0, Avg: 0.0, Max: 0.0, Diff: 0.0, Sum: 0.1]
      [GC Worker Total (ms): Min: 0.7, Avg: 0.8, Max: 0.9, Diff: 0.1, Sum: 6.4]
      [GC Worker End (ms): Min: 1283.9, Avg: 1283.9, Max: 1284.0, Diff: 0.0]
   [Code Root Fixup: 0.0 ms]
   [Code Root Purge: 0.0 ms]
   [Clear CT: 0.1 ms]
   [Other: 0.6 ms]
      [Choose CSet: 0.0 ms]
      [Ref Proc: 0.2 ms]
      [Ref Enq: 0.0 ms]
      [Redirty Cards: 0.1 ms]
      [Humongous Register: 0.1 ms]
      [Humongous Reclaim: 0.0 ms]
      [Free CSet: 0.0 ms]
   [Eden: 2048.0K(261.0M)->0.0B(270.0M) Survivors: 7168.0K->8192.0K Heap: 498.7M(1024.0M)->497.6M(1024.0M)]
 [Times: user=0.00 sys=0.00, real=0.00 secs] 
2021-01-18T10:16:04.343-0800: 1.285: [GC concurrent-root-region-scan-start]
2021-01-18T10:16:04.343-0800: 1.285: [GC concurrent-root-region-scan-end, 0.0000914 secs]
2021-01-18T10:16:04.343-0800: 1.285: [GC concurrent-mark-start]
2021-01-18T10:16:04.344-0800: 1.286: [GC concurrent-mark-end, 0.0013122 secs]
2021-01-18T10:16:04.344-0800: 1.286: [GC remark 2021-01-18T10:16:04.344-0800: 1.286: [Finalize Marking, 0.0002471 secs] 2021-01-18T10:16:04.344-0800: 1.287: [GC ref-proc, 0.0000546 secs] 2021-01-18T10:16:04.344-0800: 1.287: [Unloading, 0.0005271 secs], 0.0018607 secs]
 [Times: user=0.01 sys=0.00, real=0.00 secs] 
2021-01-18T10:16:04.346-0800: 1.288: [GC cleanup 505M->503M(1024M), 0.0010447 secs]
 [Times: user=0.00 sys=0.00, real=0.00 secs] 
2021-01-18T10:16:04.347-0800: 1.289: [GC concurrent-cleanup-start]
2021-01-18T10:16:04.347-0800: 1.289: [GC concurrent-cleanup-end, 0.0000132 secs]
2021-01-18T10:16:04.389-0800: 1.331: [GC pause (G1 Evacuation Pause) (young), 0.0108078 secs]
   [Parallel Time: 9.4 ms, GC Workers: 8]
      [GC Worker Start (ms): Min: 1331.5, Avg: 1331.6, Max: 1331.6, Diff: 0.1]
      [Ext Root Scanning (ms): Min: 0.1, Avg: 0.1, Max: 0.2, Diff: 0.1, Sum: 0.9]
      [Update RS (ms): Min: 1.1, Avg: 1.2, Max: 1.2, Diff: 0.1, Sum: 9.3]
         [Processed Buffers: Min: 13, Avg: 17.9, Max: 20, Diff: 7, Sum: 143]
      [Scan RS (ms): Min: 0.0, Avg: 0.0, Max: 0.0, Diff: 0.0, Sum: 0.2]
      [Code Root Scanning (ms): Min: 0.0, Avg: 0.0, Max: 0.0, Diff: 0.0, Sum: 0.0]
      [Object Copy (ms): Min: 7.2, Avg: 7.3, Max: 7.9, Diff: 0.7, Sum: 58.6]
      [Termination (ms): Min: 0.0, Avg: 0.6, Max: 0.7, Diff: 0.7, Sum: 4.9]
         [Termination Attempts: Min: 1, Avg: 1.8, Max: 3, Diff: 2, Sum: 14]
      [GC Worker Other (ms): Min: 0.0, Avg: 0.0, Max: 0.0, Diff: 0.0, Sum: 0.1]
      [GC Worker Total (ms): Min: 9.2, Avg: 9.3, Max: 9.3, Diff: 0.1, Sum: 74.0]
      [GC Worker End (ms): Min: 1340.8, Avg: 1340.9, Max: 1340.9, Diff: 0.1]
   [Code Root Fixup: 0.0 ms]
   [Code Root Purge: 0.0 ms]
   [Clear CT: 0.1 ms]
   [Other: 1.2 ms]
      [Choose CSet: 0.0 ms]
      [Ref Proc: 0.7 ms]
      [Ref Enq: 0.0 ms]
      [Redirty Cards: 0.1 ms]
      [Humongous Register: 0.1 ms]
      [Humongous Reclaim: 0.1 ms]
      [Free CSet: 0.1 ms]
   [Eden: 270.0M(270.0M)->0.0B(16.0M) Survivors: 8192.0K->35.0M Heap: 833.7M(1024.0M)->570.9M(1024.0M)]
 [Times: user=0.07 sys=0.01, real=0.02 secs] 
2021-01-18T10:16:04.403-0800: 1.345: [GC pause (G1 Evacuation Pause) (mixed), 0.0082781 secs]
   [Parallel Time: 7.3 ms, GC Workers: 8]
      [GC Worker Start (ms): Min: 1345.1, Avg: 1345.2, Max: 1345.3, Diff: 0.2]
      [Ext Root Scanning (ms): Min: 0.0, Avg: 0.1, Max: 0.2, Diff: 0.2, Sum: 0.9]
      [Update RS (ms): Min: 0.4, Avg: 0.5, Max: 0.5, Diff: 0.1, Sum: 3.7]
         [Processed Buffers: Min: 4, Avg: 5.6, Max: 7, Diff: 3, Sum: 45]
      [Scan RS (ms): Min: 0.0, Avg: 0.1, Max: 0.1, Diff: 0.1, Sum: 0.5]
      [Code Root Scanning (ms): Min: 0.0, Avg: 0.0, Max: 0.0, Diff: 0.0, Sum: 0.0]
      [Object Copy (ms): Min: 6.4, Avg: 6.5, Max: 6.5, Diff: 0.1, Sum: 51.6]
      [Termination (ms): Min: 0.0, Avg: 0.0, Max: 0.1, Diff: 0.1, Sum: 0.3]
         [Termination Attempts: Min: 1, Avg: 1.0, Max: 1, Diff: 0, Sum: 8]
      [GC Worker Other (ms): Min: 0.0, Avg: 0.0, Max: 0.0, Diff: 0.0, Sum: 0.1]
      [GC Worker Total (ms): Min: 7.1, Avg: 7.1, Max: 7.2, Diff: 0.1, Sum: 57.2]
      [GC Worker End (ms): Min: 1352.4, Avg: 1352.4, Max: 1352.4, Diff: 0.0]
   [Code Root Fixup: 0.0 ms]
   [Code Root Purge: 0.0 ms]
   [Clear CT: 0.2 ms]
   [Other: 0.8 ms]
      [Choose CSet: 0.0 ms]
      [Ref Proc: 0.2 ms]
      [Ref Enq: 0.0 ms]
      [Redirty Cards: 0.2 ms]
      [Humongous Register: 0.1 ms]
      [Humongous Reclaim: 0.0 ms]
      [Free CSet: 0.1 ms]
   [Eden: 16.0M(16.0M)->0.0B(46.0M) Survivors: 35.0M->5120.0K Heap: 591.3M(1024.0M)->504.6M(1024.0M)]
 [Times: user=0.05 sys=0.00, real=0.01 secs] 
2021-01-18T10:16:04.421-0800: 1.363: [GC pause (G1 Evacuation Pause) (mixed), 0.0088442 secs]
   [Parallel Time: 5.6 ms, GC Workers: 8]
      [GC Worker Start (ms): Min: 1363.1, Avg: 1363.2, Max: 1363.2, Diff: 0.1]
      [Ext Root Scanning (ms): Min: 0.1, Avg: 0.1, Max: 0.2, Diff: 0.1, Sum: 1.0]
      [Update RS (ms): Min: 1.8, Avg: 1.9, Max: 1.9, Diff: 0.1, Sum: 15.0]
         [Processed Buffers: Min: 16, Avg: 20.0, Max: 22, Diff: 6, Sum: 160]
      [Scan RS (ms): Min: 0.0, Avg: 0.0, Max: 0.1, Diff: 0.1, Sum: 0.2]
      [Code Root Scanning (ms): Min: 0.0, Avg: 0.0, Max: 0.0, Diff: 0.0, Sum: 0.0]
      [Object Copy (ms): Min: 2.4, Avg: 2.6, Max: 3.3, Diff: 0.9, Sum: 20.5]
      [Termination (ms): Min: 0.0, Avg: 0.8, Max: 1.0, Diff: 1.0, Sum: 6.5]
         [Termination Attempts: Min: 1, Avg: 1.2, Max: 2, Diff: 1, Sum: 10]
      [GC Worker Other (ms): Min: 0.0, Avg: 0.0, Max: 0.0, Diff: 0.0, Sum: 0.1]
      [GC Worker Total (ms): Min: 5.3, Avg: 5.4, Max: 5.5, Diff: 0.2, Sum: 43.2]
      [GC Worker End (ms): Min: 1368.5, Avg: 1368.6, Max: 1368.6, Diff: 0.1]
   [Code Root Fixup: 0.0 ms]
   [Code Root Purge: 0.0 ms]
   [Clear CT: 0.3 ms]
   [Other: 3.0 ms]
      [Choose CSet: 0.0 ms]
      [Ref Proc: 2.5 ms]
      [Ref Enq: 0.0 ms]
      [Redirty Cards: 0.1 ms]
      [Humongous Register: 0.1 ms]
      [Humongous Reclaim: 0.1 ms]
      [Free CSet: 0.1 ms]
   [Eden: 46.0M(46.0M)->0.0B(263.0M) Survivors: 5120.0K->7168.0K Heap: 571.3M(1024.0M)->507.9M(1024.0M)]
 [Times: user=0.04 sys=0.00, real=0.01 secs] 
2021-01-18T10:16:04.431-0800: 1.373: [GC pause (G1 Humongous Allocation) (young) (initial-mark), 0.0029469 secs]
   [Parallel Time: 1.1 ms, GC Workers: 8]
      [GC Worker Start (ms): Min: 1373.4, Avg: 1373.4, Max: 1373.5, Diff: 0.1]
      [Ext Root Scanning (ms): Min: 0.1, Avg: 0.1, Max: 0.2, Diff: 0.1, Sum: 1.1]
      [Update RS (ms): Min: 0.0, Avg: 0.1, Max: 0.1, Diff: 0.1, Sum: 0.7]
         [Processed Buffers: Min: 1, Avg: 1.1, Max: 2, Diff: 1, Sum: 9]
      [Scan RS (ms): Min: 0.0, Avg: 0.0, Max: 0.0, Diff: 0.0, Sum: 0.0]
      [Code Root Scanning (ms): Min: 0.0, Avg: 0.0, Max: 0.0, Diff: 0.0, Sum: 0.0]
      [Object Copy (ms): Min: 0.6, Avg: 0.6, Max: 0.7, Diff: 0.1, Sum: 5.1]
      [Termination (ms): Min: 0.0, Avg: 0.1, Max: 0.1, Diff: 0.1, Sum: 0.6]
         [Termination Attempts: Min: 1, Avg: 1.0, Max: 1, Diff: 0, Sum: 8]
      [GC Worker Other (ms): Min: 0.0, Avg: 0.0, Max: 0.0, Diff: 0.0, Sum: 0.1]
      [GC Worker Total (ms): Min: 0.9, Avg: 1.0, Max: 1.0, Diff: 0.1, Sum: 7.6]
      [GC Worker End (ms): Min: 1374.4, Avg: 1374.4, Max: 1374.4, Diff: 0.0]
   [Code Root Fixup: 0.0 ms]
   [Code Root Purge: 0.0 ms]
   [Clear CT: 0.3 ms]
   [Other: 1.6 ms]
      [Choose CSet: 0.0 ms]
      [Ref Proc: 1.0 ms]
      [Ref Enq: 0.0 ms]
      [Redirty Cards: 0.3 ms]
      [Humongous Register: 0.1 ms]
      [Humongous Reclaim: 0.0 ms]
      [Free CSet: 0.0 ms]
   [Eden: 7168.0K(263.0M)->0.0B(272.0M) Survivors: 7168.0K->9216.0K Heap: 514.2M(1024.0M)->509.8M(1024.0M)]
 [Times: user=0.01 sys=0.00, real=0.00 secs] 
2021-01-18T10:16:04.434-0800: 1.376: [GC concurrent-root-region-scan-start]
2021-01-18T10:16:04.434-0800: 1.376: [GC concurrent-root-region-scan-end, 0.0001257 secs]
2021-01-18T10:16:04.434-0800: 1.376: [GC concurrent-mark-start]
2021-01-18T10:16:04.436-0800: 1.378: [GC concurrent-mark-end, 0.0013151 secs]
2021-01-18T10:16:04.436-0800: 1.378: [GC remark 2021-01-18T10:16:04.436-0800: 1.378: [Finalize Marking, 0.0002498 secs] 2021-01-18T10:16:04.436-0800: 1.378: [GC ref-proc, 0.0000552 secs] 2021-01-18T10:16:04.436-0800: 1.378: [Unloading, 0.0006198 secs], 0.0019424 secs]
 [Times: user=0.01 sys=0.00, real=0.00 secs] 
2021-01-18T10:16:04.438-0800: 1.380: [GC cleanup 522M->522M(1024M), 0.0009941 secs]
 [Times: user=0.01 sys=0.00, real=0.00 secs] 
2021-01-18T10:16:04.480-0800: 1.423: [GC pause (G1 Evacuation Pause) (young) (to-space exhausted), 0.0104781 secs]
   [Parallel Time: 8.6 ms, GC Workers: 8]
      [GC Worker Start (ms): Min: 1422.7, Avg: 1422.8, Max: 1422.8, Diff: 0.1]
      [Ext Root Scanning (ms): Min: 0.1, Avg: 0.1, Max: 0.2, Diff: 0.1, Sum: 0.7]
      [Update RS (ms): Min: 1.4, Avg: 1.5, Max: 1.5, Diff: 0.0, Sum: 11.7]
         [Processed Buffers: Min: 17, Avg: 22.4, Max: 24, Diff: 7, Sum: 179]
      [Scan RS (ms): Min: 0.0, Avg: 0.0, Max: 0.0, Diff: 0.0, Sum: 0.2]
      [Code Root Scanning (ms): Min: 0.0, Avg: 0.0, Max: 0.0, Diff: 0.0, Sum: 0.0]
      [Object Copy (ms): Min: 6.2, Avg: 6.3, Max: 6.8, Diff: 0.7, Sum: 50.7]
      [Termination (ms): Min: 0.0, Avg: 0.5, Max: 0.7, Diff: 0.7, Sum: 4.0]
         [Termination Attempts: Min: 1, Avg: 1.8, Max: 3, Diff: 2, Sum: 14]
      [GC Worker Other (ms): Min: 0.0, Avg: 0.0, Max: 0.0, Diff: 0.0, Sum: 0.1]
      [GC Worker Total (ms): Min: 8.4, Avg: 8.4, Max: 8.5, Diff: 0.1, Sum: 67.5]
      [GC Worker End (ms): Min: 1431.2, Avg: 1431.2, Max: 1431.2, Diff: 0.0]
   [Code Root Fixup: 0.0 ms]
   [Code Root Purge: 0.0 ms]
   [Clear CT: 0.2 ms]
   [Other: 1.7 ms]
      [Evacuation Failure: 0.3 ms]
      [Choose CSet: 0.0 ms]
      [Ref Proc: 0.8 ms]
      [Ref Enq: 0.0 ms]
      [Redirty Cards: 0.2 ms]
      [Humongous Register: 0.1 ms]
      [Humongous Reclaim: 0.1 ms]
      [Free CSet: 0.1 ms]
   [Eden: 272.0M(272.0M)->0.0B(15.0M) Survivors: 9216.0K->36.0M Heap: 851.5M(1024.0M)->659.6M(1024.0M)]
 [Times: user=0.06 sys=0.01, real=0.01 secs] 
2021-01-18T10:16:04.494-0800: 1.436: [GC pause (G1 Evacuation Pause) (mixed), 0.0081963 secs]
   [Parallel Time: 7.1 ms, GC Workers: 8]
      [GC Worker Start (ms): Min: 1436.5, Avg: 1436.6, Max: 1436.7, Diff: 0.2]
      [Ext Root Scanning (ms): Min: 0.0, Avg: 0.1, Max: 0.2, Diff: 0.2, Sum: 0.9]
      [Update RS (ms): Min: 0.3, Avg: 0.5, Max: 0.6, Diff: 0.3, Sum: 4.2]
         [Processed Buffers: Min: 4, Avg: 6.8, Max: 9, Diff: 5, Sum: 54]
      [Scan RS (ms): Min: 0.0, Avg: 0.1, Max: 0.2, Diff: 0.1, Sum: 0.6]
      [Code Root Scanning (ms): Min: 0.0, Avg: 0.0, Max: 0.0, Diff: 0.0, Sum: 0.0]
      [Object Copy (ms): Min: 6.0, Avg: 6.1, Max: 6.3, Diff: 0.3, Sum: 49.0]
      [Termination (ms): Min: 0.0, Avg: 0.0, Max: 0.1, Diff: 0.1, Sum: 0.3]
         [Termination Attempts: Min: 1, Avg: 1.0, Max: 1, Diff: 0, Sum: 8]
      [GC Worker Other (ms): Min: 0.0, Avg: 0.0, Max: 0.0, Diff: 0.0, Sum: 0.1]
      [GC Worker Total (ms): Min: 6.8, Avg: 6.9, Max: 7.0, Diff: 0.2, Sum: 55.2]
      [GC Worker End (ms): Min: 1443.5, Avg: 1443.5, Max: 1443.5, Diff: 0.0]
   [Code Root Fixup: 0.0 ms]
   [Code Root Purge: 0.0 ms]
   [Clear CT: 0.2 ms]
   [Other: 0.9 ms]
      [Choose CSet: 0.0 ms]
      [Ref Proc: 0.3 ms]
      [Ref Enq: 0.0 ms]
      [Redirty Cards: 0.2 ms]
      [Humongous Register: 0.1 ms]
      [Humongous Reclaim: 0.1 ms]
      [Free CSet: 0.1 ms]
   [Eden: 15.0M(15.0M)->0.0B(46.0M) Survivors: 36.0M->5120.0K Heap: 679.7M(1024.0M)->592.2M(1024.0M)]
 [Times: user=0.05 sys=0.00, real=0.01 secs] 
2021-01-18T10:16:04.512-0800: 1.454: [GC pause (G1 Evacuation Pause) (mixed), 0.0063598 secs]
   [Parallel Time: 5.3 ms, GC Workers: 8]
      [GC Worker Start (ms): Min: 1454.3, Avg: 1454.4, Max: 1454.4, Diff: 0.2]
      [Ext Root Scanning (ms): Min: 0.1, Avg: 0.1, Max: 0.2, Diff: 0.2, Sum: 0.9]
      [Update RS (ms): Min: 1.2, Avg: 1.3, Max: 1.3, Diff: 0.0, Sum: 10.0]
         [Processed Buffers: Min: 13, Avg: 13.8, Max: 14, Diff: 1, Sum: 110]
      [Scan RS (ms): Min: 0.0, Avg: 0.1, Max: 0.1, Diff: 0.1, Sum: 0.5]
      [Code Root Scanning (ms): Min: 0.0, Avg: 0.0, Max: 0.0, Diff: 0.0, Sum: 0.0]
      [Object Copy (ms): Min: 3.5, Avg: 3.5, Max: 3.7, Diff: 0.2, Sum: 28.3]
      [Termination (ms): Min: 0.0, Avg: 0.2, Max: 0.3, Diff: 0.3, Sum: 1.3]
         [Termination Attempts: Min: 1, Avg: 1.0, Max: 1, Diff: 0, Sum: 8]
      [GC Worker Other (ms): Min: 0.0, Avg: 0.0, Max: 0.0, Diff: 0.0, Sum: 0.1]
      [GC Worker Total (ms): Min: 5.1, Avg: 5.1, Max: 5.2, Diff: 0.1, Sum: 41.2]
      [GC Worker End (ms): Min: 1459.4, Avg: 1459.5, Max: 1459.6, Diff: 0.1]
   [Code Root Fixup: 0.0 ms]
   [Code Root Purge: 0.0 ms]
   [Clear CT: 0.1 ms]
   [Other: 0.9 ms]
      [Choose CSet: 0.0 ms]
      [Ref Proc: 0.4 ms]
      [Ref Enq: 0.0 ms]
      [Redirty Cards: 0.1 ms]
      [Humongous Register: 0.1 ms]
      [Humongous Reclaim: 0.0 ms]
      [Free CSet: 0.1 ms]
   [Eden: 46.0M(46.0M)->0.0B(214.0M) Survivors: 5120.0K->7168.0K Heap: 650.7M(1024.0M)->583.5M(1024.0M)]
 [Times: user=0.04 sys=0.00, real=0.00 secs] 
2021-01-18T10:16:04.519-0800: 1.461: [GC pause (G1 Humongous Allocation) (young) (initial-mark), 0.0024074 secs]
   [Parallel Time: 1.7 ms, GC Workers: 8]
      [GC Worker Start (ms): Min: 1461.2, Avg: 1461.3, Max: 1461.4, Diff: 0.1]
      [Ext Root Scanning (ms): Min: 0.1, Avg: 0.1, Max: 0.2, Diff: 0.2, Sum: 1.1]
      [Update RS (ms): Min: 0.1, Avg: 0.1, Max: 0.2, Diff: 0.2, Sum: 1.1]
         [Processed Buffers: Min: 1, Avg: 1.1, Max: 2, Diff: 1, Sum: 9]
      [Scan RS (ms): Min: 0.0, Avg: 0.0, Max: 0.0, Diff: 0.0, Sum: 0.0]
      [Code Root Scanning (ms): Min: 0.0, Avg: 0.0, Max: 0.0, Diff: 0.0, Sum: 0.0]
      [Object Copy (ms): Min: 0.6, Avg: 0.7, Max: 0.9, Diff: 0.3, Sum: 5.8]
      [Termination (ms): Min: 0.0, Avg: 0.4, Max: 0.6, Diff: 0.6, Sum: 2.9]
         [Termination Attempts: Min: 1, Avg: 1.0, Max: 1, Diff: 0, Sum: 8]
      [GC Worker Other (ms): Min: 0.0, Avg: 0.0, Max: 0.0, Diff: 0.0, Sum: 0.1]
      [GC Worker Total (ms): Min: 1.2, Avg: 1.4, Max: 1.5, Diff: 0.3, Sum: 11.0]
      [GC Worker End (ms): Min: 1462.6, Avg: 1462.7, Max: 1462.9, Diff: 0.3]
   [Code Root Fixup: 0.0 ms]
   [Code Root Purge: 0.0 ms]
   [Clear CT: 0.1 ms]
   [Other: 0.6 ms]
      [Choose CSet: 0.0 ms]
      [Ref Proc: 0.2 ms]
      [Ref Enq: 0.0 ms]
      [Redirty Cards: 0.1 ms]
      [Humongous Register: 0.1 ms]
      [Humongous Reclaim: 0.0 ms]
      [Free CSet: 0.0 ms]
   [Eden: 4096.0K(214.0M)->0.0B(209.0M) Survivors: 7168.0K->10.0M Heap: 587.5M(1024.0M)->584.4M(1024.0M)]
 [Times: user=0.01 sys=0.00, real=0.01 secs] 
2021-01-18T10:16:04.521-0800: 1.464: [GC concurrent-root-region-scan-start]
2021-01-18T10:16:04.522-0800: 1.464: [GC concurrent-root-region-scan-end, 0.0001018 secs]
2021-01-18T10:16:04.522-0800: 1.464: [GC concurrent-mark-start]
2021-01-18T10:16:04.523-0800: 1.465: [GC concurrent-mark-end, 0.0015338 secs]
2021-01-18T10:16:04.523-0800: 1.465: [GC remark 2021-01-18T10:16:04.523-0800: 1.465: [Finalize Marking, 0.0002402 secs] 2021-01-18T10:16:04.524-0800: 1.466: [GC ref-proc, 0.0000590 secs] 2021-01-18T10:16:04.524-0800: 1.466: [Unloading, 0.0005653 secs], 0.0018902 secs]
 [Times: user=0.01 sys=0.00, real=0.00 secs] 
2021-01-18T10:16:04.525-0800: 1.468: [GC cleanup 594M->581M(1024M), 0.0010992 secs]
 [Times: user=0.01 sys=0.00, real=0.00 secs] 
2021-01-18T10:16:04.526-0800: 1.469: [GC concurrent-cleanup-start]
2021-01-18T10:16:04.526-0800: 1.469: [GC concurrent-cleanup-end, 0.0000213 secs]
2021-01-18T10:16:04.560-0800: 1.502: [GC pause (G1 Evacuation Pause) (young), 0.0095763 secs]
   [Parallel Time: 8.0 ms, GC Workers: 8]
      [GC Worker Start (ms): Min: 1502.5, Avg: 1502.5, Max: 1502.6, Diff: 0.1]
      [Ext Root Scanning (ms): Min: 0.0, Avg: 0.1, Max: 0.2, Diff: 0.1, Sum: 0.7]
      [Update RS (ms): Min: 1.3, Avg: 1.3, Max: 1.3, Diff: 0.0, Sum: 10.3]
         [Processed Buffers: Min: 14, Avg: 19.2, Max: 21, Diff: 7, Sum: 154]
      [Scan RS (ms): Min: 0.0, Avg: 0.0, Max: 0.0, Diff: 0.0, Sum: 0.2]
      [Code Root Scanning (ms): Min: 0.0, Avg: 0.0, Max: 0.0, Diff: 0.0, Sum: 0.0]
      [Object Copy (ms): Min: 6.3, Avg: 6.4, Max: 6.4, Diff: 0.1, Sum: 50.9]
      [Termination (ms): Min: 0.0, Avg: 0.1, Max: 0.1, Diff: 0.1, Sum: 0.5]
         [Termination Attempts: Min: 1, Avg: 1.8, Max: 3, Diff: 2, Sum: 14]
      [GC Worker Other (ms): Min: 0.0, Avg: 0.0, Max: 0.0, Diff: 0.0, Sum: 0.1]
      [GC Worker Total (ms): Min: 7.8, Avg: 7.8, Max: 7.9, Diff: 0.1, Sum: 62.7]
      [GC Worker End (ms): Min: 1510.4, Avg: 1510.4, Max: 1510.4, Diff: 0.0]
   [Code Root Fixup: 0.0 ms]
   [Code Root Purge: 0.0 ms]
   [Clear CT: 0.1 ms]
   [Other: 1.4 ms]
      [Choose CSet: 0.0 ms]
      [Ref Proc: 0.9 ms]
      [Ref Enq: 0.0 ms]
      [Redirty Cards: 0.2 ms]
      [Humongous Register: 0.1 ms]
      [Humongous Reclaim: 0.1 ms]
      [Free CSet: 0.1 ms]
   [Eden: 209.0M(209.0M)->0.0B(23.0M) Survivors: 10.0M->28.0M Heap: 845.5M(1024.0M)->644.4M(1024.0M)]
 [Times: user=0.06 sys=0.00, real=0.01 secs] 
2021-01-18T10:16:04.574-0800: 1.517: [GC pause (G1 Evacuation Pause) (mixed), 0.0069598 secs]
   [Parallel Time: 5.3 ms, GC Workers: 8]
      [GC Worker Start (ms): Min: 1516.7, Avg: 1516.8, Max: 1516.8, Diff: 0.1]
      [Ext Root Scanning (ms): Min: 0.1, Avg: 0.1, Max: 0.2, Diff: 0.1, Sum: 1.0]
      [Update RS (ms): Min: 0.6, Avg: 0.7, Max: 0.7, Diff: 0.1, Sum: 5.4]
         [Processed Buffers: Min: 8, Avg: 8.2, Max: 9, Diff: 1, Sum: 66]
      [Scan RS (ms): Min: 0.0, Avg: 0.0, Max: 0.1, Diff: 0.1, Sum: 0.3]
      [Code Root Scanning (ms): Min: 0.0, Avg: 0.0, Max: 0.0, Diff: 0.0, Sum: 0.0]
      [Object Copy (ms): Min: 4.2, Avg: 4.2, Max: 4.3, Diff: 0.1, Sum: 33.8]
      [Termination (ms): Min: 0.0, Avg: 0.1, Max: 0.1, Diff: 0.1, Sum: 0.6]
         [Termination Attempts: Min: 1, Avg: 1.0, Max: 1, Diff: 0, Sum: 8]
      [GC Worker Other (ms): Min: 0.0, Avg: 0.0, Max: 0.0, Diff: 0.0, Sum: 0.1]
      [GC Worker Total (ms): Min: 5.1, Avg: 5.2, Max: 5.2, Diff: 0.1, Sum: 41.3]
      [GC Worker End (ms): Min: 1521.9, Avg: 1521.9, Max: 1522.0, Diff: 0.1]
   [Code Root Fixup: 0.0 ms]
   [Code Root Purge: 0.0 ms]
   [Clear CT: 0.2 ms]
   [Other: 1.4 ms]
      [Choose CSet: 0.0 ms]
      [Ref Proc: 0.9 ms]
      [Ref Enq: 0.0 ms]
      [Redirty Cards: 0.2 ms]
      [Humongous Register: 0.1 ms]
      [Humongous Reclaim: 0.0 ms]
      [Free CSet: 0.1 ms]
   [Eden: 23.0M(23.0M)->0.0B(44.0M) Survivors: 28.0M->7168.0K Heap: 674.4M(1024.0M)->561.2M(1024.0M)]
 [Times: user=0.04 sys=0.00, real=0.01 secs] 
2021-01-18T10:16:04.589-0800: 1.532: [GC pause (G1 Evacuation Pause) (mixed), 0.0078287 secs]
   [Parallel Time: 6.9 ms, GC Workers: 8]
      [GC Worker Start (ms): Min: 1531.8, Avg: 1531.9, Max: 1532.0, Diff: 0.1]
      [Ext Root Scanning (ms): Min: 0.1, Avg: 0.1, Max: 0.2, Diff: 0.1, Sum: 0.9]
      [Update RS (ms): Min: 1.2, Avg: 1.2, Max: 1.2, Diff: 0.1, Sum: 9.6]
         [Processed Buffers: Min: 12, Avg: 13.5, Max: 14, Diff: 2, Sum: 108]
      [Scan RS (ms): Min: 0.0, Avg: 0.0, Max: 0.1, Diff: 0.1, Sum: 0.4]
      [Code Root Scanning (ms): Min: 0.0, Avg: 0.0, Max: 0.0, Diff: 0.0, Sum: 0.0]
      [Object Copy (ms): Min: 5.2, Avg: 5.3, Max: 5.3, Diff: 0.1, Sum: 42.2]
      [Termination (ms): Min: 0.0, Avg: 0.1, Max: 0.2, Diff: 0.2, Sum: 0.5]
         [Termination Attempts: Min: 1, Avg: 1.0, Max: 1, Diff: 0, Sum: 8]
      [GC Worker Other (ms): Min: 0.0, Avg: 0.0, Max: 0.0, Diff: 0.0, Sum: 0.1]
      [GC Worker Total (ms): Min: 6.6, Avg: 6.7, Max: 6.8, Diff: 0.2, Sum: 53.7]
      [GC Worker End (ms): Min: 1538.6, Avg: 1538.6, Max: 1538.7, Diff: 0.1]
   [Code Root Fixup: 0.0 ms]
   [Code Root Purge: 0.0 ms]
   [Clear CT: 0.2 ms]
   [Other: 0.7 ms]
      [Choose CSet: 0.0 ms]
      [Ref Proc: 0.2 ms]
      [Ref Enq: 0.0 ms]
      [Redirty Cards: 0.1 ms]
      [Humongous Register: 0.1 ms]
      [Humongous Reclaim: 0.0 ms]
      [Free CSet: 0.1 ms]
   [Eden: 44.0M(44.0M)->0.0B(44.0M) Survivors: 7168.0K->7168.0K Heap: 617.5M(1024.0M)->513.6M(1024.0M)]
 [Times: user=0.05 sys=0.00, real=0.01 secs] 
2021-01-18T10:16:04.606-0800: 1.548: [GC pause (G1 Evacuation Pause) (mixed), 0.0054940 secs]
   [Parallel Time: 4.2 ms, GC Workers: 8]
      [GC Worker Start (ms): Min: 1548.6, Avg: 1548.6, Max: 1548.7, Diff: 0.1]
      [Ext Root Scanning (ms): Min: 0.1, Avg: 0.1, Max: 0.2, Diff: 0.1, Sum: 1.0]
      [Update RS (ms): Min: 1.1, Avg: 1.1, Max: 1.1, Diff: 0.0, Sum: 8.9]
         [Processed Buffers: Min: 9, Avg: 11.6, Max: 13, Diff: 4, Sum: 93]
      [Scan RS (ms): Min: 0.0, Avg: 0.0, Max: 0.1, Diff: 0.1, Sum: 0.3]
      [Code Root Scanning (ms): Min: 0.0, Avg: 0.0, Max: 0.0, Diff: 0.0, Sum: 0.0]
      [Object Copy (ms): Min: 2.4, Avg: 2.5, Max: 2.5, Diff: 0.1, Sum: 19.7]
      [Termination (ms): Min: 0.0, Avg: 0.1, Max: 0.3, Diff: 0.3, Sum: 0.9]
         [Termination Attempts: Min: 1, Avg: 1.0, Max: 1, Diff: 0, Sum: 8]
      [GC Worker Other (ms): Min: 0.0, Avg: 0.0, Max: 0.0, Diff: 0.0, Sum: 0.1]
      [GC Worker Total (ms): Min: 3.8, Avg: 3.9, Max: 4.0, Diff: 0.2, Sum: 31.0]
      [GC Worker End (ms): Min: 1552.5, Avg: 1552.5, Max: 1552.6, Diff: 0.1]
   [Code Root Fixup: 0.0 ms]
   [Code Root Purge: 0.0 ms]
   [Clear CT: 0.1 ms]
   [Other: 1.2 ms]
      [Choose CSet: 0.0 ms]
      [Ref Proc: 0.7 ms]
      [Ref Enq: 0.0 ms]
      [Redirty Cards: 0.1 ms]
      [Humongous Register: 0.1 ms]
      [Humongous Reclaim: 0.1 ms]
      [Free CSet: 0.0 ms]
   [Eden: 44.0M(44.0M)->0.0B(254.0M) Survivors: 7168.0K->7168.0K Heap: 568.0M(1024.0M)->521.0M(1024.0M)]
 [Times: user=0.04 sys=0.01, real=0.01 secs] 
2021-01-18T10:16:04.614-0800: 1.556: [GC pause (G1 Humongous Allocation) (young) (initial-mark), 0.0020879 secs]
   [Parallel Time: 1.2 ms, GC Workers: 8]
      [GC Worker Start (ms): Min: 1556.0, Avg: 1556.0, Max: 1556.1, Diff: 0.1]
      [Ext Root Scanning (ms): Min: 0.1, Avg: 0.1, Max: 0.2, Diff: 0.1, Sum: 1.1]
      [Update RS (ms): Min: 0.0, Avg: 0.1, Max: 0.2, Diff: 0.2, Sum: 0.7]
         [Processed Buffers: Min: 1, Avg: 1.1, Max: 2, Diff: 1, Sum: 9]
      [Scan RS (ms): Min: 0.0, Avg: 0.0, Max: 0.0, Diff: 0.0, Sum: 0.0]
      [Code Root Scanning (ms): Min: 0.0, Avg: 0.0, Max: 0.0, Diff: 0.0, Sum: 0.0]
      [Object Copy (ms): Min: 0.6, Avg: 0.7, Max: 0.7, Diff: 0.1, Sum: 5.5]
      [Termination (ms): Min: 0.0, Avg: 0.1, Max: 0.1, Diff: 0.1, Sum: 0.6]
         [Termination Attempts: Min: 1, Avg: 1.0, Max: 1, Diff: 0, Sum: 8]
      [GC Worker Other (ms): Min: 0.0, Avg: 0.0, Max: 0.0, Diff: 0.0, Sum: 0.1]
      [GC Worker Total (ms): Min: 1.0, Avg: 1.0, Max: 1.1, Diff: 0.1, Sum: 8.1]
      [GC Worker End (ms): Min: 1557.0, Avg: 1557.0, Max: 1557.1, Diff: 0.1]
   [Code Root Fixup: 0.0 ms]
   [Code Root Purge: 0.0 ms]
   [Clear CT: 0.1 ms]
   [Other: 0.8 ms]
      [Choose CSet: 0.0 ms]
      [Ref Proc: 0.2 ms]
      [Ref Enq: 0.0 ms]
      [Redirty Cards: 0.2 ms]
      [Humongous Register: 0.1 ms]
      [Humongous Reclaim: 0.0 ms]
      [Free CSet: 0.0 ms]
   [Eden: 7168.0K(254.0M)->0.0B(232.0M) Survivors: 7168.0K->9216.0K Heap: 528.0M(1024.0M)->522.6M(1024.0M)]
 [Times: user=0.01 sys=0.00, real=0.00 secs] 
2021-01-18T10:16:04.616-0800: 1.558: [GC concurrent-root-region-scan-start]
2021-01-18T10:16:04.616-0800: 1.558: [GC concurrent-root-region-scan-end, 0.0001058 secs]
2021-01-18T10:16:04.616-0800: 1.558: [GC concurrent-mark-start]
2021-01-18T10:16:04.617-0800: 1.560: [GC concurrent-mark-end, 0.0014477 secs]
2021-01-18T10:16:04.617-0800: 1.560: [GC remark 2021-01-18T10:16:04.618-0800: 1.560: [Finalize Marking, 0.0004510 secs] 2021-01-18T10:16:04.618-0800: 1.560: [GC ref-proc, 0.0000552 secs] 2021-01-18T10:16:04.618-0800: 1.560: [Unloading, 0.0005057 secs], 0.0019671 secs]
 [Times: user=0.01 sys=0.00, real=0.00 secs] 
2021-01-18T10:16:04.620-0800: 1.562: [GC cleanup 533M->528M(1024M), 0.0009349 secs]
 [Times: user=0.01 sys=0.00, real=0.00 secs] 
2021-01-18T10:16:04.621-0800: 1.563: [GC concurrent-cleanup-start]
2021-01-18T10:16:04.621-0800: 1.563: [GC concurrent-cleanup-end, 0.0000175 secs]
2021-01-18T10:16:04.658-0800: 1.600: [GC pause (G1 Evacuation Pause) (young), 0.0092882 secs]
   [Parallel Time: 8.3 ms, GC Workers: 8]
      [GC Worker Start (ms): Min: 1600.4, Avg: 1600.4, Max: 1600.5, Diff: 0.1]
      [Ext Root Scanning (ms): Min: 0.0, Avg: 0.1, Max: 0.2, Diff: 0.1, Sum: 0.6]
      [Update RS (ms): Min: 1.7, Avg: 1.7, Max: 1.7, Diff: 0.0, Sum: 13.6]
         [Processed Buffers: Min: 22, Avg: 26.5, Max: 28, Diff: 6, Sum: 212]
      [Scan RS (ms): Min: 0.0, Avg: 0.0, Max: 0.0, Diff: 0.0, Sum: 0.2]
      [Code Root Scanning (ms): Min: 0.0, Avg: 0.0, Max: 0.0, Diff: 0.0, Sum: 0.0]
      [Object Copy (ms): Min: 6.3, Avg: 6.3, Max: 6.4, Diff: 0.1, Sum: 50.6]
      [Termination (ms): Min: 0.0, Avg: 0.0, Max: 0.1, Diff: 0.1, Sum: 0.4]
         [Termination Attempts: Min: 1, Avg: 1.0, Max: 1, Diff: 0, Sum: 8]
      [GC Worker Other (ms): Min: 0.0, Avg: 0.0, Max: 0.0, Diff: 0.0, Sum: 0.1]
      [GC Worker Total (ms): Min: 8.1, Avg: 8.2, Max: 8.3, Diff: 0.1, Sum: 65.6]
      [GC Worker End (ms): Min: 1608.6, Avg: 1608.6, Max: 1608.7, Diff: 0.0]
   [Code Root Fixup: 0.0 ms]
   [Code Root Purge: 0.0 ms]
   [Clear CT: 0.2 ms]
   [Other: 0.8 ms]
      [Choose CSet: 0.0 ms]
      [Ref Proc: 0.3 ms]
      [Ref Enq: 0.0 ms]
      [Redirty Cards: 0.1 ms]
      [Humongous Register: 0.1 ms]
      [Humongous Reclaim: 0.1 ms]
      [Free CSet: 0.1 ms]
   [Eden: 232.0M(232.0M)->0.0B(20.0M) Survivors: 9216.0K->31.0M Heap: 818.7M(1024.0M)->589.7M(1024.0M)]
 [Times: user=0.06 sys=0.00, real=0.01 secs] 
2021-01-18T10:16:04.671-0800: 1.613: [GC pause (G1 Evacuation Pause) (mixed), 0.0076865 secs]
   [Parallel Time: 6.6 ms, GC Workers: 8]
      [GC Worker Start (ms): Min: 1613.2, Avg: 1613.3, Max: 1613.3, Diff: 0.1]
      [Ext Root Scanning (ms): Min: 0.0, Avg: 0.1, Max: 0.2, Diff: 0.1, Sum: 0.9]
      [Update RS (ms): Min: 0.4, Avg: 0.5, Max: 0.5, Diff: 0.0, Sum: 3.6]
         [Processed Buffers: Min: 5, Avg: 5.5, Max: 6, Diff: 1, Sum: 44]
      [Scan RS (ms): Min: 0.0, Avg: 0.1, Max: 0.1, Diff: 0.0, Sum: 0.5]
      [Code Root Scanning (ms): Min: 0.0, Avg: 0.0, Max: 0.0, Diff: 0.0, Sum: 0.0]
      [Object Copy (ms): Min: 5.6, Avg: 5.6, Max: 5.7, Diff: 0.1, Sum: 45.2]
      [Termination (ms): Min: 0.0, Avg: 0.1, Max: 0.2, Diff: 0.2, Sum: 0.8]
         [Termination Attempts: Min: 1, Avg: 1.1, Max: 2, Diff: 1, Sum: 9]
      [GC Worker Other (ms): Min: 0.0, Avg: 0.0, Max: 0.0, Diff: 0.0, Sum: 0.1]
      [GC Worker Total (ms): Min: 6.3, Avg: 6.4, Max: 6.5, Diff: 0.2, Sum: 51.0]
      [GC Worker End (ms): Min: 1619.6, Avg: 1619.7, Max: 1619.7, Diff: 0.1]
   [Code Root Fixup: 0.0 ms]
   [Code Root Purge: 0.0 ms]
   [Clear CT: 0.3 ms]
   [Other: 0.8 ms]
      [Choose CSet: 0.0 ms]
      [Ref Proc: 0.3 ms]
      [Ref Enq: 0.0 ms]
      [Redirty Cards: 0.1 ms]
      [Humongous Register: 0.1 ms]
      [Humongous Reclaim: 0.0 ms]
      [Free CSet: 0.1 ms]
   [Eden: 20.0M(20.0M)->0.0B(45.0M) Survivors: 31.0M->6144.0K Heap: 614.0M(1024.0M)->519.5M(1024.0M)]
 [Times: user=0.05 sys=0.00, real=0.00 secs] 
2021-01-18T10:16:04.688-0800: 1.630: [GC pause (G1 Evacuation Pause) (mixed), 0.0054677 secs]
   [Parallel Time: 4.6 ms, GC Workers: 8]
      [GC Worker Start (ms): Min: 1630.0, Avg: 1630.1, Max: 1630.1, Diff: 0.1]
      [Ext Root Scanning (ms): Min: 0.1, Avg: 0.1, Max: 0.2, Diff: 0.1, Sum: 0.9]
      [Update RS (ms): Min: 1.1, Avg: 1.1, Max: 1.1, Diff: 0.0, Sum: 8.6]
         [Processed Buffers: Min: 11, Avg: 12.1, Max: 13, Diff: 2, Sum: 97]
      [Scan RS (ms): Min: 0.0, Avg: 0.0, Max: 0.1, Diff: 0.1, Sum: 0.3]
      [Code Root Scanning (ms): Min: 0.0, Avg: 0.0, Max: 0.0, Diff: 0.0, Sum: 0.0]
      [Object Copy (ms): Min: 3.0, Avg: 3.1, Max: 3.1, Diff: 0.1, Sum: 24.7]
      [Termination (ms): Min: 0.0, Avg: 0.0, Max: 0.1, Diff: 0.1, Sum: 0.3]
         [Termination Attempts: Min: 1, Avg: 1.0, Max: 1, Diff: 0, Sum: 8]
      [GC Worker Other (ms): Min: 0.0, Avg: 0.0, Max: 0.0, Diff: 0.0, Sum: 0.1]
      [GC Worker Total (ms): Min: 4.3, Avg: 4.4, Max: 4.5, Diff: 0.2, Sum: 35.0]
      [GC Worker End (ms): Min: 1634.4, Avg: 1634.4, Max: 1634.5, Diff: 0.0]
   [Code Root Fixup: 0.0 ms]
   [Code Root Purge: 0.0 ms]
   [Clear CT: 0.2 ms]
   [Other: 0.7 ms]
      [Choose CSet: 0.0 ms]
      [Ref Proc: 0.2 ms]
      [Ref Enq: 0.0 ms]
      [Redirty Cards: 0.1 ms]
      [Humongous Register: 0.1 ms]
      [Humongous Reclaim: 0.0 ms]
      [Free CSet: 0.1 ms]
   [Eden: 45.0M(45.0M)->0.0B(237.0M) Survivors: 6144.0K->7168.0K Heap: 575.4M(1024.0M)->517.3M(1024.0M)]
 [Times: user=0.03 sys=0.00, real=0.01 secs] 
2021-01-18T10:16:04.693-0800: 1.636: [GC pause (G1 Humongous Allocation) (young) (initial-mark), 0.0021123 secs]
   [Parallel Time: 1.3 ms, GC Workers: 8]
      [GC Worker Start (ms): Min: 1635.7, Avg: 1635.8, Max: 1635.8, Diff: 0.1]
      [Ext Root Scanning (ms): Min: 0.1, Avg: 0.1, Max: 0.2, Diff: 0.1, Sum: 1.1]
      [Update RS (ms): Min: 0.1, Avg: 0.1, Max: 0.3, Diff: 0.2, Sum: 0.9]
         [Processed Buffers: Min: 1, Avg: 1.1, Max: 2, Diff: 1, Sum: 9]
      [Scan RS (ms): Min: 0.0, Avg: 0.0, Max: 0.0, Diff: 0.0, Sum: 0.0]
      [Code Root Scanning (ms): Min: 0.0, Avg: 0.0, Max: 0.0, Diff: 0.0, Sum: 0.0]
      [Object Copy (ms): Min: 0.4, Avg: 0.6, Max: 0.8, Diff: 0.3, Sum: 4.9]
      [Termination (ms): Min: 0.0, Avg: 0.2, Max: 0.3, Diff: 0.3, Sum: 1.8]
         [Termination Attempts: Min: 1, Avg: 1.0, Max: 1, Diff: 0, Sum: 8]
      [GC Worker Other (ms): Min: 0.0, Avg: 0.0, Max: 0.0, Diff: 0.0, Sum: 0.1]
      [GC Worker Total (ms): Min: 1.0, Avg: 1.1, Max: 1.2, Diff: 0.2, Sum: 8.8]
      [GC Worker End (ms): Min: 1636.8, Avg: 1636.9, Max: 1636.9, Diff: 0.1]
   [Code Root Fixup: 0.0 ms]
   [Code Root Purge: 0.0 ms]
   [Clear CT: 0.1 ms]
   [Other: 0.7 ms]
      [Choose CSet: 0.0 ms]
      [Ref Proc: 0.2 ms]
      [Ref Enq: 0.0 ms]
      [Redirty Cards: 0.1 ms]
      [Humongous Register: 0.1 ms]
      [Humongous Reclaim: 0.0 ms]
      [Free CSet: 0.0 ms]
   [Eden: 1024.0K(237.0M)->0.0B(252.0M) Survivors: 7168.0K->8192.0K Heap: 518.0M(1024.0M)->517.5M(1024.0M)]
 [Times: user=0.01 sys=0.00, real=0.00 secs] 
2021-01-18T10:16:04.696-0800: 1.638: [GC concurrent-root-region-scan-start]
2021-01-18T10:16:04.696-0800: 1.638: [GC concurrent-root-region-scan-end, 0.0000915 secs]
2021-01-18T10:16:04.696-0800: 1.638: [GC concurrent-mark-start]
2021-01-18T10:16:04.697-0800: 1.639: [GC concurrent-mark-end, 0.0013882 secs]
2021-01-18T10:16:04.697-0800: 1.639: [GC remark 2021-01-18T10:16:04.697-0800: 1.639: [Finalize Marking, 0.0002242 secs] 2021-01-18T10:16:04.697-0800: 1.640: [GC ref-proc, 0.0000620 secs] 2021-01-18T10:16:04.698-0800: 1.640: [Unloading, 0.0006110 secs], 0.0020976 secs]
 [Times: user=0.01 sys=0.01, real=0.00 secs] 
2021-01-18T10:16:04.699-0800: 1.642: [GC cleanup 527M->523M(1024M), 0.0013337 secs]
 [Times: user=0.00 sys=0.00, real=0.01 secs] 
2021-01-18T10:16:04.701-0800: 1.643: [GC concurrent-cleanup-start]
2021-01-18T10:16:04.701-0800: 1.643: [GC concurrent-cleanup-end, 0.0000150 secs]
2021-01-18T10:16:04.742-0800: 1.684: [GC pause (G1 Evacuation Pause) (young) (to-space exhausted), 0.0093618 secs]
   [Parallel Time: 8.3 ms, GC Workers: 8]
      [GC Worker Start (ms): Min: 1684.2, Avg: 1684.2, Max: 1684.3, Diff: 0.1]
      [Ext Root Scanning (ms): Min: 0.1, Avg: 0.1, Max: 0.1, Diff: 0.1, Sum: 0.7]
      [Update RS (ms): Min: 1.7, Avg: 1.7, Max: 1.7, Diff: 0.0, Sum: 13.7]
         [Processed Buffers: Min: 8, Avg: 23.2, Max: 30, Diff: 22, Sum: 186]
      [Scan RS (ms): Min: 0.0, Avg: 0.0, Max: 0.0, Diff: 0.0, Sum: 0.2]
      [Code Root Scanning (ms): Min: 0.0, Avg: 0.0, Max: 0.0, Diff: 0.0, Sum: 0.0]
      [Object Copy (ms): Min: 6.3, Avg: 6.3, Max: 6.4, Diff: 0.1, Sum: 50.5]
      [Termination (ms): Min: 0.0, Avg: 0.1, Max: 0.1, Diff: 0.1, Sum: 0.6]
         [Termination Attempts: Min: 1, Avg: 1.0, Max: 1, Diff: 0, Sum: 8]
      [GC Worker Other (ms): Min: 0.0, Avg: 0.0, Max: 0.0, Diff: 0.0, Sum: 0.1]
      [GC Worker Total (ms): Min: 8.2, Avg: 8.2, Max: 8.3, Diff: 0.1, Sum: 65.8]
      [GC Worker End (ms): Min: 1692.4, Avg: 1692.5, Max: 1692.5, Diff: 0.0]
   [Code Root Fixup: 0.0 ms]
   [Code Root Purge: 0.0 ms]
   [Clear CT: 0.2 ms]
   [Other: 0.9 ms]
      [Evacuation Failure: 0.2 ms]
      [Choose CSet: 0.0 ms]
      [Ref Proc: 0.1 ms]
      [Ref Enq: 0.0 ms]
      [Redirty Cards: 0.1 ms]
      [Humongous Register: 0.1 ms]
      [Humongous Reclaim: 0.1 ms]
      [Free CSet: 0.1 ms]
   [Eden: 252.0M(252.0M)->0.0B(18.0M) Survivors: 8192.0K->33.0M Heap: 835.5M(1024.0M)->615.8M(1024.0M)]
 [Times: user=0.06 sys=0.00, real=0.01 secs] 
2021-01-18T10:16:04.755-0800: 1.697: [GC pause (G1 Evacuation Pause) (mixed), 0.0073168 secs]
   [Parallel Time: 6.3 ms, GC Workers: 8]
      [GC Worker Start (ms): Min: 1697.2, Avg: 1697.3, Max: 1697.4, Diff: 0.1]
      [Ext Root Scanning (ms): Min: 0.1, Avg: 0.1, Max: 0.2, Diff: 0.1, Sum: 0.9]
      [Update RS (ms): Min: 0.2, Avg: 0.3, Max: 0.3, Diff: 0.1, Sum: 2.4]
         [Processed Buffers: Min: 3, Avg: 3.6, Max: 4, Diff: 1, Sum: 29]
      [Scan RS (ms): Min: 0.0, Avg: 0.1, Max: 0.2, Diff: 0.1, Sum: 0.6]
      [Code Root Scanning (ms): Min: 0.0, Avg: 0.0, Max: 0.0, Diff: 0.0, Sum: 0.0]
      [Object Copy (ms): Min: 5.6, Avg: 5.7, Max: 5.7, Diff: 0.1, Sum: 45.3]
      [Termination (ms): Min: 0.0, Avg: 0.0, Max: 0.1, Diff: 0.1, Sum: 0.3]
         [Termination Attempts: Min: 1, Avg: 1.0, Max: 1, Diff: 0, Sum: 8]
      [GC Worker Other (ms): Min: 0.0, Avg: 0.0, Max: 0.0, Diff: 0.0, Sum: 0.1]
      [GC Worker Total (ms): Min: 6.2, Avg: 6.2, Max: 6.3, Diff: 0.1, Sum: 49.6]
      [GC Worker End (ms): Min: 1703.5, Avg: 1703.5, Max: 1703.5, Diff: 0.0]
   [Code Root Fixup: 0.0 ms]
   [Code Root Purge: 0.0 ms]
   [Clear CT: 0.2 ms]
   [Other: 0.8 ms]
      [Choose CSet: 0.0 ms]
      [Ref Proc: 0.2 ms]
      [Ref Enq: 0.0 ms]
      [Redirty Cards: 0.1 ms]
      [Humongous Register: 0.1 ms]
      [Humongous Reclaim: 0.0 ms]
      [Free CSet: 0.1 ms]
   [Eden: 18.0M(18.0M)->0.0B(47.0M) Survivors: 33.0M->4096.0K Heap: 636.2M(1024.0M)->543.6M(1024.0M)]
 [Times: user=0.04 sys=0.00, real=0.01 secs] 
2021-01-18T10:16:04.772-0800: 1.715: [GC pause (G1 Evacuation Pause) (mixed), 0.0044157 secs]
   [Parallel Time: 3.6 ms, GC Workers: 8]
      [GC Worker Start (ms): Min: 1714.8, Avg: 1714.9, Max: 1714.9, Diff: 0.1]
      [Ext Root Scanning (ms): Min: 0.1, Avg: 0.1, Max: 0.2, Diff: 0.1, Sum: 1.0]
      [Update RS (ms): Min: 0.9, Avg: 1.0, Max: 1.3, Diff: 0.4, Sum: 7.8]
         [Processed Buffers: Min: 9, Avg: 9.9, Max: 11, Diff: 2, Sum: 79]
      [Scan RS (ms): Min: 0.0, Avg: 0.0, Max: 0.1, Diff: 0.0, Sum: 0.2]
      [Code Root Scanning (ms): Min: 0.0, Avg: 0.0, Max: 0.0, Diff: 0.0, Sum: 0.0]
      [Object Copy (ms): Min: 2.0, Avg: 2.3, Max: 2.4, Diff: 0.4, Sum: 18.4]
      [Termination (ms): Min: 0.0, Avg: 0.0, Max: 0.1, Diff: 0.1, Sum: 0.3]
         [Termination Attempts: Min: 1, Avg: 1.0, Max: 1, Diff: 0, Sum: 8]
      [GC Worker Other (ms): Min: 0.0, Avg: 0.0, Max: 0.0, Diff: 0.0, Sum: 0.1]
      [GC Worker Total (ms): Min: 3.4, Avg: 3.5, Max: 3.6, Diff: 0.1, Sum: 27.8]
      [GC Worker End (ms): Min: 1718.4, Avg: 1718.4, Max: 1718.4, Diff: 0.0]
   [Code Root Fixup: 0.0 ms]
   [Code Root Purge: 0.0 ms]
   [Clear CT: 0.1 ms]
   [Other: 0.7 ms]
      [Choose CSet: 0.0 ms]
      [Ref Proc: 0.2 ms]
      [Ref Enq: 0.0 ms]
      [Redirty Cards: 0.1 ms]
      [Humongous Register: 0.1 ms]
      [Humongous Reclaim: 0.1 ms]
      [Free CSet: 0.0 ms]
   [Eden: 47.0M(47.0M)->0.0B(230.0M) Survivors: 4096.0K->7168.0K Heap: 599.3M(1024.0M)->544.4M(1024.0M)]
 [Times: user=0.03 sys=0.00, real=0.00 secs] 
2021-01-18T10:16:04.778-0800: 1.720: [GC pause (G1 Humongous Allocation) (young) (initial-mark), 0.0016561 secs]
   [Parallel Time: 0.9 ms, GC Workers: 8]
      [GC Worker Start (ms): Min: 1719.9, Avg: 1719.9, Max: 1720.0, Diff: 0.1]
      [Ext Root Scanning (ms): Min: 0.1, Avg: 0.1, Max: 0.2, Diff: 0.1, Sum: 1.1]
      [Update RS (ms): Min: 0.1, Avg: 0.1, Max: 0.1, Diff: 0.1, Sum: 0.6]
         [Processed Buffers: Min: 1, Avg: 1.1, Max: 2, Diff: 1, Sum: 9]
      [Scan RS (ms): Min: 0.0, Avg: 0.0, Max: 0.0, Diff: 0.0, Sum: 0.0]
      [Code Root Scanning (ms): Min: 0.0, Avg: 0.0, Max: 0.0, Diff: 0.0, Sum: 0.0]
      [Object Copy (ms): Min: 0.5, Avg: 0.5, Max: 0.6, Diff: 0.0, Sum: 4.3]
      [Termination (ms): Min: 0.0, Avg: 0.0, Max: 0.1, Diff: 0.1, Sum: 0.2]
         [Termination Attempts: Min: 1, Avg: 1.0, Max: 1, Diff: 0, Sum: 8]
      [GC Worker Other (ms): Min: 0.0, Avg: 0.0, Max: 0.0, Diff: 0.0, Sum: 0.1]
      [GC Worker Total (ms): Min: 0.7, Avg: 0.8, Max: 0.9, Diff: 0.1, Sum: 6.4]
      [GC Worker End (ms): Min: 1720.7, Avg: 1720.8, Max: 1720.8, Diff: 0.0]
   [Code Root Fixup: 0.0 ms]
   [Code Root Purge: 0.0 ms]
   [Clear CT: 0.1 ms]
   [Other: 0.6 ms]
      [Choose CSet: 0.0 ms]
      [Ref Proc: 0.2 ms]
      [Ref Enq: 0.0 ms]
      [Redirty Cards: 0.1 ms]
      [Humongous Register: 0.1 ms]
      [Humongous Reclaim: 0.0 ms]
      [Free CSet: 0.0 ms]
   [Eden: 3072.0K(230.0M)->0.0B(237.0M) Survivors: 7168.0K->7168.0K Heap: 547.0M(1024.0M)->544.3M(1024.0M)]
 [Times: user=0.01 sys=0.00, real=0.00 secs] 
2021-01-18T10:16:04.779-0800: 1.722: [GC concurrent-root-region-scan-start]
2021-01-18T10:16:04.779-0800: 1.722: [GC concurrent-root-region-scan-end, 0.0000955 secs]
2021-01-18T10:16:04.779-0800: 1.722: [GC concurrent-mark-start]
2021-01-18T10:16:04.781-0800: 1.723: [GC concurrent-mark-end, 0.0013279 secs]
2021-01-18T10:16:04.781-0800: 1.723: [GC remark 2021-01-18T10:16:04.781-0800: 1.723: [Finalize Marking, 0.0002038 secs] 2021-01-18T10:16:04.781-0800: 1.723: [GC ref-proc, 0.0000520 secs] 2021-01-18T10:16:04.781-0800: 1.723: [Unloading, 0.0005244 secs], 0.0018470 secs]
 [Times: user=0.01 sys=0.01, real=0.00 secs] 
2021-01-18T10:16:04.783-0800: 1.725: [GC cleanup 554M->552M(1024M), 0.0010390 secs]
 [Times: user=0.01 sys=0.00, real=0.00 secs] 
2021-01-18T10:16:04.784-0800: 1.726: [GC concurrent-cleanup-start]
2021-01-18T10:16:04.784-0800: 1.726: [GC concurrent-cleanup-end, 0.0000151 secs]
2021-01-18T10:16:04.821-0800: 1.763: [GC pause (G1 Evacuation Pause) (young), 0.0105261 secs]
   [Parallel Time: 9.6 ms, GC Workers: 8]
      [GC Worker Start (ms): Min: 1763.6, Avg: 1763.7, Max: 1763.7, Diff: 0.1]
      [Ext Root Scanning (ms): Min: 0.1, Avg: 0.1, Max: 0.1, Diff: 0.1, Sum: 0.9]
      [Update RS (ms): Min: 1.8, Avg: 1.8, Max: 1.9, Diff: 0.1, Sum: 14.6]
         [Processed Buffers: Min: 22, Avg: 26.9, Max: 29, Diff: 7, Sum: 215]
      [Scan RS (ms): Min: 0.0, Avg: 0.0, Max: 0.0, Diff: 0.0, Sum: 0.2]
      [Code Root Scanning (ms): Min: 0.0, Avg: 0.0, Max: 0.0, Diff: 0.0, Sum: 0.0]
      [Object Copy (ms): Min: 6.6, Avg: 6.7, Max: 7.2, Diff: 0.6, Sum: 53.9]
      [Termination (ms): Min: 0.0, Avg: 0.6, Max: 0.7, Diff: 0.7, Sum: 4.9]
         [Termination Attempts: Min: 1, Avg: 1.8, Max: 3, Diff: 2, Sum: 14]
      [GC Worker Other (ms): Min: 0.0, Avg: 0.0, Max: 0.0, Diff: 0.0, Sum: 0.1]
      [GC Worker Total (ms): Min: 9.2, Avg: 9.3, Max: 9.4, Diff: 0.2, Sum: 74.6]
      [GC Worker End (ms): Min: 1772.9, Avg: 1773.0, Max: 1773.1, Diff: 0.2]
   [Code Root Fixup: 0.0 ms]
   [Code Root Purge: 0.0 ms]
   [Clear CT: 0.1 ms]
   [Other: 0.8 ms]
      [Choose CSet: 0.0 ms]
      [Ref Proc: 0.2 ms]
      [Ref Enq: 0.0 ms]
      [Redirty Cards: 0.2 ms]
      [Humongous Register: 0.1 ms]
      [Humongous Reclaim: 0.1 ms]
      [Free CSet: 0.1 ms]
   [Eden: 237.0M(237.0M)->0.0B(20.0M) Survivors: 7168.0K->31.0M Heap: 840.0M(1024.0M)->594.3M(1024.0M)]
 [Times: user=0.06 sys=0.00, real=0.01 secs] 
2021-01-18T10:16:04.836-0800: 1.778: [GC pause (G1 Evacuation Pause) (mixed), 0.0072613 secs]
   [Parallel Time: 6.3 ms, GC Workers: 8]
      [GC Worker Start (ms): Min: 1778.2, Avg: 1778.3, Max: 1778.4, Diff: 0.2]
      [Ext Root Scanning (ms): Min: 0.0, Avg: 0.1, Max: 0.2, Diff: 0.2, Sum: 0.8]
      [Update RS (ms): Min: 0.1, Avg: 0.2, Max: 0.2, Diff: 0.1, Sum: 1.4]
         [Processed Buffers: Min: 2, Avg: 2.4, Max: 4, Diff: 2, Sum: 19]
      [Scan RS (ms): Min: 0.0, Avg: 0.0, Max: 0.1, Diff: 0.1, Sum: 0.4]
      [Code Root Scanning (ms): Min: 0.0, Avg: 0.0, Max: 0.0, Diff: 0.0, Sum: 0.0]
      [Object Copy (ms): Min: 5.6, Avg: 5.6, Max: 5.7, Diff: 0.1, Sum: 45.1]
      [Termination (ms): Min: 0.0, Avg: 0.1, Max: 0.2, Diff: 0.2, Sum: 0.8]
         [Termination Attempts: Min: 1, Avg: 1.0, Max: 1, Diff: 0, Sum: 8]
      [GC Worker Other (ms): Min: 0.0, Avg: 0.0, Max: 0.0, Diff: 0.0, Sum: 0.1]
      [GC Worker Total (ms): Min: 6.0, Avg: 6.1, Max: 6.1, Diff: 0.1, Sum: 48.5]
      [GC Worker End (ms): Min: 1784.3, Avg: 1784.4, Max: 1784.4, Diff: 0.1]
   [Code Root Fixup: 0.0 ms]
   [Code Root Purge: 0.0 ms]
   [Clear CT: 0.2 ms]
   [Other: 0.8 ms]
      [Choose CSet: 0.0 ms]
      [Ref Proc: 0.2 ms]
      [Ref Enq: 0.0 ms]
      [Redirty Cards: 0.2 ms]
      [Humongous Register: 0.1 ms]
      [Humongous Reclaim: 0.0 ms]
      [Free CSet: 0.1 ms]
   [Eden: 20.0M(20.0M)->0.0B(45.0M) Survivors: 31.0M->6144.0K Heap: 615.4M(1024.0M)->518.7M(1024.0M)]
 [Times: user=0.04 sys=0.00, real=0.01 secs] 
2021-01-18T10:16:04.851-0800: 1.794: [GC pause (G1 Evacuation Pause) (mixed), 0.0069409 secs]
   [Parallel Time: 5.7 ms, GC Workers: 8]
      [GC Worker Start (ms): Min: 1793.9, Avg: 1794.0, Max: 1794.0, Diff: 0.2]
      [Ext Root Scanning (ms): Min: 0.1, Avg: 0.1, Max: 0.2, Diff: 0.2, Sum: 0.9]
      [Update RS (ms): Min: 0.6, Avg: 0.6, Max: 0.7, Diff: 0.1, Sum: 5.1]
         [Processed Buffers: Min: 6, Avg: 6.9, Max: 8, Diff: 2, Sum: 55]
      [Scan RS (ms): Min: 0.0, Avg: 0.0, Max: 0.1, Diff: 0.1, Sum: 0.3]
      [Code Root Scanning (ms): Min: 0.0, Avg: 0.0, Max: 0.0, Diff: 0.0, Sum: 0.0]
      [Object Copy (ms): Min: 3.8, Avg: 4.2, Max: 4.6, Diff: 0.9, Sum: 33.4]
      [Termination (ms): Min: 0.0, Avg: 0.5, Max: 0.9, Diff: 0.9, Sum: 4.1]
         [Termination Attempts: Min: 1, Avg: 1.2, Max: 3, Diff: 2, Sum: 10]
      [GC Worker Other (ms): Min: 0.0, Avg: 0.0, Max: 0.0, Diff: 0.0, Sum: 0.1]
      [GC Worker Total (ms): Min: 5.4, Avg: 5.5, Max: 5.6, Diff: 0.2, Sum: 43.9]
      [GC Worker End (ms): Min: 1799.4, Avg: 1799.4, Max: 1799.5, Diff: 0.1]
   [Code Root Fixup: 0.0 ms]
   [Code Root Purge: 0.0 ms]
   [Clear CT: 0.2 ms]
   [Other: 1.0 ms]
      [Choose CSet: 0.0 ms]
      [Ref Proc: 0.4 ms]
      [Ref Enq: 0.0 ms]
      [Redirty Cards: 0.2 ms]
      [Humongous Register: 0.1 ms]
      [Humongous Reclaim: 0.1 ms]
      [Free CSet: 0.1 ms]
   [Eden: 45.0M(45.0M)->0.0B(274.0M) Survivors: 6144.0K->7168.0K Heap: 569.4M(1024.0M)->502.6M(1024.0M)]
 [Times: user=0.04 sys=0.00, real=0.00 secs] 
2021-01-18T10:16:04.859-0800: 1.801: [GC pause (G1 Humongous Allocation) (young) (initial-mark), 0.0020604 secs]
   [Parallel Time: 1.0 ms, GC Workers: 8]
      [GC Worker Start (ms): Min: 1801.2, Avg: 1801.2, Max: 1801.3, Diff: 0.1]
      [Ext Root Scanning (ms): Min: 0.1, Avg: 0.2, Max: 0.2, Diff: 0.1, Sum: 1.3]
      [Update RS (ms): Min: 0.1, Avg: 0.1, Max: 0.2, Diff: 0.1, Sum: 0.9]
         [Processed Buffers: Min: 1, Avg: 1.1, Max: 2, Diff: 1, Sum: 9]
      [Scan RS (ms): Min: 0.0, Avg: 0.0, Max: 0.0, Diff: 0.0, Sum: 0.0]
      [Code Root Scanning (ms): Min: 0.0, Avg: 0.0, Max: 0.0, Diff: 0.0, Sum: 0.0]
      [Object Copy (ms): Min: 0.5, Avg: 0.5, Max: 0.6, Diff: 0.1, Sum: 4.4]
      [Termination (ms): Min: 0.0, Avg: 0.0, Max: 0.1, Diff: 0.1, Sum: 0.2]
         [Termination Attempts: Min: 1, Avg: 1.0, Max: 1, Diff: 0, Sum: 8]
      [GC Worker Other (ms): Min: 0.0, Avg: 0.0, Max: 0.0, Diff: 0.0, Sum: 0.1]
      [GC Worker Total (ms): Min: 0.8, Avg: 0.9, Max: 0.9, Diff: 0.1, Sum: 7.0]
      [GC Worker End (ms): Min: 1802.1, Avg: 1802.1, Max: 1802.1, Diff: 0.0]
   [Code Root Fixup: 0.0 ms]
   [Code Root Purge: 0.0 ms]
   [Clear CT: 0.2 ms]
   [Other: 0.8 ms]
      [Choose CSet: 0.0 ms]
      [Ref Proc: 0.3 ms]
      [Ref Enq: 0.0 ms]
      [Redirty Cards: 0.2 ms]
      [Humongous Register: 0.1 ms]
      [Humongous Reclaim: 0.0 ms]
      [Free CSet: 0.0 ms]
   [Eden: 2048.0K(274.0M)->0.0B(260.0M) Survivors: 7168.0K->8192.0K Heap: 504.6M(1024.0M)->503.5M(1024.0M)]
 [Times: user=0.01 sys=0.00, real=0.01 secs] 
2021-01-18T10:16:04.861-0800: 1.803: [GC concurrent-root-region-scan-start]
2021-01-18T10:16:04.861-0800: 1.803: [GC concurrent-root-region-scan-end, 0.0001044 secs]
2021-01-18T10:16:04.861-0800: 1.803: [GC concurrent-mark-start]
2021-01-18T10:16:04.863-0800: 1.805: [GC concurrent-mark-end, 0.0015092 secs]
2021-01-18T10:16:04.863-0800: 1.805: [GC remark 2021-01-18T10:16:04.863-0800: 1.805: [Finalize Marking, 0.0002605 secs] 2021-01-18T10:16:04.863-0800: 1.805: [GC ref-proc, 0.0000574 secs] 2021-01-18T10:16:04.863-0800: 1.805: [Unloading, 0.0005491 secs], 0.0020056 secs]
 [Times: user=0.01 sys=0.00, real=0.00 secs] 
2021-01-18T10:16:04.865-0800: 1.807: [GC cleanup 514M->509M(1024M), 0.0010012 secs]
 [Times: user=0.00 sys=0.00, real=0.00 secs] 
2021-01-18T10:16:04.866-0800: 1.808: [GC concurrent-cleanup-start]
2021-01-18T10:16:04.866-0800: 1.808: [GC concurrent-cleanup-end, 0.0000156 secs]
2021-01-18T10:16:04.905-0800: 1.847: [GC pause (G1 Evacuation Pause) (young), 0.0106184 secs]
   [Parallel Time: 9.2 ms, GC Workers: 8]
      [GC Worker Start (ms): Min: 1846.9, Avg: 1847.0, Max: 1847.0, Diff: 0.1]
      [Ext Root Scanning (ms): Min: 0.1, Avg: 0.1, Max: 0.1, Diff: 0.1, Sum: 0.7]
      [Update RS (ms): Min: 1.9, Avg: 1.9, Max: 2.0, Diff: 0.1, Sum: 15.5]
         [Processed Buffers: Min: 3, Avg: 27.4, Max: 40, Diff: 37, Sum: 219]
      [Scan RS (ms): Min: 0.0, Avg: 0.0, Max: 0.0, Diff: 0.0, Sum: 0.2]
      [Code Root Scanning (ms): Min: 0.0, Avg: 0.0, Max: 0.0, Diff: 0.0, Sum: 0.0]
      [Object Copy (ms): Min: 6.8, Avg: 6.9, Max: 7.0, Diff: 0.2, Sum: 55.2]
      [Termination (ms): Min: 0.0, Avg: 0.1, Max: 0.1, Diff: 0.1, Sum: 0.5]
         [Termination Attempts: Min: 1, Avg: 1.8, Max: 3, Diff: 2, Sum: 14]
      [GC Worker Other (ms): Min: 0.0, Avg: 0.0, Max: 0.0, Diff: 0.0, Sum: 0.2]
      [GC Worker Total (ms): Min: 9.0, Avg: 9.0, Max: 9.1, Diff: 0.1, Sum: 72.3]
      [GC Worker End (ms): Min: 1856.0, Avg: 1856.0, Max: 1856.0, Diff: 0.1]
   [Code Root Fixup: 0.0 ms]
   [Code Root Purge: 0.0 ms]
   [Clear CT: 0.2 ms]
   [Other: 1.3 ms]
      [Choose CSet: 0.0 ms]
      [Ref Proc: 0.8 ms]
      [Ref Enq: 0.0 ms]
      [Redirty Cards: 0.1 ms]
      [Humongous Register: 0.1 ms]
      [Humongous Reclaim: 0.1 ms]
      [Free CSet: 0.1 ms]
   [Eden: 260.0M(260.0M)->0.0B(17.0M) Survivors: 8192.0K->34.0M Heap: 823.8M(1024.0M)->569.9M(1024.0M)]
 [Times: user=0.07 sys=0.00, real=0.01 secs] 
2021-01-18T10:16:04.919-0800: 1.861: [GC pause (G1 Evacuation Pause) (mixed), 0.0091745 secs]
   [Parallel Time: 7.3 ms, GC Workers: 8]
      [GC Worker Start (ms): Min: 1861.0, Avg: 1861.0, Max: 1861.1, Diff: 0.1]
      [Ext Root Scanning (ms): Min: 0.1, Avg: 0.1, Max: 0.2, Diff: 0.1, Sum: 1.0]
      [Update RS (ms): Min: 0.4, Avg: 0.4, Max: 0.5, Diff: 0.1, Sum: 3.5]
         [Processed Buffers: Min: 5, Avg: 5.0, Max: 5, Diff: 0, Sum: 40]
      [Scan RS (ms): Min: 0.1, Avg: 0.1, Max: 0.1, Diff: 0.1, Sum: 0.6]
      [Code Root Scanning (ms): Min: 0.0, Avg: 0.0, Max: 0.0, Diff: 0.0, Sum: 0.0]
      [Object Copy (ms): Min: 6.4, Avg: 6.4, Max: 6.4, Diff: 0.1, Sum: 51.2]
      [Termination (ms): Min: 0.0, Avg: 0.1, Max: 0.1, Diff: 0.1, Sum: 0.4]
         [Termination Attempts: Min: 1, Avg: 1.2, Max: 3, Diff: 2, Sum: 10]
      [GC Worker Other (ms): Min: 0.0, Avg: 0.0, Max: 0.0, Diff: 0.0, Sum: 0.1]
      [GC Worker Total (ms): Min: 7.0, Avg: 7.1, Max: 7.2, Diff: 0.1, Sum: 56.8]
      [GC Worker End (ms): Min: 1868.1, Avg: 1868.1, Max: 1868.2, Diff: 0.0]
   [Code Root Fixup: 0.0 ms]
   [Code Root Purge: 0.0 ms]
   [Clear CT: 0.2 ms]
   [Other: 1.7 ms]
      [Choose CSet: 0.0 ms]
      [Ref Proc: 1.1 ms]
      [Ref Enq: 0.0 ms]
      [Redirty Cards: 0.2 ms]
      [Humongous Register: 0.1 ms]
      [Humongous Reclaim: 0.0 ms]
      [Free CSet: 0.1 ms]
   [Eden: 17.0M(17.0M)->0.0B(46.0M) Survivors: 34.0M->5120.0K Heap: 590.7M(1024.0M)->506.7M(1024.0M)]
 [Times: user=0.06 sys=0.00, real=0.01 secs] 
2021-01-18T10:16:04.938-0800: 1.880: [GC pause (G1 Evacuation Pause) (mixed), 0.0044136 secs]
   [Parallel Time: 3.6 ms, GC Workers: 8]
      [GC Worker Start (ms): Min: 1880.1, Avg: 1880.2, Max: 1880.3, Diff: 0.2]
      [Ext Root Scanning (ms): Min: 0.1, Avg: 0.1, Max: 0.2, Diff: 0.2, Sum: 0.9]
      [Update RS (ms): Min: 1.0, Avg: 1.1, Max: 1.1, Diff: 0.1, Sum: 8.5]
         [Processed Buffers: Min: 10, Avg: 11.2, Max: 13, Diff: 3, Sum: 90]
      [Scan RS (ms): Min: 0.0, Avg: 0.0, Max: 0.0, Diff: 0.0, Sum: 0.2]
      [Code Root Scanning (ms): Min: 0.0, Avg: 0.0, Max: 0.0, Diff: 0.0, Sum: 0.0]
      [Object Copy (ms): Min: 2.1, Avg: 2.2, Max: 2.2, Diff: 0.1, Sum: 17.2]
      [Termination (ms): Min: 0.0, Avg: 0.1, Max: 0.1, Diff: 0.1, Sum: 0.5]
         [Termination Attempts: Min: 1, Avg: 1.0, Max: 1, Diff: 0, Sum: 8]
      [GC Worker Other (ms): Min: 0.0, Avg: 0.0, Max: 0.0, Diff: 0.0, Sum: 0.1]
      [GC Worker Total (ms): Min: 3.4, Avg: 3.4, Max: 3.6, Diff: 0.2, Sum: 27.4]
      [GC Worker End (ms): Min: 1883.6, Avg: 1883.6, Max: 1883.7, Diff: 0.1]
   [Code Root Fixup: 0.0 ms]
   [Code Root Purge: 0.0 ms]
   [Clear CT: 0.2 ms]
   [Other: 0.6 ms]
      [Choose CSet: 0.0 ms]
      [Ref Proc: 0.2 ms]
      [Ref Enq: 0.0 ms]
      [Redirty Cards: 0.1 ms]
      [Humongous Register: 0.1 ms]
      [Humongous Reclaim: 0.0 ms]
      [Free CSet: 0.0 ms]
   [Eden: 46.0M(46.0M)->0.0B(258.0M) Survivors: 5120.0K->7168.0K Heap: 562.7M(1024.0M)->511.0M(1024.0M)]
 [Times: user=0.03 sys=0.00, real=0.01 secs] 
2021-01-18T10:16:04.942-0800: 1.885: [GC pause (G1 Humongous Allocation) (young) (initial-mark), 0.0018403 secs]
   [Parallel Time: 1.0 ms, GC Workers: 8]
      [GC Worker Start (ms): Min: 1884.8, Avg: 1884.8, Max: 1884.9, Diff: 0.1]
      [Ext Root Scanning (ms): Min: 0.1, Avg: 0.1, Max: 0.2, Diff: 0.1, Sum: 1.1]
      [Update RS (ms): Min: 0.0, Avg: 0.1, Max: 0.2, Diff: 0.2, Sum: 0.7]
         [Processed Buffers: Min: 1, Avg: 1.1, Max: 2, Diff: 1, Sum: 9]
      [Scan RS (ms): Min: 0.0, Avg: 0.0, Max: 0.0, Diff: 0.0, Sum: 0.0]
      [Code Root Scanning (ms): Min: 0.0, Avg: 0.0, Max: 0.0, Diff: 0.0, Sum: 0.0]
      [Object Copy (ms): Min: 0.4, Avg: 0.5, Max: 0.6, Diff: 0.2, Sum: 4.1]
      [Termination (ms): Min: 0.0, Avg: 0.1, Max: 0.1, Diff: 0.1, Sum: 0.4]
         [Termination Attempts: Min: 1, Avg: 1.0, Max: 1, Diff: 0, Sum: 8]
      [GC Worker Other (ms): Min: 0.0, Avg: 0.0, Max: 0.0, Diff: 0.0, Sum: 0.1]
      [GC Worker Total (ms): Min: 0.8, Avg: 0.8, Max: 0.9, Diff: 0.1, Sum: 6.5]
      [GC Worker End (ms): Min: 1885.6, Avg: 1885.6, Max: 1885.7, Diff: 0.0]
   [Code Root Fixup: 0.0 ms]
   [Code Root Purge: 0.0 ms]
   [Clear CT: 0.1 ms]
   [Other: 0.8 ms]
      [Choose CSet: 0.0 ms]
      [Ref Proc: 0.4 ms]
      [Ref Enq: 0.0 ms]
      [Redirty Cards: 0.1 ms]
      [Humongous Register: 0.1 ms]
      [Humongous Reclaim: 0.0 ms]
      [Free CSet: 0.0 ms]
   [Eden: 1024.0K(258.0M)->0.0B(273.0M) Survivors: 7168.0K->7168.0K Heap: 511.7M(1024.0M)->510.1M(1024.0M)]
 [Times: user=0.01 sys=0.00, real=0.00 secs] 
2021-01-18T10:16:04.944-0800: 1.887: [GC concurrent-root-region-scan-start]
2021-01-18T10:16:04.944-0800: 1.887: [GC concurrent-root-region-scan-end, 0.0000915 secs]
2021-01-18T10:16:04.944-0800: 1.887: [GC concurrent-mark-start]
2021-01-18T10:16:04.946-0800: 1.888: [GC concurrent-mark-end, 0.0013385 secs]
2021-01-18T10:16:04.946-0800: 1.888: [GC remark 2021-01-18T10:16:04.946-0800: 1.888: [Finalize Marking, 0.0002580 secs] 2021-01-18T10:16:04.946-0800: 1.888: [GC ref-proc, 0.0000568 secs] 2021-01-18T10:16:04.946-0800: 1.889: [Unloading, 0.0004895 secs], 0.0018602 secs]
 [Times: user=0.01 sys=0.00, real=0.00 secs] 
2021-01-18T10:16:04.948-0800: 1.890: [GC cleanup 519M->516M(1024M), 0.0010292 secs]
 [Times: user=0.01 sys=0.00, real=0.00 secs] 
2021-01-18T10:16:04.949-0800: 1.891: [GC concurrent-cleanup-start]
2021-01-18T10:16:04.949-0800: 1.891: [GC concurrent-cleanup-end, 0.0000136 secs]
2021-01-18T10:16:04.992-0800: 1.934: [GC pause (G1 Evacuation Pause) (young) (to-space exhausted), 0.0094235 secs]
   [Parallel Time: 8.2 ms, GC Workers: 8]
      [GC Worker Start (ms): Min: 1934.6, Avg: 1934.7, Max: 1934.7, Diff: 0.1]
      [Ext Root Scanning (ms): Min: 0.1, Avg: 0.1, Max: 0.1, Diff: 0.1, Sum: 0.7]
      [Update RS (ms): Min: 1.9, Avg: 1.9, Max: 1.9, Diff: 0.1, Sum: 15.4]
         [Processed Buffers: Min: 26, Avg: 30.0, Max: 32, Diff: 6, Sum: 240]
      [Scan RS (ms): Min: 0.0, Avg: 0.0, Max: 0.1, Diff: 0.0, Sum: 0.2]
      [Code Root Scanning (ms): Min: 0.0, Avg: 0.0, Max: 0.0, Diff: 0.0, Sum: 0.0]
      [Object Copy (ms): Min: 5.3, Avg: 5.4, Max: 5.9, Diff: 0.6, Sum: 42.9]
      [Termination (ms): Min: 0.0, Avg: 0.6, Max: 0.8, Diff: 0.8, Sum: 4.9]
         [Termination Attempts: Min: 1, Avg: 1.0, Max: 1, Diff: 0, Sum: 8]
      [GC Worker Other (ms): Min: 0.0, Avg: 0.0, Max: 0.0, Diff: 0.0, Sum: 0.1]
      [GC Worker Total (ms): Min: 7.9, Avg: 8.0, Max: 8.1, Diff: 0.2, Sum: 64.2]
      [GC Worker End (ms): Min: 1942.6, Avg: 1942.7, Max: 1942.8, Diff: 0.2]
   [Code Root Fixup: 0.0 ms]
   [Code Root Purge: 0.0 ms]
   [Clear CT: 0.1 ms]
   [Other: 1.1 ms]
      [Evacuation Failure: 0.4 ms]
      [Choose CSet: 0.0 ms]
      [Ref Proc: 0.2 ms]
      [Ref Enq: 0.0 ms]
      [Redirty Cards: 0.1 ms]
      [Humongous Register: 0.1 ms]
      [Humongous Reclaim: 0.1 ms]
      [Free CSet: 0.1 ms]
   [Eden: 273.0M(273.0M)->0.0B(16.0M) Survivors: 7168.0K->35.0M Heap: 857.3M(1024.0M)->697.0M(1024.0M)]
 [Times: user=0.06 sys=0.00, real=0.01 secs] 
2021-01-18T10:16:05.005-0800: 1.947: [GC pause (G1 Evacuation Pause) (mixed), 0.0084101 secs]
   [Parallel Time: 7.4 ms, GC Workers: 8]
      [GC Worker Start (ms): Min: 1947.5, Avg: 1947.5, Max: 1947.6, Diff: 0.1]
      [Ext Root Scanning (ms): Min: 0.1, Avg: 0.1, Max: 0.2, Diff: 0.1, Sum: 0.9]
      [Update RS (ms): Min: 0.4, Avg: 0.4, Max: 0.4, Diff: 0.0, Sum: 3.3]
         [Processed Buffers: Min: 5, Avg: 5.2, Max: 6, Diff: 1, Sum: 42]
      [Scan RS (ms): Min: 0.0, Avg: 0.1, Max: 0.1, Diff: 0.0, Sum: 0.4]
      [Code Root Scanning (ms): Min: 0.0, Avg: 0.0, Max: 0.0, Diff: 0.0, Sum: 0.0]
      [Object Copy (ms): Min: 6.6, Avg: 6.6, Max: 6.6, Diff: 0.0, Sum: 52.8]
      [Termination (ms): Min: 0.0, Avg: 0.0, Max: 0.0, Diff: 0.0, Sum: 0.0]
         [Termination Attempts: Min: 1, Avg: 2.8, Max: 5, Diff: 4, Sum: 22]
      [GC Worker Other (ms): Min: 0.0, Avg: 0.0, Max: 0.0, Diff: 0.0, Sum: 0.2]
      [GC Worker Total (ms): Min: 7.1, Avg: 7.2, Max: 7.3, Diff: 0.1, Sum: 57.5]
      [GC Worker End (ms): Min: 1954.7, Avg: 1954.7, Max: 1954.7, Diff: 0.0]
   [Code Root Fixup: 0.0 ms]
   [Code Root Purge: 0.0 ms]
   [Clear CT: 0.2 ms]
   [Other: 0.9 ms]
      [Choose CSet: 0.0 ms]
      [Ref Proc: 0.4 ms]
      [Ref Enq: 0.0 ms]
      [Redirty Cards: 0.1 ms]
      [Humongous Register: 0.1 ms]
      [Humongous Reclaim: 0.0 ms]
      [Free CSet: 0.1 ms]
   [Eden: 16.0M(16.0M)->0.0B(47.0M) Survivors: 35.0M->4096.0K Heap: 716.9M(1024.0M)->627.1M(1024.0M)]
 [Times: user=0.05 sys=0.00, real=0.01 secs] 
2021-01-18T10:16:05.023-0800: 1.966: [GC pause (G1 Evacuation Pause) (mixed), 0.0058624 secs]
   [Parallel Time: 5.0 ms, GC Workers: 8]
      [GC Worker Start (ms): Min: 1965.9, Avg: 1966.0, Max: 1966.0, Diff: 0.1]
      [Ext Root Scanning (ms): Min: 0.1, Avg: 0.1, Max: 0.2, Diff: 0.1, Sum: 0.9]
      [Update RS (ms): Min: 1.0, Avg: 1.1, Max: 1.1, Diff: 0.1, Sum: 8.7]
         [Processed Buffers: Min: 11, Avg: 11.6, Max: 12, Diff: 1, Sum: 93]
      [Scan RS (ms): Min: 0.0, Avg: 0.0, Max: 0.1, Diff: 0.1, Sum: 0.2]
      [Code Root Scanning (ms): Min: 0.0, Avg: 0.0, Max: 0.0, Diff: 0.0, Sum: 0.0]
      [Object Copy (ms): Min: 2.8, Avg: 2.9, Max: 3.6, Diff: 0.8, Sum: 23.0]
      [Termination (ms): Min: 0.0, Avg: 0.7, Max: 0.8, Diff: 0.8, Sum: 5.5]
         [Termination Attempts: Min: 1, Avg: 1.0, Max: 1, Diff: 0, Sum: 8]
      [GC Worker Other (ms): Min: 0.0, Avg: 0.0, Max: 0.0, Diff: 0.0, Sum: 0.1]
      [GC Worker Total (ms): Min: 4.7, Avg: 4.8, Max: 4.9, Diff: 0.2, Sum: 38.5]
      [GC Worker End (ms): Min: 1970.8, Avg: 1970.8, Max: 1970.8, Diff: 0.0]
   [Code Root Fixup: 0.0 ms]
   [Code Root Purge: 0.0 ms]
   [Clear CT: 0.1 ms]
   [Other: 0.8 ms]
      [Choose CSet: 0.0 ms]
      [Ref Proc: 0.3 ms]
      [Ref Enq: 0.0 ms]
      [Redirty Cards: 0.1 ms]
      [Humongous Register: 0.1 ms]
      [Humongous Reclaim: 0.1 ms]
      [Free CSet: 0.1 ms]
   [Eden: 47.0M(47.0M)->0.0B(181.0M) Survivors: 4096.0K->7168.0K Heap: 684.5M(1024.0M)->622.5M(1024.0M)]
 [Times: user=0.04 sys=0.00, real=0.00 secs] 
2021-01-18T10:16:05.031-0800: 1.973: [GC pause (G1 Humongous Allocation) (young) (initial-mark), 0.0021327 secs]
   [Parallel Time: 1.1 ms, GC Workers: 8]
      [GC Worker Start (ms): Min: 1972.9, Avg: 1973.0, Max: 1973.0, Diff: 0.1]
      [Ext Root Scanning (ms): Min: 0.1, Avg: 0.2, Max: 0.2, Diff: 0.1, Sum: 1.3]
      [Update RS (ms): Min: 0.0, Avg: 0.1, Max: 0.1, Diff: 0.1, Sum: 0.8]
         [Processed Buffers: Min: 1, Avg: 1.1, Max: 2, Diff: 1, Sum: 9]
      [Scan RS (ms): Min: 0.0, Avg: 0.0, Max: 0.0, Diff: 0.0, Sum: 0.0]
      [Code Root Scanning (ms): Min: 0.0, Avg: 0.0, Max: 0.0, Diff: 0.0, Sum: 0.0]
      [Object Copy (ms): Min: 0.6, Avg: 0.7, Max: 0.7, Diff: 0.1, Sum: 5.5]
      [Termination (ms): Min: 0.0, Avg: 0.1, Max: 0.1, Diff: 0.1, Sum: 0.4]
         [Termination Attempts: Min: 1, Avg: 1.0, Max: 1, Diff: 0, Sum: 8]
      [GC Worker Other (ms): Min: 0.0, Avg: 0.0, Max: 0.0, Diff: 0.0, Sum: 0.1]
      [GC Worker Total (ms): Min: 0.9, Avg: 1.0, Max: 1.0, Diff: 0.1, Sum: 8.0]
      [GC Worker End (ms): Min: 1973.9, Avg: 1974.0, Max: 1974.0, Diff: 0.1]
   [Code Root Fixup: 0.0 ms]
   [Code Root Purge: 0.0 ms]
   [Clear CT: 0.2 ms]
   [Other: 0.8 ms]
      [Choose CSet: 0.0 ms]
      [Ref Proc: 0.3 ms]
      [Ref Enq: 0.0 ms]
      [Redirty Cards: 0.2 ms]
      [Humongous Register: 0.1 ms]
      [Humongous Reclaim: 0.0 ms]
      [Free CSet: 0.0 ms]
   [Eden: 5120.0K(181.0M)->0.0B(167.0M) Survivors: 7168.0K->9216.0K Heap: 627.3M(1024.0M)->624.1M(1024.0M)]
 [Times: user=0.01 sys=0.00, real=0.00 secs] 
2021-01-18T10:16:05.033-0800: 1.975: [GC concurrent-root-region-scan-start]
2021-01-18T10:16:05.033-0800: 1.975: [GC concurrent-root-region-scan-end, 0.0001117 secs]
2021-01-18T10:16:05.033-0800: 1.975: [GC concurrent-mark-start]
2021-01-18T10:16:05.035-0800: 1.977: [GC concurrent-mark-end, 0.0016538 secs]
2021-01-18T10:16:05.035-0800: 1.977: [GC remark 2021-01-18T10:16:05.035-0800: 1.977: [Finalize Marking, 0.0002585 secs] 2021-01-18T10:16:05.035-0800: 1.977: [GC ref-proc, 0.0000551 secs] 2021-01-18T10:16:05.035-0800: 1.977: [Unloading, 0.0005598 secs], 0.0019272 secs]
 [Times: user=0.01 sys=0.00, real=0.00 secs] 
2021-01-18T10:16:05.037-0800: 1.979: [GC cleanup 632M->624M(1024M), 0.0009794 secs]
 [Times: user=0.01 sys=0.00, real=0.00 secs] 
2021-01-18T10:16:05.038-0800: 1.980: [GC concurrent-cleanup-start]
2021-01-18T10:16:05.038-0800: 1.980: [GC concurrent-cleanup-end, 0.0000131 secs]
2021-01-18T10:16:05.065-0800: 2.008: [GC pause (G1 Evacuation Pause) (young), 0.0085132 secs]
   [Parallel Time: 7.8 ms, GC Workers: 8]
      [GC Worker Start (ms): Min: 2007.8, Avg: 2007.8, Max: 2007.9, Diff: 0.1]
      [Ext Root Scanning (ms): Min: 0.1, Avg: 0.1, Max: 0.2, Diff: 0.1, Sum: 0.8]
      [Update RS (ms): Min: 2.4, Avg: 2.8, Max: 5.4, Diff: 2.9, Sum: 22.4]
         [Processed Buffers: Min: 25, Avg: 33.5, Max: 36, Diff: 11, Sum: 268]
      [Scan RS (ms): Min: 0.0, Avg: 0.0, Max: 0.0, Diff: 0.0, Sum: 0.2]
      [Code Root Scanning (ms): Min: 0.0, Avg: 0.0, Max: 0.0, Diff: 0.0, Sum: 0.0]
      [Object Copy (ms): Min: 2.1, Avg: 4.7, Max: 5.0, Diff: 3.0, Sum: 37.2]
      [Termination (ms): Min: 0.0, Avg: 0.1, Max: 0.1, Diff: 0.1, Sum: 0.4]
         [Termination Attempts: Min: 1, Avg: 1.0, Max: 1, Diff: 0, Sum: 8]
      [GC Worker Other (ms): Min: 0.0, Avg: 0.0, Max: 0.0, Diff: 0.0, Sum: 0.2]
      [GC Worker Total (ms): Min: 7.6, Avg: 7.6, Max: 7.7, Diff: 0.1, Sum: 61.1]
      [GC Worker End (ms): Min: 2015.5, Avg: 2015.5, Max: 2015.5, Diff: 0.0]
   [Code Root Fixup: 0.0 ms]
   [Code Root Purge: 0.0 ms]
   [Clear CT: 0.1 ms]
   [Other: 0.6 ms]
      [Choose CSet: 0.0 ms]
      [Ref Proc: 0.2 ms]
      [Ref Enq: 0.0 ms]
      [Redirty Cards: 0.1 ms]
      [Humongous Register: 0.1 ms]
      [Humongous Reclaim: 0.1 ms]
      [Free CSet: 0.1 ms]
   [Eden: 167.0M(167.0M)->0.0B(29.0M) Survivors: 9216.0K->22.0M Heap: 834.3M(1024.0M)->673.0M(1024.0M)]
 [Times: user=0.06 sys=0.01, real=0.01 secs] 
2021-01-18T10:16:05.079-0800: 2.022: [GC pause (G1 Evacuation Pause) (mixed), 0.0059100 secs]
   [Parallel Time: 4.3 ms, GC Workers: 8]
      [GC Worker Start (ms): Min: 2021.8, Avg: 2021.9, Max: 2022.0, Diff: 0.1]
      [Ext Root Scanning (ms): Min: 0.0, Avg: 0.1, Max: 0.2, Diff: 0.1, Sum: 0.8]
      [Update RS (ms): Min: 0.6, Avg: 0.7, Max: 0.8, Diff: 0.2, Sum: 5.5]
         [Processed Buffers: Min: 7, Avg: 7.9, Max: 8, Diff: 1, Sum: 63]
      [Scan RS (ms): Min: 0.0, Avg: 0.0, Max: 0.1, Diff: 0.0, Sum: 0.2]
      [Code Root Scanning (ms): Min: 0.0, Avg: 0.0, Max: 0.0, Diff: 0.0, Sum: 0.0]
      [Object Copy (ms): Min: 3.1, Avg: 3.2, Max: 3.2, Diff: 0.1, Sum: 25.7]
      [Termination (ms): Min: 0.0, Avg: 0.0, Max: 0.1, Diff: 0.1, Sum: 0.4]
         [Termination Attempts: Min: 1, Avg: 1.0, Max: 1, Diff: 0, Sum: 8]
      [GC Worker Other (ms): Min: 0.0, Avg: 0.0, Max: 0.0, Diff: 0.0, Sum: 0.1]
      [GC Worker Total (ms): Min: 4.0, Avg: 4.1, Max: 4.2, Diff: 0.2, Sum: 32.8]
      [GC Worker End (ms): Min: 2026.0, Avg: 2026.0, Max: 2026.0, Diff: 0.0]
   [Code Root Fixup: 0.0 ms]
   [Code Root Purge: 0.0 ms]
   [Clear CT: 0.2 ms]
   [Other: 1.5 ms]
      [Choose CSet: 0.0 ms]
      [Ref Proc: 1.0 ms]
      [Ref Enq: 0.0 ms]
      [Redirty Cards: 0.1 ms]
      [Humongous Register: 0.1 ms]
      [Humongous Reclaim: 0.1 ms]
      [Free CSet: 0.1 ms]
   [Eden: 29.0M(29.0M)->0.0B(44.0M) Survivors: 22.0M->7168.0K Heap: 708.7M(1024.0M)->587.2M(1024.0M)]
 [Times: user=0.03 sys=0.00, real=0.01 secs] 
2021-01-18T10:16:05.093-0800: 2.036: [GC pause (G1 Evacuation Pause) (mixed), 0.0062203 secs]
   [Parallel Time: 5.3 ms, GC Workers: 8]
      [GC Worker Start (ms): Min: 2035.7, Avg: 2035.8, Max: 2035.8, Diff: 0.1]
      [Ext Root Scanning (ms): Min: 0.1, Avg: 0.1, Max: 0.2, Diff: 0.1, Sum: 0.9]
      [Update RS (ms): Min: 0.9, Avg: 0.9, Max: 0.9, Diff: 0.0, Sum: 7.2]
         [Processed Buffers: Min: 9, Avg: 10.8, Max: 12, Diff: 3, Sum: 86]
      [Scan RS (ms): Min: 0.0, Avg: 0.1, Max: 0.1, Diff: 0.0, Sum: 0.4]
      [Code Root Scanning (ms): Min: 0.0, Avg: 0.0, Max: 0.0, Diff: 0.0, Sum: 0.0]
      [Object Copy (ms): Min: 4.0, Avg: 4.0, Max: 4.1, Diff: 0.1, Sum: 32.3]
      [Termination (ms): Min: 0.0, Avg: 0.1, Max: 0.1, Diff: 0.1, Sum: 0.4]
         [Termination Attempts: Min: 1, Avg: 1.0, Max: 1, Diff: 0, Sum: 8]
      [GC Worker Other (ms): Min: 0.0, Avg: 0.0, Max: 0.0, Diff: 0.0, Sum: 0.1]
      [GC Worker Total (ms): Min: 5.1, Avg: 5.2, Max: 5.3, Diff: 0.2, Sum: 41.4]
      [GC Worker End (ms): Min: 2040.9, Avg: 2041.0, Max: 2041.0, Diff: 0.1]
   [Code Root Fixup: 0.0 ms]
   [Code Root Purge: 0.0 ms]
   [Clear CT: 0.2 ms]
   [Other: 0.7 ms]
      [Choose CSet: 0.0 ms]
      [Ref Proc: 0.2 ms]
      [Ref Enq: 0.0 ms]
      [Redirty Cards: 0.1 ms]
      [Humongous Register: 0.1 ms]
      [Humongous Reclaim: 0.0 ms]
      [Free CSet: 0.1 ms]
   [Eden: 44.0M(44.0M)->0.0B(44.0M) Survivors: 7168.0K->7168.0K Heap: 640.8M(1024.0M)->522.3M(1024.0M)]
 [Times: user=0.04 sys=0.00, real=0.01 secs] 
2021-01-18T10:16:05.107-0800: 2.050: [GC pause (G1 Evacuation Pause) (mixed), 0.0054097 secs]
   [Parallel Time: 4.6 ms, GC Workers: 8]
      [GC Worker Start (ms): Min: 2049.8, Avg: 2049.9, Max: 2049.9, Diff: 0.1]
      [Ext Root Scanning (ms): Min: 0.1, Avg: 0.1, Max: 0.2, Diff: 0.1, Sum: 1.0]
      [Update RS (ms): Min: 0.6, Avg: 0.7, Max: 0.7, Diff: 0.1, Sum: 5.4]
         [Processed Buffers: Min: 7, Avg: 8.0, Max: 9, Diff: 2, Sum: 64]
      [Scan RS (ms): Min: 0.0, Avg: 0.0, Max: 0.1, Diff: 0.1, Sum: 0.4]
      [Code Root Scanning (ms): Min: 0.0, Avg: 0.0, Max: 0.0, Diff: 0.0, Sum: 0.0]
      [Object Copy (ms): Min: 3.5, Avg: 3.5, Max: 3.6, Diff: 0.1, Sum: 28.1]
      [Termination (ms): Min: 0.0, Avg: 0.1, Max: 0.1, Diff: 0.1, Sum: 0.4]
         [Termination Attempts: Min: 1, Avg: 1.0, Max: 1, Diff: 0, Sum: 8]
      [GC Worker Other (ms): Min: 0.0, Avg: 0.0, Max: 0.0, Diff: 0.0, Sum: 0.1]
      [GC Worker Total (ms): Min: 4.4, Avg: 4.4, Max: 4.5, Diff: 0.1, Sum: 35.4]
      [GC Worker End (ms): Min: 2054.3, Avg: 2054.3, Max: 2054.3, Diff: 0.0]
   [Code Root Fixup: 0.0 ms]
   [Code Root Purge: 0.0 ms]
   [Clear CT: 0.1 ms]
   [Other: 0.7 ms]
      [Choose CSet: 0.0 ms]
      [Ref Proc: 0.2 ms]
      [Ref Enq: 0.0 ms]
      [Redirty Cards: 0.2 ms]
      [Humongous Register: 0.1 ms]
      [Humongous Reclaim: 0.0 ms]
      [Free CSet: 0.1 ms]
   [Eden: 44.0M(44.0M)->0.0B(253.0M) Survivors: 7168.0K->7168.0K Heap: 573.1M(1024.0M)->503.6M(1024.0M)]
 [Times: user=0.04 sys=0.00, real=0.01 secs] 
2021-01-18T10:16:05.113-0800: 2.055: [GC pause (G1 Humongous Allocation) (young) (initial-mark), 0.0020484 secs]
   [Parallel Time: 1.1 ms, GC Workers: 8]
      [GC Worker Start (ms): Min: 2055.5, Avg: 2055.6, Max: 2055.7, Diff: 0.1]
      [Ext Root Scanning (ms): Min: 0.1, Avg: 0.1, Max: 0.2, Diff: 0.1, Sum: 1.1]
      [Update RS (ms): Min: 0.0, Avg: 0.1, Max: 0.3, Diff: 0.2, Sum: 0.8]
         [Processed Buffers: Min: 1, Avg: 1.1, Max: 2, Diff: 1, Sum: 9]
      [Scan RS (ms): Min: 0.0, Avg: 0.0, Max: 0.0, Diff: 0.0, Sum: 0.0]
      [Code Root Scanning (ms): Min: 0.0, Avg: 0.0, Max: 0.0, Diff: 0.0, Sum: 0.0]
      [Object Copy (ms): Min: 0.5, Avg: 0.6, Max: 0.7, Diff: 0.2, Sum: 4.8]
      [Termination (ms): Min: 0.0, Avg: 0.1, Max: 0.2, Diff: 0.2, Sum: 0.5]
         [Termination Attempts: Min: 1, Avg: 1.0, Max: 1, Diff: 0, Sum: 8]
      [GC Worker Other (ms): Min: 0.0, Avg: 0.0, Max: 0.0, Diff: 0.0, Sum: 0.1]
      [GC Worker Total (ms): Min: 0.9, Avg: 0.9, Max: 1.0, Diff: 0.1, Sum: 7.4]
      [GC Worker End (ms): Min: 2056.5, Avg: 2056.5, Max: 2056.6, Diff: 0.1]
   [Code Root Fixup: 0.0 ms]
   [Code Root Purge: 0.0 ms]
   [Clear CT: 0.2 ms]
   [Other: 0.7 ms]
      [Choose CSet: 0.0 ms]
      [Ref Proc: 0.2 ms]
      [Ref Enq: 0.0 ms]
      [Redirty Cards: 0.2 ms]
      [Humongous Register: 0.1 ms]
      [Humongous Reclaim: 0.0 ms]
      [Free CSet: 0.0 ms]
   [Eden: 1024.0K(253.0M)->0.0B(251.0M) Survivors: 7168.0K->8192.0K Heap: 504.4M(1024.0M)->503.9M(1024.0M)]
 [Times: user=0.01 sys=0.00, real=0.00 secs] 
2021-01-18T10:16:05.115-0800: 2.058: [GC concurrent-root-region-scan-start]
2021-01-18T10:16:05.116-0800: 2.058: [GC concurrent-root-region-scan-end, 0.0001447 secs]
2021-01-18T10:16:05.116-0800: 2.058: [GC concurrent-mark-start]
2021-01-18T10:16:05.118-0800: 2.060: [GC concurrent-mark-end, 0.0019498 secs]
2021-01-18T10:16:05.118-0800: 2.060: [GC remark 2021-01-18T10:16:05.118-0800: 2.060: [Finalize Marking, 0.0003709 secs] 2021-01-18T10:16:05.118-0800: 2.060: [GC ref-proc, 0.0000563 secs] 2021-01-18T10:16:05.118-0800: 2.060: [Unloading, 0.0005859 secs], 0.0021236 secs]
 [Times: user=0.01 sys=0.00, real=0.01 secs] 
2021-01-18T10:16:05.120-0800: 2.062: [GC cleanup 520M->515M(1024M), 0.0010715 secs]
 [Times: user=0.01 sys=0.00, real=0.00 secs] 
2021-01-18T10:16:05.121-0800: 2.063: [GC concurrent-cleanup-start]
2021-01-18T10:16:05.121-0800: 2.063: [GC concurrent-cleanup-end, 0.0000206 secs]
2021-01-18T10:16:05.159-0800: 2.101: [GC pause (G1 Evacuation Pause) (young), 0.0109907 secs]
   [Parallel Time: 10.2 ms, GC Workers: 8]
      [GC Worker Start (ms): Min: 2101.6, Avg: 2101.7, Max: 2101.8, Diff: 0.1]
      [Ext Root Scanning (ms): Min: 0.0, Avg: 0.1, Max: 0.2, Diff: 0.1, Sum: 0.8]
      [Update RS (ms): Min: 2.7, Avg: 2.7, Max: 2.7, Diff: 0.0, Sum: 21.5]
         [Processed Buffers: Min: 19, Avg: 39.2, Max: 48, Diff: 29, Sum: 314]
      [Scan RS (ms): Min: 0.0, Avg: 0.0, Max: 0.0, Diff: 0.0, Sum: 0.2]
      [Code Root Scanning (ms): Min: 0.0, Avg: 0.0, Max: 0.0, Diff: 0.0, Sum: 0.0]
      [Object Copy (ms): Min: 6.9, Avg: 7.0, Max: 7.2, Diff: 0.2, Sum: 56.4]
      [Termination (ms): Min: 0.0, Avg: 0.1, Max: 0.3, Diff: 0.3, Sum: 1.2]
         [Termination Attempts: Min: 1, Avg: 1.0, Max: 1, Diff: 0, Sum: 8]
      [GC Worker Other (ms): Min: 0.0, Avg: 0.0, Max: 0.0, Diff: 0.0, Sum: 0.1]
      [GC Worker Total (ms): Min: 10.0, Avg: 10.0, Max: 10.1, Diff: 0.2, Sum: 80.2]
      [GC Worker End (ms): Min: 2111.7, Avg: 2111.7, Max: 2111.8, Diff: 0.1]
   [Code Root Fixup: 0.0 ms]
   [Code Root Purge: 0.0 ms]
   [Clear CT: 0.1 ms]
   [Other: 0.7 ms]
      [Choose CSet: 0.0 ms]
      [Ref Proc: 0.2 ms]
      [Ref Enq: 0.0 ms]
      [Redirty Cards: 0.1 ms]
      [Humongous Register: 0.1 ms]
      [Humongous Reclaim: 0.1 ms]
      [Free CSet: 0.1 ms]
   [Eden: 251.0M(251.0M)->0.0B(18.0M) Survivors: 8192.0K->33.0M Heap: 817.7M(1024.0M)->578.7M(1024.0M)]
 [Times: user=0.07 sys=0.00, real=0.02 secs] 
2021-01-18T10:16:05.173-0800: 2.116: [GC pause (G1 Evacuation Pause) (mixed), 0.0084335 secs]
   [Parallel Time: 7.3 ms, GC Workers: 8]
      [GC Worker Start (ms): Min: 2115.8, Avg: 2115.9, Max: 2116.0, Diff: 0.1]
      [Ext Root Scanning (ms): Min: 0.1, Avg: 0.1, Max: 0.2, Diff: 0.1, Sum: 0.9]
      [Update RS (ms): Min: 0.3, Avg: 0.3, Max: 0.3, Diff: 0.1, Sum: 2.5]
         [Processed Buffers: Min: 3, Avg: 3.9, Max: 5, Diff: 2, Sum: 31]
      [Scan RS (ms): Min: 0.0, Avg: 0.1, Max: 0.1, Diff: 0.1, Sum: 0.4]
      [Code Root Scanning (ms): Min: 0.0, Avg: 0.0, Max: 0.0, Diff: 0.0, Sum: 0.0]
      [Object Copy (ms): Min: 6.5, Avg: 6.5, Max: 6.6, Diff: 0.1, Sum: 52.2]
      [Termination (ms): Min: 0.0, Avg: 0.1, Max: 0.2, Diff: 0.2, Sum: 0.5]
         [Termination Attempts: Min: 1, Avg: 1.0, Max: 1, Diff: 0, Sum: 8]
      [GC Worker Other (ms): Min: 0.0, Avg: 0.0, Max: 0.0, Diff: 0.0, Sum: 0.1]
      [GC Worker Total (ms): Min: 7.0, Avg: 7.1, Max: 7.1, Diff: 0.1, Sum: 56.7]
      [GC Worker End (ms): Min: 2123.0, Avg: 2123.0, Max: 2123.0, Diff: 0.1]
   [Code Root Fixup: 0.0 ms]
   [Code Root Purge: 0.0 ms]
   [Clear CT: 0.2 ms]
   [Other: 0.9 ms]
      [Choose CSet: 0.0 ms]
      [Ref Proc: 0.3 ms]
      [Ref Enq: 0.0 ms]
      [Redirty Cards: 0.2 ms]
      [Humongous Register: 0.1 ms]
      [Humongous Reclaim: 0.0 ms]
      [Free CSet: 0.1 ms]
   [Eden: 18.0M(18.0M)->0.0B(46.0M) Survivors: 33.0M->5120.0K Heap: 599.4M(1024.0M)->514.8M(1024.0M)]
 [Times: user=0.05 sys=0.01, real=0.01 secs] 
2021-01-18T10:16:05.192-0800: 2.134: [GC pause (G1 Evacuation Pause) (mixed), 0.0045937 secs]
   [Parallel Time: 3.7 ms, GC Workers: 8]
      [GC Worker Start (ms): Min: 2133.9, Avg: 2134.0, Max: 2134.1, Diff: 0.1]
      [Ext Root Scanning (ms): Min: 0.1, Avg: 0.1, Max: 0.2, Diff: 0.1, Sum: 0.9]
      [Update RS (ms): Min: 0.9, Avg: 0.9, Max: 1.0, Diff: 0.1, Sum: 7.6]
         [Processed Buffers: Min: 9, Avg: 10.2, Max: 11, Diff: 2, Sum: 82]
      [Scan RS (ms): Min: 0.0, Avg: 0.1, Max: 0.2, Diff: 0.2, Sum: 0.4]
      [Code Root Scanning (ms): Min: 0.0, Avg: 0.0, Max: 0.0, Diff: 0.0, Sum: 0.0]
      [Object Copy (ms): Min: 2.0, Avg: 2.2, Max: 2.2, Diff: 0.2, Sum: 17.2]
      [Termination (ms): Min: 0.0, Avg: 0.1, Max: 0.3, Diff: 0.3, Sum: 0.9]
         [Termination Attempts: Min: 1, Avg: 1.0, Max: 1, Diff: 0, Sum: 8]
      [GC Worker Other (ms): Min: 0.0, Avg: 0.0, Max: 0.0, Diff: 0.0, Sum: 0.1]
      [GC Worker Total (ms): Min: 3.3, Avg: 3.4, Max: 3.5, Diff: 0.2, Sum: 27.2]
      [GC Worker End (ms): Min: 2137.3, Avg: 2137.4, Max: 2137.5, Diff: 0.2]
   [Code Root Fixup: 0.0 ms]
   [Code Root Purge: 0.0 ms]
   [Clear CT: 0.1 ms]
   [Other: 0.7 ms]
      [Choose CSet: 0.0 ms]
      [Ref Proc: 0.2 ms]
      [Ref Enq: 0.0 ms]
      [Redirty Cards: 0.2 ms]
      [Humongous Register: 0.1 ms]
      [Humongous Reclaim: 0.1 ms]
      [Free CSet: 0.1 ms]
   [Eden: 46.0M(46.0M)->0.0B(235.0M) Survivors: 5120.0K->7168.0K Heap: 570.0M(1024.0M)->525.4M(1024.0M)]
 [Times: user=0.03 sys=0.00, real=0.00 secs] 
2021-01-18T10:16:05.198-0800: 2.140: [GC pause (G1 Humongous Allocation) (young) (initial-mark), 0.0022964 secs]
   [Parallel Time: 1.4 ms, GC Workers: 8]
      [GC Worker Start (ms): Min: 2140.7, Avg: 2140.7, Max: 2140.9, Diff: 0.2]
      [Ext Root Scanning (ms): Min: 0.0, Avg: 0.2, Max: 0.2, Diff: 0.2, Sum: 1.2]
      [Update RS (ms): Min: 0.1, Avg: 0.1, Max: 0.2, Diff: 0.1, Sum: 0.9]
         [Processed Buffers: Min: 1, Avg: 1.1, Max: 2, Diff: 1, Sum: 9]
      [Scan RS (ms): Min: 0.0, Avg: 0.0, Max: 0.0, Diff: 0.0, Sum: 0.0]
      [Code Root Scanning (ms): Min: 0.0, Avg: 0.0, Max: 0.0, Diff: 0.0, Sum: 0.0]
      [Object Copy (ms): Min: 0.8, Avg: 0.9, Max: 1.0, Diff: 0.2, Sum: 7.1]
      [Termination (ms): Min: 0.0, Avg: 0.1, Max: 0.1, Diff: 0.1, Sum: 0.4]
         [Termination Attempts: Min: 1, Avg: 1.0, Max: 1, Diff: 0, Sum: 8]
      [GC Worker Other (ms): Min: 0.0, Avg: 0.0, Max: 0.0, Diff: 0.0, Sum: 0.1]
      [GC Worker Total (ms): Min: 1.1, Avg: 1.2, Max: 1.3, Diff: 0.2, Sum: 9.8]
      [GC Worker End (ms): Min: 2141.9, Avg: 2141.9, Max: 2142.0, Diff: 0.1]
   [Code Root Fixup: 0.0 ms]
   [Code Root Purge: 0.0 ms]
   [Clear CT: 0.1 ms]
   [Other: 0.8 ms]
      [Choose CSet: 0.0 ms]
      [Ref Proc: 0.2 ms]
      [Ref Enq: 0.0 ms]
      [Redirty Cards: 0.2 ms]
      [Humongous Register: 0.1 ms]
      [Humongous Reclaim: 0.1 ms]
      [Free CSet: 0.1 ms]
   [Eden: 10.0M(235.0M)->0.0B(245.0M) Survivors: 7168.0K->12.0M Heap: 534.9M(1024.0M)->528.6M(1024.0M)]
 [Times: user=0.01 sys=0.00, real=0.01 secs] 
2021-01-18T10:16:05.201-0800: 2.143: [GC concurrent-root-region-scan-start]
2021-01-18T10:16:05.201-0800: 2.143: [GC concurrent-root-region-scan-end, 0.0001572 secs]
2021-01-18T10:16:05.201-0800: 2.143: [GC concurrent-mark-start]
2021-01-18T10:16:05.202-0800: 2.145: [GC concurrent-mark-end, 0.0016089 secs]
2021-01-18T10:16:05.203-0800: 2.145: [GC remark 2021-01-18T10:16:05.203-0800: 2.145: [Finalize Marking, 0.0002425 secs] 2021-01-18T10:16:05.203-0800: 2.145: [GC ref-proc, 0.0000565 secs] 2021-01-18T10:16:05.203-0800: 2.145: [Unloading, 0.0005184 secs], 0.0018726 secs]
 [Times: user=0.01 sys=0.00, real=0.00 secs] 
2021-01-18T10:16:05.205-0800: 2.147: [GC cleanup 536M->531M(1024M), 0.0010150 secs]
 [Times: user=0.01 sys=0.00, real=0.00 secs] 
2021-01-18T10:16:05.206-0800: 2.148: [GC concurrent-cleanup-start]
2021-01-18T10:16:05.206-0800: 2.148: [GC concurrent-cleanup-end, 0.0000135 secs]
2021-01-18T10:16:05.246-0800: 2.188: [GC pause (G1 Evacuation Pause) (young), 0.0098809 secs]
   [Parallel Time: 9.0 ms, GC Workers: 8]
      [GC Worker Start (ms): Min: 2188.5, Avg: 2188.5, Max: 2188.6, Diff: 0.1]
      [Ext Root Scanning (ms): Min: 0.1, Avg: 0.1, Max: 0.2, Diff: 0.1, Sum: 0.9]
      [Update RS (ms): Min: 2.4, Avg: 2.5, Max: 2.5, Diff: 0.1, Sum: 19.9]
         [Processed Buffers: Min: 32, Avg: 37.8, Max: 41, Diff: 9, Sum: 302]
      [Scan RS (ms): Min: 0.0, Avg: 0.0, Max: 0.0, Diff: 0.0, Sum: 0.2]
      [Code Root Scanning (ms): Min: 0.0, Avg: 0.0, Max: 0.0, Diff: 0.0, Sum: 0.0]
      [Object Copy (ms): Min: 6.1, Avg: 6.2, Max: 6.2, Diff: 0.1, Sum: 49.2]
      [Termination (ms): Min: 0.0, Avg: 0.1, Max: 0.1, Diff: 0.1, Sum: 0.5]
         [Termination Attempts: Min: 1, Avg: 1.0, Max: 1, Diff: 0, Sum: 8]
      [GC Worker Other (ms): Min: 0.0, Avg: 0.0, Max: 0.0, Diff: 0.0, Sum: 0.2]
      [GC Worker Total (ms): Min: 8.8, Avg: 8.9, Max: 8.9, Diff: 0.1, Sum: 70.9]
      [GC Worker End (ms): Min: 2197.4, Avg: 2197.4, Max: 2197.4, Diff: 0.1]
   [Code Root Fixup: 0.0 ms]
   [Code Root Purge: 0.0 ms]
   [Clear CT: 0.2 ms]
   [Other: 0.7 ms]
      [Choose CSet: 0.0 ms]
      [Ref Proc: 0.1 ms]
      [Ref Enq: 0.0 ms]
      [Redirty Cards: 0.1 ms]
      [Humongous Register: 0.1 ms]
      [Humongous Reclaim: 0.1 ms]
      [Free CSet: 0.1 ms]
   [Eden: 245.0M(245.0M)->0.0B(18.0M) Survivors: 12.0M->33.0M Heap: 837.9M(1024.0M)->576.7M(1024.0M)]
 [Times: user=0.07 sys=0.00, real=0.01 secs] 
2021-01-18T10:16:05.259-0800: 2.201: [GC pause (G1 Evacuation Pause) (mixed), 0.0093772 secs]
   [Parallel Time: 8.1 ms, GC Workers: 8]
      [GC Worker Start (ms): Min: 2201.6, Avg: 2201.7, Max: 2201.7, Diff: 0.1]
      [Ext Root Scanning (ms): Min: 0.1, Avg: 0.1, Max: 0.2, Diff: 0.1, Sum: 1.0]
      [Update RS (ms): Min: 0.5, Avg: 0.5, Max: 0.5, Diff: 0.0, Sum: 3.8]
         [Processed Buffers: Min: 5, Avg: 5.9, Max: 7, Diff: 2, Sum: 47]
      [Scan RS (ms): Min: 0.0, Avg: 0.1, Max: 0.1, Diff: 0.0, Sum: 0.4]
      [Code Root Scanning (ms): Min: 0.0, Avg: 0.0, Max: 0.0, Diff: 0.0, Sum: 0.0]
      [Object Copy (ms): Min: 6.4, Avg: 6.5, Max: 7.0, Diff: 0.6, Sum: 52.4]
      [Termination (ms): Min: 0.0, Avg: 0.6, Max: 1.0, Diff: 1.0, Sum: 4.7]
         [Termination Attempts: Min: 1, Avg: 1.0, Max: 1, Diff: 0, Sum: 8]
      [GC Worker Other (ms): Min: 0.0, Avg: 0.0, Max: 0.0, Diff: 0.0, Sum: 0.1]
      [GC Worker Total (ms): Min: 7.7, Avg: 7.8, Max: 8.0, Diff: 0.4, Sum: 62.5]
      [GC Worker End (ms): Min: 2209.4, Avg: 2209.5, Max: 2209.7, Diff: 0.4]
   [Code Root Fixup: 0.0 ms]
   [Code Root Purge: 0.0 ms]
   [Clear CT: 0.2 ms]
   [Other: 1.1 ms]
      [Choose CSet: 0.0 ms]
      [Ref Proc: 0.5 ms]
      [Ref Enq: 0.0 ms]
      [Redirty Cards: 0.1 ms]
      [Humongous Register: 0.1 ms]
      [Humongous Reclaim: 0.0 ms]
      [Free CSet: 0.1 ms]
   [Eden: 18.0M(18.0M)->0.0B(46.0M) Survivors: 33.0M->5120.0K Heap: 599.5M(1024.0M)->506.2M(1024.0M)]
 [Times: user=0.06 sys=0.00, real=0.01 secs] 
2021-01-18T10:16:05.279-0800: 2.221: [GC pause (G1 Evacuation Pause) (mixed), 0.0061452 secs]
   [Parallel Time: 5.1 ms, GC Workers: 8]
      [GC Worker Start (ms): Min: 2221.1, Avg: 2221.1, Max: 2221.2, Diff: 0.1]
      [Ext Root Scanning (ms): Min: 0.1, Avg: 0.1, Max: 0.2, Diff: 0.1, Sum: 1.0]
      [Update RS (ms): Min: 1.1, Avg: 1.2, Max: 1.2, Diff: 0.1, Sum: 9.3]
         [Processed Buffers: Min: 13, Avg: 13.2, Max: 14, Diff: 1, Sum: 106]
      [Scan RS (ms): Min: 0.0, Avg: 0.0, Max: 0.1, Diff: 0.1, Sum: 0.3]
      [Code Root Scanning (ms): Min: 0.0, Avg: 0.0, Max: 0.0, Diff: 0.0, Sum: 0.0]
      [Object Copy (ms): Min: 3.5, Avg: 3.5, Max: 3.6, Diff: 0.0, Sum: 28.3]
      [Termination (ms): Min: 0.0, Avg: 0.0, Max: 0.0, Diff: 0.0, Sum: 0.2]
         [Termination Attempts: Min: 1, Avg: 1.0, Max: 1, Diff: 0, Sum: 8]
      [GC Worker Other (ms): Min: 0.0, Avg: 0.0, Max: 0.0, Diff: 0.0, Sum: 0.1]
      [GC Worker Total (ms): Min: 4.8, Avg: 4.9, Max: 5.0, Diff: 0.1, Sum: 39.2]
      [GC Worker End (ms): Min: 2226.0, Avg: 2226.0, Max: 2226.0, Diff: 0.0]
   [Code Root Fixup: 0.0 ms]
   [Code Root Purge: 0.0 ms]
   [Clear CT: 0.2 ms]
   [Other: 0.9 ms]
      [Choose CSet: 0.0 ms]
      [Ref Proc: 0.4 ms]
      [Ref Enq: 0.0 ms]
      [Redirty Cards: 0.1 ms]
      [Humongous Register: 0.1 ms]
      [Humongous Reclaim: 0.1 ms]
      [Free CSet: 0.1 ms]
   [Eden: 46.0M(46.0M)->0.0B(275.0M) Survivors: 5120.0K->7168.0K Heap: 564.3M(1024.0M)->496.1M(1024.0M)]
 [Times: user=0.04 sys=0.01, real=0.01 secs] 
2021-01-18T10:16:05.285-0800: 2.227: [GC pause (G1 Humongous Allocation) (young) (initial-mark), 0.0018784 secs]
   [Parallel Time: 1.0 ms, GC Workers: 8]
      [GC Worker Start (ms): Min: 2227.5, Avg: 2227.5, Max: 2227.6, Diff: 0.1]
      [Ext Root Scanning (ms): Min: 0.1, Avg: 0.2, Max: 0.2, Diff: 0.1, Sum: 1.2]
      [Update RS (ms): Min: 0.1, Avg: 0.1, Max: 0.2, Diff: 0.1, Sum: 0.8]
         [Processed Buffers: Min: 1, Avg: 1.1, Max: 2, Diff: 1, Sum: 9]
      [Scan RS (ms): Min: 0.0, Avg: 0.0, Max: 0.0, Diff: 0.0, Sum: 0.0]
      [Code Root Scanning (ms): Min: 0.0, Avg: 0.0, Max: 0.0, Diff: 0.0, Sum: 0.0]
      [Object Copy (ms): Min: 0.4, Avg: 0.5, Max: 0.6, Diff: 0.2, Sum: 4.3]
      [Termination (ms): Min: 0.0, Avg: 0.1, Max: 0.1, Diff: 0.1, Sum: 0.6]
         [Termination Attempts: Min: 1, Avg: 1.0, Max: 1, Diff: 0, Sum: 8]
      [GC Worker Other (ms): Min: 0.0, Avg: 0.0, Max: 0.0, Diff: 0.0, Sum: 0.1]
      [GC Worker Total (ms): Min: 0.8, Avg: 0.9, Max: 0.9, Diff: 0.1, Sum: 7.0]
      [GC Worker End (ms): Min: 2228.4, Avg: 2228.4, Max: 2228.4, Diff: 0.1]
   [Code Root Fixup: 0.0 ms]
   [Code Root Purge: 0.0 ms]
   [Clear CT: 0.1 ms]
   [Other: 0.7 ms]
      [Choose CSet: 0.0 ms]
      [Ref Proc: 0.2 ms]
      [Ref Enq: 0.0 ms]
      [Redirty Cards: 0.2 ms]
      [Humongous Register: 0.1 ms]
      [Humongous Reclaim: 0.0 ms]
      [Free CSet: 0.0 ms]
   [Eden: 1024.0K(275.0M)->0.0B(237.0M) Survivors: 7168.0K->8192.0K Heap: 496.9M(1024.0M)->496.8M(1024.0M)]
 [Times: user=0.01 sys=0.00, real=0.00 secs] 
2021-01-18T10:16:05.287-0800: 2.229: [GC concurrent-root-region-scan-start]
2021-01-18T10:16:05.287-0800: 2.229: [GC concurrent-root-region-scan-end, 0.0001100 secs]
2021-01-18T10:16:05.287-0800: 2.229: [GC concurrent-mark-start]
2021-01-18T10:16:05.289-0800: 2.231: [GC concurrent-mark-end, 0.0014438 secs]
2021-01-18T10:16:05.289-0800: 2.231: [GC remark 2021-01-18T10:16:05.289-0800: 2.231: [Finalize Marking, 0.0002548 secs] 2021-01-18T10:16:05.289-0800: 2.231: [GC ref-proc, 0.0000579 secs] 2021-01-18T10:16:05.289-0800: 2.231: [Unloading, 0.0006253 secs], 0.0020272 secs]
 [Times: user=0.01 sys=0.00, real=0.01 secs] 
2021-01-18T10:16:05.291-0800: 2.233: [GC cleanup 507M->505M(1024M), 0.0008945 secs]
 [Times: user=0.00 sys=0.00, real=0.00 secs] 
2021-01-18T10:16:05.292-0800: 2.234: [GC concurrent-cleanup-start]
2021-01-18T10:16:05.292-0800: 2.234: [GC concurrent-cleanup-end, 0.0000142 secs]
2021-01-18T10:16:05.332-0800: 2.274: [GC pause (G1 Evacuation Pause) (young), 0.0116447 secs]
   [Parallel Time: 10.7 ms, GC Workers: 8]
      [GC Worker Start (ms): Min: 2274.0, Avg: 2274.0, Max: 2274.1, Diff: 0.1]
      [Ext Root Scanning (ms): Min: 0.1, Avg: 0.1, Max: 0.1, Diff: 0.1, Sum: 0.8]
      [Update RS (ms): Min: 3.3, Avg: 3.3, Max: 3.4, Diff: 0.1, Sum: 26.7]
         [Processed Buffers: Min: 40, Avg: 48.2, Max: 51, Diff: 11, Sum: 386]
      [Scan RS (ms): Min: 0.0, Avg: 0.0, Max: 0.0, Diff: 0.0, Sum: 0.2]
      [Code Root Scanning (ms): Min: 0.0, Avg: 0.0, Max: 0.0, Diff: 0.0, Sum: 0.0]
      [Object Copy (ms): Min: 7.1, Avg: 7.1, Max: 7.1, Diff: 0.1, Sum: 56.6]
      [Termination (ms): Min: 0.0, Avg: 0.0, Max: 0.1, Diff: 0.1, Sum: 0.4]
         [Termination Attempts: Min: 1, Avg: 1.8, Max: 3, Diff: 2, Sum: 14]
      [GC Worker Other (ms): Min: 0.0, Avg: 0.0, Max: 0.0, Diff: 0.0, Sum: 0.1]
      [GC Worker Total (ms): Min: 10.6, Avg: 10.6, Max: 10.6, Diff: 0.1, Sum: 84.8]
      [GC Worker End (ms): Min: 2284.6, Avg: 2284.6, Max: 2284.6, Diff: 0.0]
   [Code Root Fixup: 0.0 ms]
   [Code Root Purge: 0.0 ms]
   [Clear CT: 0.2 ms]
   [Other: 0.8 ms]
      [Choose CSet: 0.0 ms]
      [Ref Proc: 0.2 ms]
      [Ref Enq: 0.0 ms]
      [Redirty Cards: 0.1 ms]
      [Humongous Register: 0.1 ms]
      [Humongous Reclaim: 0.1 ms]
      [Free CSet: 0.1 ms]
   [Eden: 237.0M(237.0M)->0.0B(20.0M) Survivors: 8192.0K->31.0M Heap: 798.9M(1024.0M)->563.2M(1024.0M)]
 [Times: user=0.08 sys=0.00, real=0.01 secs] 
2021-01-18T10:16:05.347-0800: 2.289: [GC pause (G1 Evacuation Pause) (mixed), 0.0091935 secs]
   [Parallel Time: 8.2 ms, GC Workers: 8]
      [GC Worker Start (ms): Min: 2289.4, Avg: 2289.5, Max: 2289.6, Diff: 0.2]
      [Ext Root Scanning (ms): Min: 0.0, Avg: 0.1, Max: 0.2, Diff: 0.2, Sum: 1.0]
      [Update RS (ms): Min: 0.5, Avg: 0.5, Max: 0.5, Diff: 0.0, Sum: 4.1]
         [Processed Buffers: Min: 5, Avg: 5.8, Max: 7, Diff: 2, Sum: 46]
      [Scan RS (ms): Min: 0.0, Avg: 0.1, Max: 0.1, Diff: 0.0, Sum: 0.4]
      [Code Root Scanning (ms): Min: 0.0, Avg: 0.0, Max: 0.0, Diff: 0.0, Sum: 0.0]
      [Object Copy (ms): Min: 6.3, Avg: 6.4, Max: 7.3, Diff: 0.9, Sum: 51.6]
      [Termination (ms): Min: 0.0, Avg: 0.8, Max: 1.0, Diff: 1.0, Sum: 6.8]
         [Termination Attempts: Min: 1, Avg: 1.0, Max: 1, Diff: 0, Sum: 8]
      [GC Worker Other (ms): Min: 0.0, Avg: 0.0, Max: 0.0, Diff: 0.0, Sum: 0.1]
      [GC Worker Total (ms): Min: 7.9, Avg: 8.0, Max: 8.1, Diff: 0.3, Sum: 64.0]
      [GC Worker End (ms): Min: 2297.5, Avg: 2297.5, Max: 2297.5, Diff: 0.1]
   [Code Root Fixup: 0.0 ms]
   [Code Root Purge: 0.0 ms]
   [Clear CT: 0.2 ms]
   [Other: 0.8 ms]
      [Choose CSet: 0.0 ms]
      [Ref Proc: 0.2 ms]
      [Ref Enq: 0.0 ms]
      [Redirty Cards: 0.2 ms]
      [Humongous Register: 0.1 ms]
      [Humongous Reclaim: 0.0 ms]
      [Free CSet: 0.1 ms]
   [Eden: 20.0M(20.0M)->0.0B(44.0M) Survivors: 31.0M->7168.0K Heap: 587.7M(1024.0M)->502.5M(1024.0M)]
 [Times: user=0.06 sys=0.00, real=0.01 secs] 
2021-01-18T10:16:05.366-0800: 2.308: [GC pause (G1 Evacuation Pause) (mixed), 0.0058105 secs]
   [Parallel Time: 5.0 ms, GC Workers: 8]
      [GC Worker Start (ms): Min: 2308.5, Avg: 2308.6, Max: 2308.9, Diff: 0.4]
      [Ext Root Scanning (ms): Min: 0.0, Avg: 0.1, Max: 0.2, Diff: 0.2, Sum: 1.1]
      [Update RS (ms): Min: 1.3, Avg: 1.4, Max: 1.4, Diff: 0.2, Sum: 11.2]
         [Processed Buffers: Min: 13, Avg: 14.2, Max: 15, Diff: 2, Sum: 114]
      [Scan RS (ms): Min: 0.0, Avg: 0.0, Max: 0.1, Diff: 0.1, Sum: 0.2]
      [Code Root Scanning (ms): Min: 0.0, Avg: 0.0, Max: 0.0, Diff: 0.0, Sum: 0.0]
      [Object Copy (ms): Min: 2.3, Avg: 2.4, Max: 3.2, Diff: 0.9, Sum: 19.6]
      [Termination (ms): Min: 0.0, Avg: 0.7, Max: 0.9, Diff: 0.9, Sum: 6.0]
         [Termination Attempts: Min: 1, Avg: 1.0, Max: 1, Diff: 0, Sum: 8]
      [GC Worker Other (ms): Min: 0.0, Avg: 0.0, Max: 0.0, Diff: 0.0, Sum: 0.1]
      [GC Worker Total (ms): Min: 4.5, Avg: 4.8, Max: 4.9, Diff: 0.4, Sum: 38.2]
      [GC Worker End (ms): Min: 2313.4, Avg: 2313.4, Max: 2313.4, Diff: 0.0]
   [Code Root Fixup: 0.0 ms]
   [Code Root Purge: 0.0 ms]
   [Clear CT: 0.1 ms]
   [Other: 0.7 ms]
      [Choose CSet: 0.0 ms]
      [Ref Proc: 0.2 ms]
      [Ref Enq: 0.0 ms]
      [Redirty Cards: 0.2 ms]
      [Humongous Register: 0.1 ms]
      [Humongous Reclaim: 0.0 ms]
      [Free CSet: 0.1 ms]
   [Eden: 44.0M(44.0M)->0.0B(234.0M) Survivors: 7168.0K->7168.0K Heap: 559.5M(1024.0M)->511.5M(1024.0M)]
 [Times: user=0.04 sys=0.00, real=0.01 secs] 
2021-01-18T10:16:05.372-0800: 2.314: [GC pause (G1 Humongous Allocation) (young) (initial-mark), 0.0018597 secs]
   [Parallel Time: 1.0 ms, GC Workers: 8]
      [GC Worker Start (ms): Min: 2314.6, Avg: 2314.7, Max: 2314.8, Diff: 0.1]
      [Ext Root Scanning (ms): Min: 0.1, Avg: 0.2, Max: 0.2, Diff: 0.1, Sum: 1.2]
      [Update RS (ms): Min: 0.0, Avg: 0.1, Max: 0.2, Diff: 0.1, Sum: 0.7]
         [Processed Buffers: Min: 1, Avg: 1.1, Max: 2, Diff: 1, Sum: 9]
      [Scan RS (ms): Min: 0.0, Avg: 0.0, Max: 0.0, Diff: 0.0, Sum: 0.0]
      [Code Root Scanning (ms): Min: 0.0, Avg: 0.0, Max: 0.0, Diff: 0.0, Sum: 0.0]
      [Object Copy (ms): Min: 0.4, Avg: 0.5, Max: 0.6, Diff: 0.2, Sum: 4.1]
      [Termination (ms): Min: 0.0, Avg: 0.1, Max: 0.2, Diff: 0.2, Sum: 0.7]
         [Termination Attempts: Min: 1, Avg: 1.0, Max: 1, Diff: 0, Sum: 8]
      [GC Worker Other (ms): Min: 0.0, Avg: 0.0, Max: 0.0, Diff: 0.0, Sum: 0.1]
      [GC Worker Total (ms): Min: 0.8, Avg: 0.8, Max: 0.9, Diff: 0.1, Sum: 6.8]
      [GC Worker End (ms): Min: 2315.5, Avg: 2315.6, Max: 2315.6, Diff: 0.1]
   [Code Root Fixup: 0.0 ms]
   [Code Root Purge: 0.0 ms]
   [Clear CT: 0.2 ms]
   [Other: 0.7 ms]
      [Choose CSet: 0.0 ms]
      [Ref Proc: 0.2 ms]
      [Ref Enq: 0.0 ms]
      [Redirty Cards: 0.1 ms]
      [Humongous Register: 0.1 ms]
      [Humongous Reclaim: 0.0 ms]
      [Free CSet: 0.0 ms]
   [Eden: 1024.0K(234.0M)->0.0B(238.0M) Survivors: 7168.0K->8192.0K Heap: 512.3M(1024.0M)->511.9M(1024.0M)]
 [Times: user=0.01 sys=0.01, real=0.00 secs] 
2021-01-18T10:16:05.374-0800: 2.316: [GC concurrent-root-region-scan-start]
2021-01-18T10:16:05.374-0800: 2.317: [GC concurrent-root-region-scan-end, 0.0000997 secs]
2021-01-18T10:16:05.374-0800: 2.317: [GC concurrent-mark-start]
2021-01-18T10:16:05.376-0800: 2.318: [GC concurrent-mark-end, 0.0014171 secs]
2021-01-18T10:16:05.376-0800: 2.318: [GC remark 2021-01-18T10:16:05.376-0800: 2.318: [Finalize Marking, 0.0002614 secs] 2021-01-18T10:16:05.376-0800: 2.318: [GC ref-proc, 0.0000585 secs] 2021-01-18T10:16:05.376-0800: 2.319: [Unloading, 0.0004853 secs], 0.0019180 secs]
 [Times: user=0.01 sys=0.00, real=0.00 secs] 
2021-01-18T10:16:05.378-0800: 2.320: [GC cleanup 523M->522M(1024M), 0.0010427 secs]
 [Times: user=0.01 sys=0.00, real=0.00 secs] 
2021-01-18T10:16:05.379-0800: 2.321: [GC concurrent-cleanup-start]
2021-01-18T10:16:05.379-0800: 2.321: [GC concurrent-cleanup-end, 0.0000137 secs]
2021-01-18T10:16:05.416-0800: 2.358: [GC pause (G1 Evacuation Pause) (young), 0.0113232 secs]
   [Parallel Time: 10.3 ms, GC Workers: 8]
      [GC Worker Start (ms): Min: 2358.6, Avg: 2358.7, Max: 2358.7, Diff: 0.1]
      [Ext Root Scanning (ms): Min: 0.1, Avg: 0.1, Max: 0.2, Diff: 0.1, Sum: 0.7]
      [Update RS (ms): Min: 3.8, Avg: 3.9, Max: 3.9, Diff: 0.1, Sum: 30.9]
         [Processed Buffers: Min: 58, Avg: 59.5, Max: 61, Diff: 3, Sum: 476]
      [Scan RS (ms): Min: 0.0, Avg: 0.0, Max: 0.0, Diff: 0.0, Sum: 0.2]
      [Code Root Scanning (ms): Min: 0.0, Avg: 0.0, Max: 0.0, Diff: 0.0, Sum: 0.0]
      [Object Copy (ms): Min: 6.0, Avg: 6.1, Max: 6.1, Diff: 0.1, Sum: 48.4]
      [Termination (ms): Min: 0.0, Avg: 0.1, Max: 0.1, Diff: 0.1, Sum: 0.6]
         [Termination Attempts: Min: 1, Avg: 1.0, Max: 1, Diff: 0, Sum: 8]
      [GC Worker Other (ms): Min: 0.0, Avg: 0.0, Max: 0.0, Diff: 0.0, Sum: 0.1]
      [GC Worker Total (ms): Min: 10.1, Avg: 10.1, Max: 10.2, Diff: 0.1, Sum: 81.0]
      [GC Worker End (ms): Min: 2368.8, Avg: 2368.8, Max: 2368.8, Diff: 0.1]
   [Code Root Fixup: 0.0 ms]
   [Code Root Purge: 0.0 ms]
   [Clear CT: 0.1 ms]
   [Other: 0.9 ms]
      [Choose CSet: 0.0 ms]
      [Ref Proc: 0.3 ms]
      [Ref Enq: 0.0 ms]
      [Redirty Cards: 0.1 ms]
      [Humongous Register: 0.1 ms]
      [Humongous Reclaim: 0.2 ms]
      [Free CSet: 0.1 ms]
   [Eden: 238.0M(238.0M)->0.0B(20.0M) Survivors: 8192.0K->31.0M Heap: 807.3M(1024.0M)->571.0M(1024.0M)]
 [Times: user=0.08 sys=0.00, real=0.01 secs] 
2021-01-18T10:16:05.431-0800: 2.373: [GC pause (G1 Evacuation Pause) (mixed), 0.0079626 secs]
   [Parallel Time: 7.0 ms, GC Workers: 8]
      [GC Worker Start (ms): Min: 2372.9, Avg: 2373.0, Max: 2373.1, Diff: 0.1]
      [Ext Root Scanning (ms): Min: 0.1, Avg: 0.1, Max: 0.2, Diff: 0.1, Sum: 0.9]
      [Update RS (ms): Min: 0.5, Avg: 0.5, Max: 0.6, Diff: 0.1, Sum: 4.4]
         [Processed Buffers: Min: 6, Avg: 6.8, Max: 7, Diff: 1, Sum: 54]
      [Scan RS (ms): Min: 0.0, Avg: 0.1, Max: 0.1, Diff: 0.1, Sum: 0.7]
      [Code Root Scanning (ms): Min: 0.0, Avg: 0.0, Max: 0.0, Diff: 0.0, Sum: 0.0]
      [Object Copy (ms): Min: 6.0, Avg: 6.0, Max: 6.0, Diff: 0.0, Sum: 47.9]
      [Termination (ms): Min: 0.0, Avg: 0.1, Max: 0.1, Diff: 0.1, Sum: 0.4]
         [Termination Attempts: Min: 1, Avg: 1.0, Max: 1, Diff: 0, Sum: 8]
      [GC Worker Other (ms): Min: 0.0, Avg: 0.0, Max: 0.0, Diff: 0.0, Sum: 0.1]
      [GC Worker Total (ms): Min: 6.8, Avg: 6.8, Max: 6.9, Diff: 0.1, Sum: 54.4]
      [GC Worker End (ms): Min: 2379.8, Avg: 2379.8, Max: 2379.8, Diff: 0.0]
   [Code Root Fixup: 0.0 ms]
   [Code Root Purge: 0.0 ms]
   [Clear CT: 0.1 ms]
   [Other: 0.8 ms]
      [Choose CSet: 0.0 ms]
      [Ref Proc: 0.2 ms]
      [Ref Enq: 0.0 ms]
      [Redirty Cards: 0.2 ms]
      [Humongous Register: 0.1 ms]
      [Humongous Reclaim: 0.0 ms]
      [Free CSet: 0.2 ms]
   [Eden: 20.0M(20.0M)->0.0B(44.0M) Survivors: 31.0M->7168.0K Heap: 596.5M(1024.0M)->504.3M(1024.0M)]
 [Times: user=0.05 sys=0.00, real=0.00 secs] 
2021-01-18T10:16:05.448-0800: 2.390: [GC pause (G1 Evacuation Pause) (mixed), 0.0057013 secs]
   [Parallel Time: 4.9 ms, GC Workers: 8]
      [GC Worker Start (ms): Min: 2389.9, Avg: 2390.0, Max: 2390.1, Diff: 0.2]
      [Ext Root Scanning (ms): Min: 0.0, Avg: 0.1, Max: 0.2, Diff: 0.2, Sum: 0.9]
      [Update RS (ms): Min: 1.1, Avg: 1.1, Max: 1.2, Diff: 0.1, Sum: 9.0]
         [Processed Buffers: Min: 10, Avg: 11.5, Max: 12, Diff: 2, Sum: 92]
      [Scan RS (ms): Min: 0.0, Avg: 0.1, Max: 0.5, Diff: 0.5, Sum: 0.8]
      [Code Root Scanning (ms): Min: 0.0, Avg: 0.0, Max: 0.0, Diff: 0.0, Sum: 0.0]
      [Object Copy (ms): Min: 2.7, Avg: 3.1, Max: 3.2, Diff: 0.5, Sum: 24.6]
      [Termination (ms): Min: 0.0, Avg: 0.2, Max: 0.3, Diff: 0.3, Sum: 1.5]
         [Termination Attempts: Min: 1, Avg: 1.0, Max: 1, Diff: 0, Sum: 8]
      [GC Worker Other (ms): Min: 0.0, Avg: 0.0, Max: 0.0, Diff: 0.0, Sum: 0.1]
      [GC Worker Total (ms): Min: 4.6, Avg: 4.6, Max: 4.7, Diff: 0.2, Sum: 36.9]
      [GC Worker End (ms): Min: 2394.5, Avg: 2394.6, Max: 2394.7, Diff: 0.1]
   [Code Root Fixup: 0.0 ms]
   [Code Root Purge: 0.0 ms]
   [Clear CT: 0.1 ms]
   [Other: 0.7 ms]
      [Choose CSet: 0.0 ms]
      [Ref Proc: 0.2 ms]
      [Ref Enq: 0.0 ms]
      [Redirty Cards: 0.1 ms]
      [Humongous Register: 0.1 ms]
      [Humongous Reclaim: 0.0 ms]
      [Free CSet: 0.1 ms]
   [Eden: 44.0M(44.0M)->0.0B(252.0M) Survivors: 7168.0K->7168.0K Heap: 558.7M(1024.0M)->501.6M(1024.0M)]
 [Times: user=0.03 sys=0.00, real=0.01 secs] 
2021-01-18T10:16:05.454-0800: 2.396: [GC pause (G1 Humongous Allocation) (young) (initial-mark), 0.0025979 secs]
   [Parallel Time: 1.0 ms, GC Workers: 8]
      [GC Worker Start (ms): Min: 2396.1, Avg: 2396.2, Max: 2396.2, Diff: 0.1]
      [Ext Root Scanning (ms): Min: 0.1, Avg: 0.1, Max: 0.2, Diff: 0.1, Sum: 1.1]
      [Update RS (ms): Min: 0.0, Avg: 0.1, Max: 0.3, Diff: 0.2, Sum: 1.0]
         [Processed Buffers: Min: 1, Avg: 1.1, Max: 2, Diff: 1, Sum: 9]
      [Scan RS (ms): Min: 0.0, Avg: 0.0, Max: 0.0, Diff: 0.0, Sum: 0.0]
      [Code Root Scanning (ms): Min: 0.0, Avg: 0.0, Max: 0.0, Diff: 0.0, Sum: 0.0]
      [Object Copy (ms): Min: 0.4, Avg: 0.5, Max: 0.6, Diff: 0.2, Sum: 4.3]
      [Termination (ms): Min: 0.0, Avg: 0.1, Max: 0.1, Diff: 0.1, Sum: 0.5]
         [Termination Attempts: Min: 1, Avg: 1.0, Max: 1, Diff: 0, Sum: 8]
      [GC Worker Other (ms): Min: 0.0, Avg: 0.0, Max: 0.0, Diff: 0.0, Sum: 0.1]
      [GC Worker Total (ms): Min: 0.8, Avg: 0.9, Max: 1.0, Diff: 0.1, Sum: 7.0]
      [GC Worker End (ms): Min: 2397.0, Avg: 2397.0, Max: 2397.0, Diff: 0.0]
   [Code Root Fixup: 0.0 ms]
   [Code Root Purge: 0.0 ms]
   [Clear CT: 0.2 ms]
   [Other: 1.4 ms]
      [Choose CSet: 0.0 ms]
      [Ref Proc: 0.9 ms]
      [Ref Enq: 0.0 ms]
      [Redirty Cards: 0.2 ms]
      [Humongous Register: 0.1 ms]
      [Humongous Reclaim: 0.0 ms]
      [Free CSet: 0.0 ms]
   [Eden: 2048.0K(252.0M)->0.0B(263.0M) Survivors: 7168.0K->8192.0K Heap: 502.8M(1024.0M)->502.3M(1024.0M)]
 [Times: user=0.01 sys=0.00, real=0.00 secs] 
2021-01-18T10:16:05.456-0800: 2.399: [GC concurrent-root-region-scan-start]
2021-01-18T10:16:05.457-0800: 2.399: [GC concurrent-root-region-scan-end, 0.0000950 secs]
2021-01-18T10:16:05.457-0800: 2.399: [GC concurrent-mark-start]
2021-01-18T10:16:05.458-0800: 2.400: [GC concurrent-mark-end, 0.0012839 secs]
2021-01-18T10:16:05.458-0800: 2.400: [GC remark 2021-01-18T10:16:05.458-0800: 2.400: [Finalize Marking, 0.0003224 secs] 2021-01-18T10:16:05.458-0800: 2.401: [GC ref-proc, 0.0000547 secs] 2021-01-18T10:16:05.458-0800: 2.401: [Unloading, 0.0006067 secs], 0.0020379 secs]
 [Times: user=0.01 sys=0.00, real=0.01 secs] 
2021-01-18T10:16:05.460-0800: 2.402: [GC cleanup 509M->506M(1024M), 0.0009784 secs]
 [Times: user=0.00 sys=0.00, real=0.00 secs] 
2021-01-18T10:16:05.461-0800: 2.403: [GC concurrent-cleanup-start]
2021-01-18T10:16:05.461-0800: 2.403: [GC concurrent-cleanup-end, 0.0000131 secs]
2021-01-18T10:16:05.500-0800: 2.442: [GC pause (G1 Evacuation Pause) (young), 0.0133195 secs]
   [Parallel Time: 12.4 ms, GC Workers: 8]
      [GC Worker Start (ms): Min: 2442.6, Avg: 2442.7, Max: 2442.8, Diff: 0.1]
      [Ext Root Scanning (ms): Min: 0.0, Avg: 0.1, Max: 0.2, Diff: 0.1, Sum: 0.7]
      [Update RS (ms): Min: 4.2, Avg: 4.2, Max: 4.2, Diff: 0.0, Sum: 33.5]
         [Processed Buffers: Min: 60, Avg: 64.6, Max: 67, Diff: 7, Sum: 517]
      [Scan RS (ms): Min: 0.0, Avg: 0.0, Max: 0.0, Diff: 0.0, Sum: 0.2]
      [Code Root Scanning (ms): Min: 0.0, Avg: 0.0, Max: 0.0, Diff: 0.0, Sum: 0.0]
      [Object Copy (ms): Min: 7.8, Avg: 7.8, Max: 7.9, Diff: 0.1, Sum: 62.7]
      [Termination (ms): Min: 0.0, Avg: 0.1, Max: 0.1, Diff: 0.1, Sum: 0.6]
         [Termination Attempts: Min: 1, Avg: 1.4, Max: 3, Diff: 2, Sum: 11]
      [GC Worker Other (ms): Min: 0.0, Avg: 0.0, Max: 0.0, Diff: 0.0, Sum: 0.1]
      [GC Worker Total (ms): Min: 12.2, Avg: 12.2, Max: 12.3, Diff: 0.1, Sum: 97.8]
      [GC Worker End (ms): Min: 2454.9, Avg: 2454.9, Max: 2455.0, Diff: 0.1]
   [Code Root Fixup: 0.0 ms]
   [Code Root Purge: 0.0 ms]
   [Clear CT: 0.2 ms]
   [Other: 0.7 ms]
      [Choose CSet: 0.0 ms]
      [Ref Proc: 0.2 ms]
      [Ref Enq: 0.0 ms]
      [Redirty Cards: 0.1 ms]
      [Humongous Register: 0.1 ms]
      [Humongous Reclaim: 0.1 ms]
      [Free CSet: 0.1 ms]
   [Eden: 263.0M(263.0M)->0.0B(17.0M) Survivors: 8192.0K->34.0M Heap: 825.8M(1024.0M)->571.4M(1024.0M)]
 [Times: user=0.09 sys=0.00, real=0.01 secs] 
2021-01-18T10:16:05.517-0800: 2.459: [GC pause (G1 Evacuation Pause) (mixed), 0.0094968 secs]
   [Parallel Time: 8.3 ms, GC Workers: 8]
      [GC Worker Start (ms): Min: 2459.1, Avg: 2459.2, Max: 2459.3, Diff: 0.2]
      [Ext Root Scanning (ms): Min: 0.0, Avg: 0.1, Max: 0.2, Diff: 0.2, Sum: 0.9]
      [Update RS (ms): Min: 0.5, Avg: 0.6, Max: 0.6, Diff: 0.1, Sum: 4.4]
         [Processed Buffers: Min: 5, Avg: 6.2, Max: 7, Diff: 2, Sum: 50]
      [Scan RS (ms): Min: 0.0, Avg: 0.1, Max: 0.1, Diff: 0.1, Sum: 0.4]
      [Code Root Scanning (ms): Min: 0.0, Avg: 0.0, Max: 0.0, Diff: 0.0, Sum: 0.0]
      [Object Copy (ms): Min: 6.4, Avg: 6.6, Max: 7.2, Diff: 0.9, Sum: 52.5]
      [Termination (ms): Min: 0.0, Avg: 0.8, Max: 1.0, Diff: 1.0, Sum: 6.5]
         [Termination Attempts: Min: 1, Avg: 1.0, Max: 1, Diff: 0, Sum: 8]
      [GC Worker Other (ms): Min: 0.0, Avg: 0.0, Max: 0.0, Diff: 0.0, Sum: 0.1]
      [GC Worker Total (ms): Min: 7.9, Avg: 8.1, Max: 8.3, Diff: 0.4, Sum: 64.9]
      [GC Worker End (ms): Min: 2467.2, Avg: 2467.3, Max: 2467.4, Diff: 0.2]
   [Code Root Fixup: 0.0 ms]
   [Code Root Purge: 0.0 ms]
   [Clear CT: 0.2 ms]
   [Other: 1.0 ms]
      [Choose CSet: 0.0 ms]
      [Ref Proc: 0.4 ms]
      [Ref Enq: 0.0 ms]
      [Redirty Cards: 0.2 ms]
      [Humongous Register: 0.1 ms]
      [Humongous Reclaim: 0.0 ms]
      [Free CSet: 0.1 ms]
   [Eden: 17.0M(17.0M)->0.0B(44.0M) Survivors: 34.0M->7168.0K Heap: 593.5M(1024.0M)->506.7M(1024.0M)]
 [Times: user=0.06 sys=0.00, real=0.01 secs] 
2021-01-18T10:16:05.535-0800: 2.477: [GC pause (G1 Evacuation Pause) (mixed), 0.0051898 secs]
   [Parallel Time: 4.4 ms, GC Workers: 8]
      [GC Worker Start (ms): Min: 2477.6, Avg: 2477.7, Max: 2477.8, Diff: 0.1]
      [Ext Root Scanning (ms): Min: 0.1, Avg: 0.1, Max: 0.2, Diff: 0.1, Sum: 1.0]
      [Update RS (ms): Min: 1.4, Avg: 1.6, Max: 2.4, Diff: 1.0, Sum: 13.1]
         [Processed Buffers: Min: 0, Avg: 12.8, Max: 21, Diff: 21, Sum: 102]
      [Scan RS (ms): Min: 0.0, Avg: 0.0, Max: 0.0, Diff: 0.0, Sum: 0.2]
      [Code Root Scanning (ms): Min: 0.0, Avg: 0.0, Max: 0.0, Diff: 0.0, Sum: 0.0]
      [Object Copy (ms): Min: 1.4, Avg: 2.1, Max: 2.5, Diff: 1.0, Sum: 17.1]
      [Termination (ms): Min: 0.0, Avg: 0.2, Max: 0.3, Diff: 0.3, Sum: 1.4]
         [Termination Attempts: Min: 1, Avg: 1.0, Max: 1, Diff: 0, Sum: 8]
      [GC Worker Other (ms): Min: 0.0, Avg: 0.0, Max: 0.0, Diff: 0.0, Sum: 0.1]
      [GC Worker Total (ms): Min: 4.0, Avg: 4.1, Max: 4.3, Diff: 0.3, Sum: 32.9]
      [GC Worker End (ms): Min: 2481.8, Avg: 2481.8, Max: 2482.0, Diff: 0.2]
   [Code Root Fixup: 0.0 ms]
   [Code Root Purge: 0.0 ms]
   [Clear CT: 0.2 ms]
   [Other: 0.7 ms]
      [Choose CSet: 0.0 ms]
      [Ref Proc: 0.2 ms]
      [Ref Enq: 0.0 ms]
      [Redirty Cards: 0.1 ms]
      [Humongous Register: 0.1 ms]
      [Humongous Reclaim: 0.0 ms]
      [Free CSet: 0.0 ms]
   [Eden: 44.0M(44.0M)->0.0B(250.0M) Survivors: 7168.0K->7168.0K Heap: 562.2M(1024.0M)->516.8M(1024.0M)]
 [Times: user=0.03 sys=0.00, real=0.01 secs] 
2021-01-18T10:16:05.541-0800: 2.483: [GC pause (G1 Humongous Allocation) (young) (initial-mark), 0.0019462 secs]
   [Parallel Time: 1.0 ms, GC Workers: 8]
      [GC Worker Start (ms): Min: 2483.3, Avg: 2483.4, Max: 2483.5, Diff: 0.2]
      [Ext Root Scanning (ms): Min: 0.0, Avg: 0.1, Max: 0.2, Diff: 0.2, Sum: 0.9]
      [Update RS (ms): Min: 0.0, Avg: 0.1, Max: 0.2, Diff: 0.1, Sum: 0.7]
         [Processed Buffers: Min: 1, Avg: 1.1, Max: 2, Diff: 1, Sum: 9]
      [Scan RS (ms): Min: 0.0, Avg: 0.0, Max: 0.0, Diff: 0.0, Sum: 0.0]
      [Code Root Scanning (ms): Min: 0.0, Avg: 0.0, Max: 0.0, Diff: 0.0, Sum: 0.0]
      [Object Copy (ms): Min: 0.5, Avg: 0.5, Max: 0.6, Diff: 0.1, Sum: 4.2]
      [Termination (ms): Min: 0.0, Avg: 0.1, Max: 0.1, Diff: 0.1, Sum: 0.6]
         [Termination Attempts: Min: 1, Avg: 1.1, Max: 2, Diff: 1, Sum: 9]
      [GC Worker Other (ms): Min: 0.0, Avg: 0.0, Max: 0.0, Diff: 0.0, Sum: 0.1]
      [GC Worker Total (ms): Min: 0.7, Avg: 0.8, Max: 0.9, Diff: 0.2, Sum: 6.4]
      [GC Worker End (ms): Min: 2484.2, Avg: 2484.2, Max: 2484.2, Diff: 0.0]
   [Code Root Fixup: 0.0 ms]
   [Code Root Purge: 0.0 ms]
   [Clear CT: 0.2 ms]
   [Other: 0.8 ms]
      [Choose CSet: 0.0 ms]
      [Ref Proc: 0.3 ms]
      [Ref Enq: 0.0 ms]
      [Redirty Cards: 0.2 ms]
      [Humongous Register: 0.1 ms]
      [Humongous Reclaim: 0.0 ms]
      [Free CSet: 0.0 ms]
   [Eden: 2048.0K(250.0M)->0.0B(241.0M) Survivors: 7168.0K->8192.0K Heap: 518.3M(1024.0M)->517.5M(1024.0M)]
 [Times: user=0.01 sys=0.00, real=0.00 secs] 
2021-01-18T10:16:05.543-0800: 2.485: [GC concurrent-root-region-scan-start]
2021-01-18T10:16:05.543-0800: 2.485: [GC concurrent-root-region-scan-end, 0.0000828 secs]
2021-01-18T10:16:05.543-0800: 2.485: [GC concurrent-mark-start]
2021-01-18T10:16:05.544-0800: 2.487: [GC concurrent-mark-end, 0.0013499 secs]
2021-01-18T10:16:05.545-0800: 2.487: [GC remark 2021-01-18T10:16:05.545-0800: 2.487: [Finalize Marking, 0.0003764 secs] 2021-01-18T10:16:05.545-0800: 2.487: [GC ref-proc, 0.0000589 secs] 2021-01-18T10:16:05.545-0800: 2.487: [Unloading, 0.0005512 secs], 0.0021109 secs]
 [Times: user=0.01 sys=0.00, real=0.00 secs] 
2021-01-18T10:16:05.547-0800: 2.489: [GC cleanup 528M->523M(1024M), 0.0010461 secs]
 [Times: user=0.01 sys=0.00, real=0.00 secs] 
2021-01-18T10:16:05.548-0800: 2.490: [GC concurrent-cleanup-start]
2021-01-18T10:16:05.548-0800: 2.490: [GC concurrent-cleanup-end, 0.0000124 secs]
2021-01-18T10:16:05.586-0800: 2.528: [GC pause (G1 Evacuation Pause) (young), 0.0126816 secs]
   [Parallel Time: 11.5 ms, GC Workers: 8]
      [GC Worker Start (ms): Min: 2528.4, Avg: 2528.5, Max: 2528.5, Diff: 0.1]
      [Ext Root Scanning (ms): Min: 0.1, Avg: 0.1, Max: 0.2, Diff: 0.1, Sum: 0.7]
      [Update RS (ms): Min: 4.6, Avg: 4.7, Max: 4.7, Diff: 0.0, Sum: 37.3]
         [Processed Buffers: Min: 66, Avg: 71.8, Max: 74, Diff: 8, Sum: 574]
      [Scan RS (ms): Min: 0.0, Avg: 0.0, Max: 0.0, Diff: 0.0, Sum: 0.2]
      [Code Root Scanning (ms): Min: 0.0, Avg: 0.0, Max: 0.0, Diff: 0.0, Sum: 0.0]
      [Object Copy (ms): Min: 6.3, Avg: 6.4, Max: 6.5, Diff: 0.1, Sum: 51.1]
      [Termination (ms): Min: 0.0, Avg: 0.1, Max: 0.2, Diff: 0.2, Sum: 0.8]
         [Termination Attempts: Min: 1, Avg: 1.1, Max: 2, Diff: 1, Sum: 9]
      [GC Worker Other (ms): Min: 0.0, Avg: 0.0, Max: 0.0, Diff: 0.0, Sum: 0.1]
      [GC Worker Total (ms): Min: 11.2, Avg: 11.3, Max: 11.3, Diff: 0.1, Sum: 90.3]
      [GC Worker End (ms): Min: 2539.7, Avg: 2539.8, Max: 2539.8, Diff: 0.0]
   [Code Root Fixup: 0.0 ms]
   [Code Root Purge: 0.0 ms]
   [Clear CT: 0.1 ms]
   [Other: 1.1 ms]
      [Choose CSet: 0.0 ms]
      [Ref Proc: 0.6 ms]
      [Ref Enq: 0.0 ms]
      [Redirty Cards: 0.1 ms]
      [Humongous Register: 0.1 ms]
      [Humongous Reclaim: 0.1 ms]
      [Free CSet: 0.1 ms]
   [Eden: 241.0M(241.0M)->0.0B(19.0M) Survivors: 8192.0K->32.0M Heap: 824.1M(1024.0M)->577.8M(1024.0M)]
 [Times: user=0.08 sys=0.01, real=0.01 secs] 
2021-01-18T10:16:05.602-0800: 2.545: [GC pause (G1 Evacuation Pause) (mixed), 0.0082050 secs]
   [Parallel Time: 7.2 ms, GC Workers: 8]
      [GC Worker Start (ms): Min: 2544.8, Avg: 2544.9, Max: 2544.9, Diff: 0.2]
      [Ext Root Scanning (ms): Min: 0.0, Avg: 0.1, Max: 0.2, Diff: 0.2, Sum: 0.9]
      [Update RS (ms): Min: 0.3, Avg: 0.4, Max: 0.4, Diff: 0.0, Sum: 3.0]
         [Processed Buffers: Min: 4, Avg: 4.8, Max: 5, Diff: 1, Sum: 38]
      [Scan RS (ms): Min: 0.0, Avg: 0.1, Max: 0.1, Diff: 0.0, Sum: 0.4]
      [Code Root Scanning (ms): Min: 0.0, Avg: 0.0, Max: 0.0, Diff: 0.0, Sum: 0.0]
      [Object Copy (ms): Min: 5.9, Avg: 5.9, Max: 6.2, Diff: 0.3, Sum: 47.4]
      [Termination (ms): Min: 0.0, Avg: 0.4, Max: 0.6, Diff: 0.6, Sum: 3.3]
         [Termination Attempts: Min: 1, Avg: 1.1, Max: 2, Diff: 1, Sum: 9]
      [GC Worker Other (ms): Min: 0.0, Avg: 0.0, Max: 0.0, Diff: 0.0, Sum: 0.1]
      [GC Worker Total (ms): Min: 6.7, Avg: 6.9, Max: 7.1, Diff: 0.4, Sum: 55.2]
      [GC Worker End (ms): Min: 2551.6, Avg: 2551.8, Max: 2551.9, Diff: 0.3]
   [Code Root Fixup: 0.0 ms]
   [Code Root Purge: 0.0 ms]
   [Clear CT: 0.2 ms]
   [Other: 0.8 ms]
      [Choose CSet: 0.0 ms]
      [Ref Proc: 0.3 ms]
      [Ref Enq: 0.0 ms]
      [Redirty Cards: 0.1 ms]
      [Humongous Register: 0.1 ms]
      [Humongous Reclaim: 0.0 ms]
      [Free CSet: 0.1 ms]
   [Eden: 19.0M(19.0M)->0.0B(44.0M) Survivors: 32.0M->7168.0K Heap: 600.4M(1024.0M)->508.4M(1024.0M)]
 [Times: user=0.05 sys=0.00, real=0.01 secs] 
2021-01-18T10:16:05.620-0800: 2.562: [GC pause (G1 Evacuation Pause) (mixed), 0.0058429 secs]
   [Parallel Time: 4.7 ms, GC Workers: 8]
      [GC Worker Start (ms): Min: 2562.0, Avg: 2562.2, Max: 2562.7, Diff: 0.7]
      [Ext Root Scanning (ms): Min: 0.0, Avg: 0.1, Max: 0.2, Diff: 0.2, Sum: 1.0]
      [Update RS (ms): Min: 0.4, Avg: 0.8, Max: 0.9, Diff: 0.6, Sum: 6.7]
         [Processed Buffers: Min: 4, Avg: 9.0, Max: 11, Diff: 7, Sum: 72]
      [Scan RS (ms): Min: 0.0, Avg: 0.0, Max: 0.1, Diff: 0.1, Sum: 0.2]
      [Code Root Scanning (ms): Min: 0.0, Avg: 0.0, Max: 0.0, Diff: 0.0, Sum: 0.0]
      [Object Copy (ms): Min: 2.7, Avg: 2.8, Max: 3.1, Diff: 0.4, Sum: 22.5]
      [Termination (ms): Min: 0.0, Avg: 0.4, Max: 0.6, Diff: 0.6, Sum: 3.6]
         [Termination Attempts: Min: 1, Avg: 1.0, Max: 1, Diff: 0, Sum: 8]
      [GC Worker Other (ms): Min: 0.0, Avg: 0.0, Max: 0.0, Diff: 0.0, Sum: 0.1]
      [GC Worker Total (ms): Min: 3.7, Avg: 4.3, Max: 4.6, Diff: 0.9, Sum: 34.1]
      [GC Worker End (ms): Min: 2566.3, Avg: 2566.4, Max: 2566.6, Diff: 0.3]
   [Code Root Fixup: 0.0 ms]
   [Code Root Purge: 0.0 ms]
   [Clear CT: 0.1 ms]
   [Other: 1.0 ms]
      [Choose CSet: 0.0 ms]
      [Ref Proc: 0.5 ms]
      [Ref Enq: 0.0 ms]
      [Redirty Cards: 0.2 ms]
      [Humongous Register: 0.1 ms]
      [Humongous Reclaim: 0.1 ms]
      [Free CSet: 0.1 ms]
   [Eden: 44.0M(44.0M)->0.0B(251.0M) Survivors: 7168.0K->7168.0K Heap: 560.2M(1024.0M)->506.6M(1024.0M)]
 [Times: user=0.03 sys=0.00, real=0.00 secs] 
2021-01-18T10:16:05.626-0800: 2.568: [GC pause (G1 Humongous Allocation) (young) (initial-mark), 0.0017955 secs]
   [Parallel Time: 1.0 ms, GC Workers: 8]
      [GC Worker Start (ms): Min: 2568.0, Avg: 2568.1, Max: 2568.3, Diff: 0.2]
      [Ext Root Scanning (ms): Min: 0.0, Avg: 0.2, Max: 0.3, Diff: 0.2, Sum: 1.5]
      [Update RS (ms): Min: 0.0, Avg: 0.1, Max: 0.5, Diff: 0.5, Sum: 1.1]
         [Processed Buffers: Min: 1, Avg: 1.1, Max: 2, Diff: 1, Sum: 9]
      [Scan RS (ms): Min: 0.0, Avg: 0.0, Max: 0.0, Diff: 0.0, Sum: 0.0]
      [Code Root Scanning (ms): Min: 0.0, Avg: 0.0, Max: 0.0, Diff: 0.0, Sum: 0.0]
      [Object Copy (ms): Min: 0.0, Avg: 0.4, Max: 0.5, Diff: 0.5, Sum: 3.0]
      [Termination (ms): Min: 0.0, Avg: 0.1, Max: 0.2, Diff: 0.2, Sum: 0.5]
         [Termination Attempts: Min: 1, Avg: 1.0, Max: 1, Diff: 0, Sum: 8]
      [GC Worker Other (ms): Min: 0.0, Avg: 0.0, Max: 0.0, Diff: 0.0, Sum: 0.1]
      [GC Worker Total (ms): Min: 0.6, Avg: 0.8, Max: 0.9, Diff: 0.2, Sum: 6.2]
      [GC Worker End (ms): Min: 2568.9, Avg: 2568.9, Max: 2569.0, Diff: 0.1]
   [Code Root Fixup: 0.0 ms]
   [Code Root Purge: 0.0 ms]
   [Clear CT: 0.2 ms]
   [Other: 0.6 ms]
      [Choose CSet: 0.0 ms]
      [Ref Proc: 0.2 ms]
      [Ref Enq: 0.0 ms]
      [Redirty Cards: 0.2 ms]
      [Humongous Register: 0.1 ms]
      [Humongous Reclaim: 0.0 ms]
      [Free CSet: 0.0 ms]
   [Eden: 1024.0K(251.0M)->0.0B(267.0M) Survivors: 7168.0K->8192.0K Heap: 506.6M(1024.0M)->507.0M(1024.0M)]
 [Times: user=0.01 sys=0.00, real=0.00 secs] 
2021-01-18T10:16:05.628-0800: 2.570: [GC concurrent-root-region-scan-start]
2021-01-18T10:16:05.628-0800: 2.570: [GC concurrent-root-region-scan-end, 0.0001235 secs]
2021-01-18T10:16:05.628-0800: 2.570: [GC concurrent-mark-start]
2021-01-18T10:16:05.629-0800: 2.571: [GC concurrent-mark-end, 0.0014081 secs]
2021-01-18T10:16:05.629-0800: 2.572: [GC remark 2021-01-18T10:16:05.629-0800: 2.572: [Finalize Marking, 0.0002116 secs] 2021-01-18T10:16:05.630-0800: 2.572: [GC ref-proc, 0.0000593 secs] 2021-01-18T10:16:05.630-0800: 2.572: [Unloading, 0.0004671 secs], 0.0019377 secs]
 [Times: user=0.01 sys=0.00, real=0.01 secs] 
2021-01-18T10:16:05.631-0800: 2.574: [GC cleanup 521M->519M(1024M), 0.0008808 secs]
 [Times: user=0.01 sys=0.00, real=0.00 secs] 
2021-01-18T10:16:05.632-0800: 2.575: [GC concurrent-cleanup-start]
2021-01-18T10:16:05.632-0800: 2.575: [GC concurrent-cleanup-end, 0.0000136 secs]
2021-01-18T10:16:05.673-0800: 2.615: [GC pause (G1 Evacuation Pause) (young) (to-space exhausted), 0.0128350 secs]
   [Parallel Time: 11.1 ms, GC Workers: 8]
      [GC Worker Start (ms): Min: 2614.9, Avg: 2614.9, Max: 2615.0, Diff: 0.1]
      [Ext Root Scanning (ms): Min: 0.0, Avg: 0.1, Max: 0.2, Diff: 0.1, Sum: 0.6]
      [Update RS (ms): Min: 4.8, Avg: 4.8, Max: 4.9, Diff: 0.1, Sum: 38.6]
         [Processed Buffers: Min: 51, Avg: 73.1, Max: 85, Diff: 34, Sum: 585]
      [Scan RS (ms): Min: 0.0, Avg: 0.0, Max: 0.0, Diff: 0.0, Sum: 0.2]
      [Code Root Scanning (ms): Min: 0.0, Avg: 0.0, Max: 0.0, Diff: 0.0, Sum: 0.0]
      [Object Copy (ms): Min: 6.0, Avg: 6.0, Max: 6.0, Diff: 0.1, Sum: 48.0]
      [Termination (ms): Min: 0.0, Avg: 0.0, Max: 0.0, Diff: 0.0, Sum: 0.1]
         [Termination Attempts: Min: 1, Avg: 1.0, Max: 1, Diff: 0, Sum: 8]
      [GC Worker Other (ms): Min: 0.0, Avg: 0.0, Max: 0.0, Diff: 0.0, Sum: 0.2]
      [GC Worker Total (ms): Min: 10.9, Avg: 11.0, Max: 11.0, Diff: 0.2, Sum: 87.7]
      [GC Worker End (ms): Min: 2625.9, Avg: 2625.9, Max: 2625.9, Diff: 0.0]
   [Code Root Fixup: 0.0 ms]
   [Code Root Purge: 0.0 ms]
   [Clear CT: 0.1 ms]
   [Other: 1.6 ms]
      [Evacuation Failure: 0.3 ms]
      [Choose CSet: 0.0 ms]
      [Ref Proc: 0.8 ms]
      [Ref Enq: 0.0 ms]
      [Redirty Cards: 0.2 ms]
      [Humongous Register: 0.1 ms]
      [Humongous Reclaim: 0.1 ms]
      [Free CSet: 0.1 ms]
   [Eden: 267.0M(267.0M)->0.0B(16.0M) Survivors: 8192.0K->35.0M Heap: 844.1M(1024.0M)->654.7M(1024.0M)]
 [Times: user=0.08 sys=0.00, real=0.01 secs] 
2021-01-18T10:16:05.688-0800: 2.630: [GC pause (G1 Evacuation Pause) (mixed), 0.0089573 secs]
   [Parallel Time: 7.9 ms, GC Workers: 8]
      [GC Worker Start (ms): Min: 2630.4, Avg: 2630.5, Max: 2630.5, Diff: 0.1]
      [Ext Root Scanning (ms): Min: 0.0, Avg: 0.1, Max: 0.2, Diff: 0.1, Sum: 0.9]
      [Update RS (ms): Min: 0.2, Avg: 0.2, Max: 0.3, Diff: 0.1, Sum: 1.9]
         [Processed Buffers: Min: 3, Avg: 3.8, Max: 7, Diff: 4, Sum: 30]
      [Scan RS (ms): Min: 0.1, Avg: 0.1, Max: 0.2, Diff: 0.1, Sum: 0.9]
      [Code Root Scanning (ms): Min: 0.0, Avg: 0.0, Max: 0.0, Diff: 0.0, Sum: 0.0]
      [Object Copy (ms): Min: 6.3, Avg: 6.5, Max: 7.3, Diff: 1.0, Sum: 51.9]
      [Termination (ms): Min: 0.0, Avg: 0.8, Max: 0.9, Diff: 0.9, Sum: 6.4]
         [Termination Attempts: Min: 1, Avg: 1.1, Max: 2, Diff: 1, Sum: 9]
      [GC Worker Other (ms): Min: 0.0, Avg: 0.0, Max: 0.0, Diff: 0.0, Sum: 0.1]
      [GC Worker Total (ms): Min: 7.7, Avg: 7.8, Max: 7.9, Diff: 0.2, Sum: 62.0]
      [GC Worker End (ms): Min: 2638.2, Avg: 2638.2, Max: 2638.3, Diff: 0.0]
   [Code Root Fixup: 0.0 ms]
   [Code Root Purge: 0.0 ms]
   [Clear CT: 0.2 ms]
   [Other: 0.8 ms]
      [Choose CSet: 0.0 ms]
      [Ref Proc: 0.2 ms]
      [Ref Enq: 0.0 ms]
      [Redirty Cards: 0.2 ms]
      [Humongous Register: 0.1 ms]
      [Humongous Reclaim: 0.0 ms]
      [Free CSet: 0.1 ms]
   [Eden: 16.0M(16.0M)->0.0B(46.0M) Survivors: 35.0M->5120.0K Heap: 672.5M(1024.0M)->584.5M(1024.0M)]
 [Times: user=0.05 sys=0.01, real=0.01 secs] 
2021-01-18T10:16:05.707-0800: 2.649: [GC pause (G1 Evacuation Pause) (mixed), 0.0051344 secs]
   [Parallel Time: 4.1 ms, GC Workers: 8]
      [GC Worker Start (ms): Min: 2649.3, Avg: 2649.4, Max: 2649.4, Diff: 0.2]
      [Ext Root Scanning (ms): Min: 0.1, Avg: 0.1, Max: 0.2, Diff: 0.2, Sum: 0.9]
      [Update RS (ms): Min: 1.4, Avg: 1.4, Max: 1.5, Diff: 0.1, Sum: 11.5]
         [Processed Buffers: Min: 12, Avg: 14.5, Max: 17, Diff: 5, Sum: 116]
      [Scan RS (ms): Min: 0.0, Avg: 0.0, Max: 0.1, Diff: 0.1, Sum: 0.1]
      [Code Root Scanning (ms): Min: 0.0, Avg: 0.0, Max: 0.0, Diff: 0.0, Sum: 0.0]
      [Object Copy (ms): Min: 2.1, Avg: 2.1, Max: 2.3, Diff: 0.2, Sum: 17.1]
      [Termination (ms): Min: 0.0, Avg: 0.2, Max: 0.3, Diff: 0.3, Sum: 1.7]
         [Termination Attempts: Min: 1, Avg: 1.0, Max: 1, Diff: 0, Sum: 8]
      [GC Worker Other (ms): Min: 0.0, Avg: 0.0, Max: 0.0, Diff: 0.0, Sum: 0.1]
      [GC Worker Total (ms): Min: 3.9, Avg: 3.9, Max: 4.0, Diff: 0.1, Sum: 31.4]
      [GC Worker End (ms): Min: 2653.3, Avg: 2653.3, Max: 2653.4, Diff: 0.1]
   [Code Root Fixup: 0.0 ms]
   [Code Root Purge: 0.0 ms]
   [Clear CT: 0.2 ms]
   [Other: 0.8 ms]
      [Choose CSet: 0.0 ms]
      [Ref Proc: 0.3 ms]
      [Ref Enq: 0.0 ms]
      [Redirty Cards: 0.2 ms]
      [Humongous Register: 0.1 ms]
      [Humongous Reclaim: 0.1 ms]
      [Free CSet: 0.0 ms]
   [Eden: 46.0M(46.0M)->0.0B(208.0M) Survivors: 5120.0K->7168.0K Heap: 643.7M(1024.0M)->586.8M(1024.0M)]
 [Times: user=0.03 sys=0.00, real=0.01 secs] 
2021-01-18T10:16:05.713-0800: 2.655: [GC pause (G1 Humongous Allocation) (young) (initial-mark), 0.0020091 secs]
   [Parallel Time: 1.0 ms, GC Workers: 8]
      [GC Worker Start (ms): Min: 2655.1, Avg: 2655.2, Max: 2655.3, Diff: 0.2]
      [Ext Root Scanning (ms): Min: 0.0, Avg: 0.2, Max: 0.3, Diff: 0.3, Sum: 1.4]
      [Update RS (ms): Min: 0.0, Avg: 0.1, Max: 0.2, Diff: 0.1, Sum: 0.8]
         [Processed Buffers: Min: 1, Avg: 1.1, Max: 2, Diff: 1, Sum: 9]
      [Scan RS (ms): Min: 0.0, Avg: 0.0, Max: 0.0, Diff: 0.0, Sum: 0.0]
      [Code Root Scanning (ms): Min: 0.0, Avg: 0.0, Max: 0.0, Diff: 0.0, Sum: 0.0]
      [Object Copy (ms): Min: 0.4, Avg: 0.5, Max: 0.6, Diff: 0.2, Sum: 4.0]
      [Termination (ms): Min: 0.0, Avg: 0.0, Max: 0.1, Diff: 0.1, Sum: 0.3]
         [Termination Attempts: Min: 1, Avg: 1.0, Max: 1, Diff: 0, Sum: 8]
      [GC Worker Other (ms): Min: 0.0, Avg: 0.0, Max: 0.0, Diff: 0.0, Sum: 0.1]
      [GC Worker Total (ms): Min: 0.7, Avg: 0.8, Max: 0.9, Diff: 0.2, Sum: 6.6]
      [GC Worker End (ms): Min: 2656.0, Avg: 2656.0, Max: 2656.1, Diff: 0.1]
   [Code Root Fixup: 0.0 ms]
   [Code Root Purge: 0.0 ms]
   [Clear CT: 0.2 ms]
   [Other: 0.7 ms]
      [Choose CSet: 0.0 ms]
      [Ref Proc: 0.2 ms]
      [Ref Enq: 0.0 ms]
      [Redirty Cards: 0.2 ms]
      [Humongous Register: 0.1 ms]
      [Humongous Reclaim: 0.1 ms]
      [Free CSet: 0.1 ms]
   [Eden: 2048.0K(208.0M)->0.0B(219.0M) Survivors: 7168.0K->7168.0K Heap: 588.7M(1024.0M)->586.2M(1024.0M)]
 [Times: user=0.01 sys=0.00, real=0.00 secs] 
2021-01-18T10:16:05.715-0800: 2.657: [GC concurrent-root-region-scan-start]
2021-01-18T10:16:05.715-0800: 2.657: [GC concurrent-root-region-scan-end, 0.0001325 secs]
2021-01-18T10:16:05.715-0800: 2.657: [GC concurrent-mark-start]
2021-01-18T10:16:05.716-0800: 2.659: [GC concurrent-mark-end, 0.0013825 secs]
2021-01-18T10:16:05.717-0800: 2.659: [GC remark 2021-01-18T10:16:05.717-0800: 2.659: [Finalize Marking, 0.0003089 secs] 2021-01-18T10:16:05.717-0800: 2.659: [GC ref-proc, 0.0000545 secs] 2021-01-18T10:16:05.717-0800: 2.659: [Unloading, 0.0005342 secs], 0.0019527 secs]
 [Times: user=0.01 sys=0.00, real=0.00 secs] 
2021-01-18T10:16:05.719-0800: 2.661: [GC cleanup 595M->586M(1024M), 0.0009497 secs]
 [Times: user=0.01 sys=0.00, real=0.01 secs] 
2021-01-18T10:16:05.720-0800: 2.662: [GC concurrent-cleanup-start]
2021-01-18T10:16:05.720-0800: 2.662: [GC concurrent-cleanup-end, 0.0000172 secs]
2021-01-18T10:16:05.754-0800: 2.697: [GC pause (G1 Evacuation Pause) (young), 0.0113309 secs]
   [Parallel Time: 10.4 ms, GC Workers: 8]
      [GC Worker Start (ms): Min: 2696.8, Avg: 2696.9, Max: 2696.9, Diff: 0.1]
      [Ext Root Scanning (ms): Min: 0.1, Avg: 0.1, Max: 0.2, Diff: 0.1, Sum: 0.7]
      [Update RS (ms): Min: 3.5, Avg: 3.5, Max: 3.5, Diff: 0.0, Sum: 27.9]
         [Processed Buffers: Min: 50, Avg: 53.8, Max: 55, Diff: 5, Sum: 430]
      [Scan RS (ms): Min: 0.0, Avg: 0.0, Max: 0.0, Diff: 0.0, Sum: 0.2]
      [Code Root Scanning (ms): Min: 0.0, Avg: 0.0, Max: 0.0, Diff: 0.0, Sum: 0.0]
      [Object Copy (ms): Min: 5.9, Avg: 6.0, Max: 6.6, Diff: 0.7, Sum: 48.0]
      [Termination (ms): Min: 0.0, Avg: 0.6, Max: 0.7, Diff: 0.7, Sum: 4.8]
         [Termination Attempts: Min: 1, Avg: 1.0, Max: 1, Diff: 0, Sum: 8]
      [GC Worker Other (ms): Min: 0.0, Avg: 0.0, Max: 0.0, Diff: 0.0, Sum: 0.1]
      [GC Worker Total (ms): Min: 10.1, Avg: 10.2, Max: 10.3, Diff: 0.1, Sum: 81.8]
      [GC Worker End (ms): Min: 2707.0, Avg: 2707.1, Max: 2707.1, Diff: 0.1]
   [Code Root Fixup: 0.0 ms]
   [Code Root Purge: 0.0 ms]
   [Clear CT: 0.1 ms]
   [Other: 0.8 ms]
      [Choose CSet: 0.0 ms]
      [Ref Proc: 0.3 ms]
      [Ref Enq: 0.0 ms]
      [Redirty Cards: 0.1 ms]
      [Humongous Register: 0.1 ms]
      [Humongous Reclaim: 0.1 ms]
      [Free CSet: 0.1 ms]
   [Eden: 219.0M(219.0M)->0.0B(22.0M) Survivors: 7168.0K->29.0M Heap: 848.9M(1024.0M)->632.9M(1024.0M)]
 [Times: user=0.08 sys=0.00, real=0.01 secs] 
2021-01-18T10:16:05.770-0800: 2.712: [GC pause (G1 Evacuation Pause) (mixed), 0.0059095 secs]
   [Parallel Time: 5.0 ms, GC Workers: 8]
      [GC Worker Start (ms): Min: 2712.6, Avg: 2712.7, Max: 2712.8, Diff: 0.1]
      [Ext Root Scanning (ms): Min: 0.0, Avg: 0.1, Max: 0.2, Diff: 0.1, Sum: 0.9]
      [Update RS (ms): Min: 0.4, Avg: 0.5, Max: 0.5, Diff: 0.1, Sum: 3.9]
         [Processed Buffers: Min: 5, Avg: 5.9, Max: 6, Diff: 1, Sum: 47]
      [Scan RS (ms): Min: 0.0, Avg: 0.0, Max: 0.1, Diff: 0.1, Sum: 0.3]
      [Code Root Scanning (ms): Min: 0.0, Avg: 0.0, Max: 0.0, Diff: 0.0, Sum: 0.0]
      [Object Copy (ms): Min: 4.1, Avg: 4.1, Max: 4.2, Diff: 0.1, Sum: 32.9]
      [Termination (ms): Min: 0.0, Avg: 0.1, Max: 0.1, Diff: 0.1, Sum: 0.5]
         [Termination Attempts: Min: 1, Avg: 1.0, Max: 1, Diff: 0, Sum: 8]
      [GC Worker Other (ms): Min: 0.0, Avg: 0.0, Max: 0.0, Diff: 0.0, Sum: 0.1]
      [GC Worker Total (ms): Min: 4.8, Avg: 4.8, Max: 4.9, Diff: 0.1, Sum: 38.6]
      [GC Worker End (ms): Min: 2717.5, Avg: 2717.5, Max: 2717.6, Diff: 0.0]
   [Code Root Fixup: 0.0 ms]
   [Code Root Purge: 0.0 ms]
   [Clear CT: 0.2 ms]
   [Other: 0.7 ms]
      [Choose CSet: 0.0 ms]
      [Ref Proc: 0.2 ms]
      [Ref Enq: 0.0 ms]
      [Redirty Cards: 0.1 ms]
      [Humongous Register: 0.1 ms]
      [Humongous Reclaim: 0.0 ms]
      [Free CSet: 0.1 ms]
   [Eden: 22.0M(22.0M)->0.0B(45.0M) Survivors: 29.0M->6144.0K Heap: 659.6M(1024.0M)->545.6M(1024.0M)]
 [Times: user=0.03 sys=0.00, real=0.00 secs] 
2021-01-18T10:16:05.785-0800: 2.727: [GC pause (G1 Evacuation Pause) (mixed), 0.0081601 secs]
   [Parallel Time: 7.0 ms, GC Workers: 8]
      [GC Worker Start (ms): Min: 2727.2, Avg: 2727.2, Max: 2727.3, Diff: 0.1]
      [Ext Root Scanning (ms): Min: 0.1, Avg: 0.1, Max: 0.2, Diff: 0.1, Sum: 1.0]
      [Update RS (ms): Min: 1.3, Avg: 1.4, Max: 1.4, Diff: 0.1, Sum: 10.9]
         [Processed Buffers: Min: 16, Avg: 16.1, Max: 17, Diff: 1, Sum: 129]
      [Scan RS (ms): Min: 0.0, Avg: 0.1, Max: 0.1, Diff: 0.1, Sum: 0.5]
      [Code Root Scanning (ms): Min: 0.0, Avg: 0.0, Max: 0.0, Diff: 0.0, Sum: 0.0]
      [Object Copy (ms): Min: 4.9, Avg: 5.0, Max: 5.1, Diff: 0.2, Sum: 39.9]
      [Termination (ms): Min: 0.0, Avg: 0.2, Max: 0.3, Diff: 0.3, Sum: 1.3]
         [Termination Attempts: Min: 1, Avg: 1.0, Max: 1, Diff: 0, Sum: 8]
      [GC Worker Other (ms): Min: 0.0, Avg: 0.0, Max: 0.0, Diff: 0.0, Sum: 0.1]
      [GC Worker Total (ms): Min: 6.6, Avg: 6.7, Max: 6.8, Diff: 0.2, Sum: 53.8]
      [GC Worker End (ms): Min: 2733.9, Avg: 2733.9, Max: 2734.0, Diff: 0.2]
   [Code Root Fixup: 0.0 ms]
   [Code Root Purge: 0.0 ms]
   [Clear CT: 0.3 ms]
   [Other: 0.9 ms]
      [Choose CSet: 0.0 ms]
      [Ref Proc: 0.3 ms]
      [Ref Enq: 0.0 ms]
      [Redirty Cards: 0.2 ms]
      [Humongous Register: 0.1 ms]
      [Humongous Reclaim: 0.1 ms]
      [Free CSet: 0.1 ms]
   [Eden: 45.0M(45.0M)->0.0B(44.0M) Survivors: 6144.0K->7168.0K Heap: 605.6M(1024.0M)->496.4M(1024.0M)]
 [Times: user=0.05 sys=0.01, real=0.01 secs] 
2021-01-18T10:16:05.802-0800: 2.744: [GC pause (G1 Evacuation Pause) (mixed), 0.0040775 secs]
   [Parallel Time: 3.3 ms, GC Workers: 8]
      [GC Worker Start (ms): Min: 2744.6, Avg: 2744.7, Max: 2744.7, Diff: 0.1]
      [Ext Root Scanning (ms): Min: 0.1, Avg: 0.1, Max: 0.2, Diff: 0.1, Sum: 1.0]
      [Update RS (ms): Min: 1.0, Avg: 1.0, Max: 1.0, Diff: 0.1, Sum: 8.0]
         [Processed Buffers: Min: 10, Avg: 11.2, Max: 13, Diff: 3, Sum: 90]
      [Scan RS (ms): Min: 0.0, Avg: 0.0, Max: 0.1, Diff: 0.1, Sum: 0.2]
      [Code Root Scanning (ms): Min: 0.0, Avg: 0.0, Max: 0.0, Diff: 0.0, Sum: 0.0]
      [Object Copy (ms): Min: 1.9, Avg: 1.9, Max: 2.0, Diff: 0.1, Sum: 15.3]
      [Termination (ms): Min: 0.0, Avg: 0.0, Max: 0.1, Diff: 0.1, Sum: 0.4]
         [Termination Attempts: Min: 1, Avg: 1.0, Max: 1, Diff: 0, Sum: 8]
      [GC Worker Other (ms): Min: 0.0, Avg: 0.0, Max: 0.0, Diff: 0.0, Sum: 0.1]
      [GC Worker Total (ms): Min: 3.1, Avg: 3.1, Max: 3.2, Diff: 0.1, Sum: 25.0]
      [GC Worker End (ms): Min: 2747.8, Avg: 2747.8, Max: 2747.8, Diff: 0.1]
   [Code Root Fixup: 0.0 ms]
   [Code Root Purge: 0.0 ms]
   [Clear CT: 0.2 ms]
   [Other: 0.6 ms]
      [Choose CSet: 0.0 ms]
      [Ref Proc: 0.2 ms]
      [Ref Enq: 0.0 ms]
      [Redirty Cards: 0.1 ms]
      [Humongous Register: 0.1 ms]
      [Humongous Reclaim: 0.0 ms]
      [Free CSet: 0.0 ms]
   [Eden: 44.0M(44.0M)->0.0B(285.0M) Survivors: 7168.0K->7168.0K Heap: 550.4M(1024.0M)->501.5M(1024.0M)]
 [Times: user=0.02 sys=0.00, real=0.00 secs] 
2021-01-18T10:16:05.807-0800: 2.749: [GC pause (G1 Humongous Allocation) (young) (initial-mark), 0.0017209 secs]
   [Parallel Time: 0.9 ms, GC Workers: 8]
      [GC Worker Start (ms): Min: 2748.9, Avg: 2749.0, Max: 2749.0, Diff: 0.1]
      [Ext Root Scanning (ms): Min: 0.1, Avg: 0.1, Max: 0.2, Diff: 0.1, Sum: 1.0]
      [Update RS (ms): Min: 0.0, Avg: 0.1, Max: 0.1, Diff: 0.1, Sum: 0.7]
         [Processed Buffers: Min: 1, Avg: 1.1, Max: 2, Diff: 1, Sum: 9]
      [Scan RS (ms): Min: 0.0, Avg: 0.0, Max: 0.0, Diff: 0.0, Sum: 0.0]
      [Code Root Scanning (ms): Min: 0.0, Avg: 0.0, Max: 0.0, Diff: 0.0, Sum: 0.0]
      [Object Copy (ms): Min: 0.4, Avg: 0.5, Max: 0.6, Diff: 0.1, Sum: 4.0]
      [Termination (ms): Min: 0.0, Avg: 0.0, Max: 0.1, Diff: 0.1, Sum: 0.3]
         [Termination Attempts: Min: 1, Avg: 1.0, Max: 1, Diff: 0, Sum: 8]
      [GC Worker Other (ms): Min: 0.0, Avg: 0.0, Max: 0.0, Diff: 0.0, Sum: 0.1]
      [GC Worker Total (ms): Min: 0.7, Avg: 0.8, Max: 0.9, Diff: 0.2, Sum: 6.1]
      [GC Worker End (ms): Min: 2749.7, Avg: 2749.7, Max: 2749.8, Diff: 0.0]
   [Code Root Fixup: 0.0 ms]
   [Code Root Purge: 0.0 ms]
   [Clear CT: 0.1 ms]
   [Other: 0.7 ms]
      [Choose CSet: 0.0 ms]
      [Ref Proc: 0.3 ms]
      [Ref Enq: 0.0 ms]
      [Redirty Cards: 0.2 ms]
      [Humongous Register: 0.1 ms]
      [Humongous Reclaim: 0.0 ms]
      [Free CSet: 0.0 ms]
   [Eden: 1024.0K(285.0M)->0.0B(298.0M) Survivors: 7168.0K->8192.0K Heap: 501.8M(1024.0M)->501.9M(1024.0M)]
 [Times: user=0.01 sys=0.00, real=0.00 secs] 
2021-01-18T10:16:05.808-0800: 2.751: [GC concurrent-root-region-scan-start]
2021-01-18T10:16:05.808-0800: 2.751: [GC concurrent-root-region-scan-end, 0.0000821 secs]
2021-01-18T10:16:05.809-0800: 2.751: [GC concurrent-mark-start]
2021-01-18T10:16:05.810-0800: 2.752: [GC concurrent-mark-end, 0.0013392 secs]
2021-01-18T10:16:05.810-0800: 2.752: [GC remark 2021-01-18T10:16:05.810-0800: 2.752: [Finalize Marking, 0.0001898 secs] 2021-01-18T10:16:05.810-0800: 2.752: [GC ref-proc, 0.0000568 secs] 2021-01-18T10:16:05.810-0800: 2.752: [Unloading, 0.0005656 secs], 0.0019891 secs]
 [Times: user=0.00 sys=0.00, real=0.00 secs] 
2021-01-18T10:16:05.812-0800: 2.754: [GC cleanup 509M->506M(1024M), 0.0011261 secs]
 [Times: user=0.01 sys=0.00, real=0.00 secs] 
2021-01-18T10:16:05.813-0800: 2.755: [GC concurrent-cleanup-start]
2021-01-18T10:16:05.813-0800: 2.755: [GC concurrent-cleanup-end, 0.0000106 secs]
2021-01-18T10:16:05.859-0800: 2.801: [GC pause (G1 Evacuation Pause) (young) (to-space exhausted), 0.0099186 secs]
   [Parallel Time: 8.6 ms, GC Workers: 8]
      [GC Worker Start (ms): Min: 2801.1, Avg: 2801.1, Max: 2801.2, Diff: 0.1]
      [Ext Root Scanning (ms): Min: 0.0, Avg: 0.1, Max: 0.2, Diff: 0.1, Sum: 0.7]
      [Update RS (ms): Min: 5.9, Avg: 5.9, Max: 6.0, Diff: 0.1, Sum: 47.5]
         [Processed Buffers: Min: 76, Avg: 91.8, Max: 99, Diff: 23, Sum: 734]
      [Scan RS (ms): Min: 0.0, Avg: 0.0, Max: 0.0, Diff: 0.0, Sum: 0.2]
      [Code Root Scanning (ms): Min: 0.0, Avg: 0.0, Max: 0.0, Diff: 0.0, Sum: 0.0]
      [Object Copy (ms): Min: 2.4, Avg: 2.4, Max: 2.4, Diff: 0.0, Sum: 19.1]
      [Termination (ms): Min: 0.0, Avg: 0.0, Max: 0.1, Diff: 0.1, Sum: 0.2]
         [Termination Attempts: Min: 1, Avg: 1.0, Max: 1, Diff: 0, Sum: 8]
      [GC Worker Other (ms): Min: 0.0, Avg: 0.0, Max: 0.0, Diff: 0.0, Sum: 0.1]
      [GC Worker Total (ms): Min: 8.5, Avg: 8.5, Max: 8.6, Diff: 0.1, Sum: 68.0]
      [GC Worker End (ms): Min: 2809.6, Avg: 2809.6, Max: 2809.6, Diff: 0.0]
   [Code Root Fixup: 0.0 ms]
   [Code Root Purge: 0.0 ms]
   [Clear CT: 0.1 ms]
   [Other: 1.1 ms]
      [Evacuation Failure: 0.5 ms]
      [Choose CSet: 0.0 ms]
      [Ref Proc: 0.2 ms]
      [Ref Enq: 0.0 ms]
      [Redirty Cards: 0.2 ms]
      [Humongous Register: 0.1 ms]
      [Humongous Reclaim: 0.1 ms]
      [Free CSet: 0.1 ms]
   [Eden: 298.0M(298.0M)->0.0B(26.0M) Survivors: 8192.0K->25.0M Heap: 887.4M(1024.0M)->765.7M(1024.0M)]
 [Times: user=0.07 sys=0.00, real=0.01 secs] 
2021-01-18T10:16:05.872-0800: 2.815: [GC pause (G1 Evacuation Pause) (mixed), 0.0072801 secs]
   [Parallel Time: 6.5 ms, GC Workers: 8]
      [GC Worker Start (ms): Min: 2814.8, Avg: 2814.8, Max: 2814.9, Diff: 0.1]
      [Ext Root Scanning (ms): Min: 0.1, Avg: 0.1, Max: 0.2, Diff: 0.1, Sum: 0.8]
      [Update RS (ms): Min: 0.4, Avg: 0.4, Max: 0.5, Diff: 0.0, Sum: 3.5]
         [Processed Buffers: Min: 6, Avg: 8.0, Max: 12, Diff: 6, Sum: 64]
      [Scan RS (ms): Min: 0.0, Avg: 0.1, Max: 0.1, Diff: 0.0, Sum: 0.4]
      [Code Root Scanning (ms): Min: 0.0, Avg: 0.0, Max: 0.0, Diff: 0.0, Sum: 0.0]
      [Object Copy (ms): Min: 5.7, Avg: 5.7, Max: 5.8, Diff: 0.1, Sum: 46.0]
      [Termination (ms): Min: 0.0, Avg: 0.0, Max: 0.1, Diff: 0.1, Sum: 0.3]
         [Termination Attempts: Min: 1, Avg: 1.0, Max: 1, Diff: 0, Sum: 8]
      [GC Worker Other (ms): Min: 0.0, Avg: 0.0, Max: 0.0, Diff: 0.0, Sum: 0.1]
      [GC Worker Total (ms): Min: 6.4, Avg: 6.4, Max: 6.4, Diff: 0.1, Sum: 51.1]
      [GC Worker End (ms): Min: 2821.2, Avg: 2821.2, Max: 2821.2, Diff: 0.0]
   [Code Root Fixup: 0.0 ms]
   [Code Root Purge: 0.0 ms]
   [Clear CT: 0.2 ms]
   [Other: 0.6 ms]
      [Choose CSet: 0.0 ms]
      [Ref Proc: 0.1 ms]
      [Ref Enq: 0.0 ms]
      [Redirty Cards: 0.2 ms]
      [Humongous Register: 0.1 ms]
      [Humongous Reclaim: 0.0 ms]
      [Free CSet: 0.1 ms]
   [Eden: 26.0M(26.0M)->0.0B(44.0M) Survivors: 25.0M->7168.0K Heap: 796.6M(1024.0M)->699.3M(1024.0M)]
 [Times: user=0.04 sys=0.00, real=0.01 secs] 
2021-01-18T10:16:05.888-0800: 2.830: [GC pause (G1 Evacuation Pause) (mixed), 0.0057626 secs]
   [Parallel Time: 4.8 ms, GC Workers: 8]
      [GC Worker Start (ms): Min: 2830.0, Avg: 2830.1, Max: 2830.1, Diff: 0.1]
      [Ext Root Scanning (ms): Min: 0.1, Avg: 0.1, Max: 0.2, Diff: 0.1, Sum: 1.0]
      [Update RS (ms): Min: 1.2, Avg: 1.2, Max: 1.2, Diff: 0.1, Sum: 9.6]
         [Processed Buffers: Min: 13, Avg: 13.9, Max: 15, Diff: 2, Sum: 111]
      [Scan RS (ms): Min: 0.0, Avg: 0.0, Max: 0.1, Diff: 0.0, Sum: 0.2]
      [Code Root Scanning (ms): Min: 0.0, Avg: 0.0, Max: 0.0, Diff: 0.0, Sum: 0.0]
      [Object Copy (ms): Min: 3.3, Avg: 3.3, Max: 3.3, Diff: 0.0, Sum: 26.5]
      [Termination (ms): Min: 0.0, Avg: 0.0, Max: 0.1, Diff: 0.1, Sum: 0.2]
         [Termination Attempts: Min: 1, Avg: 1.2, Max: 2, Diff: 1, Sum: 10]
      [GC Worker Other (ms): Min: 0.0, Avg: 0.0, Max: 0.0, Diff: 0.0, Sum: 0.1]
      [GC Worker Total (ms): Min: 4.7, Avg: 4.7, Max: 4.8, Diff: 0.1, Sum: 37.7]
      [GC Worker End (ms): Min: 2834.8, Avg: 2834.8, Max: 2834.8, Diff: 0.0]
   [Code Root Fixup: 0.0 ms]
   [Code Root Purge: 0.0 ms]
   [Clear CT: 0.2 ms]
   [Other: 0.8 ms]
      [Choose CSet: 0.0 ms]
      [Ref Proc: 0.3 ms]
      [Ref Enq: 0.0 ms]
      [Redirty Cards: 0.1 ms]
      [Humongous Register: 0.1 ms]
      [Humongous Reclaim: 0.1 ms]
      [Free CSet: 0.1 ms]
   [Eden: 44.0M(44.0M)->0.0B(134.0M) Survivors: 7168.0K->7168.0K Heap: 756.0M(1024.0M)->691.0M(1024.0M)]
 [Times: user=0.04 sys=0.00, real=0.01 secs] 
2021-01-18T10:16:05.894-0800: 2.836: [GC pause (G1 Humongous Allocation) (young) (initial-mark), 0.0018215 secs]
   [Parallel Time: 1.1 ms, GC Workers: 8]
      [GC Worker Start (ms): Min: 2836.0, Avg: 2836.1, Max: 2836.1, Diff: 0.1]
      [Ext Root Scanning (ms): Min: 0.1, Avg: 0.1, Max: 0.2, Diff: 0.1, Sum: 1.1]
      [Update RS (ms): Min: 0.1, Avg: 0.1, Max: 0.1, Diff: 0.1, Sum: 0.7]
         [Processed Buffers: Min: 1, Avg: 1.1, Max: 2, Diff: 1, Sum: 9]
      [Scan RS (ms): Min: 0.0, Avg: 0.0, Max: 0.0, Diff: 0.0, Sum: 0.0]
      [Code Root Scanning (ms): Min: 0.0, Avg: 0.0, Max: 0.0, Diff: 0.0, Sum: 0.0]
      [Object Copy (ms): Min: 0.4, Avg: 0.5, Max: 0.6, Diff: 0.3, Sum: 4.1]
      [Termination (ms): Min: 0.0, Avg: 0.2, Max: 0.3, Diff: 0.3, Sum: 1.3]
         [Termination Attempts: Min: 1, Avg: 1.0, Max: 1, Diff: 0, Sum: 8]
      [GC Worker Other (ms): Min: 0.0, Avg: 0.0, Max: 0.0, Diff: 0.0, Sum: 0.1]
      [GC Worker Total (ms): Min: 0.8, Avg: 0.9, Max: 1.0, Diff: 0.1, Sum: 7.3]
      [GC Worker End (ms): Min: 2836.9, Avg: 2837.0, Max: 2837.0, Diff: 0.1]
   [Code Root Fixup: 0.0 ms]
   [Code Root Purge: 0.0 ms]
   [Clear CT: 0.2 ms]
   [Other: 0.6 ms]
      [Choose CSet: 0.0 ms]
      [Ref Proc: 0.2 ms]
      [Ref Enq: 0.0 ms]
      [Redirty Cards: 0.2 ms]
      [Humongous Register: 0.1 ms]
      [Humongous Reclaim: 0.0 ms]
      [Free CSet: 0.0 ms]
   [Eden: 1024.0K(134.0M)->0.0B(140.0M) Survivors: 7168.0K->7168.0K Heap: 691.3M(1024.0M)->690.5M(1024.0M)]
 [Times: user=0.00 sys=0.01, real=0.00 secs] 
2021-01-18T10:16:05.896-0800: 2.838: [GC concurrent-root-region-scan-start]
2021-01-18T10:16:05.896-0800: 2.838: [GC concurrent-root-region-scan-end, 0.0000819 secs]
2021-01-18T10:16:05.896-0800: 2.838: [GC concurrent-mark-start]
2021-01-18T10:16:05.897-0800: 2.839: [GC concurrent-mark-end, 0.0015336 secs]
2021-01-18T10:16:05.897-0800: 2.840: [GC remark 2021-01-18T10:16:05.897-0800: 2.840: [Finalize Marking, 0.0002491 secs] 2021-01-18T10:16:05.898-0800: 2.840: [GC ref-proc, 0.0000556 secs] 2021-01-18T10:16:05.898-0800: 2.840: [Unloading, 0.0005712 secs], 0.0019038 secs]
 [Times: user=0.01 sys=0.00, real=0.00 secs] 
2021-01-18T10:16:05.899-0800: 2.842: [GC cleanup 701M->689M(1024M), 0.0010118 secs]
 [Times: user=0.00 sys=0.00, real=0.01 secs] 
2021-01-18T10:16:05.901-0800: 2.843: [GC concurrent-cleanup-start]
2021-01-18T10:16:05.901-0800: 2.843: [GC concurrent-cleanup-end, 0.0000147 secs]
2021-01-18T10:16:05.923-0800: 2.866: [GC pause (G1 Evacuation Pause) (young), 0.0086090 secs]
   [Parallel Time: 7.2 ms, GC Workers: 8]
      [GC Worker Start (ms): Min: 2865.8, Avg: 2865.8, Max: 2865.9, Diff: 0.1]
      [Ext Root Scanning (ms): Min: 0.1, Avg: 0.1, Max: 0.2, Diff: 0.1, Sum: 0.8]
      [Update RS (ms): Min: 3.1, Avg: 3.1, Max: 3.1, Diff: 0.1, Sum: 24.8]
         [Processed Buffers: Min: 36, Avg: 41.4, Max: 44, Diff: 8, Sum: 331]
      [Scan RS (ms): Min: 0.0, Avg: 0.0, Max: 0.0, Diff: 0.0, Sum: 0.1]
      [Code Root Scanning (ms): Min: 0.0, Avg: 0.0, Max: 0.0, Diff: 0.0, Sum: 0.0]
      [Object Copy (ms): Min: 3.7, Avg: 3.7, Max: 3.8, Diff: 0.1, Sum: 29.9]
      [Termination (ms): Min: 0.0, Avg: 0.1, Max: 0.1, Diff: 0.1, Sum: 0.5]
         [Termination Attempts: Min: 1, Avg: 1.0, Max: 1, Diff: 0, Sum: 8]
      [GC Worker Other (ms): Min: 0.0, Avg: 0.0, Max: 0.0, Diff: 0.0, Sum: 0.1]
      [GC Worker Total (ms): Min: 7.0, Avg: 7.0, Max: 7.1, Diff: 0.1, Sum: 56.3]
      [GC Worker End (ms): Min: 2872.8, Avg: 2872.9, Max: 2872.9, Diff: 0.0]
   [Code Root Fixup: 0.0 ms]
   [Code Root Purge: 0.0 ms]
   [Clear CT: 0.2 ms]
   [Other: 1.3 ms]
      [Choose CSet: 0.0 ms]
      [Ref Proc: 0.8 ms]
      [Ref Enq: 0.0 ms]
      [Redirty Cards: 0.1 ms]
      [Humongous Register: 0.1 ms]
      [Humongous Reclaim: 0.1 ms]
      [Free CSet: 0.1 ms]
   [Eden: 140.0M(140.0M)->0.0B(32.0M) Survivors: 7168.0K->19.0M Heap: 858.9M(1024.0M)->716.1M(1024.0M)]
 [Times: user=0.06 sys=0.00, real=0.01 secs] 
2021-01-18T10:16:05.938-0800: 2.880: [GC pause (G1 Evacuation Pause) (mixed), 0.0052219 secs]
   [Parallel Time: 4.2 ms, GC Workers: 8]
      [GC Worker Start (ms): Min: 2880.4, Avg: 2880.7, Max: 2882.4, Diff: 2.1]
      [Ext Root Scanning (ms): Min: 0.0, Avg: 0.1, Max: 0.2, Diff: 0.2, Sum: 0.8]
      [Update RS (ms): Min: 0.0, Avg: 0.7, Max: 0.8, Diff: 0.8, Sum: 5.5]
         [Processed Buffers: Min: 0, Avg: 9.0, Max: 12, Diff: 12, Sum: 72]
      [Scan RS (ms): Min: 0.0, Avg: 0.0, Max: 0.1, Diff: 0.0, Sum: 0.3]
      [Code Root Scanning (ms): Min: 0.0, Avg: 0.0, Max: 0.0, Diff: 0.0, Sum: 0.0]
      [Object Copy (ms): Min: 1.9, Avg: 2.9, Max: 3.1, Diff: 1.2, Sum: 23.5]
      [Termination (ms): Min: 0.0, Avg: 0.1, Max: 0.1, Diff: 0.1, Sum: 0.4]
         [Termination Attempts: Min: 1, Avg: 1.0, Max: 1, Diff: 0, Sum: 8]
      [GC Worker Other (ms): Min: 0.0, Avg: 0.0, Max: 0.0, Diff: 0.0, Sum: 0.1]
      [GC Worker Total (ms): Min: 2.1, Avg: 3.8, Max: 4.2, Diff: 2.1, Sum: 30.6]
      [GC Worker End (ms): Min: 2884.5, Avg: 2884.5, Max: 2884.5, Diff: 0.0]
   [Code Root Fixup: 0.0 ms]
   [Code Root Purge: 0.0 ms]
   [Clear CT: 0.2 ms]
   [Other: 0.8 ms]
      [Choose CSet: 0.0 ms]
      [Ref Proc: 0.2 ms]
      [Ref Enq: 0.0 ms]
      [Redirty Cards: 0.2 ms]
      [Humongous Register: 0.1 ms]
      [Humongous Reclaim: 0.0 ms]
      [Free CSet: 0.1 ms]
   [Eden: 32.0M(32.0M)->0.0B(44.0M) Survivors: 19.0M->7168.0K Heap: 755.9M(1024.0M)->627.7M(1024.0M)]
 [Times: user=0.03 sys=0.00, real=0.01 secs] 
2021-01-18T10:16:05.951-0800: 2.894: [GC pause (G1 Evacuation Pause) (mixed), 0.0066516 secs]
   [Parallel Time: 5.8 ms, GC Workers: 8]
      [GC Worker Start (ms): Min: 2893.7, Avg: 2893.8, Max: 2893.9, Diff: 0.1]
      [Ext Root Scanning (ms): Min: 0.1, Avg: 0.1, Max: 0.2, Diff: 0.1, Sum: 0.9]
      [Update RS (ms): Min: 0.9, Avg: 0.9, Max: 0.9, Diff: 0.0, Sum: 7.4]
         [Processed Buffers: Min: 10, Avg: 11.2, Max: 12, Diff: 2, Sum: 90]
      [Scan RS (ms): Min: 0.0, Avg: 0.0, Max: 0.1, Diff: 0.0, Sum: 0.3]
      [Code Root Scanning (ms): Min: 0.0, Avg: 0.0, Max: 0.0, Diff: 0.0, Sum: 0.0]
      [Object Copy (ms): Min: 4.0, Avg: 4.0, Max: 4.5, Diff: 0.5, Sum: 32.3]
      [Termination (ms): Min: 0.0, Avg: 0.5, Max: 0.5, Diff: 0.5, Sum: 3.7]
         [Termination Attempts: Min: 1, Avg: 1.2, Max: 2, Diff: 1, Sum: 10]
      [GC Worker Other (ms): Min: 0.0, Avg: 0.0, Max: 0.0, Diff: 0.0, Sum: 0.1]
      [GC Worker Total (ms): Min: 5.5, Avg: 5.6, Max: 5.6, Diff: 0.1, Sum: 44.7]
      [GC Worker End (ms): Min: 2899.4, Avg: 2899.4, Max: 2899.4, Diff: 0.1]
   [Code Root Fixup: 0.0 ms]
   [Code Root Purge: 0.0 ms]
   [Clear CT: 0.2 ms]
   [Other: 0.7 ms]
      [Choose CSet: 0.0 ms]
      [Ref Proc: 0.2 ms]
      [Ref Enq: 0.0 ms]
      [Redirty Cards: 0.1 ms]
      [Humongous Register: 0.1 ms]
      [Humongous Reclaim: 0.0 ms]
      [Free CSet: 0.1 ms]
   [Eden: 44.0M(44.0M)->0.0B(44.0M) Survivors: 7168.0K->7168.0K Heap: 681.8M(1024.0M)->566.1M(1024.0M)]
 [Times: user=0.04 sys=0.00, real=0.00 secs] 
2021-01-18T10:16:05.967-0800: 2.909: [GC pause (G1 Evacuation Pause) (mixed), 0.0085266 secs]
   [Parallel Time: 7.6 ms, GC Workers: 8]
      [GC Worker Start (ms): Min: 2908.9, Avg: 2909.0, Max: 2909.0, Diff: 0.1]
      [Ext Root Scanning (ms): Min: 0.1, Avg: 0.1, Max: 0.2, Diff: 0.1, Sum: 1.0]
      [Update RS (ms): Min: 1.2, Avg: 1.2, Max: 1.2, Diff: 0.1, Sum: 9.7]
         [Processed Buffers: Min: 14, Avg: 14.2, Max: 15, Diff: 1, Sum: 114]
      [Scan RS (ms): Min: 0.0, Avg: 0.0, Max: 0.1, Diff: 0.1, Sum: 0.4]
      [Code Root Scanning (ms): Min: 0.0, Avg: 0.0, Max: 0.0, Diff: 0.0, Sum: 0.0]
      [Object Copy (ms): Min: 5.0, Avg: 5.2, Max: 5.8, Diff: 0.8, Sum: 41.3]
      [Termination (ms): Min: 0.0, Avg: 0.7, Max: 0.9, Diff: 0.9, Sum: 5.9]
         [Termination Attempts: Min: 1, Avg: 1.0, Max: 1, Diff: 0, Sum: 8]
      [GC Worker Other (ms): Min: 0.0, Avg: 0.0, Max: 0.0, Diff: 0.0, Sum: 0.1]
      [GC Worker Total (ms): Min: 7.2, Avg: 7.3, Max: 7.4, Diff: 0.2, Sum: 58.4]
      [GC Worker End (ms): Min: 2916.2, Avg: 2916.3, Max: 2916.4, Diff: 0.2]
   [Code Root Fixup: 0.0 ms]
   [Code Root Purge: 0.0 ms]
   [Clear CT: 0.1 ms]
   [Other: 0.8 ms]
      [Choose CSet: 0.0 ms]
      [Ref Proc: 0.2 ms]
      [Ref Enq: 0.0 ms]
      [Redirty Cards: 0.2 ms]
      [Humongous Register: 0.1 ms]
      [Humongous Reclaim: 0.1 ms]
      [Free CSet: 0.1 ms]
   [Eden: 44.0M(44.0M)->0.0B(44.0M) Survivors: 7168.0K->7168.0K Heap: 623.1M(1024.0M)->512.1M(1024.0M)]
 [Times: user=0.05 sys=0.00, real=0.01 secs] 
2021-01-18T10:16:05.985-0800: 2.927: [GC pause (G1 Evacuation Pause) (mixed), 0.0062398 secs]
   [Parallel Time: 5.3 ms, GC Workers: 8]
      [GC Worker Start (ms): Min: 2927.0, Avg: 2927.1, Max: 2927.1, Diff: 0.1]
      [Ext Root Scanning (ms): Min: 0.1, Avg: 0.1, Max: 0.2, Diff: 0.1, Sum: 1.0]
      [Update RS (ms): Min: 1.5, Avg: 1.5, Max: 1.6, Diff: 0.1, Sum: 12.3]
         [Processed Buffers: Min: 16, Avg: 17.8, Max: 18, Diff: 2, Sum: 142]
      [Scan RS (ms): Min: 0.0, Avg: 0.0, Max: 0.1, Diff: 0.1, Sum: 0.4]
      [Code Root Scanning (ms): Min: 0.0, Avg: 0.0, Max: 0.0, Diff: 0.0, Sum: 0.0]
      [Object Copy (ms): Min: 3.1, Avg: 3.2, Max: 3.3, Diff: 0.2, Sum: 25.7]
      [Termination (ms): Min: 0.0, Avg: 0.2, Max: 0.3, Diff: 0.3, Sum: 1.6]
         [Termination Attempts: Min: 1, Avg: 1.1, Max: 2, Diff: 1, Sum: 9]
      [GC Worker Other (ms): Min: 0.0, Avg: 0.0, Max: 0.0, Diff: 0.0, Sum: 0.1]
      [GC Worker Total (ms): Min: 5.0, Avg: 5.1, Max: 5.2, Diff: 0.2, Sum: 41.1]
      [GC Worker End (ms): Min: 2932.2, Avg: 2932.2, Max: 2932.3, Diff: 0.1]
   [Code Root Fixup: 0.0 ms]
   [Code Root Purge: 0.0 ms]
   [Clear CT: 0.2 ms]
   [Other: 0.7 ms]
      [Choose CSet: 0.0 ms]
      [Ref Proc: 0.2 ms]
      [Ref Enq: 0.0 ms]
      [Redirty Cards: 0.2 ms]
      [Humongous Register: 0.1 ms]
      [Humongous Reclaim: 0.0 ms]
      [Free CSet: 0.1 ms]
   [Eden: 44.0M(44.0M)->0.0B(290.0M) Survivors: 7168.0K->7168.0K Heap: 572.7M(1024.0M)->505.1M(1024.0M)]
 [Times: user=0.04 sys=0.01, real=0.01 secs] 
2021-01-18T10:16:05.991-0800: 2.934: [GC pause (G1 Humongous Allocation) (young) (initial-mark), 0.0017558 secs]
   [Parallel Time: 1.0 ms, GC Workers: 8]
      [GC Worker Start (ms): Min: 2933.7, Avg: 2933.8, Max: 2933.8, Diff: 0.2]
      [Ext Root Scanning (ms): Min: 0.1, Avg: 0.1, Max: 0.2, Diff: 0.2, Sum: 1.0]
      [Update RS (ms): Min: 0.0, Avg: 0.1, Max: 0.2, Diff: 0.2, Sum: 0.9]
         [Processed Buffers: Min: 1, Avg: 1.1, Max: 2, Diff: 1, Sum: 9]
      [Scan RS (ms): Min: 0.0, Avg: 0.0, Max: 0.0, Diff: 0.0, Sum: 0.0]
      [Code Root Scanning (ms): Min: 0.0, Avg: 0.0, Max: 0.0, Diff: 0.0, Sum: 0.0]
      [Object Copy (ms): Min: 0.4, Avg: 0.5, Max: 0.6, Diff: 0.2, Sum: 3.7]
      [Termination (ms): Min: 0.0, Avg: 0.1, Max: 0.2, Diff: 0.2, Sum: 0.7]
         [Termination Attempts: Min: 1, Avg: 1.0, Max: 1, Diff: 0, Sum: 8]
      [GC Worker Other (ms): Min: 0.0, Avg: 0.0, Max: 0.0, Diff: 0.0, Sum: 0.1]
      [GC Worker Total (ms): Min: 0.7, Avg: 0.8, Max: 0.9, Diff: 0.2, Sum: 6.5]
      [GC Worker End (ms): Min: 2934.5, Avg: 2934.6, Max: 2934.6, Diff: 0.1]
   [Code Root Fixup: 0.0 ms]
   [Code Root Purge: 0.0 ms]
   [Clear CT: 0.2 ms]
   [Other: 0.6 ms]
      [Choose CSet: 0.0 ms]
      [Ref Proc: 0.2 ms]
      [Ref Enq: 0.0 ms]
      [Redirty Cards: 0.1 ms]
      [Humongous Register: 0.1 ms]
      [Humongous Reclaim: 0.0 ms]
      [Free CSet: 0.0 ms]
   [Eden: 2048.0K(290.0M)->0.0B(271.0M) Survivors: 7168.0K->7168.0K Heap: 506.6M(1024.0M)->505.0M(1024.0M)]
 [Times: user=0.00 sys=0.00, real=0.00 secs] 
2021-01-18T10:16:05.993-0800: 2.935: [GC concurrent-root-region-scan-start]
2021-01-18T10:16:05.993-0800: 2.936: [GC concurrent-root-region-scan-end, 0.0000994 secs]
2021-01-18T10:16:05.993-0800: 2.936: [GC concurrent-mark-start]
2021-01-18T10:16:05.995-0800: 2.937: [GC concurrent-mark-end, 0.0012964 secs]
2021-01-18T10:16:05.995-0800: 2.937: [GC remark 2021-01-18T10:16:05.995-0800: 2.937: [Finalize Marking, 0.0002349 secs] 2021-01-18T10:16:05.995-0800: 2.937: [GC ref-proc, 0.0000519 secs] 2021-01-18T10:16:05.995-0800: 2.937: [Unloading, 0.0005309 secs], 0.0018890 secs]
 [Times: user=0.01 sys=0.00, real=0.00 secs] 
2021-01-18T10:16:05.997-0800: 2.939: [GC cleanup 516M->512M(1024M), 0.0009755 secs]
 [Times: user=0.00 sys=0.00, real=0.00 secs] 
2021-01-18T10:16:05.998-0800: 2.940: [GC concurrent-cleanup-start]
2021-01-18T10:16:05.998-0800: 2.940: [GC concurrent-cleanup-end, 0.0000155 secs]
2021-01-18T10:16:06.039-0800: 2.982: [GC pause (G1 Evacuation Pause) (young), 0.0123344 secs]
   [Parallel Time: 11.5 ms, GC Workers: 8]
      [GC Worker Start (ms): Min: 2981.7, Avg: 2981.8, Max: 2981.8, Diff: 0.1]
      [Ext Root Scanning (ms): Min: 0.0, Avg: 0.1, Max: 0.3, Diff: 0.3, Sum: 1.0]
      [Update RS (ms): Min: 4.1, Avg: 4.3, Max: 4.4, Diff: 0.3, Sum: 34.5]
         [Processed Buffers: Min: 48, Avg: 65.9, Max: 73, Diff: 25, Sum: 527]
      [Scan RS (ms): Min: 0.0, Avg: 0.0, Max: 0.0, Diff: 0.0, Sum: 0.2]
      [Code Root Scanning (ms): Min: 0.0, Avg: 0.0, Max: 0.0, Diff: 0.0, Sum: 0.0]
      [Object Copy (ms): Min: 6.8, Avg: 6.8, Max: 6.9, Diff: 0.1, Sum: 54.5]
      [Termination (ms): Min: 0.0, Avg: 0.1, Max: 0.1, Diff: 0.1, Sum: 0.6]
         [Termination Attempts: Min: 1, Avg: 1.0, Max: 1, Diff: 0, Sum: 8]
      [GC Worker Other (ms): Min: 0.0, Avg: 0.0, Max: 0.0, Diff: 0.0, Sum: 0.1]
      [GC Worker Total (ms): Min: 11.3, Avg: 11.4, Max: 11.4, Diff: 0.1, Sum: 90.9]
      [GC Worker End (ms): Min: 2993.1, Avg: 2993.1, Max: 2993.2, Diff: 0.1]
   [Code Root Fixup: 0.0 ms]
   [Code Root Purge: 0.0 ms]
   [Clear CT: 0.1 ms]
   [Other: 0.7 ms]
      [Choose CSet: 0.0 ms]
      [Ref Proc: 0.1 ms]
      [Ref Enq: 0.0 ms]
      [Redirty Cards: 0.2 ms]
      [Humongous Register: 0.1 ms]
      [Humongous Reclaim: 0.1 ms]
      [Free CSet: 0.1 ms]
   [Eden: 271.0M(271.0M)->0.0B(16.0M) Survivors: 7168.0K->35.0M Heap: 837.0M(1024.0M)->569.5M(1024.0M)]
 [Times: user=0.09 sys=0.00, real=0.02 secs] 
2021-01-18T10:16:06.055-0800: 2.997: [GC pause (G1 Evacuation Pause) (mixed), 0.0082049 secs]
   [Parallel Time: 7.0 ms, GC Workers: 8]
      [GC Worker Start (ms): Min: 2997.6, Avg: 2997.7, Max: 2997.7, Diff: 0.1]
      [Ext Root Scanning (ms): Min: 0.1, Avg: 0.1, Max: 0.2, Diff: 0.1, Sum: 0.9]
      [Update RS (ms): Min: 0.2, Avg: 0.2, Max: 0.2, Diff: 0.1, Sum: 1.6]
         [Processed Buffers: Min: 2, Avg: 2.6, Max: 3, Diff: 1, Sum: 21]
      [Scan RS (ms): Min: 0.0, Avg: 0.1, Max: 0.1, Diff: 0.1, Sum: 0.5]
      [Code Root Scanning (ms): Min: 0.0, Avg: 0.0, Max: 0.0, Diff: 0.0, Sum: 0.0]
      [Object Copy (ms): Min: 6.2, Avg: 6.3, Max: 6.3, Diff: 0.1, Sum: 50.4]
      [Termination (ms): Min: 0.0, Avg: 0.1, Max: 0.2, Diff: 0.2, Sum: 0.5]
         [Termination Attempts: Min: 1, Avg: 1.0, Max: 1, Diff: 0, Sum: 8]
      [GC Worker Other (ms): Min: 0.0, Avg: 0.0, Max: 0.0, Diff: 0.0, Sum: 0.1]
      [GC Worker Total (ms): Min: 6.7, Avg: 6.8, Max: 6.9, Diff: 0.2, Sum: 54.0]
      [GC Worker End (ms): Min: 3004.4, Avg: 3004.4, Max: 3004.5, Diff: 0.1]
   [Code Root Fixup: 0.0 ms]
   [Code Root Purge: 0.0 ms]
   [Clear CT: 0.2 ms]
   [Other: 1.1 ms]
      [Choose CSet: 0.0 ms]
      [Ref Proc: 0.4 ms]
      [Ref Enq: 0.0 ms]
      [Redirty Cards: 0.2 ms]
      [Humongous Register: 0.1 ms]
      [Humongous Reclaim: 0.0 ms]
      [Free CSet: 0.1 ms]
   [Eden: 16.0M(16.0M)->0.0B(47.0M) Survivors: 35.0M->4096.0K Heap: 586.9M(1024.0M)->499.7M(1024.0M)]
 [Times: user=0.06 sys=0.00, real=0.01 secs] 
2021-01-18T10:16:06.074-0800: 3.016: [GC pause (G1 Evacuation Pause) (mixed), 0.0056236 secs]
   [Parallel Time: 4.8 ms, GC Workers: 8]
      [GC Worker Start (ms): Min: 3016.0, Avg: 3016.1, Max: 3016.2, Diff: 0.1]
      [Ext Root Scanning (ms): Min: 0.1, Avg: 0.1, Max: 0.2, Diff: 0.1, Sum: 0.9]
      [Update RS (ms): Min: 1.1, Avg: 1.1, Max: 1.1, Diff: 0.1, Sum: 8.7]
         [Processed Buffers: Min: 10, Avg: 11.5, Max: 12, Diff: 2, Sum: 92]
      [Scan RS (ms): Min: 0.0, Avg: 0.0, Max: 0.1, Diff: 0.1, Sum: 0.3]
      [Code Root Scanning (ms): Min: 0.0, Avg: 0.0, Max: 0.0, Diff: 0.0, Sum: 0.0]
      [Object Copy (ms): Min: 2.5, Avg: 2.6, Max: 3.3, Diff: 0.8, Sum: 21.1]
      [Termination (ms): Min: 0.0, Avg: 0.7, Max: 0.9, Diff: 0.9, Sum: 5.6]
         [Termination Attempts: Min: 1, Avg: 1.1, Max: 2, Diff: 1, Sum: 9]
      [GC Worker Other (ms): Min: 0.0, Avg: 0.0, Max: 0.0, Diff: 0.0, Sum: 0.1]
      [GC Worker Total (ms): Min: 4.5, Avg: 4.6, Max: 4.7, Diff: 0.2, Sum: 36.7]
      [GC Worker End (ms): Min: 3020.7, Avg: 3020.7, Max: 3020.8, Diff: 0.1]
   [Code Root Fixup: 0.0 ms]
   [Code Root Purge: 0.0 ms]
   [Clear CT: 0.1 ms]
   [Other: 0.7 ms]
      [Choose CSet: 0.0 ms]
      [Ref Proc: 0.2 ms]
      [Ref Enq: 0.0 ms]
      [Redirty Cards: 0.2 ms]
      [Humongous Register: 0.1 ms]
      [Humongous Reclaim: 0.0 ms]
      [Free CSet: 0.1 ms]
   [Eden: 47.0M(47.0M)->0.0B(279.0M) Survivors: 4096.0K->7168.0K Heap: 557.0M(1024.0M)->498.7M(1024.0M)]
 [Times: user=0.03 sys=0.00, real=0.00 secs] 
2021-01-18T10:16:06.080-0800: 3.022: [GC pause (G1 Humongous Allocation) (young) (initial-mark), 0.0018395 secs]
   [Parallel Time: 1.0 ms, GC Workers: 8]
      [GC Worker Start (ms): Min: 3022.6, Avg: 3022.7, Max: 3022.7, Diff: 0.1]
      [Ext Root Scanning (ms): Min: 0.1, Avg: 0.1, Max: 0.2, Diff: 0.1, Sum: 1.2]
      [Update RS (ms): Min: 0.0, Avg: 0.1, Max: 0.1, Diff: 0.1, Sum: 0.7]
         [Processed Buffers: Min: 1, Avg: 1.1, Max: 2, Diff: 1, Sum: 9]
      [Scan RS (ms): Min: 0.0, Avg: 0.0, Max: 0.0, Diff: 0.0, Sum: 0.0]
      [Code Root Scanning (ms): Min: 0.0, Avg: 0.0, Max: 0.0, Diff: 0.0, Sum: 0.0]
      [Object Copy (ms): Min: 0.6, Avg: 0.6, Max: 0.6, Diff: 0.1, Sum: 4.8]
      [Termination (ms): Min: 0.0, Avg: 0.0, Max: 0.1, Diff: 0.1, Sum: 0.3]
         [Termination Attempts: Min: 1, Avg: 1.0, Max: 1, Diff: 0, Sum: 8]
      [GC Worker Other (ms): Min: 0.0, Avg: 0.0, Max: 0.0, Diff: 0.0, Sum: 0.1]
      [GC Worker Total (ms): Min: 0.8, Avg: 0.9, Max: 0.9, Diff: 0.1, Sum: 7.1]
      [GC Worker End (ms): Min: 3023.6, Avg: 3023.6, Max: 3023.6, Diff: 0.0]
   [Code Root Fixup: 0.0 ms]
   [Code Root Purge: 0.0 ms]
   [Clear CT: 0.1 ms]
   [Other: 0.7 ms]
      [Choose CSet: 0.0 ms]
      [Ref Proc: 0.2 ms]
      [Ref Enq: 0.0 ms]
      [Redirty Cards: 0.2 ms]
      [Humongous Register: 0.1 ms]
      [Humongous Reclaim: 0.0 ms]
      [Free CSet: 0.0 ms]
   [Eden: 5120.0K(279.0M)->0.0B(273.0M) Survivors: 7168.0K->9216.0K Heap: 503.0M(1024.0M)->499.4M(1024.0M)]
 [Times: user=0.01 sys=0.00, real=0.00 secs] 
2021-01-18T10:16:06.082-0800: 3.024: [GC concurrent-root-region-scan-start]
2021-01-18T10:16:06.082-0800: 3.025: [GC concurrent-root-region-scan-end, 0.0000924 secs]
2021-01-18T10:16:06.082-0800: 3.025: [GC concurrent-mark-start]
2021-01-18T10:16:06.084-0800: 3.026: [GC concurrent-mark-end, 0.0012967 secs]
2021-01-18T10:16:06.084-0800: 3.026: [GC remark 2021-01-18T10:16:06.084-0800: 3.026: [Finalize Marking, 0.0002868 secs] 2021-01-18T10:16:06.084-0800: 3.026: [GC ref-proc, 0.0000554 secs] 2021-01-18T10:16:06.084-0800: 3.026: [Unloading, 0.0005278 secs], 0.0019260 secs]
 [Times: user=0.01 sys=0.00, real=0.00 secs] 
2021-01-18T10:16:06.086-0800: 3.028: [GC cleanup 508M->504M(1024M), 0.0009540 secs]
 [Times: user=0.01 sys=0.01, real=0.00 secs] 
2021-01-18T10:16:06.087-0800: 3.029: [GC concurrent-cleanup-start]
2021-01-18T10:16:06.087-0800: 3.029: [GC concurrent-cleanup-end, 0.0000118 secs]
2021-01-18T10:16:06.129-0800: 3.071: [GC pause (G1 Evacuation Pause) (young) (to-space exhausted), 0.0141678 secs]
   [Parallel Time: 12.4 ms, GC Workers: 8]
      [GC Worker Start (ms): Min: 3071.6, Avg: 3071.7, Max: 3072.1, Diff: 0.5]
      [Ext Root Scanning (ms): Min: 0.0, Avg: 0.1, Max: 0.1, Diff: 0.1, Sum: 0.7]
      [Update RS (ms): Min: 4.9, Avg: 5.2, Max: 5.3, Diff: 0.4, Sum: 42.0]
         [Processed Buffers: Min: 60, Avg: 77.8, Max: 85, Diff: 25, Sum: 622]
      [Scan RS (ms): Min: 0.0, Avg: 0.0, Max: 0.0, Diff: 0.0, Sum: 0.2]
      [Code Root Scanning (ms): Min: 0.0, Avg: 0.0, Max: 0.0, Diff: 0.0, Sum: 0.0]
      [Object Copy (ms): Min: 6.7, Avg: 6.7, Max: 6.9, Diff: 0.2, Sum: 53.5]
      [Termination (ms): Min: 0.0, Avg: 0.2, Max: 0.2, Diff: 0.2, Sum: 1.5]
         [Termination Attempts: Min: 1, Avg: 1.0, Max: 1, Diff: 0, Sum: 8]
      [GC Worker Other (ms): Min: 0.0, Avg: 0.0, Max: 0.0, Diff: 0.0, Sum: 0.1]
      [GC Worker Total (ms): Min: 11.9, Avg: 12.3, Max: 12.4, Diff: 0.5, Sum: 98.0]
      [GC Worker End (ms): Min: 3084.0, Avg: 3084.0, Max: 3084.0, Diff: 0.0]
   [Code Root Fixup: 0.0 ms]
   [Code Root Purge: 0.0 ms]
   [Clear CT: 0.2 ms]
   [Other: 1.6 ms]
      [Evacuation Failure: 0.2 ms]
      [Choose CSet: 0.0 ms]
      [Ref Proc: 0.8 ms]
      [Ref Enq: 0.0 ms]
      [Redirty Cards: 0.1 ms]
      [Humongous Register: 0.2 ms]
      [Humongous Reclaim: 0.1 ms]
      [Free CSet: 0.1 ms]
   [Eden: 273.0M(273.0M)->0.0B(15.0M) Survivors: 9216.0K->36.0M Heap: 844.9M(1024.0M)->588.5M(1024.0M)]
 [Times: user=0.09 sys=0.00, real=0.02 secs] 
2021-01-18T10:16:06.146-0800: 3.088: [GC pause (G1 Evacuation Pause) (mixed), 0.0089028 secs]
   [Parallel Time: 7.2 ms, GC Workers: 8]
      [GC Worker Start (ms): Min: 3088.1, Avg: 3088.8, Max: 3089.6, Diff: 1.5]
      [Ext Root Scanning (ms): Min: 0.0, Avg: 0.1, Max: 0.2, Diff: 0.2, Sum: 0.7]
      [Update RS (ms): Min: 0.0, Avg: 0.2, Max: 0.4, Diff: 0.4, Sum: 1.4]
         [Processed Buffers: Min: 0, Avg: 3.9, Max: 11, Diff: 11, Sum: 31]
      [Scan RS (ms): Min: 0.0, Avg: 0.0, Max: 0.1, Diff: 0.1, Sum: 0.4]
      [Code Root Scanning (ms): Min: 0.0, Avg: 0.0, Max: 0.0, Diff: 0.0, Sum: 0.0]
      [Object Copy (ms): Min: 5.3, Avg: 5.9, Max: 6.4, Diff: 1.1, Sum: 47.5]
      [Termination (ms): Min: 0.0, Avg: 0.2, Max: 0.3, Diff: 0.3, Sum: 1.3]
         [Termination Attempts: Min: 1, Avg: 1.0, Max: 1, Diff: 0, Sum: 8]
      [GC Worker Other (ms): Min: 0.0, Avg: 0.0, Max: 0.0, Diff: 0.0, Sum: 0.1]
      [GC Worker Total (ms): Min: 5.5, Avg: 6.4, Max: 7.1, Diff: 1.6, Sum: 51.4]
      [GC Worker End (ms): Min: 3095.2, Avg: 3095.2, Max: 3095.3, Diff: 0.1]
   [Code Root Fixup: 0.0 ms]
   [Code Root Purge: 0.0 ms]
   [Clear CT: 0.2 ms]
   [Other: 1.6 ms]
      [Choose CSet: 0.1 ms]
      [Ref Proc: 1.0 ms]
      [Ref Enq: 0.0 ms]
      [Redirty Cards: 0.1 ms]
      [Humongous Register: 0.1 ms]
      [Humongous Reclaim: 0.0 ms]
      [Free CSet: 0.1 ms]
   [Eden: 15.0M(15.0M)->0.0B(47.0M) Survivors: 36.0M->4096.0K Heap: 605.4M(1024.0M)->520.3M(1024.0M)]
 [Times: user=0.05 sys=0.00, real=0.01 secs] 
2021-01-18T10:16:06.163-0800: 3.105: [GC pause (G1 Evacuation Pause) (mixed), 0.0069542 secs]
   [Parallel Time: 5.4 ms, GC Workers: 8]
      [GC Worker Start (ms): Min: 3105.4, Avg: 3106.7, Max: 3108.1, Diff: 2.7]
      [Ext Root Scanning (ms): Min: 0.0, Avg: 0.1, Max: 0.2, Diff: 0.2, Sum: 0.7]
      [Update RS (ms): Min: 0.0, Avg: 0.8, Max: 1.5, Diff: 1.5, Sum: 6.0]
         [Processed Buffers: Min: 0, Avg: 11.4, Max: 24, Diff: 24, Sum: 91]
      [Scan RS (ms): Min: 0.0, Avg: 0.0, Max: 0.1, Diff: 0.1, Sum: 0.2]
      [Code Root Scanning (ms): Min: 0.0, Avg: 0.0, Max: 0.0, Diff: 0.0, Sum: 0.0]
      [Object Copy (ms): Min: 1.7, Avg: 2.4, Max: 2.8, Diff: 1.0, Sum: 18.9]
      [Termination (ms): Min: 0.0, Avg: 0.7, Max: 0.8, Diff: 0.8, Sum: 5.5]
         [Termination Attempts: Min: 1, Avg: 1.1, Max: 2, Diff: 1, Sum: 9]
      [GC Worker Other (ms): Min: 0.0, Avg: 0.0, Max: 0.0, Diff: 0.0, Sum: 0.1]
      [GC Worker Total (ms): Min: 2.5, Avg: 3.9, Max: 5.3, Diff: 2.8, Sum: 31.5]
      [GC Worker End (ms): Min: 3110.6, Avg: 3110.7, Max: 3110.7, Diff: 0.1]
   [Code Root Fixup: 0.0 ms]
   [Code Root Purge: 0.0 ms]
   [Clear CT: 0.2 ms]
   [Other: 1.4 ms]
      [Choose CSet: 0.0 ms]
      [Ref Proc: 0.9 ms]
      [Ref Enq: 0.0 ms]
      [Redirty Cards: 0.1 ms]
      [Humongous Register: 0.1 ms]
      [Humongous Reclaim: 0.0 ms]
      [Free CSet: 0.1 ms]
   [Eden: 47.0M(47.0M)->0.0B(253.0M) Survivors: 4096.0K->7168.0K Heap: 577.5M(1024.0M)->525.3M(1024.0M)]
 [Times: user=0.04 sys=0.00, real=0.01 secs] 
2021-01-18T10:16:06.170-0800: 3.112: [GC pause (G1 Humongous Allocation) (young) (initial-mark), 0.0034034 secs]
   [Parallel Time: 1.8 ms, GC Workers: 8]
      [GC Worker Start (ms): Min: 3112.5, Avg: 3112.6, Max: 3112.7, Diff: 0.2]
      [Ext Root Scanning (ms): Min: 0.0, Avg: 0.9, Max: 1.7, Diff: 1.7, Sum: 7.2]
      [Update RS (ms): Min: 0.0, Avg: 0.1, Max: 0.1, Diff: 0.1, Sum: 0.4]
         [Processed Buffers: Min: 0, Avg: 1.1, Max: 3, Diff: 3, Sum: 9]
      [Scan RS (ms): Min: 0.0, Avg: 0.0, Max: 0.0, Diff: 0.0, Sum: 0.0]
      [Code Root Scanning (ms): Min: 0.0, Avg: 0.0, Max: 0.0, Diff: 0.0, Sum: 0.0]
      [Object Copy (ms): Min: 0.0, Avg: 0.3, Max: 0.5, Diff: 0.5, Sum: 2.2]
      [Termination (ms): Min: 0.0, Avg: 0.4, Max: 0.9, Diff: 0.9, Sum: 3.4]
         [Termination Attempts: Min: 1, Avg: 1.2, Max: 2, Diff: 1, Sum: 10]
      [GC Worker Other (ms): Min: 0.0, Avg: 0.0, Max: 0.0, Diff: 0.0, Sum: 0.1]
      [GC Worker Total (ms): Min: 1.5, Avg: 1.7, Max: 1.7, Diff: 0.2, Sum: 13.2]
      [GC Worker End (ms): Min: 3114.2, Avg: 3114.3, Max: 3114.3, Diff: 0.0]
   [Code Root Fixup: 0.0 ms]
   [Code Root Purge: 0.0 ms]
   [Clear CT: 0.2 ms]
   [Other: 1.4 ms]
      [Choose CSet: 0.0 ms]
      [Ref Proc: 1.0 ms]
      [Ref Enq: 0.0 ms]
      [Redirty Cards: 0.1 ms]
      [Humongous Register: 0.1 ms]
      [Humongous Reclaim: 0.0 ms]
      [Free CSet: 0.0 ms]
   [Eden: 1024.0K(253.0M)->0.0B(260.0M) Survivors: 7168.0K->8192.0K Heap: 526.0M(1024.0M)->524.0M(1024.0M)]
 [Times: user=0.01 sys=0.00, real=0.00 secs] 
2021-01-18T10:16:06.174-0800: 3.116: [GC concurrent-root-region-scan-start]
2021-01-18T10:16:06.174-0800: 3.116: [GC concurrent-root-region-scan-end, 0.0001553 secs]
2021-01-18T10:16:06.174-0800: 3.116: [GC concurrent-mark-start]
2021-01-18T10:16:06.175-0800: 3.117: [GC concurrent-mark-end, 0.0013448 secs]
2021-01-18T10:16:06.175-0800: 3.118: [GC remark 2021-01-18T10:16:06.175-0800: 3.118: [Finalize Marking, 0.0009497 secs] 2021-01-18T10:16:06.176-0800: 3.119: [GC ref-proc, 0.0000700 secs] 2021-01-18T10:16:06.176-0800: 3.119: [Unloading, 0.0006116 secs], 0.0027376 secs]
 [Times: user=0.01 sys=0.00, real=0.00 secs] 
2021-01-18T10:16:06.178-0800: 3.120: [GC cleanup 534M->532M(1024M), 0.0010314 secs]
 [Times: user=0.01 sys=0.00, real=0.00 secs] 
2021-01-18T10:16:06.179-0800: 3.121: [GC concurrent-cleanup-start]
2021-01-18T10:16:06.179-0800: 3.121: [GC concurrent-cleanup-end, 0.0000136 secs]
2021-01-18T10:16:06.218-0800: 3.160: [GC pause (G1 Evacuation Pause) (young) (to-space exhausted), 0.0128591 secs]
   [Parallel Time: 11.8 ms, GC Workers: 8]
      [GC Worker Start (ms): Min: 3159.9, Avg: 3160.0, Max: 3160.0, Diff: 0.1]
      [Ext Root Scanning (ms): Min: 0.1, Avg: 0.1, Max: 0.1, Diff: 0.1, Sum: 0.7]
      [Update RS (ms): Min: 4.1, Avg: 4.1, Max: 4.2, Diff: 0.1, Sum: 32.9]
         [Processed Buffers: Min: 61, Avg: 63.4, Max: 66, Diff: 5, Sum: 507]
      [Scan RS (ms): Min: 0.0, Avg: 0.0, Max: 0.1, Diff: 0.1, Sum: 0.4]
      [Code Root Scanning (ms): Min: 0.0, Avg: 0.0, Max: 0.0, Diff: 0.0, Sum: 0.0]
      [Object Copy (ms): Min: 7.3, Avg: 7.4, Max: 7.4, Diff: 0.1, Sum: 58.8]
      [Termination (ms): Min: 0.0, Avg: 0.0, Max: 0.1, Diff: 0.1, Sum: 0.3]
         [Termination Attempts: Min: 1, Avg: 1.0, Max: 1, Diff: 0, Sum: 8]
      [GC Worker Other (ms): Min: 0.0, Avg: 0.0, Max: 0.0, Diff: 0.0, Sum: 0.1]
      [GC Worker Total (ms): Min: 11.6, Avg: 11.7, Max: 11.7, Diff: 0.1, Sum: 93.3]
      [GC Worker End (ms): Min: 3171.6, Avg: 3171.6, Max: 3171.6, Diff: 0.0]
   [Code Root Fixup: 0.0 ms]
   [Code Root Purge: 0.0 ms]
   [Clear CT: 0.1 ms]
   [Other: 0.9 ms]
      [Evacuation Failure: 0.2 ms]
      [Choose CSet: 0.0 ms]
      [Ref Proc: 0.2 ms]
      [Ref Enq: 0.0 ms]
      [Redirty Cards: 0.1 ms]
      [Humongous Register: 0.1 ms]
      [Humongous Reclaim: 0.1 ms]
      [Free CSet: 0.1 ms]
   [Eden: 260.0M(260.0M)->0.0B(17.0M) Survivors: 8192.0K->34.0M Heap: 844.3M(1024.0M)->606.7M(1024.0M)]
 [Times: user=0.09 sys=0.00, real=0.02 secs] 
2021-01-18T10:16:06.234-0800: 3.176: [GC pause (G1 Evacuation Pause) (mixed), 0.0089670 secs]
   [Parallel Time: 7.9 ms, GC Workers: 8]
      [GC Worker Start (ms): Min: 3176.1, Avg: 3176.2, Max: 3176.2, Diff: 0.1]
      [Ext Root Scanning (ms): Min: 0.1, Avg: 0.1, Max: 0.2, Diff: 0.1, Sum: 1.0]
      [Update RS (ms): Min: 0.6, Avg: 0.6, Max: 0.6, Diff: 0.1, Sum: 4.8]
         [Processed Buffers: Min: 7, Avg: 7.6, Max: 9, Diff: 2, Sum: 61]
      [Scan RS (ms): Min: 0.0, Avg: 0.0, Max: 0.1, Diff: 0.1, Sum: 0.4]
      [Code Root Scanning (ms): Min: 0.0, Avg: 0.0, Max: 0.0, Diff: 0.0, Sum: 0.0]
      [Object Copy (ms): Min: 6.0, Avg: 6.1, Max: 6.9, Diff: 0.9, Sum: 48.9]
      [Termination (ms): Min: 0.0, Avg: 0.8, Max: 1.0, Diff: 1.0, Sum: 6.6]
         [Termination Attempts: Min: 1, Avg: 1.0, Max: 1, Diff: 0, Sum: 8]
      [GC Worker Other (ms): Min: 0.0, Avg: 0.0, Max: 0.0, Diff: 0.0, Sum: 0.1]
      [GC Worker Total (ms): Min: 7.7, Avg: 7.7, Max: 7.8, Diff: 0.1, Sum: 61.9]
      [GC Worker End (ms): Min: 3183.9, Avg: 3183.9, Max: 3183.9, Diff: 0.1]
   [Code Root Fixup: 0.0 ms]
   [Code Root Purge: 0.0 ms]
   [Clear CT: 0.2 ms]
   [Other: 0.9 ms]
      [Choose CSet: 0.0 ms]
      [Ref Proc: 0.3 ms]
      [Ref Enq: 0.0 ms]
      [Redirty Cards: 0.2 ms]
      [Humongous Register: 0.1 ms]
      [Humongous Reclaim: 0.0 ms]
      [Free CSet: 0.1 ms]
   [Eden: 17.0M(17.0M)->0.0B(44.0M) Survivors: 34.0M->7168.0K Heap: 629.5M(1024.0M)->535.2M(1024.0M)]
 [Times: user=0.05 sys=0.01, real=0.01 secs] 
2021-01-18T10:16:06.252-0800: 3.194: [GC pause (G1 Evacuation Pause) (mixed), 0.0061119 secs]
   [Parallel Time: 5.2 ms, GC Workers: 8]
      [GC Worker Start (ms): Min: 3194.5, Avg: 3194.6, Max: 3194.6, Diff: 0.2]
      [Ext Root Scanning (ms): Min: 0.1, Avg: 0.1, Max: 0.2, Diff: 0.2, Sum: 0.9]
      [Update RS (ms): Min: 1.1, Avg: 1.1, Max: 1.2, Diff: 0.1, Sum: 8.9]
         [Processed Buffers: Min: 10, Avg: 12.0, Max: 13, Diff: 3, Sum: 96]
      [Scan RS (ms): Min: 0.0, Avg: 0.0, Max: 0.1, Diff: 0.1, Sum: 0.3]
      [Code Root Scanning (ms): Min: 0.0, Avg: 0.0, Max: 0.0, Diff: 0.0, Sum: 0.0]
      [Object Copy (ms): Min: 3.4, Avg: 3.5, Max: 3.7, Diff: 0.3, Sum: 28.0]
      [Termination (ms): Min: 0.0, Avg: 0.3, Max: 0.3, Diff: 0.3, Sum: 2.2]
         [Termination Attempts: Min: 1, Avg: 1.1, Max: 2, Diff: 1, Sum: 9]
      [GC Worker Other (ms): Min: 0.0, Avg: 0.0, Max: 0.0, Diff: 0.0, Sum: 0.1]
      [GC Worker Total (ms): Min: 4.9, Avg: 5.1, Max: 5.1, Diff: 0.2, Sum: 40.4]
      [GC Worker End (ms): Min: 3199.6, Avg: 3199.6, Max: 3199.7, Diff: 0.1]
   [Code Root Fixup: 0.0 ms]
   [Code Root Purge: 0.0 ms]
   [Clear CT: 0.2 ms]
   [Other: 0.7 ms]
      [Choose CSet: 0.0 ms]
      [Ref Proc: 0.2 ms]
      [Ref Enq: 0.0 ms]
      [Redirty Cards: 0.2 ms]
      [Humongous Register: 0.1 ms]
      [Humongous Reclaim: 0.1 ms]
      [Free CSet: 0.1 ms]
   [Eden: 44.0M(44.0M)->0.0B(264.0M) Survivors: 7168.0K->7168.0K Heap: 590.0M(1024.0M)->516.6M(1024.0M)]
 [Times: user=0.04 sys=0.00, real=0.00 secs] 
2021-01-18T10:16:06.259-0800: 3.201: [GC pause (G1 Humongous Allocation) (young) (initial-mark), 0.0017538 secs]
   [Parallel Time: 1.0 ms, GC Workers: 8]
      [GC Worker Start (ms): Min: 3200.9, Avg: 3201.0, Max: 3201.0, Diff: 0.2]
      [Ext Root Scanning (ms): Min: 0.1, Avg: 0.1, Max: 0.2, Diff: 0.2, Sum: 1.1]
      [Update RS (ms): Min: 0.1, Avg: 0.1, Max: 0.3, Diff: 0.3, Sum: 0.9]
         [Processed Buffers: Min: 1, Avg: 1.1, Max: 2, Diff: 1, Sum: 9]
      [Scan RS (ms): Min: 0.0, Avg: 0.0, Max: 0.0, Diff: 0.0, Sum: 0.0]
      [Code Root Scanning (ms): Min: 0.0, Avg: 0.0, Max: 0.0, Diff: 0.0, Sum: 0.0]
      [Object Copy (ms): Min: 0.3, Avg: 0.5, Max: 0.6, Diff: 0.3, Sum: 3.7]
      [Termination (ms): Min: 0.0, Avg: 0.1, Max: 0.1, Diff: 0.1, Sum: 0.6]
         [Termination Attempts: Min: 1, Avg: 1.0, Max: 1, Diff: 0, Sum: 8]
      [GC Worker Other (ms): Min: 0.0, Avg: 0.0, Max: 0.0, Diff: 0.0, Sum: 0.1]
      [GC Worker Total (ms): Min: 0.7, Avg: 0.8, Max: 0.9, Diff: 0.1, Sum: 6.4]
      [GC Worker End (ms): Min: 3201.7, Avg: 3201.8, Max: 3201.8, Diff: 0.1]
   [Code Root Fixup: 0.0 ms]
   [Code Root Purge: 0.0 ms]
   [Clear CT: 0.1 ms]
   [Other: 0.6 ms]
      [Choose CSet: 0.0 ms]
      [Ref Proc: 0.2 ms]
      [Ref Enq: 0.0 ms]
      [Redirty Cards: 0.1 ms]
      [Humongous Register: 0.1 ms]
      [Humongous Reclaim: 0.0 ms]
      [Free CSet: 0.0 ms]
   [Eden: 1024.0K(264.0M)->0.0B(275.0M) Survivors: 7168.0K->7168.0K Heap: 517.1M(1024.0M)->516.2M(1024.0M)]
 [Times: user=0.01 sys=0.00, real=0.01 secs] 
2021-01-18T10:16:06.260-0800: 3.203: [GC concurrent-root-region-scan-start]
2021-01-18T10:16:06.261-0800: 3.203: [GC concurrent-root-region-scan-end, 0.0000923 secs]
2021-01-18T10:16:06.261-0800: 3.203: [GC concurrent-mark-start]
2021-01-18T10:16:06.262-0800: 3.204: [GC concurrent-mark-end, 0.0013270 secs]
2021-01-18T10:16:06.262-0800: 3.204: [GC remark 2021-01-18T10:16:06.262-0800: 3.204: [Finalize Marking, 0.0002671 secs] 2021-01-18T10:16:06.262-0800: 3.204: [GC ref-proc, 0.0000544 secs] 2021-01-18T10:16:06.262-0800: 3.205: [Unloading, 0.0006361 secs], 0.0020561 secs]
 [Times: user=0.01 sys=0.00, real=0.00 secs] 
2021-01-18T10:16:06.264-0800: 3.206: [GC cleanup 526M->523M(1024M), 0.0010965 secs]
 [Times: user=0.01 sys=0.00, real=0.00 secs] 
2021-01-18T10:16:06.265-0800: 3.208: [GC concurrent-cleanup-start]
2021-01-18T10:16:06.265-0800: 3.208: [GC concurrent-cleanup-end, 0.0000157 secs]
2021-01-18T10:16:06.308-0800: 3.251: [GC pause (G1 Evacuation Pause) (young) (to-space exhausted), 0.0128857 secs]
   [Parallel Time: 11.1 ms, GC Workers: 8]
      [GC Worker Start (ms): Min: 3250.7, Avg: 3250.8, Max: 3250.8, Diff: 0.1]
      [Ext Root Scanning (ms): Min: 0.1, Avg: 0.1, Max: 0.2, Diff: 0.1, Sum: 0.7]
      [Update RS (ms): Min: 5.2, Avg: 5.2, Max: 5.2, Diff: 0.0, Sum: 41.5]
         [Processed Buffers: Min: 38, Avg: 75.8, Max: 96, Diff: 58, Sum: 606]
      [Scan RS (ms): Min: 0.0, Avg: 0.0, Max: 0.0, Diff: 0.0, Sum: 0.2]
      [Code Root Scanning (ms): Min: 0.0, Avg: 0.0, Max: 0.0, Diff: 0.0, Sum: 0.0]
      [Object Copy (ms): Min: 5.5, Avg: 5.5, Max: 5.6, Diff: 0.1, Sum: 44.0]
      [Termination (ms): Min: 0.0, Avg: 0.1, Max: 0.2, Diff: 0.2, Sum: 1.2]
         [Termination Attempts: Min: 1, Avg: 1.0, Max: 1, Diff: 0, Sum: 8]
      [GC Worker Other (ms): Min: 0.0, Avg: 0.0, Max: 0.0, Diff: 0.0, Sum: 0.1]
      [GC Worker Total (ms): Min: 10.9, Avg: 11.0, Max: 11.1, Diff: 0.2, Sum: 87.8]
      [GC Worker End (ms): Min: 3261.7, Avg: 3261.8, Max: 3261.8, Diff: 0.1]
   [Code Root Fixup: 0.0 ms]
   [Code Root Purge: 0.0 ms]
   [Clear CT: 0.1 ms]
   [Other: 1.6 ms]
      [Evacuation Failure: 0.3 ms]
      [Choose CSet: 0.0 ms]
      [Ref Proc: 0.9 ms]
      [Ref Enq: 0.0 ms]
      [Redirty Cards: 0.1 ms]
      [Humongous Register: 0.1 ms]
      [Humongous Reclaim: 0.1 ms]
      [Free CSet: 0.1 ms]
   [Eden: 275.0M(275.0M)->0.0B(15.0M) Survivors: 7168.0K->36.0M Heap: 862.9M(1024.0M)->644.5M(1024.0M)]
 [Times: user=0.09 sys=0.00, real=0.02 secs] 
2021-01-18T10:16:06.325-0800: 3.267: [GC pause (G1 Evacuation Pause) (mixed), 0.0080425 secs]
   [Parallel Time: 6.8 ms, GC Workers: 8]
      [GC Worker Start (ms): Min: 3267.0, Avg: 3267.0, Max: 3267.1, Diff: 0.1]
      [Ext Root Scanning (ms): Min: 0.0, Avg: 0.1, Max: 0.2, Diff: 0.1, Sum: 0.9]
      [Update RS (ms): Min: 0.5, Avg: 0.6, Max: 0.6, Diff: 0.1, Sum: 4.5]
         [Processed Buffers: Min: 7, Avg: 7.8, Max: 9, Diff: 2, Sum: 62]
      [Scan RS (ms): Min: 0.0, Avg: 0.1, Max: 0.1, Diff: 0.1, Sum: 0.4]
      [Code Root Scanning (ms): Min: 0.0, Avg: 0.0, Max: 0.0, Diff: 0.0, Sum: 0.0]
      [Object Copy (ms): Min: 5.8, Avg: 5.8, Max: 5.8, Diff: 0.1, Sum: 46.5]
      [Termination (ms): Min: 0.0, Avg: 0.0, Max: 0.1, Diff: 0.1, Sum: 0.4]
         [Termination Attempts: Min: 1, Avg: 1.0, Max: 1, Diff: 0, Sum: 8]
      [GC Worker Other (ms): Min: 0.0, Avg: 0.0, Max: 0.0, Diff: 0.0, Sum: 0.1]
      [GC Worker Total (ms): Min: 6.5, Avg: 6.6, Max: 6.6, Diff: 0.1, Sum: 52.7]
      [GC Worker End (ms): Min: 3273.6, Avg: 3273.6, Max: 3273.6, Diff: 0.0]
   [Code Root Fixup: 0.0 ms]
   [Code Root Purge: 0.0 ms]
   [Clear CT: 0.1 ms]
   [Other: 1.1 ms]
      [Choose CSet: 0.1 ms]
      [Ref Proc: 0.4 ms]
      [Ref Enq: 0.0 ms]
      [Redirty Cards: 0.2 ms]
      [Humongous Register: 0.2 ms]
      [Humongous Reclaim: 0.0 ms]
      [Free CSet: 0.1 ms]
   [Eden: 15.0M(15.0M)->0.0B(48.0M) Survivors: 36.0M->3072.0K Heap: 665.2M(1024.0M)->573.5M(1024.0M)]
 [Times: user=0.05 sys=0.00, real=0.01 secs] 
2021-01-18T10:16:06.343-0800: 3.285: [GC pause (G1 Evacuation Pause) (mixed), 0.0068446 secs]
   [Parallel Time: 5.9 ms, GC Workers: 8]
      [GC Worker Start (ms): Min: 3285.3, Avg: 3285.4, Max: 3285.5, Diff: 0.2]
      [Ext Root Scanning (ms): Min: 0.0, Avg: 0.1, Max: 0.2, Diff: 0.2, Sum: 0.9]
      [Update RS (ms): Min: 2.0, Avg: 2.1, Max: 2.3, Diff: 0.3, Sum: 16.8]
         [Processed Buffers: Min: 14, Avg: 21.6, Max: 25, Diff: 11, Sum: 173]
      [Scan RS (ms): Min: 0.0, Avg: 0.0, Max: 0.2, Diff: 0.1, Sum: 0.3]
      [Code Root Scanning (ms): Min: 0.0, Avg: 0.0, Max: 0.0, Diff: 0.0, Sum: 0.0]
      [Object Copy (ms): Min: 3.2, Avg: 3.4, Max: 3.4, Diff: 0.3, Sum: 26.9]
      [Termination (ms): Min: 0.0, Avg: 0.0, Max: 0.0, Diff: 0.0, Sum: 0.1]
         [Termination Attempts: Min: 1, Avg: 1.8, Max: 3, Diff: 2, Sum: 14]
      [GC Worker Other (ms): Min: 0.0, Avg: 0.0, Max: 0.0, Diff: 0.0, Sum: 0.1]
      [GC Worker Total (ms): Min: 5.6, Avg: 5.6, Max: 5.7, Diff: 0.2, Sum: 45.2]
      [GC Worker End (ms): Min: 3291.1, Avg: 3291.1, Max: 3291.1, Diff: 0.0]
   [Code Root Fixup: 0.0 ms]
   [Code Root Purge: 0.0 ms]
   [Clear CT: 0.1 ms]
   [Other: 0.8 ms]
      [Choose CSet: 0.0 ms]
      [Ref Proc: 0.3 ms]
      [Ref Enq: 0.0 ms]
      [Redirty Cards: 0.1 ms]
      [Humongous Register: 0.1 ms]
      [Humongous Reclaim: 0.1 ms]
      [Free CSet: 0.1 ms]
   [Eden: 48.0M(48.0M)->0.0B(231.0M) Survivors: 3072.0K->7168.0K Heap: 641.9M(1024.0M)->565.7M(1024.0M)]
 [Times: user=0.04 sys=0.01, real=0.01 secs] 
2021-01-18T10:16:06.350-0800: 3.292: [GC pause (G1 Humongous Allocation) (young) (initial-mark), 0.0017516 secs]
   [Parallel Time: 1.0 ms, GC Workers: 8]
      [GC Worker Start (ms): Min: 3292.6, Avg: 3292.6, Max: 3292.7, Diff: 0.1]
      [Ext Root Scanning (ms): Min: 0.1, Avg: 0.2, Max: 0.2, Diff: 0.2, Sum: 1.3]
      [Update RS (ms): Min: 0.0, Avg: 0.1, Max: 0.3, Diff: 0.3, Sum: 0.9]
         [Processed Buffers: Min: 0, Avg: 1.1, Max: 2, Diff: 2, Sum: 9]
      [Scan RS (ms): Min: 0.0, Avg: 0.0, Max: 0.0, Diff: 0.0, Sum: 0.0]
      [Code Root Scanning (ms): Min: 0.0, Avg: 0.0, Max: 0.0, Diff: 0.0, Sum: 0.0]
      [Object Copy (ms): Min: 0.3, Avg: 0.5, Max: 0.6, Diff: 0.3, Sum: 4.2]
      [Termination (ms): Min: 0.0, Avg: 0.0, Max: 0.1, Diff: 0.1, Sum: 0.4]
         [Termination Attempts: Min: 1, Avg: 1.0, Max: 1, Diff: 0, Sum: 8]
      [GC Worker Other (ms): Min: 0.0, Avg: 0.0, Max: 0.0, Diff: 0.0, Sum: 0.1]
      [GC Worker Total (ms): Min: 0.8, Avg: 0.9, Max: 0.9, Diff: 0.1, Sum: 6.9]
      [GC Worker End (ms): Min: 3293.5, Avg: 3293.5, Max: 3293.5, Diff: 0.0]
   [Code Root Fixup: 0.0 ms]
   [Code Root Purge: 0.0 ms]
   [Clear CT: 0.2 ms]
   [Other: 0.6 ms]
      [Choose CSet: 0.0 ms]
      [Ref Proc: 0.2 ms]
      [Ref Enq: 0.0 ms]
      [Redirty Cards: 0.1 ms]
      [Humongous Register: 0.1 ms]
      [Humongous Reclaim: 0.0 ms]
      [Free CSet: 0.0 ms]
   [Eden: 2048.0K(231.0M)->0.0B(226.0M) Survivors: 7168.0K->7168.0K Heap: 567.5M(1024.0M)->565.1M(1024.0M)]
 [Times: user=0.01 sys=0.00, real=0.00 secs] 
2021-01-18T10:16:06.352-0800: 3.294: [GC concurrent-root-region-scan-start]
2021-01-18T10:16:06.352-0800: 3.294: [GC concurrent-root-region-scan-end, 0.0000802 secs]
2021-01-18T10:16:06.352-0800: 3.294: [GC concurrent-mark-start]
2021-01-18T10:16:06.354-0800: 3.296: [GC concurrent-mark-end, 0.0013530 secs]
2021-01-18T10:16:06.354-0800: 3.296: [GC remark 2021-01-18T10:16:06.354-0800: 3.296: [Finalize Marking, 0.0010315 secs] 2021-01-18T10:16:06.355-0800: 3.297: [GC ref-proc, 0.0000522 secs] 2021-01-18T10:16:06.355-0800: 3.297: [Unloading, 0.0006286 secs], 0.0029417 secs]
 [Times: user=0.01 sys=0.00, real=0.00 secs] 
2021-01-18T10:16:06.357-0800: 3.299: [GC cleanup 571M->566M(1024M), 0.0009209 secs]
 [Times: user=0.01 sys=0.00, real=0.00 secs] 
2021-01-18T10:16:06.358-0800: 3.300: [GC concurrent-cleanup-start]
2021-01-18T10:16:06.358-0800: 3.300: [GC concurrent-cleanup-end, 0.0000115 secs]
2021-01-18T10:16:06.393-0800: 3.336: [GC pause (G1 Evacuation Pause) (young), 0.0117049 secs]
   [Parallel Time: 10.3 ms, GC Workers: 8]
      [GC Worker Start (ms): Min: 3335.7, Avg: 3335.7, Max: 3335.8, Diff: 0.1]
      [Ext Root Scanning (ms): Min: 0.1, Avg: 0.1, Max: 0.2, Diff: 0.1, Sum: 0.8]
      [Update RS (ms): Min: 3.8, Avg: 3.9, Max: 4.1, Diff: 0.3, Sum: 30.9]
         [Processed Buffers: Min: 38, Avg: 58.4, Max: 66, Diff: 28, Sum: 467]
      [Scan RS (ms): Min: 0.0, Avg: 0.0, Max: 0.0, Diff: 0.0, Sum: 0.2]
      [Code Root Scanning (ms): Min: 0.0, Avg: 0.0, Max: 0.0, Diff: 0.0, Sum: 0.0]
      [Object Copy (ms): Min: 5.5, Avg: 5.8, Max: 6.0, Diff: 0.5, Sum: 46.2]
      [Termination (ms): Min: 0.0, Avg: 0.3, Max: 0.4, Diff: 0.4, Sum: 2.6]
         [Termination Attempts: Min: 1, Avg: 1.0, Max: 1, Diff: 0, Sum: 8]
      [GC Worker Other (ms): Min: 0.0, Avg: 0.0, Max: 0.0, Diff: 0.0, Sum: 0.1]
      [GC Worker Total (ms): Min: 10.0, Avg: 10.1, Max: 10.2, Diff: 0.2, Sum: 80.8]
      [GC Worker End (ms): Min: 3345.7, Avg: 3345.8, Max: 3345.9, Diff: 0.2]
   [Code Root Fixup: 0.0 ms]
   [Code Root Purge: 0.0 ms]
   [Clear CT: 0.2 ms]
   [Other: 1.2 ms]
      [Choose CSet: 0.0 ms]
      [Ref Proc: 0.8 ms]
      [Ref Enq: 0.0 ms]
      [Redirty Cards: 0.1 ms]
      [Humongous Register: 0.1 ms]
      [Humongous Reclaim: 0.1 ms]
      [Free CSet: 0.1 ms]
   [Eden: 226.0M(226.0M)->0.0B(21.0M) Survivors: 7168.0K->30.0M Heap: 843.6M(1024.0M)->622.0M(1024.0M)]
 [Times: user=0.08 sys=0.00, real=0.01 secs] 
2021-01-18T10:16:06.409-0800: 3.351: [GC pause (G1 Evacuation Pause) (mixed), 0.0073771 secs]
   [Parallel Time: 5.8 ms, GC Workers: 8]
      [GC Worker Start (ms): Min: 3351.2, Avg: 3351.2, Max: 3351.3, Diff: 0.1]
      [Ext Root Scanning (ms): Min: 0.0, Avg: 0.1, Max: 0.2, Diff: 0.1, Sum: 0.8]
      [Update RS (ms): Min: 0.6, Avg: 0.6, Max: 0.6, Diff: 0.1, Sum: 4.8]
         [Processed Buffers: Min: 5, Avg: 7.4, Max: 8, Diff: 3, Sum: 59]
      [Scan RS (ms): Min: 0.0, Avg: 0.0, Max: 0.1, Diff: 0.1, Sum: 0.3]
      [Code Root Scanning (ms): Min: 0.0, Avg: 0.0, Max: 0.0, Diff: 0.0, Sum: 0.0]
      [Object Copy (ms): Min: 4.1, Avg: 4.3, Max: 4.7, Diff: 0.6, Sum: 34.3]
      [Termination (ms): Min: 0.0, Avg: 0.5, Max: 0.8, Diff: 0.8, Sum: 4.1]
         [Termination Attempts: Min: 1, Avg: 2.0, Max: 4, Diff: 3, Sum: 16]
      [GC Worker Other (ms): Min: 0.0, Avg: 0.0, Max: 0.0, Diff: 0.0, Sum: 0.1]
      [GC Worker Total (ms): Min: 5.4, Avg: 5.6, Max: 5.7, Diff: 0.3, Sum: 44.5]
      [GC Worker End (ms): Min: 3356.7, Avg: 3356.8, Max: 3356.9, Diff: 0.2]
   [Code Root Fixup: 0.0 ms]
   [Code Root Purge: 0.0 ms]
   [Clear CT: 0.2 ms]
   [Other: 1.4 ms]
      [Choose CSet: 0.1 ms]
      [Ref Proc: 0.9 ms]
      [Ref Enq: 0.0 ms]
      [Redirty Cards: 0.1 ms]
      [Humongous Register: 0.1 ms]
      [Humongous Reclaim: 0.0 ms]
      [Free CSet: 0.1 ms]
   [Eden: 21.0M(21.0M)->0.0B(44.0M) Survivors: 30.0M->7168.0K Heap: 649.1M(1024.0M)->539.5M(1024.0M)]
 [Times: user=0.03 sys=0.00, real=0.01 secs] 
2021-01-18T10:16:06.425-0800: 3.367: [GC pause (G1 Evacuation Pause) (mixed), 0.0077685 secs]
   [Parallel Time: 6.7 ms, GC Workers: 8]
      [GC Worker Start (ms): Min: 3367.1, Avg: 3367.7, Max: 3368.3, Diff: 1.2]
      [Ext Root Scanning (ms): Min: 0.0, Avg: 0.1, Max: 0.2, Diff: 0.2, Sum: 0.7]
      [Update RS (ms): Min: 0.6, Avg: 1.1, Max: 1.6, Diff: 1.0, Sum: 9.0]
         [Processed Buffers: Min: 7, Avg: 15.1, Max: 24, Diff: 17, Sum: 121]
      [Scan RS (ms): Min: 0.0, Avg: 0.1, Max: 0.5, Diff: 0.5, Sum: 0.9]
      [Code Root Scanning (ms): Min: 0.0, Avg: 0.0, Max: 0.0, Diff: 0.0, Sum: 0.0]
      [Object Copy (ms): Min: 4.3, Avg: 4.6, Max: 4.7, Diff: 0.4, Sum: 37.1]
      [Termination (ms): Min: 0.0, Avg: 0.1, Max: 0.1, Diff: 0.1, Sum: 0.5]
         [Termination Attempts: Min: 1, Avg: 1.4, Max: 3, Diff: 2, Sum: 11]
      [GC Worker Other (ms): Min: 0.0, Avg: 0.0, Max: 0.0, Diff: 0.0, Sum: 0.1]
      [GC Worker Total (ms): Min: 5.4, Avg: 6.0, Max: 6.6, Diff: 1.2, Sum: 48.3]
      [GC Worker End (ms): Min: 3373.7, Avg: 3373.7, Max: 3373.8, Diff: 0.1]
   [Code Root Fixup: 0.0 ms]
   [Code Root Purge: 0.0 ms]
   [Clear CT: 0.2 ms]
   [Other: 0.8 ms]
      [Choose CSet: 0.0 ms]
      [Ref Proc: 0.2 ms]
      [Ref Enq: 0.0 ms]
      [Redirty Cards: 0.2 ms]
      [Humongous Register: 0.1 ms]
      [Humongous Reclaim: 0.0 ms]
      [Free CSet: 0.1 ms]
   [Eden: 44.0M(44.0M)->0.0B(287.0M) Survivors: 7168.0K->7168.0K Heap: 597.4M(1024.0M)->486.1M(1024.0M)]
 [Times: user=0.05 sys=0.00, real=0.01 secs] 
2021-01-18T10:16:06.433-0800: 3.375: [GC pause (G1 Humongous Allocation) (young) (initial-mark), 0.0020431 secs]
   [Parallel Time: 1.2 ms, GC Workers: 8]
      [GC Worker Start (ms): Min: 3375.1, Avg: 3375.3, Max: 3375.4, Diff: 0.3]
      [Ext Root Scanning (ms): Min: 0.0, Avg: 0.2, Max: 0.3, Diff: 0.3, Sum: 1.9]
      [Update RS (ms): Min: 0.0, Avg: 0.1, Max: 0.4, Diff: 0.4, Sum: 1.0]
         [Processed Buffers: Min: 0, Avg: 1.1, Max: 3, Diff: 3, Sum: 9]
      [Scan RS (ms): Min: 0.0, Avg: 0.0, Max: 0.0, Diff: 0.0, Sum: 0.0]
      [Code Root Scanning (ms): Min: 0.0, Avg: 0.0, Max: 0.0, Diff: 0.0, Sum: 0.0]
      [Object Copy (ms): Min: 0.3, Avg: 0.6, Max: 0.6, Diff: 0.3, Sum: 4.5]
      [Termination (ms): Min: 0.0, Avg: 0.1, Max: 0.1, Diff: 0.1, Sum: 0.4]
         [Termination Attempts: Min: 1, Avg: 1.0, Max: 1, Diff: 0, Sum: 8]
      [GC Worker Other (ms): Min: 0.0, Avg: 0.0, Max: 0.0, Diff: 0.0, Sum: 0.1]
      [GC Worker Total (ms): Min: 0.9, Avg: 1.0, Max: 1.1, Diff: 0.3, Sum: 7.9]
      [GC Worker End (ms): Min: 3376.2, Avg: 3376.3, Max: 3376.3, Diff: 0.0]
   [Code Root Fixup: 0.0 ms]
   [Code Root Purge: 0.0 ms]
   [Clear CT: 0.2 ms]
   [Other: 0.6 ms]
      [Choose CSet: 0.0 ms]
      [Ref Proc: 0.2 ms]
      [Ref Enq: 0.0 ms]
      [Redirty Cards: 0.2 ms]
      [Humongous Register: 0.1 ms]
      [Humongous Reclaim: 0.0 ms]
      [Free CSet: 0.0 ms]
   [Eden: 2048.0K(287.0M)->0.0B(293.0M) Survivors: 7168.0K->8192.0K Heap: 487.8M(1024.0M)->486.4M(1024.0M)]
 [Times: user=0.00 sys=0.00, real=0.00 secs] 
2021-01-18T10:16:06.435-0800: 3.377: [GC concurrent-root-region-scan-start]
2021-01-18T10:16:06.435-0800: 3.377: [GC concurrent-root-region-scan-end, 0.0000971 secs]
2021-01-18T10:16:06.435-0800: 3.377: [GC concurrent-mark-start]
2021-01-18T10:16:06.436-0800: 3.379: [GC concurrent-mark-end, 0.0012773 secs]
2021-01-18T10:16:06.436-0800: 3.379: [GC remark 2021-01-18T10:16:06.436-0800: 3.379: [Finalize Marking, 0.0002556 secs] 2021-01-18T10:16:06.437-0800: 3.379: [GC ref-proc, 0.0000550 secs] 2021-01-18T10:16:06.437-0800: 3.379: [Unloading, 0.0004611 secs], 0.0018436 secs]
 [Times: user=0.01 sys=0.00, real=0.00 secs] 
2021-01-18T10:16:06.438-0800: 3.381: [GC cleanup 495M->494M(1024M), 0.0009990 secs]
 [Times: user=0.00 sys=0.01, real=0.00 secs] 
2021-01-18T10:16:06.440-0800: 3.382: [GC concurrent-cleanup-start]
2021-01-18T10:16:06.440-0800: 3.382: [GC concurrent-cleanup-end, 0.0000138 secs]
2021-01-18T10:16:06.483-0800: 3.426: [GC pause (G1 Evacuation Pause) (young) (to-space exhausted), 0.0121328 secs]
   [Parallel Time: 11.0 ms, GC Workers: 8]
      [GC Worker Start (ms): Min: 3425.8, Avg: 3425.8, Max: 3425.9, Diff: 0.1]
      [Ext Root Scanning (ms): Min: 0.1, Avg: 0.1, Max: 0.1, Diff: 0.1, Sum: 0.7]
      [Update RS (ms): Min: 5.1, Avg: 5.2, Max: 5.2, Diff: 0.1, Sum: 41.2]
         [Processed Buffers: Min: 43, Avg: 77.6, Max: 93, Diff: 50, Sum: 621]
      [Scan RS (ms): Min: 0.0, Avg: 0.0, Max: 0.1, Diff: 0.0, Sum: 0.2]
      [Code Root Scanning (ms): Min: 0.0, Avg: 0.0, Max: 0.0, Diff: 0.0, Sum: 0.0]
      [Object Copy (ms): Min: 4.9, Avg: 5.0, Max: 5.5, Diff: 0.6, Sum: 39.7]
      [Termination (ms): Min: 0.0, Avg: 0.6, Max: 0.7, Diff: 0.7, Sum: 4.5]
         [Termination Attempts: Min: 1, Avg: 1.1, Max: 2, Diff: 1, Sum: 9]
      [GC Worker Other (ms): Min: 0.0, Avg: 0.0, Max: 0.0, Diff: 0.0, Sum: 0.1]
      [GC Worker Total (ms): Min: 10.8, Avg: 10.8, Max: 10.9, Diff: 0.1, Sum: 86.5]
      [GC Worker End (ms): Min: 3436.6, Avg: 3436.6, Max: 3436.7, Diff: 0.1]
   [Code Root Fixup: 0.0 ms]
   [Code Root Purge: 0.0 ms]
   [Clear CT: 0.1 ms]
   [Other: 1.0 ms]
      [Evacuation Failure: 0.3 ms]
      [Choose CSet: 0.0 ms]
      [Ref Proc: 0.2 ms]
      [Ref Enq: 0.0 ms]
      [Redirty Cards: 0.1 ms]
      [Humongous Register: 0.1 ms]
      [Humongous Reclaim: 0.1 ms]
      [Free CSet: 0.1 ms]
   [Eden: 293.0M(293.0M)->0.0B(13.0M) Survivors: 8192.0K->38.0M Heap: 854.9M(1024.0M)->664.9M(1024.0M)]
 [Times: user=0.08 sys=0.00, real=0.01 secs] 
2021-01-18T10:16:06.498-0800: 3.440: [GC pause (G1 Evacuation Pause) (mixed), 0.0087883 secs]
   [Parallel Time: 7.8 ms, GC Workers: 8]
      [GC Worker Start (ms): Min: 3440.6, Avg: 3440.6, Max: 3440.7, Diff: 0.1]
      [Ext Root Scanning (ms): Min: 0.1, Avg: 0.1, Max: 0.2, Diff: 0.1, Sum: 0.9]
      [Update RS (ms): Min: 0.4, Avg: 0.4, Max: 0.4, Diff: 0.1, Sum: 3.3]
         [Processed Buffers: Min: 5, Avg: 6.1, Max: 9, Diff: 4, Sum: 49]
      [Scan RS (ms): Min: 0.0, Avg: 0.0, Max: 0.1, Diff: 0.1, Sum: 0.4]
      [Code Root Scanning (ms): Min: 0.0, Avg: 0.0, Max: 0.0, Diff: 0.0, Sum: 0.0]
      [Object Copy (ms): Min: 6.3, Avg: 6.4, Max: 7.1, Diff: 0.8, Sum: 51.4]
      [Termination (ms): Min: 0.0, Avg: 0.7, Max: 0.8, Diff: 0.8, Sum: 5.7]
         [Termination Attempts: Min: 1, Avg: 1.0, Max: 1, Diff: 0, Sum: 8]
      [GC Worker Other (ms): Min: 0.0, Avg: 0.0, Max: 0.0, Diff: 0.0, Sum: 0.1]
      [GC Worker Total (ms): Min: 7.7, Avg: 7.7, Max: 7.8, Diff: 0.1, Sum: 61.9]
      [GC Worker End (ms): Min: 3448.4, Avg: 3448.4, Max: 3448.4, Diff: 0.0]
   [Code Root Fixup: 0.0 ms]
   [Code Root Purge: 0.0 ms]
   [Clear CT: 0.2 ms]
   [Other: 0.8 ms]
      [Choose CSet: 0.1 ms]
      [Ref Proc: 0.2 ms]
      [Ref Enq: 0.0 ms]
      [Redirty Cards: 0.2 ms]
      [Humongous Register: 0.1 ms]
      [Humongous Reclaim: 0.0 ms]
      [Free CSet: 0.1 ms]
   [Eden: 13.0M(13.0M)->0.0B(48.0M) Survivors: 38.0M->3072.0K Heap: 681.7M(1024.0M)->595.1M(1024.0M)]
 [Times: user=0.06 sys=0.00, real=0.01 secs] 
2021-01-18T10:16:06.516-0800: 3.458: [GC pause (G1 Evacuation Pause) (mixed), 0.0038251 secs]
   [Parallel Time: 3.0 ms, GC Workers: 8]
      [GC Worker Start (ms): Min: 3458.0, Avg: 3458.0, Max: 3458.1, Diff: 0.1]
      [Ext Root Scanning (ms): Min: 0.0, Avg: 0.1, Max: 0.2, Diff: 0.2, Sum: 0.9]
      [Update RS (ms): Min: 0.8, Avg: 0.8, Max: 0.8, Diff: 0.0, Sum: 6.4]
         [Processed Buffers: Min: 8, Avg: 9.1, Max: 10, Diff: 2, Sum: 73]
      [Scan RS (ms): Min: 0.0, Avg: 0.0, Max: 0.0, Diff: 0.0, Sum: 0.1]
      [Code Root Scanning (ms): Min: 0.0, Avg: 0.0, Max: 0.0, Diff: 0.0, Sum: 0.0]
      [Object Copy (ms): Min: 1.8, Avg: 1.8, Max: 1.8, Diff: 0.1, Sum: 14.3]
      [Termination (ms): Min: 0.0, Avg: 0.1, Max: 0.1, Diff: 0.1, Sum: 0.7]
         [Termination Attempts: Min: 1, Avg: 1.0, Max: 1, Diff: 0, Sum: 8]
      [GC Worker Other (ms): Min: 0.0, Avg: 0.0, Max: 0.0, Diff: 0.0, Sum: 0.1]
      [GC Worker Total (ms): Min: 2.7, Avg: 2.8, Max: 2.9, Diff: 0.2, Sum: 22.6]
      [GC Worker End (ms): Min: 3460.8, Avg: 3460.9, Max: 3460.9, Diff: 0.1]
   [Code Root Fixup: 0.0 ms]
   [Code Root Purge: 0.0 ms]
   [Clear CT: 0.1 ms]
   [Other: 0.7 ms]
      [Choose CSet: 0.0 ms]
      [Ref Proc: 0.2 ms]
      [Ref Enq: 0.0 ms]
      [Redirty Cards: 0.2 ms]
      [Humongous Register: 0.1 ms]
      [Humongous Reclaim: 0.0 ms]
      [Free CSet: 0.0 ms]
   [Eden: 48.0M(48.0M)->0.0B(192.0M) Survivors: 3072.0K->7168.0K Heap: 651.0M(1024.0M)->609.8M(1024.0M)]
 [Times: user=0.03 sys=0.00, real=0.01 secs] 
2021-01-18T10:16:06.520-0800: 3.462: [GC pause (G1 Humongous Allocation) (young) (initial-mark), 0.0017381 secs]
   [Parallel Time: 1.0 ms, GC Workers: 8]
      [GC Worker Start (ms): Min: 3462.0, Avg: 3462.1, Max: 3462.2, Diff: 0.1]
      [Ext Root Scanning (ms): Min: 0.1, Avg: 0.1, Max: 0.2, Diff: 0.1, Sum: 1.0]
      [Update RS (ms): Min: 0.0, Avg: 0.1, Max: 0.1, Diff: 0.1, Sum: 0.6]
         [Processed Buffers: Min: 1, Avg: 1.1, Max: 2, Diff: 1, Sum: 9]
      [Scan RS (ms): Min: 0.0, Avg: 0.0, Max: 0.0, Diff: 0.0, Sum: 0.0]
      [Code Root Scanning (ms): Min: 0.0, Avg: 0.0, Max: 0.0, Diff: 0.0, Sum: 0.0]
      [Object Copy (ms): Min: 0.5, Avg: 0.6, Max: 0.6, Diff: 0.1, Sum: 4.6]
      [Termination (ms): Min: 0.0, Avg: 0.1, Max: 0.1, Diff: 0.1, Sum: 0.5]
         [Termination Attempts: Min: 1, Avg: 1.0, Max: 1, Diff: 0, Sum: 8]
      [GC Worker Other (ms): Min: 0.0, Avg: 0.0, Max: 0.0, Diff: 0.0, Sum: 0.1]
      [GC Worker Total (ms): Min: 0.8, Avg: 0.9, Max: 0.9, Diff: 0.1, Sum: 6.9]
      [GC Worker End (ms): Min: 3463.0, Avg: 3463.0, Max: 3463.0, Diff: 0.1]
   [Code Root Fixup: 0.0 ms]
   [Code Root Purge: 0.0 ms]
   [Clear CT: 0.1 ms]
   [Other: 0.6 ms]
      [Choose CSet: 0.0 ms]
      [Ref Proc: 0.2 ms]
      [Ref Enq: 0.0 ms]
      [Redirty Cards: 0.1 ms]
      [Humongous Register: 0.1 ms]
      [Humongous Reclaim: 0.0 ms]
      [Free CSet: 0.0 ms]
   [Eden: 2048.0K(192.0M)->0.0B(174.0M) Survivors: 7168.0K->8192.0K Heap: 611.1M(1024.0M)->610.6M(1024.0M)]
 [Times: user=0.01 sys=0.00, real=0.00 secs] 
2021-01-18T10:16:06.522-0800: 3.464: [GC concurrent-root-region-scan-start]
2021-01-18T10:16:06.522-0800: 3.464: [GC concurrent-root-region-scan-end, 0.0000853 secs]
2021-01-18T10:16:06.522-0800: 3.464: [GC concurrent-mark-start]
2021-01-18T10:16:06.523-0800: 3.465: [GC concurrent-mark-end, 0.0014643 secs]
2021-01-18T10:16:06.523-0800: 3.465: [GC remark 2021-01-18T10:16:06.523-0800: 3.466: [Finalize Marking, 0.0002733 secs] 2021-01-18T10:16:06.524-0800: 3.466: [GC ref-proc, 0.0000522 secs] 2021-01-18T10:16:06.524-0800: 3.466: [Unloading, 0.0005180 secs], 0.0019745 secs]
 [Times: user=0.01 sys=0.00, real=0.00 secs] 
2021-01-18T10:16:06.525-0800: 3.468: [GC cleanup 624M->617M(1024M), 0.0010064 secs]
 [Times: user=0.00 sys=0.00, real=0.00 secs] 
2021-01-18T10:16:06.527-0800: 3.469: [GC concurrent-cleanup-start]
2021-01-18T10:16:06.527-0800: 3.469: [GC concurrent-cleanup-end, 0.0000169 secs]
2021-01-18T10:16:06.554-0800: 3.496: [GC pause (G1 Evacuation Pause) (young), 0.0102369 secs]
   [Parallel Time: 9.2 ms, GC Workers: 8]
      [GC Worker Start (ms): Min: 3495.9, Avg: 3496.3, Max: 3498.7, Diff: 2.8]
      [Ext Root Scanning (ms): Min: 0.0, Avg: 0.1, Max: 0.2, Diff: 0.2, Sum: 0.7]
      [Update RS (ms): Min: 1.0, Avg: 3.3, Max: 3.7, Diff: 2.6, Sum: 26.6]
         [Processed Buffers: Min: 16, Avg: 52.1, Max: 70, Diff: 54, Sum: 417]
      [Scan RS (ms): Min: 0.0, Avg: 0.0, Max: 0.0, Diff: 0.0, Sum: 0.1]
      [Code Root Scanning (ms): Min: 0.0, Avg: 0.0, Max: 0.0, Diff: 0.0, Sum: 0.0]
      [Object Copy (ms): Min: 5.0, Avg: 5.1, Max: 5.2, Diff: 0.2, Sum: 40.8]
      [Termination (ms): Min: 0.0, Avg: 0.2, Max: 0.2, Diff: 0.2, Sum: 1.5]
         [Termination Attempts: Min: 1, Avg: 1.0, Max: 1, Diff: 0, Sum: 8]
      [GC Worker Other (ms): Min: 0.0, Avg: 0.0, Max: 0.0, Diff: 0.0, Sum: 0.1]
      [GC Worker Total (ms): Min: 6.3, Avg: 8.7, Max: 9.1, Diff: 2.8, Sum: 69.9]
      [GC Worker End (ms): Min: 3505.0, Avg: 3505.0, Max: 3505.0, Diff: 0.1]
   [Code Root Fixup: 0.0 ms]
   [Code Root Purge: 0.0 ms]
   [Clear CT: 0.1 ms]
   [Other: 0.9 ms]
      [Choose CSet: 0.0 ms]
      [Ref Proc: 0.3 ms]
      [Ref Enq: 0.0 ms]
      [Redirty Cards: 0.2 ms]
      [Humongous Register: 0.1 ms]
      [Humongous Reclaim: 0.1 ms]
      [Free CSet: 0.1 ms]
   [Eden: 174.0M(174.0M)->0.0B(28.0M) Survivors: 8192.0K->23.0M Heap: 828.5M(1024.0M)->652.2M(1024.0M)]
 [Times: user=0.07 sys=0.00, real=0.01 secs] 
2021-01-18T10:16:06.568-0800: 3.510: [GC pause (G1 Evacuation Pause) (mixed), 0.0061425 secs]
   [Parallel Time: 4.6 ms, GC Workers: 8]
      [GC Worker Start (ms): Min: 3510.4, Avg: 3510.4, Max: 3510.5, Diff: 0.1]
      [Ext Root Scanning (ms): Min: 0.1, Avg: 0.1, Max: 0.2, Diff: 0.1, Sum: 1.1]
      [Update RS (ms): Min: 0.3, Avg: 0.3, Max: 0.3, Diff: 0.0, Sum: 2.5]
         [Processed Buffers: Min: 3, Avg: 4.0, Max: 5, Diff: 2, Sum: 32]
      [Scan RS (ms): Min: 0.0, Avg: 0.0, Max: 0.1, Diff: 0.0, Sum: 0.3]
      [Code Root Scanning (ms): Min: 0.0, Avg: 0.0, Max: 0.0, Diff: 0.0, Sum: 0.0]
      [Object Copy (ms): Min: 3.7, Avg: 3.8, Max: 3.8, Diff: 0.1, Sum: 30.2]
      [Termination (ms): Min: 0.0, Avg: 0.1, Max: 0.2, Diff: 0.2, Sum: 0.7]
         [Termination Attempts: Min: 1, Avg: 1.0, Max: 1, Diff: 0, Sum: 8]
      [GC Worker Other (ms): Min: 0.0, Avg: 0.0, Max: 0.0, Diff: 0.0, Sum: 0.1]
      [GC Worker Total (ms): Min: 4.3, Avg: 4.4, Max: 4.4, Diff: 0.1, Sum: 34.9]
      [GC Worker End (ms): Min: 3514.8, Avg: 3514.8, Max: 3514.9, Diff: 0.1]
   [Code Root Fixup: 0.0 ms]
   [Code Root Purge: 0.0 ms]
   [Clear CT: 0.1 ms]
   [Other: 1.4 ms]
      [Choose CSet: 0.0 ms]
      [Ref Proc: 0.9 ms]
      [Ref Enq: 0.0 ms]
      [Redirty Cards: 0.1 ms]
      [Humongous Register: 0.1 ms]
      [Humongous Reclaim: 0.0 ms]
      [Free CSet: 0.1 ms]
   [Eden: 28.0M(28.0M)->0.0B(44.0M) Survivors: 23.0M->7168.0K Heap: 683.0M(1024.0M)->568.5M(1024.0M)]
 [Times: user=0.04 sys=0.00, real=0.01 secs] 
2021-01-18T10:16:06.583-0800: 3.525: [GC pause (G1 Evacuation Pause) (mixed), 0.0080003 secs]
   [Parallel Time: 7.0 ms, GC Workers: 8]
      [GC Worker Start (ms): Min: 3525.3, Avg: 3526.6, Max: 3528.7, Diff: 3.4]
      [Ext Root Scanning (ms): Min: 0.0, Avg: 0.1, Max: 0.2, Diff: 0.2, Sum: 0.7]
      [Update RS (ms): Min: 0.0, Avg: 0.8, Max: 1.6, Diff: 1.6, Sum: 6.3]
         [Processed Buffers: Min: 0, Avg: 13.1, Max: 27, Diff: 27, Sum: 105]
      [Scan RS (ms): Min: 0.0, Avg: 0.0, Max: 0.1, Diff: 0.1, Sum: 0.4]
      [Code Root Scanning (ms): Min: 0.0, Avg: 0.0, Max: 0.0, Diff: 0.0, Sum: 0.0]
      [Object Copy (ms): Min: 2.6, Avg: 3.9, Max: 4.7, Diff: 2.1, Sum: 31.0]
      [Termination (ms): Min: 0.0, Avg: 0.6, Max: 0.8, Diff: 0.8, Sum: 5.0]
         [Termination Attempts: Min: 1, Avg: 1.4, Max: 2, Diff: 1, Sum: 11]
      [GC Worker Other (ms): Min: 0.0, Avg: 0.0, Max: 0.0, Diff: 0.0, Sum: 0.1]
      [GC Worker Total (ms): Min: 3.2, Avg: 5.4, Max: 6.8, Diff: 3.6, Sum: 43.5]
      [GC Worker End (ms): Min: 3531.9, Avg: 3532.1, Max: 3532.2, Diff: 0.3]
   [Code Root Fixup: 0.0 ms]
   [Code Root Purge: 0.0 ms]
   [Clear CT: 0.2 ms]
   [Other: 0.8 ms]
      [Choose CSet: 0.0 ms]
      [Ref Proc: 0.3 ms]
      [Ref Enq: 0.0 ms]
      [Redirty Cards: 0.1 ms]
      [Humongous Register: 0.1 ms]
      [Humongous Reclaim: 0.0 ms]
      [Free CSet: 0.1 ms]
   [Eden: 44.0M(44.0M)->0.0B(44.0M) Survivors: 7168.0K->7168.0K Heap: 624.4M(1024.0M)->511.5M(1024.0M)]
 [Times: user=0.04 sys=0.01, real=0.01 secs] 
2021-01-18T10:16:06.599-0800: 3.542: [GC pause (G1 Evacuation Pause) (mixed), 0.0074078 secs]
   [Parallel Time: 5.7 ms, GC Workers: 8]
      [GC Worker Start (ms): Min: 3541.7, Avg: 3542.2, Max: 3543.1, Diff: 1.4]
      [Ext Root Scanning (ms): Min: 0.0, Avg: 0.1, Max: 0.2, Diff: 0.2, Sum: 0.7]
      [Update RS (ms): Min: 0.2, Avg: 0.9, Max: 1.3, Diff: 1.1, Sum: 7.6]
         [Processed Buffers: Min: 2, Avg: 11.8, Max: 20, Diff: 18, Sum: 94]
      [Scan RS (ms): Min: 0.0, Avg: 0.0, Max: 0.1, Diff: 0.1, Sum: 0.2]
      [Code Root Scanning (ms): Min: 0.0, Avg: 0.0, Max: 0.0, Diff: 0.0, Sum: 0.0]
      [Object Copy (ms): Min: 3.2, Avg: 3.4, Max: 4.0, Diff: 0.8, Sum: 27.4]
      [Termination (ms): Min: 0.0, Avg: 0.6, Max: 0.8, Diff: 0.8, Sum: 4.7]
         [Termination Attempts: Min: 1, Avg: 1.0, Max: 1, Diff: 0, Sum: 8]
      [GC Worker Other (ms): Min: 0.0, Avg: 0.0, Max: 0.0, Diff: 0.0, Sum: 0.1]
      [GC Worker Total (ms): Min: 4.2, Avg: 5.1, Max: 5.6, Diff: 1.3, Sum: 40.7]
      [GC Worker End (ms): Min: 3547.2, Avg: 3547.3, Max: 3547.3, Diff: 0.1]
   [Code Root Fixup: 0.0 ms]
   [Code Root Purge: 0.0 ms]
   [Clear CT: 0.2 ms]
   [Other: 1.6 ms]
      [Choose CSet: 0.0 ms]
      [Ref Proc: 1.0 ms]
      [Ref Enq: 0.0 ms]
      [Redirty Cards: 0.2 ms]
      [Humongous Register: 0.1 ms]
      [Humongous Reclaim: 0.0 ms]
      [Free CSet: 0.1 ms]
   [Eden: 44.0M(44.0M)->0.0B(254.0M) Survivors: 7168.0K->7168.0K Heap: 566.0M(1024.0M)->506.9M(1024.0M)]
 [Times: user=0.03 sys=0.00, real=0.01 secs] 
2021-01-18T10:16:06.607-0800: 3.550: [GC pause (G1 Humongous Allocation) (young) (initial-mark), 0.0018144 secs]
   [Parallel Time: 1.1 ms, GC Workers: 8]
      [GC Worker Start (ms): Min: 3549.8, Avg: 3549.9, Max: 3550.0, Diff: 0.3]
      [Ext Root Scanning (ms): Min: 0.0, Avg: 0.2, Max: 0.3, Diff: 0.3, Sum: 1.4]
      [Update RS (ms): Min: 0.0, Avg: 0.1, Max: 0.2, Diff: 0.2, Sum: 0.8]
         [Processed Buffers: Min: 1, Avg: 1.1, Max: 2, Diff: 1, Sum: 9]
      [Scan RS (ms): Min: 0.0, Avg: 0.0, Max: 0.0, Diff: 0.0, Sum: 0.0]
      [Code Root Scanning (ms): Min: 0.0, Avg: 0.0, Max: 0.0, Diff: 0.0, Sum: 0.0]
      [Object Copy (ms): Min: 0.4, Avg: 0.5, Max: 0.6, Diff: 0.2, Sum: 4.3]
      [Termination (ms): Min: 0.0, Avg: 0.0, Max: 0.1, Diff: 0.1, Sum: 0.2]
         [Termination Attempts: Min: 1, Avg: 1.0, Max: 1, Diff: 0, Sum: 8]
      [GC Worker Other (ms): Min: 0.0, Avg: 0.0, Max: 0.0, Diff: 0.0, Sum: 0.1]
      [GC Worker Total (ms): Min: 0.7, Avg: 0.8, Max: 1.0, Diff: 0.3, Sum: 6.8]
      [GC Worker End (ms): Min: 3550.8, Avg: 3550.8, Max: 3550.8, Diff: 0.0]
   [Code Root Fixup: 0.0 ms]
   [Code Root Purge: 0.0 ms]
   [Clear CT: 0.1 ms]
   [Other: 0.6 ms]
      [Choose CSet: 0.0 ms]
      [Ref Proc: 0.2 ms]
      [Ref Enq: 0.0 ms]
      [Redirty Cards: 0.1 ms]
      [Humongous Register: 0.1 ms]
      [Humongous Reclaim: 0.0 ms]
      [Free CSet: 0.0 ms]
   [Eden: 4096.0K(254.0M)->0.0B(261.0M) Survivors: 7168.0K->8192.0K Heap: 510.8M(1024.0M)->506.6M(1024.0M)]
 [Times: user=0.01 sys=0.00, real=0.00 secs] 
2021-01-18T10:16:06.609-0800: 3.552: [GC concurrent-root-region-scan-start]
2021-01-18T10:16:06.610-0800: 3.552: [GC concurrent-root-region-scan-end, 0.0000841 secs]
2021-01-18T10:16:06.610-0800: 3.552: [GC concurrent-mark-start]
2021-01-18T10:16:06.611-0800: 3.553: [GC concurrent-mark-end, 0.0013053 secs]
2021-01-18T10:16:06.611-0800: 3.553: [GC remark 2021-01-18T10:16:06.611-0800: 3.553: [Finalize Marking, 0.0001946 secs] 2021-01-18T10:16:06.611-0800: 3.553: [GC ref-proc, 0.0000539 secs] 2021-01-18T10:16:06.611-0800: 3.553: [Unloading, 0.0005398 secs], 0.0018592 secs]
 [Times: user=0.00 sys=0.00, real=0.00 secs] 
2021-01-18T10:16:06.613-0800: 3.555: [GC cleanup 517M->514M(1024M), 0.0010139 secs]
 [Times: user=0.01 sys=0.00, real=0.00 secs] 
2021-01-18T10:16:06.614-0800: 3.556: [GC concurrent-cleanup-start]
2021-01-18T10:16:06.614-0800: 3.556: [GC concurrent-cleanup-end, 0.0000105 secs]
2021-01-18T10:16:06.654-0800: 3.596: [GC pause (G1 Evacuation Pause) (young), 0.0131497 secs]
   [Parallel Time: 11.7 ms, GC Workers: 8]
      [GC Worker Start (ms): Min: 3596.6, Avg: 3596.7, Max: 3596.7, Diff: 0.1]
      [Ext Root Scanning (ms): Min: 0.0, Avg: 0.1, Max: 0.2, Diff: 0.1, Sum: 0.7]
      [Update RS (ms): Min: 4.7, Avg: 4.8, Max: 5.0, Diff: 0.2, Sum: 38.1]
         [Processed Buffers: Min: 61, Avg: 71.2, Max: 77, Diff: 16, Sum: 570]
      [Scan RS (ms): Min: 0.0, Avg: 0.0, Max: 0.0, Diff: 0.0, Sum: 0.2]
      [Code Root Scanning (ms): Min: 0.0, Avg: 0.0, Max: 0.0, Diff: 0.0, Sum: 0.0]
      [Object Copy (ms): Min: 6.5, Avg: 6.7, Max: 6.7, Diff: 0.2, Sum: 53.5]
      [Termination (ms): Min: 0.0, Avg: 0.0, Max: 0.1, Diff: 0.1, Sum: 0.2]
         [Termination Attempts: Min: 1, Avg: 1.0, Max: 1, Diff: 0, Sum: 8]
      [GC Worker Other (ms): Min: 0.0, Avg: 0.0, Max: 0.0, Diff: 0.0, Sum: 0.1]
      [GC Worker Total (ms): Min: 11.6, Avg: 11.6, Max: 11.7, Diff: 0.1, Sum: 93.0]
      [GC Worker End (ms): Min: 3608.3, Avg: 3608.3, Max: 3608.3, Diff: 0.0]
   [Code Root Fixup: 0.0 ms]
   [Code Root Purge: 0.0 ms]
   [Clear CT: 0.1 ms]
   [Other: 1.3 ms]
      [Choose CSet: 0.0 ms]
      [Ref Proc: 0.7 ms]
      [Ref Enq: 0.0 ms]
      [Redirty Cards: 0.1 ms]
      [Humongous Register: 0.1 ms]
      [Humongous Reclaim: 0.1 ms]
      [Free CSet: 0.1 ms]
   [Eden: 261.0M(261.0M)->0.0B(17.0M) Survivors: 8192.0K->34.0M Heap: 834.7M(1024.0M)->566.2M(1024.0M)]
 [Times: user=0.09 sys=0.00, real=0.01 secs] 
2021-01-18T10:16:06.671-0800: 3.613: [GC pause (G1 Evacuation Pause) (mixed), 0.0093047 secs]
   [Parallel Time: 8.2 ms, GC Workers: 8]
      [GC Worker Start (ms): Min: 3613.5, Avg: 3613.6, Max: 3613.7, Diff: 0.2]
      [Ext Root Scanning (ms): Min: 0.0, Avg: 0.1, Max: 0.2, Diff: 0.2, Sum: 0.8]
      [Update RS (ms): Min: 0.3, Avg: 0.3, Max: 0.4, Diff: 0.0, Sum: 2.6]
         [Processed Buffers: Min: 3, Avg: 4.0, Max: 5, Diff: 2, Sum: 32]
      [Scan RS (ms): Min: 0.0, Avg: 0.1, Max: 0.2, Diff: 0.2, Sum: 0.8]
      [Code Root Scanning (ms): Min: 0.0, Avg: 0.0, Max: 0.0, Diff: 0.0, Sum: 0.0]
      [Object Copy (ms): Min: 6.1, Avg: 6.5, Max: 7.2, Diff: 1.1, Sum: 52.1]
      [Termination (ms): Min: 0.0, Avg: 0.8, Max: 1.0, Diff: 1.0, Sum: 6.5]
         [Termination Attempts: Min: 1, Avg: 1.0, Max: 1, Diff: 0, Sum: 8]
      [GC Worker Other (ms): Min: 0.0, Avg: 0.1, Max: 0.4, Diff: 0.4, Sum: 0.5]
      [GC Worker Total (ms): Min: 7.9, Avg: 7.9, Max: 8.1, Diff: 0.2, Sum: 63.4]
      [GC Worker End (ms): Min: 3621.3, Avg: 3621.5, Max: 3621.6, Diff: 0.3]
   [Code Root Fixup: 0.0 ms]
   [Code Root Purge: 0.0 ms]
   [Clear CT: 0.2 ms]
   [Other: 0.9 ms]
      [Choose CSet: 0.0 ms]
      [Ref Proc: 0.3 ms]
      [Ref Enq: 0.0 ms]
      [Redirty Cards: 0.2 ms]
      [Humongous Register: 0.1 ms]
      [Humongous Reclaim: 0.0 ms]
      [Free CSet: 0.1 ms]
   [Eden: 17.0M(17.0M)->0.0B(46.0M) Survivors: 34.0M->5120.0K Heap: 586.0M(1024.0M)->499.4M(1024.0M)]
 [Times: user=0.06 sys=0.00, real=0.01 secs] 
2021-01-18T10:16:06.690-0800: 3.632: [GC pause (G1 Evacuation Pause) (mixed), 0.0065829 secs]
   [Parallel Time: 5.0 ms, GC Workers: 8]
      [GC Worker Start (ms): Min: 3632.5, Avg: 3632.6, Max: 3632.6, Diff: 0.1]
      [Ext Root Scanning (ms): Min: 0.1, Avg: 0.1, Max: 0.2, Diff: 0.1, Sum: 1.0]
      [Update RS (ms): Min: 1.5, Avg: 1.5, Max: 1.6, Diff: 0.1, Sum: 12.3]
         [Processed Buffers: Min: 16, Avg: 16.9, Max: 18, Diff: 2, Sum: 135]
      [Scan RS (ms): Min: 0.0, Avg: 0.0, Max: 0.0, Diff: 0.0, Sum: 0.2]
      [Code Root Scanning (ms): Min: 0.0, Avg: 0.0, Max: 0.0, Diff: 0.0, Sum: 0.0]
      [Object Copy (ms): Min: 2.3, Avg: 2.4, Max: 2.9, Diff: 0.6, Sum: 19.3]
      [Termination (ms): Min: 0.0, Avg: 0.7, Max: 0.8, Diff: 0.8, Sum: 5.5]
         [Termination Attempts: Min: 1, Avg: 1.0, Max: 1, Diff: 0, Sum: 8]
      [GC Worker Other (ms): Min: 0.0, Avg: 0.0, Max: 0.0, Diff: 0.0, Sum: 0.1]
      [GC Worker Total (ms): Min: 4.6, Avg: 4.8, Max: 4.9, Diff: 0.3, Sum: 38.4]
      [GC Worker End (ms): Min: 3637.2, Avg: 3637.4, Max: 3637.5, Diff: 0.3]
   [Code Root Fixup: 0.0 ms]
   [Code Root Purge: 0.0 ms]
   [Clear CT: 0.2 ms]
   [Other: 1.4 ms]
      [Choose CSet: 0.0 ms]
      [Ref Proc: 0.9 ms]
      [Ref Enq: 0.0 ms]
      [Redirty Cards: 0.1 ms]
      [Humongous Register: 0.1 ms]
      [Humongous Reclaim: 0.1 ms]
      [Free CSet: 0.0 ms]
   [Eden: 46.0M(46.0M)->0.0B(270.0M) Survivors: 5120.0K->7168.0K Heap: 561.1M(1024.0M)->501.1M(1024.0M)]
 [Times: user=0.04 sys=0.00, real=0.00 secs] 
2021-01-18T10:16:06.697-0800: 3.639: [GC pause (G1 Humongous Allocation) (young) (initial-mark), 0.0018087 secs]
   [Parallel Time: 0.9 ms, GC Workers: 8]
      [GC Worker Start (ms): Min: 3639.5, Avg: 3639.6, Max: 3639.6, Diff: 0.1]
      [Ext Root Scanning (ms): Min: 0.1, Avg: 0.1, Max: 0.2, Diff: 0.1, Sum: 1.0]
      [Update RS (ms): Min: 0.0, Avg: 0.1, Max: 0.1, Diff: 0.1, Sum: 0.6]
         [Processed Buffers: Min: 1, Avg: 1.1, Max: 2, Diff: 1, Sum: 9]
      [Scan RS (ms): Min: 0.0, Avg: 0.0, Max: 0.0, Diff: 0.0, Sum: 0.0]
      [Code Root Scanning (ms): Min: 0.0, Avg: 0.0, Max: 0.0, Diff: 0.0, Sum: 0.0]
      [Object Copy (ms): Min: 0.4, Avg: 0.5, Max: 0.6, Diff: 0.1, Sum: 3.9]
      [Termination (ms): Min: 0.0, Avg: 0.1, Max: 0.1, Diff: 0.1, Sum: 0.5]
         [Termination Attempts: Min: 1, Avg: 1.0, Max: 1, Diff: 0, Sum: 8]
      [GC Worker Other (ms): Min: 0.0, Avg: 0.0, Max: 0.0, Diff: 0.0, Sum: 0.1]
      [GC Worker Total (ms): Min: 0.7, Avg: 0.8, Max: 0.8, Diff: 0.1, Sum: 6.2]
      [GC Worker End (ms): Min: 3640.3, Avg: 3640.3, Max: 3640.4, Diff: 0.1]
   [Code Root Fixup: 0.0 ms]
   [Code Root Purge: 0.0 ms]
   [Clear CT: 0.1 ms]
   [Other: 0.7 ms]
      [Choose CSet: 0.0 ms]
      [Ref Proc: 0.3 ms]
      [Ref Enq: 0.0 ms]
      [Redirty Cards: 0.1 ms]
      [Humongous Register: 0.1 ms]
      [Humongous Reclaim: 0.0 ms]
      [Free CSet: 0.0 ms]
   [Eden: 2048.0K(270.0M)->0.0B(284.0M) Survivors: 7168.0K->8192.0K Heap: 503.1M(1024.0M)->501.4M(1024.0M)]
 [Times: user=0.01 sys=0.00, real=0.00 secs] 
2021-01-18T10:16:06.699-0800: 3.641: [GC concurrent-root-region-scan-start]
2021-01-18T10:16:06.699-0800: 3.641: [GC concurrent-root-region-scan-end, 0.0000955 secs]
2021-01-18T10:16:06.699-0800: 3.641: [GC concurrent-mark-start]
2021-01-18T10:16:06.701-0800: 3.643: [GC concurrent-mark-end, 0.0013078 secs]
2021-01-18T10:16:06.701-0800: 3.643: [GC remark 2021-01-18T10:16:06.701-0800: 3.643: [Finalize Marking, 0.0002350 secs] 2021-01-18T10:16:06.701-0800: 3.643: [GC ref-proc, 0.0000559 secs] 2021-01-18T10:16:06.701-0800: 3.643: [Unloading, 0.0005844 secs], 0.0018688 secs]
 [Times: user=0.01 sys=0.00, real=0.00 secs] 
2021-01-18T10:16:06.703-0800: 3.645: [GC cleanup 510M->508M(1024M), 0.0009761 secs]
 [Times: user=0.01 sys=0.00, real=0.00 secs] 
2021-01-18T10:16:06.704-0800: 3.646: [GC concurrent-cleanup-start]
2021-01-18T10:16:06.704-0800: 3.646: [GC concurrent-cleanup-end, 0.0000133 secs]
2021-01-18T10:16:06.748-0800: 3.690: [GC pause (G1 Evacuation Pause) (young) (to-space exhausted), 0.0116756 secs]
   [Parallel Time: 10.3 ms, GC Workers: 8]
      [GC Worker Start (ms): Min: 3690.6, Avg: 3690.6, Max: 3690.7, Diff: 0.1]
      [Ext Root Scanning (ms): Min: 0.0, Avg: 0.1, Max: 0.1, Diff: 0.1, Sum: 0.7]
      [Update RS (ms): Min: 5.5, Avg: 5.5, Max: 5.6, Diff: 0.0, Sum: 44.3]
         [Processed Buffers: Min: 58, Avg: 80.5, Max: 90, Diff: 32, Sum: 644]
      [Scan RS (ms): Min: 0.0, Avg: 0.0, Max: 0.1, Diff: 0.0, Sum: 0.3]
      [Code Root Scanning (ms): Min: 0.0, Avg: 0.0, Max: 0.0, Diff: 0.0, Sum: 0.0]
      [Object Copy (ms): Min: 4.5, Avg: 4.5, Max: 4.5, Diff: 0.0, Sum: 35.8]
      [Termination (ms): Min: 0.0, Avg: 0.0, Max: 0.0, Diff: 0.0, Sum: 0.2]
         [Termination Attempts: Min: 1, Avg: 1.0, Max: 1, Diff: 0, Sum: 8]
      [GC Worker Other (ms): Min: 0.0, Avg: 0.0, Max: 0.0, Diff: 0.0, Sum: 0.1]
      [GC Worker Total (ms): Min: 10.1, Avg: 10.2, Max: 10.2, Diff: 0.1, Sum: 81.4]
      [GC Worker End (ms): Min: 3700.8, Avg: 3700.8, Max: 3700.8, Diff: 0.0]
   [Code Root Fixup: 0.0 ms]
   [Code Root Purge: 0.0 ms]
   [Clear CT: 0.1 ms]
   [Other: 1.2 ms]
      [Evacuation Failure: 0.4 ms]
      [Choose CSet: 0.0 ms]
      [Ref Proc: 0.2 ms]
      [Ref Enq: 0.0 ms]
      [Redirty Cards: 0.1 ms]
      [Humongous Register: 0.2 ms]
      [Humongous Reclaim: 0.1 ms]
      [Free CSet: 0.1 ms]
   [Eden: 284.0M(284.0M)->0.0B(14.0M) Survivors: 8192.0K->37.0M Heap: 862.6M(1024.0M)->679.4M(1024.0M)]
 [Times: user=0.08 sys=0.00, real=0.02 secs] 
2021-01-18T10:16:06.762-0800: 3.705: [GC pause (G1 Evacuation Pause) (mixed), 0.0091946 secs]
   [Parallel Time: 8.1 ms, GC Workers: 8]
      [GC Worker Start (ms): Min: 3704.9, Avg: 3705.0, Max: 3705.3, Diff: 0.4]
      [Ext Root Scanning (ms): Min: 0.0, Avg: 0.1, Max: 0.2, Diff: 0.2, Sum: 1.0]
      [Update RS (ms): Min: 0.5, Avg: 0.6, Max: 0.7, Diff: 0.2, Sum: 5.0]
         [Processed Buffers: Min: 5, Avg: 8.0, Max: 11, Diff: 6, Sum: 64]
      [Scan RS (ms): Min: 0.0, Avg: 0.1, Max: 0.1, Diff: 0.1, Sum: 0.4]
      [Code Root Scanning (ms): Min: 0.0, Avg: 0.0, Max: 0.0, Diff: 0.0, Sum: 0.0]
      [Object Copy (ms): Min: 5.8, Avg: 6.0, Max: 6.8, Diff: 1.0, Sum: 47.9]
      [Termination (ms): Min: 0.0, Avg: 1.0, Max: 1.3, Diff: 1.3, Sum: 8.1]
         [Termination Attempts: Min: 1, Avg: 1.1, Max: 2, Diff: 1, Sum: 9]
      [GC Worker Other (ms): Min: 0.0, Avg: 0.0, Max: 0.0, Diff: 0.0, Sum: 0.1]
      [GC Worker Total (ms): Min: 7.3, Avg: 7.8, Max: 8.1, Diff: 0.7, Sum: 62.6]
      [GC Worker End (ms): Min: 3712.6, Avg: 3712.8, Max: 3713.0, Diff: 0.4]
   [Code Root Fixup: 0.0 ms]
   [Code Root Purge: 0.0 ms]
   [Clear CT: 0.2 ms]
   [Other: 0.8 ms]
      [Choose CSet: 0.0 ms]
      [Ref Proc: 0.2 ms]
      [Ref Enq: 0.0 ms]
      [Redirty Cards: 0.2 ms]
      [Humongous Register: 0.2 ms]
      [Humongous Reclaim: 0.0 ms]
      [Free CSet: 0.1 ms]
   [Eden: 14.0M(14.0M)->0.0B(45.0M) Survivors: 37.0M->6144.0K Heap: 699.2M(1024.0M)->607.3M(1024.0M)]
 [Times: user=0.06 sys=0.00, real=0.01 secs] 
2021-01-18T10:16:06.782-0800: 3.724: [GC pause (G1 Evacuation Pause) (mixed), 0.0060338 secs]
   [Parallel Time: 5.2 ms, GC Workers: 8]
      [GC Worker Start (ms): Min: 3724.2, Avg: 3724.3, Max: 3724.3, Diff: 0.1]
      [Ext Root Scanning (ms): Min: 0.0, Avg: 0.1, Max: 0.2, Diff: 0.1, Sum: 0.8]
      [Update RS (ms): Min: 1.3, Avg: 1.4, Max: 1.4, Diff: 0.1, Sum: 10.9]
         [Processed Buffers: Min: 12, Avg: 15.2, Max: 16, Diff: 4, Sum: 122]
      [Scan RS (ms): Min: 0.0, Avg: 0.0, Max: 0.1, Diff: 0.1, Sum: 0.2]
      [Code Root Scanning (ms): Min: 0.0, Avg: 0.0, Max: 0.0, Diff: 0.0, Sum: 0.0]
      [Object Copy (ms): Min: 2.4, Avg: 2.6, Max: 3.3, Diff: 0.9, Sum: 20.6]
      [Termination (ms): Min: 0.0, Avg: 0.8, Max: 1.1, Diff: 1.1, Sum: 6.7]
         [Termination Attempts: Min: 1, Avg: 1.0, Max: 1, Diff: 0, Sum: 8]
      [GC Worker Other (ms): Min: 0.0, Avg: 0.0, Max: 0.0, Diff: 0.0, Sum: 0.1]
      [GC Worker Total (ms): Min: 4.8, Avg: 4.9, Max: 5.0, Diff: 0.2, Sum: 39.4]
      [GC Worker End (ms): Min: 3729.1, Avg: 3729.2, Max: 3729.3, Diff: 0.2]
   [Code Root Fixup: 0.0 ms]
   [Code Root Purge: 0.0 ms]
   [Clear CT: 0.1 ms]
   [Other: 0.7 ms]
      [Choose CSet: 0.0 ms]
      [Ref Proc: 0.2 ms]
      [Ref Enq: 0.0 ms]
      [Redirty Cards: 0.2 ms]
      [Humongous Register: 0.1 ms]
      [Humongous Reclaim: 0.1 ms]
      [Free CSet: 0.1 ms]
   [Eden: 45.0M(45.0M)->0.0B(196.0M) Survivors: 6144.0K->7168.0K Heap: 666.5M(1024.0M)->607.9M(1024.0M)]
 [Times: user=0.03 sys=0.00, real=0.00 secs] 
2021-01-18T10:16:06.788-0800: 3.730: [GC pause (G1 Humongous Allocation) (young) (initial-mark), 0.0016101 secs]
   [Parallel Time: 0.9 ms, GC Workers: 8]
      [GC Worker Start (ms): Min: 3730.6, Avg: 3730.6, Max: 3730.7, Diff: 0.1]
      [Ext Root Scanning (ms): Min: 0.1, Avg: 0.1, Max: 0.2, Diff: 0.1, Sum: 1.1]
      [Update RS (ms): Min: 0.0, Avg: 0.1, Max: 0.3, Diff: 0.2, Sum: 0.7]
         [Processed Buffers: Min: 1, Avg: 1.1, Max: 2, Diff: 1, Sum: 9]
      [Scan RS (ms): Min: 0.0, Avg: 0.0, Max: 0.0, Diff: 0.0, Sum: 0.0]
      [Code Root Scanning (ms): Min: 0.0, Avg: 0.0, Max: 0.0, Diff: 0.0, Sum: 0.0]
      [Object Copy (ms): Min: 0.2, Avg: 0.4, Max: 0.5, Diff: 0.3, Sum: 3.5]
      [Termination (ms): Min: 0.0, Avg: 0.0, Max: 0.1, Diff: 0.1, Sum: 0.4]
         [Termination Attempts: Min: 1, Avg: 1.1, Max: 2, Diff: 1, Sum: 9]
      [GC Worker Other (ms): Min: 0.0, Avg: 0.0, Max: 0.0, Diff: 0.0, Sum: 0.1]
      [GC Worker Total (ms): Min: 0.7, Avg: 0.7, Max: 0.8, Diff: 0.1, Sum: 5.8]
      [GC Worker End (ms): Min: 3731.3, Avg: 3731.4, Max: 3731.4, Diff: 0.1]
   [Code Root Fixup: 0.0 ms]
   [Code Root Purge: 0.0 ms]
   [Clear CT: 0.1 ms]
   [Other: 0.6 ms]
      [Choose CSet: 0.0 ms]
      [Ref Proc: 0.2 ms]
      [Ref Enq: 0.0 ms]
      [Redirty Cards: 0.1 ms]
      [Humongous Register: 0.1 ms]
      [Humongous Reclaim: 0.0 ms]
      [Free CSet: 0.0 ms]
   [Eden: 1024.0K(196.0M)->0.0B(178.0M) Survivors: 7168.0K->8192.0K Heap: 608.9M(1024.0M)->608.4M(1024.0M)]
 [Times: user=0.01 sys=0.00, real=0.01 secs] 
2021-01-18T10:16:06.790-0800: 3.732: [GC concurrent-root-region-scan-start]
2021-01-18T10:16:06.790-0800: 3.732: [GC concurrent-root-region-scan-end, 0.0000924 secs]
2021-01-18T10:16:06.790-0800: 3.732: [GC concurrent-mark-start]
2021-01-18T10:16:06.792-0800: 3.734: [GC concurrent-mark-end, 0.0014473 secs]
2021-01-18T10:16:06.792-0800: 3.734: [GC remark 2021-01-18T10:16:06.792-0800: 3.734: [Finalize Marking, 0.0002456 secs] 2021-01-18T10:16:06.792-0800: 3.734: [GC ref-proc, 0.0000568 secs] 2021-01-18T10:16:06.792-0800: 3.734: [Unloading, 0.0005419 secs], 0.0021123 secs]
 [Times: user=0.01 sys=0.00, real=0.00 secs] 
2021-01-18T10:16:06.794-0800: 3.736: [GC cleanup 620M->611M(1024M), 0.0009783 secs]
 [Times: user=0.00 sys=0.00, real=0.00 secs] 
2021-01-18T10:16:06.795-0800: 3.737: [GC concurrent-cleanup-start]
2021-01-18T10:16:06.795-0800: 3.737: [GC concurrent-cleanup-end, 0.0000144 secs]
2021-01-18T10:16:06.824-0800: 3.767: [GC pause (G1 Evacuation Pause) (young), 0.0093220 secs]
   [Parallel Time: 8.4 ms, GC Workers: 8]
      [GC Worker Start (ms): Min: 3766.7, Avg: 3766.8, Max: 3766.8, Diff: 0.1]
      [Ext Root Scanning (ms): Min: 0.1, Avg: 0.1, Max: 0.2, Diff: 0.1, Sum: 1.0]
      [Update RS (ms): Min: 3.0, Avg: 3.1, Max: 3.2, Diff: 0.1, Sum: 25.2]
         [Processed Buffers: Min: 31, Avg: 40.8, Max: 46, Diff: 15, Sum: 326]
      [Scan RS (ms): Min: 0.0, Avg: 0.0, Max: 0.0, Diff: 0.0, Sum: 0.1]
      [Code Root Scanning (ms): Min: 0.0, Avg: 0.0, Max: 0.0, Diff: 0.0, Sum: 0.0]
      [Object Copy (ms): Min: 4.9, Avg: 4.9, Max: 4.9, Diff: 0.1, Sum: 39.2]
      [Termination (ms): Min: 0.0, Avg: 0.1, Max: 0.1, Diff: 0.1, Sum: 0.4]
         [Termination Attempts: Min: 1, Avg: 1.0, Max: 1, Diff: 0, Sum: 8]
      [GC Worker Other (ms): Min: 0.0, Avg: 0.0, Max: 0.0, Diff: 0.0, Sum: 0.1]
      [GC Worker Total (ms): Min: 8.2, Avg: 8.3, Max: 8.3, Diff: 0.1, Sum: 66.1]
      [GC Worker End (ms): Min: 3775.0, Avg: 3775.0, Max: 3775.1, Diff: 0.0]
   [Code Root Fixup: 0.0 ms]
   [Code Root Purge: 0.0 ms]
   [Clear CT: 0.2 ms]
   [Other: 0.8 ms]
      [Choose CSet: 0.0 ms]
      [Ref Proc: 0.2 ms]
      [Ref Enq: 0.0 ms]
      [Redirty Cards: 0.1 ms]
      [Humongous Register: 0.1 ms]
      [Humongous Reclaim: 0.1 ms]
      [Free CSet: 0.1 ms]
   [Eden: 178.0M(178.0M)->0.0B(27.0M) Survivors: 8192.0K->24.0M Heap: 817.1M(1024.0M)->642.7M(1024.0M)]
 [Times: user=0.07 sys=0.00, real=0.01 secs] 
2021-01-18T10:16:06.839-0800: 3.782: [GC pause (G1 Evacuation Pause) (mixed), 0.0063041 secs]
   [Parallel Time: 5.3 ms, GC Workers: 8]
      [GC Worker Start (ms): Min: 3781.8, Avg: 3781.9, Max: 3781.9, Diff: 0.1]
      [Ext Root Scanning (ms): Min: 0.1, Avg: 0.1, Max: 0.2, Diff: 0.1, Sum: 1.0]
      [Update RS (ms): Min: 0.4, Avg: 0.5, Max: 0.5, Diff: 0.1, Sum: 3.6]
         [Processed Buffers: Min: 5, Avg: 5.6, Max: 6, Diff: 1, Sum: 45]
      [Scan RS (ms): Min: 0.0, Avg: 0.0, Max: 0.1, Diff: 0.0, Sum: 0.2]
      [Code Root Scanning (ms): Min: 0.0, Avg: 0.0, Max: 0.0, Diff: 0.0, Sum: 0.0]
      [Object Copy (ms): Min: 4.0, Avg: 4.1, Max: 4.3, Diff: 0.3, Sum: 32.9]
      [Termination (ms): Min: 0.0, Avg: 0.3, Max: 0.6, Diff: 0.6, Sum: 2.5]
         [Termination Attempts: Min: 1, Avg: 1.0, Max: 1, Diff: 0, Sum: 8]
      [GC Worker Other (ms): Min: 0.0, Avg: 0.0, Max: 0.0, Diff: 0.0, Sum: 0.1]
      [GC Worker Total (ms): Min: 4.9, Avg: 5.0, Max: 5.2, Diff: 0.3, Sum: 40.3]
      [GC Worker End (ms): Min: 3786.8, Avg: 3786.9, Max: 3787.1, Diff: 0.2]
   [Code Root Fixup: 0.0 ms]
   [Code Root Purge: 0.0 ms]
   [Clear CT: 0.2 ms]
   [Other: 0.9 ms]
      [Choose CSet: 0.0 ms]
      [Ref Proc: 0.3 ms]
      [Ref Enq: 0.0 ms]
      [Redirty Cards: 0.2 ms]
      [Humongous Register: 0.1 ms]
      [Humongous Reclaim: 0.0 ms]
      [Free CSet: 0.1 ms]
   [Eden: 27.0M(27.0M)->0.0B(44.0M) Survivors: 24.0M->7168.0K Heap: 674.1M(1024.0M)->556.7M(1024.0M)]
 [Times: user=0.03 sys=0.00, real=0.01 secs] 
2021-01-18T10:16:06.855-0800: 3.797: [GC pause (G1 Evacuation Pause) (mixed), 0.0083416 secs]
   [Parallel Time: 7.2 ms, GC Workers: 8]
      [GC Worker Start (ms): Min: 3797.7, Avg: 3797.8, Max: 3797.9, Diff: 0.2]
      [Ext Root Scanning (ms): Min: 0.0, Avg: 0.1, Max: 0.2, Diff: 0.2, Sum: 1.0]
      [Update RS (ms): Min: 1.1, Avg: 1.2, Max: 1.3, Diff: 0.1, Sum: 9.7]
         [Processed Buffers: Min: 13, Avg: 14.2, Max: 15, Diff: 2, Sum: 114]
      [Scan RS (ms): Min: 0.0, Avg: 0.1, Max: 0.1, Diff: 0.1, Sum: 0.5]
      [Code Root Scanning (ms): Min: 0.0, Avg: 0.0, Max: 0.0, Diff: 0.0, Sum: 0.0]
      [Object Copy (ms): Min: 4.8, Avg: 5.0, Max: 5.4, Diff: 0.6, Sum: 40.3]
      [Termination (ms): Min: 0.0, Avg: 0.5, Max: 0.8, Diff: 0.8, Sum: 3.7]
         [Termination Attempts: Min: 1, Avg: 1.1, Max: 2, Diff: 1, Sum: 9]
      [GC Worker Other (ms): Min: 0.0, Avg: 0.0, Max: 0.0, Diff: 0.0, Sum: 0.1]
      [GC Worker Total (ms): Min: 6.8, Avg: 6.9, Max: 7.1, Diff: 0.3, Sum: 55.2]
      [GC Worker End (ms): Min: 3804.6, Avg: 3804.7, Max: 3804.9, Diff: 0.3]
   [Code Root Fixup: 0.0 ms]
   [Code Root Purge: 0.0 ms]
   [Clear CT: 0.2 ms]
   [Other: 0.9 ms]
      [Choose CSet: 0.0 ms]
      [Ref Proc: 0.3 ms]
      [Ref Enq: 0.0 ms]
      [Redirty Cards: 0.1 ms]
      [Humongous Register: 0.1 ms]
      [Humongous Reclaim: 0.0 ms]
      [Free CSet: 0.1 ms]
   [Eden: 44.0M(44.0M)->0.0B(44.0M) Survivors: 7168.0K->7168.0K Heap: 613.8M(1024.0M)->505.7M(1024.0M)]
 [Times: user=0.05 sys=0.00, real=0.01 secs] 
2021-01-18T10:16:06.873-0800: 3.815: [GC pause (G1 Evacuation Pause) (mixed), 0.0067139 secs]
   [Parallel Time: 5.6 ms, GC Workers: 8]
      [GC Worker Start (ms): Min: 3815.0, Avg: 3815.1, Max: 3815.1, Diff: 0.1]
      [Ext Root Scanning (ms): Min: 0.1, Avg: 0.1, Max: 0.2, Diff: 0.1, Sum: 0.9]
      [Update RS (ms): Min: 1.1, Avg: 1.1, Max: 1.2, Diff: 0.1, Sum: 9.1]
         [Processed Buffers: Min: 12, Avg: 12.6, Max: 13, Diff: 1, Sum: 101]
      [Scan RS (ms): Min: 0.0, Avg: 0.0, Max: 0.1, Diff: 0.1, Sum: 0.3]
      [Code Root Scanning (ms): Min: 0.0, Avg: 0.0, Max: 0.0, Diff: 0.0, Sum: 0.0]
      [Object Copy (ms): Min: 3.8, Avg: 3.9, Max: 4.1, Diff: 0.3, Sum: 31.1]
      [Termination (ms): Min: 0.0, Avg: 0.2, Max: 0.4, Diff: 0.4, Sum: 1.7]
         [Termination Attempts: Min: 1, Avg: 1.0, Max: 1, Diff: 0, Sum: 8]
      [GC Worker Other (ms): Min: 0.0, Avg: 0.0, Max: 0.0, Diff: 0.0, Sum: 0.1]
      [GC Worker Total (ms): Min: 5.3, Avg: 5.4, Max: 5.5, Diff: 0.2, Sum: 43.3]
      [GC Worker End (ms): Min: 3820.4, Avg: 3820.5, Max: 3820.5, Diff: 0.1]
   [Code Root Fixup: 0.0 ms]
   [Code Root Purge: 0.0 ms]
   [Clear CT: 0.1 ms]
   [Other: 1.0 ms]
      [Choose CSet: 0.0 ms]
      [Ref Proc: 0.4 ms]
      [Ref Enq: 0.0 ms]
      [Redirty Cards: 0.2 ms]
      [Humongous Register: 0.1 ms]
      [Humongous Reclaim: 0.1 ms]
      [Free CSet: 0.1 ms]
   [Eden: 44.0M(44.0M)->0.0B(279.0M) Survivors: 7168.0K->7168.0K Heap: 561.1M(1024.0M)->489.2M(1024.0M)]
 [Times: user=0.04 sys=0.00, real=0.00 secs] 
2021-01-18T10:16:06.882-0800: 3.824: [GC pause (G1 Humongous Allocation) (young) (initial-mark), 0.0035864 secs]
   [Parallel Time: 2.4 ms, GC Workers: 8]
      [GC Worker Start (ms): Min: 3824.0, Avg: 3824.1, Max: 3824.2, Diff: 0.2]
      [Ext Root Scanning (ms): Min: 0.1, Avg: 0.1, Max: 0.2, Diff: 0.2, Sum: 1.1]
      [Update RS (ms): Min: 0.1, Avg: 0.1, Max: 0.3, Diff: 0.2, Sum: 1.0]
         [Processed Buffers: Min: 1, Avg: 1.1, Max: 2, Diff: 1, Sum: 9]
      [Scan RS (ms): Min: 0.0, Avg: 0.0, Max: 0.0, Diff: 0.0, Sum: 0.0]
      [Code Root Scanning (ms): Min: 0.0, Avg: 0.0, Max: 0.0, Diff: 0.0, Sum: 0.0]
      [Object Copy (ms): Min: 0.6, Avg: 0.9, Max: 1.7, Diff: 1.0, Sum: 7.1]
      [Termination (ms): Min: 0.0, Avg: 1.0, Max: 1.2, Diff: 1.2, Sum: 7.7]
         [Termination Attempts: Min: 1, Avg: 1.0, Max: 1, Diff: 0, Sum: 8]
      [GC Worker Other (ms): Min: 0.0, Avg: 0.0, Max: 0.0, Diff: 0.0, Sum: 0.1]
      [GC Worker Total (ms): Min: 2.0, Avg: 2.1, Max: 2.3, Diff: 0.3, Sum: 17.1]
      [GC Worker End (ms): Min: 3826.0, Avg: 3826.2, Max: 3826.4, Diff: 0.4]
   [Code Root Fixup: 0.0 ms]
   [Code Root Purge: 0.0 ms]
   [Clear CT: 0.1 ms]
   [Other: 1.0 ms]
      [Choose CSet: 0.0 ms]
      [Ref Proc: 0.5 ms]
      [Ref Enq: 0.0 ms]
      [Redirty Cards: 0.2 ms]
      [Humongous Register: 0.1 ms]
      [Humongous Reclaim: 0.0 ms]
      [Free CSet: 0.0 ms]
   [Eden: 10.0M(279.0M)->0.0B(289.0M) Survivors: 7168.0K->10.0M Heap: 499.2M(1024.0M)->490.6M(1024.0M)]
 [Times: user=0.02 sys=0.00, real=0.00 secs] 
2021-01-18T10:16:06.885-0800: 3.828: [GC concurrent-root-region-scan-start]
2021-01-18T10:16:06.885-0800: 3.828: [GC concurrent-root-region-scan-end, 0.0000942 secs]
2021-01-18T10:16:06.885-0800: 3.828: [GC concurrent-mark-start]
2021-01-18T10:16:06.887-0800: 3.829: [GC concurrent-mark-end, 0.0013103 secs]
2021-01-18T10:16:06.887-0800: 3.829: [GC remark 2021-01-18T10:16:06.887-0800: 3.829: [Finalize Marking, 0.0002274 secs] 2021-01-18T10:16:06.887-0800: 3.829: [GC ref-proc, 0.0000554 secs] 2021-01-18T10:16:06.887-0800: 3.829: [Unloading, 0.0005242 secs], 0.0018177 secs]
 [Times: user=0.01 sys=0.00, real=0.00 secs] 
2021-01-18T10:16:06.889-0800: 3.831: [GC cleanup 504M->503M(1024M), 0.0010677 secs]
 [Times: user=0.00 sys=0.01, real=0.01 secs] 
2021-01-18T10:16:06.890-0800: 3.832: [GC concurrent-cleanup-start]
2021-01-18T10:16:06.890-0800: 3.832: [GC concurrent-cleanup-end, 0.0000146 secs]
2021-01-18T10:16:06.937-0800: 3.879: [GC pause (G1 Evacuation Pause) (young) (to-space exhausted), 0.0133417 secs]
   [Parallel Time: 11.7 ms, GC Workers: 8]
      [GC Worker Start (ms): Min: 3879.3, Avg: 3879.4, Max: 3879.5, Diff: 0.2]
      [Ext Root Scanning (ms): Min: 0.0, Avg: 0.1, Max: 0.4, Diff: 0.4, Sum: 0.9]
      [Update RS (ms): Min: 5.6, Avg: 5.9, Max: 6.0, Diff: 0.4, Sum: 47.1]
         [Processed Buffers: Min: 78, Avg: 87.1, Max: 94, Diff: 16, Sum: 697]
      [Scan RS (ms): Min: 0.0, Avg: 0.0, Max: 0.0, Diff: 0.0, Sum: 0.2]
      [Code Root Scanning (ms): Min: 0.0, Avg: 0.0, Max: 0.0, Diff: 0.0, Sum: 0.0]
      [Object Copy (ms): Min: 4.8, Avg: 5.0, Max: 5.3, Diff: 0.5, Sum: 40.1]
      [Termination (ms): Min: 0.0, Avg: 0.4, Max: 0.7, Diff: 0.7, Sum: 3.0]
         [Termination Attempts: Min: 1, Avg: 1.2, Max: 3, Diff: 2, Sum: 10]
      [GC Worker Other (ms): Min: 0.0, Avg: 0.0, Max: 0.1, Diff: 0.1, Sum: 0.2]
      [GC Worker Total (ms): Min: 11.3, Avg: 11.4, Max: 11.5, Diff: 0.2, Sum: 91.6]
      [GC Worker End (ms): Min: 3890.8, Avg: 3890.9, Max: 3891.0, Diff: 0.2]
   [Code Root Fixup: 0.0 ms]
   [Code Root Purge: 0.0 ms]
   [Clear CT: 0.1 ms]
   [Other: 1.5 ms]
      [Evacuation Failure: 0.5 ms]
      [Choose CSet: 0.0 ms]
      [Ref Proc: 0.5 ms]
      [Ref Enq: 0.0 ms]
      [Redirty Cards: 0.1 ms]
      [Humongous Register: 0.1 ms]
      [Humongous Reclaim: 0.1 ms]
      [Free CSet: 0.1 ms]
   [Eden: 289.0M(289.0M)->0.0B(13.0M) Survivors: 10.0M->38.0M Heap: 864.3M(1024.0M)->700.2M(1024.0M)]
 [Times: user=0.09 sys=0.00, real=0.02 secs] 
2021-01-18T10:16:06.953-0800: 3.895: [GC pause (G1 Evacuation Pause) (mixed), 0.0097139 secs]
   [Parallel Time: 8.6 ms, GC Workers: 8]
      [GC Worker Start (ms): Min: 3895.4, Avg: 3895.5, Max: 3895.5, Diff: 0.1]
      [Ext Root Scanning (ms): Min: 0.1, Avg: 0.1, Max: 0.2, Diff: 0.1, Sum: 1.0]
      [Update RS (ms): Min: 0.6, Avg: 0.6, Max: 0.7, Diff: 0.1, Sum: 5.0]
         [Processed Buffers: Min: 8, Avg: 8.8, Max: 10, Diff: 2, Sum: 70]
      [Scan RS (ms): Min: 0.0, Avg: 0.1, Max: 0.1, Diff: 0.1, Sum: 0.6]
      [Code Root Scanning (ms): Min: 0.0, Avg: 0.0, Max: 0.0, Diff: 0.0, Sum: 0.0]
      [Object Copy (ms): Min: 6.7, Avg: 6.9, Max: 7.6, Diff: 0.9, Sum: 54.8]
      [Termination (ms): Min: 0.0, Avg: 0.8, Max: 0.9, Diff: 0.9, Sum: 6.2]
         [Termination Attempts: Min: 1, Avg: 1.0, Max: 1, Diff: 0, Sum: 8]
      [GC Worker Other (ms): Min: 0.0, Avg: 0.0, Max: 0.0, Diff: 0.0, Sum: 0.1]
      [GC Worker Total (ms): Min: 8.4, Avg: 8.5, Max: 8.5, Diff: 0.1, Sum: 67.7]
      [GC Worker End (ms): Min: 3903.9, Avg: 3903.9, Max: 3904.0, Diff: 0.1]
   [Code Root Fixup: 0.0 ms]
   [Code Root Purge: 0.0 ms]
   [Clear CT: 0.2 ms]
   [Other: 0.8 ms]
      [Choose CSet: 0.0 ms]
      [Ref Proc: 0.2 ms]
      [Ref Enq: 0.0 ms]
      [Redirty Cards: 0.2 ms]
      [Humongous Register: 0.1 ms]
      [Humongous Reclaim: 0.0 ms]
      [Free CSet: 0.1 ms]
   [Eden: 13.0M(13.0M)->0.0B(46.0M) Survivors: 38.0M->5120.0K Heap: 719.4M(1024.0M)->634.5M(1024.0M)]
 [Times: user=0.05 sys=0.00, real=0.01 secs] 
2021-01-18T10:16:06.973-0800: 3.915: [GC pause (G1 Evacuation Pause) (mixed), 0.0051849 secs]
   [Parallel Time: 4.3 ms, GC Workers: 8]
      [GC Worker Start (ms): Min: 3915.2, Avg: 3915.3, Max: 3915.3, Diff: 0.1]
      [Ext Root Scanning (ms): Min: 0.0, Avg: 0.1, Max: 0.2, Diff: 0.1, Sum: 0.8]
      [Update RS (ms): Min: 0.9, Avg: 1.0, Max: 1.1, Diff: 0.2, Sum: 7.9]
         [Processed Buffers: Min: 10, Avg: 10.6, Max: 11, Diff: 1, Sum: 85]
      [Scan RS (ms): Min: 0.0, Avg: 0.0, Max: 0.1, Diff: 0.1, Sum: 0.4]
      [Code Root Scanning (ms): Min: 0.0, Avg: 0.0, Max: 0.0, Diff: 0.0, Sum: 0.0]
      [Object Copy (ms): Min: 2.7, Avg: 2.9, Max: 2.9, Diff: 0.2, Sum: 23.1]
      [Termination (ms): Min: 0.0, Avg: 0.1, Max: 0.1, Diff: 0.1, Sum: 0.4]
         [Termination Attempts: Min: 1, Avg: 1.0, Max: 1, Diff: 0, Sum: 8]
      [GC Worker Other (ms): Min: 0.0, Avg: 0.0, Max: 0.0, Diff: 0.0, Sum: 0.1]
      [GC Worker Total (ms): Min: 4.0, Avg: 4.1, Max: 4.2, Diff: 0.1, Sum: 32.7]
      [GC Worker End (ms): Min: 3919.3, Avg: 3919.3, Max: 3919.4, Diff: 0.1]
   [Code Root Fixup: 0.0 ms]
   [Code Root Purge: 0.0 ms]
   [Clear CT: 0.2 ms]
   [Other: 0.7 ms]
      [Choose CSet: 0.0 ms]
      [Ref Proc: 0.3 ms]
      [Ref Enq: 0.0 ms]
      [Redirty Cards: 0.1 ms]
      [Humongous Register: 0.1 ms]
      [Humongous Reclaim: 0.0 ms]
      [Free CSet: 0.1 ms]
   [Eden: 46.0M(46.0M)->0.0B(168.0M) Survivors: 5120.0K->7168.0K Heap: 690.0M(1024.0M)->634.4M(1024.0M)]
 [Times: user=0.04 sys=0.00, real=0.00 secs] 
2021-01-18T10:16:06.978-0800: 3.921: [GC pause (G1 Humongous Allocation) (young) (initial-mark), 0.0028100 secs]
   [Parallel Time: 1.9 ms, GC Workers: 8]
      [GC Worker Start (ms): Min: 3920.8, Avg: 3920.9, Max: 3921.1, Diff: 0.3]
      [Ext Root Scanning (ms): Min: 0.0, Avg: 0.4, Max: 1.5, Diff: 1.5, Sum: 3.0]
      [Update RS (ms): Min: 0.0, Avg: 0.1, Max: 0.2, Diff: 0.2, Sum: 0.8]
         [Processed Buffers: Min: 0, Avg: 1.1, Max: 2, Diff: 2, Sum: 9]
      [Scan RS (ms): Min: 0.0, Avg: 0.0, Max: 0.0, Diff: 0.0, Sum: 0.0]
      [Code Root Scanning (ms): Min: 0.0, Avg: 0.0, Max: 0.0, Diff: 0.0, Sum: 0.0]
      [Object Copy (ms): Min: 0.0, Avg: 0.5, Max: 1.1, Diff: 1.0, Sum: 4.3]
      [Termination (ms): Min: 0.0, Avg: 0.6, Max: 1.0, Diff: 1.0, Sum: 5.1]
         [Termination Attempts: Min: 1, Avg: 1.0, Max: 1, Diff: 0, Sum: 8]
      [GC Worker Other (ms): Min: 0.0, Avg: 0.0, Max: 0.0, Diff: 0.0, Sum: 0.1]
      [GC Worker Total (ms): Min: 1.5, Avg: 1.7, Max: 1.8, Diff: 0.3, Sum: 13.3]
      [GC Worker End (ms): Min: 3922.5, Avg: 3922.6, Max: 3922.7, Diff: 0.2]
   [Code Root Fixup: 0.0 ms]
   [Code Root Purge: 0.0 ms]
   [Clear CT: 0.2 ms]
   [Other: 0.7 ms]
      [Choose CSet: 0.0 ms]
      [Ref Proc: 0.2 ms]
      [Ref Enq: 0.0 ms]
      [Redirty Cards: 0.2 ms]
      [Humongous Register: 0.2 ms]
      [Humongous Reclaim: 0.0 ms]
      [Free CSet: 0.0 ms]
   [Eden: 1024.0K(168.0M)->0.0B(177.0M) Survivors: 7168.0K->7168.0K Heap: 635.0M(1024.0M)->633.8M(1024.0M)]
 [Times: user=0.01 sys=0.00, real=0.01 secs] 
2021-01-18T10:16:06.981-0800: 3.924: [GC concurrent-root-region-scan-start]
2021-01-18T10:16:06.981-0800: 3.924: [GC concurrent-root-region-scan-end, 0.0000913 secs]
2021-01-18T10:16:06.981-0800: 3.924: [GC concurrent-mark-start]
2021-01-18T10:16:06.983-0800: 3.925: [GC concurrent-mark-end, 0.0014069 secs]
2021-01-18T10:16:06.983-0800: 3.925: [GC remark 2021-01-18T10:16:06.983-0800: 3.925: [Finalize Marking, 0.0002954 secs] 2021-01-18T10:16:06.983-0800: 3.925: [GC ref-proc, 0.0000514 secs] 2021-01-18T10:16:06.983-0800: 3.926: [Unloading, 0.0006449 secs], 0.0021539 secs]
 [Times: user=0.01 sys=0.00, real=0.00 secs] 
2021-01-18T10:16:06.985-0800: 3.927: [GC cleanup 642M->635M(1024M), 0.0010129 secs]
 [Times: user=0.00 sys=0.00, real=0.00 secs] 
2021-01-18T10:16:06.986-0800: 3.928: [GC concurrent-cleanup-start]
2021-01-18T10:16:06.986-0800: 3.928: [GC concurrent-cleanup-end, 0.0000127 secs]
2021-01-18T10:16:07.015-0800: 3.957: [GC pause (G1 Evacuation Pause) (young), 0.0106967 secs]
   [Parallel Time: 9.1 ms, GC Workers: 8]
      [GC Worker Start (ms): Min: 3957.1, Avg: 3957.8, Max: 3962.0, Diff: 4.9]
      [Ext Root Scanning (ms): Min: 0.0, Avg: 0.1, Max: 0.2, Diff: 0.2, Sum: 0.8]
      [Update RS (ms): Min: 0.0, Avg: 2.9, Max: 3.7, Diff: 3.7, Sum: 23.6]
         [Processed Buffers: Min: 0, Avg: 39.1, Max: 48, Diff: 48, Sum: 313]
      [Scan RS (ms): Min: 0.0, Avg: 0.0, Max: 0.0, Diff: 0.0, Sum: 0.2]
      [Code Root Scanning (ms): Min: 0.0, Avg: 0.0, Max: 0.0, Diff: 0.0, Sum: 0.0]
      [Object Copy (ms): Min: 3.8, Avg: 5.1, Max: 5.4, Diff: 1.6, Sum: 40.4]
      [Termination (ms): Min: 0.0, Avg: 0.2, Max: 0.2, Diff: 0.2, Sum: 1.4]
         [Termination Attempts: Min: 1, Avg: 1.0, Max: 1, Diff: 0, Sum: 8]
      [GC Worker Other (ms): Min: 0.0, Avg: 0.0, Max: 0.0, Diff: 0.0, Sum: 0.1]
      [GC Worker Total (ms): Min: 4.1, Avg: 8.3, Max: 9.0, Diff: 4.9, Sum: 66.5]
      [GC Worker End (ms): Min: 3966.0, Avg: 3966.1, Max: 3966.1, Diff: 0.1]
   [Code Root Fixup: 0.0 ms]
   [Code Root Purge: 0.0 ms]
   [Clear CT: 0.1 ms]
   [Other: 1.5 ms]
      [Choose CSet: 0.0 ms]
      [Ref Proc: 0.9 ms]
      [Ref Enq: 0.0 ms]
      [Redirty Cards: 0.2 ms]
      [Humongous Register: 0.1 ms]
      [Humongous Reclaim: 0.1 ms]
      [Free CSet: 0.1 ms]
   [Eden: 177.0M(177.0M)->0.0B(28.0M) Survivors: 7168.0K->23.0M Heap: 841.9M(1024.0M)->671.4M(1024.0M)]
 [Times: user=0.06 sys=0.00, real=0.01 secs] 
2021-01-18T10:16:07.031-0800: 3.973: [GC pause (G1 Evacuation Pause) (mixed), 0.0068683 secs]
   [Parallel Time: 5.9 ms, GC Workers: 8]
      [GC Worker Start (ms): Min: 3973.5, Avg: 3973.6, Max: 3973.6, Diff: 0.1]
      [Ext Root Scanning (ms): Min: 0.1, Avg: 0.1, Max: 0.2, Diff: 0.1, Sum: 1.0]
      [Update RS (ms): Min: 0.9, Avg: 0.9, Max: 0.9, Diff: 0.1, Sum: 7.1]
         [Processed Buffers: Min: 10, Avg: 10.4, Max: 11, Diff: 1, Sum: 83]
      [Scan RS (ms): Min: 0.0, Avg: 0.0, Max: 0.1, Diff: 0.1, Sum: 0.3]
      [Code Root Scanning (ms): Min: 0.0, Avg: 0.0, Max: 0.0, Diff: 0.0, Sum: 0.0]
      [Object Copy (ms): Min: 3.9, Avg: 4.0, Max: 4.5, Diff: 0.6, Sum: 31.9]
      [Termination (ms): Min: 0.0, Avg: 0.6, Max: 0.9, Diff: 0.9, Sum: 5.1]
         [Termination Attempts: Min: 1, Avg: 1.1, Max: 2, Diff: 1, Sum: 9]
      [GC Worker Other (ms): Min: 0.0, Avg: 0.0, Max: 0.0, Diff: 0.0, Sum: 0.1]
      [GC Worker Total (ms): Min: 5.6, Avg: 5.7, Max: 5.9, Diff: 0.3, Sum: 45.5]
      [GC Worker End (ms): Min: 3979.1, Avg: 3979.3, Max: 3979.4, Diff: 0.3]
   [Code Root Fixup: 0.0 ms]
   [Code Root Purge: 0.0 ms]
   [Clear CT: 0.1 ms]
   [Other: 0.8 ms]
      [Choose CSet: 0.0 ms]
      [Ref Proc: 0.2 ms]
      [Ref Enq: 0.0 ms]
      [Redirty Cards: 0.2 ms]
      [Humongous Register: 0.1 ms]
      [Humongous Reclaim: 0.0 ms]
      [Free CSet: 0.1 ms]
   [Eden: 28.0M(28.0M)->0.0B(44.0M) Survivors: 23.0M->7168.0K Heap: 708.6M(1024.0M)->588.4M(1024.0M)]
 [Times: user=0.03 sys=0.00, real=0.00 secs] 
2021-01-18T10:16:07.046-0800: 3.988: [GC pause (G1 Evacuation Pause) (mixed), 0.0076747 secs]
   [Parallel Time: 5.9 ms, GC Workers: 8]
      [GC Worker Start (ms): Min: 3988.0, Avg: 3988.3, Max: 3988.6, Diff: 0.6]
      [Ext Root Scanning (ms): Min: 0.0, Avg: 0.1, Max: 0.2, Diff: 0.2, Sum: 0.6]
      [Update RS (ms): Min: 0.5, Avg: 0.7, Max: 0.9, Diff: 0.4, Sum: 5.6]
         [Processed Buffers: Min: 6, Avg: 8.9, Max: 13, Diff: 7, Sum: 71]
      [Scan RS (ms): Min: 0.0, Avg: 0.0, Max: 0.1, Diff: 0.1, Sum: 0.4]
      [Code Root Scanning (ms): Min: 0.0, Avg: 0.0, Max: 0.0, Diff: 0.0, Sum: 0.0]
      [Object Copy (ms): Min: 4.2, Avg: 4.3, Max: 4.5, Diff: 0.3, Sum: 34.4]
      [Termination (ms): Min: 0.0, Avg: 0.3, Max: 0.4, Diff: 0.3, Sum: 2.1]
         [Termination Attempts: Min: 1, Avg: 1.0, Max: 1, Diff: 0, Sum: 8]
      [GC Worker Other (ms): Min: 0.0, Avg: 0.0, Max: 0.0, Diff: 0.0, Sum: 0.1]
      [GC Worker Total (ms): Min: 5.1, Avg: 5.4, Max: 5.7, Diff: 0.7, Sum: 43.1]
      [GC Worker End (ms): Min: 3993.7, Avg: 3993.7, Max: 3993.8, Diff: 0.1]
   [Code Root Fixup: 0.0 ms]
   [Code Root Purge: 0.0 ms]
   [Clear CT: 0.1 ms]
   [Other: 1.7 ms]
      [Choose CSet: 0.0 ms]
      [Ref Proc: 1.2 ms]
      [Ref Enq: 0.0 ms]
      [Redirty Cards: 0.1 ms]
      [Humongous Register: 0.1 ms]
      [Humongous Reclaim: 0.0 ms]
      [Free CSet: 0.1 ms]
   [Eden: 44.0M(44.0M)->0.0B(44.0M) Survivors: 7168.0K->7168.0K Heap: 640.0M(1024.0M)->525.5M(1024.0M)]
 [Times: user=0.05 sys=0.00, real=0.01 secs] 
2021-01-18T10:16:07.062-0800: 4.004: [GC pause (G1 Evacuation Pause) (mixed), 0.0087781 secs]
   [Parallel Time: 7.8 ms, GC Workers: 8]
      [GC Worker Start (ms): Min: 4004.3, Avg: 4005.2, Max: 4006.1, Diff: 1.8]
      [Ext Root Scanning (ms): Min: 0.0, Avg: 0.1, Max: 0.2, Diff: 0.2, Sum: 0.7]
      [Update RS (ms): Min: 0.2, Avg: 1.0, Max: 1.8, Diff: 1.6, Sum: 8.0]
         [Processed Buffers: Min: 2, Avg: 15.4, Max: 30, Diff: 28, Sum: 123]
      [Scan RS (ms): Min: 0.0, Avg: 0.0, Max: 0.1, Diff: 0.1, Sum: 0.4]
      [Code Root Scanning (ms): Min: 0.0, Avg: 0.0, Max: 0.0, Diff: 0.0, Sum: 0.0]
      [Object Copy (ms): Min: 4.8, Avg: 5.0, Max: 5.5, Diff: 0.7, Sum: 39.9]
      [Termination (ms): Min: 0.0, Avg: 0.6, Max: 0.9, Diff: 0.9, Sum: 4.9]
         [Termination Attempts: Min: 1, Avg: 1.0, Max: 1, Diff: 0, Sum: 8]
      [GC Worker Other (ms): Min: 0.0, Avg: 0.0, Max: 0.0, Diff: 0.0, Sum: 0.1]
      [GC Worker Total (ms): Min: 5.8, Avg: 6.8, Max: 7.8, Diff: 2.0, Sum: 54.0]
      [GC Worker End (ms): Min: 4011.9, Avg: 4012.0, Max: 4012.1, Diff: 0.2]
   [Code Root Fixup: 0.0 ms]
   [Code Root Purge: 0.0 ms]
   [Clear CT: 0.2 ms]
   [Other: 0.8 ms]
      [Choose CSet: 0.0 ms]
      [Ref Proc: 0.2 ms]
      [Ref Enq: 0.0 ms]
      [Redirty Cards: 0.2 ms]
      [Humongous Register: 0.1 ms]
      [Humongous Reclaim: 0.0 ms]
      [Free CSet: 0.1 ms]
   [Eden: 44.0M(44.0M)->0.0B(276.0M) Survivors: 7168.0K->7168.0K Heap: 583.7M(1024.0M)->508.8M(1024.0M)]
 [Times: user=0.04 sys=0.00, real=0.01 secs] 
2021-01-18T10:16:07.072-0800: 4.014: [GC pause (G1 Humongous Allocation) (young) (initial-mark), 0.0035931 secs]
   [Parallel Time: 2.0 ms, GC Workers: 8]
      [GC Worker Start (ms): Min: 4013.8, Avg: 4014.0, Max: 4014.1, Diff: 0.3]
      [Ext Root Scanning (ms): Min: 0.0, Avg: 0.8, Max: 1.9, Diff: 1.9, Sum: 6.5]
      [Update RS (ms): Min: 0.0, Avg: 0.1, Max: 0.2, Diff: 0.2, Sum: 0.6]
         [Processed Buffers: Min: 0, Avg: 1.1, Max: 3, Diff: 3, Sum: 9]
      [Scan RS (ms): Min: 0.0, Avg: 0.0, Max: 0.0, Diff: 0.0, Sum: 0.0]
      [Code Root Scanning (ms): Min: 0.0, Avg: 0.0, Max: 0.0, Diff: 0.0, Sum: 0.0]
      [Object Copy (ms): Min: 0.0, Avg: 0.4, Max: 0.6, Diff: 0.6, Sum: 3.0]
      [Termination (ms): Min: 0.0, Avg: 0.5, Max: 0.9, Diff: 0.9, Sum: 4.4]
         [Termination Attempts: Min: 1, Avg: 1.1, Max: 2, Diff: 1, Sum: 9]
      [GC Worker Other (ms): Min: 0.0, Avg: 0.0, Max: 0.0, Diff: 0.0, Sum: 0.1]
      [GC Worker Total (ms): Min: 1.7, Avg: 1.8, Max: 1.9, Diff: 0.3, Sum: 14.6]
      [GC Worker End (ms): Min: 4015.8, Avg: 4015.8, Max: 4015.8, Diff: 0.0]
   [Code Root Fixup: 0.0 ms]
   [Code Root Purge: 0.0 ms]
   [Clear CT: 0.2 ms]
   [Other: 1.3 ms]
      [Choose CSet: 0.0 ms]
      [Ref Proc: 1.0 ms]
      [Ref Enq: 0.0 ms]
      [Redirty Cards: 0.1 ms]
      [Humongous Register: 0.1 ms]
      [Humongous Reclaim: 0.0 ms]
      [Free CSet: 0.0 ms]
   [Eden: 4096.0K(276.0M)->0.0B(228.0M) Survivors: 7168.0K->9216.0K Heap: 512.5M(1024.0M)->509.9M(1024.0M)]
 [Times: user=0.01 sys=0.00, real=0.00 secs] 
2021-01-18T10:16:07.075-0800: 4.017: [GC concurrent-root-region-scan-start]
2021-01-18T10:16:07.075-0800: 4.018: [GC concurrent-root-region-scan-end, 0.0000888 secs]
2021-01-18T10:16:07.075-0800: 4.018: [GC concurrent-mark-start]
2021-01-18T10:16:07.077-0800: 4.019: [GC concurrent-mark-end, 0.0013407 secs]
2021-01-18T10:16:07.077-0800: 4.019: [GC remark 2021-01-18T10:16:07.077-0800: 4.019: [Finalize Marking, 0.0009745 secs] 2021-01-18T10:16:07.078-0800: 4.020: [GC ref-proc, 0.0000544 secs] 2021-01-18T10:16:07.078-0800: 4.020: [Unloading, 0.0005734 secs], 0.0029057 secs]
 [Times: user=0.01 sys=0.00, real=0.01 secs] 
2021-01-18T10:16:07.080-0800: 4.022: [GC cleanup 518M->516M(1024M), 0.0010520 secs]
 [Times: user=0.00 sys=0.01, real=0.00 secs] 
2021-01-18T10:16:07.081-0800: 4.023: [GC concurrent-cleanup-start]
2021-01-18T10:16:07.081-0800: 4.023: [GC concurrent-cleanup-end, 0.0000100 secs]
2021-01-18T10:16:07.117-0800: 4.059: [GC pause (G1 Evacuation Pause) (young), 0.0114327 secs]
   [Parallel Time: 10.0 ms, GC Workers: 8]
      [GC Worker Start (ms): Min: 4059.0, Avg: 4059.1, Max: 4059.2, Diff: 0.2]
      [Ext Root Scanning (ms): Min: 0.0, Avg: 0.1, Max: 0.2, Diff: 0.2, Sum: 0.7]
      [Update RS (ms): Min: 3.3, Avg: 3.3, Max: 3.7, Diff: 0.4, Sum: 26.7]
         [Processed Buffers: Min: 48, Avg: 50.6, Max: 52, Diff: 4, Sum: 405]
      [Scan RS (ms): Min: 0.0, Avg: 0.0, Max: 0.0, Diff: 0.0, Sum: 0.2]
      [Code Root Scanning (ms): Min: 0.0, Avg: 0.0, Max: 0.0, Diff: 0.0, Sum: 0.0]
      [Object Copy (ms): Min: 6.0, Avg: 6.3, Max: 6.4, Diff: 0.4, Sum: 50.7]
      [Termination (ms): Min: 0.0, Avg: 0.0, Max: 0.1, Diff: 0.1, Sum: 0.2]
         [Termination Attempts: Min: 1, Avg: 1.0, Max: 1, Diff: 0, Sum: 8]
      [GC Worker Other (ms): Min: 0.0, Avg: 0.0, Max: 0.0, Diff: 0.0, Sum: 0.2]
      [GC Worker Total (ms): Min: 9.8, Avg: 9.9, Max: 9.9, Diff: 0.2, Sum: 78.8]
      [GC Worker End (ms): Min: 4068.9, Avg: 4069.0, Max: 4069.0, Diff: 0.0]
   [Code Root Fixup: 0.0 ms]
   [Code Root Purge: 0.0 ms]
   [Clear CT: 0.1 ms]
   [Other: 1.3 ms]
      [Choose CSet: 0.0 ms]
      [Ref Proc: 0.8 ms]
      [Ref Enq: 0.0 ms]
      [Redirty Cards: 0.1 ms]
      [Humongous Register: 0.1 ms]
      [Humongous Reclaim: 0.1 ms]
      [Free CSet: 0.1 ms]
   [Eden: 228.0M(228.0M)->0.0B(21.0M) Survivors: 9216.0K->30.0M Heap: 785.7M(1024.0M)->575.3M(1024.0M)]
 [Times: user=0.08 sys=0.00, real=0.01 secs] 
2021-01-18T10:16:07.132-0800: 4.074: [GC pause (G1 Evacuation Pause) (mixed), 0.0088439 secs]
   [Parallel Time: 7.7 ms, GC Workers: 8]
      [GC Worker Start (ms): Min: 4074.6, Avg: 4075.2, Max: 4076.3, Diff: 1.7]
      [Ext Root Scanning (ms): Min: 0.0, Avg: 0.1, Max: 0.2, Diff: 0.2, Sum: 0.7]
      [Update RS (ms): Min: 0.0, Avg: 0.4, Max: 0.6, Diff: 0.6, Sum: 3.1]
         [Processed Buffers: Min: 0, Avg: 5.8, Max: 11, Diff: 11, Sum: 46]
      [Scan RS (ms): Min: 0.0, Avg: 0.1, Max: 0.1, Diff: 0.1, Sum: 0.4]
      [Code Root Scanning (ms): Min: 0.0, Avg: 0.0, Max: 0.0, Diff: 0.0, Sum: 0.0]
      [Object Copy (ms): Min: 5.2, Avg: 5.9, Max: 6.4, Diff: 1.2, Sum: 47.3]
      [Termination (ms): Min: 0.0, Avg: 0.5, Max: 0.7, Diff: 0.7, Sum: 3.9]
         [Termination Attempts: Min: 1, Avg: 1.1, Max: 2, Diff: 1, Sum: 9]
      [GC Worker Other (ms): Min: 0.0, Avg: 0.0, Max: 0.0, Diff: 0.0, Sum: 0.1]
      [GC Worker Total (ms): Min: 5.8, Avg: 6.9, Max: 7.5, Diff: 1.7, Sum: 55.6]
      [GC Worker End (ms): Min: 4081.9, Avg: 4082.1, Max: 4082.2, Diff: 0.3]
   [Code Root Fixup: 0.0 ms]
   [Code Root Purge: 0.0 ms]
   [Clear CT: 0.2 ms]
   [Other: 0.9 ms]
      [Choose CSet: 0.0 ms]
      [Ref Proc: 0.3 ms]
      [Ref Enq: 0.0 ms]
      [Redirty Cards: 0.1 ms]
      [Humongous Register: 0.1 ms]
      [Humongous Reclaim: 0.0 ms]
      [Free CSet: 0.1 ms]
   [Eden: 21.0M(21.0M)->0.0B(44.0M) Survivors: 30.0M->7168.0K Heap: 600.9M(1024.0M)->511.9M(1024.0M)]
 [Times: user=0.04 sys=0.00, real=0.01 secs] 
2021-01-18T10:16:07.149-0800: 4.091: [GC pause (G1 Evacuation Pause) (mixed), 0.0059539 secs]
   [Parallel Time: 4.7 ms, GC Workers: 8]
      [GC Worker Start (ms): Min: 4091.4, Avg: 4092.3, Max: 4094.9, Diff: 3.5]
      [Ext Root Scanning (ms): Min: 0.0, Avg: 0.1, Max: 0.2, Diff: 0.2, Sum: 0.8]
      [Update RS (ms): Min: 0.0, Avg: 1.1, Max: 1.5, Diff: 1.5, Sum: 8.9]
         [Processed Buffers: Min: 0, Avg: 14.1, Max: 23, Diff: 23, Sum: 113]
      [Scan RS (ms): Min: 0.0, Avg: 0.0, Max: 0.1, Diff: 0.1, Sum: 0.3]
      [Code Root Scanning (ms): Min: 0.0, Avg: 0.0, Max: 0.0, Diff: 0.0, Sum: 0.0]
      [Object Copy (ms): Min: 0.8, Avg: 2.3, Max: 2.7, Diff: 1.9, Sum: 18.0]
      [Termination (ms): Min: 0.0, Avg: 0.2, Max: 0.3, Diff: 0.3, Sum: 1.3]
         [Termination Attempts: Min: 1, Avg: 1.0, Max: 1, Diff: 0, Sum: 8]
      [GC Worker Other (ms): Min: 0.0, Avg: 0.0, Max: 0.0, Diff: 0.0, Sum: 0.1]
      [GC Worker Total (ms): Min: 1.1, Avg: 3.7, Max: 4.6, Diff: 3.5, Sum: 29.5]
      [GC Worker End (ms): Min: 4095.9, Avg: 4096.0, Max: 4096.1, Diff: 0.2]
   [Code Root Fixup: 0.0 ms]
   [Code Root Purge: 0.0 ms]
   [Clear CT: 0.1 ms]
   [Other: 1.1 ms]
      [Choose CSet: 0.0 ms]
      [Ref Proc: 0.7 ms]
      [Ref Enq: 0.0 ms]
      [Redirty Cards: 0.2 ms]
      [Humongous Register: 0.1 ms]
      [Humongous Reclaim: 0.1 ms]
      [Free CSet: 0.1 ms]
   [Eden: 44.0M(44.0M)->0.0B(238.0M) Survivors: 7168.0K->7168.0K Heap: 568.9M(1024.0M)->508.9M(1024.0M)]
 [Times: user=0.03 sys=0.00, real=0.01 secs] 
2021-01-18T10:16:07.156-0800: 4.099: [GC pause (G1 Humongous Allocation) (young) (initial-mark), 0.0032945 secs]
   [Parallel Time: 1.9 ms, GC Workers: 8]
      [GC Worker Start (ms): Min: 4098.7, Avg: 4098.8, Max: 4099.0, Diff: 0.3]
      [Ext Root Scanning (ms): Min: 0.0, Avg: 0.3, Max: 0.6, Diff: 0.6, Sum: 2.3]
      [Update RS (ms): Min: 0.0, Avg: 0.1, Max: 0.2, Diff: 0.2, Sum: 0.7]
         [Processed Buffers: Min: 0, Avg: 1.1, Max: 4, Diff: 4, Sum: 9]
      [Scan RS (ms): Min: 0.0, Avg: 0.0, Max: 0.0, Diff: 0.0, Sum: 0.0]
      [Code Root Scanning (ms): Min: 0.0, Avg: 0.0, Max: 0.0, Diff: 0.0, Sum: 0.0]
      [Object Copy (ms): Min: 0.2, Avg: 0.6, Max: 1.3, Diff: 1.1, Sum: 4.9]
      [Termination (ms): Min: 0.0, Avg: 0.7, Max: 0.8, Diff: 0.8, Sum: 5.3]
         [Termination Attempts: Min: 1, Avg: 1.0, Max: 1, Diff: 0, Sum: 8]
      [GC Worker Other (ms): Min: 0.0, Avg: 0.0, Max: 0.0, Diff: 0.0, Sum: 0.1]
      [GC Worker Total (ms): Min: 1.5, Avg: 1.7, Max: 1.8, Diff: 0.3, Sum: 13.2]
      [GC Worker End (ms): Min: 4100.4, Avg: 4100.5, Max: 4100.5, Diff: 0.1]
   [Code Root Fixup: 0.0 ms]
   [Code Root Purge: 0.0 ms]
   [Clear CT: 0.1 ms]
   [Other: 1.3 ms]
      [Choose CSet: 0.0 ms]
      [Ref Proc: 0.9 ms]
      [Ref Enq: 0.0 ms]
      [Redirty Cards: 0.2 ms]
      [Humongous Register: 0.1 ms]
      [Humongous Reclaim: 0.0 ms]
      [Free CSet: 0.0 ms]
   [Eden: 7168.0K(238.0M)->0.0B(254.0M) Survivors: 7168.0K->8192.0K Heap: 515.3M(1024.0M)->509.2M(1024.0M)]
 [Times: user=0.02 sys=0.00, real=0.01 secs] 
2021-01-18T10:16:07.160-0800: 4.102: [GC concurrent-root-region-scan-start]
2021-01-18T10:16:07.160-0800: 4.102: [GC concurrent-root-region-scan-end, 0.0000939 secs]
2021-01-18T10:16:07.160-0800: 4.102: [GC concurrent-mark-start]
2021-01-18T10:16:07.161-0800: 4.103: [GC concurrent-mark-end, 0.0012019 secs]
2021-01-18T10:16:07.161-0800: 4.103: [GC remark 2021-01-18T10:16:07.161-0800: 4.103: [Finalize Marking, 0.0008890 secs] 2021-01-18T10:16:07.162-0800: 4.104: [GC ref-proc, 0.0000514 secs] 2021-01-18T10:16:07.162-0800: 4.104: [Unloading, 0.0005626 secs], 0.0026084 secs]
 [Times: user=0.01 sys=0.00, real=0.00 secs] 
2021-01-18T10:16:07.164-0800: 4.106: [GC cleanup 519M->518M(1024M), 0.0012210 secs]
 [Times: user=0.00 sys=0.00, real=0.00 secs] 
2021-01-18T10:16:07.165-0800: 4.107: [GC concurrent-cleanup-start]
2021-01-18T10:16:07.165-0800: 4.107: [GC concurrent-cleanup-end, 0.0000100 secs]
2021-01-18T10:16:07.202-0800: 4.144: [GC pause (G1 Evacuation Pause) (young), 0.0129596 secs]
   [Parallel Time: 11.9 ms, GC Workers: 8]
      [GC Worker Start (ms): Min: 4144.2, Avg: 4144.3, Max: 4144.3, Diff: 0.1]
      [Ext Root Scanning (ms): Min: 0.1, Avg: 0.1, Max: 0.2, Diff: 0.1, Sum: 0.7]
      [Update RS (ms): Min: 4.3, Avg: 4.3, Max: 4.3, Diff: 0.0, Sum: 34.5]
         [Processed Buffers: Min: 31, Avg: 64.4, Max: 79, Diff: 48, Sum: 515]
      [Scan RS (ms): Min: 0.0, Avg: 0.0, Max: 0.0, Diff: 0.0, Sum: 0.2]
      [Code Root Scanning (ms): Min: 0.0, Avg: 0.0, Max: 0.0, Diff: 0.0, Sum: 0.0]
      [Object Copy (ms): Min: 7.2, Avg: 7.3, Max: 7.3, Diff: 0.1, Sum: 58.1]
      [Termination (ms): Min: 0.0, Avg: 0.0, Max: 0.1, Diff: 0.1, Sum: 0.2]
         [Termination Attempts: Min: 1, Avg: 1.0, Max: 1, Diff: 0, Sum: 8]
      [GC Worker Other (ms): Min: 0.0, Avg: 0.0, Max: 0.0, Diff: 0.0, Sum: 0.1]
      [GC Worker Total (ms): Min: 11.7, Avg: 11.7, Max: 11.8, Diff: 0.1, Sum: 93.9]
      [GC Worker End (ms): Min: 4156.0, Avg: 4156.0, Max: 4156.0, Diff: 0.0]
   [Code Root Fixup: 0.0 ms]
   [Code Root Purge: 0.0 ms]
   [Clear CT: 0.1 ms]
   [Other: 0.9 ms]
      [Choose CSet: 0.0 ms]
      [Ref Proc: 0.2 ms]
      [Ref Enq: 0.0 ms]
      [Redirty Cards: 0.2 ms]
      [Humongous Register: 0.1 ms]
      [Humongous Reclaim: 0.1 ms]
      [Free CSet: 0.1 ms]
   [Eden: 254.0M(254.0M)->0.0B(18.0M) Survivors: 8192.0K->33.0M Heap: 825.5M(1024.0M)->587.6M(1024.0M)]
 [Times: user=0.09 sys=0.00, real=0.01 secs] 
2021-01-18T10:16:07.218-0800: 4.160: [GC pause (G1 Evacuation Pause) (mixed), 0.0082587 secs]
   [Parallel Time: 7.2 ms, GC Workers: 8]
      [GC Worker Start (ms): Min: 4160.2, Avg: 4160.3, Max: 4160.4, Diff: 0.2]
      [Ext Root Scanning (ms): Min: 0.0, Avg: 0.1, Max: 0.2, Diff: 0.2, Sum: 0.9]
      [Update RS (ms): Min: 0.4, Avg: 0.5, Max: 0.5, Diff: 0.0, Sum: 3.7]
         [Processed Buffers: Min: 5, Avg: 5.6, Max: 6, Diff: 1, Sum: 45]
      [Scan RS (ms): Min: 0.0, Avg: 0.0, Max: 0.1, Diff: 0.1, Sum: 0.4]
      [Code Root Scanning (ms): Min: 0.0, Avg: 0.0, Max: 0.0, Diff: 0.0, Sum: 0.0]
      [Object Copy (ms): Min: 6.2, Avg: 6.2, Max: 6.2, Diff: 0.0, Sum: 49.5]
      [Termination (ms): Min: 0.0, Avg: 0.0, Max: 0.1, Diff: 0.1, Sum: 0.4]
         [Termination Attempts: Min: 1, Avg: 1.2, Max: 2, Diff: 1, Sum: 10]
      [GC Worker Other (ms): Min: 0.0, Avg: 0.0, Max: 0.1, Diff: 0.1, Sum: 0.4]
      [GC Worker Total (ms): Min: 6.7, Avg: 6.9, Max: 7.0, Diff: 0.3, Sum: 55.2]
      [GC Worker End (ms): Min: 4167.2, Avg: 4167.2, Max: 4167.3, Diff: 0.1]
   [Code Root Fixup: 0.0 ms]
   [Code Root Purge: 0.0 ms]
   [Clear CT: 0.2 ms]
   [Other: 0.9 ms]
      [Choose CSet: 0.0 ms]
      [Ref Proc: 0.3 ms]
      [Ref Enq: 0.0 ms]
      [Redirty Cards: 0.2 ms]
      [Humongous Register: 0.1 ms]
      [Humongous Reclaim: 0.0 ms]
      [Free CSet: 0.1 ms]
   [Eden: 18.0M(18.0M)->0.0B(44.0M) Survivors: 33.0M->7168.0K Heap: 610.0M(1024.0M)->522.0M(1024.0M)]
 [Times: user=0.06 sys=0.01, real=0.01 secs] 
2021-01-18T10:16:07.235-0800: 4.177: [GC pause (G1 Evacuation Pause) (mixed), 0.0053612 secs]
   [Parallel Time: 4.5 ms, GC Workers: 8]
      [GC Worker Start (ms): Min: 4177.6, Avg: 4177.8, Max: 4177.9, Diff: 0.3]
      [Ext Root Scanning (ms): Min: 0.0, Avg: 0.1, Max: 0.2, Diff: 0.2, Sum: 0.6]
      [Update RS (ms): Min: 1.2, Avg: 1.3, Max: 1.3, Diff: 0.1, Sum: 10.0]
         [Processed Buffers: Min: 13, Avg: 14.1, Max: 15, Diff: 2, Sum: 113]
      [Scan RS (ms): Min: 0.0, Avg: 0.1, Max: 0.1, Diff: 0.1, Sum: 0.4]
      [Code Root Scanning (ms): Min: 0.0, Avg: 0.0, Max: 0.0, Diff: 0.0, Sum: 0.0]
      [Object Copy (ms): Min: 2.6, Avg: 2.8, Max: 2.8, Diff: 0.2, Sum: 22.2]
      [Termination (ms): Min: 0.0, Avg: 0.1, Max: 0.1, Diff: 0.1, Sum: 0.6]
         [Termination Attempts: Min: 1, Avg: 1.1, Max: 2, Diff: 1, Sum: 9]
      [GC Worker Other (ms): Min: 0.0, Avg: 0.0, Max: 0.0, Diff: 0.0, Sum: 0.1]
      [GC Worker Total (ms): Min: 4.1, Avg: 4.2, Max: 4.4, Diff: 0.3, Sum: 33.9]
      [GC Worker End (ms): Min: 4182.0, Avg: 4182.0, Max: 4182.1, Diff: 0.0]
   [Code Root Fixup: 0.0 ms]
   [Code Root Purge: 0.0 ms]
   [Clear CT: 0.2 ms]
   [Other: 0.7 ms]
      [Choose CSet: 0.0 ms]
      [Ref Proc: 0.2 ms]
      [Ref Enq: 0.0 ms]
      [Redirty Cards: 0.1 ms]
      [Humongous Register: 0.1 ms]
      [Humongous Reclaim: 0.1 ms]
      [Free CSet: 0.1 ms]
   [Eden: 44.0M(44.0M)->0.0B(249.0M) Survivors: 7168.0K->7168.0K Heap: 578.9M(1024.0M)->517.6M(1024.0M)]
 [Times: user=0.04 sys=0.00, real=0.01 secs] 
2021-01-18T10:16:07.241-0800: 4.183: [GC pause (G1 Humongous Allocation) (young) (initial-mark), 0.0018031 secs]
   [Parallel Time: 1.0 ms, GC Workers: 8]
      [GC Worker Start (ms): Min: 4183.3, Avg: 4183.4, Max: 4183.4, Diff: 0.1]
      [Ext Root Scanning (ms): Min: 0.1, Avg: 0.1, Max: 0.2, Diff: 0.1, Sum: 1.1]
      [Update RS (ms): Min: 0.0, Avg: 0.1, Max: 0.2, Diff: 0.2, Sum: 1.0]
         [Processed Buffers: Min: 1, Avg: 1.1, Max: 2, Diff: 1, Sum: 9]
      [Scan RS (ms): Min: 0.0, Avg: 0.0, Max: 0.0, Diff: 0.0, Sum: 0.0]
      [Code Root Scanning (ms): Min: 0.0, Avg: 0.0, Max: 0.0, Diff: 0.0, Sum: 0.0]
      [Object Copy (ms): Min: 0.4, Avg: 0.5, Max: 0.6, Diff: 0.2, Sum: 4.3]
      [Termination (ms): Min: 0.0, Avg: 0.0, Max: 0.1, Diff: 0.1, Sum: 0.3]
         [Termination Attempts: Min: 1, Avg: 1.0, Max: 1, Diff: 0, Sum: 8]
      [GC Worker Other (ms): Min: 0.0, Avg: 0.0, Max: 0.0, Diff: 0.0, Sum: 0.1]
      [GC Worker Total (ms): Min: 0.8, Avg: 0.8, Max: 0.9, Diff: 0.1, Sum: 6.7]
      [GC Worker End (ms): Min: 4184.2, Avg: 4184.2, Max: 4184.2, Diff: 0.0]
   [Code Root Fixup: 0.0 ms]
   [Code Root Purge: 0.0 ms]
   [Clear CT: 0.1 ms]
   [Other: 0.7 ms]
      [Choose CSet: 0.0 ms]
      [Ref Proc: 0.2 ms]
      [Ref Enq: 0.0 ms]
      [Redirty Cards: 0.2 ms]
      [Humongous Register: 0.1 ms]
      [Humongous Reclaim: 0.0 ms]
      [Free CSet: 0.0 ms]
   [Eden: 2048.0K(249.0M)->0.0B(242.0M) Survivors: 7168.0K->8192.0K Heap: 519.5M(1024.0M)->517.9M(1024.0M)]
 [Times: user=0.01 sys=0.00, real=0.00 secs] 
2021-01-18T10:16:07.243-0800: 4.185: [GC concurrent-root-region-scan-start]
2021-01-18T10:16:07.243-0800: 4.185: [GC concurrent-root-region-scan-end, 0.0000909 secs]
2021-01-18T10:16:07.243-0800: 4.185: [GC concurrent-mark-start]
2021-01-18T10:16:07.244-0800: 4.186: [GC concurrent-mark-end, 0.0013143 secs]
2021-01-18T10:16:07.244-0800: 4.187: [GC remark 2021-01-18T10:16:07.244-0800: 4.187: [Finalize Marking, 0.0002110 secs] 2021-01-18T10:16:07.245-0800: 4.187: [GC ref-proc, 0.0000540 secs] 2021-01-18T10:16:07.245-0800: 4.187: [Unloading, 0.0005323 secs], 0.0018194 secs]
 [Times: user=0.01 sys=0.00, real=0.00 secs] 
2021-01-18T10:16:07.246-0800: 4.189: [GC cleanup 528M->526M(1024M), 0.0009057 secs]
 [Times: user=0.00 sys=0.00, real=0.00 secs] 
2021-01-18T10:16:07.247-0800: 4.190: [GC concurrent-cleanup-start]
2021-01-18T10:16:07.247-0800: 4.190: [GC concurrent-cleanup-end, 0.0000140 secs]
2021-01-18T10:16:07.286-0800: 4.228: [GC pause (G1 Evacuation Pause) (young), 0.0126275 secs]
   [Parallel Time: 11.6 ms, GC Workers: 8]
      [GC Worker Start (ms): Min: 4228.0, Avg: 4228.0, Max: 4228.1, Diff: 0.1]
      [Ext Root Scanning (ms): Min: 0.1, Avg: 0.1, Max: 0.2, Diff: 0.1, Sum: 0.7]
      [Update RS (ms): Min: 4.2, Avg: 4.2, Max: 4.2, Diff: 0.0, Sum: 33.4]
         [Processed Buffers: Min: 63, Avg: 65.2, Max: 67, Diff: 4, Sum: 522]
      [Scan RS (ms): Min: 0.0, Avg: 0.0, Max: 0.0, Diff: 0.0, Sum: 0.2]
      [Code Root Scanning (ms): Min: 0.0, Avg: 0.0, Max: 0.0, Diff: 0.0, Sum: 0.0]
      [Object Copy (ms): Min: 7.1, Avg: 7.1, Max: 7.1, Diff: 0.1, Sum: 56.8]
      [Termination (ms): Min: 0.0, Avg: 0.1, Max: 0.1, Diff: 0.1, Sum: 0.5]
         [Termination Attempts: Min: 1, Avg: 1.0, Max: 1, Diff: 0, Sum: 8]
      [GC Worker Other (ms): Min: 0.0, Avg: 0.0, Max: 0.0, Diff: 0.0, Sum: 0.1]
      [GC Worker Total (ms): Min: 11.4, Avg: 11.5, Max: 11.5, Diff: 0.1, Sum: 91.9]
      [GC Worker End (ms): Min: 4239.5, Avg: 4239.5, Max: 4239.6, Diff: 0.0]
   [Code Root Fixup: 0.0 ms]
   [Code Root Purge: 0.0 ms]
   [Clear CT: 0.2 ms]
   [Other: 0.8 ms]
      [Choose CSet: 0.0 ms]
      [Ref Proc: 0.3 ms]
      [Ref Enq: 0.0 ms]
      [Redirty Cards: 0.1 ms]
      [Humongous Register: 0.1 ms]
      [Humongous Reclaim: 0.1 ms]
      [Free CSet: 0.1 ms]
   [Eden: 242.0M(242.0M)->0.0B(19.0M) Survivors: 8192.0K->32.0M Heap: 821.9M(1024.0M)->589.7M(1024.0M)]
 [Times: user=0.09 sys=0.00, real=0.01 secs] 
2021-01-18T10:16:07.301-0800: 4.243: [GC pause (G1 Evacuation Pause) (mixed), 0.0090243 secs]
   [Parallel Time: 8.0 ms, GC Workers: 8]
      [GC Worker Start (ms): Min: 4243.6, Avg: 4243.7, Max: 4243.8, Diff: 0.1]
      [Ext Root Scanning (ms): Min: 0.0, Avg: 0.1, Max: 0.2, Diff: 0.1, Sum: 0.9]
      [Update RS (ms): Min: 0.4, Avg: 0.5, Max: 0.5, Diff: 0.1, Sum: 3.8]
         [Processed Buffers: Min: 5, Avg: 5.6, Max: 6, Diff: 1, Sum: 45]
      [Scan RS (ms): Min: 0.0, Avg: 0.1, Max: 0.1, Diff: 0.1, Sum: 0.4]
      [Code Root Scanning (ms): Min: 0.0, Avg: 0.0, Max: 0.0, Diff: 0.0, Sum: 0.0]
      [Object Copy (ms): Min: 6.2, Avg: 6.3, Max: 7.1, Diff: 0.9, Sum: 50.7]
      [Termination (ms): Min: 0.0, Avg: 0.8, Max: 0.9, Diff: 0.9, Sum: 6.3]
         [Termination Attempts: Min: 1, Avg: 1.0, Max: 1, Diff: 0, Sum: 8]
      [GC Worker Other (ms): Min: 0.0, Avg: 0.0, Max: 0.0, Diff: 0.0, Sum: 0.1]
      [GC Worker Total (ms): Min: 7.7, Avg: 7.8, Max: 7.9, Diff: 0.2, Sum: 62.3]
      [GC Worker End (ms): Min: 4251.5, Avg: 4251.5, Max: 4251.6, Diff: 0.1]
   [Code Root Fixup: 0.0 ms]
   [Code Root Purge: 0.0 ms]
   [Clear CT: 0.2 ms]
   [Other: 0.9 ms]
      [Choose CSet: 0.1 ms]
      [Ref Proc: 0.2 ms]
      [Ref Enq: 0.0 ms]
      [Redirty Cards: 0.2 ms]
      [Humongous Register: 0.1 ms]
      [Humongous Reclaim: 0.0 ms]
      [Free CSet: 0.1 ms]
   [Eden: 19.0M(19.0M)->0.0B(44.0M) Survivors: 32.0M->7168.0K Heap: 613.2M(1024.0M)->522.3M(1024.0M)]
 [Times: user=0.05 sys=0.00, real=0.01 secs] 
2021-01-18T10:16:07.319-0800: 4.261: [GC pause (G1 Evacuation Pause) (mixed), 0.0054975 secs]
   [Parallel Time: 4.6 ms, GC Workers: 8]
      [GC Worker Start (ms): Min: 4260.9, Avg: 4261.0, Max: 4261.0, Diff: 0.1]
      [Ext Root Scanning (ms): Min: 0.1, Avg: 0.2, Max: 0.2, Diff: 0.1, Sum: 1.2]
      [Update RS (ms): Min: 1.3, Avg: 1.4, Max: 1.4, Diff: 0.1, Sum: 11.0]
         [Processed Buffers: Min: 11, Avg: 14.2, Max: 15, Diff: 4, Sum: 114]
      [Scan RS (ms): Min: 0.0, Avg: 0.0, Max: 0.1, Diff: 0.1, Sum: 0.3]
      [Code Root Scanning (ms): Min: 0.0, Avg: 0.0, Max: 0.0, Diff: 0.0, Sum: 0.0]
      [Object Copy (ms): Min: 2.7, Avg: 2.7, Max: 2.8, Diff: 0.1, Sum: 21.6]
      [Termination (ms): Min: 0.0, Avg: 0.1, Max: 0.1, Diff: 0.1, Sum: 0.7]
         [Termination Attempts: Min: 1, Avg: 1.0, Max: 1, Diff: 0, Sum: 8]
      [GC Worker Other (ms): Min: 0.0, Avg: 0.0, Max: 0.0, Diff: 0.0, Sum: 0.1]
      [GC Worker Total (ms): Min: 4.3, Avg: 4.4, Max: 4.5, Diff: 0.1, Sum: 34.9]
      [GC Worker End (ms): Min: 4265.3, Avg: 4265.3, Max: 4265.4, Diff: 0.1]
   [Code Root Fixup: 0.0 ms]
   [Code Root Purge: 0.0 ms]
   [Clear CT: 0.2 ms]
   [Other: 0.7 ms]
      [Choose CSet: 0.0 ms]
      [Ref Proc: 0.3 ms]
      [Ref Enq: 0.0 ms]
      [Redirty Cards: 0.1 ms]
      [Humongous Register: 0.1 ms]
      [Humongous Reclaim: 0.0 ms]
      [Free CSet: 0.1 ms]
   [Eden: 44.0M(44.0M)->0.0B(241.0M) Survivors: 7168.0K->7168.0K Heap: 579.4M(1024.0M)->522.7M(1024.0M)]
 [Times: user=0.04 sys=0.00, real=0.01 secs] 
2021-01-18T10:16:07.324-0800: 4.267: [GC pause (G1 Humongous Allocation) (young) (initial-mark), 0.0018417 secs]
   [Parallel Time: 1.1 ms, GC Workers: 8]
      [GC Worker Start (ms): Min: 4266.7, Avg: 4266.8, Max: 4266.8, Diff: 0.1]
      [Ext Root Scanning (ms): Min: 0.1, Avg: 0.2, Max: 0.2, Diff: 0.1, Sum: 1.2]
      [Update RS (ms): Min: 0.0, Avg: 0.1, Max: 0.5, Diff: 0.5, Sum: 1.0]
         [Processed Buffers: Min: 1, Avg: 1.1, Max: 2, Diff: 1, Sum: 9]
      [Scan RS (ms): Min: 0.0, Avg: 0.0, Max: 0.0, Diff: 0.0, Sum: 0.0]
      [Code Root Scanning (ms): Min: 0.0, Avg: 0.0, Max: 0.0, Diff: 0.0, Sum: 0.0]
      [Object Copy (ms): Min: 0.2, Avg: 0.5, Max: 0.7, Diff: 0.5, Sum: 4.4]
      [Termination (ms): Min: 0.0, Avg: 0.1, Max: 0.1, Diff: 0.1, Sum: 0.6]
         [Termination Attempts: Min: 1, Avg: 1.0, Max: 1, Diff: 0, Sum: 8]
      [GC Worker Other (ms): Min: 0.0, Avg: 0.0, Max: 0.0, Diff: 0.0, Sum: 0.1]
      [GC Worker Total (ms): Min: 0.8, Avg: 0.9, Max: 1.0, Diff: 0.1, Sum: 7.3]
      [GC Worker End (ms): Min: 4267.7, Avg: 4267.7, Max: 4267.7, Diff: 0.1]
   [Code Root Fixup: 0.0 ms]
   [Code Root Purge: 0.0 ms]
   [Clear CT: 0.1 ms]
   [Other: 0.6 ms]
      [Choose CSet: 0.0 ms]
      [Ref Proc: 0.2 ms]
      [Ref Enq: 0.0 ms]
      [Redirty Cards: 0.1 ms]
      [Humongous Register: 0.1 ms]
      [Humongous Reclaim: 0.0 ms]
      [Free CSet: 0.0 ms]
   [Eden: 3072.0K(241.0M)->0.0B(241.0M) Survivors: 7168.0K->8192.0K Heap: 525.4M(1024.0M)->523.5M(1024.0M)]
 [Times: user=0.00 sys=0.01, real=0.00 secs] 
2021-01-18T10:16:07.326-0800: 4.269: [GC concurrent-root-region-scan-start]
2021-01-18T10:16:07.326-0800: 4.269: [GC concurrent-root-region-scan-end, 0.0000974 secs]
2021-01-18T10:16:07.326-0800: 4.269: [GC concurrent-mark-start]
2021-01-18T10:16:07.328-0800: 4.270: [GC concurrent-mark-end, 0.0014282 secs]
2021-01-18T10:16:07.328-0800: 4.270: [GC remark 2021-01-18T10:16:07.328-0800: 4.270: [Finalize Marking, 0.0002582 secs] 2021-01-18T10:16:07.328-0800: 4.271: [GC ref-proc, 0.0000581 secs] 2021-01-18T10:16:07.328-0800: 4.271: [Unloading, 0.0004716 secs], 0.0018525 secs]
 [Times: user=0.01 sys=0.00, real=0.01 secs] 
2021-01-18T10:16:07.330-0800: 4.272: [GC cleanup 536M->533M(1024M), 0.0009155 secs]
 [Times: user=0.00 sys=0.00, real=0.00 secs] 
2021-01-18T10:16:07.331-0800: 4.273: [GC concurrent-cleanup-start]
2021-01-18T10:16:07.331-0800: 4.273: [GC concurrent-cleanup-end, 0.0000155 secs]
2021-01-18T10:16:07.367-0800: 4.310: [GC pause (G1 Evacuation Pause) (young), 0.0128692 secs]
   [Parallel Time: 11.6 ms, GC Workers: 8]
      [GC Worker Start (ms): Min: 4309.7, Avg: 4309.7, Max: 4309.8, Diff: 0.1]
      [Ext Root Scanning (ms): Min: 0.1, Avg: 0.1, Max: 0.2, Diff: 0.1, Sum: 0.7]
      [Update RS (ms): Min: 4.5, Avg: 4.6, Max: 4.6, Diff: 0.1, Sum: 36.5]
         [Processed Buffers: Min: 70, Avg: 71.6, Max: 74, Diff: 4, Sum: 573]
      [Scan RS (ms): Min: 0.0, Avg: 0.0, Max: 0.0, Diff: 0.0, Sum: 0.2]
      [Code Root Scanning (ms): Min: 0.0, Avg: 0.0, Max: 0.0, Diff: 0.0, Sum: 0.0]
      [Object Copy (ms): Min: 6.6, Avg: 6.7, Max: 6.7, Diff: 0.1, Sum: 53.3]
      [Termination (ms): Min: 0.0, Avg: 0.1, Max: 0.1, Diff: 0.1, Sum: 0.8]
         [Termination Attempts: Min: 1, Avg: 1.0, Max: 1, Diff: 0, Sum: 8]
      [GC Worker Other (ms): Min: 0.0, Avg: 0.0, Max: 0.0, Diff: 0.0, Sum: 0.1]
      [GC Worker Total (ms): Min: 11.4, Avg: 11.4, Max: 11.5, Diff: 0.1, Sum: 91.5]
      [GC Worker End (ms): Min: 4321.1, Avg: 4321.2, Max: 4321.2, Diff: 0.1]
   [Code Root Fixup: 0.0 ms]
   [Code Root Purge: 0.0 ms]
   [Clear CT: 0.1 ms]
   [Other: 1.2 ms]
      [Choose CSet: 0.0 ms]
      [Ref Proc: 0.6 ms]
      [Ref Enq: 0.0 ms]
      [Redirty Cards: 0.1 ms]
      [Humongous Register: 0.1 ms]
      [Humongous Reclaim: 0.1 ms]
      [Free CSet: 0.1 ms]
   [Eden: 241.0M(241.0M)->0.0B(19.0M) Survivors: 8192.0K->32.0M Heap: 832.0M(1024.0M)->593.9M(1024.0M)]
 [Times: user=0.09 sys=0.00, real=0.02 secs] 
2021-01-18T10:16:07.384-0800: 4.326: [GC pause (G1 Evacuation Pause) (mixed), 0.0080820 secs]
   [Parallel Time: 7.0 ms, GC Workers: 8]
      [GC Worker Start (ms): Min: 4326.5, Avg: 4326.6, Max: 4326.7, Diff: 0.3]
      [Ext Root Scanning (ms): Min: 0.0, Avg: 0.1, Max: 0.2, Diff: 0.2, Sum: 0.5]
      [Update RS (ms): Min: 0.6, Avg: 0.7, Max: 0.8, Diff: 0.1, Sum: 5.5]
         [Processed Buffers: Min: 8, Avg: 8.4, Max: 9, Diff: 1, Sum: 67]
      [Scan RS (ms): Min: 0.0, Avg: 0.0, Max: 0.1, Diff: 0.1, Sum: 0.4]
      [Code Root Scanning (ms): Min: 0.0, Avg: 0.0, Max: 0.0, Diff: 0.0, Sum: 0.0]
      [Object Copy (ms): Min: 5.9, Avg: 5.9, Max: 5.9, Diff: 0.1, Sum: 47.1]
      [Termination (ms): Min: 0.0, Avg: 0.0, Max: 0.1, Diff: 0.1, Sum: 0.3]
         [Termination Attempts: Min: 1, Avg: 1.0, Max: 1, Diff: 0, Sum: 8]
      [GC Worker Other (ms): Min: 0.0, Avg: 0.0, Max: 0.0, Diff: 0.0, Sum: 0.1]
      [GC Worker Total (ms): Min: 6.6, Avg: 6.8, Max: 6.9, Diff: 0.3, Sum: 54.1]
      [GC Worker End (ms): Min: 4333.4, Avg: 4333.4, Max: 4333.4, Diff: 0.0]
   [Code Root Fixup: 0.0 ms]
   [Code Root Purge: 0.0 ms]
   [Clear CT: 0.3 ms]
   [Other: 0.8 ms]
      [Choose CSet: 0.0 ms]
      [Ref Proc: 0.3 ms]
      [Ref Enq: 0.0 ms]
      [Redirty Cards: 0.2 ms]
      [Humongous Register: 0.1 ms]
      [Humongous Reclaim: 0.0 ms]
      [Free CSet: 0.1 ms]
   [Eden: 19.0M(19.0M)->0.0B(46.0M) Survivors: 32.0M->5120.0K Heap: 620.1M(1024.0M)->527.0M(1024.0M)]
 [Times: user=0.06 sys=0.00, real=0.01 secs] 
2021-01-18T10:16:07.402-0800: 4.344: [GC pause (G1 Evacuation Pause) (mixed), 0.0054599 secs]
   [Parallel Time: 4.2 ms, GC Workers: 8]
      [GC Worker Start (ms): Min: 4344.3, Avg: 4344.4, Max: 4344.4, Diff: 0.1]
      [Ext Root Scanning (ms): Min: 0.1, Avg: 0.1, Max: 0.2, Diff: 0.1, Sum: 1.1]
      [Update RS (ms): Min: 1.1, Avg: 1.1, Max: 1.2, Diff: 0.1, Sum: 9.2]
         [Processed Buffers: Min: 12, Avg: 12.2, Max: 13, Diff: 1, Sum: 98]
      [Scan RS (ms): Min: 0.0, Avg: 0.0, Max: 0.1, Diff: 0.1, Sum: 0.4]
      [Code Root Scanning (ms): Min: 0.0, Avg: 0.0, Max: 0.0, Diff: 0.0, Sum: 0.0]
      [Object Copy (ms): Min: 2.6, Avg: 2.7, Max: 2.7, Diff: 0.1, Sum: 21.3]
      [Termination (ms): Min: 0.0, Avg: 0.0, Max: 0.0, Diff: 0.0, Sum: 0.2]
         [Termination Attempts: Min: 1, Avg: 1.0, Max: 1, Diff: 0, Sum: 8]
      [GC Worker Other (ms): Min: 0.0, Avg: 0.0, Max: 0.0, Diff: 0.0, Sum: 0.1]
      [GC Worker Total (ms): Min: 4.0, Avg: 4.0, Max: 4.1, Diff: 0.1, Sum: 32.4]
      [GC Worker End (ms): Min: 4348.4, Avg: 4348.4, Max: 4348.5, Diff: 0.0]
   [Code Root Fixup: 0.0 ms]
   [Code Root Purge: 0.0 ms]
   [Clear CT: 0.1 ms]
   [Other: 1.2 ms]
      [Choose CSet: 0.0 ms]
      [Ref Proc: 0.7 ms]
      [Ref Enq: 0.0 ms]
      [Redirty Cards: 0.1 ms]
      [Humongous Register: 0.1 ms]
      [Humongous Reclaim: 0.1 ms]
      [Free CSet: 0.1 ms]
   [Eden: 46.0M(46.0M)->0.0B(249.0M) Survivors: 5120.0K->7168.0K Heap: 584.1M(1024.0M)->516.0M(1024.0M)]
 [Times: user=0.03 sys=0.00, real=0.00 secs] 
2021-01-18T10:16:07.408-0800: 4.350: [GC pause (G1 Humongous Allocation) (young) (initial-mark), 0.0017248 secs]
   [Parallel Time: 1.0 ms, GC Workers: 8]
      [GC Worker Start (ms): Min: 4350.3, Avg: 4350.4, Max: 4350.4, Diff: 0.1]
      [Ext Root Scanning (ms): Min: 0.1, Avg: 0.1, Max: 0.2, Diff: 0.1, Sum: 1.1]
      [Update RS (ms): Min: 0.1, Avg: 0.1, Max: 0.2, Diff: 0.1, Sum: 0.9]
         [Processed Buffers: Min: 1, Avg: 1.1, Max: 2, Diff: 1, Sum: 9]
      [Scan RS (ms): Min: 0.0, Avg: 0.0, Max: 0.0, Diff: 0.0, Sum: 0.0]
      [Code Root Scanning (ms): Min: 0.0, Avg: 0.0, Max: 0.0, Diff: 0.0, Sum: 0.0]
      [Object Copy (ms): Min: 0.4, Avg: 0.5, Max: 0.6, Diff: 0.1, Sum: 4.1]
      [Termination (ms): Min: 0.0, Avg: 0.0, Max: 0.1, Diff: 0.1, Sum: 0.4]
         [Termination Attempts: Min: 1, Avg: 1.0, Max: 1, Diff: 0, Sum: 8]
      [GC Worker Other (ms): Min: 0.0, Avg: 0.0, Max: 0.0, Diff: 0.0, Sum: 0.1]
      [GC Worker Total (ms): Min: 0.8, Avg: 0.8, Max: 0.9, Diff: 0.1, Sum: 6.7]
      [GC Worker End (ms): Min: 4351.2, Avg: 4351.2, Max: 4351.2, Diff: 0.0]
   [Code Root Fixup: 0.0 ms]
   [Code Root Purge: 0.0 ms]
   [Clear CT: 0.1 ms]
   [Other: 0.6 ms]
      [Choose CSet: 0.0 ms]
      [Ref Proc: 0.2 ms]
      [Ref Enq: 0.0 ms]
      [Redirty Cards: 0.1 ms]
      [Humongous Register: 0.1 ms]
      [Humongous Reclaim: 0.0 ms]
      [Free CSet: 0.0 ms]
   [Eden: 3072.0K(249.0M)->0.0B(250.0M) Survivors: 7168.0K->8192.0K Heap: 518.3M(1024.0M)->516.1M(1024.0M)]
 [Times: user=0.01 sys=0.00, real=0.01 secs] 
2021-01-18T10:16:07.410-0800: 4.352: [GC concurrent-root-region-scan-start]
2021-01-18T10:16:07.410-0800: 4.352: [GC concurrent-root-region-scan-end, 0.0001019 secs]
2021-01-18T10:16:07.410-0800: 4.352: [GC concurrent-mark-start]
2021-01-18T10:16:07.411-0800: 4.353: [GC concurrent-mark-end, 0.0013119 secs]
2021-01-18T10:16:07.411-0800: 4.354: [GC remark 2021-01-18T10:16:07.411-0800: 4.354: [Finalize Marking, 0.0002347 secs] 2021-01-18T10:16:07.412-0800: 4.354: [GC ref-proc, 0.0000608 secs] 2021-01-18T10:16:07.412-0800: 4.354: [Unloading, 0.0004788 secs], 0.0018449 secs]
 [Times: user=0.01 sys=0.00, real=0.00 secs] 
2021-01-18T10:16:07.413-0800: 4.356: [GC cleanup 526M->522M(1024M), 0.0009537 secs]
 [Times: user=0.01 sys=0.00, real=0.00 secs] 
2021-01-18T10:16:07.414-0800: 4.357: [GC concurrent-cleanup-start]
2021-01-18T10:16:07.415-0800: 4.357: [GC concurrent-cleanup-end, 0.0000160 secs]
2021-01-18T10:16:07.452-0800: 4.394: [GC pause (G1 Evacuation Pause) (young), 0.0123025 secs]
   [Parallel Time: 11.4 ms, GC Workers: 8]
      [GC Worker Start (ms): Min: 4393.9, Avg: 4394.0, Max: 4394.0, Diff: 0.1]
      [Ext Root Scanning (ms): Min: 0.1, Avg: 0.1, Max: 0.2, Diff: 0.1, Sum: 0.7]
      [Update RS (ms): Min: 4.1, Avg: 4.1, Max: 4.1, Diff: 0.1, Sum: 33.0]
         [Processed Buffers: Min: 62, Avg: 64.5, Max: 66, Diff: 4, Sum: 516]
      [Scan RS (ms): Min: 0.0, Avg: 0.0, Max: 0.1, Diff: 0.0, Sum: 0.2]
      [Code Root Scanning (ms): Min: 0.0, Avg: 0.0, Max: 0.0, Diff: 0.0, Sum: 0.0]
      [Object Copy (ms): Min: 6.9, Avg: 7.0, Max: 7.0, Diff: 0.1, Sum: 56.0]
      [Termination (ms): Min: 0.0, Avg: 0.1, Max: 0.1, Diff: 0.1, Sum: 0.4]
         [Termination Attempts: Min: 1, Avg: 1.0, Max: 1, Diff: 0, Sum: 8]
      [GC Worker Other (ms): Min: 0.0, Avg: 0.0, Max: 0.0, Diff: 0.0, Sum: 0.1]
      [GC Worker Total (ms): Min: 11.3, Avg: 11.3, Max: 11.4, Diff: 0.1, Sum: 90.5]
      [GC Worker End (ms): Min: 4405.3, Avg: 4405.3, Max: 4405.3, Diff: 0.1]
   [Code Root Fixup: 0.0 ms]
   [Code Root Purge: 0.0 ms]
   [Clear CT: 0.2 ms]
   [Other: 0.7 ms]
      [Choose CSet: 0.0 ms]
      [Ref Proc: 0.2 ms]
      [Ref Enq: 0.0 ms]
      [Redirty Cards: 0.1 ms]
      [Humongous Register: 0.1 ms]
      [Humongous Reclaim: 0.1 ms]
      [Free CSet: 0.1 ms]
   [Eden: 250.0M(250.0M)->0.0B(18.0M) Survivors: 8192.0K->33.0M Heap: 825.4M(1024.0M)->585.3M(1024.0M)]
 [Times: user=0.09 sys=0.00, real=0.01 secs] 
2021-01-18T10:16:07.467-0800: 4.409: [GC pause (G1 Evacuation Pause) (mixed), 0.0084220 secs]
   [Parallel Time: 7.4 ms, GC Workers: 8]
      [GC Worker Start (ms): Min: 4409.0, Avg: 4409.1, Max: 4409.2, Diff: 0.1]
      [Ext Root Scanning (ms): Min: 0.1, Avg: 0.1, Max: 0.2, Diff: 0.1, Sum: 1.0]
      [Update RS (ms): Min: 0.4, Avg: 0.5, Max: 0.5, Diff: 0.1, Sum: 3.7]
         [Processed Buffers: Min: 5, Avg: 5.2, Max: 7, Diff: 2, Sum: 42]
      [Scan RS (ms): Min: 0.0, Avg: 0.1, Max: 0.1, Diff: 0.1, Sum: 0.4]
      [Code Root Scanning (ms): Min: 0.0, Avg: 0.0, Max: 0.0, Diff: 0.0, Sum: 0.0]
      [Object Copy (ms): Min: 6.2, Avg: 6.3, Max: 6.4, Diff: 0.2, Sum: 50.1]
      [Termination (ms): Min: 0.0, Avg: 0.2, Max: 0.3, Diff: 0.3, Sum: 1.6]
         [Termination Attempts: Min: 1, Avg: 1.0, Max: 1, Diff: 0, Sum: 8]
      [GC Worker Other (ms): Min: 0.0, Avg: 0.0, Max: 0.0, Diff: 0.0, Sum: 0.1]
      [GC Worker Total (ms): Min: 7.0, Avg: 7.1, Max: 7.2, Diff: 0.2, Sum: 57.0]
      [GC Worker End (ms): Min: 4416.2, Avg: 4416.2, Max: 4416.3, Diff: 0.2]
   [Code Root Fixup: 0.0 ms]
   [Code Root Purge: 0.0 ms]
   [Clear CT: 0.2 ms]
   [Other: 0.9 ms]
      [Choose CSet: 0.0 ms]
      [Ref Proc: 0.2 ms]
      [Ref Enq: 0.0 ms]
      [Redirty Cards: 0.2 ms]
      [Humongous Register: 0.1 ms]
      [Humongous Reclaim: 0.0 ms]
      [Free CSet: 0.1 ms]
   [Eden: 18.0M(18.0M)->0.0B(44.0M) Survivors: 33.0M->7168.0K Heap: 607.3M(1024.0M)->520.8M(1024.0M)]
 [Times: user=0.05 sys=0.01, real=0.01 secs] 
2021-01-18T10:16:07.485-0800: 4.427: [GC pause (G1 Evacuation Pause) (mixed), 0.0056286 secs]
   [Parallel Time: 4.7 ms, GC Workers: 8]
      [GC Worker Start (ms): Min: 4427.1, Avg: 4427.2, Max: 4427.3, Diff: 0.2]
      [Ext Root Scanning (ms): Min: 0.1, Avg: 0.1, Max: 0.2, Diff: 0.2, Sum: 0.9]
      [Update RS (ms): Min: 1.2, Avg: 1.3, Max: 1.3, Diff: 0.1, Sum: 10.2]
         [Processed Buffers: Min: 12, Avg: 13.4, Max: 15, Diff: 3, Sum: 107]
      [Scan RS (ms): Min: 0.0, Avg: 0.1, Max: 0.1, Diff: 0.1, Sum: 0.4]
      [Code Root Scanning (ms): Min: 0.0, Avg: 0.0, Max: 0.0, Diff: 0.0, Sum: 0.0]
      [Object Copy (ms): Min: 3.0, Avg: 3.0, Max: 3.1, Diff: 0.1, Sum: 24.1]
      [Termination (ms): Min: 0.0, Avg: 0.0, Max: 0.1, Diff: 0.1, Sum: 0.4]
         [Termination Attempts: Min: 1, Avg: 1.0, Max: 1, Diff: 0, Sum: 8]
      [GC Worker Other (ms): Min: 0.0, Avg: 0.0, Max: 0.0, Diff: 0.0, Sum: 0.1]
      [GC Worker Total (ms): Min: 4.4, Avg: 4.5, Max: 4.6, Diff: 0.2, Sum: 36.2]
      [GC Worker End (ms): Min: 4431.7, Avg: 4431.8, Max: 4431.8, Diff: 0.0]
   [Code Root Fixup: 0.0 ms]
   [Code Root Purge: 0.0 ms]
   [Clear CT: 0.2 ms]
   [Other: 0.7 ms]
      [Choose CSet: 0.0 ms]
      [Ref Proc: 0.2 ms]
      [Ref Enq: 0.0 ms]
      [Redirty Cards: 0.1 ms]
      [Humongous Register: 0.1 ms]
      [Humongous Reclaim: 0.1 ms]
      [Free CSet: 0.1 ms]
   [Eden: 44.0M(44.0M)->0.0B(250.0M) Survivors: 7168.0K->7168.0K Heap: 576.9M(1024.0M)->515.2M(1024.0M)]
 [Times: user=0.04 sys=0.00, real=0.01 secs] 
2021-01-18T10:16:07.491-0800: 4.433: [GC pause (G1 Humongous Allocation) (young) (initial-mark), 0.0022195 secs]
   [Parallel Time: 1.0 ms, GC Workers: 8]
      [GC Worker Start (ms): Min: 4433.0, Avg: 4433.1, Max: 4433.2, Diff: 0.1]
      [Ext Root Scanning (ms): Min: 0.1, Avg: 0.2, Max: 0.2, Diff: 0.1, Sum: 1.2]
      [Update RS (ms): Min: 0.0, Avg: 0.1, Max: 0.3, Diff: 0.3, Sum: 1.1]
         [Processed Buffers: Min: 1, Avg: 1.1, Max: 2, Diff: 1, Sum: 9]
      [Scan RS (ms): Min: 0.0, Avg: 0.0, Max: 0.0, Diff: 0.0, Sum: 0.0]
      [Code Root Scanning (ms): Min: 0.0, Avg: 0.0, Max: 0.0, Diff: 0.0, Sum: 0.0]
      [Object Copy (ms): Min: 0.3, Avg: 0.5, Max: 0.6, Diff: 0.3, Sum: 3.8]
      [Termination (ms): Min: 0.0, Avg: 0.0, Max: 0.1, Diff: 0.1, Sum: 0.3]
         [Termination Attempts: Min: 1, Avg: 1.0, Max: 1, Diff: 0, Sum: 8]
      [GC Worker Other (ms): Min: 0.0, Avg: 0.0, Max: 0.0, Diff: 0.0, Sum: 0.1]
      [GC Worker Total (ms): Min: 0.8, Avg: 0.8, Max: 0.9, Diff: 0.1, Sum: 6.6]
      [GC Worker End (ms): Min: 4433.9, Avg: 4433.9, Max: 4434.0, Diff: 0.0]
   [Code Root Fixup: 0.0 ms]
   [Code Root Purge: 0.0 ms]
   [Clear CT: 0.1 ms]
   [Other: 1.1 ms]
      [Choose CSet: 0.0 ms]
      [Ref Proc: 0.7 ms]
      [Ref Enq: 0.0 ms]
      [Redirty Cards: 0.1 ms]
      [Humongous Register: 0.1 ms]
      [Humongous Reclaim: 0.0 ms]
      [Free CSet: 0.0 ms]
   [Eden: 1024.0K(250.0M)->0.0B(261.0M) Survivors: 7168.0K->7168.0K Heap: 515.8M(1024.0M)->515.1M(1024.0M)]
 [Times: user=0.01 sys=0.00, real=0.00 secs] 
2021-01-18T10:16:07.493-0800: 4.435: [GC concurrent-root-region-scan-start]
2021-01-18T10:16:07.493-0800: 4.435: [GC concurrent-root-region-scan-end, 0.0000952 secs]
2021-01-18T10:16:07.493-0800: 4.435: [GC concurrent-mark-start]
2021-01-18T10:16:07.495-0800: 4.437: [GC concurrent-mark-end, 0.0013207 secs]
2021-01-18T10:16:07.495-0800: 4.437: [GC remark 2021-01-18T10:16:07.495-0800: 4.437: [Finalize Marking, 0.0003255 secs] 2021-01-18T10:16:07.495-0800: 4.437: [GC ref-proc, 0.0000581 secs] 2021-01-18T10:16:07.495-0800: 4.437: [Unloading, 0.0005250 secs], 0.0019149 secs]
 [Times: user=0.01 sys=0.00, real=0.00 secs] 
2021-01-18T10:16:07.497-0800: 4.439: [GC cleanup 524M->523M(1024M), 0.0010754 secs]
 [Times: user=0.00 sys=0.00, real=0.00 secs] 
2021-01-18T10:16:07.498-0800: 4.440: [GC concurrent-cleanup-start]
2021-01-18T10:16:07.498-0800: 4.440: [GC concurrent-cleanup-end, 0.0000137 secs]
2021-01-18T10:16:07.540-0800: 4.482: [GC pause (G1 Evacuation Pause) (young), 0.0122177 secs]
   [Parallel Time: 11.4 ms, GC Workers: 8]
      [GC Worker Start (ms): Min: 4482.2, Avg: 4482.3, Max: 4482.3, Diff: 0.1]
      [Ext Root Scanning (ms): Min: 0.0, Avg: 0.1, Max: 0.1, Diff: 0.1, Sum: 0.6]
      [Update RS (ms): Min: 4.2, Avg: 4.2, Max: 4.2, Diff: 0.1, Sum: 33.8]
         [Processed Buffers: Min: 57, Avg: 65.8, Max: 68, Diff: 11, Sum: 526]
      [Scan RS (ms): Min: 0.0, Avg: 0.0, Max: 0.1, Diff: 0.0, Sum: 0.2]
      [Code Root Scanning (ms): Min: 0.0, Avg: 0.0, Max: 0.0, Diff: 0.0, Sum: 0.0]
      [Object Copy (ms): Min: 6.8, Avg: 6.8, Max: 6.8, Diff: 0.1, Sum: 54.4]
      [Termination (ms): Min: 0.0, Avg: 0.1, Max: 0.1, Diff: 0.1, Sum: 0.6]
         [Termination Attempts: Min: 1, Avg: 1.0, Max: 1, Diff: 0, Sum: 8]
      [GC Worker Other (ms): Min: 0.0, Avg: 0.0, Max: 0.0, Diff: 0.0, Sum: 0.1]
      [GC Worker Total (ms): Min: 11.1, Avg: 11.2, Max: 11.3, Diff: 0.1, Sum: 89.7]
      [GC Worker End (ms): Min: 4493.5, Avg: 4493.5, Max: 4493.5, Diff: 0.1]
   [Code Root Fixup: 0.0 ms]
   [Code Root Purge: 0.0 ms]
   [Clear CT: 0.1 ms]
   [Other: 0.7 ms]
      [Choose CSet: 0.0 ms]
      [Ref Proc: 0.2 ms]
      [Ref Enq: 0.0 ms]
      [Redirty Cards: 0.1 ms]
      [Humongous Register: 0.1 ms]
      [Humongous Reclaim: 0.1 ms]
      [Free CSet: 0.1 ms]
   [Eden: 261.0M(261.0M)->0.0B(17.0M) Survivors: 7168.0K->34.0M Heap: 839.7M(1024.0M)->579.9M(1024.0M)]
 [Times: user=0.08 sys=0.00, real=0.01 secs] 
2021-01-18T10:16:07.555-0800: 4.497: [GC pause (G1 Evacuation Pause) (mixed), 0.0097263 secs]
   [Parallel Time: 8.1 ms, GC Workers: 8]
      [GC Worker Start (ms): Min: 4497.2, Avg: 4497.3, Max: 4497.3, Diff: 0.1]
      [Ext Root Scanning (ms): Min: 0.1, Avg: 0.1, Max: 0.2, Diff: 0.1, Sum: 1.0]
      [Update RS (ms): Min: 0.3, Avg: 0.4, Max: 0.4, Diff: 0.1, Sum: 2.9]
         [Processed Buffers: Min: 4, Avg: 4.5, Max: 5, Diff: 1, Sum: 36]
      [Scan RS (ms): Min: 0.0, Avg: 0.1, Max: 0.1, Diff: 0.1, Sum: 0.4]
      [Code Root Scanning (ms): Min: 0.0, Avg: 0.0, Max: 0.0, Diff: 0.0, Sum: 0.0]
      [Object Copy (ms): Min: 6.3, Avg: 6.5, Max: 7.2, Diff: 0.9, Sum: 51.8]
      [Termination (ms): Min: 0.0, Avg: 0.8, Max: 1.1, Diff: 1.1, Sum: 6.6]
         [Termination Attempts: Min: 1, Avg: 1.0, Max: 1, Diff: 0, Sum: 8]
      [GC Worker Other (ms): Min: 0.0, Avg: 0.0, Max: 0.0, Diff: 0.0, Sum: 0.1]
      [GC Worker Total (ms): Min: 7.7, Avg: 7.9, Max: 8.0, Diff: 0.3, Sum: 62.9]
      [GC Worker End (ms): Min: 4505.0, Avg: 4505.1, Max: 4505.2, Diff: 0.2]
   [Code Root Fixup: 0.0 ms]
   [Code Root Purge: 0.0 ms]
   [Clear CT: 0.2 ms]
   [Other: 1.4 ms]
      [Choose CSet: 0.1 ms]
      [Ref Proc: 0.8 ms]
      [Ref Enq: 0.0 ms]
      [Redirty Cards: 0.2 ms]
      [Humongous Register: 0.1 ms]
      [Humongous Reclaim: 0.0 ms]
      [Free CSet: 0.1 ms]
   [Eden: 17.0M(17.0M)->0.0B(44.0M) Survivors: 34.0M->7168.0K Heap: 600.3M(1024.0M)->513.2M(1024.0M)]
 [Times: user=0.06 sys=0.00, real=0.01 secs] 
2021-01-18T10:16:07.574-0800: 4.516: [GC pause (G1 Evacuation Pause) (mixed), 0.0050695 secs]
   [Parallel Time: 4.3 ms, GC Workers: 8]
      [GC Worker Start (ms): Min: 4516.2, Avg: 4516.3, Max: 4516.3, Diff: 0.2]
      [Ext Root Scanning (ms): Min: 0.0, Avg: 0.1, Max: 0.2, Diff: 0.2, Sum: 0.9]
      [Update RS (ms): Min: 1.0, Avg: 1.0, Max: 1.0, Diff: 0.1, Sum: 8.0]
         [Processed Buffers: Min: 9, Avg: 10.5, Max: 11, Diff: 2, Sum: 84]
      [Scan RS (ms): Min: 0.0, Avg: 0.0, Max: 0.0, Diff: 0.0, Sum: 0.2]
      [Code Root Scanning (ms): Min: 0.0, Avg: 0.0, Max: 0.0, Diff: 0.0, Sum: 0.0]
      [Object Copy (ms): Min: 2.9, Avg: 2.9, Max: 2.9, Diff: 0.1, Sum: 23.0]
      [Termination (ms): Min: 0.0, Avg: 0.0, Max: 0.1, Diff: 0.1, Sum: 0.3]
         [Termination Attempts: Min: 1, Avg: 1.4, Max: 3, Diff: 2, Sum: 11]
      [GC Worker Other (ms): Min: 0.0, Avg: 0.0, Max: 0.0, Diff: 0.0, Sum: 0.1]
      [GC Worker Total (ms): Min: 4.0, Avg: 4.1, Max: 4.2, Diff: 0.2, Sum: 32.5]
      [GC Worker End (ms): Min: 4520.3, Avg: 4520.3, Max: 4520.4, Diff: 0.0]
   [Code Root Fixup: 0.0 ms]
   [Code Root Purge: 0.0 ms]
   [Clear CT: 0.1 ms]
   [Other: 0.7 ms]
      [Choose CSet: 0.0 ms]
      [Ref Proc: 0.2 ms]
      [Ref Enq: 0.0 ms]
      [Redirty Cards: 0.1 ms]
      [Humongous Register: 0.1 ms]
      [Humongous Reclaim: 0.0 ms]
      [Free CSet: 0.1 ms]
   [Eden: 44.0M(44.0M)->0.0B(262.0M) Survivors: 7168.0K->7168.0K Heap: 566.5M(1024.0M)->512.6M(1024.0M)]
 [Times: user=0.03 sys=0.01, real=0.00 secs] 
2021-01-18T10:16:07.579-0800: 4.521: [GC pause (G1 Humongous Allocation) (young) (initial-mark), 0.0025371 secs]
   [Parallel Time: 1.0 ms, GC Workers: 8]
      [GC Worker Start (ms): Min: 4521.6, Avg: 4521.7, Max: 4521.7, Diff: 0.1]
      [Ext Root Scanning (ms): Min: 0.1, Avg: 0.1, Max: 0.2, Diff: 0.1, Sum: 1.1]
      [Update RS (ms): Min: 0.0, Avg: 0.1, Max: 0.2, Diff: 0.1, Sum: 0.7]
         [Processed Buffers: Min: 1, Avg: 1.1, Max: 2, Diff: 1, Sum: 9]
      [Scan RS (ms): Min: 0.0, Avg: 0.0, Max: 0.0, Diff: 0.0, Sum: 0.0]
      [Code Root Scanning (ms): Min: 0.0, Avg: 0.0, Max: 0.0, Diff: 0.0, Sum: 0.0]
      [Object Copy (ms): Min: 0.5, Avg: 0.6, Max: 0.6, Diff: 0.2, Sum: 4.5]
      [Termination (ms): Min: 0.0, Avg: 0.0, Max: 0.1, Diff: 0.1, Sum: 0.4]
         [Termination Attempts: Min: 1, Avg: 1.0, Max: 1, Diff: 0, Sum: 8]
      [GC Worker Other (ms): Min: 0.0, Avg: 0.0, Max: 0.0, Diff: 0.0, Sum: 0.1]
      [GC Worker Total (ms): Min: 0.8, Avg: 0.8, Max: 0.9, Diff: 0.1, Sum: 6.7]
      [GC Worker End (ms): Min: 4522.5, Avg: 4522.5, Max: 4522.5, Diff: 0.0]
   [Code Root Fixup: 0.0 ms]
   [Code Root Purge: 0.0 ms]
   [Clear CT: 0.1 ms]
   [Other: 1.4 ms]
      [Choose CSet: 0.0 ms]
      [Ref Proc: 1.0 ms]
      [Ref Enq: 0.0 ms]
      [Redirty Cards: 0.2 ms]
      [Humongous Register: 0.1 ms]
      [Humongous Reclaim: 0.0 ms]
      [Free CSet: 0.0 ms]
   [Eden: 2048.0K(262.0M)->0.0B(255.0M) Survivors: 7168.0K->8192.0K Heap: 514.0M(1024.0M)->513.4M(1024.0M)]
 [Times: user=0.01 sys=0.00, real=0.01 secs] 
2021-01-18T10:16:07.582-0800: 4.524: [GC concurrent-root-region-scan-start]
2021-01-18T10:16:07.582-0800: 4.524: [GC concurrent-root-region-scan-end, 0.0000873 secs]
2021-01-18T10:16:07.582-0800: 4.524: [GC concurrent-mark-start]
2021-01-18T10:16:07.583-0800: 4.526: [GC concurrent-mark-end, 0.0013346 secs]
2021-01-18T10:16:07.584-0800: 4.526: [GC remark 2021-01-18T10:16:07.584-0800: 4.526: [Finalize Marking, 0.0003242 secs] 2021-01-18T10:16:07.584-0800: 4.526: [GC ref-proc, 0.0000536 secs] 2021-01-18T10:16:07.584-0800: 4.526: [Unloading, 0.0005418 secs], 0.0019569 secs]
 [Times: user=0.01 sys=0.00, real=0.00 secs] 
2021-01-18T10:16:07.586-0800: 4.528: [GC cleanup 523M->520M(1024M), 0.0010434 secs]
 [Times: user=0.01 sys=0.00, real=0.00 secs] 
2021-01-18T10:16:07.587-0800: 4.529: [GC concurrent-cleanup-start]
2021-01-18T10:16:07.587-0800: 4.529: [GC concurrent-cleanup-end, 0.0000150 secs]
2021-01-18T10:16:07.626-0800: 4.568: [GC pause (G1 Evacuation Pause) (young), 0.0124560 secs]
   [Parallel Time: 11.6 ms, GC Workers: 8]
      [GC Worker Start (ms): Min: 4567.9, Avg: 4567.9, Max: 4568.0, Diff: 0.1]
      [Ext Root Scanning (ms): Min: 0.0, Avg: 0.1, Max: 0.2, Diff: 0.1, Sum: 0.7]
      [Update RS (ms): Min: 4.1, Avg: 4.2, Max: 4.2, Diff: 0.1, Sum: 33.5]
         [Processed Buffers: Min: 65, Avg: 65.9, Max: 67, Diff: 2, Sum: 527]
      [Scan RS (ms): Min: 0.0, Avg: 0.0, Max: 0.0, Diff: 0.0, Sum: 0.2]
      [Code Root Scanning (ms): Min: 0.0, Avg: 0.0, Max: 0.0, Diff: 0.0, Sum: 0.0]
      [Object Copy (ms): Min: 7.1, Avg: 7.1, Max: 7.2, Diff: 0.0, Sum: 57.1]
      [Termination (ms): Min: 0.0, Avg: 0.0, Max: 0.1, Diff: 0.1, Sum: 0.3]
         [Termination Attempts: Min: 1, Avg: 1.0, Max: 1, Diff: 0, Sum: 8]
      [GC Worker Other (ms): Min: 0.0, Avg: 0.0, Max: 0.0, Diff: 0.0, Sum: 0.1]
      [GC Worker Total (ms): Min: 11.4, Avg: 11.5, Max: 11.6, Diff: 0.1, Sum: 91.9]
      [GC Worker End (ms): Min: 4579.4, Avg: 4579.4, Max: 4579.4, Diff: 0.0]
   [Code Root Fixup: 0.0 ms]
   [Code Root Purge: 0.0 ms]
   [Clear CT: 0.1 ms]
   [Other: 0.7 ms]
      [Choose CSet: 0.0 ms]
      [Ref Proc: 0.2 ms]
      [Ref Enq: 0.0 ms]
      [Redirty Cards: 0.1 ms]
      [Humongous Register: 0.1 ms]
      [Humongous Reclaim: 0.1 ms]
      [Free CSet: 0.1 ms]
   [Eden: 255.0M(255.0M)->0.0B(18.0M) Survivors: 8192.0K->33.0M Heap: 830.2M(1024.0M)->577.2M(1024.0M)]
 [Times: user=0.09 sys=0.00, real=0.01 secs] 
2021-01-18T10:16:07.641-0800: 4.583: [GC pause (G1 Evacuation Pause) (mixed), 0.0076746 secs]
   [Parallel Time: 6.7 ms, GC Workers: 8]
      [GC Worker Start (ms): Min: 4583.4, Avg: 4583.5, Max: 4583.6, Diff: 0.2]
      [Ext Root Scanning (ms): Min: 0.0, Avg: 0.1, Max: 0.2, Diff: 0.2, Sum: 1.0]
      [Update RS (ms): Min: 0.2, Avg: 0.3, Max: 0.3, Diff: 0.1, Sum: 2.2]
         [Processed Buffers: Min: 2, Avg: 3.0, Max: 4, Diff: 2, Sum: 24]
      [Scan RS (ms): Min: 0.0, Avg: 0.1, Max: 0.2, Diff: 0.2, Sum: 0.7]
      [Code Root Scanning (ms): Min: 0.0, Avg: 0.0, Max: 0.0, Diff: 0.0, Sum: 0.0]
      [Object Copy (ms): Min: 5.7, Avg: 5.8, Max: 5.9, Diff: 0.2, Sum: 46.7]
      [Termination (ms): Min: 0.0, Avg: 0.1, Max: 0.2, Diff: 0.2, Sum: 0.6]
         [Termination Attempts: Min: 1, Avg: 1.0, Max: 1, Diff: 0, Sum: 8]
      [GC Worker Other (ms): Min: 0.0, Avg: 0.0, Max: 0.0, Diff: 0.0, Sum: 0.1]
      [GC Worker Total (ms): Min: 6.3, Avg: 6.4, Max: 6.5, Diff: 0.2, Sum: 51.4]
      [GC Worker End (ms): Min: 4589.9, Avg: 4589.9, Max: 4590.0, Diff: 0.1]
   [Code Root Fixup: 0.0 ms]
   [Code Root Purge: 0.0 ms]
   [Clear CT: 0.2 ms]
   [Other: 0.8 ms]
      [Choose CSet: 0.0 ms]
      [Ref Proc: 0.2 ms]
      [Ref Enq: 0.0 ms]
      [Redirty Cards: 0.2 ms]
      [Humongous Register: 0.1 ms]
      [Humongous Reclaim: 0.0 ms]
      [Free CSet: 0.1 ms]
   [Eden: 18.0M(18.0M)->0.0B(44.0M) Survivors: 33.0M->7168.0K Heap: 597.1M(1024.0M)->504.1M(1024.0M)]
 [Times: user=0.04 sys=0.00, real=0.00 secs] 
2021-01-18T10:16:07.658-0800: 4.600: [GC pause (G1 Evacuation Pause) (mixed), 0.0054317 secs]
   [Parallel Time: 4.5 ms, GC Workers: 8]
      [GC Worker Start (ms): Min: 4600.0, Avg: 4600.1, Max: 4600.2, Diff: 0.1]
      [Ext Root Scanning (ms): Min: 0.1, Avg: 0.1, Max: 0.2, Diff: 0.1, Sum: 0.9]
      [Update RS (ms): Min: 1.3, Avg: 1.4, Max: 1.4, Diff: 0.1, Sum: 10.8]
         [Processed Buffers: Min: 14, Avg: 14.5, Max: 16, Diff: 2, Sum: 116]
      [Scan RS (ms): Min: 0.0, Avg: 0.0, Max: 0.0, Diff: 0.0, Sum: 0.2]
      [Code Root Scanning (ms): Min: 0.0, Avg: 0.0, Max: 0.0, Diff: 0.0, Sum: 0.0]
      [Object Copy (ms): Min: 2.7, Avg: 2.8, Max: 2.8, Diff: 0.1, Sum: 22.0]
      [Termination (ms): Min: 0.0, Avg: 0.0, Max: 0.1, Diff: 0.1, Sum: 0.4]
         [Termination Attempts: Min: 1, Avg: 1.0, Max: 1, Diff: 0, Sum: 8]
      [GC Worker Other (ms): Min: 0.0, Avg: 0.0, Max: 0.0, Diff: 0.0, Sum: 0.1]
      [GC Worker Total (ms): Min: 4.2, Avg: 4.3, Max: 4.4, Diff: 0.1, Sum: 34.5]
      [GC Worker End (ms): Min: 4604.4, Avg: 4604.4, Max: 4604.5, Diff: 0.1]
   [Code Root Fixup: 0.0 ms]
   [Code Root Purge: 0.0 ms]
   [Clear CT: 0.2 ms]
   [Other: 0.7 ms]
      [Choose CSet: 0.0 ms]
      [Ref Proc: 0.2 ms]
      [Ref Enq: 0.0 ms]
      [Redirty Cards: 0.2 ms]
      [Humongous Register: 0.1 ms]
      [Humongous Reclaim: 0.0 ms]
      [Free CSet: 0.1 ms]
   [Eden: 44.0M(44.0M)->0.0B(273.0M) Survivors: 7168.0K->7168.0K Heap: 561.4M(1024.0M)->496.3M(1024.0M)]
 [Times: user=0.04 sys=0.00, real=0.01 secs] 
2021-01-18T10:16:07.664-0800: 4.606: [GC pause (G1 Humongous Allocation) (young) (initial-mark), 0.0018931 secs]
   [Parallel Time: 1.1 ms, GC Workers: 8]
      [GC Worker Start (ms): Min: 4606.0, Avg: 4606.1, Max: 4606.1, Diff: 0.1]
      [Ext Root Scanning (ms): Min: 0.1, Avg: 0.1, Max: 0.2, Diff: 0.1, Sum: 1.1]
      [Update RS (ms): Min: 0.1, Avg: 0.1, Max: 0.1, Diff: 0.0, Sum: 0.6]
         [Processed Buffers: Min: 1, Avg: 1.1, Max: 2, Diff: 1, Sum: 9]
      [Scan RS (ms): Min: 0.0, Avg: 0.0, Max: 0.0, Diff: 0.0, Sum: 0.0]
      [Code Root Scanning (ms): Min: 0.0, Avg: 0.0, Max: 0.0, Diff: 0.0, Sum: 0.0]
      [Object Copy (ms): Min: 0.5, Avg: 0.6, Max: 0.7, Diff: 0.2, Sum: 4.7]
      [Termination (ms): Min: 0.0, Avg: 0.1, Max: 0.2, Diff: 0.2, Sum: 0.7]
         [Termination Attempts: Min: 1, Avg: 1.0, Max: 1, Diff: 0, Sum: 8]
      [GC Worker Other (ms): Min: 0.0, Avg: 0.0, Max: 0.0, Diff: 0.0, Sum: 0.1]
      [GC Worker Total (ms): Min: 0.9, Avg: 0.9, Max: 1.0, Diff: 0.1, Sum: 7.3]
      [GC Worker End (ms): Min: 4606.9, Avg: 4607.0, Max: 4607.0, Diff: 0.1]
   [Code Root Fixup: 0.0 ms]
   [Code Root Purge: 0.0 ms]
   [Clear CT: 0.1 ms]
   [Other: 0.7 ms]
      [Choose CSet: 0.0 ms]
      [Ref Proc: 0.2 ms]
      [Ref Enq: 0.0 ms]
      [Redirty Cards: 0.2 ms]
      [Humongous Register: 0.1 ms]
      [Humongous Reclaim: 0.0 ms]
      [Free CSet: 0.0 ms]
   [Eden: 2048.0K(273.0M)->0.0B(271.0M) Survivors: 7168.0K->7168.0K Heap: 497.5M(1024.0M)->495.4M(1024.0M)]
 [Times: user=0.00 sys=0.00, real=0.00 secs] 
2021-01-18T10:16:07.666-0800: 4.608: [GC concurrent-root-region-scan-start]
2021-01-18T10:16:07.666-0800: 4.608: [GC concurrent-root-region-scan-end, 0.0000901 secs]
2021-01-18T10:16:07.666-0800: 4.608: [GC concurrent-mark-start]
2021-01-18T10:16:07.667-0800: 4.609: [GC concurrent-mark-end, 0.0012659 secs]
2021-01-18T10:16:07.667-0800: 4.609: [GC remark 2021-01-18T10:16:07.667-0800: 4.609: [Finalize Marking, 0.0002294 secs] 2021-01-18T10:16:07.668-0800: 4.610: [GC ref-proc, 0.0000555 secs] 2021-01-18T10:16:07.668-0800: 4.610: [Unloading, 0.0005213 secs], 0.0018664 secs]
 [Times: user=0.01 sys=0.00, real=0.00 secs] 
2021-01-18T10:16:07.669-0800: 4.611: [GC cleanup 503M->502M(1024M), 0.0009920 secs]
 [Times: user=0.00 sys=0.00, real=0.01 secs] 
2021-01-18T10:16:07.670-0800: 4.613: [GC concurrent-cleanup-start]
2021-01-18T10:16:07.670-0800: 4.613: [GC concurrent-cleanup-end, 0.0000128 secs]
2021-01-18T10:16:07.712-0800: 4.654: [GC pause (G1 Evacuation Pause) (young), 0.0140219 secs]
   [Parallel Time: 12.8 ms, GC Workers: 8]
      [GC Worker Start (ms): Min: 4654.2, Avg: 4654.3, Max: 4654.3, Diff: 0.1]
      [Ext Root Scanning (ms): Min: 0.1, Avg: 0.1, Max: 0.2, Diff: 0.1, Sum: 0.7]
      [Update RS (ms): Min: 4.6, Avg: 4.8, Max: 5.7, Diff: 1.1, Sum: 38.2]
         [Processed Buffers: Min: 39, Avg: 69.9, Max: 85, Diff: 46, Sum: 559]
      [Scan RS (ms): Min: 0.0, Avg: 0.0, Max: 0.1, Diff: 0.1, Sum: 0.2]
      [Code Root Scanning (ms): Min: 0.0, Avg: 0.0, Max: 0.0, Diff: 0.0, Sum: 0.0]
      [Object Copy (ms): Min: 6.7, Avg: 7.7, Max: 7.9, Diff: 1.2, Sum: 61.4]
      [Termination (ms): Min: 0.0, Avg: 0.1, Max: 0.1, Diff: 0.1, Sum: 0.5]
         [Termination Attempts: Min: 1, Avg: 1.0, Max: 1, Diff: 0, Sum: 8]
      [GC Worker Other (ms): Min: 0.0, Avg: 0.0, Max: 0.0, Diff: 0.0, Sum: 0.1]
      [GC Worker Total (ms): Min: 12.6, Avg: 12.7, Max: 12.7, Diff: 0.1, Sum: 101.2]
      [GC Worker End (ms): Min: 4666.9, Avg: 4666.9, Max: 4667.0, Diff: 0.1]
   [Code Root Fixup: 0.0 ms]
   [Code Root Purge: 0.0 ms]
   [Clear CT: 0.2 ms]
   [Other: 1.0 ms]
      [Choose CSet: 0.0 ms]
      [Ref Proc: 0.4 ms]
      [Ref Enq: 0.0 ms]
      [Redirty Cards: 0.2 ms]
      [Humongous Register: 0.1 ms]
      [Humongous Reclaim: 0.1 ms]
      [Free CSet: 0.1 ms]
   [Eden: 271.0M(271.0M)->0.0B(16.0M) Survivors: 7168.0K->35.0M Heap: 834.2M(1024.0M)->570.8M(1024.0M)]
 [Times: user=0.08 sys=0.01, real=0.01 secs] 
2021-01-18T10:16:07.729-0800: 4.671: [GC pause (G1 Evacuation Pause) (mixed), 0.0097135 secs]
   [Parallel Time: 7.9 ms, GC Workers: 8]
      [GC Worker Start (ms): Min: 4671.4, Avg: 4671.4, Max: 4671.5, Diff: 0.1]
      [Ext Root Scanning (ms): Min: 0.1, Avg: 0.1, Max: 0.2, Diff: 0.1, Sum: 0.9]
      [Update RS (ms): Min: 0.4, Avg: 0.4, Max: 0.4, Diff: 0.1, Sum: 3.2]
         [Processed Buffers: Min: 2, Avg: 4.5, Max: 6, Diff: 4, Sum: 36]
      [Scan RS (ms): Min: 0.0, Avg: 0.1, Max: 0.1, Diff: 0.1, Sum: 0.5]
      [Code Root Scanning (ms): Min: 0.0, Avg: 0.0, Max: 0.0, Diff: 0.0, Sum: 0.0]
      [Object Copy (ms): Min: 6.1, Avg: 6.3, Max: 7.0, Diff: 0.9, Sum: 50.2]
      [Termination (ms): Min: 0.0, Avg: 0.8, Max: 1.0, Diff: 1.0, Sum: 6.5]
         [Termination Attempts: Min: 1, Avg: 1.0, Max: 1, Diff: 0, Sum: 8]
      [GC Worker Other (ms): Min: 0.0, Avg: 0.0, Max: 0.0, Diff: 0.0, Sum: 0.1]
      [GC Worker Total (ms): Min: 7.6, Avg: 7.7, Max: 7.8, Diff: 0.2, Sum: 61.5]
      [GC Worker End (ms): Min: 4679.1, Avg: 4679.1, Max: 4679.2, Diff: 0.1]
   [Code Root Fixup: 0.0 ms]
   [Code Root Purge: 0.0 ms]
   [Clear CT: 0.3 ms]
   [Other: 1.6 ms]
      [Choose CSet: 0.0 ms]
      [Ref Proc: 0.9 ms]
      [Ref Enq: 0.0 ms]
      [Redirty Cards: 0.2 ms]
      [Humongous Register: 0.1 ms]
      [Humongous Reclaim: 0.0 ms]
      [Free CSet: 0.2 ms]
   [Eden: 16.0M(16.0M)->0.0B(46.0M) Survivors: 35.0M->5120.0K Heap: 590.1M(1024.0M)->502.5M(1024.0M)]
 [Times: user=0.05 sys=0.00, real=0.01 secs] 
2021-01-18T10:16:07.748-0800: 4.690: [GC pause (G1 Evacuation Pause) (mixed), 0.0049065 secs]
   [Parallel Time: 4.1 ms, GC Workers: 8]
      [GC Worker Start (ms): Min: 4690.2, Avg: 4690.2, Max: 4690.3, Diff: 0.1]
      [Ext Root Scanning (ms): Min: 0.1, Avg: 0.1, Max: 0.2, Diff: 0.1, Sum: 1.0]
      [Update RS (ms): Min: 1.2, Avg: 1.4, Max: 2.4, Diff: 1.2, Sum: 11.1]
         [Processed Buffers: Min: 13, Avg: 13.6, Max: 14, Diff: 1, Sum: 109]
      [Scan RS (ms): Min: 0.0, Avg: 0.0, Max: 0.1, Diff: 0.1, Sum: 0.2]
      [Code Root Scanning (ms): Min: 0.0, Avg: 0.0, Max: 0.0, Diff: 0.0, Sum: 0.0]
      [Object Copy (ms): Min: 1.2, Avg: 2.2, Max: 2.5, Diff: 1.3, Sum: 17.5]
      [Termination (ms): Min: 0.0, Avg: 0.2, Max: 0.3, Diff: 0.3, Sum: 1.8]
         [Termination Attempts: Min: 1, Avg: 1.0, Max: 1, Diff: 0, Sum: 8]
      [GC Worker Other (ms): Min: 0.0, Avg: 0.0, Max: 0.0, Diff: 0.0, Sum: 0.1]
      [GC Worker Total (ms): Min: 3.9, Avg: 4.0, Max: 4.1, Diff: 0.1, Sum: 31.8]
      [GC Worker End (ms): Min: 4694.1, Avg: 4694.2, Max: 4694.2, Diff: 0.1]
   [Code Root Fixup: 0.0 ms]
   [Code Root Purge: 0.0 ms]
   [Clear CT: 0.1 ms]
   [Other: 0.6 ms]
      [Choose CSet: 0.0 ms]
      [Ref Proc: 0.2 ms]
      [Ref Enq: 0.0 ms]
      [Redirty Cards: 0.1 ms]
      [Humongous Register: 0.1 ms]
      [Humongous Reclaim: 0.0 ms]
      [Free CSet: 0.0 ms]
   [Eden: 46.0M(46.0M)->0.0B(260.0M) Survivors: 5120.0K->7168.0K Heap: 561.0M(1024.0M)->510.7M(1024.0M)]
 [Times: user=0.03 sys=0.00, real=0.01 secs] 
2021-01-18T10:16:07.754-0800: 4.696: [GC pause (G1 Humongous Allocation) (young) (initial-mark), 0.0019511 secs]
   [Parallel Time: 1.1 ms, GC Workers: 8]
      [GC Worker Start (ms): Min: 4696.0, Avg: 4696.1, Max: 4696.3, Diff: 0.3]
      [Ext Root Scanning (ms): Min: 0.0, Avg: 0.2, Max: 0.3, Diff: 0.3, Sum: 1.2]
      [Update RS (ms): Min: 0.0, Avg: 0.1, Max: 0.3, Diff: 0.3, Sum: 0.9]
         [Processed Buffers: Min: 0, Avg: 1.1, Max: 2, Diff: 2, Sum: 9]
      [Scan RS (ms): Min: 0.0, Avg: 0.0, Max: 0.0, Diff: 0.0, Sum: 0.0]
      [Code Root Scanning (ms): Min: 0.0, Avg: 0.0, Max: 0.0, Diff: 0.0, Sum: 0.0]
      [Object Copy (ms): Min: 0.4, Avg: 0.5, Max: 0.6, Diff: 0.3, Sum: 4.2]
      [Termination (ms): Min: 0.0, Avg: 0.1, Max: 0.1, Diff: 0.1, Sum: 0.6]
         [Termination Attempts: Min: 1, Avg: 1.0, Max: 1, Diff: 0, Sum: 8]
      [GC Worker Other (ms): Min: 0.0, Avg: 0.0, Max: 0.0, Diff: 0.0, Sum: 0.1]
      [GC Worker Total (ms): Min: 0.8, Avg: 0.9, Max: 1.1, Diff: 0.3, Sum: 7.1]
      [GC Worker End (ms): Min: 4697.0, Avg: 4697.0, Max: 4697.1, Diff: 0.1]
   [Code Root Fixup: 0.0 ms]
   [Code Root Purge: 0.0 ms]
   [Clear CT: 0.2 ms]
   [Other: 0.6 ms]
      [Choose CSet: 0.0 ms]
      [Ref Proc: 0.2 ms]
      [Ref Enq: 0.0 ms]
      [Redirty Cards: 0.1 ms]
      [Humongous Register: 0.1 ms]
      [Humongous Reclaim: 0.0 ms]
      [Free CSet: 0.0 ms]
   [Eden: 4096.0K(260.0M)->0.0B(228.0M) Survivors: 7168.0K->8192.0K Heap: 514.6M(1024.0M)->511.0M(1024.0M)]
 [Times: user=0.01 sys=0.00, real=0.00 secs] 
2021-01-18T10:16:07.756-0800: 4.698: [GC concurrent-root-region-scan-start]
2021-01-18T10:16:07.756-0800: 4.698: [GC concurrent-root-region-scan-end, 0.0000859 secs]
2021-01-18T10:16:07.756-0800: 4.698: [GC concurrent-mark-start]
2021-01-18T10:16:07.757-0800: 4.699: [GC concurrent-mark-end, 0.0013090 secs]
2021-01-18T10:16:07.757-0800: 4.700: [GC remark 2021-01-18T10:16:07.757-0800: 4.700: [Finalize Marking, 0.0002372 secs] 2021-01-18T10:16:07.758-0800: 4.700: [GC ref-proc, 0.0000515 secs] 2021-01-18T10:16:07.758-0800: 4.700: [Unloading, 0.0004766 secs], 0.0017421 secs]
 [Times: user=0.01 sys=0.00, real=0.00 secs] 
2021-01-18T10:16:07.759-0800: 4.701: [GC cleanup 519M->514M(1024M), 0.0009630 secs]
 [Times: user=0.01 sys=0.00, real=0.01 secs] 
2021-01-18T10:16:07.760-0800: 4.702: [GC concurrent-cleanup-start]
2021-01-18T10:16:07.760-0800: 4.702: [GC concurrent-cleanup-end, 0.0000126 secs]
2021-01-18T10:16:07.797-0800: 4.739: [GC pause (G1 Evacuation Pause) (young), 0.0119196 secs]
   [Parallel Time: 11.1 ms, GC Workers: 8]
      [GC Worker Start (ms): Min: 4739.6, Avg: 4739.7, Max: 4739.7, Diff: 0.1]
      [Ext Root Scanning (ms): Min: 0.0, Avg: 0.1, Max: 0.2, Diff: 0.1, Sum: 0.7]
      [Update RS (ms): Min: 4.5, Avg: 4.5, Max: 4.5, Diff: 0.1, Sum: 36.0]
         [Processed Buffers: Min: 70, Avg: 70.9, Max: 72, Diff: 2, Sum: 567]
      [Scan RS (ms): Min: 0.0, Avg: 0.0, Max: 0.0, Diff: 0.0, Sum: 0.2]
      [Code Root Scanning (ms): Min: 0.0, Avg: 0.0, Max: 0.0, Diff: 0.0, Sum: 0.0]
      [Object Copy (ms): Min: 6.3, Avg: 6.3, Max: 6.3, Diff: 0.0, Sum: 50.3]
      [Termination (ms): Min: 0.0, Avg: 0.0, Max: 0.1, Diff: 0.1, Sum: 0.2]
         [Termination Attempts: Min: 1, Avg: 1.0, Max: 1, Diff: 0, Sum: 8]
      [GC Worker Other (ms): Min: 0.0, Avg: 0.0, Max: 0.0, Diff: 0.0, Sum: 0.1]
      [GC Worker Total (ms): Min: 10.9, Avg: 10.9, Max: 11.0, Diff: 0.1, Sum: 87.6]
      [GC Worker End (ms): Min: 4750.6, Avg: 4750.6, Max: 4750.6, Diff: 0.0]
   [Code Root Fixup: 0.0 ms]
   [Code Root Purge: 0.0 ms]
   [Clear CT: 0.2 ms]
   [Other: 0.6 ms]
      [Choose CSet: 0.0 ms]
      [Ref Proc: 0.1 ms]
      [Ref Enq: 0.0 ms]
      [Redirty Cards: 0.1 ms]
      [Humongous Register: 0.1 ms]
      [Humongous Reclaim: 0.1 ms]
      [Free CSet: 0.1 ms]
   [Eden: 228.0M(228.0M)->0.0B(21.0M) Survivors: 8192.0K->30.0M Heap: 803.6M(1024.0M)->577.4M(1024.0M)]
 [Times: user=0.09 sys=0.00, real=0.01 secs] 
2021-01-18T10:16:07.813-0800: 4.755: [GC pause (G1 Evacuation Pause) (mixed), 0.0080417 secs]
   [Parallel Time: 7.0 ms, GC Workers: 8]
      [GC Worker Start (ms): Min: 4755.7, Avg: 4755.8, Max: 4755.8, Diff: 0.1]
      [Ext Root Scanning (ms): Min: 0.1, Avg: 0.1, Max: 0.2, Diff: 0.1, Sum: 0.9]
      [Update RS (ms): Min: 0.9, Avg: 1.0, Max: 1.6, Diff: 0.8, Sum: 8.0]
         [Processed Buffers: Min: 8, Avg: 10.1, Max: 11, Diff: 3, Sum: 81]
      [Scan RS (ms): Min: 0.0, Avg: 0.1, Max: 0.1, Diff: 0.1, Sum: 0.5]
      [Code Root Scanning (ms): Min: 0.0, Avg: 0.0, Max: 0.0, Diff: 0.0, Sum: 0.0]
      [Object Copy (ms): Min: 5.1, Avg: 5.7, Max: 5.8, Diff: 0.7, Sum: 45.3]
      [Termination (ms): Min: 0.0, Avg: 0.1, Max: 0.1, Diff: 0.1, Sum: 0.4]
         [Termination Attempts: Min: 1, Avg: 1.0, Max: 1, Diff: 0, Sum: 8]
      [GC Worker Other (ms): Min: 0.0, Avg: 0.0, Max: 0.0, Diff: 0.0, Sum: 0.1]
      [GC Worker Total (ms): Min: 6.8, Avg: 6.9, Max: 7.0, Diff: 0.1, Sum: 55.3]
      [GC Worker End (ms): Min: 4762.7, Avg: 4762.7, Max: 4762.7, Diff: 0.0]
   [Code Root Fixup: 0.0 ms]
   [Code Root Purge: 0.0 ms]
   [Clear CT: 0.2 ms]
   [Other: 0.8 ms]
      [Choose CSet: 0.0 ms]
      [Ref Proc: 0.2 ms]
      [Ref Enq: 0.0 ms]
      [Redirty Cards: 0.2 ms]
      [Humongous Register: 0.1 ms]
      [Humongous Reclaim: 0.1 ms]
      [Free CSet: 0.1 ms]
   [Eden: 21.0M(21.0M)->0.0B(44.0M) Survivors: 30.0M->7168.0K Heap: 607.4M(1024.0M)->510.1M(1024.0M)]
 [Times: user=0.05 sys=0.01, real=0.01 secs] 
2021-01-18T10:16:07.830-0800: 4.773: [GC pause (G1 Evacuation Pause) (mixed), 0.0058645 secs]
   [Parallel Time: 4.2 ms, GC Workers: 8]
      [GC Worker Start (ms): Min: 4772.8, Avg: 4773.0, Max: 4774.0, Diff: 1.2]
      [Ext Root Scanning (ms): Min: 0.0, Avg: 0.1, Max: 0.2, Diff: 0.2, Sum: 0.7]
      [Update RS (ms): Min: 0.0, Avg: 0.8, Max: 0.9, Diff: 0.9, Sum: 6.1]
         [Processed Buffers: Min: 0, Avg: 9.0, Max: 13, Diff: 13, Sum: 72]
      [Scan RS (ms): Min: 0.0, Avg: 0.0, Max: 0.1, Diff: 0.1, Sum: 0.2]
      [Code Root Scanning (ms): Min: 0.0, Avg: 0.0, Max: 0.0, Diff: 0.0, Sum: 0.0]
      [Object Copy (ms): Min: 2.8, Avg: 2.9, Max: 3.0, Diff: 0.2, Sum: 23.1]
      [Termination (ms): Min: 0.0, Avg: 0.1, Max: 0.1, Diff: 0.1, Sum: 0.6]
         [Termination Attempts: Min: 1, Avg: 1.0, Max: 1, Diff: 0, Sum: 8]
      [GC Worker Other (ms): Min: 0.0, Avg: 0.0, Max: 0.0, Diff: 0.0, Sum: 0.1]
      [GC Worker Total (ms): Min: 2.9, Avg: 3.9, Max: 4.1, Diff: 1.2, Sum: 30.9]
      [GC Worker End (ms): Min: 4776.9, Avg: 4776.9, Max: 4776.9, Diff: 0.0]
   [Code Root Fixup: 0.0 ms]
   [Code Root Purge: 0.0 ms]
   [Clear CT: 0.1 ms]
   [Other: 1.5 ms]
      [Choose CSet: 0.0 ms]
      [Ref Proc: 1.0 ms]
      [Ref Enq: 0.0 ms]
      [Redirty Cards: 0.2 ms]
      [Humongous Register: 0.1 ms]
      [Humongous Reclaim: 0.0 ms]
      [Free CSet: 0.1 ms]
   [Eden: 44.0M(44.0M)->0.0B(243.0M) Survivors: 7168.0K->7168.0K Heap: 561.9M(1024.0M)->501.3M(1024.0M)]
 [Times: user=0.04 sys=0.00, real=0.00 secs] 
2021-01-18T10:16:07.837-0800: 4.779: [GC pause (G1 Humongous Allocation) (young) (initial-mark), 0.0020125 secs]
   [Parallel Time: 1.1 ms, GC Workers: 8]
      [GC Worker Start (ms): Min: 4779.0, Avg: 4779.1, Max: 4779.2, Diff: 0.1]
      [Ext Root Scanning (ms): Min: 0.1, Avg: 0.1, Max: 0.2, Diff: 0.1, Sum: 1.0]
      [Update RS (ms): Min: 0.0, Avg: 0.1, Max: 0.2, Diff: 0.2, Sum: 0.9]
         [Processed Buffers: Min: 1, Avg: 1.1, Max: 2, Diff: 1, Sum: 9]
      [Scan RS (ms): Min: 0.0, Avg: 0.0, Max: 0.0, Diff: 0.0, Sum: 0.0]
      [Code Root Scanning (ms): Min: 0.0, Avg: 0.0, Max: 0.0, Diff: 0.0, Sum: 0.0]
      [Object Copy (ms): Min: 0.5, Avg: 0.6, Max: 0.7, Diff: 0.2, Sum: 4.9]
      [Termination (ms): Min: 0.0, Avg: 0.0, Max: 0.1, Diff: 0.1, Sum: 0.3]
         [Termination Attempts: Min: 1, Avg: 1.0, Max: 1, Diff: 0, Sum: 8]
      [GC Worker Other (ms): Min: 0.0, Avg: 0.0, Max: 0.0, Diff: 0.0, Sum: 0.1]
      [GC Worker Total (ms): Min: 0.8, Avg: 0.9, Max: 1.0, Diff: 0.1, Sum: 7.3]
      [GC Worker End (ms): Min: 4780.0, Avg: 4780.0, Max: 4780.0, Diff: 0.0]
   [Code Root Fixup: 0.0 ms]
   [Code Root Purge: 0.0 ms]
   [Clear CT: 0.1 ms]
   [Other: 0.8 ms]
      [Choose CSet: 0.0 ms]
      [Ref Proc: 0.3 ms]
      [Ref Enq: 0.0 ms]
      [Redirty Cards: 0.2 ms]
      [Humongous Register: 0.1 ms]
      [Humongous Reclaim: 0.0 ms]
      [Free CSet: 0.0 ms]
   [Eden: 2048.0K(243.0M)->0.0B(227.0M) Survivors: 7168.0K->9216.0K Heap: 503.3M(1024.0M)->503.0M(1024.0M)]
 [Times: user=0.01 sys=0.00, real=0.00 secs] 
2021-01-18T10:16:07.839-0800: 4.781: [GC concurrent-root-region-scan-start]
2021-01-18T10:16:07.839-0800: 4.781: [GC concurrent-root-region-scan-end, 0.0000910 secs]
2021-01-18T10:16:07.839-0800: 4.781: [GC concurrent-mark-start]
2021-01-18T10:16:07.840-0800: 4.782: [GC concurrent-mark-end, 0.0013141 secs]
2021-01-18T10:16:07.840-0800: 4.783: [GC remark 2021-01-18T10:16:07.840-0800: 4.783: [Finalize Marking, 0.0002336 secs] 2021-01-18T10:16:07.841-0800: 4.783: [GC ref-proc, 0.0000557 secs] 2021-01-18T10:16:07.841-0800: 4.783: [Unloading, 0.0004905 secs], 0.0017649 secs]
 [Times: user=0.01 sys=0.00, real=0.00 secs] 
2021-01-18T10:16:07.842-0800: 4.785: [GC cleanup 513M->513M(1024M), 0.0009509 secs]
 [Times: user=0.00 sys=0.00, real=0.00 secs] 
2021-01-18T10:16:07.843-0800: 4.786: [GC concurrent-cleanup-start]
2021-01-18T10:16:07.843-0800: 4.786: [GC concurrent-cleanup-end, 0.0000141 secs]
2021-01-18T10:16:07.876-0800: 4.818: [GC pause (G1 Evacuation Pause) (young), 0.0115751 secs]
   [Parallel Time: 10.7 ms, GC Workers: 8]
      [GC Worker Start (ms): Min: 4818.6, Avg: 4818.7, Max: 4818.7, Diff: 0.1]
      [Ext Root Scanning (ms): Min: 0.1, Avg: 0.1, Max: 0.2, Diff: 0.1, Sum: 0.8]
      [Update RS (ms): Min: 3.6, Avg: 3.6, Max: 3.7, Diff: 0.1, Sum: 29.0]
         [Processed Buffers: Min: 9, Avg: 51.5, Max: 70, Diff: 61, Sum: 412]
      [Scan RS (ms): Min: 0.0, Avg: 0.0, Max: 0.0, Diff: 0.0, Sum: 0.2]
      [Code Root Scanning (ms): Min: 0.0, Avg: 0.0, Max: 0.0, Diff: 0.0, Sum: 0.0]
      [Object Copy (ms): Min: 6.7, Avg: 6.8, Max: 6.8, Diff: 0.1, Sum: 54.5]
      [Termination (ms): Min: 0.0, Avg: 0.0, Max: 0.1, Diff: 0.1, Sum: 0.3]
         [Termination Attempts: Min: 1, Avg: 1.0, Max: 1, Diff: 0, Sum: 8]
      [GC Worker Other (ms): Min: 0.0, Avg: 0.0, Max: 0.0, Diff: 0.0, Sum: 0.1]
      [GC Worker Total (ms): Min: 10.6, Avg: 10.6, Max: 10.7, Diff: 0.1, Sum: 84.9]
      [GC Worker End (ms): Min: 4829.3, Avg: 4829.3, Max: 4829.3, Diff: 0.0]
   [Code Root Fixup: 0.0 ms]
   [Code Root Purge: 0.0 ms]
   [Clear CT: 0.2 ms]
   [Other: 0.7 ms]
      [Choose CSet: 0.0 ms]
      [Ref Proc: 0.1 ms]
      [Ref Enq: 0.0 ms]
      [Redirty Cards: 0.1 ms]
      [Humongous Register: 0.1 ms]
      [Humongous Reclaim: 0.1 ms]
      [Free CSet: 0.1 ms]
   [Eden: 227.0M(227.0M)->0.0B(21.0M) Survivors: 9216.0K->30.0M Heap: 780.0M(1024.0M)->568.3M(1024.0M)]
 [Times: user=0.08 sys=0.00, real=0.01 secs] 
2021-01-18T10:16:07.892-0800: 4.834: [GC pause (G1 Evacuation Pause) (mixed), 0.0083643 secs]
   [Parallel Time: 7.2 ms, GC Workers: 8]
      [GC Worker Start (ms): Min: 4833.9, Avg: 4834.0, Max: 4834.1, Diff: 0.1]
      [Ext Root Scanning (ms): Min: 0.1, Avg: 0.1, Max: 0.2, Diff: 0.1, Sum: 0.9]
      [Update RS (ms): Min: 0.4, Avg: 0.4, Max: 0.5, Diff: 0.1, Sum: 3.4]
         [Processed Buffers: Min: 4, Avg: 4.9, Max: 5, Diff: 1, Sum: 39]
      [Scan RS (ms): Min: 0.0, Avg: 0.1, Max: 0.1, Diff: 0.1, Sum: 0.5]
      [Code Root Scanning (ms): Min: 0.0, Avg: 0.0, Max: 0.0, Diff: 0.0, Sum: 0.0]
      [Object Copy (ms): Min: 6.4, Avg: 6.4, Max: 6.4, Diff: 0.0, Sum: 51.0]
      [Termination (ms): Min: 0.0, Avg: 0.0, Max: 0.1, Diff: 0.1, Sum: 0.4]
         [Termination Attempts: Min: 1, Avg: 1.0, Max: 1, Diff: 0, Sum: 8]
      [GC Worker Other (ms): Min: 0.0, Avg: 0.0, Max: 0.0, Diff: 0.0, Sum: 0.1]
      [GC Worker Total (ms): Min: 7.0, Avg: 7.0, Max: 7.1, Diff: 0.2, Sum: 56.4]
      [GC Worker End (ms): Min: 4841.0, Avg: 4841.0, Max: 4841.1, Diff: 0.0]
   [Code Root Fixup: 0.0 ms]
   [Code Root Purge: 0.0 ms]
   [Clear CT: 0.2 ms]
   [Other: 0.9 ms]
      [Choose CSet: 0.0 ms]
      [Ref Proc: 0.2 ms]
      [Ref Enq: 0.0 ms]
      [Redirty Cards: 0.2 ms]
      [Humongous Register: 0.1 ms]
      [Humongous Reclaim: 0.0 ms]
      [Free CSet: 0.2 ms]
   [Eden: 21.0M(21.0M)->0.0B(44.0M) Survivors: 30.0M->7168.0K Heap: 592.9M(1024.0M)->502.2M(1024.0M)]
 [Times: user=0.06 sys=0.00, real=0.01 secs] 
2021-01-18T10:16:07.910-0800: 4.852: [GC pause (G1 Evacuation Pause) (mixed), 0.0062262 secs]
   [Parallel Time: 5.3 ms, GC Workers: 8]
      [GC Worker Start (ms): Min: 4852.1, Avg: 4852.2, Max: 4852.3, Diff: 0.1]
      [Ext Root Scanning (ms): Min: 0.1, Avg: 0.1, Max: 0.2, Diff: 0.1, Sum: 0.9]
      [Update RS (ms): Min: 1.3, Avg: 1.4, Max: 1.4, Diff: 0.1, Sum: 10.9]
         [Processed Buffers: Min: 13, Avg: 14.0, Max: 15, Diff: 2, Sum: 112]
      [Scan RS (ms): Min: 0.0, Avg: 0.0, Max: 0.1, Diff: 0.1, Sum: 0.2]
      [Code Root Scanning (ms): Min: 0.0, Avg: 0.0, Max: 0.0, Diff: 0.0, Sum: 0.0]
      [Object Copy (ms): Min: 2.7, Avg: 2.8, Max: 3.5, Diff: 0.8, Sum: 22.7]
      [Termination (ms): Min: 0.0, Avg: 0.7, Max: 0.8, Diff: 0.8, Sum: 5.8]
         [Termination Attempts: Min: 1, Avg: 1.0, Max: 1, Diff: 0, Sum: 8]
      [GC Worker Other (ms): Min: 0.0, Avg: 0.0, Max: 0.0, Diff: 0.0, Sum: 0.1]
      [GC Worker Total (ms): Min: 5.0, Avg: 5.1, Max: 5.1, Diff: 0.1, Sum: 40.6]
      [GC Worker End (ms): Min: 4857.3, Avg: 4857.3, Max: 4857.3, Diff: 0.0]
   [Code Root Fixup: 0.0 ms]
   [Code Root Purge: 0.0 ms]
   [Clear CT: 0.1 ms]
   [Other: 0.8 ms]
      [Choose CSet: 0.0 ms]
      [Ref Proc: 0.3 ms]
      [Ref Enq: 0.0 ms]
      [Redirty Cards: 0.2 ms]
      [Humongous Register: 0.1 ms]
      [Humongous Reclaim: 0.1 ms]
      [Free CSet: 0.1 ms]
   [Eden: 44.0M(44.0M)->0.0B(244.0M) Survivors: 7168.0K->7168.0K Heap: 559.0M(1024.0M)->498.7M(1024.0M)]
 [Times: user=0.04 sys=0.00, real=0.00 secs] 
2021-01-18T10:16:07.917-0800: 4.860: [GC pause (G1 Humongous Allocation) (young) (initial-mark), 0.0017950 secs]
   [Parallel Time: 1.0 ms, GC Workers: 8]
      [GC Worker Start (ms): Min: 4859.8, Avg: 4859.8, Max: 4859.9, Diff: 0.1]
      [Ext Root Scanning (ms): Min: 0.1, Avg: 0.2, Max: 0.2, Diff: 0.1, Sum: 1.2]
      [Update RS (ms): Min: 0.0, Avg: 0.1, Max: 0.2, Diff: 0.2, Sum: 0.8]
         [Processed Buffers: Min: 1, Avg: 1.1, Max: 2, Diff: 1, Sum: 9]
      [Scan RS (ms): Min: 0.0, Avg: 0.0, Max: 0.0, Diff: 0.0, Sum: 0.0]
      [Code Root Scanning (ms): Min: 0.0, Avg: 0.0, Max: 0.0, Diff: 0.0, Sum: 0.0]
      [Object Copy (ms): Min: 0.5, Avg: 0.6, Max: 0.6, Diff: 0.2, Sum: 4.5]
      [Termination (ms): Min: 0.0, Avg: 0.0, Max: 0.0, Diff: 0.0, Sum: 0.2]
         [Termination Attempts: Min: 1, Avg: 1.0, Max: 1, Diff: 0, Sum: 8]
      [GC Worker Other (ms): Min: 0.0, Avg: 0.0, Max: 0.0, Diff: 0.0, Sum: 0.1]
      [GC Worker Total (ms): Min: 0.8, Avg: 0.9, Max: 0.9, Diff: 0.1, Sum: 6.9]
      [GC Worker End (ms): Min: 4860.7, Avg: 4860.7, Max: 4860.7, Diff: 0.0]
   [Code Root Fixup: 0.0 ms]
   [Code Root Purge: 0.0 ms]
   [Clear CT: 0.1 ms]
   [Other: 0.7 ms]
      [Choose CSet: 0.0 ms]
      [Ref Proc: 0.2 ms]
      [Ref Enq: 0.0 ms]
      [Redirty Cards: 0.1 ms]
      [Humongous Register: 0.1 ms]
      [Humongous Reclaim: 0.0 ms]
      [Free CSet: 0.0 ms]
   [Eden: 6144.0K(244.0M)->0.0B(264.0M) Survivors: 7168.0K->8192.0K Heap: 504.1M(1024.0M)->497.5M(1024.0M)]
 [Times: user=0.01 sys=0.01, real=0.00 secs] 
2021-01-18T10:16:07.919-0800: 4.862: [GC concurrent-root-region-scan-start]
2021-01-18T10:16:07.919-0800: 4.862: [GC concurrent-root-region-scan-end, 0.0000869 secs]
2021-01-18T10:16:07.919-0800: 4.862: [GC concurrent-mark-start]
2021-01-18T10:16:07.921-0800: 4.863: [GC concurrent-mark-end, 0.0013608 secs]
2021-01-18T10:16:07.921-0800: 4.863: [GC remark 2021-01-18T10:16:07.921-0800: 4.863: [Finalize Marking, 0.0002292 secs] 2021-01-18T10:16:07.921-0800: 4.863: [GC ref-proc, 0.0000563 secs] 2021-01-18T10:16:07.921-0800: 4.863: [Unloading, 0.0005345 secs], 0.0018593 secs]
 [Times: user=0.01 sys=0.00, real=0.00 secs] 
2021-01-18T10:16:07.923-0800: 4.865: [GC cleanup 512M->510M(1024M), 0.0009333 secs]
 [Times: user=0.00 sys=0.00, real=0.00 secs] 
2021-01-18T10:16:07.924-0800: 4.866: [GC concurrent-cleanup-start]
2021-01-18T10:16:07.924-0800: 4.866: [GC concurrent-cleanup-end, 0.0000135 secs]
2021-01-18T10:16:07.962-0800: 4.904: [GC pause (G1 Evacuation Pause) (young), 0.0137530 secs]
   [Parallel Time: 12.9 ms, GC Workers: 8]
      [GC Worker Start (ms): Min: 4904.0, Avg: 4904.6, Max: 4908.5, Diff: 4.6]
      [Ext Root Scanning (ms): Min: 0.0, Avg: 0.1, Max: 0.2, Diff: 0.2, Sum: 0.7]
      [Update RS (ms): Min: 0.8, Avg: 4.6, Max: 5.2, Diff: 4.4, Sum: 37.0]
         [Processed Buffers: Min: 12, Avg: 70.1, Max: 106, Diff: 94, Sum: 561]
      [Scan RS (ms): Min: 0.0, Avg: 0.0, Max: 0.0, Diff: 0.0, Sum: 0.2]
      [Code Root Scanning (ms): Min: 0.0, Avg: 0.0, Max: 0.0, Diff: 0.0, Sum: 0.0]
      [Object Copy (ms): Min: 7.3, Avg: 7.4, Max: 7.4, Diff: 0.1, Sum: 58.9]
      [Termination (ms): Min: 0.0, Avg: 0.1, Max: 0.1, Diff: 0.1, Sum: 0.6]
         [Termination Attempts: Min: 1, Avg: 1.0, Max: 1, Diff: 0, Sum: 8]
      [GC Worker Other (ms): Min: 0.0, Avg: 0.0, Max: 0.0, Diff: 0.0, Sum: 0.1]
      [GC Worker Total (ms): Min: 8.2, Avg: 12.2, Max: 12.8, Diff: 4.6, Sum: 97.4]
      [GC Worker End (ms): Min: 4916.8, Avg: 4916.8, Max: 4916.8, Diff: 0.0]
   [Code Root Fixup: 0.0 ms]
   [Code Root Purge: 0.0 ms]
   [Clear CT: 0.1 ms]
   [Other: 0.7 ms]
      [Choose CSet: 0.0 ms]
      [Ref Proc: 0.2 ms]
      [Ref Enq: 0.0 ms]
      [Redirty Cards: 0.1 ms]
      [Humongous Register: 0.1 ms]
      [Humongous Reclaim: 0.1 ms]
      [Free CSet: 0.1 ms]
   [Eden: 264.0M(264.0M)->0.0B(17.0M) Survivors: 8192.0K->34.0M Heap: 828.4M(1024.0M)->567.3M(1024.0M)]
 [Times: user=0.09 sys=0.00, real=0.01 secs] 
2021-01-18T10:16:07.979-0800: 4.921: [GC pause (G1 Evacuation Pause) (mixed), 0.0090839 secs]
   [Parallel Time: 8.1 ms, GC Workers: 8]
      [GC Worker Start (ms): Min: 4921.6, Avg: 4921.6, Max: 4921.7, Diff: 0.1]
      [Ext Root Scanning (ms): Min: 0.1, Avg: 0.1, Max: 0.2, Diff: 0.1, Sum: 1.0]
      [Update RS (ms): Min: 0.5, Avg: 0.5, Max: 0.5, Diff: 0.1, Sum: 4.1]
         [Processed Buffers: Min: 6, Avg: 6.1, Max: 7, Diff: 1, Sum: 49]
      [Scan RS (ms): Min: 0.0, Avg: 0.1, Max: 0.1, Diff: 0.1, Sum: 0.5]
      [Code Root Scanning (ms): Min: 0.0, Avg: 0.0, Max: 0.0, Diff: 0.0, Sum: 0.0]
      [Object Copy (ms): Min: 6.1, Avg: 6.3, Max: 7.2, Diff: 1.1, Sum: 50.3]
      [Termination (ms): Min: 0.0, Avg: 1.0, Max: 1.2, Diff: 1.2, Sum: 7.9]
         [Termination Attempts: Min: 1, Avg: 1.0, Max: 1, Diff: 0, Sum: 8]
      [GC Worker Other (ms): Min: 0.0, Avg: 0.0, Max: 0.0, Diff: 0.0, Sum: 0.1]
      [GC Worker Total (ms): Min: 7.8, Avg: 8.0, Max: 8.1, Diff: 0.2, Sum: 63.9]
      [GC Worker End (ms): Min: 4929.5, Avg: 4929.6, Max: 4929.7, Diff: 0.1]
   [Code Root Fixup: 0.0 ms]
   [Code Root Purge: 0.0 ms]
   [Clear CT: 0.2 ms]
   [Other: 0.8 ms]
      [Choose CSet: 0.0 ms]
      [Ref Proc: 0.2 ms]
      [Ref Enq: 0.0 ms]
      [Redirty Cards: 0.2 ms]
      [Humongous Register: 0.1 ms]
      [Humongous Reclaim: 0.0 ms]
      [Free CSet: 0.1 ms]
   [Eden: 17.0M(17.0M)->0.0B(46.0M) Survivors: 34.0M->5120.0K Heap: 589.2M(1024.0M)->500.5M(1024.0M)]
 [Times: user=0.05 sys=0.00, real=0.01 secs] 
2021-01-18T10:16:07.998-0800: 4.940: [GC pause (G1 Evacuation Pause) (mixed), 0.0059594 secs]
   [Parallel Time: 4.9 ms, GC Workers: 8]
      [GC Worker Start (ms): Min: 4940.4, Avg: 4940.5, Max: 4940.6, Diff: 0.1]
      [Ext Root Scanning (ms): Min: 0.1, Avg: 0.1, Max: 0.2, Diff: 0.1, Sum: 0.9]
      [Update RS (ms): Min: 1.1, Avg: 1.1, Max: 1.1, Diff: 0.1, Sum: 8.8]
         [Processed Buffers: Min: 10, Avg: 11.8, Max: 12, Diff: 2, Sum: 94]
      [Scan RS (ms): Min: 0.0, Avg: 0.0, Max: 0.1, Diff: 0.1, Sum: 0.2]
      [Code Root Scanning (ms): Min: 0.0, Avg: 0.0, Max: 0.0, Diff: 0.0, Sum: 0.0]
      [Object Copy (ms): Min: 3.0, Avg: 3.0, Max: 3.2, Diff: 0.3, Sum: 24.2]
      [Termination (ms): Min: 0.0, Avg: 0.3, Max: 0.6, Diff: 0.6, Sum: 2.5]
         [Termination Attempts: Min: 1, Avg: 1.0, Max: 1, Diff: 0, Sum: 8]
      [GC Worker Other (ms): Min: 0.0, Avg: 0.0, Max: 0.0, Diff: 0.0, Sum: 0.1]
      [GC Worker Total (ms): Min: 4.5, Avg: 4.6, Max: 4.8, Diff: 0.4, Sum: 36.8]
      [GC Worker End (ms): Min: 4945.0, Avg: 4945.1, Max: 4945.3, Diff: 0.3]
   [Code Root Fixup: 0.0 ms]
   [Code Root Purge: 0.0 ms]
   [Clear CT: 0.2 ms]
   [Other: 0.8 ms]
      [Choose CSet: 0.0 ms]
      [Ref Proc: 0.4 ms]
      [Ref Enq: 0.0 ms]
      [Redirty Cards: 0.2 ms]
      [Humongous Register: 0.1 ms]
      [Humongous Reclaim: 0.0 ms]
      [Free CSet: 0.1 ms]
   [Eden: 46.0M(46.0M)->0.0B(263.0M) Survivors: 5120.0K->7168.0K Heap: 557.0M(1024.0M)->503.2M(1024.0M)]
 [Times: user=0.04 sys=0.00, real=0.01 secs] 
2021-01-18T10:16:08.004-0800: 4.947: [GC pause (G1 Humongous Allocation) (young) (initial-mark), 0.0025725 secs]
   [Parallel Time: 1.7 ms, GC Workers: 8]
      [GC Worker Start (ms): Min: 4946.7, Avg: 4946.7, Max: 4946.8, Diff: 0.1]
      [Ext Root Scanning (ms): Min: 0.1, Avg: 0.1, Max: 0.2, Diff: 0.1, Sum: 1.1]
      [Update RS (ms): Min: 0.0, Avg: 0.1, Max: 0.2, Diff: 0.2, Sum: 0.8]
         [Processed Buffers: Min: 1, Avg: 1.1, Max: 2, Diff: 1, Sum: 9]
      [Scan RS (ms): Min: 0.0, Avg: 0.0, Max: 0.0, Diff: 0.0, Sum: 0.0]
      [Code Root Scanning (ms): Min: 0.0, Avg: 0.0, Max: 0.0, Diff: 0.0, Sum: 0.0]
      [Object Copy (ms): Min: 0.3, Avg: 0.5, Max: 1.3, Diff: 1.0, Sum: 4.1]
      [Termination (ms): Min: 0.0, Avg: 0.7, Max: 0.8, Diff: 0.8, Sum: 5.7]
         [Termination Attempts: Min: 1, Avg: 1.1, Max: 2, Diff: 1, Sum: 9]
      [GC Worker Other (ms): Min: 0.0, Avg: 0.0, Max: 0.0, Diff: 0.0, Sum: 0.1]
      [GC Worker Total (ms): Min: 1.4, Avg: 1.5, Max: 1.6, Diff: 0.2, Sum: 11.8]
      [GC Worker End (ms): Min: 4948.2, Avg: 4948.2, Max: 4948.2, Diff: 0.0]
   [Code Root Fixup: 0.0 ms]
   [Code Root Purge: 0.0 ms]
   [Clear CT: 0.2 ms]
   [Other: 0.8 ms]
      [Choose CSet: 0.0 ms]
      [Ref Proc: 0.2 ms]
      [Ref Enq: 0.0 ms]
      [Redirty Cards: 0.2 ms]
      [Humongous Register: 0.1 ms]
      [Humongous Reclaim: 0.0 ms]
      [Free CSet: 0.0 ms]
   [Eden: 1024.0K(263.0M)->0.0B(280.0M) Survivors: 7168.0K->6144.0K Heap: 504.0M(1024.0M)->502.2M(1024.0M)]
 [Times: user=0.01 sys=0.00, real=0.00 secs] 
2021-01-18T10:16:08.007-0800: 4.949: [GC concurrent-root-region-scan-start]
2021-01-18T10:16:08.007-0800: 4.949: [GC concurrent-root-region-scan-end, 0.0000942 secs]
2021-01-18T10:16:08.007-0800: 4.949: [GC concurrent-mark-start]
2021-01-18T10:16:08.009-0800: 4.951: [GC concurrent-mark-end, 0.0013843 secs]
2021-01-18T10:16:08.009-0800: 4.951: [GC remark 2021-01-18T10:16:08.009-0800: 4.951: [Finalize Marking, 0.0002574 secs] 2021-01-18T10:16:08.009-0800: 4.951: [GC ref-proc, 0.0000574 secs] 2021-01-18T10:16:08.009-0800: 4.951: [Unloading, 0.0005160 secs], 0.0018308 secs]
 [Times: user=0.01 sys=0.00, real=0.01 secs] 
2021-01-18T10:16:08.011-0800: 4.953: [GC cleanup 515M->513M(1024M), 0.0010227 secs]
 [Times: user=0.01 sys=0.00, real=0.00 secs] 
2021-01-18T10:16:08.012-0800: 4.954: [GC concurrent-cleanup-start]
2021-01-18T10:16:08.012-0800: 4.954: [GC concurrent-cleanup-end, 0.0000146 secs]
2021-01-18T10:16:08.052-0800: 4.994: [GC pause (G1 Evacuation Pause) (young) (to-space exhausted), 0.0130005 secs]
   [Parallel Time: 12.0 ms, GC Workers: 8]
      [GC Worker Start (ms): Min: 4994.5, Avg: 4994.6, Max: 4994.6, Diff: 0.1]
      [Ext Root Scanning (ms): Min: 0.1, Avg: 0.1, Max: 0.2, Diff: 0.1, Sum: 0.7]
      [Update RS (ms): Min: 4.2, Avg: 4.2, Max: 4.3, Diff: 0.1, Sum: 33.9]
         [Processed Buffers: Min: 64, Avg: 66.1, Max: 68, Diff: 4, Sum: 529]
      [Scan RS (ms): Min: 0.0, Avg: 0.0, Max: 0.0, Diff: 0.0, Sum: 0.2]
      [Code Root Scanning (ms): Min: 0.0, Avg: 0.0, Max: 0.0, Diff: 0.0, Sum: 0.0]
      [Object Copy (ms): Min: 7.2, Avg: 7.2, Max: 7.3, Diff: 0.1, Sum: 57.9]
      [Termination (ms): Min: 0.0, Avg: 0.1, Max: 0.3, Diff: 0.3, Sum: 1.0]
         [Termination Attempts: Min: 1, Avg: 1.0, Max: 1, Diff: 0, Sum: 8]
      [GC Worker Other (ms): Min: 0.0, Avg: 0.0, Max: 0.0, Diff: 0.0, Sum: 0.1]
      [GC Worker Total (ms): Min: 11.7, Avg: 11.7, Max: 11.8, Diff: 0.2, Sum: 93.8]
      [GC Worker End (ms): Min: 5006.2, Avg: 5006.3, Max: 5006.4, Diff: 0.1]
   [Code Root Fixup: 0.0 ms]
   [Code Root Purge: 0.0 ms]
   [Clear CT: 0.1 ms]
   [Other: 0.9 ms]
      [Evacuation Failure: 0.2 ms]
      [Choose CSet: 0.0 ms]
      [Ref Proc: 0.2 ms]
      [Ref Enq: 0.0 ms]
      [Redirty Cards: 0.1 ms]
      [Humongous Register: 0.1 ms]
      [Humongous Reclaim: 0.1 ms]
      [Free CSet: 0.1 ms]
   [Eden: 280.0M(280.0M)->0.0B(15.0M) Survivors: 6144.0K->36.0M Heap: 845.2M(1024.0M)->608.5M(1024.0M)]
 [Times: user=0.09 sys=0.01, real=0.01 secs] 
2021-01-18T10:16:08.068-0800: 5.010: [GC pause (G1 Evacuation Pause) (mixed), 0.0082428 secs]
   [Parallel Time: 7.3 ms, GC Workers: 8]
      [GC Worker Start (ms): Min: 5010.6, Avg: 5010.7, Max: 5010.8, Diff: 0.1]
      [Ext Root Scanning (ms): Min: 0.1, Avg: 0.1, Max: 0.2, Diff: 0.1, Sum: 1.1]
      [Update RS (ms): Min: 0.7, Avg: 0.7, Max: 0.8, Diff: 0.1, Sum: 5.7]
         [Processed Buffers: Min: 8, Avg: 9.5, Max: 12, Diff: 4, Sum: 76]
      [Scan RS (ms): Min: 0.0, Avg: 0.1, Max: 0.1, Diff: 0.1, Sum: 0.4]
      [Code Root Scanning (ms): Min: 0.0, Avg: 0.0, Max: 0.0, Diff: 0.0, Sum: 0.0]
      [Object Copy (ms): Min: 6.1, Avg: 6.1, Max: 6.2, Diff: 0.1, Sum: 48.8]
      [Termination (ms): Min: 0.0, Avg: 0.1, Max: 0.2, Diff: 0.2, Sum: 0.9]
         [Termination Attempts: Min: 1, Avg: 1.0, Max: 1, Diff: 0, Sum: 8]
      [GC Worker Other (ms): Min: 0.0, Avg: 0.0, Max: 0.0, Diff: 0.0, Sum: 0.1]
      [GC Worker Total (ms): Min: 7.1, Avg: 7.1, Max: 7.2, Diff: 0.1, Sum: 57.0]
      [GC Worker End (ms): Min: 5017.8, Avg: 5017.8, Max: 5017.9, Diff: 0.1]
   [Code Root Fixup: 0.0 ms]
   [Code Root Purge: 0.0 ms]
   [Clear CT: 0.2 ms]
   [Other: 0.8 ms]
      [Choose CSet: 0.0 ms]
      [Ref Proc: 0.2 ms]
      [Ref Enq: 0.0 ms]
      [Redirty Cards: 0.2 ms]
      [Humongous Register: 0.1 ms]
      [Humongous Reclaim: 0.0 ms]
      [Free CSet: 0.1 ms]
   [Eden: 15.0M(15.0M)->0.0B(46.0M) Survivors: 36.0M->5120.0K Heap: 630.9M(1024.0M)->540.2M(1024.0M)]
 [Times: user=0.06 sys=0.00, real=0.01 secs] 
2021-01-18T10:16:08.086-0800: 5.028: [GC pause (G1 Evacuation Pause) (mixed), 0.0058486 secs]
   [Parallel Time: 5.0 ms, GC Workers: 8]
      [GC Worker Start (ms): Min: 5028.1, Avg: 5028.2, Max: 5028.3, Diff: 0.1]
      [Ext Root Scanning (ms): Min: 0.1, Avg: 0.2, Max: 0.9, Diff: 0.8, Sum: 1.7]
      [Update RS (ms): Min: 1.1, Avg: 1.7, Max: 1.8, Diff: 0.7, Sum: 13.5]
         [Processed Buffers: Min: 12, Avg: 18.2, Max: 21, Diff: 9, Sum: 146]
      [Scan RS (ms): Min: 0.0, Avg: 0.1, Max: 0.2, Diff: 0.1, Sum: 0.5]
      [Code Root Scanning (ms): Min: 0.0, Avg: 0.0, Max: 0.0, Diff: 0.0, Sum: 0.0]
      [Object Copy (ms): Min: 2.8, Avg: 2.9, Max: 2.9, Diff: 0.1, Sum: 23.0]
      [Termination (ms): Min: 0.0, Avg: 0.0, Max: 0.1, Diff: 0.1, Sum: 0.3]
         [Termination Attempts: Min: 1, Avg: 1.0, Max: 1, Diff: 0, Sum: 8]
      [GC Worker Other (ms): Min: 0.0, Avg: 0.0, Max: 0.0, Diff: 0.0, Sum: 0.1]
      [GC Worker Total (ms): Min: 4.8, Avg: 4.9, Max: 5.0, Diff: 0.2, Sum: 39.1]
      [GC Worker End (ms): Min: 5033.1, Avg: 5033.1, Max: 5033.1, Diff: 0.0]
   [Code Root Fixup: 0.0 ms]
   [Code Root Purge: 0.0 ms]
   [Clear CT: 0.1 ms]
   [Other: 0.7 ms]
      [Choose CSet: 0.0 ms]
      [Ref Proc: 0.2 ms]
      [Ref Enq: 0.0 ms]
      [Redirty Cards: 0.1 ms]
      [Humongous Register: 0.1 ms]
      [Humongous Reclaim: 0.0 ms]
      [Free CSet: 0.1 ms]
   [Eden: 46.0M(46.0M)->0.0B(244.0M) Survivors: 5120.0K->7168.0K Heap: 603.3M(1024.0M)->539.1M(1024.0M)]
 [Times: user=0.03 sys=0.00, real=0.01 secs] 
2021-01-18T10:16:08.092-0800: 5.034: [GC pause (G1 Humongous Allocation) (young) (initial-mark), 0.0017766 secs]
   [Parallel Time: 1.0 ms, GC Workers: 8]
      [GC Worker Start (ms): Min: 5034.2, Avg: 5034.3, Max: 5034.3, Diff: 0.1]
      [Ext Root Scanning (ms): Min: 0.1, Avg: 0.1, Max: 0.2, Diff: 0.1, Sum: 1.0]
      [Update RS (ms): Min: 0.1, Avg: 0.1, Max: 0.3, Diff: 0.2, Sum: 1.2]
         [Processed Buffers: Min: 1, Avg: 1.1, Max: 2, Diff: 1, Sum: 9]
      [Scan RS (ms): Min: 0.0, Avg: 0.0, Max: 0.0, Diff: 0.0, Sum: 0.0]
      [Code Root Scanning (ms): Min: 0.0, Avg: 0.0, Max: 0.0, Diff: 0.0, Sum: 0.0]
      [Object Copy (ms): Min: 0.3, Avg: 0.4, Max: 0.6, Diff: 0.3, Sum: 3.6]
      [Termination (ms): Min: 0.0, Avg: 0.1, Max: 0.1, Diff: 0.1, Sum: 0.7]
         [Termination Attempts: Min: 1, Avg: 1.0, Max: 1, Diff: 0, Sum: 8]
      [GC Worker Other (ms): Min: 0.0, Avg: 0.0, Max: 0.0, Diff: 0.0, Sum: 0.1]
      [GC Worker Total (ms): Min: 0.8, Avg: 0.8, Max: 0.9, Diff: 0.1, Sum: 6.6]
      [GC Worker End (ms): Min: 5035.1, Avg: 5035.1, Max: 5035.1, Diff: 0.1]
   [Code Root Fixup: 0.0 ms]
   [Code Root Purge: 0.0 ms]
   [Clear CT: 0.2 ms]
   [Other: 0.6 ms]
      [Choose CSet: 0.0 ms]
      [Ref Proc: 0.2 ms]
      [Ref Enq: 0.0 ms]
      [Redirty Cards: 0.2 ms]
      [Humongous Register: 0.1 ms]
      [Humongous Reclaim: 0.0 ms]
      [Free CSet: 0.0 ms]
   [Eden: 1024.0K(244.0M)->0.0B(255.0M) Survivors: 7168.0K->7168.0K Heap: 539.9M(1024.0M)->539.1M(1024.0M)]
 [Times: user=0.01 sys=0.00, real=0.00 secs] 
2021-01-18T10:16:08.094-0800: 5.036: [GC concurrent-root-region-scan-start]
2021-01-18T10:16:08.094-0800: 5.036: [GC concurrent-root-region-scan-end, 0.0000838 secs]
2021-01-18T10:16:08.094-0800: 5.036: [GC concurrent-mark-start]
2021-01-18T10:16:08.095-0800: 5.037: [GC concurrent-mark-end, 0.0013112 secs]
2021-01-18T10:16:08.095-0800: 5.037: [GC remark 2021-01-18T10:16:08.095-0800: 5.037: [Finalize Marking, 0.0004350 secs] 2021-01-18T10:16:08.096-0800: 5.038: [GC ref-proc, 0.0000545 secs] 2021-01-18T10:16:08.096-0800: 5.038: [Unloading, 0.0005181 secs], 0.0021258 secs]
 [Times: user=0.01 sys=0.00, real=0.00 secs] 
2021-01-18T10:16:08.098-0800: 5.040: [GC cleanup 548M->544M(1024M), 0.0009559 secs]
 [Times: user=0.00 sys=0.00, real=0.00 secs] 
2021-01-18T10:16:08.099-0800: 5.041: [GC concurrent-cleanup-start]
2021-01-18T10:16:08.099-0800: 5.041: [GC concurrent-cleanup-end, 0.0000124 secs]
2021-01-18T10:16:08.139-0800: 5.081: [GC pause (G1 Evacuation Pause) (young) (to-space exhausted), 0.0125782 secs]
   [Parallel Time: 11.0 ms, GC Workers: 8]
      [GC Worker Start (ms): Min: 5081.2, Avg: 5081.3, Max: 5081.3, Diff: 0.1]
      [Ext Root Scanning (ms): Min: 0.0, Avg: 0.1, Max: 0.2, Diff: 0.1, Sum: 0.7]
      [Update RS (ms): Min: 4.8, Avg: 4.9, Max: 5.3, Diff: 0.5, Sum: 39.2]
         [Processed Buffers: Min: 59, Avg: 67.6, Max: 75, Diff: 16, Sum: 541]
      [Scan RS (ms): Min: 0.0, Avg: 0.0, Max: 0.0, Diff: 0.0, Sum: 0.2]
      [Code Root Scanning (ms): Min: 0.0, Avg: 0.0, Max: 0.0, Diff: 0.0, Sum: 0.0]
      [Object Copy (ms): Min: 5.2, Avg: 5.6, Max: 5.8, Diff: 0.5, Sum: 45.1]
      [Termination (ms): Min: 0.0, Avg: 0.2, Max: 0.2, Diff: 0.2, Sum: 1.2]
         [Termination Attempts: Min: 1, Avg: 1.0, Max: 1, Diff: 0, Sum: 8]
      [GC Worker Other (ms): Min: 0.0, Avg: 0.0, Max: 0.0, Diff: 0.0, Sum: 0.1]
      [GC Worker Total (ms): Min: 10.7, Avg: 10.8, Max: 10.9, Diff: 0.2, Sum: 86.6]
      [GC Worker End (ms): Min: 5092.0, Avg: 5092.1, Max: 5092.2, Diff: 0.1]
   [Code Root Fixup: 0.0 ms]
   [Code Root Purge: 0.0 ms]
   [Clear CT: 0.1 ms]
   [Other: 1.4 ms]
      [Evacuation Failure: 0.3 ms]
      [Choose CSet: 0.0 ms]
      [Ref Proc: 0.6 ms]
      [Ref Enq: 0.0 ms]
      [Redirty Cards: 0.1 ms]
      [Humongous Register: 0.1 ms]
      [Humongous Reclaim: 0.1 ms]
      [Free CSet: 0.1 ms]
   [Eden: 255.0M(255.0M)->0.0B(18.0M) Survivors: 7168.0K->33.0M Heap: 856.9M(1024.0M)->664.3M(1024.0M)]
 [Times: user=0.08 sys=0.00, real=0.02 secs] 
2021-01-18T10:16:08.155-0800: 5.097: [GC pause (G1 Evacuation Pause) (mixed), 0.0080568 secs]
   [Parallel Time: 6.4 ms, GC Workers: 8]
      [GC Worker Start (ms): Min: 5096.9, Avg: 5097.3, Max: 5098.2, Diff: 1.3]
      [Ext Root Scanning (ms): Min: 0.0, Avg: 0.1, Max: 0.2, Diff: 0.2, Sum: 0.8]
      [Update RS (ms): Min: 0.0, Avg: 0.4, Max: 0.6, Diff: 0.6, Sum: 3.2]
         [Processed Buffers: Min: 0, Avg: 6.8, Max: 14, Diff: 14, Sum: 54]
      [Scan RS (ms): Min: 0.0, Avg: 0.0, Max: 0.1, Diff: 0.1, Sum: 0.4]
      [Code Root Scanning (ms): Min: 0.0, Avg: 0.0, Max: 0.0, Diff: 0.0, Sum: 0.0]
      [Object Copy (ms): Min: 4.9, Avg: 5.2, Max: 5.4, Diff: 0.5, Sum: 41.9]
      [Termination (ms): Min: 0.0, Avg: 0.0, Max: 0.1, Diff: 0.1, Sum: 0.4]
         [Termination Attempts: Min: 1, Avg: 1.0, Max: 1, Diff: 0, Sum: 8]
      [GC Worker Other (ms): Min: 0.0, Avg: 0.0, Max: 0.0, Diff: 0.0, Sum: 0.1]
      [GC Worker Total (ms): Min: 5.0, Avg: 5.8, Max: 6.3, Diff: 1.3, Sum: 46.7]
      [GC Worker End (ms): Min: 5103.2, Avg: 5103.2, Max: 5103.2, Diff: 0.0]
   [Code Root Fixup: 0.0 ms]
   [Code Root Purge: 0.0 ms]
   [Clear CT: 0.1 ms]
   [Other: 1.5 ms]
      [Choose CSet: 0.0 ms]
      [Ref Proc: 1.0 ms]
      [Ref Enq: 0.0 ms]
      [Redirty Cards: 0.2 ms]
      [Humongous Register: 0.1 ms]
      [Humongous Reclaim: 0.0 ms]
      [Free CSet: 0.1 ms]
   [Eden: 18.0M(18.0M)->0.0B(45.0M) Survivors: 33.0M->6144.0K Heap: 687.3M(1024.0M)->588.9M(1024.0M)]
 [Times: user=0.05 sys=0.00, real=0.01 secs] 
2021-01-18T10:16:08.171-0800: 5.113: [GC pause (G1 Evacuation Pause) (mixed), 0.0081429 secs]
   [Parallel Time: 6.4 ms, GC Workers: 8]
      [GC Worker Start (ms): Min: 5113.5, Avg: 5114.1, Max: 5114.7, Diff: 1.3]
      [Ext Root Scanning (ms): Min: 0.0, Avg: 0.1, Max: 0.2, Diff: 0.2, Sum: 0.7]
      [Update RS (ms): Min: 0.3, Avg: 0.9, Max: 1.4, Diff: 1.1, Sum: 7.0]
         [Processed Buffers: Min: 4, Avg: 11.9, Max: 20, Diff: 16, Sum: 95]
      [Scan RS (ms): Min: 0.0, Avg: 0.0, Max: 0.1, Diff: 0.1, Sum: 0.4]
      [Code Root Scanning (ms): Min: 0.0, Avg: 0.0, Max: 0.0, Diff: 0.0, Sum: 0.0]
      [Object Copy (ms): Min: 4.1, Avg: 4.2, Max: 4.4, Diff: 0.3, Sum: 33.5]
      [Termination (ms): Min: 0.0, Avg: 0.3, Max: 0.6, Diff: 0.6, Sum: 2.7]
         [Termination Attempts: Min: 1, Avg: 1.0, Max: 1, Diff: 0, Sum: 8]
      [GC Worker Other (ms): Min: 0.0, Avg: 0.0, Max: 0.2, Diff: 0.2, Sum: 0.3]
      [GC Worker Total (ms): Min: 4.9, Avg: 5.6, Max: 6.3, Diff: 1.4, Sum: 44.5]
      [GC Worker End (ms): Min: 5119.5, Avg: 5119.7, Max: 5119.8, Diff: 0.3]
   [Code Root Fixup: 0.0 ms]
   [Code Root Purge: 0.0 ms]
   [Clear CT: 0.2 ms]
   [Other: 1.6 ms]
      [Choose CSet: 0.0 ms]
      [Ref Proc: 1.0 ms]
      [Ref Enq: 0.0 ms]
      [Redirty Cards: 0.1 ms]
      [Humongous Register: 0.1 ms]
      [Humongous Reclaim: 0.0 ms]
      [Free CSet: 0.1 ms]
   [Eden: 45.0M(45.0M)->0.0B(239.0M) Survivors: 6144.0K->7168.0K Heap: 644.5M(1024.0M)->555.8M(1024.0M)]
 [Times: user=0.05 sys=0.00, real=0.00 secs] 
2021-01-18T10:16:08.180-0800: 5.122: [GC pause (G1 Humongous Allocation) (young) (initial-mark), 0.0025809 secs]
   [Parallel Time: 1.0 ms, GC Workers: 8]
      [GC Worker Start (ms): Min: 5122.2, Avg: 5122.2, Max: 5122.3, Diff: 0.1]
      [Ext Root Scanning (ms): Min: 0.1, Avg: 0.1, Max: 0.2, Diff: 0.1, Sum: 1.0]
      [Update RS (ms): Min: 0.0, Avg: 0.1, Max: 0.4, Diff: 0.3, Sum: 1.0]
         [Processed Buffers: Min: 1, Avg: 1.1, Max: 2, Diff: 1, Sum: 9]
      [Scan RS (ms): Min: 0.0, Avg: 0.0, Max: 0.0, Diff: 0.0, Sum: 0.0]
      [Code Root Scanning (ms): Min: 0.0, Avg: 0.0, Max: 0.0, Diff: 0.0, Sum: 0.0]
      [Object Copy (ms): Min: 0.3, Avg: 0.5, Max: 0.6, Diff: 0.3, Sum: 4.2]
      [Termination (ms): Min: 0.0, Avg: 0.0, Max: 0.1, Diff: 0.1, Sum: 0.4]
         [Termination Attempts: Min: 1, Avg: 1.1, Max: 2, Diff: 1, Sum: 9]
      [GC Worker Other (ms): Min: 0.0, Avg: 0.0, Max: 0.0, Diff: 0.0, Sum: 0.1]
      [GC Worker Total (ms): Min: 0.8, Avg: 0.8, Max: 1.0, Diff: 0.2, Sum: 6.7]
      [GC Worker End (ms): Min: 5123.1, Avg: 5123.1, Max: 5123.1, Diff: 0.1]
   [Code Root Fixup: 0.0 ms]
   [Code Root Purge: 0.0 ms]
   [Clear CT: 0.2 ms]
   [Other: 1.4 ms]
      [Choose CSet: 0.0 ms]
      [Ref Proc: 1.0 ms]
      [Ref Enq: 0.0 ms]
      [Redirty Cards: 0.1 ms]
      [Humongous Register: 0.1 ms]
      [Humongous Reclaim: 0.0 ms]
      [Free CSet: 0.1 ms]
   [Eden: 3072.0K(239.0M)->0.0B(209.0M) Survivors: 7168.0K->8192.0K Heap: 558.4M(1024.0M)->555.8M(1024.0M)]
 [Times: user=0.01 sys=0.00, real=0.00 secs] 
2021-01-18T10:16:08.183-0800: 5.125: [GC concurrent-root-region-scan-start]
2021-01-18T10:16:08.183-0800: 5.125: [GC concurrent-root-region-scan-end, 0.0000840 secs]
2021-01-18T10:16:08.183-0800: 5.125: [GC concurrent-mark-start]
2021-01-18T10:16:08.184-0800: 5.126: [GC concurrent-mark-end, 0.0013702 secs]
2021-01-18T10:16:08.184-0800: 5.126: [GC remark 2021-01-18T10:16:08.184-0800: 5.126: [Finalize Marking, 0.0008854 secs] 2021-01-18T10:16:08.185-0800: 5.127: [GC ref-proc, 0.0000566 secs] 2021-01-18T10:16:08.185-0800: 5.127: [Unloading, 0.0005910 secs], 0.0026211 secs]
 [Times: user=0.01 sys=0.00, real=0.00 secs] 
2021-01-18T10:16:08.187-0800: 5.129: [GC cleanup 567M->562M(1024M), 0.0010618 secs]
 [Times: user=0.00 sys=0.00, real=0.00 secs] 
2021-01-18T10:16:08.188-0800: 5.130: [GC concurrent-cleanup-start]
2021-01-18T10:16:08.188-0800: 5.130: [GC concurrent-cleanup-end, 0.0000120 secs]
2021-01-18T10:16:08.218-0800: 5.161: [GC pause (G1 Evacuation Pause) (young), 0.0112882 secs]
   [Parallel Time: 9.6 ms, GC Workers: 8]
      [GC Worker Start (ms): Min: 5160.7, Avg: 5160.7, Max: 5160.8, Diff: 0.1]
      [Ext Root Scanning (ms): Min: 0.1, Avg: 0.1, Max: 0.2, Diff: 0.1, Sum: 0.8]
      [Update RS (ms): Min: 3.4, Avg: 3.4, Max: 3.5, Diff: 0.0, Sum: 27.6]
         [Processed Buffers: Min: 52, Avg: 53.4, Max: 55, Diff: 3, Sum: 427]
      [Scan RS (ms): Min: 0.0, Avg: 0.0, Max: 0.0, Diff: 0.0, Sum: 0.2]
      [Code Root Scanning (ms): Min: 0.0, Avg: 0.0, Max: 0.0, Diff: 0.0, Sum: 0.0]
      [Object Copy (ms): Min: 5.7, Avg: 5.8, Max: 5.8, Diff: 0.1, Sum: 46.0]
      [Termination (ms): Min: 0.0, Avg: 0.0, Max: 0.1, Diff: 0.1, Sum: 0.4]
         [Termination Attempts: Min: 1, Avg: 1.0, Max: 1, Diff: 0, Sum: 8]
      [GC Worker Other (ms): Min: 0.0, Avg: 0.0, Max: 0.0, Diff: 0.0, Sum: 0.1]
      [GC Worker Total (ms): Min: 9.3, Avg: 9.4, Max: 9.4, Diff: 0.1, Sum: 75.0]
      [GC Worker End (ms): Min: 5170.1, Avg: 5170.1, Max: 5170.2, Diff: 0.0]
   [Code Root Fixup: 0.0 ms]
   [Code Root Purge: 0.0 ms]
   [Clear CT: 0.2 ms]
   [Other: 1.6 ms]
      [Choose CSet: 0.0 ms]
      [Ref Proc: 0.9 ms]
      [Ref Enq: 0.0 ms]
      [Redirty Cards: 0.3 ms]
      [Humongous Register: 0.1 ms]
      [Humongous Reclaim: 0.1 ms]
      [Free CSet: 0.1 ms]
   [Eden: 209.0M(209.0M)->0.0B(23.0M) Survivors: 8192.0K->28.0M Heap: 812.1M(1024.0M)->609.4M(1024.0M)]
 [Times: user=0.07 sys=0.00, real=0.02 secs] 
2021-01-18T10:16:08.234-0800: 5.176: [GC pause (G1 Evacuation Pause) (mixed), 0.0068899 secs]
   [Parallel Time: 6.0 ms, GC Workers: 8]
      [GC Worker Start (ms): Min: 5176.4, Avg: 5176.5, Max: 5176.6, Diff: 0.2]
      [Ext Root Scanning (ms): Min: 0.0, Avg: 0.1, Max: 0.2, Diff: 0.2, Sum: 0.9]
      [Update RS (ms): Min: 0.9, Avg: 0.9, Max: 1.0, Diff: 0.1, Sum: 7.4]
         [Processed Buffers: Min: 11, Avg: 11.4, Max: 12, Diff: 1, Sum: 91]
      [Scan RS (ms): Min: 0.0, Avg: 0.0, Max: 0.1, Diff: 0.1, Sum: 0.3]
      [Code Root Scanning (ms): Min: 0.0, Avg: 0.0, Max: 0.0, Diff: 0.0, Sum: 0.0]
      [Object Copy (ms): Min: 4.6, Avg: 4.6, Max: 4.6, Diff: 0.0, Sum: 36.9]
      [Termination (ms): Min: 0.0, Avg: 0.0, Max: 0.1, Diff: 0.1, Sum: 0.3]
         [Termination Attempts: Min: 1, Avg: 1.0, Max: 1, Diff: 0, Sum: 8]
      [GC Worker Other (ms): Min: 0.0, Avg: 0.0, Max: 0.0, Diff: 0.0, Sum: 0.1]
      [GC Worker Total (ms): Min: 5.7, Avg: 5.7, Max: 5.8, Diff: 0.2, Sum: 45.9]
      [GC Worker End (ms): Min: 5182.3, Avg: 5182.3, Max: 5182.3, Diff: 0.0]
   [Code Root Fixup: 0.0 ms]
   [Code Root Purge: 0.0 ms]
   [Clear CT: 0.1 ms]
   [Other: 0.8 ms]
      [Choose CSet: 0.0 ms]
      [Ref Proc: 0.2 ms]
      [Ref Enq: 0.0 ms]
      [Redirty Cards: 0.2 ms]
      [Humongous Register: 0.1 ms]
      [Humongous Reclaim: 0.0 ms]
      [Free CSet: 0.1 ms]
   [Eden: 23.0M(23.0M)->0.0B(44.0M) Survivors: 28.0M->7168.0K Heap: 642.7M(1024.0M)->533.4M(1024.0M)]
 [Times: user=0.05 sys=0.00, real=0.01 secs] 
2021-01-18T10:16:08.250-0800: 5.192: [GC pause (G1 Evacuation Pause) (mixed), 0.0078007 secs]
   [Parallel Time: 6.8 ms, GC Workers: 8]
      [GC Worker Start (ms): Min: 5192.0, Avg: 5192.0, Max: 5192.1, Diff: 0.1]
      [Ext Root Scanning (ms): Min: 0.1, Avg: 0.1, Max: 0.2, Diff: 0.1, Sum: 1.0]
      [Update RS (ms): Min: 1.2, Avg: 1.3, Max: 1.3, Diff: 0.1, Sum: 10.4]
         [Processed Buffers: Min: 15, Avg: 15.2, Max: 16, Diff: 1, Sum: 122]
      [Scan RS (ms): Min: 0.0, Avg: 0.1, Max: 0.1, Diff: 0.1, Sum: 0.5]
      [Code Root Scanning (ms): Min: 0.0, Avg: 0.0, Max: 0.0, Diff: 0.0, Sum: 0.0]
      [Object Copy (ms): Min: 5.0, Avg: 5.0, Max: 5.1, Diff: 0.2, Sum: 40.0]
      [Termination (ms): Min: 0.0, Avg: 0.1, Max: 0.1, Diff: 0.1, Sum: 0.9]
         [Termination Attempts: Min: 1, Avg: 1.0, Max: 1, Diff: 0, Sum: 8]
      [GC Worker Other (ms): Min: 0.0, Avg: 0.0, Max: 0.0, Diff: 0.0, Sum: 0.1]
      [GC Worker Total (ms): Min: 6.6, Avg: 6.6, Max: 6.7, Diff: 0.1, Sum: 52.9]
      [GC Worker End (ms): Min: 5198.6, Avg: 5198.7, Max: 5198.7, Diff: 0.1]
   [Code Root Fixup: 0.0 ms]
   [Code Root Purge: 0.0 ms]
   [Clear CT: 0.2 ms]
   [Other: 0.9 ms]
      [Choose CSet: 0.0 ms]
      [Ref Proc: 0.3 ms]
      [Ref Enq: 0.0 ms]
      [Redirty Cards: 0.1 ms]
      [Humongous Register: 0.1 ms]
      [Humongous Reclaim: 0.1 ms]
      [Free CSet: 0.1 ms]
   [Eden: 44.0M(44.0M)->0.0B(258.0M) Survivors: 7168.0K->7168.0K Heap: 591.4M(1024.0M)->490.1M(1024.0M)]
 [Times: user=0.05 sys=0.00, real=0.00 secs] 
2021-01-18T10:16:08.258-0800: 5.200: [GC pause (G1 Humongous Allocation) (young) (initial-mark), 0.0018267 secs]
   [Parallel Time: 1.0 ms, GC Workers: 8]
      [GC Worker Start (ms): Min: 5200.2, Avg: 5200.3, Max: 5200.4, Diff: 0.2]
      [Ext Root Scanning (ms): Min: 0.1, Avg: 0.1, Max: 0.2, Diff: 0.2, Sum: 1.1]
      [Update RS (ms): Min: 0.1, Avg: 0.1, Max: 0.2, Diff: 0.1, Sum: 0.9]
         [Processed Buffers: Min: 1, Avg: 1.1, Max: 2, Diff: 1, Sum: 9]
      [Scan RS (ms): Min: 0.0, Avg: 0.0, Max: 0.0, Diff: 0.0, Sum: 0.0]
      [Code Root Scanning (ms): Min: 0.0, Avg: 0.0, Max: 0.0, Diff: 0.0, Sum: 0.0]
      [Object Copy (ms): Min: 0.5, Avg: 0.5, Max: 0.6, Diff: 0.1, Sum: 4.3]
      [Termination (ms): Min: 0.0, Avg: 0.0, Max: 0.1, Diff: 0.1, Sum: 0.4]
         [Termination Attempts: Min: 1, Avg: 1.0, Max: 1, Diff: 0, Sum: 8]
      [GC Worker Other (ms): Min: 0.0, Avg: 0.0, Max: 0.0, Diff: 0.0, Sum: 0.1]
      [GC Worker Total (ms): Min: 0.8, Avg: 0.8, Max: 1.0, Diff: 0.2, Sum: 6.8]
      [GC Worker End (ms): Min: 5201.1, Avg: 5201.1, Max: 5201.2, Diff: 0.0]
   [Code Root Fixup: 0.0 ms]
   [Code Root Purge: 0.0 ms]
   [Clear CT: 0.1 ms]
   [Other: 0.7 ms]
      [Choose CSet: 0.0 ms]
      [Ref Proc: 0.2 ms]
      [Ref Enq: 0.0 ms]
      [Redirty Cards: 0.2 ms]
      [Humongous Register: 0.1 ms]
      [Humongous Reclaim: 0.0 ms]
      [Free CSet: 0.0 ms]
   [Eden: 2048.0K(258.0M)->0.0B(264.0M) Survivors: 7168.0K->8192.0K Heap: 491.9M(1024.0M)->489.8M(1024.0M)]
 [Times: user=0.01 sys=0.00, real=0.01 secs] 
2021-01-18T10:16:08.260-0800: 5.202: [GC concurrent-root-region-scan-start]
2021-01-18T10:16:08.260-0800: 5.202: [GC concurrent-root-region-scan-end, 0.0000898 secs]
2021-01-18T10:16:08.260-0800: 5.202: [GC concurrent-mark-start]
2021-01-18T10:16:08.261-0800: 5.204: [GC concurrent-mark-end, 0.0014100 secs]
2021-01-18T10:16:08.262-0800: 5.204: [GC remark 2021-01-18T10:16:08.262-0800: 5.204: [Finalize Marking, 0.0003174 secs] 2021-01-18T10:16:08.262-0800: 5.204: [GC ref-proc, 0.0000573 secs] 2021-01-18T10:16:08.262-0800: 5.204: [Unloading, 0.0005472 secs], 0.0020284 secs]
 [Times: user=0.01 sys=0.01, real=0.00 secs] 
2021-01-18T10:16:08.264-0800: 5.206: [GC cleanup 501M->498M(1024M), 0.0009784 secs]
 [Times: user=0.00 sys=0.00, real=0.00 secs] 
2021-01-18T10:16:08.265-0800: 5.207: [GC concurrent-cleanup-start]
2021-01-18T10:16:08.265-0800: 5.207: [GC concurrent-cleanup-end, 0.0000115 secs]
2021-01-18T10:16:08.305-0800: 5.247: [GC pause (G1 Evacuation Pause) (young), 0.0125426 secs]
   [Parallel Time: 11.7 ms, GC Workers: 8]
      [GC Worker Start (ms): Min: 5247.6, Avg: 5247.6, Max: 5247.7, Diff: 0.1]
      [Ext Root Scanning (ms): Min: 0.1, Avg: 0.1, Max: 0.2, Diff: 0.1, Sum: 0.7]
      [Update RS (ms): Min: 4.5, Avg: 4.5, Max: 4.5, Diff: 0.1, Sum: 35.9]
         [Processed Buffers: Min: 19, Avg: 65.1, Max: 89, Diff: 70, Sum: 521]
      [Scan RS (ms): Min: 0.0, Avg: 0.0, Max: 0.0, Diff: 0.0, Sum: 0.2]
      [Code Root Scanning (ms): Min: 0.0, Avg: 0.0, Max: 0.0, Diff: 0.0, Sum: 0.0]
      [Object Copy (ms): Min: 6.8, Avg: 6.8, Max: 6.9, Diff: 0.1, Sum: 54.5]
      [Termination (ms): Min: 0.0, Avg: 0.1, Max: 0.1, Diff: 0.1, Sum: 0.5]
         [Termination Attempts: Min: 1, Avg: 1.0, Max: 1, Diff: 0, Sum: 8]
      [GC Worker Other (ms): Min: 0.0, Avg: 0.0, Max: 0.0, Diff: 0.0, Sum: 0.1]
      [GC Worker Total (ms): Min: 11.4, Avg: 11.5, Max: 11.5, Diff: 0.1, Sum: 91.9]
      [GC Worker End (ms): Min: 5259.1, Avg: 5259.1, Max: 5259.1, Diff: 0.0]
   [Code Root Fixup: 0.0 ms]
   [Code Root Purge: 0.0 ms]
   [Clear CT: 0.2 ms]
   [Other: 0.6 ms]
      [Choose CSet: 0.0 ms]
      [Ref Proc: 0.1 ms]
      [Ref Enq: 0.0 ms]
      [Redirty Cards: 0.1 ms]
      [Humongous Register: 0.1 ms]
      [Humongous Reclaim: 0.1 ms]
      [Free CSet: 0.1 ms]
   [Eden: 264.0M(264.0M)->0.0B(17.0M) Survivors: 8192.0K->34.0M Heap: 814.7M(1024.0M)->562.0M(1024.0M)]
 [Times: user=0.08 sys=0.00, real=0.01 secs] 
2021-01-18T10:16:08.321-0800: 5.263: [GC pause (G1 Evacuation Pause) (mixed), 0.0092451 secs]
   [Parallel Time: 8.1 ms, GC Workers: 8]
      [GC Worker Start (ms): Min: 5263.4, Avg: 5263.5, Max: 5263.6, Diff: 0.2]
      [Ext Root Scanning (ms): Min: 0.0, Avg: 0.1, Max: 0.2, Diff: 0.2, Sum: 0.8]
      [Update RS (ms): Min: 0.5, Avg: 0.6, Max: 0.6, Diff: 0.1, Sum: 4.6]
         [Processed Buffers: Min: 7, Avg: 7.1, Max: 8, Diff: 1, Sum: 57]
      [Scan RS (ms): Min: 0.0, Avg: 0.1, Max: 0.1, Diff: 0.1, Sum: 0.5]
      [Code Root Scanning (ms): Min: 0.0, Avg: 0.0, Max: 0.0, Diff: 0.0, Sum: 0.0]
      [Object Copy (ms): Min: 6.8, Avg: 6.9, Max: 7.0, Diff: 0.2, Sum: 54.8]
      [Termination (ms): Min: 0.0, Avg: 0.2, Max: 0.3, Diff: 0.3, Sum: 1.8]
         [Termination Attempts: Min: 1, Avg: 1.2, Max: 2, Diff: 1, Sum: 10]
      [GC Worker Other (ms): Min: 0.0, Avg: 0.0, Max: 0.0, Diff: 0.0, Sum: 0.1]
      [GC Worker Total (ms): Min: 7.7, Avg: 7.8, Max: 8.0, Diff: 0.2, Sum: 62.7]
      [GC Worker End (ms): Min: 5271.3, Avg: 5271.4, Max: 5271.4, Diff: 0.1]
   [Code Root Fixup: 0.0 ms]
   [Code Root Purge: 0.0 ms]
   [Clear CT: 0.3 ms]
   [Other: 0.9 ms]
      [Choose CSet: 0.0 ms]
      [Ref Proc: 0.3 ms]
      [Ref Enq: 0.0 ms]
      [Redirty Cards: 0.2 ms]
      [Humongous Register: 0.1 ms]
      [Humongous Reclaim: 0.0 ms]
      [Free CSet: 0.1 ms]
   [Eden: 17.0M(17.0M)->0.0B(44.0M) Survivors: 34.0M->7168.0K Heap: 584.9M(1024.0M)->500.9M(1024.0M)]
 [Times: user=0.05 sys=0.00, real=0.01 secs] 
2021-01-18T10:16:08.339-0800: 5.281: [GC pause (G1 Evacuation Pause) (mixed), 0.0044358 secs]
   [Parallel Time: 3.5 ms, GC Workers: 8]
      [GC Worker Start (ms): Min: 5281.2, Avg: 5281.3, Max: 5281.4, Diff: 0.2]
      [Ext Root Scanning (ms): Min: 0.1, Avg: 0.1, Max: 0.2, Diff: 0.2, Sum: 0.9]
      [Update RS (ms): Min: 0.9, Avg: 0.9, Max: 0.9, Diff: 0.0, Sum: 7.0]
         [Processed Buffers: Min: 9, Avg: 9.1, Max: 10, Diff: 1, Sum: 73]
      [Scan RS (ms): Min: 0.0, Avg: 0.0, Max: 0.1, Diff: 0.1, Sum: 0.2]
      [Code Root Scanning (ms): Min: 0.0, Avg: 0.0, Max: 0.0, Diff: 0.0, Sum: 0.0]
      [Object Copy (ms): Min: 2.2, Avg: 2.2, Max: 2.2, Diff: 0.0, Sum: 17.7]
      [Termination (ms): Min: 0.0, Avg: 0.0, Max: 0.1, Diff: 0.1, Sum: 0.2]
         [Termination Attempts: Min: 1, Avg: 1.0, Max: 1, Diff: 0, Sum: 8]
      [GC Worker Other (ms): Min: 0.0, Avg: 0.0, Max: 0.0, Diff: 0.0, Sum: 0.1]
      [GC Worker Total (ms): Min: 3.2, Avg: 3.3, Max: 3.3, Diff: 0.2, Sum: 26.2]
      [GC Worker End (ms): Min: 5284.6, Avg: 5284.6, Max: 5284.6, Diff: 0.0]
   [Code Root Fixup: 0.0 ms]
   [Code Root Purge: 0.0 ms]
   [Clear CT: 0.2 ms]
   [Other: 0.8 ms]
      [Choose CSet: 0.0 ms]
      [Ref Proc: 0.3 ms]
      [Ref Enq: 0.0 ms]
      [Redirty Cards: 0.2 ms]
      [Humongous Register: 0.1 ms]
      [Humongous Reclaim: 0.0 ms]
      [Free CSet: 0.0 ms]
   [Eden: 44.0M(44.0M)->0.0B(255.0M) Survivors: 7168.0K->7168.0K Heap: 552.8M(1024.0M)->509.4M(1024.0M)]
 [Times: user=0.03 sys=0.00, real=0.01 secs] 
2021-01-18T10:16:08.344-0800: 5.286: [GC pause (G1 Humongous Allocation) (young) (initial-mark), 0.0027413 secs]
   [Parallel Time: 1.0 ms, GC Workers: 8]
      [GC Worker Start (ms): Min: 5285.9, Avg: 5286.0, Max: 5286.1, Diff: 0.2]
      [Ext Root Scanning (ms): Min: 0.1, Avg: 0.1, Max: 0.2, Diff: 0.2, Sum: 1.1]
      [Update RS (ms): Min: 0.0, Avg: 0.1, Max: 0.1, Diff: 0.1, Sum: 0.7]
         [Processed Buffers: Min: 1, Avg: 1.1, Max: 2, Diff: 1, Sum: 9]
      [Scan RS (ms): Min: 0.0, Avg: 0.0, Max: 0.0, Diff: 0.0, Sum: 0.0]
      [Code Root Scanning (ms): Min: 0.0, Avg: 0.0, Max: 0.0, Diff: 0.0, Sum: 0.0]
      [Object Copy (ms): Min: 0.5, Avg: 0.5, Max: 0.6, Diff: 0.1, Sum: 4.3]
      [Termination (ms): Min: 0.0, Avg: 0.1, Max: 0.1, Diff: 0.1, Sum: 0.4]
         [Termination Attempts: Min: 1, Avg: 1.0, Max: 1, Diff: 0, Sum: 8]
      [GC Worker Other (ms): Min: 0.0, Avg: 0.0, Max: 0.0, Diff: 0.0, Sum: 0.1]
      [GC Worker Total (ms): Min: 0.8, Avg: 0.8, Max: 0.9, Diff: 0.2, Sum: 6.6]
      [GC Worker End (ms): Min: 5286.8, Avg: 5286.8, Max: 5286.9, Diff: 0.1]
   [Code Root Fixup: 0.0 ms]
   [Code Root Purge: 0.0 ms]
   [Clear CT: 0.1 ms]
   [Other: 1.6 ms]
      [Choose CSet: 0.0 ms]
      [Ref Proc: 1.0 ms]
      [Ref Enq: 0.0 ms]
      [Redirty Cards: 0.3 ms]
      [Humongous Register: 0.1 ms]
      [Humongous Reclaim: 0.0 ms]
      [Free CSet: 0.0 ms]
   [Eden: 1024.0K(255.0M)->0.0B(252.0M) Survivors: 7168.0K->7168.0K Heap: 510.2M(1024.0M)->509.4M(1024.0M)]
 [Times: user=0.01 sys=0.00, real=0.00 secs] 
2021-01-18T10:16:08.347-0800: 5.289: [GC concurrent-root-region-scan-start]
2021-01-18T10:16:08.347-0800: 5.289: [GC concurrent-root-region-scan-end, 0.0001093 secs]
2021-01-18T10:16:08.347-0800: 5.289: [GC concurrent-mark-start]
2021-01-18T10:16:08.348-0800: 5.290: [GC concurrent-mark-end, 0.0013413 secs]
2021-01-18T10:16:08.348-0800: 5.290: [GC remark 2021-01-18T10:16:08.348-0800: 5.290: [Finalize Marking, 0.0003761 secs] 2021-01-18T10:16:08.349-0800: 5.291: [GC ref-proc, 0.0000580 secs] 2021-01-18T10:16:08.349-0800: 5.291: [Unloading, 0.0005657 secs], 0.0020388 secs]
 [Times: user=0.01 sys=0.00, real=0.01 secs] 
2021-01-18T10:16:08.350-0800: 5.292: [GC cleanup 521M->520M(1024M), 0.0010545 secs]
 [Times: user=0.01 sys=0.00, real=0.00 secs] 
2021-01-18T10:16:08.351-0800: 5.294: [GC concurrent-cleanup-start]
2021-01-18T10:16:08.351-0800: 5.294: [GC concurrent-cleanup-end, 0.0000106 secs]
2021-01-18T10:16:08.391-0800: 5.334: [GC pause (G1 Evacuation Pause) (young), 0.0128771 secs]
   [Parallel Time: 12.0 ms, GC Workers: 8]
      [GC Worker Start (ms): Min: 5333.8, Avg: 5333.8, Max: 5333.9, Diff: 0.1]
      [Ext Root Scanning (ms): Min: 0.1, Avg: 0.1, Max: 0.2, Diff: 0.1, Sum: 0.7]
      [Update RS (ms): Min: 5.1, Avg: 5.2, Max: 5.2, Diff: 0.0, Sum: 41.4]
         [Processed Buffers: Min: 72, Avg: 80.6, Max: 84, Diff: 12, Sum: 645]
      [Scan RS (ms): Min: 0.0, Avg: 0.0, Max: 0.0, Diff: 0.0, Sum: 0.2]
      [Code Root Scanning (ms): Min: 0.0, Avg: 0.0, Max: 0.0, Diff: 0.0, Sum: 0.0]
      [Object Copy (ms): Min: 6.5, Avg: 6.5, Max: 6.5, Diff: 0.1, Sum: 52.0]
      [Termination (ms): Min: 0.0, Avg: 0.1, Max: 0.1, Diff: 0.1, Sum: 0.5]
         [Termination Attempts: Min: 1, Avg: 1.0, Max: 1, Diff: 0, Sum: 8]
      [GC Worker Other (ms): Min: 0.0, Avg: 0.0, Max: 0.0, Diff: 0.0, Sum: 0.1]
      [GC Worker Total (ms): Min: 11.8, Avg: 11.9, Max: 11.9, Diff: 0.1, Sum: 95.0]
      [GC Worker End (ms): Min: 5345.7, Avg: 5345.7, Max: 5345.7, Diff: 0.0]
   [Code Root Fixup: 0.0 ms]
   [Code Root Purge: 0.0 ms]
   [Clear CT: 0.2 ms]
   [Other: 0.7 ms]
      [Choose CSet: 0.0 ms]
      [Ref Proc: 0.2 ms]
      [Ref Enq: 0.0 ms]
      [Redirty Cards: 0.1 ms]
      [Humongous Register: 0.1 ms]
      [Humongous Reclaim: 0.1 ms]
      [Free CSet: 0.1 ms]
   [Eden: 252.0M(252.0M)->0.0B(18.0M) Survivors: 7168.0K->33.0M Heap: 840.0M(1024.0M)->587.0M(1024.0M)]
 [Times: user=0.09 sys=0.00, real=0.01 secs] 
2021-01-18T10:16:08.408-0800: 5.350: [GC pause (G1 Evacuation Pause) (mixed), 0.0078632 secs]
   [Parallel Time: 6.8 ms, GC Workers: 8]
      [GC Worker Start (ms): Min: 5349.9, Avg: 5349.9, Max: 5350.0, Diff: 0.1]
      [Ext Root Scanning (ms): Min: 0.0, Avg: 0.1, Max: 0.2, Diff: 0.1, Sum: 0.8]
      [Update RS (ms): Min: 0.2, Avg: 0.2, Max: 0.3, Diff: 0.0, Sum: 1.9]
         [Processed Buffers: Min: 3, Avg: 3.1, Max: 4, Diff: 1, Sum: 25]
      [Scan RS (ms): Min: 0.0, Avg: 0.1, Max: 0.1, Diff: 0.0, Sum: 0.5]
      [Code Root Scanning (ms): Min: 0.0, Avg: 0.0, Max: 0.0, Diff: 0.0, Sum: 0.0]
      [Object Copy (ms): Min: 6.1, Avg: 6.1, Max: 6.1, Diff: 0.1, Sum: 48.7]
      [Termination (ms): Min: 0.0, Avg: 0.1, Max: 0.1, Diff: 0.1, Sum: 0.4]
         [Termination Attempts: Min: 1, Avg: 1.0, Max: 1, Diff: 0, Sum: 8]
      [GC Worker Other (ms): Min: 0.0, Avg: 0.0, Max: 0.0, Diff: 0.0, Sum: 0.1]
      [GC Worker Total (ms): Min: 6.5, Avg: 6.6, Max: 6.6, Diff: 0.1, Sum: 52.6]
      [GC Worker End (ms): Min: 5356.5, Avg: 5356.5, Max: 5356.6, Diff: 0.1]
   [Code Root Fixup: 0.0 ms]
   [Code Root Purge: 0.0 ms]
   [Clear CT: 0.2 ms]
   [Other: 0.8 ms]
      [Choose CSet: 0.0 ms]
      [Ref Proc: 0.3 ms]
      [Ref Enq: 0.0 ms]
      [Redirty Cards: 0.2 ms]
      [Humongous Register: 0.1 ms]
      [Humongous Reclaim: 0.1 ms]
      [Free CSet: 0.1 ms]
   [Eden: 18.0M(18.0M)->0.0B(44.0M) Survivors: 33.0M->7168.0K Heap: 606.9M(1024.0M)->516.7M(1024.0M)]
 [Times: user=0.06 sys=0.01, real=0.01 secs] 
2021-01-18T10:16:08.425-0800: 5.367: [GC pause (G1 Evacuation Pause) (mixed), 0.0053028 secs]
   [Parallel Time: 4.4 ms, GC Workers: 8]
      [GC Worker Start (ms): Min: 5367.2, Avg: 5367.3, Max: 5367.5, Diff: 0.3]
      [Ext Root Scanning (ms): Min: 0.0, Avg: 0.1, Max: 0.2, Diff: 0.2, Sum: 0.9]
      [Update RS (ms): Min: 0.7, Avg: 0.8, Max: 0.9, Diff: 0.1, Sum: 6.4]
         [Processed Buffers: Min: 6, Avg: 7.9, Max: 9, Diff: 3, Sum: 63]
      [Scan RS (ms): Min: 0.0, Avg: 0.0, Max: 0.1, Diff: 0.1, Sum: 0.3]
      [Code Root Scanning (ms): Min: 0.0, Avg: 0.0, Max: 0.0, Diff: 0.0, Sum: 0.0]
      [Object Copy (ms): Min: 3.1, Avg: 3.2, Max: 3.2, Diff: 0.1, Sum: 25.5]
      [Termination (ms): Min: 0.0, Avg: 0.1, Max: 0.1, Diff: 0.1, Sum: 0.5]
         [Termination Attempts: Min: 1, Avg: 1.0, Max: 1, Diff: 0, Sum: 8]
      [GC Worker Other (ms): Min: 0.0, Avg: 0.0, Max: 0.0, Diff: 0.0, Sum: 0.1]
      [GC Worker Total (ms): Min: 4.0, Avg: 4.2, Max: 4.3, Diff: 0.3, Sum: 33.6]
      [GC Worker End (ms): Min: 5371.5, Avg: 5371.5, Max: 5371.6, Diff: 0.0]
   [Code Root Fixup: 0.0 ms]
   [Code Root Purge: 0.0 ms]
   [Clear CT: 0.1 ms]
   [Other: 0.7 ms]
      [Choose CSet: 0.0 ms]
      [Ref Proc: 0.2 ms]
      [Ref Enq: 0.0 ms]
      [Redirty Cards: 0.2 ms]
      [Humongous Register: 0.1 ms]
      [Humongous Reclaim: 0.1 ms]
      [Free CSet: 0.1 ms]
   [Eden: 44.0M(44.0M)->0.0B(255.0M) Survivors: 7168.0K->7168.0K Heap: 567.4M(1024.0M)->506.7M(1024.0M)]
 [Times: user=0.03 sys=0.00, real=0.01 secs] 
2021-01-18T10:16:08.432-0800: 5.374: [GC pause (G1 Humongous Allocation) (young) (initial-mark), 0.0020315 secs]
   [Parallel Time: 1.2 ms, GC Workers: 8]
      [GC Worker Start (ms): Min: 5374.0, Avg: 5374.1, Max: 5374.1, Diff: 0.1]
      [Ext Root Scanning (ms): Min: 0.1, Avg: 0.1, Max: 0.2, Diff: 0.1, Sum: 1.2]
      [Update RS (ms): Min: 0.0, Avg: 0.1, Max: 0.2, Diff: 0.2, Sum: 0.8]
         [Processed Buffers: Min: 1, Avg: 1.1, Max: 2, Diff: 1, Sum: 9]
      [Scan RS (ms): Min: 0.0, Avg: 0.0, Max: 0.0, Diff: 0.0, Sum: 0.0]
      [Code Root Scanning (ms): Min: 0.0, Avg: 0.0, Max: 0.0, Diff: 0.0, Sum: 0.0]
      [Object Copy (ms): Min: 0.6, Avg: 0.7, Max: 0.7, Diff: 0.1, Sum: 5.4]
      [Termination (ms): Min: 0.0, Avg: 0.1, Max: 0.2, Diff: 0.2, Sum: 0.6]
         [Termination Attempts: Min: 1, Avg: 1.0, Max: 1, Diff: 0, Sum: 8]
      [GC Worker Other (ms): Min: 0.0, Avg: 0.0, Max: 0.0, Diff: 0.0, Sum: 0.1]
      [GC Worker Total (ms): Min: 1.0, Avg: 1.0, Max: 1.1, Diff: 0.1, Sum: 8.2]
      [GC Worker End (ms): Min: 5375.1, Avg: 5375.1, Max: 5375.2, Diff: 0.1]
   [Code Root Fixup: 0.0 ms]
   [Code Root Purge: 0.0 ms]
   [Clear CT: 0.1 ms]
   [Other: 0.7 ms]
      [Choose CSet: 0.0 ms]
      [Ref Proc: 0.2 ms]
      [Ref Enq: 0.0 ms]
      [Redirty Cards: 0.2 ms]
      [Humongous Register: 0.1 ms]
      [Humongous Reclaim: 0.0 ms]
      [Free CSet: 0.0 ms]
   [Eden: 6144.0K(255.0M)->0.0B(250.0M) Survivors: 7168.0K->9216.0K Heap: 512.6M(1024.0M)->507.1M(1024.0M)]
 [Times: user=0.01 sys=0.00, real=0.00 secs] 
2021-01-18T10:16:08.434-0800: 5.376: [GC concurrent-root-region-scan-start]
2021-01-18T10:16:08.434-0800: 5.376: [GC concurrent-root-region-scan-end, 0.0001039 secs]
2021-01-18T10:16:08.434-0800: 5.376: [GC concurrent-mark-start]
2021-01-18T10:16:08.436-0800: 5.378: [GC concurrent-mark-end, 0.0015056 secs]
2021-01-18T10:16:08.436-0800: 5.378: [GC remark 2021-01-18T10:16:08.436-0800: 5.378: [Finalize Marking, 0.0003704 secs] 2021-01-18T10:16:08.436-0800: 5.378: [GC ref-proc, 0.0000538 secs] 2021-01-18T10:16:08.436-0800: 5.378: [Unloading, 0.0005374 secs], 0.0020332 secs]
 [Times: user=0.02 sys=0.00, real=0.00 secs] 
2021-01-18T10:16:08.438-0800: 5.380: [GC cleanup 520M->519M(1024M), 0.0010936 secs]
 [Times: user=0.00 sys=0.00, real=0.00 secs] 
2021-01-18T10:16:08.439-0800: 5.381: [GC concurrent-cleanup-start]
2021-01-18T10:16:08.439-0800: 5.381: [GC concurrent-cleanup-end, 0.0000109 secs]
2021-01-18T10:16:08.477-0800: 5.420: [GC pause (G1 Evacuation Pause) (young), 0.0117519 secs]
   [Parallel Time: 10.8 ms, GC Workers: 8]
      [GC Worker Start (ms): Min: 5419.8, Avg: 5419.8, Max: 5419.9, Diff: 0.1]
      [Ext Root Scanning (ms): Min: 0.0, Avg: 0.1, Max: 0.2, Diff: 0.1, Sum: 0.7]
      [Update RS (ms): Min: 3.9, Avg: 4.0, Max: 4.0, Diff: 0.1, Sum: 31.8]
         [Processed Buffers: Min: 49, Avg: 61.0, Max: 65, Diff: 16, Sum: 488]
      [Scan RS (ms): Min: 0.0, Avg: 0.0, Max: 0.0, Diff: 0.0, Sum: 0.2]
      [Code Root Scanning (ms): Min: 0.0, Avg: 0.0, Max: 0.0, Diff: 0.0, Sum: 0.0]
      [Object Copy (ms): Min: 6.5, Avg: 6.5, Max: 6.6, Diff: 0.1, Sum: 52.3]
      [Termination (ms): Min: 0.0, Avg: 0.1, Max: 0.1, Diff: 0.1, Sum: 0.6]
         [Termination Attempts: Min: 1, Avg: 1.0, Max: 1, Diff: 0, Sum: 8]
      [GC Worker Other (ms): Min: 0.0, Avg: 0.0, Max: 0.0, Diff: 0.0, Sum: 0.1]
      [GC Worker Total (ms): Min: 10.7, Avg: 10.7, Max: 10.8, Diff: 0.1, Sum: 85.7]
      [GC Worker End (ms): Min: 5430.5, Avg: 5430.5, Max: 5430.6, Diff: 0.0]
   [Code Root Fixup: 0.0 ms]
   [Code Root Purge: 0.0 ms]
   [Clear CT: 0.1 ms]
   [Other: 0.8 ms]
      [Choose CSet: 0.0 ms]
      [Ref Proc: 0.3 ms]
      [Ref Enq: 0.0 ms]
      [Redirty Cards: 0.1 ms]
      [Humongous Register: 0.1 ms]
      [Humongous Reclaim: 0.1 ms]
      [Free CSet: 0.1 ms]
   [Eden: 250.0M(250.0M)->0.0B(18.0M) Survivors: 9216.0K->33.0M Heap: 815.9M(1024.0M)->572.0M(1024.0M)]
 [Times: user=0.08 sys=0.00, real=0.01 secs] 
2021-01-18T10:16:08.492-0800: 5.435: [GC pause (G1 Evacuation Pause) (mixed), 0.0083997 secs]
   [Parallel Time: 7.4 ms, GC Workers: 8]
      [GC Worker Start (ms): Min: 5434.7, Avg: 5434.8, Max: 5434.8, Diff: 0.1]
      [Ext Root Scanning (ms): Min: 0.1, Avg: 0.1, Max: 0.2, Diff: 0.1, Sum: 1.0]
      [Update RS (ms): Min: 0.4, Avg: 0.4, Max: 0.5, Diff: 0.0, Sum: 3.5]
         [Processed Buffers: Min: 4, Avg: 5.2, Max: 6, Diff: 2, Sum: 42]
      [Scan RS (ms): Min: 0.0, Avg: 0.1, Max: 0.1, Diff: 0.0, Sum: 0.4]
      [Code Root Scanning (ms): Min: 0.0, Avg: 0.0, Max: 0.0, Diff: 0.0, Sum: 0.0]
      [Object Copy (ms): Min: 6.4, Avg: 6.5, Max: 6.5, Diff: 0.1, Sum: 51.9]
      [Termination (ms): Min: 0.0, Avg: 0.1, Max: 0.1, Diff: 0.1, Sum: 0.4]
         [Termination Attempts: Min: 1, Avg: 1.0, Max: 1, Diff: 0, Sum: 8]
      [GC Worker Other (ms): Min: 0.0, Avg: 0.0, Max: 0.0, Diff: 0.0, Sum: 0.1]
      [GC Worker Total (ms): Min: 7.1, Avg: 7.2, Max: 7.2, Diff: 0.1, Sum: 57.3]
      [GC Worker End (ms): Min: 5441.9, Avg: 5441.9, Max: 5442.0, Diff: 0.0]
   [Code Root Fixup: 0.0 ms]
   [Code Root Purge: 0.0 ms]
   [Clear CT: 0.2 ms]
   [Other: 0.8 ms]
      [Choose CSet: 0.0 ms]
      [Ref Proc: 0.2 ms]
      [Ref Enq: 0.0 ms]
      [Redirty Cards: 0.2 ms]
      [Humongous Register: 0.1 ms]
      [Humongous Reclaim: 0.0 ms]
      [Free CSet: 0.1 ms]
   [Eden: 18.0M(18.0M)->0.0B(45.0M) Survivors: 33.0M->6144.0K Heap: 594.1M(1024.0M)->511.6M(1024.0M)]
 [Times: user=0.06 sys=0.00, real=0.01 secs] 
2021-01-18T10:16:08.511-0800: 5.453: [GC pause (G1 Evacuation Pause) (mixed), 0.0060246 secs]
   [Parallel Time: 5.1 ms, GC Workers: 8]
      [GC Worker Start (ms): Min: 5453.6, Avg: 5453.7, Max: 5453.8, Diff: 0.1]
      [Ext Root Scanning (ms): Min: 0.1, Avg: 0.1, Max: 0.2, Diff: 0.1, Sum: 0.9]
      [Update RS (ms): Min: 1.7, Avg: 1.7, Max: 1.8, Diff: 0.0, Sum: 14.0]
         [Processed Buffers: Min: 18, Avg: 19.0, Max: 20, Diff: 2, Sum: 152]
      [Scan RS (ms): Min: 0.0, Avg: 0.0, Max: 0.0, Diff: 0.0, Sum: 0.2]
      [Code Root Scanning (ms): Min: 0.0, Avg: 0.0, Max: 0.0, Diff: 0.0, Sum: 0.0]
      [Object Copy (ms): Min: 2.5, Avg: 2.6, Max: 2.7, Diff: 0.3, Sum: 20.4]
      [Termination (ms): Min: 0.0, Avg: 0.2, Max: 0.5, Diff: 0.5, Sum: 1.9]
         [Termination Attempts: Min: 1, Avg: 1.0, Max: 1, Diff: 0, Sum: 8]
      [GC Worker Other (ms): Min: 0.0, Avg: 0.0, Max: 0.0, Diff: 0.0, Sum: 0.1]
      [GC Worker Total (ms): Min: 4.6, Avg: 4.7, Max: 4.9, Diff: 0.3, Sum: 37.6]
      [GC Worker End (ms): Min: 5458.4, Avg: 5458.4, Max: 5458.6, Diff: 0.2]
   [Code Root Fixup: 0.0 ms]
   [Code Root Purge: 0.0 ms]
   [Clear CT: 0.2 ms]
   [Other: 0.7 ms]
      [Choose CSet: 0.0 ms]
      [Ref Proc: 0.2 ms]
      [Ref Enq: 0.0 ms]
      [Redirty Cards: 0.2 ms]
      [Humongous Register: 0.1 ms]
      [Humongous Reclaim: 0.1 ms]
      [Free CSet: 0.1 ms]
   [Eden: 45.0M(45.0M)->0.0B(247.0M) Survivors: 6144.0K->7168.0K Heap: 574.4M(1024.0M)->515.6M(1024.0M)]
 [Times: user=0.04 sys=0.00, real=0.00 secs] 
2021-01-18T10:16:08.519-0800: 5.461: [GC pause (G1 Humongous Allocation) (young) (initial-mark), 0.0019700 secs]
   [Parallel Time: 1.2 ms, GC Workers: 8]
      [GC Worker Start (ms): Min: 5461.3, Avg: 5461.3, Max: 5461.4, Diff: 0.1]
      [Ext Root Scanning (ms): Min: 0.1, Avg: 0.1, Max: 0.2, Diff: 0.1, Sum: 1.0]
      [Update RS (ms): Min: 0.0, Avg: 0.1, Max: 0.1, Diff: 0.1, Sum: 0.7]
         [Processed Buffers: Min: 1, Avg: 1.1, Max: 2, Diff: 1, Sum: 9]
      [Scan RS (ms): Min: 0.0, Avg: 0.0, Max: 0.0, Diff: 0.0, Sum: 0.0]
      [Code Root Scanning (ms): Min: 0.0, Avg: 0.0, Max: 0.0, Diff: 0.0, Sum: 0.0]
      [Object Copy (ms): Min: 0.7, Avg: 0.8, Max: 0.8, Diff: 0.1, Sum: 6.1]
      [Termination (ms): Min: 0.0, Avg: 0.0, Max: 0.0, Diff: 0.0, Sum: 0.2]
         [Termination Attempts: Min: 1, Avg: 1.0, Max: 1, Diff: 0, Sum: 8]
      [GC Worker Other (ms): Min: 0.0, Avg: 0.0, Max: 0.0, Diff: 0.0, Sum: 0.1]
      [GC Worker Total (ms): Min: 0.9, Avg: 1.0, Max: 1.1, Diff: 0.1, Sum: 8.1]
      [GC Worker End (ms): Min: 5462.3, Avg: 5462.3, Max: 5462.4, Diff: 0.0]
   [Code Root Fixup: 0.0 ms]
   [Code Root Purge: 0.0 ms]
   [Clear CT: 0.1 ms]
   [Other: 0.7 ms]
      [Choose CSet: 0.0 ms]
      [Ref Proc: 0.2 ms]
      [Ref Enq: 0.0 ms]
      [Redirty Cards: 0.1 ms]
      [Humongous Register: 0.1 ms]
      [Humongous Reclaim: 0.0 ms]
      [Free CSet: 0.0 ms]
   [Eden: 9216.0K(247.0M)->0.0B(253.0M) Survivors: 7168.0K->9216.0K Heap: 523.9M(1024.0M)->517.6M(1024.0M)]
 [Times: user=0.01 sys=0.01, real=0.01 secs] 
2021-01-18T10:16:08.521-0800: 5.463: [GC concurrent-root-region-scan-start]
2021-01-18T10:16:08.521-0800: 5.463: [GC concurrent-root-region-scan-end, 0.0001015 secs]
2021-01-18T10:16:08.521-0800: 5.463: [GC concurrent-mark-start]
2021-01-18T10:16:08.522-0800: 5.465: [GC concurrent-mark-end, 0.0013350 secs]
2021-01-18T10:16:08.523-0800: 5.465: [GC remark 2021-01-18T10:16:08.523-0800: 5.465: [Finalize Marking, 0.0003724 secs] 2021-01-18T10:16:08.523-0800: 5.465: [GC ref-proc, 0.0000557 secs] 2021-01-18T10:16:08.523-0800: 5.465: [Unloading, 0.0004902 secs], 0.0020630 secs]
 [Times: user=0.01 sys=0.00, real=0.00 secs] 
2021-01-18T10:16:08.525-0800: 5.467: [GC cleanup 532M->527M(1024M), 0.0010318 secs]
 [Times: user=0.01 sys=0.00, real=0.00 secs] 
2021-01-18T10:16:08.526-0800: 5.468: [GC concurrent-cleanup-start]
2021-01-18T10:16:08.526-0800: 5.468: [GC concurrent-cleanup-end, 0.0000141 secs]
2021-01-18T10:16:08.563-0800: 5.505: [GC pause (G1 Evacuation Pause) (young) (to-space exhausted), 0.0133609 secs]
   [Parallel Time: 12.4 ms, GC Workers: 8]
      [GC Worker Start (ms): Min: 5505.6, Avg: 5505.7, Max: 5505.7, Diff: 0.1]
      [Ext Root Scanning (ms): Min: 0.0, Avg: 0.1, Max: 0.2, Diff: 0.1, Sum: 0.7]
      [Update RS (ms): Min: 4.9, Avg: 4.9, Max: 4.9, Diff: 0.0, Sum: 38.9]
         [Processed Buffers: Min: 75, Avg: 76.5, Max: 79, Diff: 4, Sum: 612]
      [Scan RS (ms): Min: 0.0, Avg: 0.0, Max: 0.0, Diff: 0.0, Sum: 0.2]
      [Code Root Scanning (ms): Min: 0.0, Avg: 0.0, Max: 0.0, Diff: 0.0, Sum: 0.0]
      [Object Copy (ms): Min: 6.6, Avg: 6.6, Max: 7.2, Diff: 0.7, Sum: 53.2]
      [Termination (ms): Min: 0.0, Avg: 0.6, Max: 0.7, Diff: 0.7, Sum: 4.7]
         [Termination Attempts: Min: 1, Avg: 1.2, Max: 2, Diff: 1, Sum: 10]
      [GC Worker Other (ms): Min: 0.0, Avg: 0.0, Max: 0.0, Diff: 0.0, Sum: 0.1]
      [GC Worker Total (ms): Min: 12.2, Avg: 12.2, Max: 12.3, Diff: 0.1, Sum: 97.9]
      [GC Worker End (ms): Min: 5517.9, Avg: 5517.9, Max: 5518.0, Diff: 0.0]
   [Code Root Fixup: 0.0 ms]
   [Code Root Purge: 0.0 ms]
   [Clear CT: 0.2 ms]
   [Other: 0.8 ms]
      [Evacuation Failure: 0.2 ms]
      [Choose CSet: 0.0 ms]
      [Ref Proc: 0.2 ms]
      [Ref Enq: 0.0 ms]
      [Redirty Cards: 0.1 ms]
      [Humongous Register: 0.1 ms]
      [Humongous Reclaim: 0.1 ms]
      [Free CSet: 0.1 ms]
   [Eden: 253.0M(253.0M)->0.0B(18.0M) Survivors: 9216.0K->33.0M Heap: 840.8M(1024.0M)->611.0M(1024.0M)]
 [Times: user=0.10 sys=0.00, real=0.01 secs] 
2021-01-18T10:16:08.580-0800: 5.522: [GC pause (G1 Evacuation Pause) (mixed), 0.0077904 secs]
   [Parallel Time: 6.8 ms, GC Workers: 8]
      [GC Worker Start (ms): Min: 5522.3, Avg: 5522.4, Max: 5522.5, Diff: 0.1]
      [Ext Root Scanning (ms): Min: 0.0, Avg: 0.1, Max: 0.2, Diff: 0.1, Sum: 0.8]
      [Update RS (ms): Min: 0.3, Avg: 0.3, Max: 0.3, Diff: 0.1, Sum: 2.3]
         [Processed Buffers: Min: 3, Avg: 4.5, Max: 8, Diff: 5, Sum: 36]
      [Scan RS (ms): Min: 0.0, Avg: 0.1, Max: 0.1, Diff: 0.1, Sum: 0.4]
      [Code Root Scanning (ms): Min: 0.0, Avg: 0.0, Max: 0.0, Diff: 0.0, Sum: 0.0]
      [Object Copy (ms): Min: 6.2, Avg: 6.2, Max: 6.2, Diff: 0.1, Sum: 49.6]
      [Termination (ms): Min: 0.0, Avg: 0.0, Max: 0.1, Diff: 0.1, Sum: 0.3]
         [Termination Attempts: Min: 1, Avg: 1.0, Max: 1, Diff: 0, Sum: 8]
      [GC Worker Other (ms): Min: 0.0, Avg: 0.0, Max: 0.0, Diff: 0.0, Sum: 0.1]
      [GC Worker Total (ms): Min: 6.6, Avg: 6.7, Max: 6.8, Diff: 0.2, Sum: 53.6]
      [GC Worker End (ms): Min: 5529.1, Avg: 5529.1, Max: 5529.1, Diff: 0.0]
   [Code Root Fixup: 0.0 ms]
   [Code Root Purge: 0.0 ms]
   [Clear CT: 0.2 ms]
   [Other: 0.8 ms]
      [Choose CSet: 0.0 ms]
      [Ref Proc: 0.2 ms]
      [Ref Enq: 0.0 ms]
      [Redirty Cards: 0.1 ms]
      [Humongous Register: 0.1 ms]
      [Humongous Reclaim: 0.0 ms]
      [Free CSet: 0.1 ms]
   [Eden: 18.0M(18.0M)->0.0B(44.0M) Survivors: 33.0M->7168.0K Heap: 631.3M(1024.0M)->543.6M(1024.0M)]
 [Times: user=0.05 sys=0.00, real=0.00 secs] 
2021-01-18T10:16:08.596-0800: 5.538: [GC pause (G1 Evacuation Pause) (mixed), 0.0050897 secs]
   [Parallel Time: 4.2 ms, GC Workers: 8]
      [GC Worker Start (ms): Min: 5538.2, Avg: 5538.3, Max: 5538.4, Diff: 0.2]
      [Ext Root Scanning (ms): Min: 0.0, Avg: 0.1, Max: 0.2, Diff: 0.2, Sum: 0.9]
      [Update RS (ms): Min: 0.9, Avg: 0.9, Max: 1.0, Diff: 0.1, Sum: 7.3]
         [Processed Buffers: Min: 7, Avg: 9.4, Max: 10, Diff: 3, Sum: 75]
      [Scan RS (ms): Min: 0.0, Avg: 0.0, Max: 0.1, Diff: 0.1, Sum: 0.3]
      [Code Root Scanning (ms): Min: 0.0, Avg: 0.0, Max: 0.0, Diff: 0.0, Sum: 0.0]
      [Object Copy (ms): Min: 2.9, Avg: 3.0, Max: 3.0, Diff: 0.1, Sum: 23.7]
      [Termination (ms): Min: 0.0, Avg: 0.0, Max: 0.1, Diff: 0.1, Sum: 0.4]
         [Termination Attempts: Min: 1, Avg: 1.0, Max: 1, Diff: 0, Sum: 8]
      [GC Worker Other (ms): Min: 0.0, Avg: 0.0, Max: 0.0, Diff: 0.0, Sum: 0.1]
      [GC Worker Total (ms): Min: 4.0, Avg: 4.1, Max: 4.2, Diff: 0.2, Sum: 32.7]
      [GC Worker End (ms): Min: 5542.4, Avg: 5542.4, Max: 5542.4, Diff: 0.1]
   [Code Root Fixup: 0.0 ms]
   [Code Root Purge: 0.0 ms]
   [Clear CT: 0.2 ms]
   [Other: 0.7 ms]
      [Choose CSet: 0.0 ms]
      [Ref Proc: 0.2 ms]
      [Ref Enq: 0.0 ms]
      [Redirty Cards: 0.1 ms]
      [Humongous Register: 0.1 ms]
      [Humongous Reclaim: 0.0 ms]
      [Free CSet: 0.1 ms]
   [Eden: 44.0M(44.0M)->0.0B(238.0M) Survivors: 7168.0K->7168.0K Heap: 595.9M(1024.0M)->539.3M(1024.0M)]
 [Times: user=0.03 sys=0.00, real=0.01 secs] 
2021-01-18T10:16:08.602-0800: 5.544: [GC pause (G1 Humongous Allocation) (young) (initial-mark), 0.0019555 secs]
   [Parallel Time: 1.0 ms, GC Workers: 8]
      [GC Worker Start (ms): Min: 5543.9, Avg: 5544.0, Max: 5544.1, Diff: 0.1]
      [Ext Root Scanning (ms): Min: 0.1, Avg: 0.1, Max: 0.2, Diff: 0.1, Sum: 1.1]
      [Update RS (ms): Min: 0.1, Avg: 0.1, Max: 0.3, Diff: 0.3, Sum: 1.0]
         [Processed Buffers: Min: 1, Avg: 1.1, Max: 2, Diff: 1, Sum: 9]
      [Scan RS (ms): Min: 0.0, Avg: 0.0, Max: 0.0, Diff: 0.0, Sum: 0.0]
      [Code Root Scanning (ms): Min: 0.0, Avg: 0.0, Max: 0.0, Diff: 0.0, Sum: 0.0]
      [Object Copy (ms): Min: 0.3, Avg: 0.5, Max: 0.6, Diff: 0.3, Sum: 4.1]
      [Termination (ms): Min: 0.0, Avg: 0.1, Max: 0.2, Diff: 0.2, Sum: 0.5]
         [Termination Attempts: Min: 1, Avg: 1.0, Max: 1, Diff: 0, Sum: 8]
      [GC Worker Other (ms): Min: 0.0, Avg: 0.0, Max: 0.0, Diff: 0.0, Sum: 0.1]
      [GC Worker Total (ms): Min: 0.8, Avg: 0.9, Max: 0.9, Diff: 0.1, Sum: 6.9]
      [GC Worker End (ms): Min: 5544.9, Avg: 5544.9, Max: 5544.9, Diff: 0.1]
   [Code Root Fixup: 0.0 ms]
   [Code Root Purge: 0.0 ms]
   [Clear CT: 0.1 ms]
   [Other: 0.8 ms]
      [Choose CSet: 0.0 ms]
      [Ref Proc: 0.4 ms]
      [Ref Enq: 0.0 ms]
      [Redirty Cards: 0.1 ms]
      [Humongous Register: 0.1 ms]
      [Humongous Reclaim: 0.0 ms]
      [Free CSet: 0.0 ms]
   [Eden: 2048.0K(238.0M)->0.0B(234.0M) Survivors: 7168.0K->8192.0K Heap: 541.2M(1024.0M)->540.0M(1024.0M)]
 [Times: user=0.01 sys=0.00, real=0.00 secs] 
2021-01-18T10:16:08.604-0800: 5.546: [GC concurrent-root-region-scan-start]
2021-01-18T10:16:08.604-0800: 5.546: [GC concurrent-root-region-scan-end, 0.0000940 secs]
2021-01-18T10:16:08.604-0800: 5.546: [GC concurrent-mark-start]
2021-01-18T10:16:08.605-0800: 5.547: [GC concurrent-mark-end, 0.0013678 secs]
2021-01-18T10:16:08.605-0800: 5.547: [GC remark 2021-01-18T10:16:08.605-0800: 5.547: [Finalize Marking, 0.0002602 secs] 2021-01-18T10:16:08.606-0800: 5.548: [GC ref-proc, 0.0000573 secs] 2021-01-18T10:16:08.606-0800: 5.548: [Unloading, 0.0006100 secs], 0.0020588 secs]
 [Times: user=0.01 sys=0.00, real=0.00 secs] 
2021-01-18T10:16:08.608-0800: 5.550: [GC cleanup 548M->540M(1024M), 0.0010735 secs]
 [Times: user=0.01 sys=0.00, real=0.00 secs] 
2021-01-18T10:16:08.609-0800: 5.551: [GC concurrent-cleanup-start]
2021-01-18T10:16:08.609-0800: 5.551: [GC concurrent-cleanup-end, 0.0000172 secs]
2021-01-18T10:16:08.646-0800: 5.588: [GC pause (G1 Evacuation Pause) (young), 0.0122610 secs]
   [Parallel Time: 11.3 ms, GC Workers: 8]
      [GC Worker Start (ms): Min: 5587.9, Avg: 5588.0, Max: 5588.0, Diff: 0.1]
      [Ext Root Scanning (ms): Min: 0.1, Avg: 0.1, Max: 0.1, Diff: 0.1, Sum: 0.8]
      [Update RS (ms): Min: 3.9, Avg: 3.9, Max: 3.9, Diff: 0.0, Sum: 31.1]
         [Processed Buffers: Min: 59, Avg: 61.1, Max: 63, Diff: 4, Sum: 489]
      [Scan RS (ms): Min: 0.0, Avg: 0.0, Max: 0.0, Diff: 0.0, Sum: 0.2]
      [Code Root Scanning (ms): Min: 0.0, Avg: 0.0, Max: 0.0, Diff: 0.0, Sum: 0.0]
      [Object Copy (ms): Min: 6.4, Avg: 6.5, Max: 7.1, Diff: 0.7, Sum: 52.2]
      [Termination (ms): Min: 0.0, Avg: 0.6, Max: 0.7, Diff: 0.7, Sum: 4.7]
         [Termination Attempts: Min: 1, Avg: 1.0, Max: 1, Diff: 0, Sum: 8]
      [GC Worker Other (ms): Min: 0.0, Avg: 0.0, Max: 0.0, Diff: 0.0, Sum: 0.1]
      [GC Worker Total (ms): Min: 11.1, Avg: 11.1, Max: 11.2, Diff: 0.1, Sum: 89.2]
      [GC Worker End (ms): Min: 5599.1, Avg: 5599.1, Max: 5599.1, Diff: 0.1]
   [Code Root Fixup: 0.0 ms]
   [Code Root Purge: 0.0 ms]
   [Clear CT: 0.1 ms]
   [Other: 0.8 ms]
      [Choose CSet: 0.0 ms]
      [Ref Proc: 0.2 ms]
      [Ref Enq: 0.0 ms]
      [Redirty Cards: 0.2 ms]
      [Humongous Register: 0.1 ms]
      [Humongous Reclaim: 0.1 ms]
      [Free CSet: 0.1 ms]
   [Eden: 234.0M(234.0M)->0.0B(20.0M) Survivors: 8192.0K->31.0M Heap: 825.9M(1024.0M)->595.8M(1024.0M)]
 [Times: user=0.08 sys=0.01, real=0.01 secs] 
2021-01-18T10:16:08.662-0800: 5.604: [GC pause (G1 Evacuation Pause) (mixed), 0.0078422 secs]
   [Parallel Time: 6.8 ms, GC Workers: 8]
      [GC Worker Start (ms): Min: 5604.0, Avg: 5604.1, Max: 5604.2, Diff: 0.2]
      [Ext Root Scanning (ms): Min: 0.0, Avg: 0.1, Max: 0.2, Diff: 0.2, Sum: 0.8]
      [Update RS (ms): Min: 0.4, Avg: 0.4, Max: 0.5, Diff: 0.1, Sum: 3.5]
         [Processed Buffers: Min: 4, Avg: 5.0, Max: 6, Diff: 2, Sum: 40]
      [Scan RS (ms): Min: 0.0, Avg: 0.0, Max: 0.1, Diff: 0.1, Sum: 0.4]
      [Code Root Scanning (ms): Min: 0.0, Avg: 0.0, Max: 0.0, Diff: 0.0, Sum: 0.0]
      [Object Copy (ms): Min: 5.2, Avg: 5.3, Max: 6.1, Diff: 0.9, Sum: 42.7]
      [Termination (ms): Min: 0.0, Avg: 0.7, Max: 0.9, Diff: 0.9, Sum: 5.9]
         [Termination Attempts: Min: 1, Avg: 1.0, Max: 1, Diff: 0, Sum: 8]
      [GC Worker Other (ms): Min: 0.0, Avg: 0.0, Max: 0.0, Diff: 0.0, Sum: 0.1]
      [GC Worker Total (ms): Min: 6.6, Avg: 6.7, Max: 6.8, Diff: 0.2, Sum: 53.4]
      [GC Worker End (ms): Min: 5610.8, Avg: 5610.8, Max: 5610.8, Diff: 0.0]
   [Code Root Fixup: 0.0 ms]
   [Code Root Purge: 0.0 ms]
   [Clear CT: 0.2 ms]
   [Other: 0.8 ms]
      [Choose CSet: 0.0 ms]
      [Ref Proc: 0.2 ms]
      [Ref Enq: 0.0 ms]
      [Redirty Cards: 0.2 ms]
      [Humongous Register: 0.1 ms]
      [Humongous Reclaim: 0.0 ms]
      [Free CSet: 0.1 ms]
   [Eden: 20.0M(20.0M)->0.0B(45.0M) Survivors: 31.0M->6144.0K Heap: 619.6M(1024.0M)->523.2M(1024.0M)]
 [Times: user=0.05 sys=0.00, real=0.01 secs] 
2021-01-18T10:16:08.677-0800: 5.620: [GC pause (G1 Evacuation Pause) (mixed), 0.0057787 secs]
   [Parallel Time: 4.9 ms, GC Workers: 8]
      [GC Worker Start (ms): Min: 5619.8, Avg: 5619.9, Max: 5619.9, Diff: 0.1]
      [Ext Root Scanning (ms): Min: 0.0, Avg: 0.1, Max: 0.2, Diff: 0.1, Sum: 0.8]
      [Update RS (ms): Min: 0.6, Avg: 0.7, Max: 0.7, Diff: 0.1, Sum: 5.2]
         [Processed Buffers: Min: 5, Avg: 7.1, Max: 8, Diff: 3, Sum: 57]
      [Scan RS (ms): Min: 0.0, Avg: 0.0, Max: 0.1, Diff: 0.1, Sum: 0.3]
      [Code Root Scanning (ms): Min: 0.0, Avg: 0.0, Max: 0.0, Diff: 0.0, Sum: 0.0]
      [Object Copy (ms): Min: 3.8, Avg: 3.8, Max: 3.9, Diff: 0.1, Sum: 30.8]
      [Termination (ms): Min: 0.0, Avg: 0.1, Max: 0.1, Diff: 0.1, Sum: 0.4]
         [Termination Attempts: Min: 1, Avg: 1.0, Max: 1, Diff: 0, Sum: 8]
      [GC Worker Other (ms): Min: 0.0, Avg: 0.0, Max: 0.0, Diff: 0.0, Sum: 0.1]
      [GC Worker Total (ms): Min: 4.7, Avg: 4.7, Max: 4.8, Diff: 0.1, Sum: 37.7]
      [GC Worker End (ms): Min: 5624.6, Avg: 5624.6, Max: 5624.6, Diff: 0.0]
   [Code Root Fixup: 0.0 ms]
   [Code Root Purge: 0.0 ms]
   [Clear CT: 0.2 ms]
   [Other: 0.7 ms]
      [Choose CSet: 0.0 ms]
      [Ref Proc: 0.2 ms]
      [Ref Enq: 0.0 ms]
      [Redirty Cards: 0.2 ms]
      [Humongous Register: 0.1 ms]
      [Humongous Reclaim: 0.0 ms]
      [Free CSet: 0.1 ms]
   [Eden: 45.0M(45.0M)->0.0B(267.0M) Survivors: 6144.0K->7168.0K Heap: 574.2M(1024.0M)->500.3M(1024.0M)]
 [Times: user=0.04 sys=0.00, real=0.01 secs] 
2021-01-18T10:16:08.685-0800: 5.627: [GC pause (G1 Humongous Allocation) (young) (initial-mark), 0.0022917 secs]
   [Parallel Time: 1.5 ms, GC Workers: 8]
      [GC Worker Start (ms): Min: 5627.1, Avg: 5627.1, Max: 5627.2, Diff: 0.1]
      [Ext Root Scanning (ms): Min: 0.1, Avg: 0.2, Max: 0.2, Diff: 0.1, Sum: 1.4]
      [Update RS (ms): Min: 0.0, Avg: 0.1, Max: 0.3, Diff: 0.3, Sum: 1.0]
         [Processed Buffers: Min: 0, Avg: 1.1, Max: 2, Diff: 2, Sum: 9]
      [Scan RS (ms): Min: 0.0, Avg: 0.0, Max: 0.0, Diff: 0.0, Sum: 0.0]
      [Code Root Scanning (ms): Min: 0.0, Avg: 0.0, Max: 0.0, Diff: 0.0, Sum: 0.0]
      [Object Copy (ms): Min: 0.7, Avg: 0.9, Max: 1.0, Diff: 0.2, Sum: 7.0]
      [Termination (ms): Min: 0.0, Avg: 0.1, Max: 0.2, Diff: 0.2, Sum: 1.0]
         [Termination Attempts: Min: 1, Avg: 1.0, Max: 1, Diff: 0, Sum: 8]
      [GC Worker Other (ms): Min: 0.0, Avg: 0.0, Max: 0.0, Diff: 0.0, Sum: 0.1]
      [GC Worker Total (ms): Min: 1.2, Avg: 1.3, Max: 1.4, Diff: 0.2, Sum: 10.4]
      [GC Worker End (ms): Min: 5628.4, Avg: 5628.4, Max: 5628.5, Diff: 0.1]
   [Code Root Fixup: 0.0 ms]
   [Code Root Purge: 0.0 ms]
   [Clear CT: 0.1 ms]
   [Other: 0.6 ms]
      [Choose CSet: 0.0 ms]
      [Ref Proc: 0.2 ms]
      [Ref Enq: 0.0 ms]
      [Redirty Cards: 0.1 ms]
      [Humongous Register: 0.1 ms]
      [Humongous Reclaim: 0.0 ms]
      [Free CSet: 0.0 ms]
   [Eden: 9216.0K(267.0M)->0.0B(271.0M) Survivors: 7168.0K->11.0M Heap: 509.3M(1024.0M)->502.8M(1024.0M)]
 [Times: user=0.01 sys=0.00, real=0.00 secs] 
2021-01-18T10:16:08.687-0800: 5.629: [GC concurrent-root-region-scan-start]
2021-01-18T10:16:08.687-0800: 5.629: [GC concurrent-root-region-scan-end, 0.0000970 secs]
2021-01-18T10:16:08.687-0800: 5.629: [GC concurrent-mark-start]
2021-01-18T10:16:08.689-0800: 5.631: [GC concurrent-mark-end, 0.0013483 secs]
2021-01-18T10:16:08.689-0800: 5.631: [GC remark 2021-01-18T10:16:08.689-0800: 5.631: [Finalize Marking, 0.0002607 secs] 2021-01-18T10:16:08.689-0800: 5.631: [GC ref-proc, 0.0000571 secs] 2021-01-18T10:16:08.689-0800: 5.631: [Unloading, 0.0005473 secs], 0.0019704 secs]
 [Times: user=0.01 sys=0.00, real=0.01 secs] 
2021-01-18T10:16:08.691-0800: 5.633: [GC cleanup 513M->512M(1024M), 0.0010728 secs]
 [Times: user=0.01 sys=0.00, real=0.00 secs] 
2021-01-18T10:16:08.692-0800: 5.634: [GC concurrent-cleanup-start]
2021-01-18T10:16:08.692-0800: 5.634: [GC concurrent-cleanup-end, 0.0000132 secs]
2021-01-18T10:16:08.737-0800: 5.679: [GC pause (G1 Evacuation Pause) (young), 0.0133447 secs]
   [Parallel Time: 12.4 ms, GC Workers: 8]
      [GC Worker Start (ms): Min: 5679.5, Avg: 5679.6, Max: 5679.6, Diff: 0.1]
      [Ext Root Scanning (ms): Min: 0.1, Avg: 0.1, Max: 0.2, Diff: 0.1, Sum: 0.8]
      [Update RS (ms): Min: 4.4, Avg: 4.5, Max: 4.5, Diff: 0.0, Sum: 35.7]
         [Processed Buffers: Min: 65, Avg: 66.4, Max: 68, Diff: 3, Sum: 531]
      [Scan RS (ms): Min: 0.0, Avg: 0.0, Max: 0.0, Diff: 0.0, Sum: 0.2]
      [Code Root Scanning (ms): Min: 0.0, Avg: 0.0, Max: 0.0, Diff: 0.0, Sum: 0.0]
      [Object Copy (ms): Min: 7.6, Avg: 7.6, Max: 7.7, Diff: 0.1, Sum: 61.1]
      [Termination (ms): Min: 0.0, Avg: 0.1, Max: 0.1, Diff: 0.1, Sum: 0.6]
         [Termination Attempts: Min: 1, Avg: 1.0, Max: 1, Diff: 0, Sum: 8]
      [GC Worker Other (ms): Min: 0.0, Avg: 0.0, Max: 0.0, Diff: 0.0, Sum: 0.1]
      [GC Worker Total (ms): Min: 12.2, Avg: 12.3, Max: 12.4, Diff: 0.1, Sum: 98.4]
      [GC Worker End (ms): Min: 5691.9, Avg: 5691.9, Max: 5691.9, Diff: 0.1]
   [Code Root Fixup: 0.0 ms]
   [Code Root Purge: 0.0 ms]
   [Clear CT: 0.1 ms]
   [Other: 0.8 ms]
      [Choose CSet: 0.0 ms]
      [Ref Proc: 0.2 ms]
      [Ref Enq: 0.0 ms]
      [Redirty Cards: 0.1 ms]
      [Humongous Register: 0.1 ms]
      [Humongous Reclaim: 0.2 ms]
      [Free CSet: 0.1 ms]
   [Eden: 271.0M(271.0M)->0.0B(15.0M) Survivors: 11.0M->36.0M Heap: 838.0M(1024.0M)->574.1M(1024.0M)]
 [Times: user=0.09 sys=0.00, real=0.02 secs] 
2021-01-18T10:16:08.754-0800: 5.696: [GC pause (G1 Evacuation Pause) (mixed), 0.0101819 secs]
   [Parallel Time: 8.8 ms, GC Workers: 8]
      [GC Worker Start (ms): Min: 5696.3, Avg: 5696.4, Max: 5696.5, Diff: 0.1]
      [Ext Root Scanning (ms): Min: 0.1, Avg: 0.1, Max: 0.2, Diff: 0.1, Sum: 1.0]
      [Update RS (ms): Min: 0.6, Avg: 0.6, Max: 0.7, Diff: 0.1, Sum: 5.1]
         [Processed Buffers: Min: 7, Avg: 7.4, Max: 8, Diff: 1, Sum: 59]
      [Scan RS (ms): Min: 0.0, Avg: 0.1, Max: 0.1, Diff: 0.1, Sum: 0.6]
      [Code Root Scanning (ms): Min: 0.0, Avg: 0.0, Max: 0.0, Diff: 0.0, Sum: 0.0]
      [Object Copy (ms): Min: 6.7, Avg: 6.9, Max: 7.5, Diff: 0.9, Sum: 55.0]
      [Termination (ms): Min: 0.0, Avg: 0.8, Max: 1.1, Diff: 1.1, Sum: 6.1]
         [Termination Attempts: Min: 1, Avg: 1.5, Max: 3, Diff: 2, Sum: 12]
      [GC Worker Other (ms): Min: 0.0, Avg: 0.0, Max: 0.0, Diff: 0.0, Sum: 0.1]
      [GC Worker Total (ms): Min: 8.4, Avg: 8.5, Max: 8.6, Diff: 0.2, Sum: 68.1]
      [GC Worker End (ms): Min: 5704.8, Avg: 5704.9, Max: 5705.0, Diff: 0.2]
   [Code Root Fixup: 0.0 ms]
   [Code Root Purge: 0.0 ms]
   [Clear CT: 0.2 ms]
   [Other: 1.2 ms]
      [Choose CSet: 0.1 ms]
      [Ref Proc: 0.4 ms]
      [Ref Enq: 0.0 ms]
      [Redirty Cards: 0.2 ms]
      [Humongous Register: 0.1 ms]
      [Humongous Reclaim: 0.0 ms]
      [Free CSet: 0.1 ms]
   [Eden: 15.0M(15.0M)->0.0B(45.0M) Survivors: 36.0M->6144.0K Heap: 595.4M(1024.0M)->511.4M(1024.0M)]
 [Times: user=0.06 sys=0.01, real=0.01 secs] 
2021-01-18T10:16:08.775-0800: 5.717: [GC pause (G1 Evacuation Pause) (mixed), 0.0054720 secs]
   [Parallel Time: 4.6 ms, GC Workers: 8]
      [GC Worker Start (ms): Min: 5717.3, Avg: 5717.4, Max: 5717.5, Diff: 0.2]
      [Ext Root Scanning (ms): Min: 0.1, Avg: 0.3, Max: 0.8, Diff: 0.7, Sum: 2.3]
      [Update RS (ms): Min: 1.1, Avg: 1.7, Max: 1.9, Diff: 0.8, Sum: 13.8]
         [Processed Buffers: Min: 10, Avg: 16.1, Max: 21, Diff: 11, Sum: 129]
      [Scan RS (ms): Min: 0.0, Avg: 0.0, Max: 0.0, Diff: 0.0, Sum: 0.2]
      [Code Root Scanning (ms): Min: 0.0, Avg: 0.0, Max: 0.0, Diff: 0.0, Sum: 0.0]
      [Object Copy (ms): Min: 2.3, Avg: 2.3, Max: 2.4, Diff: 0.1, Sum: 18.7]
      [Termination (ms): Min: 0.0, Avg: 0.1, Max: 0.1, Diff: 0.1, Sum: 0.5]
         [Termination Attempts: Min: 1, Avg: 1.0, Max: 1, Diff: 0, Sum: 8]
      [GC Worker Other (ms): Min: 0.0, Avg: 0.0, Max: 0.0, Diff: 0.0, Sum: 0.1]
      [GC Worker Total (ms): Min: 4.4, Avg: 4.5, Max: 4.6, Diff: 0.2, Sum: 35.7]
      [GC Worker End (ms): Min: 5721.8, Avg: 5721.8, Max: 5721.9, Diff: 0.1]
   [Code Root Fixup: 0.0 ms]
   [Code Root Purge: 0.0 ms]
   [Clear CT: 0.1 ms]
   [Other: 0.7 ms]
      [Choose CSet: 0.0 ms]
      [Ref Proc: 0.2 ms]
      [Ref Enq: 0.0 ms]
      [Redirty Cards: 0.1 ms]
      [Humongous Register: 0.1 ms]
      [Humongous Reclaim: 0.1 ms]
      [Free CSet: 0.1 ms]
   [Eden: 45.0M(45.0M)->0.0B(261.0M) Survivors: 6144.0K->7168.0K Heap: 571.4M(1024.0M)->513.2M(1024.0M)]
 [Times: user=0.03 sys=0.00, real=0.01 secs] 
2021-01-18T10:16:08.781-0800: 5.723: [GC pause (G1 Humongous Allocation) (young) (initial-mark), 0.0018566 secs]
   [Parallel Time: 1.1 ms, GC Workers: 8]
      [GC Worker Start (ms): Min: 5723.6, Avg: 5723.7, Max: 5723.8, Diff: 0.2]
      [Ext Root Scanning (ms): Min: 0.1, Avg: 0.1, Max: 0.2, Diff: 0.2, Sum: 1.0]
      [Update RS (ms): Min: 0.0, Avg: 0.1, Max: 0.2, Diff: 0.2, Sum: 0.8]
         [Processed Buffers: Min: 1, Avg: 1.1, Max: 2, Diff: 1, Sum: 9]
      [Scan RS (ms): Min: 0.0, Avg: 0.0, Max: 0.0, Diff: 0.0, Sum: 0.0]
      [Code Root Scanning (ms): Min: 0.0, Avg: 0.0, Max: 0.0, Diff: 0.0, Sum: 0.0]
      [Object Copy (ms): Min: 0.5, Avg: 0.6, Max: 0.7, Diff: 0.2, Sum: 4.6]
      [Termination (ms): Min: 0.0, Avg: 0.1, Max: 0.1, Diff: 0.1, Sum: 0.6]
         [Termination Attempts: Min: 1, Avg: 1.0, Max: 1, Diff: 0, Sum: 8]
      [GC Worker Other (ms): Min: 0.0, Avg: 0.0, Max: 0.0, Diff: 0.0, Sum: 0.1]
      [GC Worker Total (ms): Min: 0.8, Avg: 0.9, Max: 1.0, Diff: 0.2, Sum: 7.1]
      [GC Worker End (ms): Min: 5724.6, Avg: 5724.6, Max: 5724.7, Diff: 0.1]
   [Code Root Fixup: 0.0 ms]
   [Code Root Purge: 0.0 ms]
   [Clear CT: 0.2 ms]
   [Other: 0.6 ms]
      [Choose CSet: 0.0 ms]
      [Ref Proc: 0.2 ms]
      [Ref Enq: 0.0 ms]
      [Redirty Cards: 0.1 ms]
      [Humongous Register: 0.1 ms]
      [Humongous Reclaim: 0.0 ms]
      [Free CSet: 0.0 ms]
   [Eden: 4096.0K(261.0M)->0.0B(267.0M) Survivors: 7168.0K->9216.0K Heap: 516.8M(1024.0M)->514.8M(1024.0M)]
 [Times: user=0.01 sys=0.00, real=0.00 secs] 
2021-01-18T10:16:08.783-0800: 5.725: [GC concurrent-root-region-scan-start]
2021-01-18T10:16:08.783-0800: 5.726: [GC concurrent-root-region-scan-end, 0.0000883 secs]
2021-01-18T10:16:08.783-0800: 5.726: [GC concurrent-mark-start]
2021-01-18T10:16:08.785-0800: 5.727: [GC concurrent-mark-end, 0.0014704 secs]
2021-01-18T10:16:08.785-0800: 5.727: [GC remark 2021-01-18T10:16:08.785-0800: 5.727: [Finalize Marking, 0.0002516 secs] 2021-01-18T10:16:08.785-0800: 5.727: [GC ref-proc, 0.0000623 secs] 2021-01-18T10:16:08.785-0800: 5.728: [Unloading, 0.0009665 secs], 0.0024367 secs]
 [Times: user=0.01 sys=0.00, real=0.00 secs] 
2021-01-18T10:16:08.788-0800: 5.730: [GC cleanup 525M->520M(1024M), 0.0012309 secs]
 [Times: user=0.01 sys=0.00, real=0.00 secs] 
2021-01-18T10:16:08.789-0800: 5.731: [GC concurrent-cleanup-start]
2021-01-18T10:16:08.789-0800: 5.731: [GC concurrent-cleanup-end, 0.0000190 secs]
2021-01-18T10:16:08.833-0800: 5.776: [GC pause (G1 Evacuation Pause) (young) (to-space exhausted), 0.0131860 secs]
   [Parallel Time: 12.0 ms, GC Workers: 8]
      [GC Worker Start (ms): Min: 5775.8, Avg: 5775.9, Max: 5776.1, Diff: 0.3]
      [Ext Root Scanning (ms): Min: 0.0, Avg: 0.1, Max: 0.2, Diff: 0.2, Sum: 0.7]
      [Update RS (ms): Min: 4.4, Avg: 4.5, Max: 4.5, Diff: 0.2, Sum: 36.1]
         [Processed Buffers: Min: 63, Avg: 67.4, Max: 70, Diff: 7, Sum: 539]
      [Scan RS (ms): Min: 0.0, Avg: 0.0, Max: 0.0, Diff: 0.0, Sum: 0.2]
      [Code Root Scanning (ms): Min: 0.0, Avg: 0.0, Max: 0.0, Diff: 0.0, Sum: 0.0]
      [Object Copy (ms): Min: 7.0, Avg: 7.0, Max: 7.1, Diff: 0.1, Sum: 56.4]
      [Termination (ms): Min: 0.0, Avg: 0.1, Max: 0.1, Diff: 0.1, Sum: 0.7]
         [Termination Attempts: Min: 1, Avg: 1.0, Max: 1, Diff: 0, Sum: 8]
      [GC Worker Other (ms): Min: 0.0, Avg: 0.0, Max: 0.0, Diff: 0.0, Sum: 0.1]
      [GC Worker Total (ms): Min: 11.6, Avg: 11.8, Max: 11.9, Diff: 0.3, Sum: 94.2]
      [GC Worker End (ms): Min: 5787.7, Avg: 5787.7, Max: 5787.7, Diff: 0.0]
   [Code Root Fixup: 0.0 ms]
   [Code Root Purge: 0.0 ms]
   [Clear CT: 0.1 ms]
   [Other: 1.1 ms]
      [Evacuation Failure: 0.2 ms]
      [Choose CSet: 0.0 ms]
      [Ref Proc: 0.2 ms]
      [Ref Enq: 0.0 ms]
      [Redirty Cards: 0.1 ms]
      [Humongous Register: 0.2 ms]
      [Humongous Reclaim: 0.1 ms]
      [Free CSet: 0.1 ms]
   [Eden: 267.0M(267.0M)->0.0B(16.0M) Survivors: 9216.0K->35.0M Heap: 843.1M(1024.0M)->607.4M(1024.0M)]
 [Times: user=0.08 sys=0.00, real=0.01 secs] 
2021-01-18T10:16:08.850-0800: 5.792: [GC pause (G1 Evacuation Pause) (mixed), 0.0103246 secs]
   [Parallel Time: 8.2 ms, GC Workers: 8]
      [GC Worker Start (ms): Min: 5792.2, Avg: 5792.5, Max: 5793.2, Diff: 1.0]
      [Ext Root Scanning (ms): Min: 0.0, Avg: 0.1, Max: 0.4, Diff: 0.4, Sum: 1.2]
      [Update RS (ms): Min: 0.0, Avg: 0.5, Max: 0.8, Diff: 0.8, Sum: 3.9]
         [Processed Buffers: Min: 0, Avg: 3.9, Max: 9, Diff: 9, Sum: 31]
      [Scan RS (ms): Min: 0.0, Avg: 0.1, Max: 0.1, Diff: 0.1, Sum: 0.5]
      [Code Root Scanning (ms): Min: 0.0, Avg: 0.0, Max: 0.0, Diff: 0.0, Sum: 0.0]
      [Object Copy (ms): Min: 6.0, Avg: 6.1, Max: 6.6, Diff: 0.7, Sum: 48.5]
      [Termination (ms): Min: 0.0, Avg: 0.7, Max: 1.0, Diff: 1.0, Sum: 5.9]
         [Termination Attempts: Min: 1, Avg: 1.0, Max: 1, Diff: 0, Sum: 8]
      [GC Worker Other (ms): Min: 0.0, Avg: 0.0, Max: 0.0, Diff: 0.0, Sum: 0.1]
      [GC Worker Total (ms): Min: 6.9, Avg: 7.5, Max: 8.0, Diff: 1.1, Sum: 60.1]
      [GC Worker End (ms): Min: 5799.9, Avg: 5800.0, Max: 5800.2, Diff: 0.4]
   [Code Root Fixup: 0.0 ms]
   [Code Root Purge: 0.0 ms]
   [Clear CT: 0.2 ms]
   [Other: 2.0 ms]
      [Choose CSet: 0.0 ms]
      [Ref Proc: 1.4 ms]
      [Ref Enq: 0.0 ms]
      [Redirty Cards: 0.1 ms]
      [Humongous Register: 0.1 ms]
      [Humongous Reclaim: 0.0 ms]
      [Free CSet: 0.1 ms]
   [Eden: 16.0M(16.0M)->0.0B(47.0M) Survivors: 35.0M->4096.0K Heap: 625.1M(1024.0M)->534.2M(1024.0M)]
 [Times: user=0.06 sys=0.00, real=0.01 secs] 
2021-01-18T10:16:08.871-0800: 5.813: [GC pause (G1 Evacuation Pause) (mixed), 0.0062315 secs]
   [Parallel Time: 5.4 ms, GC Workers: 8]
      [GC Worker Start (ms): Min: 5813.0, Avg: 5813.1, Max: 5813.2, Diff: 0.1]
      [Ext Root Scanning (ms): Min: 0.0, Avg: 0.1, Max: 0.2, Diff: 0.1, Sum: 0.8]
      [Update RS (ms): Min: 1.1, Avg: 1.2, Max: 1.2, Diff: 0.1, Sum: 9.3]
         [Processed Buffers: Min: 12, Avg: 13.6, Max: 15, Diff: 3, Sum: 109]
      [Scan RS (ms): Min: 0.0, Avg: 0.0, Max: 0.1, Diff: 0.1, Sum: 0.2]
      [Code Root Scanning (ms): Min: 0.0, Avg: 0.0, Max: 0.0, Diff: 0.0, Sum: 0.0]
      [Object Copy (ms): Min: 3.0, Avg: 3.2, Max: 3.7, Diff: 0.7, Sum: 25.4]
      [Termination (ms): Min: 0.0, Avg: 0.6, Max: 0.8, Diff: 0.8, Sum: 5.1]
         [Termination Attempts: Min: 1, Avg: 1.0, Max: 1, Diff: 0, Sum: 8]
      [GC Worker Other (ms): Min: 0.0, Avg: 0.0, Max: 0.0, Diff: 0.0, Sum: 0.1]
      [GC Worker Total (ms): Min: 5.0, Avg: 5.1, Max: 5.2, Diff: 0.2, Sum: 40.9]
      [GC Worker End (ms): Min: 5818.1, Avg: 5818.2, Max: 5818.4, Diff: 0.2]
   [Code Root Fixup: 0.0 ms]
   [Code Root Purge: 0.0 ms]
   [Clear CT: 0.1 ms]
   [Other: 0.7 ms]
      [Choose CSet: 0.0 ms]
      [Ref Proc: 0.2 ms]
      [Ref Enq: 0.0 ms]
      [Redirty Cards: 0.1 ms]
      [Humongous Register: 0.1 ms]
      [Humongous Reclaim: 0.1 ms]
      [Free CSet: 0.1 ms]
   [Eden: 47.0M(47.0M)->0.0B(259.0M) Survivors: 4096.0K->7168.0K Heap: 593.5M(1024.0M)->525.3M(1024.0M)]
 [Times: user=0.03 sys=0.01, real=0.00 secs] 
2021-01-18T10:16:08.877-0800: 5.819: [GC pause (G1 Humongous Allocation) (young) (initial-mark), 0.0017797 secs]
   [Parallel Time: 1.0 ms, GC Workers: 8]
      [GC Worker Start (ms): Min: 5819.5, Avg: 5819.6, Max: 5819.6, Diff: 0.1]
      [Ext Root Scanning (ms): Min: 0.1, Avg: 0.1, Max: 0.2, Diff: 0.1, Sum: 1.0]
      [Update RS (ms): Min: 0.0, Avg: 0.1, Max: 0.2, Diff: 0.1, Sum: 0.7]
         [Processed Buffers: Min: 1, Avg: 1.1, Max: 2, Diff: 1, Sum: 9]
      [Scan RS (ms): Min: 0.0, Avg: 0.0, Max: 0.0, Diff: 0.0, Sum: 0.0]
      [Code Root Scanning (ms): Min: 0.0, Avg: 0.0, Max: 0.0, Diff: 0.0, Sum: 0.0]
      [Object Copy (ms): Min: 0.5, Avg: 0.5, Max: 0.6, Diff: 0.1, Sum: 4.2]
      [Termination (ms): Min: 0.0, Avg: 0.0, Max: 0.1, Diff: 0.1, Sum: 0.3]
         [Termination Attempts: Min: 1, Avg: 1.1, Max: 2, Diff: 1, Sum: 9]
      [GC Worker Other (ms): Min: 0.0, Avg: 0.0, Max: 0.0, Diff: 0.0, Sum: 0.1]
      [GC Worker Total (ms): Min: 0.7, Avg: 0.8, Max: 0.9, Diff: 0.1, Sum: 6.3]
      [GC Worker End (ms): Min: 5820.4, Avg: 5820.4, Max: 5820.4, Diff: 0.0]
   [Code Root Fixup: 0.0 ms]
   [Code Root Purge: 0.0 ms]
   [Clear CT: 0.1 ms]
   [Other: 0.7 ms]
      [Choose CSet: 0.0 ms]
      [Ref Proc: 0.3 ms]
      [Ref Enq: 0.0 ms]
      [Redirty Cards: 0.1 ms]
      [Humongous Register: 0.1 ms]
      [Humongous Reclaim: 0.0 ms]
      [Free CSet: 0.0 ms]
   [Eden: 1024.0K(259.0M)->0.0B(239.0M) Survivors: 7168.0K->8192.0K Heap: 526.2M(1024.0M)->526.0M(1024.0M)]
 [Times: user=0.01 sys=0.00, real=0.00 secs] 
2021-01-18T10:16:08.879-0800: 5.821: [GC concurrent-root-region-scan-start]
2021-01-18T10:16:08.879-0800: 5.821: [GC concurrent-root-region-scan-end, 0.0001071 secs]
2021-01-18T10:16:08.879-0800: 5.821: [GC concurrent-mark-start]
2021-01-18T10:16:08.881-0800: 5.823: [GC concurrent-mark-end, 0.0013654 secs]
2021-01-18T10:16:08.881-0800: 5.823: [GC remark 2021-01-18T10:16:08.881-0800: 5.823: [Finalize Marking, 0.0006935 secs] 2021-01-18T10:16:08.881-0800: 5.824: [GC ref-proc, 0.0001445 secs] 2021-01-18T10:16:08.882-0800: 5.824: [Unloading, 0.0006377 secs], 0.0025101 secs]
 [Times: user=0.01 sys=0.00, real=0.00 secs] 
2021-01-18T10:16:08.883-0800: 5.826: [GC cleanup 538M->532M(1024M), 0.0009443 secs]
 [Times: user=0.00 sys=0.00, real=0.00 secs] 
2021-01-18T10:16:08.884-0800: 5.827: [GC concurrent-cleanup-start]
2021-01-18T10:16:08.884-0800: 5.827: [GC concurrent-cleanup-end, 0.0000127 secs]
2021-01-18T10:16:08.923-0800: 5.865: [GC pause (G1 Evacuation Pause) (young), 0.0125737 secs]
   [Parallel Time: 11.7 ms, GC Workers: 8]
      [GC Worker Start (ms): Min: 5865.3, Avg: 5865.4, Max: 5865.4, Diff: 0.1]
      [Ext Root Scanning (ms): Min: 0.1, Avg: 0.1, Max: 0.2, Diff: 0.1, Sum: 0.8]
      [Update RS (ms): Min: 4.4, Avg: 4.9, Max: 8.4, Diff: 4.0, Sum: 39.3]
         [Processed Buffers: Min: 63, Avg: 66.6, Max: 69, Diff: 6, Sum: 533]
      [Scan RS (ms): Min: 0.0, Avg: 0.0, Max: 0.1, Diff: 0.1, Sum: 0.2]
      [Code Root Scanning (ms): Min: 0.0, Avg: 0.0, Max: 0.0, Diff: 0.0, Sum: 0.0]
      [Object Copy (ms): Min: 3.0, Avg: 6.4, Max: 7.0, Diff: 4.0, Sum: 51.4]
      [Termination (ms): Min: 0.0, Avg: 0.0, Max: 0.1, Diff: 0.1, Sum: 0.3]
         [Termination Attempts: Min: 1, Avg: 1.0, Max: 1, Diff: 0, Sum: 8]
      [GC Worker Other (ms): Min: 0.0, Avg: 0.0, Max: 0.0, Diff: 0.0, Sum: 0.1]
      [GC Worker Total (ms): Min: 11.5, Avg: 11.5, Max: 11.6, Diff: 0.1, Sum: 92.1]
      [GC Worker End (ms): Min: 5876.9, Avg: 5876.9, Max: 5876.9, Diff: 0.0]
   [Code Root Fixup: 0.0 ms]
   [Code Root Purge: 0.0 ms]
   [Clear CT: 0.2 ms]
   [Other: 0.7 ms]
      [Choose CSet: 0.0 ms]
      [Ref Proc: 0.2 ms]
      [Ref Enq: 0.0 ms]
      [Redirty Cards: 0.2 ms]
      [Humongous Register: 0.1 ms]
      [Humongous Reclaim: 0.1 ms]
      [Free CSet: 0.1 ms]
   [Eden: 239.0M(239.0M)->0.0B(20.0M) Survivors: 8192.0K->31.0M Heap: 824.4M(1024.0M)->589.6M(1024.0M)]
 [Times: user=0.08 sys=0.00, real=0.01 secs] 
2021-01-18T10:16:08.939-0800: 5.882: [GC pause (G1 Evacuation Pause) (mixed), 0.0083771 secs]
   [Parallel Time: 7.3 ms, GC Workers: 8]
      [GC Worker Start (ms): Min: 5881.8, Avg: 5881.8, Max: 5881.9, Diff: 0.1]
      [Ext Root Scanning (ms): Min: 0.1, Avg: 0.1, Max: 0.2, Diff: 0.1, Sum: 1.0]
      [Update RS (ms): Min: 0.5, Avg: 0.5, Max: 0.5, Diff: 0.1, Sum: 4.1]
         [Processed Buffers: Min: 5, Avg: 6.4, Max: 7, Diff: 2, Sum: 51]
      [Scan RS (ms): Min: 0.0, Avg: 0.1, Max: 0.1, Diff: 0.1, Sum: 0.4]
      [Code Root Scanning (ms): Min: 0.0, Avg: 0.0, Max: 0.0, Diff: 0.0, Sum: 0.0]
      [Object Copy (ms): Min: 5.3, Avg: 5.4, Max: 6.3, Diff: 1.0, Sum: 43.5]
      [Termination (ms): Min: 0.0, Avg: 0.9, Max: 1.2, Diff: 1.2, Sum: 7.6]
         [Termination Attempts: Min: 1, Avg: 1.0, Max: 1, Diff: 0, Sum: 8]
      [GC Worker Other (ms): Min: 0.0, Avg: 0.0, Max: 0.0, Diff: 0.0, Sum: 0.1]
      [GC Worker Total (ms): Min: 7.0, Avg: 7.1, Max: 7.2, Diff: 0.2, Sum: 56.7]
      [GC Worker End (ms): Min: 5888.8, Avg: 5888.9, Max: 5889.0, Diff: 0.2]
   [Code Root Fixup: 0.0 ms]
   [Code Root Purge: 0.0 ms]
   [Clear CT: 0.2 ms]
   [Other: 0.9 ms]
      [Choose CSet: 0.0 ms]
      [Ref Proc: 0.3 ms]
      [Ref Enq: 0.0 ms]
      [Redirty Cards: 0.2 ms]
      [Humongous Register: 0.1 ms]
      [Humongous Reclaim: 0.0 ms]
      [Free CSet: 0.1 ms]
   [Eden: 20.0M(20.0M)->0.0B(44.0M) Survivors: 31.0M->7168.0K Heap: 614.7M(1024.0M)->516.0M(1024.0M)]
 [Times: user=0.05 sys=0.00, real=0.01 secs] 
2021-01-18T10:16:08.956-0800: 5.898: [GC pause (G1 Evacuation Pause) (mixed), 0.0084613 secs]
   [Parallel Time: 6.9 ms, GC Workers: 8]
      [GC Worker Start (ms): Min: 5898.5, Avg: 5898.6, Max: 5898.7, Diff: 0.1]
      [Ext Root Scanning (ms): Min: 0.1, Avg: 0.1, Max: 0.2, Diff: 0.1, Sum: 1.0]
      [Update RS (ms): Min: 1.6, Avg: 1.7, Max: 2.0, Diff: 0.4, Sum: 13.2]
         [Processed Buffers: Min: 4, Avg: 16.4, Max: 21, Diff: 17, Sum: 131]
      [Scan RS (ms): Min: 0.0, Avg: 0.1, Max: 0.2, Diff: 0.2, Sum: 0.5]
      [Code Root Scanning (ms): Min: 0.0, Avg: 0.0, Max: 0.0, Diff: 0.0, Sum: 0.0]
      [Object Copy (ms): Min: 3.6, Avg: 3.8, Max: 4.4, Diff: 0.8, Sum: 30.4]
      [Termination (ms): Min: 0.0, Avg: 0.9, Max: 1.2, Diff: 1.2, Sum: 7.4]
         [Termination Attempts: Min: 1, Avg: 1.0, Max: 1, Diff: 0, Sum: 8]
      [GC Worker Other (ms): Min: 0.0, Avg: 0.0, Max: 0.0, Diff: 0.0, Sum: 0.1]
      [GC Worker Total (ms): Min: 6.5, Avg: 6.6, Max: 6.7, Diff: 0.3, Sum: 52.7]
      [GC Worker End (ms): Min: 5905.1, Avg: 5905.2, Max: 5905.4, Diff: 0.2]
   [Code Root Fixup: 0.0 ms]
   [Code Root Purge: 0.0 ms]
   [Clear CT: 0.2 ms]
   [Other: 1.4 ms]
      [Choose CSet: 0.0 ms]
      [Ref Proc: 0.8 ms]
      [Ref Enq: 0.0 ms]
      [Redirty Cards: 0.2 ms]
      [Humongous Register: 0.1 ms]
      [Humongous Reclaim: 0.1 ms]
      [Free CSet: 0.1 ms]
   [Eden: 44.0M(44.0M)->0.0B(257.0M) Survivors: 7168.0K->7168.0K Heap: 575.2M(1024.0M)->503.5M(1024.0M)]
 [Times: user=0.05 sys=0.00, real=0.01 secs] 
2021-01-18T10:16:08.965-0800: 5.907: [GC pause (G1 Humongous Allocation) (young) (initial-mark), 0.0017549 secs]
   [Parallel Time: 1.0 ms, GC Workers: 8]
      [GC Worker Start (ms): Min: 5907.3, Avg: 5907.4, Max: 5907.5, Diff: 0.2]
      [Ext Root Scanning (ms): Min: 0.1, Avg: 0.2, Max: 0.2, Diff: 0.2, Sum: 1.2]
      [Update RS (ms): Min: 0.1, Avg: 0.1, Max: 0.2, Diff: 0.2, Sum: 1.0]
         [Processed Buffers: Min: 1, Avg: 1.1, Max: 2, Diff: 1, Sum: 9]
      [Scan RS (ms): Min: 0.0, Avg: 0.0, Max: 0.0, Diff: 0.0, Sum: 0.0]
      [Code Root Scanning (ms): Min: 0.0, Avg: 0.0, Max: 0.0, Diff: 0.0, Sum: 0.0]
      [Object Copy (ms): Min: 0.4, Avg: 0.5, Max: 0.5, Diff: 0.2, Sum: 3.8]
      [Termination (ms): Min: 0.0, Avg: 0.0, Max: 0.1, Diff: 0.1, Sum: 0.3]
         [Termination Attempts: Min: 1, Avg: 1.0, Max: 1, Diff: 0, Sum: 8]
      [GC Worker Other (ms): Min: 0.0, Avg: 0.0, Max: 0.0, Diff: 0.0, Sum: 0.1]
      [GC Worker Total (ms): Min: 0.7, Avg: 0.8, Max: 0.9, Diff: 0.1, Sum: 6.4]
      [GC Worker End (ms): Min: 5908.2, Avg: 5908.2, Max: 5908.3, Diff: 0.0]
   [Code Root Fixup: 0.0 ms]
   [Code Root Purge: 0.0 ms]
   [Clear CT: 0.1 ms]
   [Other: 0.7 ms]
      [Choose CSet: 0.0 ms]
      [Ref Proc: 0.2 ms]
      [Ref Enq: 0.0 ms]
      [Redirty Cards: 0.2 ms]
      [Humongous Register: 0.1 ms]
      [Humongous Reclaim: 0.0 ms]
      [Free CSet: 0.0 ms]
   [Eden: 1024.0K(257.0M)->0.0B(272.0M) Survivors: 7168.0K->8192.0K Heap: 504.1M(1024.0M)->503.7M(1024.0M)]
 [Times: user=0.01 sys=0.01, real=0.00 secs] 
2021-01-18T10:16:08.967-0800: 5.909: [GC concurrent-root-region-scan-start]
2021-01-18T10:16:08.967-0800: 5.909: [GC concurrent-root-region-scan-end, 0.0001259 secs]
2021-01-18T10:16:08.967-0800: 5.909: [GC concurrent-mark-start]
2021-01-18T10:16:08.969-0800: 5.911: [GC concurrent-mark-end, 0.0015153 secs]
2021-01-18T10:16:08.969-0800: 5.911: [GC remark 2021-01-18T10:16:08.969-0800: 5.911: [Finalize Marking, 0.0002232 secs] 2021-01-18T10:16:08.969-0800: 5.911: [GC ref-proc, 0.0000574 secs] 2021-01-18T10:16:08.969-0800: 5.911: [Unloading, 0.0005982 secs], 0.0022471 secs]
 [Times: user=0.01 sys=0.00, real=0.01 secs] 
2021-01-18T10:16:08.971-0800: 5.913: [GC cleanup 518M->512M(1024M), 0.0009569 secs]
 [Times: user=0.01 sys=0.00, real=0.00 secs] 
2021-01-18T10:16:08.972-0800: 5.914: [GC concurrent-cleanup-start]
2021-01-18T10:16:08.972-0800: 5.914: [GC concurrent-cleanup-end, 0.0000173 secs]
2021-01-18T10:16:09.020-0800: 5.962: [GC pause (G1 Evacuation Pause) (young) (to-space exhausted), 0.0153209 secs]
   [Parallel Time: 13.4 ms, GC Workers: 8]
      [GC Worker Start (ms): Min: 5961.8, Avg: 5961.9, Max: 5961.9, Diff: 0.1]
      [Ext Root Scanning (ms): Min: 0.1, Avg: 0.1, Max: 0.2, Diff: 0.1, Sum: 0.9]
      [Update RS (ms): Min: 6.6, Avg: 6.6, Max: 6.7, Diff: 0.0, Sum: 53.1]
         [Processed Buffers: Min: 13, Avg: 79.5, Max: 96, Diff: 83, Sum: 636]
      [Scan RS (ms): Min: 0.0, Avg: 0.0, Max: 0.0, Diff: 0.0, Sum: 0.2]
      [Code Root Scanning (ms): Min: 0.0, Avg: 0.0, Max: 0.0, Diff: 0.0, Sum: 0.0]
      [Object Copy (ms): Min: 5.7, Avg: 5.8, Max: 6.4, Diff: 0.7, Sum: 46.5]
      [Termination (ms): Min: 0.0, Avg: 0.7, Max: 0.8, Diff: 0.8, Sum: 5.3]
         [Termination Attempts: Min: 1, Avg: 1.4, Max: 2, Diff: 1, Sum: 11]
      [GC Worker Other (ms): Min: 0.0, Avg: 0.0, Max: 0.0, Diff: 0.0, Sum: 0.1]
      [GC Worker Total (ms): Min: 13.2, Avg: 13.3, Max: 13.4, Diff: 0.2, Sum: 106.1]
      [GC Worker End (ms): Min: 5975.1, Avg: 5975.2, Max: 5975.3, Diff: 0.2]
   [Code Root Fixup: 0.0 ms]
   [Code Root Purge: 0.0 ms]
   [Clear CT: 0.1 ms]
   [Other: 1.7 ms]
      [Evacuation Failure: 0.3 ms]
      [Choose CSet: 0.0 ms]
      [Ref Proc: 0.8 ms]
      [Ref Enq: 0.0 ms]
      [Redirty Cards: 0.2 ms]
      [Humongous Register: 0.1 ms]
      [Humongous Reclaim: 0.1 ms]
      [Free CSet: 0.1 ms]
   [Eden: 272.0M(272.0M)->0.0B(16.0M) Survivors: 8192.0K->35.0M Heap: 848.0M(1024.0M)->662.7M(1024.0M)]
 [Times: user=0.09 sys=0.00, real=0.01 secs] 
2021-01-18T10:16:09.039-0800: 5.981: [GC pause (G1 Evacuation Pause) (mixed), 0.0102468 secs]
   [Parallel Time: 8.6 ms, GC Workers: 8]
      [GC Worker Start (ms): Min: 5981.0, Avg: 5981.1, Max: 5981.2, Diff: 0.1]
      [Ext Root Scanning (ms): Min: 0.0, Avg: 0.1, Max: 0.2, Diff: 0.1, Sum: 0.9]
      [Update RS (ms): Min: 0.7, Avg: 0.8, Max: 0.8, Diff: 0.1, Sum: 6.1]
         [Processed Buffers: Min: 8, Avg: 9.0, Max: 11, Diff: 3, Sum: 72]
      [Scan RS (ms): Min: 0.0, Avg: 0.1, Max: 0.1, Diff: 0.1, Sum: 0.4]
      [Code Root Scanning (ms): Min: 0.0, Avg: 0.0, Max: 0.0, Diff: 0.0, Sum: 0.0]
      [Object Copy (ms): Min: 6.2, Avg: 6.4, Max: 7.1, Diff: 1.0, Sum: 50.9]
      [Termination (ms): Min: 0.0, Avg: 0.9, Max: 1.2, Diff: 1.2, Sum: 7.4]
         [Termination Attempts: Min: 1, Avg: 1.0, Max: 1, Diff: 0, Sum: 8]
      [GC Worker Other (ms): Min: 0.0, Avg: 0.0, Max: 0.0, Diff: 0.0, Sum: 0.1]
      [GC Worker Total (ms): Min: 8.1, Avg: 8.2, Max: 8.5, Diff: 0.4, Sum: 66.0]
      [GC Worker End (ms): Min: 5989.2, Avg: 5989.3, Max: 5989.5, Diff: 0.4]
   [Code Root Fixup: 0.0 ms]
   [Code Root Purge: 0.0 ms]
   [Clear CT: 0.2 ms]
   [Other: 1.4 ms]
      [Choose CSet: 0.1 ms]
      [Ref Proc: 0.7 ms]
      [Ref Enq: 0.0 ms]
      [Redirty Cards: 0.2 ms]
      [Humongous Register: 0.1 ms]
      [Humongous Reclaim: 0.1 ms]
      [Free CSet: 0.2 ms]
   [Eden: 16.0M(16.0M)->0.0B(45.0M) Survivors: 35.0M->6144.0K Heap: 685.4M(1024.0M)->593.1M(1024.0M)]
 [Times: user=0.06 sys=0.00, real=0.01 secs] 
2021-01-18T10:16:09.059-0800: 6.001: [GC pause (G1 Evacuation Pause) (mixed), 0.0049273 secs]
   [Parallel Time: 4.1 ms, GC Workers: 8]
      [GC Worker Start (ms): Min: 6001.4, Avg: 6001.5, Max: 6001.6, Diff: 0.2]
      [Ext Root Scanning (ms): Min: 0.0, Avg: 0.1, Max: 0.2, Diff: 0.2, Sum: 1.1]
      [Update RS (ms): Min: 1.3, Avg: 1.4, Max: 1.4, Diff: 0.1, Sum: 10.8]
         [Processed Buffers: Min: 1, Avg: 10.2, Max: 16, Diff: 15, Sum: 82]
      [Scan RS (ms): Min: 0.0, Avg: 0.0, Max: 0.1, Diff: 0.1, Sum: 0.3]
      [Code Root Scanning (ms): Min: 0.0, Avg: 0.0, Max: 0.0, Diff: 0.0, Sum: 0.0]
      [Object Copy (ms): Min: 2.3, Avg: 2.4, Max: 2.4, Diff: 0.1, Sum: 18.9]
      [Termination (ms): Min: 0.0, Avg: 0.0, Max: 0.0, Diff: 0.0, Sum: 0.2]
         [Termination Attempts: Min: 1, Avg: 1.0, Max: 1, Diff: 0, Sum: 8]
      [GC Worker Other (ms): Min: 0.0, Avg: 0.0, Max: 0.0, Diff: 0.0, Sum: 0.1]
      [GC Worker Total (ms): Min: 3.8, Avg: 3.9, Max: 4.0, Diff: 0.3, Sum: 31.3]
      [GC Worker End (ms): Min: 6005.4, Avg: 6005.4, Max: 6005.4, Diff: 0.0]
   [Code Root Fixup: 0.0 ms]
   [Code Root Purge: 0.0 ms]
   [Clear CT: 0.1 ms]
   [Other: 0.7 ms]
      [Choose CSet: 0.0 ms]
      [Ref Proc: 0.2 ms]
      [Ref Enq: 0.0 ms]
      [Redirty Cards: 0.1 ms]
      [Humongous Register: 0.1 ms]
      [Humongous Reclaim: 0.0 ms]
      [Free CSet: 0.1 ms]
   [Eden: 45.0M(45.0M)->0.0B(196.0M) Survivors: 6144.0K->7168.0K Heap: 647.2M(1024.0M)->598.3M(1024.0M)]
 [Times: user=0.02 sys=0.00, real=0.01 secs] 
2021-01-18T10:16:09.064-0800: 6.007: [GC pause (G1 Humongous Allocation) (young) (initial-mark), 0.0026738 secs]
   [Parallel Time: 1.8 ms, GC Workers: 8]
      [GC Worker Start (ms): Min: 6006.8, Avg: 6006.9, Max: 6006.9, Diff: 0.1]
      [Ext Root Scanning (ms): Min: 0.1, Avg: 0.2, Max: 0.3, Diff: 0.1, Sum: 1.3]
      [Update RS (ms): Min: 0.0, Avg: 0.4, Max: 1.5, Diff: 1.5, Sum: 3.5]
         [Processed Buffers: Min: 0, Avg: 1.1, Max: 2, Diff: 2, Sum: 9]
      [Scan RS (ms): Min: 0.0, Avg: 0.0, Max: 0.0, Diff: 0.0, Sum: 0.0]
      [Code Root Scanning (ms): Min: 0.0, Avg: 0.0, Max: 0.0, Diff: 0.0, Sum: 0.0]
      [Object Copy (ms): Min: 0.0, Avg: 0.4, Max: 0.7, Diff: 0.7, Sum: 3.1]
      [Termination (ms): Min: 0.1, Avg: 0.7, Max: 1.0, Diff: 1.0, Sum: 5.6]
         [Termination Attempts: Min: 1, Avg: 1.5, Max: 2, Diff: 1, Sum: 12]
      [GC Worker Other (ms): Min: 0.0, Avg: 0.0, Max: 0.0, Diff: 0.0, Sum: 0.1]
      [GC Worker Total (ms): Min: 1.7, Avg: 1.7, Max: 1.8, Diff: 0.1, Sum: 13.6]
      [GC Worker End (ms): Min: 6008.6, Avg: 6008.6, Max: 6008.6, Diff: 0.0]
   [Code Root Fixup: 0.0 ms]
   [Code Root Purge: 0.0 ms]
   [Clear CT: 0.2 ms]
   [Other: 0.7 ms]
      [Choose CSet: 0.0 ms]
      [Ref Proc: 0.2 ms]
      [Ref Enq: 0.0 ms]
      [Redirty Cards: 0.1 ms]
      [Humongous Register: 0.2 ms]
      [Humongous Reclaim: 0.0 ms]
      [Free CSet: 0.0 ms]
   [Eden: 2048.0K(196.0M)->0.0B(169.0M) Survivors: 7168.0K->8192.0K Heap: 599.8M(1024.0M)->598.8M(1024.0M)]
 [Times: user=0.01 sys=0.00, real=0.00 secs] 
2021-01-18T10:16:09.067-0800: 6.009: [GC concurrent-root-region-scan-start]
2021-01-18T10:16:09.067-0800: 6.009: [GC concurrent-root-region-scan-end, 0.0000940 secs]
2021-01-18T10:16:09.067-0800: 6.009: [GC concurrent-mark-start]
2021-01-18T10:16:09.069-0800: 6.011: [GC concurrent-mark-end, 0.0015146 secs]
2021-01-18T10:16:09.069-0800: 6.011: [GC remark 2021-01-18T10:16:09.069-0800: 6.011: [Finalize Marking, 0.0002347 secs] 2021-01-18T10:16:09.069-0800: 6.011: [GC ref-proc, 0.0000565 secs] 2021-01-18T10:16:09.069-0800: 6.011: [Unloading, 0.0005350 secs], 0.0020056 secs]
 [Times: user=0.01 sys=0.00, real=0.01 secs] 
2021-01-18T10:16:09.071-0800: 6.013: [GC cleanup 609M->599M(1024M), 0.0012191 secs]
 [Times: user=0.00 sys=0.00, real=0.00 secs] 
2021-01-18T10:16:09.073-0800: 6.015: [GC concurrent-cleanup-start]
2021-01-18T10:16:09.073-0800: 6.015: [GC concurrent-cleanup-end, 0.0000213 secs]
2021-01-18T10:16:09.104-0800: 6.046: [GC pause (G1 Evacuation Pause) (young), 0.0115437 secs]
   [Parallel Time: 10.3 ms, GC Workers: 8]
      [GC Worker Start (ms): Min: 6046.0, Avg: 6046.1, Max: 6046.2, Diff: 0.2]
      [Ext Root Scanning (ms): Min: 0.0, Avg: 0.1, Max: 0.2, Diff: 0.2, Sum: 0.7]
      [Update RS (ms): Min: 4.2, Avg: 4.2, Max: 4.2, Diff: 0.1, Sum: 33.6]
         [Processed Buffers: Min: 35, Avg: 49.9, Max: 58, Diff: 23, Sum: 399]
      [Scan RS (ms): Min: 0.0, Avg: 0.0, Max: 0.0, Diff: 0.0, Sum: 0.1]
      [Code Root Scanning (ms): Min: 0.0, Avg: 0.0, Max: 0.0, Diff: 0.0, Sum: 0.0]
      [Object Copy (ms): Min: 5.1, Avg: 5.2, Max: 5.6, Diff: 0.4, Sum: 41.7]
      [Termination (ms): Min: 0.0, Avg: 0.4, Max: 0.6, Diff: 0.6, Sum: 3.6]
         [Termination Attempts: Min: 1, Avg: 1.0, Max: 1, Diff: 0, Sum: 8]
      [GC Worker Other (ms): Min: 0.0, Avg: 0.0, Max: 0.0, Diff: 0.0, Sum: 0.1]
      [GC Worker Total (ms): Min: 9.9, Avg: 10.0, Max: 10.2, Diff: 0.3, Sum: 79.9]
      [GC Worker End (ms): Min: 6055.9, Avg: 6056.0, Max: 6056.2, Diff: 0.2]
   [Code Root Fixup: 0.0 ms]
   [Code Root Purge: 0.0 ms]
   [Clear CT: 0.2 ms]
   [Other: 1.1 ms]
      [Choose CSet: 0.0 ms]
      [Ref Proc: 0.4 ms]
      [Ref Enq: 0.0 ms]
      [Redirty Cards: 0.2 ms]
      [Humongous Register: 0.2 ms]
      [Humongous Reclaim: 0.1 ms]
      [Free CSet: 0.1 ms]
   [Eden: 169.0M(169.0M)->0.0B(28.0M) Survivors: 8192.0K->23.0M Heap: 806.7M(1024.0M)->638.0M(1024.0M)]
 [Times: user=0.07 sys=0.00, real=0.01 secs] 
2021-01-18T10:16:09.122-0800: 6.064: [GC pause (G1 Evacuation Pause) (mixed), 0.0059969 secs]
   [Parallel Time: 5.2 ms, GC Workers: 8]
      [GC Worker Start (ms): Min: 6064.3, Avg: 6064.4, Max: 6064.4, Diff: 0.1]
      [Ext Root Scanning (ms): Min: 0.1, Avg: 0.4, Max: 2.1, Diff: 2.0, Sum: 2.8]
      [Update RS (ms): Min: 0.0, Avg: 0.8, Max: 0.9, Diff: 0.9, Sum: 6.1]
         [Processed Buffers: Min: 0, Avg: 8.1, Max: 12, Diff: 12, Sum: 65]
      [Scan RS (ms): Min: 0.0, Avg: 0.1, Max: 0.1, Diff: 0.1, Sum: 0.4]
      [Code Root Scanning (ms): Min: 0.0, Avg: 0.0, Max: 0.0, Diff: 0.0, Sum: 0.0]
      [Object Copy (ms): Min: 2.8, Avg: 3.8, Max: 3.9, Diff: 1.1, Sum: 30.0]
      [Termination (ms): Min: 0.0, Avg: 0.0, Max: 0.0, Diff: 0.0, Sum: 0.2]
         [Termination Attempts: Min: 1, Avg: 1.0, Max: 1, Diff: 0, Sum: 8]
      [GC Worker Other (ms): Min: 0.0, Avg: 0.0, Max: 0.0, Diff: 0.0, Sum: 0.1]
      [GC Worker Total (ms): Min: 4.9, Avg: 5.0, Max: 5.1, Diff: 0.1, Sum: 39.7]
      [GC Worker End (ms): Min: 6069.3, Avg: 6069.3, Max: 6069.4, Diff: 0.0]
   [Code Root Fixup: 0.0 ms]
   [Code Root Purge: 0.0 ms]
   [Clear CT: 0.1 ms]
   [Other: 0.7 ms]
      [Choose CSet: 0.0 ms]
      [Ref Proc: 0.2 ms]
      [Ref Enq: 0.0 ms]
      [Redirty Cards: 0.1 ms]
      [Humongous Register: 0.1 ms]
      [Humongous Reclaim: 0.0 ms]
      [Free CSet: 0.1 ms]
   [Eden: 28.0M(28.0M)->0.0B(44.0M) Survivors: 23.0M->7168.0K Heap: 673.0M(1024.0M)->553.1M(1024.0M)]
 [Times: user=0.03 sys=0.00, real=0.00 secs] 
2021-01-18T10:16:09.136-0800: 6.078: [GC pause (G1 Evacuation Pause) (mixed), 0.0097750 secs]
   [Parallel Time: 8.1 ms, GC Workers: 8]
      [GC Worker Start (ms): Min: 6078.5, Avg: 6078.7, Max: 6079.5, Diff: 1.0]
      [Ext Root Scanning (ms): Min: 0.0, Avg: 0.1, Max: 0.2, Diff: 0.2, Sum: 0.9]
      [Update RS (ms): Min: 0.4, Avg: 1.1, Max: 1.3, Diff: 0.9, Sum: 9.0]
         [Processed Buffers: Min: 4, Avg: 12.0, Max: 15, Diff: 11, Sum: 96]
      [Scan RS (ms): Min: 0.0, Avg: 0.1, Max: 0.1, Diff: 0.1, Sum: 0.4]
      [Code Root Scanning (ms): Min: 0.0, Avg: 0.0, Max: 0.0, Diff: 0.0, Sum: 0.0]
      [Object Copy (ms): Min: 5.5, Avg: 5.7, Max: 6.4, Diff: 0.9, Sum: 45.6]
      [Termination (ms): Min: 0.0, Avg: 0.7, Max: 1.0, Diff: 1.0, Sum: 5.9]
         [Termination Attempts: Min: 1, Avg: 1.0, Max: 1, Diff: 0, Sum: 8]
      [GC Worker Other (ms): Min: 0.0, Avg: 0.0, Max: 0.0, Diff: 0.0, Sum: 0.2]
      [GC Worker Total (ms): Min: 6.9, Avg: 7.8, Max: 8.0, Diff: 1.1, Sum: 62.1]
      [GC Worker End (ms): Min: 6086.4, Avg: 6086.5, Max: 6086.6, Diff: 0.2]
   [Code Root Fixup: 0.0 ms]
   [Code Root Purge: 0.0 ms]
   [Clear CT: 0.3 ms]
   [Other: 1.4 ms]
      [Choose CSet: 0.0 ms]
      [Ref Proc: 0.7 ms]
      [Ref Enq: 0.0 ms]
      [Redirty Cards: 0.2 ms]
      [Humongous Register: 0.1 ms]
      [Humongous Reclaim: 0.1 ms]
      [Free CSet: 0.1 ms]
   [Eden: 44.0M(44.0M)->0.0B(44.0M) Survivors: 7168.0K->7168.0K Heap: 607.9M(1024.0M)->503.8M(1024.0M)]
 [Times: user=0.05 sys=0.00, real=0.01 secs] 
2021-01-18T10:16:09.157-0800: 6.099: [GC pause (G1 Evacuation Pause) (mixed), 0.0050623 secs]
   [Parallel Time: 4.1 ms, GC Workers: 8]
      [GC Worker Start (ms): Min: 6099.3, Avg: 6099.4, Max: 6099.4, Diff: 0.1]
      [Ext Root Scanning (ms): Min: 0.1, Avg: 0.1, Max: 0.2, Diff: 0.1, Sum: 0.9]
      [Update RS (ms): Min: 1.2, Avg: 1.3, Max: 1.3, Diff: 0.1, Sum: 10.1]
         [Processed Buffers: Min: 13, Avg: 13.6, Max: 14, Diff: 1, Sum: 109]
      [Scan RS (ms): Min: 0.0, Avg: 0.0, Max: 0.1, Diff: 0.1, Sum: 0.3]
      [Code Root Scanning (ms): Min: 0.0, Avg: 0.0, Max: 0.0, Diff: 0.0, Sum: 0.0]
      [Object Copy (ms): Min: 2.5, Avg: 2.6, Max: 2.6, Diff: 0.1, Sum: 20.5]
      [Termination (ms): Min: 0.0, Avg: 0.0, Max: 0.0, Diff: 0.0, Sum: 0.2]
         [Termination Attempts: Min: 1, Avg: 1.0, Max: 1, Diff: 0, Sum: 8]
      [GC Worker Other (ms): Min: 0.0, Avg: 0.0, Max: 0.0, Diff: 0.0, Sum: 0.1]
      [GC Worker Total (ms): Min: 4.0, Avg: 4.0, Max: 4.1, Diff: 0.1, Sum: 32.1]
      [GC Worker End (ms): Min: 6103.4, Avg: 6103.4, Max: 6103.4, Diff: 0.0]
   [Code Root Fixup: 0.0 ms]
   [Code Root Purge: 0.0 ms]
   [Clear CT: 0.1 ms]
   [Other: 0.8 ms]
      [Choose CSet: 0.0 ms]
      [Ref Proc: 0.4 ms]
      [Ref Enq: 0.0 ms]
      [Redirty Cards: 0.1 ms]
      [Humongous Register: 0.1 ms]
      [Humongous Reclaim: 0.0 ms]
      [Free CSet: 0.1 ms]
   [Eden: 44.0M(44.0M)->0.0B(237.0M) Survivors: 7168.0K->7168.0K Heap: 560.3M(1024.0M)->509.8M(1024.0M)]
 [Times: user=0.03 sys=0.00, real=0.01 secs] 
2021-01-18T10:16:09.163-0800: 6.106: [GC pause (G1 Humongous Allocation) (young) (initial-mark), 0.0033548 secs]
   [Parallel Time: 2.3 ms, GC Workers: 8]
      [GC Worker Start (ms): Min: 6105.9, Avg: 6106.0, Max: 6106.2, Diff: 0.3]
      [Ext Root Scanning (ms): Min: 0.0, Avg: 0.2, Max: 0.4, Diff: 0.3, Sum: 1.9]
      [Update RS (ms): Min: 0.1, Avg: 0.3, Max: 1.6, Diff: 1.5, Sum: 2.4]
         [Processed Buffers: Min: 1, Avg: 1.1, Max: 2, Diff: 1, Sum: 9]
      [Scan RS (ms): Min: 0.0, Avg: 0.0, Max: 0.0, Diff: 0.0, Sum: 0.0]
      [Code Root Scanning (ms): Min: 0.0, Avg: 0.0, Max: 0.0, Diff: 0.0, Sum: 0.0]
      [Object Copy (ms): Min: 0.0, Avg: 0.7, Max: 1.1, Diff: 1.1, Sum: 5.2]
      [Termination (ms): Min: 0.0, Avg: 0.7, Max: 1.1, Diff: 1.1, Sum: 5.9]
         [Termination Attempts: Min: 1, Avg: 1.0, Max: 1, Diff: 0, Sum: 8]
      [GC Worker Other (ms): Min: 0.0, Avg: 0.0, Max: 0.0, Diff: 0.0, Sum: 0.1]
      [GC Worker Total (ms): Min: 1.8, Avg: 1.9, Max: 2.0, Diff: 0.2, Sum: 15.5]
      [GC Worker End (ms): Min: 6107.8, Avg: 6107.9, Max: 6108.1, Diff: 0.2]
   [Code Root Fixup: 0.0 ms]
   [Code Root Purge: 0.0 ms]
   [Clear CT: 0.1 ms]
   [Other: 0.9 ms]
      [Choose CSet: 0.0 ms]
      [Ref Proc: 0.3 ms]
      [Ref Enq: 0.0 ms]
      [Redirty Cards: 0.1 ms]
      [Humongous Register: 0.2 ms]
      [Humongous Reclaim: 0.0 ms]
      [Free CSet: 0.0 ms]
   [Eden: 8192.0K(237.0M)->0.0B(247.0M) Survivors: 7168.0K->9216.0K Heap: 516.9M(1024.0M)->508.9M(1024.0M)]
 [Times: user=0.01 sys=0.01, real=0.00 secs] 
2021-01-18T10:16:09.167-0800: 6.109: [GC concurrent-root-region-scan-start]
2021-01-18T10:16:09.167-0800: 6.109: [GC concurrent-root-region-scan-end, 0.0001099 secs]
2021-01-18T10:16:09.167-0800: 6.109: [GC concurrent-mark-start]
2021-01-18T10:16:09.169-0800: 6.111: [GC concurrent-mark-end, 0.0016632 secs]
2021-01-18T10:16:09.169-0800: 6.111: [GC remark 2021-01-18T10:16:09.169-0800: 6.111: [Finalize Marking, 0.0002442 secs] 2021-01-18T10:16:09.169-0800: 6.111: [GC ref-proc, 0.0000692 secs] 2021-01-18T10:16:09.169-0800: 6.111: [Unloading, 0.0005618 secs], 0.0019965 secs]
 [Times: user=0.00 sys=0.00, real=0.01 secs] 
2021-01-18T10:16:09.171-0800: 6.113: [GC cleanup 521M->517M(1024M), 0.0012097 secs]
 [Times: user=0.01 sys=0.00, real=0.00 secs] 
2021-01-18T10:16:09.172-0800: 6.114: [GC concurrent-cleanup-start]
2021-01-18T10:16:09.172-0800: 6.114: [GC concurrent-cleanup-end, 0.0000210 secs]
2021-01-18T10:16:09.214-0800: 6.156: [GC pause (G1 Evacuation Pause) (young), 0.0129816 secs]
   [Parallel Time: 11.9 ms, GC Workers: 8]
      [GC Worker Start (ms): Min: 6156.1, Avg: 6156.2, Max: 6156.2, Diff: 0.1]
      [Ext Root Scanning (ms): Min: 0.0, Avg: 0.1, Max: 0.2, Diff: 0.1, Sum: 0.8]
      [Update RS (ms): Min: 3.8, Avg: 4.0, Max: 5.5, Diff: 1.7, Sum: 32.2]
         [Processed Buffers: Min: 15, Avg: 52.1, Max: 62, Diff: 47, Sum: 417]
      [Scan RS (ms): Min: 0.0, Avg: 0.1, Max: 0.2, Diff: 0.2, Sum: 0.4]
      [Code Root Scanning (ms): Min: 0.0, Avg: 0.0, Max: 0.0, Diff: 0.0, Sum: 0.0]
      [Object Copy (ms): Min: 5.3, Avg: 6.9, Max: 7.5, Diff: 2.2, Sum: 55.0]
      [Termination (ms): Min: 0.0, Avg: 0.7, Max: 0.8, Diff: 0.8, Sum: 5.2]
         [Termination Attempts: Min: 1, Avg: 1.0, Max: 1, Diff: 0, Sum: 8]
      [GC Worker Other (ms): Min: 0.0, Avg: 0.0, Max: 0.0, Diff: 0.0, Sum: 0.1]
      [GC Worker Total (ms): Min: 11.6, Avg: 11.7, Max: 11.8, Diff: 0.2, Sum: 93.8]
      [GC Worker End (ms): Min: 6167.8, Avg: 6167.9, Max: 6168.0, Diff: 0.2]
   [Code Root Fixup: 0.0 ms]
   [Code Root Purge: 0.0 ms]
   [Clear CT: 0.2 ms]
   [Other: 0.9 ms]
      [Choose CSet: 0.0 ms]
      [Ref Proc: 0.2 ms]
      [Ref Enq: 0.0 ms]
      [Redirty Cards: 0.2 ms]
      [Humongous Register: 0.1 ms]
      [Humongous Reclaim: 0.1 ms]
      [Free CSet: 0.1 ms]
   [Eden: 247.0M(247.0M)->0.0B(19.0M) Survivors: 9216.0K->32.0M Heap: 802.9M(1024.0M)->558.3M(1024.0M)]
 [Times: user=0.07 sys=0.00, real=0.01 secs] 
2021-01-18T10:16:09.231-0800: 6.173: [GC pause (G1 Evacuation Pause) (mixed), 0.0113326 secs]
   [Parallel Time: 8.5 ms, GC Workers: 8]
      [GC Worker Start (ms): Min: 6173.5, Avg: 6173.5, Max: 6173.6, Diff: 0.1]
      [Ext Root Scanning (ms): Min: 0.1, Avg: 0.1, Max: 0.2, Diff: 0.1, Sum: 0.9]
      [Update RS (ms): Min: 0.6, Avg: 0.7, Max: 1.4, Diff: 0.8, Sum: 5.8]
         [Processed Buffers: Min: 2, Avg: 7.1, Max: 9, Diff: 7, Sum: 57]
      [Scan RS (ms): Min: 0.0, Avg: 0.1, Max: 0.1, Diff: 0.1, Sum: 0.5]
      [Code Root Scanning (ms): Min: 0.0, Avg: 0.0, Max: 0.0, Diff: 0.0, Sum: 0.0]
      [Object Copy (ms): Min: 5.7, Avg: 6.5, Max: 7.4, Diff: 1.7, Sum: 52.0]
      [Termination (ms): Min: 0.0, Avg: 0.8, Max: 1.0, Diff: 1.0, Sum: 6.7]
         [Termination Attempts: Min: 1, Avg: 1.0, Max: 1, Diff: 0, Sum: 8]
      [GC Worker Other (ms): Min: 0.0, Avg: 0.0, Max: 0.0, Diff: 0.0, Sum: 0.1]
      [GC Worker Total (ms): Min: 8.2, Avg: 8.3, Max: 8.3, Diff: 0.1, Sum: 66.1]
      [GC Worker End (ms): Min: 6181.8, Avg: 6181.8, Max: 6181.8, Diff: 0.0]
   [Code Root Fixup: 0.0 ms]
   [Code Root Purge: 0.0 ms]
   [Clear CT: 0.6 ms]
   [Other: 2.2 ms]
      [Choose CSet: 0.0 ms]
      [Ref Proc: 1.3 ms]
      [Ref Enq: 0.0 ms]
      [Redirty Cards: 0.2 ms]
      [Humongous Register: 0.1 ms]
      [Humongous Reclaim: 0.1 ms]
      [Free CSet: 0.3 ms]
   [Eden: 19.0M(19.0M)->0.0B(45.0M) Survivors: 32.0M->6144.0K Heap: 583.2M(1024.0M)->495.8M(1024.0M)]
 [Times: user=0.06 sys=0.00, real=0.01 secs] 
2021-01-18T10:16:09.252-0800: 6.194: [GC pause (G1 Evacuation Pause) (mixed), 0.0054916 secs]
   [Parallel Time: 4.7 ms, GC Workers: 8]
      [GC Worker Start (ms): Min: 6194.2, Avg: 6194.3, Max: 6194.4, Diff: 0.2]
      [Ext Root Scanning (ms): Min: 0.0, Avg: 0.1, Max: 0.2, Diff: 0.2, Sum: 0.9]
      [Update RS (ms): Min: 1.9, Avg: 1.9, Max: 1.9, Diff: 0.0, Sum: 15.0]
         [Processed Buffers: Min: 3, Avg: 15.2, Max: 23, Diff: 20, Sum: 122]
      [Scan RS (ms): Min: 0.0, Avg: 0.0, Max: 0.0, Diff: 0.0, Sum: 0.2]
      [Code Root Scanning (ms): Min: 0.0, Avg: 0.0, Max: 0.0, Diff: 0.0, Sum: 0.0]
      [Object Copy (ms): Min: 2.4, Avg: 2.5, Max: 2.5, Diff: 0.0, Sum: 19.6]
      [Termination (ms): Min: 0.0, Avg: 0.0, Max: 0.1, Diff: 0.1, Sum: 0.2]
         [Termination Attempts: Min: 1, Avg: 1.0, Max: 1, Diff: 0, Sum: 8]
      [GC Worker Other (ms): Min: 0.0, Avg: 0.0, Max: 0.0, Diff: 0.0, Sum: 0.1]
      [GC Worker Total (ms): Min: 4.4, Avg: 4.5, Max: 4.6, Diff: 0.2, Sum: 36.1]
      [GC Worker End (ms): Min: 6198.8, Avg: 6198.8, Max: 6198.8, Diff: 0.0]
   [Code Root Fixup: 0.0 ms]
   [Code Root Purge: 0.0 ms]
   [Clear CT: 0.1 ms]
   [Other: 0.7 ms]
      [Choose CSet: 0.0 ms]
      [Ref Proc: 0.2 ms]
      [Ref Enq: 0.0 ms]
      [Redirty Cards: 0.1 ms]
      [Humongous Register: 0.1 ms]
      [Humongous Reclaim: 0.1 ms]
      [Free CSet: 0.1 ms]
   [Eden: 45.0M(45.0M)->0.0B(264.0M) Survivors: 6144.0K->7168.0K Heap: 554.9M(1024.0M)->499.7M(1024.0M)]
 [Times: user=0.03 sys=0.00, real=0.00 secs] 
2021-01-18T10:16:09.258-0800: 6.200: [GC pause (G1 Humongous Allocation) (young) (initial-mark), 0.0032086 secs]
   [Parallel Time: 2.1 ms, GC Workers: 8]
      [GC Worker Start (ms): Min: 6200.2, Avg: 6200.3, Max: 6200.3, Diff: 0.2]
      [Ext Root Scanning (ms): Min: 0.1, Avg: 0.1, Max: 0.2, Diff: 0.2, Sum: 1.0]
      [Update RS (ms): Min: 0.1, Avg: 0.1, Max: 0.2, Diff: 0.1, Sum: 0.7]
         [Processed Buffers: Min: 1, Avg: 1.1, Max: 2, Diff: 1, Sum: 9]
      [Scan RS (ms): Min: 0.0, Avg: 0.0, Max: 0.0, Diff: 0.0, Sum: 0.0]
      [Code Root Scanning (ms): Min: 0.0, Avg: 0.0, Max: 0.0, Diff: 0.0, Sum: 0.0]
      [Object Copy (ms): Min: 0.6, Avg: 0.8, Max: 1.5, Diff: 0.9, Sum: 6.1]
      [Termination (ms): Min: 0.0, Avg: 0.7, Max: 0.9, Diff: 0.9, Sum: 5.9]
         [Termination Attempts: Min: 1, Avg: 1.0, Max: 1, Diff: 0, Sum: 8]
      [GC Worker Other (ms): Min: 0.0, Avg: 0.0, Max: 0.0, Diff: 0.0, Sum: 0.1]
      [GC Worker Total (ms): Min: 1.6, Avg: 1.7, Max: 1.9, Diff: 0.3, Sum: 13.8]
      [GC Worker End (ms): Min: 6202.0, Avg: 6202.0, Max: 6202.1, Diff: 0.2]
   [Code Root Fixup: 0.0 ms]
   [Code Root Purge: 0.0 ms]
   [Clear CT: 0.2 ms]
   [Other: 0.9 ms]
      [Choose CSet: 0.0 ms]
      [Ref Proc: 0.4 ms]
      [Ref Enq: 0.0 ms]
      [Redirty Cards: 0.2 ms]
      [Humongous Register: 0.1 ms]
      [Humongous Reclaim: 0.1 ms]
      [Free CSet: 0.0 ms]
   [Eden: 2048.0K(264.0M)->0.0B(263.0M) Survivors: 7168.0K->8192.0K Heap: 501.7M(1024.0M)->500.3M(1024.0M)]
 [Times: user=0.02 sys=0.00, real=0.01 secs] 
2021-01-18T10:16:09.261-0800: 6.203: [GC concurrent-root-region-scan-start]
2021-01-18T10:16:09.261-0800: 6.203: [GC concurrent-root-region-scan-end, 0.0000994 secs]
2021-01-18T10:16:09.261-0800: 6.203: [GC concurrent-mark-start]
2021-01-18T10:16:09.263-0800: 6.205: [GC concurrent-mark-end, 0.0013890 secs]
2021-01-18T10:16:09.263-0800: 6.205: [GC remark 2021-01-18T10:16:09.263-0800: 6.205: [Finalize Marking, 0.0002385 secs] 2021-01-18T10:16:09.263-0800: 6.205: [GC ref-proc, 0.0000523 secs] 2021-01-18T10:16:09.263-0800: 6.205: [Unloading, 0.0005208 secs], 0.0017972 secs]
 [Times: user=0.01 sys=0.00, real=0.00 secs] 
2021-01-18T10:16:09.265-0800: 6.207: [GC cleanup 512M->509M(1024M), 0.0009638 secs]
 [Times: user=0.00 sys=0.00, real=0.00 secs] 
2021-01-18T10:16:09.266-0800: 6.208: [GC concurrent-cleanup-start]
2021-01-18T10:16:09.266-0800: 6.208: [GC concurrent-cleanup-end, 0.0000120 secs]
2021-01-18T10:16:09.311-0800: 6.253: [GC pause (G1 Evacuation Pause) (young), 0.0126082 secs]
   [Parallel Time: 11.8 ms, GC Workers: 8]
      [GC Worker Start (ms): Min: 6253.0, Avg: 6253.1, Max: 6253.2, Diff: 0.1]
      [Ext Root Scanning (ms): Min: 0.1, Avg: 0.1, Max: 0.2, Diff: 0.1, Sum: 0.8]
      [Update RS (ms): Min: 4.6, Avg: 4.9, Max: 6.4, Diff: 1.8, Sum: 38.9]
         [Processed Buffers: Min: 50, Avg: 66.6, Max: 73, Diff: 23, Sum: 533]
      [Scan RS (ms): Min: 0.0, Avg: 0.1, Max: 0.4, Diff: 0.3, Sum: 0.6]
      [Code Root Scanning (ms): Min: 0.0, Avg: 0.0, Max: 0.0, Diff: 0.0, Sum: 0.0]
      [Object Copy (ms): Min: 4.9, Avg: 6.5, Max: 6.8, Diff: 1.9, Sum: 51.7]
      [Termination (ms): Min: 0.0, Avg: 0.1, Max: 0.2, Diff: 0.2, Sum: 1.1]
         [Termination Attempts: Min: 1, Avg: 1.0, Max: 1, Diff: 0, Sum: 8]
      [GC Worker Other (ms): Min: 0.0, Avg: 0.0, Max: 0.0, Diff: 0.0, Sum: 0.1]
      [GC Worker Total (ms): Min: 11.6, Avg: 11.7, Max: 11.8, Diff: 0.2, Sum: 93.3]
      [GC Worker End (ms): Min: 6264.7, Avg: 6264.8, Max: 6264.8, Diff: 0.1]
   [Code Root Fixup: 0.0 ms]
   [Code Root Purge: 0.0 ms]
   [Clear CT: 0.1 ms]
   [Other: 0.6 ms]
      [Choose CSet: 0.0 ms]
      [Ref Proc: 0.1 ms]
      [Ref Enq: 0.0 ms]
      [Redirty Cards: 0.1 ms]
      [Humongous Register: 0.1 ms]
      [Humongous Reclaim: 0.1 ms]
      [Free CSet: 0.1 ms]
   [Eden: 263.0M(263.0M)->0.0B(17.0M) Survivors: 8192.0K->34.0M Heap: 825.7M(1024.0M)->579.2M(1024.0M)]
 [Times: user=0.08 sys=0.00, real=0.01 secs] 
2021-01-18T10:16:09.326-0800: 6.268: [GC pause (G1 Evacuation Pause) (mixed), 0.0101068 secs]
   [Parallel Time: 9.0 ms, GC Workers: 8]
      [GC Worker Start (ms): Min: 6268.6, Avg: 6268.6, Max: 6268.7, Diff: 0.1]
      [Ext Root Scanning (ms): Min: 0.1, Avg: 0.1, Max: 0.2, Diff: 0.2, Sum: 1.1]
      [Update RS (ms): Min: 0.3, Avg: 0.4, Max: 0.4, Diff: 0.1, Sum: 3.3]
         [Processed Buffers: Min: 4, Avg: 5.0, Max: 6, Diff: 2, Sum: 40]
      [Scan RS (ms): Min: 0.0, Avg: 0.1, Max: 0.1, Diff: 0.0, Sum: 0.5]
      [Code Root Scanning (ms): Min: 0.0, Avg: 0.0, Max: 0.0, Diff: 0.0, Sum: 0.0]
      [Object Copy (ms): Min: 6.7, Avg: 7.0, Max: 8.1, Diff: 1.4, Sum: 56.2]
      [Termination (ms): Min: 0.0, Avg: 1.2, Max: 1.5, Diff: 1.5, Sum: 9.6]
         [Termination Attempts: Min: 1, Avg: 1.0, Max: 1, Diff: 0, Sum: 8]
      [GC Worker Other (ms): Min: 0.0, Avg: 0.0, Max: 0.0, Diff: 0.0, Sum: 0.1]
      [GC Worker Total (ms): Min: 8.7, Avg: 8.9, Max: 8.9, Diff: 0.2, Sum: 70.9]
      [GC Worker End (ms): Min: 6277.4, Avg: 6277.5, Max: 6277.6, Diff: 0.2]
   [Code Root Fixup: 0.0 ms]
   [Code Root Purge: 0.0 ms]
   [Clear CT: 0.2 ms]
   [Other: 0.9 ms]
      [Choose CSet: 0.0 ms]
      [Ref Proc: 0.2 ms]
      [Ref Enq: 0.0 ms]
      [Redirty Cards: 0.2 ms]
      [Humongous Register: 0.1 ms]
      [Humongous Reclaim: 0.0 ms]
      [Free CSet: 0.1 ms]
   [Eden: 17.0M(17.0M)->0.0B(45.0M) Survivors: 34.0M->6144.0K Heap: 599.9M(1024.0M)->513.8M(1024.0M)]
 [Times: user=0.06 sys=0.00, real=0.01 secs] 
2021-01-18T10:16:09.345-0800: 6.288: [GC pause (G1 Evacuation Pause) (mixed), 0.0052309 secs]
   [Parallel Time: 4.3 ms, GC Workers: 8]
      [GC Worker Start (ms): Min: 6287.8, Avg: 6287.9, Max: 6287.9, Diff: 0.1]
      [Ext Root Scanning (ms): Min: 0.1, Avg: 0.1, Max: 0.2, Diff: 0.1, Sum: 0.9]
      [Update RS (ms): Min: 0.6, Avg: 0.7, Max: 0.7, Diff: 0.1, Sum: 5.2]
         [Processed Buffers: Min: 6, Avg: 7.0, Max: 9, Diff: 3, Sum: 56]
      [Scan RS (ms): Min: 0.0, Avg: 0.1, Max: 0.3, Diff: 0.3, Sum: 0.7]
      [Code Root Scanning (ms): Min: 0.0, Avg: 0.0, Max: 0.0, Diff: 0.0, Sum: 0.0]
      [Object Copy (ms): Min: 3.0, Avg: 3.2, Max: 3.2, Diff: 0.2, Sum: 25.3]
      [Termination (ms): Min: 0.0, Avg: 0.0, Max: 0.1, Diff: 0.1, Sum: 0.3]
         [Termination Attempts: Min: 1, Avg: 1.0, Max: 1, Diff: 0, Sum: 8]
      [GC Worker Other (ms): Min: 0.0, Avg: 0.0, Max: 0.0, Diff: 0.0, Sum: 0.1]
      [GC Worker Total (ms): Min: 4.0, Avg: 4.1, Max: 4.2, Diff: 0.1, Sum: 32.7]
      [GC Worker End (ms): Min: 6291.9, Avg: 6292.0, Max: 6292.0, Diff: 0.0]
   [Code Root Fixup: 0.0 ms]
   [Code Root Purge: 0.0 ms]
   [Clear CT: 0.2 ms]
   [Other: 0.8 ms]
      [Choose CSet: 0.0 ms]
      [Ref Proc: 0.2 ms]
      [Ref Enq: 0.0 ms]
      [Redirty Cards: 0.2 ms]
      [Humongous Register: 0.1 ms]
      [Humongous Reclaim: 0.1 ms]
      [Free CSet: 0.1 ms]
   [Eden: 45.0M(45.0M)->0.0B(267.0M) Survivors: 6144.0K->7168.0K Heap: 564.6M(1024.0M)->498.3M(1024.0M)]
 [Times: user=0.03 sys=0.00, real=0.01 secs] 
2021-01-18T10:16:09.351-0800: 6.293: [GC pause (G1 Humongous Allocation) (young) (initial-mark), 0.0019638 secs]
   [Parallel Time: 1.1 ms, GC Workers: 8]
      [GC Worker Start (ms): Min: 6293.5, Avg: 6293.6, Max: 6293.7, Diff: 0.2]
      [Ext Root Scanning (ms): Min: 0.1, Avg: 0.1, Max: 0.3, Diff: 0.2, Sum: 1.1]
      [Update RS (ms): Min: 0.1, Avg: 0.2, Max: 0.4, Diff: 0.3, Sum: 1.7]
         [Processed Buffers: Min: 1, Avg: 1.1, Max: 2, Diff: 1, Sum: 9]
      [Scan RS (ms): Min: 0.0, Avg: 0.0, Max: 0.0, Diff: 0.0, Sum: 0.0]
      [Code Root Scanning (ms): Min: 0.0, Avg: 0.0, Max: 0.0, Diff: 0.0, Sum: 0.0]
      [Object Copy (ms): Min: 0.3, Avg: 0.5, Max: 0.7, Diff: 0.4, Sum: 4.2]
      [Termination (ms): Min: 0.0, Avg: 0.1, Max: 0.1, Diff: 0.1, Sum: 0.4]
         [Termination Attempts: Min: 1, Avg: 1.0, Max: 1, Diff: 0, Sum: 8]
      [GC Worker Other (ms): Min: 0.0, Avg: 0.0, Max: 0.0, Diff: 0.0, Sum: 0.1]
      [GC Worker Total (ms): Min: 0.9, Avg: 0.9, Max: 1.1, Diff: 0.2, Sum: 7.4]
      [GC Worker End (ms): Min: 6294.5, Avg: 6294.5, Max: 6294.5, Diff: 0.0]
   [Code Root Fixup: 0.0 ms]
   [Code Root Purge: 0.0 ms]
   [Clear CT: 0.1 ms]
   [Other: 0.7 ms]
      [Choose CSet: 0.0 ms]
      [Ref Proc: 0.2 ms]
      [Ref Enq: 0.0 ms]
      [Redirty Cards: 0.2 ms]
      [Humongous Register: 0.1 ms]
      [Humongous Reclaim: 0.0 ms]
      [Free CSet: 0.0 ms]
   [Eden: 2048.0K(267.0M)->0.0B(265.0M) Survivors: 7168.0K->8192.0K Heap: 500.1M(1024.0M)->498.9M(1024.0M)]
 [Times: user=0.01 sys=0.00, real=0.00 secs] 
2021-01-18T10:16:09.353-0800: 6.295: [GC concurrent-root-region-scan-start]
2021-01-18T10:16:09.353-0800: 6.296: [GC concurrent-root-region-scan-end, 0.0000904 secs]
2021-01-18T10:16:09.353-0800: 6.296: [GC concurrent-mark-start]
2021-01-18T10:16:09.355-0800: 6.297: [GC concurrent-mark-end, 0.0013384 secs]
2021-01-18T10:16:09.355-0800: 6.297: [GC remark 2021-01-18T10:16:09.355-0800: 6.297: [Finalize Marking, 0.0002598 secs] 2021-01-18T10:16:09.355-0800: 6.297: [GC ref-proc, 0.0000584 secs] 2021-01-18T10:16:09.355-0800: 6.297: [Unloading, 0.0005610 secs], 0.0020335 secs]
 [Times: user=0.01 sys=0.01, real=0.00 secs] 
2021-01-18T10:16:09.357-0800: 6.299: [GC cleanup 508M->507M(1024M), 0.0010891 secs]
 [Times: user=0.01 sys=0.00, real=0.00 secs] 
2021-01-18T10:16:09.358-0800: 6.300: [GC concurrent-cleanup-start]
2021-01-18T10:16:09.358-0800: 6.300: [GC concurrent-cleanup-end, 0.0000313 secs]
2021-01-18T10:16:09.401-0800: 6.343: [GC pause (G1 Evacuation Pause) (young) (to-space exhausted), 0.0141011 secs]
   [Parallel Time: 12.7 ms, GC Workers: 8]
      [GC Worker Start (ms): Min: 6343.2, Avg: 6343.3, Max: 6343.3, Diff: 0.1]
      [Ext Root Scanning (ms): Min: 0.1, Avg: 0.1, Max: 0.1, Diff: 0.1, Sum: 0.9]
      [Update RS (ms): Min: 5.0, Avg: 5.0, Max: 5.1, Diff: 0.0, Sum: 40.3]
         [Processed Buffers: Min: 76, Avg: 78.2, Max: 80, Diff: 4, Sum: 626]
      [Scan RS (ms): Min: 0.0, Avg: 0.0, Max: 0.0, Diff: 0.0, Sum: 0.2]
      [Code Root Scanning (ms): Min: 0.0, Avg: 0.0, Max: 0.0, Diff: 0.0, Sum: 0.0]
      [Object Copy (ms): Min: 7.3, Avg: 7.3, Max: 7.4, Diff: 0.1, Sum: 58.6]
      [Termination (ms): Min: 0.0, Avg: 0.1, Max: 0.1, Diff: 0.1, Sum: 0.5]
         [Termination Attempts: Min: 1, Avg: 1.0, Max: 1, Diff: 0, Sum: 8]
      [GC Worker Other (ms): Min: 0.0, Avg: 0.0, Max: 0.0, Diff: 0.0, Sum: 0.2]
      [GC Worker Total (ms): Min: 12.5, Avg: 12.6, Max: 12.7, Diff: 0.1, Sum: 100.6]
      [GC Worker End (ms): Min: 6355.8, Avg: 6355.8, Max: 6355.9, Diff: 0.1]
   [Code Root Fixup: 0.0 ms]
   [Code Root Purge: 0.0 ms]
   [Clear CT: 0.2 ms]
   [Other: 1.2 ms]
      [Evacuation Failure: 0.2 ms]
      [Choose CSet: 0.0 ms]
      [Ref Proc: 0.5 ms]
      [Ref Enq: 0.0 ms]
      [Redirty Cards: 0.1 ms]
      [Humongous Register: 0.1 ms]
      [Humongous Reclaim: 0.1 ms]
      [Free CSet: 0.1 ms]
   [Eden: 265.0M(265.0M)->0.0B(16.0M) Survivors: 8192.0K->35.0M Heap: 839.9M(1024.0M)->577.5M(1024.0M)]
 [Times: user=0.09 sys=0.00, real=0.01 secs] 
2021-01-18T10:16:09.418-0800: 6.360: [GC pause (G1 Evacuation Pause) (mixed), 0.0091798 secs]
   [Parallel Time: 8.1 ms, GC Workers: 8]
      [GC Worker Start (ms): Min: 6360.6, Avg: 6360.8, Max: 6361.4, Diff: 0.8]
      [Ext Root Scanning (ms): Min: 0.0, Avg: 0.1, Max: 0.2, Diff: 0.2, Sum: 0.8]
      [Update RS (ms): Min: 0.0, Avg: 0.4, Max: 0.5, Diff: 0.5, Sum: 2.9]
         [Processed Buffers: Min: 0, Avg: 6.1, Max: 12, Diff: 12, Sum: 49]
      [Scan RS (ms): Min: 0.0, Avg: 0.0, Max: 0.1, Diff: 0.1, Sum: 0.4]
      [Code Root Scanning (ms): Min: 0.0, Avg: 0.0, Max: 0.0, Diff: 0.0, Sum: 0.0]
      [Object Copy (ms): Min: 6.3, Avg: 6.5, Max: 7.3, Diff: 0.9, Sum: 51.7]
      [Termination (ms): Min: 0.0, Avg: 0.8, Max: 0.9, Diff: 0.9, Sum: 6.4]
         [Termination Attempts: Min: 1, Avg: 1.2, Max: 2, Diff: 1, Sum: 10]
      [GC Worker Other (ms): Min: 0.0, Avg: 0.0, Max: 0.0, Diff: 0.0, Sum: 0.1]
      [GC Worker Total (ms): Min: 7.2, Avg: 7.8, Max: 8.0, Diff: 0.8, Sum: 62.3]
      [GC Worker End (ms): Min: 6368.6, Avg: 6368.6, Max: 6368.6, Diff: 0.0]
   [Code Root Fixup: 0.0 ms]
   [Code Root Purge: 0.0 ms]
   [Clear CT: 0.2 ms]
   [Other: 0.8 ms]
      [Choose CSet: 0.0 ms]
      [Ref Proc: 0.3 ms]
      [Ref Enq: 0.0 ms]
      [Redirty Cards: 0.2 ms]
      [Humongous Register: 0.1 ms]
      [Humongous Reclaim: 0.0 ms]
      [Free CSet: 0.1 ms]
   [Eden: 16.0M(16.0M)->0.0B(45.0M) Survivors: 35.0M->6144.0K Heap: 597.4M(1024.0M)->507.7M(1024.0M)]
 [Times: user=0.06 sys=0.00, real=0.01 secs] 
2021-01-18T10:16:09.444-0800: 6.386: [GC pause (G1 Evacuation Pause) (mixed), 0.0080205 secs]
   [Parallel Time: 6.2 ms, GC Workers: 8]
      [GC Worker Start (ms): Min: 6386.2, Avg: 6386.3, Max: 6386.4, Diff: 0.2]
      [Ext Root Scanning (ms): Min: 0.0, Avg: 0.1, Max: 0.3, Diff: 0.3, Sum: 1.2]
      [Update RS (ms): Min: 1.6, Avg: 1.8, Max: 2.9, Diff: 1.3, Sum: 14.6]
         [Processed Buffers: Min: 0, Avg: 13.1, Max: 20, Diff: 20, Sum: 105]
      [Scan RS (ms): Min: 0.0, Avg: 0.0, Max: 0.1, Diff: 0.1, Sum: 0.3]
      [Code Root Scanning (ms): Min: 0.0, Avg: 0.0, Max: 0.0, Diff: 0.0, Sum: 0.0]
      [Object Copy (ms): Min: 2.1, Avg: 3.4, Max: 4.2, Diff: 2.0, Sum: 27.4]
      [Termination (ms): Min: 0.0, Avg: 0.5, Max: 0.9, Diff: 0.9, Sum: 4.3]
         [Termination Attempts: Min: 1, Avg: 1.0, Max: 1, Diff: 0, Sum: 8]
      [GC Worker Other (ms): Min: 0.0, Avg: 0.0, Max: 0.0, Diff: 0.0, Sum: 0.1]
      [GC Worker Total (ms): Min: 6.0, Avg: 6.0, Max: 6.1, Diff: 0.1, Sum: 48.0]
      [GC Worker End (ms): Min: 6392.3, Avg: 6392.3, Max: 6392.3, Diff: 0.1]
   [Code Root Fixup: 0.0 ms]
   [Code Root Purge: 0.0 ms]
   [Clear CT: 0.2 ms]
   [Other: 1.6 ms]
      [Choose CSet: 0.0 ms]
      [Ref Proc: 1.0 ms]
      [Ref Enq: 0.0 ms]
      [Redirty Cards: 0.1 ms]
      [Humongous Register: 0.2 ms]
      [Humongous Reclaim: 0.1 ms]
      [Free CSet: 0.1 ms]
   [Eden: 45.0M(45.0M)->0.0B(263.0M) Survivors: 6144.0K->7168.0K Heap: 564.6M(1024.0M)->507.1M(1024.0M)]
 [Times: user=0.04 sys=0.00, real=0.01 secs] 
2021-01-18T10:16:09.453-0800: 6.395: [GC pause (G1 Humongous Allocation) (young) (initial-mark), 0.0032888 secs]
   [Parallel Time: 1.8 ms, GC Workers: 8]
      [GC Worker Start (ms): Min: 6394.8, Avg: 6394.9, Max: 6395.1, Diff: 0.2]
      [Ext Root Scanning (ms): Min: 0.0, Avg: 0.3, Max: 1.4, Diff: 1.4, Sum: 2.8]
      [Update RS (ms): Min: 0.0, Avg: 0.2, Max: 1.3, Diff: 1.3, Sum: 2.0]
         [Processed Buffers: Min: 0, Avg: 1.1, Max: 2, Diff: 2, Sum: 9]
      [Scan RS (ms): Min: 0.0, Avg: 0.0, Max: 0.0, Diff: 0.0, Sum: 0.0]
      [Code Root Scanning (ms): Min: 0.0, Avg: 0.0, Max: 0.0, Diff: 0.0, Sum: 0.0]
      [Object Copy (ms): Min: 0.0, Avg: 0.3, Max: 0.5, Diff: 0.5, Sum: 2.6]
      [Termination (ms): Min: 0.1, Avg: 0.7, Max: 1.0, Diff: 1.0, Sum: 6.0]
         [Termination Attempts: Min: 1, Avg: 1.9, Max: 5, Diff: 4, Sum: 15]
      [GC Worker Other (ms): Min: 0.0, Avg: 0.0, Max: 0.0, Diff: 0.0, Sum: 0.1]
      [GC Worker Total (ms): Min: 1.5, Avg: 1.7, Max: 1.7, Diff: 0.2, Sum: 13.5]
      [GC Worker End (ms): Min: 6396.6, Avg: 6396.6, Max: 6396.6, Diff: 0.1]
   [Code Root Fixup: 0.0 ms]
   [Code Root Purge: 0.0 ms]
   [Clear CT: 0.1 ms]
   [Other: 1.3 ms]
      [Choose CSet: 0.0 ms]
      [Ref Proc: 0.9 ms]
      [Ref Enq: 0.0 ms]
      [Redirty Cards: 0.1 ms]
      [Humongous Register: 0.1 ms]
      [Humongous Reclaim: 0.0 ms]
      [Free CSet: 0.0 ms]
   [Eden: 3072.0K(263.0M)->0.0B(260.0M) Survivors: 7168.0K->7168.0K Heap: 509.4M(1024.0M)->507.0M(1024.0M)]
 [Times: user=0.01 sys=0.00, real=0.00 secs] 
2021-01-18T10:16:09.456-0800: 6.398: [GC concurrent-root-region-scan-start]
2021-01-18T10:16:09.456-0800: 6.398: [GC concurrent-root-region-scan-end, 0.0001286 secs]
2021-01-18T10:16:09.456-0800: 6.398: [GC concurrent-mark-start]
2021-01-18T10:16:09.458-0800: 6.400: [GC concurrent-mark-end, 0.0016172 secs]
2021-01-18T10:16:09.458-0800: 6.400: [GC remark 2021-01-18T10:16:09.458-0800: 6.400: [Finalize Marking, 0.0009450 secs] 2021-01-18T10:16:09.459-0800: 6.401: [GC ref-proc, 0.0000586 secs] 2021-01-18T10:16:09.459-0800: 6.401: [Unloading, 0.0006928 secs], 0.0029796 secs]
 [Times: user=0.01 sys=0.00, real=0.01 secs] 
2021-01-18T10:16:09.461-0800: 6.403: [GC cleanup 513M->508M(1024M), 0.0010285 secs]
 [Times: user=0.00 sys=0.01, real=0.00 secs] 
2021-01-18T10:16:09.462-0800: 6.404: [GC concurrent-cleanup-start]
2021-01-18T10:16:09.462-0800: 6.404: [GC concurrent-cleanup-end, 0.0000175 secs]
2021-01-18T10:16:09.511-0800: 6.453: [GC pause (G1 Evacuation Pause) (young), 0.0139085 secs]
   [Parallel Time: 13.1 ms, GC Workers: 8]
      [GC Worker Start (ms): Min: 6453.4, Avg: 6453.4, Max: 6453.6, Diff: 0.2]
      [Ext Root Scanning (ms): Min: 0.0, Avg: 0.1, Max: 0.2, Diff: 0.2, Sum: 0.9]
      [Update RS (ms): Min: 4.8, Avg: 4.9, Max: 4.9, Diff: 0.1, Sum: 39.1]
         [Processed Buffers: Min: 43, Avg: 62.4, Max: 72, Diff: 29, Sum: 499]
      [Scan RS (ms): Min: 0.0, Avg: 0.0, Max: 0.0, Diff: 0.0, Sum: 0.2]
      [Code Root Scanning (ms): Min: 0.0, Avg: 0.0, Max: 0.0, Diff: 0.0, Sum: 0.0]
      [Object Copy (ms): Min: 6.9, Avg: 7.1, Max: 7.7, Diff: 0.8, Sum: 56.7]
      [Termination (ms): Min: 0.0, Avg: 0.7, Max: 0.9, Diff: 0.9, Sum: 5.7]
         [Termination Attempts: Min: 1, Avg: 1.0, Max: 1, Diff: 0, Sum: 8]
      [GC Worker Other (ms): Min: 0.0, Avg: 0.0, Max: 0.0, Diff: 0.0, Sum: 0.1]
      [GC Worker Total (ms): Min: 12.7, Avg: 12.9, Max: 13.0, Diff: 0.3, Sum: 102.8]
      [GC Worker End (ms): Min: 6466.2, Avg: 6466.3, Max: 6466.4, Diff: 0.1]
   [Code Root Fixup: 0.0 ms]
   [Code Root Purge: 0.0 ms]
   [Clear CT: 0.1 ms]
   [Other: 0.7 ms]
      [Choose CSet: 0.0 ms]
      [Ref Proc: 0.2 ms]
      [Ref Enq: 0.0 ms]
      [Redirty Cards: 0.1 ms]
      [Humongous Register: 0.1 ms]
      [Humongous Reclaim: 0.1 ms]
      [Free CSet: 0.1 ms]
   [Eden: 260.0M(260.0M)->0.0B(17.0M) Survivors: 7168.0K->34.0M Heap: 823.6M(1024.0M)->579.6M(1024.0M)]
 [Times: user=0.09 sys=0.00, real=0.01 secs] 
2021-01-18T10:16:09.529-0800: 6.471: [GC pause (G1 Evacuation Pause) (mixed), 0.0094237 secs]
   [Parallel Time: 8.4 ms, GC Workers: 8]
      [GC Worker Start (ms): Min: 6471.3, Avg: 6471.4, Max: 6471.4, Diff: 0.1]
      [Ext Root Scanning (ms): Min: 0.1, Avg: 0.1, Max: 0.2, Diff: 0.1, Sum: 1.2]
      [Update RS (ms): Min: 0.8, Avg: 0.8, Max: 0.9, Diff: 0.0, Sum: 6.6]
         [Processed Buffers: Min: 9, Avg: 9.9, Max: 11, Diff: 2, Sum: 79]
      [Scan RS (ms): Min: 0.0, Avg: 0.1, Max: 0.1, Diff: 0.1, Sum: 0.4]
      [Code Root Scanning (ms): Min: 0.0, Avg: 0.0, Max: 0.0, Diff: 0.0, Sum: 0.0]
      [Object Copy (ms): Min: 6.5, Avg: 6.6, Max: 6.9, Diff: 0.3, Sum: 52.8]
      [Termination (ms): Min: 0.0, Avg: 0.4, Max: 0.7, Diff: 0.7, Sum: 2.9]
         [Termination Attempts: Min: 1, Avg: 2.1, Max: 4, Diff: 3, Sum: 17]
      [GC Worker Other (ms): Min: 0.0, Avg: 0.0, Max: 0.0, Diff: 0.0, Sum: 0.1]
      [GC Worker Total (ms): Min: 7.9, Avg: 8.0, Max: 8.3, Diff: 0.4, Sum: 64.0]
      [GC Worker End (ms): Min: 6479.3, Avg: 6479.4, Max: 6479.7, Diff: 0.4]
   [Code Root Fixup: 0.0 ms]
   [Code Root Purge: 0.0 ms]
   [Clear CT: 0.2 ms]
   [Other: 0.8 ms]
      [Choose CSet: 0.0 ms]
      [Ref Proc: 0.2 ms]
      [Ref Enq: 0.0 ms]
      [Redirty Cards: 0.2 ms]
      [Humongous Register: 0.1 ms]
      [Humongous Reclaim: 0.0 ms]
      [Free CSet: 0.1 ms]
   [Eden: 17.0M(17.0M)->0.0B(45.0M) Survivors: 34.0M->6144.0K Heap: 605.2M(1024.0M)->511.7M(1024.0M)]
 [Times: user=0.05 sys=0.00, real=0.01 secs] 
2021-01-18T10:16:09.547-0800: 6.489: [GC pause (G1 Evacuation Pause) (mixed), 0.0052863 secs]
   [Parallel Time: 4.4 ms, GC Workers: 8]
      [GC Worker Start (ms): Min: 6489.6, Avg: 6489.7, Max: 6489.7, Diff: 0.1]
      [Ext Root Scanning (ms): Min: 0.1, Avg: 0.1, Max: 0.2, Diff: 0.1, Sum: 1.1]
      [Update RS (ms): Min: 1.0, Avg: 1.0, Max: 1.1, Diff: 0.1, Sum: 8.2]
         [Processed Buffers: Min: 9, Avg: 10.8, Max: 12, Diff: 3, Sum: 86]
      [Scan RS (ms): Min: 0.0, Avg: 0.0, Max: 0.1, Diff: 0.1, Sum: 0.3]
      [Code Root Scanning (ms): Min: 0.0, Avg: 0.0, Max: 0.0, Diff: 0.0, Sum: 0.0]
      [Object Copy (ms): Min: 2.9, Avg: 3.0, Max: 3.0, Diff: 0.1, Sum: 23.7]
      [Termination (ms): Min: 0.0, Avg: 0.1, Max: 0.1, Diff: 0.1, Sum: 0.7]
         [Termination Attempts: Min: 1, Avg: 1.0, Max: 1, Diff: 0, Sum: 8]
      [GC Worker Other (ms): Min: 0.0, Avg: 0.0, Max: 0.0, Diff: 0.0, Sum: 0.1]
      [GC Worker Total (ms): Min: 4.2, Avg: 4.3, Max: 4.3, Diff: 0.2, Sum: 34.0]
      [GC Worker End (ms): Min: 6493.9, Avg: 6493.9, Max: 6493.9, Diff: 0.1]
   [Code Root Fixup: 0.0 ms]
   [Code Root Purge: 0.0 ms]
   [Clear CT: 0.2 ms]
   [Other: 0.7 ms]
      [Choose CSet: 0.0 ms]
      [Ref Proc: 0.2 ms]
      [Ref Enq: 0.0 ms]
      [Redirty Cards: 0.2 ms]
      [Humongous Register: 0.1 ms]
      [Humongous Reclaim: 0.0 ms]
      [Free CSet: 0.1 ms]
   [Eden: 45.0M(45.0M)->0.0B(262.0M) Survivors: 6144.0K->7168.0K Heap: 566.3M(1024.0M)->506.4M(1024.0M)]
 [Times: user=0.03 sys=0.00, real=0.01 secs] 
2021-01-18T10:16:09.553-0800: 6.496: [GC pause (G1 Humongous Allocation) (young) (initial-mark), 0.0031220 secs]
   [Parallel Time: 1.4 ms, GC Workers: 8]
      [GC Worker Start (ms): Min: 6495.8, Avg: 6495.9, Max: 6496.0, Diff: 0.2]
      [Ext Root Scanning (ms): Min: 0.0, Avg: 0.3, Max: 0.5, Diff: 0.5, Sum: 2.2]
      [Update RS (ms): Min: 0.0, Avg: 0.1, Max: 0.2, Diff: 0.2, Sum: 0.8]
         [Processed Buffers: Min: 0, Avg: 1.1, Max: 2, Diff: 2, Sum: 9]
      [Scan RS (ms): Min: 0.0, Avg: 0.0, Max: 0.0, Diff: 0.0, Sum: 0.0]
      [Code Root Scanning (ms): Min: 0.0, Avg: 0.0, Max: 0.0, Diff: 0.0, Sum: 0.0]
      [Object Copy (ms): Min: 0.6, Avg: 0.7, Max: 0.9, Diff: 0.2, Sum: 5.6]
      [Termination (ms): Min: 0.0, Avg: 0.1, Max: 0.3, Diff: 0.3, Sum: 1.1]
         [Termination Attempts: Min: 1, Avg: 1.0, Max: 1, Diff: 0, Sum: 8]
      [GC Worker Other (ms): Min: 0.0, Avg: 0.0, Max: 0.0, Diff: 0.0, Sum: 0.1]
      [GC Worker Total (ms): Min: 1.0, Avg: 1.2, Max: 1.4, Diff: 0.4, Sum: 9.9]
      [GC Worker End (ms): Min: 6497.0, Avg: 6497.1, Max: 6497.2, Diff: 0.1]
   [Code Root Fixup: 0.0 ms]
   [Code Root Purge: 0.0 ms]
   [Clear CT: 0.1 ms]
   [Other: 1.5 ms]
      [Choose CSet: 0.0 ms]
      [Ref Proc: 1.0 ms]
      [Ref Enq: 0.0 ms]
      [Redirty Cards: 0.1 ms]
      [Humongous Register: 0.1 ms]
      [Humongous Reclaim: 0.0 ms]
      [Free CSet: 0.1 ms]
   [Eden: 5120.0K(262.0M)->0.0B(269.0M) Survivors: 7168.0K->10.0M Heap: 510.6M(1024.0M)->508.7M(1024.0M)]
 [Times: user=0.02 sys=0.00, real=0.00 secs] 
2021-01-18T10:16:09.557-0800: 6.499: [GC concurrent-root-region-scan-start]
2021-01-18T10:16:09.557-0800: 6.499: [GC concurrent-root-region-scan-end, 0.0001448 secs]
2021-01-18T10:16:09.557-0800: 6.499: [GC concurrent-mark-start]
2021-01-18T10:16:09.559-0800: 6.501: [GC concurrent-mark-end, 0.0017429 secs]
2021-01-18T10:16:09.559-0800: 6.501: [GC remark 2021-01-18T10:16:09.559-0800: 6.501: [Finalize Marking, 0.0002432 secs] 2021-01-18T10:16:09.559-0800: 6.501: [GC ref-proc, 0.0000557 secs] 2021-01-18T10:16:09.559-0800: 6.501: [Unloading, 0.0004828 secs], 0.0018079 secs]
 [Times: user=0.01 sys=0.00, real=0.01 secs] 
2021-01-18T10:16:09.561-0800: 6.503: [GC cleanup 522M->518M(1024M), 0.0009149 secs]
 [Times: user=0.01 sys=0.00, real=0.00 secs] 
2021-01-18T10:16:09.562-0800: 6.504: [GC concurrent-cleanup-start]
2021-01-18T10:16:09.562-0800: 6.504: [GC concurrent-cleanup-end, 0.0000154 secs]
2021-01-18T10:16:09.604-0800: 6.546: [GC pause (G1 Evacuation Pause) (young), 0.0132847 secs]
   [Parallel Time: 12.3 ms, GC Workers: 8]
      [GC Worker Start (ms): Min: 6546.1, Avg: 6546.1, Max: 6546.2, Diff: 0.1]
      [Ext Root Scanning (ms): Min: 0.1, Avg: 0.1, Max: 0.1, Diff: 0.1, Sum: 0.7]
      [Update RS (ms): Min: 4.3, Avg: 4.3, Max: 4.4, Diff: 0.0, Sum: 34.6]
         [Processed Buffers: Min: 51, Avg: 66.4, Max: 71, Diff: 20, Sum: 531]
      [Scan RS (ms): Min: 0.0, Avg: 0.0, Max: 0.0, Diff: 0.0, Sum: 0.2]
      [Code Root Scanning (ms): Min: 0.0, Avg: 0.0, Max: 0.0, Diff: 0.0, Sum: 0.0]
      [Object Copy (ms): Min: 7.6, Avg: 7.6, Max: 7.7, Diff: 0.1, Sum: 61.0]
      [Termination (ms): Min: 0.0, Avg: 0.1, Max: 0.1, Diff: 0.1, Sum: 0.5]
         [Termination Attempts: Min: 1, Avg: 1.0, Max: 1, Diff: 0, Sum: 8]
      [GC Worker Other (ms): Min: 0.0, Avg: 0.0, Max: 0.0, Diff: 0.0, Sum: 0.1]
      [GC Worker Total (ms): Min: 12.1, Avg: 12.1, Max: 12.2, Diff: 0.1, Sum: 97.2]
      [GC Worker End (ms): Min: 6558.3, Avg: 6558.3, Max: 6558.3, Diff: 0.0]
   [Code Root Fixup: 0.0 ms]
   [Code Root Purge: 0.0 ms]
   [Clear CT: 0.1 ms]
   [Other: 0.9 ms]
      [Choose CSet: 0.0 ms]
      [Ref Proc: 0.3 ms]
      [Ref Enq: 0.0 ms]
      [Redirty Cards: 0.1 ms]
      [Humongous Register: 0.1 ms]
      [Humongous Reclaim: 0.1 ms]
      [Free CSet: 0.1 ms]
   [Eden: 269.0M(269.0M)->0.0B(16.0M) Survivors: 10.0M->35.0M Heap: 839.0M(1024.0M)->577.9M(1024.0M)]
 [Times: user=0.09 sys=0.01, real=0.01 secs] 
2021-01-18T10:16:09.620-0800: 6.562: [GC pause (G1 Evacuation Pause) (mixed), 0.0088979 secs]
   [Parallel Time: 7.9 ms, GC Workers: 8]
      [GC Worker Start (ms): Min: 6562.7, Avg: 6562.7, Max: 6562.8, Diff: 0.1]
      [Ext Root Scanning (ms): Min: 0.1, Avg: 0.1, Max: 0.2, Diff: 0.1, Sum: 1.0]
      [Update RS (ms): Min: 0.4, Avg: 0.5, Max: 0.5, Diff: 0.1, Sum: 3.7]
         [Processed Buffers: Min: 4, Avg: 5.4, Max: 6, Diff: 2, Sum: 43]
      [Scan RS (ms): Min: 0.0, Avg: 0.1, Max: 0.1, Diff: 0.1, Sum: 0.5]
      [Code Root Scanning (ms): Min: 0.0, Avg: 0.0, Max: 0.0, Diff: 0.0, Sum: 0.0]
      [Object Copy (ms): Min: 6.4, Avg: 6.5, Max: 6.9, Diff: 0.5, Sum: 52.3]
      [Termination (ms): Min: 0.0, Avg: 0.5, Max: 0.7, Diff: 0.7, Sum: 4.0]
         [Termination Attempts: Min: 1, Avg: 1.0, Max: 1, Diff: 0, Sum: 8]
      [GC Worker Other (ms): Min: 0.0, Avg: 0.0, Max: 0.0, Diff: 0.0, Sum: 0.1]
      [GC Worker Total (ms): Min: 7.5, Avg: 7.7, Max: 7.8, Diff: 0.3, Sum: 61.5]
      [GC Worker End (ms): Min: 6570.3, Avg: 6570.4, Max: 6570.5, Diff: 0.2]
   [Code Root Fixup: 0.0 ms]
   [Code Root Purge: 0.0 ms]
   [Clear CT: 0.2 ms]
   [Other: 0.8 ms]
      [Choose CSet: 0.0 ms]
      [Ref Proc: 0.2 ms]
      [Ref Enq: 0.0 ms]
      [Redirty Cards: 0.2 ms]
      [Humongous Register: 0.1 ms]
      [Humongous Reclaim: 0.0 ms]
      [Free CSet: 0.1 ms]
   [Eden: 16.0M(16.0M)->0.0B(46.0M) Survivors: 35.0M->5120.0K Heap: 598.1M(1024.0M)->511.0M(1024.0M)]
 [Times: user=0.05 sys=0.00, real=0.00 secs] 
2021-01-18T10:16:09.639-0800: 6.582: [GC pause (G1 Evacuation Pause) (mixed), 0.0052438 secs]
   [Parallel Time: 4.3 ms, GC Workers: 8]
      [GC Worker Start (ms): Min: 6581.8, Avg: 6581.8, Max: 6581.9, Diff: 0.1]
      [Ext Root Scanning (ms): Min: 0.1, Avg: 0.1, Max: 0.2, Diff: 0.1, Sum: 1.1]
      [Update RS (ms): Min: 0.8, Avg: 0.8, Max: 0.9, Diff: 0.1, Sum: 6.7]
         [Processed Buffers: Min: 7, Avg: 8.9, Max: 10, Diff: 3, Sum: 71]
      [Scan RS (ms): Min: 0.0, Avg: 0.1, Max: 0.1, Diff: 0.1, Sum: 0.4]
      [Code Root Scanning (ms): Min: 0.0, Avg: 0.0, Max: 0.0, Diff: 0.0, Sum: 0.0]
      [Object Copy (ms): Min: 2.9, Avg: 3.0, Max: 3.0, Diff: 0.1, Sum: 23.8]
      [Termination (ms): Min: 0.0, Avg: 0.1, Max: 0.1, Diff: 0.1, Sum: 0.5]
         [Termination Attempts: Min: 1, Avg: 1.0, Max: 1, Diff: 0, Sum: 8]
      [GC Worker Other (ms): Min: 0.0, Avg: 0.0, Max: 0.0, Diff: 0.0, Sum: 0.1]
      [GC Worker Total (ms): Min: 4.0, Avg: 4.1, Max: 4.1, Diff: 0.1, Sum: 32.6]
      [GC Worker End (ms): Min: 6585.9, Avg: 6585.9, Max: 6585.9, Diff: 0.0]
   [Code Root Fixup: 0.0 ms]
   [Code Root Purge: 0.0 ms]
   [Clear CT: 0.1 ms]
   [Other: 0.8 ms]
      [Choose CSet: 0.0 ms]
      [Ref Proc: 0.3 ms]
      [Ref Enq: 0.0 ms]
      [Redirty Cards: 0.1 ms]
      [Humongous Register: 0.1 ms]
      [Humongous Reclaim: 0.0 ms]
      [Free CSet: 0.1 ms]
   [Eden: 46.0M(46.0M)->0.0B(270.0M) Survivors: 5120.0K->7168.0K Heap: 564.8M(1024.0M)->506.8M(1024.0M)]
 [Times: user=0.04 sys=0.00, real=0.01 secs] 
2021-01-18T10:16:09.645-0800: 6.587: [GC pause (G1 Humongous Allocation) (young) (initial-mark), 0.0017865 secs]
   [Parallel Time: 0.8 ms, GC Workers: 8]
      [GC Worker Start (ms): Min: 6587.6, Avg: 6587.7, Max: 6587.7, Diff: 0.1]
      [Ext Root Scanning (ms): Min: 0.1, Avg: 0.2, Max: 0.2, Diff: 0.1, Sum: 1.2]
      [Update RS (ms): Min: 0.1, Avg: 0.1, Max: 0.2, Diff: 0.2, Sum: 1.0]
         [Processed Buffers: Min: 1, Avg: 1.1, Max: 2, Diff: 1, Sum: 9]
      [Scan RS (ms): Min: 0.0, Avg: 0.0, Max: 0.0, Diff: 0.0, Sum: 0.0]
      [Code Root Scanning (ms): Min: 0.0, Avg: 0.0, Max: 0.0, Diff: 0.0, Sum: 0.0]
      [Object Copy (ms): Min: 0.3, Avg: 0.4, Max: 0.5, Diff: 0.2, Sum: 3.5]
      [Termination (ms): Min: 0.0, Avg: 0.0, Max: 0.0, Diff: 0.0, Sum: 0.2]
         [Termination Attempts: Min: 1, Avg: 1.0, Max: 1, Diff: 0, Sum: 8]
      [GC Worker Other (ms): Min: 0.0, Avg: 0.0, Max: 0.0, Diff: 0.0, Sum: 0.1]
      [GC Worker Total (ms): Min: 0.7, Avg: 0.7, Max: 0.8, Diff: 0.1, Sum: 6.0]
      [GC Worker End (ms): Min: 6588.4, Avg: 6588.4, Max: 6588.4, Diff: 0.0]
   [Code Root Fixup: 0.0 ms]
   [Code Root Purge: 0.0 ms]
   [Clear CT: 0.2 ms]
   [Other: 0.8 ms]
      [Choose CSet: 0.0 ms]
      [Ref Proc: 0.2 ms]
      [Ref Enq: 0.0 ms]
      [Redirty Cards: 0.2 ms]
      [Humongous Register: 0.1 ms]
      [Humongous Reclaim: 0.0 ms]
      [Free CSet: 0.0 ms]
   [Eden: 2048.0K(270.0M)->0.0B(284.0M) Survivors: 7168.0K->7168.0K Heap: 508.5M(1024.0M)->506.3M(1024.0M)]
 [Times: user=0.01 sys=0.00, real=0.00 secs] 
2021-01-18T10:16:09.647-0800: 6.589: [GC concurrent-root-region-scan-start]
2021-01-18T10:16:09.647-0800: 6.590: [GC concurrent-root-region-scan-end, 0.0001995 secs]
2021-01-18T10:16:09.647-0800: 6.590: [GC concurrent-mark-start]
2021-01-18T10:16:09.649-0800: 6.591: [GC concurrent-mark-end, 0.0017893 secs]
2021-01-18T10:16:09.649-0800: 6.591: [GC remark 2021-01-18T10:16:09.649-0800: 6.592: [Finalize Marking, 0.0002243 secs] 2021-01-18T10:16:09.650-0800: 6.592: [GC ref-proc, 0.0000586 secs] 2021-01-18T10:16:09.650-0800: 6.592: [Unloading, 0.0004766 secs], 0.0019236 secs]
 [Times: user=0.01 sys=0.00, real=0.01 secs] 
2021-01-18T10:16:09.651-0800: 6.594: [GC cleanup 515M->512M(1024M), 0.0010656 secs]
 [Times: user=0.00 sys=0.00, real=0.00 secs] 
2021-01-18T10:16:09.653-0800: 6.595: [GC concurrent-cleanup-start]
2021-01-18T10:16:09.653-0800: 6.595: [GC concurrent-cleanup-end, 0.0000323 secs]
2021-01-18T10:16:09.699-0800: 6.641: [GC pause (G1 Evacuation Pause) (young) (to-space exhausted), 0.0116239 secs]
   [Parallel Time: 10.4 ms, GC Workers: 8]
      [GC Worker Start (ms): Min: 6641.1, Avg: 6641.1, Max: 6641.2, Diff: 0.1]
      [Ext Root Scanning (ms): Min: 0.1, Avg: 0.1, Max: 0.4, Diff: 0.4, Sum: 1.1]
      [Update RS (ms): Min: 5.1, Avg: 5.3, Max: 5.4, Diff: 0.3, Sum: 42.8]
         [Processed Buffers: Min: 65, Avg: 81.0, Max: 86, Diff: 21, Sum: 648]
      [Scan RS (ms): Min: 0.0, Avg: 0.0, Max: 0.0, Diff: 0.0, Sum: 0.2]
      [Code Root Scanning (ms): Min: 0.0, Avg: 0.0, Max: 0.0, Diff: 0.0, Sum: 0.0]
      [Object Copy (ms): Min: 4.7, Avg: 4.7, Max: 4.8, Diff: 0.1, Sum: 37.6]
      [Termination (ms): Min: 0.0, Avg: 0.0, Max: 0.1, Diff: 0.1, Sum: 0.3]
         [Termination Attempts: Min: 1, Avg: 1.0, Max: 1, Diff: 0, Sum: 8]
      [GC Worker Other (ms): Min: 0.0, Avg: 0.0, Max: 0.0, Diff: 0.0, Sum: 0.1]
      [GC Worker Total (ms): Min: 10.2, Avg: 10.3, Max: 10.3, Diff: 0.1, Sum: 82.1]
      [GC Worker End (ms): Min: 6651.4, Avg: 6651.4, Max: 6651.4, Diff: 0.0]
   [Code Root Fixup: 0.0 ms]
   [Code Root Purge: 0.0 ms]
   [Clear CT: 0.1 ms]
   [Other: 1.1 ms]
      [Evacuation Failure: 0.3 ms]
      [Choose CSet: 0.0 ms]
      [Ref Proc: 0.3 ms]
      [Ref Enq: 0.0 ms]
      [Redirty Cards: 0.1 ms]
      [Humongous Register: 0.1 ms]
      [Humongous Reclaim: 0.1 ms]
      [Free CSet: 0.1 ms]
   [Eden: 284.0M(284.0M)->0.0B(14.0M) Survivors: 7168.0K->37.0M Heap: 867.3M(1024.0M)->708.8M(1024.0M)]
 [Times: user=0.08 sys=0.00, real=0.02 secs] 
2021-01-18T10:16:09.713-0800: 6.655: [GC pause (G1 Evacuation Pause) (mixed), 0.0086781 secs]
   [Parallel Time: 7.4 ms, GC Workers: 8]
      [GC Worker Start (ms): Min: 6655.0, Avg: 6655.1, Max: 6655.2, Diff: 0.1]
      [Ext Root Scanning (ms): Min: 0.0, Avg: 0.1, Max: 0.2, Diff: 0.1, Sum: 0.8]
      [Update RS (ms): Min: 0.3, Avg: 0.4, Max: 0.4, Diff: 0.1, Sum: 3.0]
         [Processed Buffers: Min: 4, Avg: 6.0, Max: 8, Diff: 4, Sum: 48]
      [Scan RS (ms): Min: 0.0, Avg: 0.1, Max: 0.1, Diff: 0.1, Sum: 0.4]
      [Code Root Scanning (ms): Min: 0.0, Avg: 0.0, Max: 0.0, Diff: 0.0, Sum: 0.0]
      [Object Copy (ms): Min: 6.6, Avg: 6.6, Max: 6.7, Diff: 0.1, Sum: 53.2]
      [Termination (ms): Min: 0.0, Avg: 0.1, Max: 0.1, Diff: 0.1, Sum: 0.5]
         [Termination Attempts: Min: 1, Avg: 1.0, Max: 1, Diff: 0, Sum: 8]
      [GC Worker Other (ms): Min: 0.0, Avg: 0.0, Max: 0.0, Diff: 0.0, Sum: 0.1]
      [GC Worker Total (ms): Min: 7.2, Avg: 7.3, Max: 7.3, Diff: 0.2, Sum: 58.1]
      [GC Worker End (ms): Min: 6662.4, Avg: 6662.4, Max: 6662.4, Diff: 0.1]
   [Code Root Fixup: 0.0 ms]
   [Code Root Purge: 0.0 ms]
   [Clear CT: 0.2 ms]
   [Other: 1.0 ms]
      [Choose CSet: 0.0 ms]
      [Ref Proc: 0.5 ms]
      [Ref Enq: 0.0 ms]
      [Redirty Cards: 0.2 ms]
      [Humongous Register: 0.1 ms]
      [Humongous Reclaim: 0.0 ms]
      [Free CSet: 0.1 ms]
   [Eden: 14.0M(14.0M)->0.0B(45.0M) Survivors: 37.0M->6144.0K Heap: 726.3M(1024.0M)->639.6M(1024.0M)]
 [Times: user=0.05 sys=0.01, real=0.01 secs] 
2021-01-18T10:16:09.731-0800: 6.673: [GC pause (G1 Evacuation Pause) (mixed), 0.0068439 secs]
   [Parallel Time: 5.7 ms, GC Workers: 8]
      [GC Worker Start (ms): Min: 6672.9, Avg: 6673.0, Max: 6673.1, Diff: 0.1]
      [Ext Root Scanning (ms): Min: 0.1, Avg: 0.1, Max: 0.2, Diff: 0.1, Sum: 0.9]
      [Update RS (ms): Min: 1.1, Avg: 1.2, Max: 1.6, Diff: 0.5, Sum: 9.5]
         [Processed Buffers: Min: 8, Avg: 11.0, Max: 13, Diff: 5, Sum: 88]
      [Scan RS (ms): Min: 0.0, Avg: 0.0, Max: 0.1, Diff: 0.1, Sum: 0.4]
      [Code Root Scanning (ms): Min: 0.0, Avg: 0.0, Max: 0.0, Diff: 0.0, Sum: 0.0]
      [Object Copy (ms): Min: 3.3, Avg: 3.4, Max: 3.7, Diff: 0.5, Sum: 27.2]
      [Termination (ms): Min: 0.0, Avg: 0.7, Max: 0.9, Diff: 0.9, Sum: 6.0]
         [Termination Attempts: Min: 1, Avg: 1.0, Max: 1, Diff: 0, Sum: 8]
      [GC Worker Other (ms): Min: 0.0, Avg: 0.0, Max: 0.0, Diff: 0.0, Sum: 0.1]
      [GC Worker Total (ms): Min: 5.4, Avg: 5.5, Max: 5.6, Diff: 0.2, Sum: 44.1]
      [GC Worker End (ms): Min: 6678.5, Avg: 6678.5, Max: 6678.6, Diff: 0.1]
   [Code Root Fixup: 0.0 ms]
   [Code Root Purge: 0.0 ms]
   [Clear CT: 0.2 ms]
   [Other: 0.9 ms]
      [Choose CSet: 0.0 ms]
      [Ref Proc: 0.4 ms]
      [Ref Enq: 0.0 ms]
      [Redirty Cards: 0.1 ms]
      [Humongous Register: 0.1 ms]
      [Humongous Reclaim: 0.0 ms]
      [Free CSet: 0.1 ms]
   [Eden: 45.0M(45.0M)->0.0B(175.0M) Survivors: 6144.0K->7168.0K Heap: 694.4M(1024.0M)->638.9M(1024.0M)]
 [Times: user=0.04 sys=0.00, real=0.00 secs] 
2021-01-18T10:16:09.739-0800: 6.681: [GC pause (G1 Humongous Allocation) (young) (initial-mark), 0.0023942 secs]
   [Parallel Time: 1.5 ms, GC Workers: 8]
      [GC Worker Start (ms): Min: 6680.9, Avg: 6681.0, Max: 6681.1, Diff: 0.2]
      [Ext Root Scanning (ms): Min: 0.1, Avg: 0.1, Max: 0.2, Diff: 0.2, Sum: 0.9]
      [Update RS (ms): Min: 0.1, Avg: 0.1, Max: 0.2, Diff: 0.2, Sum: 1.1]
         [Processed Buffers: Min: 1, Avg: 1.1, Max: 2, Diff: 1, Sum: 9]
      [Scan RS (ms): Min: 0.0, Avg: 0.0, Max: 0.0, Diff: 0.0, Sum: 0.0]
      [Code Root Scanning (ms): Min: 0.0, Avg: 0.0, Max: 0.0, Diff: 0.0, Sum: 0.0]
      [Object Copy (ms): Min: 0.8, Avg: 1.0, Max: 1.1, Diff: 0.2, Sum: 7.7]
      [Termination (ms): Min: 0.0, Avg: 0.1, Max: 0.1, Diff: 0.1, Sum: 0.6]
         [Termination Attempts: Min: 1, Avg: 1.0, Max: 1, Diff: 0, Sum: 8]
      [GC Worker Other (ms): Min: 0.0, Avg: 0.0, Max: 0.0, Diff: 0.0, Sum: 0.1]
      [GC Worker Total (ms): Min: 1.2, Avg: 1.3, Max: 1.4, Diff: 0.2, Sum: 10.5]
      [GC Worker End (ms): Min: 6682.3, Avg: 6682.3, Max: 6682.4, Diff: 0.1]
   [Code Root Fixup: 0.0 ms]
   [Code Root Purge: 0.0 ms]
   [Clear CT: 0.1 ms]
   [Other: 0.8 ms]
      [Choose CSet: 0.0 ms]
      [Ref Proc: 0.4 ms]
      [Ref Enq: 0.0 ms]
      [Redirty Cards: 0.1 ms]
      [Humongous Register: 0.1 ms]
      [Humongous Reclaim: 0.0 ms]
      [Free CSet: 0.0 ms]
   [Eden: 9216.0K(175.0M)->0.0B(166.0M) Survivors: 7168.0K->13.0M Heap: 647.9M(1024.0M)->643.9M(1024.0M)]
 [Times: user=0.01 sys=0.00, real=0.01 secs] 
2021-01-18T10:16:09.741-0800: 6.683: [GC concurrent-root-region-scan-start]
2021-01-18T10:16:09.741-0800: 6.683: [GC concurrent-root-region-scan-end, 0.0000944 secs]
2021-01-18T10:16:09.741-0800: 6.683: [GC concurrent-mark-start]
2021-01-18T10:16:09.743-0800: 6.685: [GC concurrent-mark-end, 0.0014856 secs]
2021-01-18T10:16:09.743-0800: 6.685: [GC remark 2021-01-18T10:16:09.743-0800: 6.685: [Finalize Marking, 0.0002399 secs] 2021-01-18T10:16:09.743-0800: 6.685: [GC ref-proc, 0.0000601 secs] 2021-01-18T10:16:09.743-0800: 6.685: [Unloading, 0.0005134 secs], 0.0019070 secs]
 [Times: user=0.00 sys=0.00, real=0.00 secs] 
2021-01-18T10:16:09.745-0800: 6.687: [GC cleanup 655M->644M(1024M), 0.0013231 secs]
 [Times: user=0.00 sys=0.00, real=0.00 secs] 
2021-01-18T10:16:09.746-0800: 6.688: [GC concurrent-cleanup-start]
2021-01-18T10:16:09.746-0800: 6.688: [GC concurrent-cleanup-end, 0.0000188 secs]
2021-01-18T10:16:09.775-0800: 6.717: [GC pause (G1 Evacuation Pause) (young), 0.0108151 secs]
   [Parallel Time: 9.9 ms, GC Workers: 8]
      [GC Worker Start (ms): Min: 6717.6, Avg: 6717.9, Max: 6718.9, Diff: 1.3]
      [Ext Root Scanning (ms): Min: 0.0, Avg: 0.1, Max: 0.2, Diff: 0.2, Sum: 0.7]
      [Update RS (ms): Min: 2.7, Avg: 3.7, Max: 3.9, Diff: 1.2, Sum: 29.4]
         [Processed Buffers: Min: 38, Avg: 48.6, Max: 55, Diff: 17, Sum: 389]
      [Scan RS (ms): Min: 0.0, Avg: 0.0, Max: 0.0, Diff: 0.0, Sum: 0.2]
      [Code Root Scanning (ms): Min: 0.0, Avg: 0.0, Max: 0.0, Diff: 0.0, Sum: 0.0]
      [Object Copy (ms): Min: 5.2, Avg: 5.2, Max: 5.5, Diff: 0.3, Sum: 41.9]
      [Termination (ms): Min: 0.0, Avg: 0.4, Max: 0.6, Diff: 0.6, Sum: 3.2]
         [Termination Attempts: Min: 1, Avg: 1.0, Max: 1, Diff: 0, Sum: 8]
      [GC Worker Other (ms): Min: 0.0, Avg: 0.0, Max: 0.0, Diff: 0.0, Sum: 0.1]
      [GC Worker Total (ms): Min: 8.4, Avg: 9.4, Max: 9.7, Diff: 1.3, Sum: 75.5]
      [GC Worker End (ms): Min: 6727.1, Avg: 6727.3, Max: 6727.4, Diff: 0.3]
   [Code Root Fixup: 0.0 ms]
   [Code Root Purge: 0.0 ms]
   [Clear CT: 0.1 ms]
   [Other: 0.8 ms]
      [Choose CSet: 0.0 ms]
      [Ref Proc: 0.2 ms]
      [Ref Enq: 0.0 ms]
      [Redirty Cards: 0.2 ms]
      [Humongous Register: 0.2 ms]
      [Humongous Reclaim: 0.1 ms]
      [Free CSet: 0.1 ms]
   [Eden: 166.0M(166.0M)->0.0B(28.0M) Survivors: 13.0M->23.0M Heap: 846.3M(1024.0M)->681.9M(1024.0M)]
 [Times: user=0.06 sys=0.00, real=0.01 secs] 
2021-01-18T10:16:09.792-0800: 6.734: [GC pause (G1 Evacuation Pause) (mixed), 0.0066197 secs]
   [Parallel Time: 5.6 ms, GC Workers: 8]
      [GC Worker Start (ms): Min: 6734.0, Avg: 6734.2, Max: 6734.9, Diff: 0.8]
      [Ext Root Scanning (ms): Min: 0.0, Avg: 0.2, Max: 0.7, Diff: 0.7, Sum: 1.6]
      [Update RS (ms): Min: 0.3, Avg: 0.8, Max: 1.0, Diff: 0.7, Sum: 6.6]
         [Processed Buffers: Min: 2, Avg: 8.4, Max: 12, Diff: 10, Sum: 67]
      [Scan RS (ms): Min: 0.0, Avg: 0.0, Max: 0.1, Diff: 0.1, Sum: 0.3]
      [Code Root Scanning (ms): Min: 0.0, Avg: 0.0, Max: 0.0, Diff: 0.0, Sum: 0.0]
      [Object Copy (ms): Min: 3.3, Avg: 3.5, Max: 4.2, Diff: 0.9, Sum: 27.8]
      [Termination (ms): Min: 0.0, Avg: 0.7, Max: 0.9, Diff: 0.9, Sum: 5.9]
         [Termination Attempts: Min: 1, Avg: 1.0, Max: 1, Diff: 0, Sum: 8]
      [GC Worker Other (ms): Min: 0.0, Avg: 0.0, Max: 0.0, Diff: 0.0, Sum: 0.1]
      [GC Worker Total (ms): Min: 4.6, Avg: 5.3, Max: 5.5, Diff: 0.9, Sum: 42.4]
      [GC Worker End (ms): Min: 6739.5, Avg: 6739.5, Max: 6739.5, Diff: 0.1]
   [Code Root Fixup: 0.0 ms]
   [Code Root Purge: 0.0 ms]
   [Clear CT: 0.2 ms]
   [Other: 0.8 ms]
      [Choose CSet: 0.1 ms]
      [Ref Proc: 0.2 ms]
      [Ref Enq: 0.0 ms]
      [Redirty Cards: 0.1 ms]
      [Humongous Register: 0.2 ms]
      [Humongous Reclaim: 0.0 ms]
      [Free CSet: 0.1 ms]
   [Eden: 28.0M(28.0M)->0.0B(44.0M) Survivors: 23.0M->7168.0K Heap: 717.1M(1024.0M)->595.0M(1024.0M)]
 [Times: user=0.04 sys=0.00, real=0.00 secs] 
2021-01-18T10:16:09.808-0800: 6.750: [GC pause (G1 Evacuation Pause) (mixed), 0.0068428 secs]
   [Parallel Time: 5.9 ms, GC Workers: 8]
      [GC Worker Start (ms): Min: 6750.0, Avg: 6750.1, Max: 6750.2, Diff: 0.2]
      [Ext Root Scanning (ms): Min: 0.0, Avg: 0.3, Max: 1.2, Diff: 1.1, Sum: 2.0]
      [Update RS (ms): Min: 0.2, Avg: 1.1, Max: 1.2, Diff: 1.0, Sum: 8.5]
         [Processed Buffers: Min: 3, Avg: 10.8, Max: 15, Diff: 12, Sum: 86]
      [Scan RS (ms): Min: 0.0, Avg: 0.0, Max: 0.1, Diff: 0.1, Sum: 0.4]
      [Code Root Scanning (ms): Min: 0.0, Avg: 0.0, Max: 0.0, Diff: 0.0, Sum: 0.0]
      [Object Copy (ms): Min: 4.2, Avg: 4.3, Max: 4.3, Diff: 0.1, Sum: 34.1]
      [Termination (ms): Min: 0.0, Avg: 0.1, Max: 0.1, Diff: 0.1, Sum: 0.6]
         [Termination Attempts: Min: 1, Avg: 1.0, Max: 1, Diff: 0, Sum: 8]
      [GC Worker Other (ms): Min: 0.0, Avg: 0.0, Max: 0.0, Diff: 0.0, Sum: 0.1]
      [GC Worker Total (ms): Min: 5.6, Avg: 5.7, Max: 5.8, Diff: 0.2, Sum: 45.8]
      [GC Worker End (ms): Min: 6755.8, Avg: 6755.8, Max: 6755.8, Diff: 0.1]
   [Code Root Fixup: 0.0 ms]
   [Code Root Purge: 0.0 ms]
   [Clear CT: 0.1 ms]
   [Other: 0.8 ms]
      [Choose CSet: 0.1 ms]
      [Ref Proc: 0.2 ms]
      [Ref Enq: 0.0 ms]
      [Redirty Cards: 0.1 ms]
      [Humongous Register: 0.1 ms]
      [Humongous Reclaim: 0.1 ms]
      [Free CSet: 0.1 ms]
   [Eden: 44.0M(44.0M)->0.0B(44.0M) Survivors: 7168.0K->7168.0K Heap: 648.6M(1024.0M)->530.5M(1024.0M)]
 [Times: user=0.04 sys=0.00, real=0.01 secs] 
2021-01-18T10:16:09.823-0800: 6.765: [GC pause (G1 Evacuation Pause) (mixed), 0.0099170 secs]
   [Parallel Time: 8.6 ms, GC Workers: 8]
      [GC Worker Start (ms): Min: 6765.5, Avg: 6765.5, Max: 6765.6, Diff: 0.1]
      [Ext Root Scanning (ms): Min: 0.1, Avg: 0.1, Max: 0.2, Diff: 0.1, Sum: 1.0]
      [Update RS (ms): Min: 1.8, Avg: 1.8, Max: 1.9, Diff: 0.1, Sum: 14.6]
         [Processed Buffers: Min: 0, Avg: 12.8, Max: 20, Diff: 20, Sum: 102]
      [Scan RS (ms): Min: 0.0, Avg: 0.0, Max: 0.1, Diff: 0.1, Sum: 0.4]
      [Code Root Scanning (ms): Min: 0.0, Avg: 0.0, Max: 0.0, Diff: 0.0, Sum: 0.0]
      [Object Copy (ms): Min: 5.1, Avg: 5.2, Max: 6.0, Diff: 0.9, Sum: 41.6]
      [Termination (ms): Min: 0.0, Avg: 1.0, Max: 1.4, Diff: 1.4, Sum: 7.9]
         [Termination Attempts: Min: 1, Avg: 1.1, Max: 2, Diff: 1, Sum: 9]
      [GC Worker Other (ms): Min: 0.0, Avg: 0.0, Max: 0.0, Diff: 0.0, Sum: 0.1]
      [GC Worker Total (ms): Min: 8.0, Avg: 8.2, Max: 8.5, Diff: 0.5, Sum: 65.6]
      [GC Worker End (ms): Min: 6773.5, Avg: 6773.7, Max: 6774.0, Diff: 0.5]
   [Code Root Fixup: 0.0 ms]
   [Code Root Purge: 0.0 ms]
   [Clear CT: 0.1 ms]
   [Other: 1.2 ms]
      [Choose CSet: 0.1 ms]
      [Ref Proc: 0.3 ms]
      [Ref Enq: 0.0 ms]
      [Redirty Cards: 0.2 ms]
      [Humongous Register: 0.3 ms]
      [Humongous Reclaim: 0.1 ms]
      [Free CSet: 0.1 ms]
   [Eden: 44.0M(44.0M)->0.0B(282.0M) Survivors: 7168.0K->7168.0K Heap: 586.0M(1024.0M)->498.7M(1024.0M)]
 [Times: user=0.05 sys=0.01, real=0.01 secs] 
2021-01-18T10:16:09.835-0800: 6.777: [GC pause (G1 Humongous Allocation) (young) (initial-mark), 0.0037542 secs]
   [Parallel Time: 1.5 ms, GC Workers: 8]
      [GC Worker Start (ms): Min: 6777.4, Avg: 6777.5, Max: 6777.7, Diff: 0.2]
      [Ext Root Scanning (ms): Min: 0.0, Avg: 0.3, Max: 0.4, Diff: 0.4, Sum: 2.3]
      [Update RS (ms): Min: 0.0, Avg: 0.2, Max: 0.5, Diff: 0.5, Sum: 1.2]
         [Processed Buffers: Min: 0, Avg: 1.1, Max: 2, Diff: 2, Sum: 9]
      [Scan RS (ms): Min: 0.0, Avg: 0.0, Max: 0.0, Diff: 0.0, Sum: 0.0]
      [Code Root Scanning (ms): Min: 0.0, Avg: 0.0, Max: 0.0, Diff: 0.0, Sum: 0.0]
      [Object Copy (ms): Min: 0.2, Avg: 0.6, Max: 0.8, Diff: 0.7, Sum: 5.1]
      [Termination (ms): Min: 0.0, Avg: 0.1, Max: 0.2, Diff: 0.2, Sum: 1.1]
         [Termination Attempts: Min: 1, Avg: 1.0, Max: 1, Diff: 0, Sum: 8]
      [GC Worker Other (ms): Min: 0.0, Avg: 0.0, Max: 0.1, Diff: 0.0, Sum: 0.2]
      [GC Worker Total (ms): Min: 1.0, Avg: 1.2, Max: 1.3, Diff: 0.3, Sum: 9.9]
      [GC Worker End (ms): Min: 6778.7, Avg: 6778.7, Max: 6778.8, Diff: 0.1]
   [Code Root Fixup: 0.0 ms]
   [Code Root Purge: 0.0 ms]
   [Clear CT: 0.1 ms]
   [Other: 2.1 ms]
      [Choose CSet: 0.0 ms]
      [Ref Proc: 1.3 ms]
      [Ref Enq: 0.0 ms]
      [Redirty Cards: 0.2 ms]
      [Humongous Register: 0.3 ms]
      [Humongous Reclaim: 0.0 ms]
      [Free CSet: 0.1 ms]
   [Eden: 12.0M(282.0M)->0.0B(292.0M) Survivors: 7168.0K->10.0M Heap: 510.4M(1024.0M)->500.2M(1024.0M)]
 [Times: user=0.02 sys=0.00, real=0.00 secs] 
2021-01-18T10:16:09.839-0800: 6.781: [GC concurrent-root-region-scan-start]
2021-01-18T10:16:09.839-0800: 6.781: [GC concurrent-root-region-scan-end, 0.0001730 secs]
2021-01-18T10:16:09.839-0800: 6.781: [GC concurrent-mark-start]
2021-01-18T10:16:09.841-0800: 6.783: [GC concurrent-mark-end, 0.0017149 secs]
2021-01-18T10:16:09.841-0800: 6.783: [GC remark 2021-01-18T10:16:09.841-0800: 6.783: [Finalize Marking, 0.0014016 secs] 2021-01-18T10:16:09.842-0800: 6.784: [GC ref-proc, 0.0000594 secs] 2021-01-18T10:16:09.842-0800: 6.785: [Unloading, 0.0006975 secs], 0.0033356 secs]
 [Times: user=0.01 sys=0.00, real=0.00 secs] 
2021-01-18T10:16:09.844-0800: 6.786: [GC cleanup 510M->508M(1024M), 0.0010141 secs]
 [Times: user=0.01 sys=0.00, real=0.00 secs] 
2021-01-18T10:16:09.845-0800: 6.788: [GC concurrent-cleanup-start]
2021-01-18T10:16:09.845-0800: 6.788: [GC concurrent-cleanup-end, 0.0000155 secs]
2021-01-18T10:16:09.899-0800: 6.841: [GC pause (G1 Evacuation Pause) (young) (to-space exhausted), 0.0156852 secs]
   [Parallel Time: 13.3 ms, GC Workers: 8]
      [GC Worker Start (ms): Min: 6841.2, Avg: 6841.3, Max: 6841.3, Diff: 0.1]
      [Ext Root Scanning (ms): Min: 0.0, Avg: 0.1, Max: 0.2, Diff: 0.1, Sum: 0.6]
      [Update RS (ms): Min: 4.6, Avg: 4.7, Max: 4.7, Diff: 0.1, Sum: 37.3]
         [Processed Buffers: Min: 43, Avg: 60.1, Max: 74, Diff: 31, Sum: 481]
      [Scan RS (ms): Min: 0.0, Avg: 0.0, Max: 0.0, Diff: 0.0, Sum: 0.3]
      [Code Root Scanning (ms): Min: 0.0, Avg: 0.0, Max: 0.0, Diff: 0.0, Sum: 0.0]
      [Object Copy (ms): Min: 7.4, Avg: 7.5, Max: 8.2, Diff: 0.7, Sum: 60.4]
      [Termination (ms): Min: 0.0, Avg: 0.8, Max: 1.0, Diff: 1.0, Sum: 6.1]
         [Termination Attempts: Min: 1, Avg: 1.0, Max: 1, Diff: 0, Sum: 8]
      [GC Worker Other (ms): Min: 0.0, Avg: 0.0, Max: 0.0, Diff: 0.0, Sum: 0.1]
      [GC Worker Total (ms): Min: 12.9, Avg: 13.1, Max: 13.3, Diff: 0.4, Sum: 104.9]
      [GC Worker End (ms): Min: 6854.2, Avg: 6854.4, Max: 6854.5, Diff: 0.2]
   [Code Root Fixup: 0.0 ms]
   [Code Root Purge: 0.0 ms]
   [Clear CT: 0.3 ms]
   [Other: 2.1 ms]
      [Evacuation Failure: 0.3 ms]
      [Choose CSet: 0.0 ms]
      [Ref Proc: 1.1 ms]
      [Ref Enq: 0.0 ms]
      [Redirty Cards: 0.2 ms]
      [Humongous Register: 0.1 ms]
      [Humongous Reclaim: 0.2 ms]
      [Free CSet: 0.1 ms]
   [Eden: 292.0M(292.0M)->0.0B(13.0M) Survivors: 10.0M->38.0M Heap: 849.4M(1024.0M)->617.4M(1024.0M)]
 [Times: user=0.08 sys=0.00, real=0.02 secs] 
2021-01-18T10:16:09.917-0800: 6.859: [GC pause (G1 Evacuation Pause) (mixed), 0.0114334 secs]
   [Parallel Time: 8.7 ms, GC Workers: 8]
      [GC Worker Start (ms): Min: 6859.3, Avg: 6859.4, Max: 6859.4, Diff: 0.1]
      [Ext Root Scanning (ms): Min: 0.1, Avg: 0.1, Max: 0.2, Diff: 0.1, Sum: 1.1]
      [Update RS (ms): Min: 0.5, Avg: 0.6, Max: 0.7, Diff: 0.1, Sum: 4.9]
         [Processed Buffers: Min: 0, Avg: 7.0, Max: 10, Diff: 10, Sum: 56]
      [Scan RS (ms): Min: 0.0, Avg: 0.1, Max: 0.1, Diff: 0.1, Sum: 0.5]
      [Code Root Scanning (ms): Min: 0.0, Avg: 0.0, Max: 0.0, Diff: 0.0, Sum: 0.0]
      [Object Copy (ms): Min: 6.8, Avg: 6.9, Max: 7.4, Diff: 0.7, Sum: 55.0]
      [Termination (ms): Min: 0.0, Avg: 0.6, Max: 1.0, Diff: 1.0, Sum: 5.2]
         [Termination Attempts: Min: 1, Avg: 1.0, Max: 1, Diff: 0, Sum: 8]
      [GC Worker Other (ms): Min: 0.0, Avg: 0.0, Max: 0.0, Diff: 0.0, Sum: 0.1]
      [GC Worker Total (ms): Min: 8.2, Avg: 8.4, Max: 8.5, Diff: 0.3, Sum: 66.9]
      [GC Worker End (ms): Min: 6867.6, Avg: 6867.7, Max: 6868.0, Diff: 0.3]
   [Code Root Fixup: 0.0 ms]
   [Code Root Purge: 0.0 ms]
   [Clear CT: 0.2 ms]
   [Other: 2.5 ms]
      [Choose CSet: 0.1 ms]
      [Ref Proc: 1.7 ms]
      [Ref Enq: 0.0 ms]
      [Redirty Cards: 0.2 ms]
      [Humongous Register: 0.1 ms]
      [Humongous Reclaim: 0.1 ms]
      [Free CSet: 0.2 ms]
   [Eden: 13.0M(13.0M)->0.0B(45.0M) Survivors: 38.0M->6144.0K Heap: 635.4M(1024.0M)->548.5M(1024.0M)]
 [Times: user=0.07 sys=0.01, real=0.01 secs] 
2021-01-18T10:16:09.940-0800: 6.882: [GC pause (G1 Evacuation Pause) (mixed), 0.0078074 secs]
   [Parallel Time: 6.1 ms, GC Workers: 8]
      [GC Worker Start (ms): Min: 6882.2, Avg: 6882.3, Max: 6882.3, Diff: 0.1]
      [Ext Root Scanning (ms): Min: 0.1, Avg: 0.2, Max: 0.3, Diff: 0.2, Sum: 1.4]
      [Update RS (ms): Min: 1.8, Avg: 1.9, Max: 1.9, Diff: 0.2, Sum: 14.9]
         [Processed Buffers: Min: 4, Avg: 17.0, Max: 23, Diff: 19, Sum: 136]
      [Scan RS (ms): Min: 0.0, Avg: 0.0, Max: 0.2, Diff: 0.1, Sum: 0.4]
      [Code Root Scanning (ms): Min: 0.0, Avg: 0.0, Max: 0.0, Diff: 0.0, Sum: 0.0]
      [Object Copy (ms): Min: 2.7, Avg: 2.9, Max: 3.7, Diff: 1.0, Sum: 22.9]
      [Termination (ms): Min: 0.0, Avg: 0.9, Max: 1.1, Diff: 1.1, Sum: 7.3]
         [Termination Attempts: Min: 1, Avg: 1.0, Max: 1, Diff: 0, Sum: 8]
      [GC Worker Other (ms): Min: 0.0, Avg: 0.0, Max: 0.0, Diff: 0.0, Sum: 0.1]
      [GC Worker Total (ms): Min: 5.7, Avg: 5.9, Max: 6.0, Diff: 0.2, Sum: 47.0]
      [GC Worker End (ms): Min: 6888.1, Avg: 6888.2, Max: 6888.2, Diff: 0.2]
   [Code Root Fixup: 0.0 ms]
   [Code Root Purge: 0.0 ms]
   [Clear CT: 0.1 ms]
   [Other: 1.6 ms]
      [Choose CSet: 0.0 ms]
      [Ref Proc: 1.1 ms]
      [Ref Enq: 0.0 ms]
      [Redirty Cards: 0.1 ms]
      [Humongous Register: 0.1 ms]
      [Humongous Reclaim: 0.0 ms]
      [Free CSet: 0.1 ms]
   [Eden: 45.0M(45.0M)->0.0B(241.0M) Survivors: 6144.0K->7168.0K Heap: 609.3M(1024.0M)->557.4M(1024.0M)]
 [Times: user=0.04 sys=0.00, real=0.00 secs] 
2021-01-18T10:16:09.948-0800: 6.890: [GC pause (G1 Humongous Allocation) (young) (initial-mark), 0.0026699 secs]
   [Parallel Time: 1.7 ms, GC Workers: 8]
      [GC Worker Start (ms): Min: 6890.3, Avg: 6890.3, Max: 6890.4, Diff: 0.1]
      [Ext Root Scanning (ms): Min: 0.1, Avg: 0.1, Max: 0.2, Diff: 0.1, Sum: 1.1]
      [Update RS (ms): Min: 0.0, Avg: 0.1, Max: 0.2, Diff: 0.2, Sum: 0.9]
         [Processed Buffers: Min: 0, Avg: 1.1, Max: 2, Diff: 2, Sum: 9]
      [Scan RS (ms): Min: 0.0, Avg: 0.0, Max: 0.0, Diff: 0.0, Sum: 0.0]
      [Code Root Scanning (ms): Min: 0.0, Avg: 0.0, Max: 0.0, Diff: 0.0, Sum: 0.0]
      [Object Copy (ms): Min: 0.4, Avg: 0.6, Max: 1.4, Diff: 1.0, Sum: 4.6]
      [Termination (ms): Min: 0.0, Avg: 0.7, Max: 0.8, Diff: 0.8, Sum: 5.6]
         [Termination Attempts: Min: 1, Avg: 1.0, Max: 1, Diff: 0, Sum: 8]
      [GC Worker Other (ms): Min: 0.0, Avg: 0.0, Max: 0.0, Diff: 0.0, Sum: 0.1]
      [GC Worker Total (ms): Min: 1.5, Avg: 1.5, Max: 1.6, Diff: 0.1, Sum: 12.3]
      [GC Worker End (ms): Min: 6891.8, Avg: 6891.9, Max: 6891.9, Diff: 0.1]
   [Code Root Fixup: 0.0 ms]
   [Code Root Purge: 0.0 ms]
   [Clear CT: 0.2 ms]
   [Other: 0.8 ms]
      [Choose CSet: 0.0 ms]
      [Ref Proc: 0.3 ms]
      [Ref Enq: 0.0 ms]
      [Redirty Cards: 0.2 ms]
      [Humongous Register: 0.1 ms]
      [Humongous Reclaim: 0.0 ms]
      [Free CSet: 0.0 ms]
   [Eden: 1024.0K(241.0M)->0.0B(240.0M) Survivors: 7168.0K->8192.0K Heap: 557.6M(1024.0M)->557.6M(1024.0M)]
 [Times: user=0.01 sys=0.00, real=0.01 secs] 
2021-01-18T10:16:09.951-0800: 6.893: [GC concurrent-root-region-scan-start]
2021-01-18T10:16:09.951-0800: 6.893: [GC concurrent-root-region-scan-end, 0.0001098 secs]
2021-01-18T10:16:09.951-0800: 6.893: [GC concurrent-mark-start]
2021-01-18T10:16:09.953-0800: 6.895: [GC concurrent-mark-end, 0.0017072 secs]
2021-01-18T10:16:09.953-0800: 6.895: [GC remark 2021-01-18T10:16:09.953-0800: 6.895: [Finalize Marking, 0.0012784 secs] 2021-01-18T10:16:09.954-0800: 6.896: [GC ref-proc, 0.0000598 secs] 2021-01-18T10:16:09.954-0800: 6.896: [Unloading, 0.0005881 secs], 0.0031162 secs]
 [Times: user=0.01 sys=0.00, real=0.00 secs] 
2021-01-18T10:16:09.956-0800: 6.898: [GC cleanup 568M->563M(1024M), 0.0010055 secs]
 [Times: user=0.00 sys=0.00, real=0.00 secs] 
2021-01-18T10:16:09.957-0800: 6.899: [GC concurrent-cleanup-start]
2021-01-18T10:16:09.957-0800: 6.899: [GC concurrent-cleanup-end, 0.0000158 secs]
2021-01-18T10:16:09.999-0800: 6.941: [GC pause (G1 Evacuation Pause) (young), 0.0135037 secs]
   [Parallel Time: 11.8 ms, GC Workers: 8]
      [GC Worker Start (ms): Min: 6941.1, Avg: 6941.1, Max: 6941.2, Diff: 0.1]
      [Ext Root Scanning (ms): Min: 0.0, Avg: 0.1, Max: 0.2, Diff: 0.1, Sum: 0.6]
      [Update RS (ms): Min: 5.1, Avg: 5.2, Max: 5.2, Diff: 0.0, Sum: 41.3]
         [Processed Buffers: Min: 21, Avg: 58.1, Max: 76, Diff: 55, Sum: 465]
      [Scan RS (ms): Min: 0.0, Avg: 0.0, Max: 0.0, Diff: 0.0, Sum: 0.2]
      [Code Root Scanning (ms): Min: 0.0, Avg: 0.0, Max: 0.0, Diff: 0.0, Sum: 0.0]
      [Object Copy (ms): Min: 6.1, Avg: 6.1, Max: 6.3, Diff: 0.2, Sum: 49.0]
      [Termination (ms): Min: 0.0, Avg: 0.2, Max: 0.3, Diff: 0.3, Sum: 1.6]
         [Termination Attempts: Min: 1, Avg: 1.2, Max: 2, Diff: 1, Sum: 10]
      [GC Worker Other (ms): Min: 0.0, Avg: 0.0, Max: 0.0, Diff: 0.0, Sum: 0.1]
      [GC Worker Total (ms): Min: 11.5, Avg: 11.6, Max: 11.7, Diff: 0.2, Sum: 92.8]
      [GC Worker End (ms): Min: 6952.7, Avg: 6952.7, Max: 6952.8, Diff: 0.1]
   [Code Root Fixup: 0.0 ms]
   [Code Root Purge: 0.0 ms]
   [Clear CT: 0.1 ms]
   [Other: 1.6 ms]
      [Choose CSet: 0.0 ms]
      [Ref Proc: 1.0 ms]
      [Ref Enq: 0.0 ms]
      [Redirty Cards: 0.1 ms]
      [Humongous Register: 0.1 ms]
      [Humongous Reclaim: 0.1 ms]
      [Free CSet: 0.1 ms]
   [Eden: 240.0M(240.0M)->0.0B(20.0M) Survivors: 8192.0K->31.0M Heap: 849.7M(1024.0M)->617.0M(1024.0M)]
 [Times: user=0.08 sys=0.00, real=0.02 secs] 
2021-01-18T10:16:10.017-0800: 6.959: [GC pause (G1 Evacuation Pause) (mixed), 0.0091318 secs]
   [Parallel Time: 7.0 ms, GC Workers: 8]
      [GC Worker Start (ms): Min: 6959.4, Avg: 6959.5, Max: 6959.5, Diff: 0.1]
      [Ext Root Scanning (ms): Min: 0.1, Avg: 0.1, Max: 0.2, Diff: 0.1, Sum: 1.0]
      [Update RS (ms): Min: 0.9, Avg: 0.9, Max: 1.2, Diff: 0.3, Sum: 7.5]
         [Processed Buffers: Min: 0, Avg: 9.4, Max: 12, Diff: 12, Sum: 75]
      [Scan RS (ms): Min: 0.0, Avg: 0.1, Max: 0.1, Diff: 0.1, Sum: 0.5]
      [Code Root Scanning (ms): Min: 0.0, Avg: 0.0, Max: 0.0, Diff: 0.0, Sum: 0.0]
      [Object Copy (ms): Min: 4.5, Avg: 5.0, Max: 5.6, Diff: 1.1, Sum: 39.7]
      [Termination (ms): Min: 0.0, Avg: 0.7, Max: 1.0, Diff: 1.0, Sum: 5.6]
         [Termination Attempts: Min: 1, Avg: 1.0, Max: 1, Diff: 0, Sum: 8]
      [GC Worker Other (ms): Min: 0.0, Avg: 0.0, Max: 0.0, Diff: 0.0, Sum: 0.1]
      [GC Worker Total (ms): Min: 6.7, Avg: 6.8, Max: 6.9, Diff: 0.2, Sum: 54.5]
      [GC Worker End (ms): Min: 6966.2, Avg: 6966.3, Max: 6966.4, Diff: 0.2]
   [Code Root Fixup: 0.0 ms]
   [Code Root Purge: 0.0 ms]
   [Clear CT: 0.2 ms]
   [Other: 1.9 ms]
      [Choose CSet: 0.0 ms]
      [Ref Proc: 1.3 ms]
      [Ref Enq: 0.0 ms]
      [Redirty Cards: 0.2 ms]
      [Humongous Register: 0.1 ms]
      [Humongous Reclaim: 0.0 ms]
      [Free CSet: 0.2 ms]
   [Eden: 20.0M(20.0M)->0.0B(46.0M) Survivors: 31.0M->5120.0K Heap: 645.2M(1024.0M)->534.5M(1024.0M)]
 [Times: user=0.04 sys=0.01, real=0.01 secs] 
2021-01-18T10:16:10.035-0800: 6.977: [GC pause (G1 Evacuation Pause) (mixed), 0.0089235 secs]
   [Parallel Time: 7.5 ms, GC Workers: 8]
      [GC Worker Start (ms): Min: 6977.4, Avg: 6977.5, Max: 6977.5, Diff: 0.1]
      [Ext Root Scanning (ms): Min: 0.1, Avg: 0.1, Max: 0.2, Diff: 0.1, Sum: 1.0]
      [Update RS (ms): Min: 1.4, Avg: 1.4, Max: 1.5, Diff: 0.1, Sum: 11.3]
         [Processed Buffers: Min: 4, Avg: 14.0, Max: 18, Diff: 14, Sum: 112]
      [Scan RS (ms): Min: 0.0, Avg: 0.1, Max: 0.3, Diff: 0.3, Sum: 0.7]
      [Code Root Scanning (ms): Min: 0.0, Avg: 0.0, Max: 0.0, Diff: 0.0, Sum: 0.0]
      [Object Copy (ms): Min: 4.5, Avg: 4.7, Max: 5.5, Diff: 1.0, Sum: 37.7]
      [Termination (ms): Min: 0.0, Avg: 0.9, Max: 1.2, Diff: 1.2, Sum: 7.4]
         [Termination Attempts: Min: 1, Avg: 1.0, Max: 1, Diff: 0, Sum: 8]
      [GC Worker Other (ms): Min: 0.0, Avg: 0.0, Max: 0.0, Diff: 0.0, Sum: 0.1]
      [GC Worker Total (ms): Min: 7.1, Avg: 7.3, Max: 7.5, Diff: 0.3, Sum: 58.2]
      [GC Worker End (ms): Min: 6984.6, Avg: 6984.7, Max: 6984.9, Diff: 0.3]
   [Code Root Fixup: 0.0 ms]
   [Code Root Purge: 0.0 ms]
   [Clear CT: 0.1 ms]
   [Other: 1.2 ms]
      [Choose CSet: 0.0 ms]
      [Ref Proc: 0.7 ms]
      [Ref Enq: 0.0 ms]
      [Redirty Cards: 0.1 ms]
      [Humongous Register: 0.1 ms]
      [Humongous Reclaim: 0.0 ms]
      [Free CSet: 0.1 ms]
   [Eden: 46.0M(46.0M)->0.0B(294.0M) Survivors: 5120.0K->7168.0K Heap: 593.3M(1024.0M)->489.3M(1024.0M)]
 [Times: user=0.05 sys=0.00, real=0.01 secs] 
2021-01-18T10:16:10.045-0800: 6.987: [GC pause (G1 Humongous Allocation) (young) (initial-mark), 0.0019981 secs]
   [Parallel Time: 1.1 ms, GC Workers: 8]
      [GC Worker Start (ms): Min: 6987.6, Avg: 6987.7, Max: 6987.7, Diff: 0.1]
      [Ext Root Scanning (ms): Min: 0.1, Avg: 0.1, Max: 0.2, Diff: 0.1, Sum: 1.2]
      [Update RS (ms): Min: 0.0, Avg: 0.1, Max: 0.3, Diff: 0.2, Sum: 1.0]
         [Processed Buffers: Min: 1, Avg: 1.1, Max: 2, Diff: 1, Sum: 9]
      [Scan RS (ms): Min: 0.0, Avg: 0.0, Max: 0.0, Diff: 0.0, Sum: 0.0]
      [Code Root Scanning (ms): Min: 0.0, Avg: 0.0, Max: 0.0, Diff: 0.0, Sum: 0.0]
      [Object Copy (ms): Min: 0.4, Avg: 0.6, Max: 0.7, Diff: 0.2, Sum: 4.6]
      [Termination (ms): Min: 0.0, Avg: 0.1, Max: 0.2, Diff: 0.2, Sum: 0.7]
         [Termination Attempts: Min: 1, Avg: 1.0, Max: 1, Diff: 0, Sum: 8]
      [GC Worker Other (ms): Min: 0.0, Avg: 0.0, Max: 0.0, Diff: 0.0, Sum: 0.1]
      [GC Worker Total (ms): Min: 0.9, Avg: 0.9, Max: 1.0, Diff: 0.1, Sum: 7.5]
      [GC Worker End (ms): Min: 6988.6, Avg: 6988.6, Max: 6988.6, Diff: 0.1]
   [Code Root Fixup: 0.0 ms]
   [Code Root Purge: 0.0 ms]
   [Clear CT: 0.2 ms]
   [Other: 0.7 ms]
      [Choose CSet: 0.0 ms]
      [Ref Proc: 0.3 ms]
      [Ref Enq: 0.0 ms]
      [Redirty Cards: 0.1 ms]
      [Humongous Register: 0.1 ms]
      [Humongous Reclaim: 0.0 ms]
      [Free CSet: 0.0 ms]
   [Eden: 8192.0K(294.0M)->0.0B(302.0M) Survivors: 7168.0K->9216.0K Heap: 497.1M(1024.0M)->490.7M(1024.0M)]
 [Times: user=0.01 sys=0.00, real=0.00 secs] 
2021-01-18T10:16:10.047-0800: 6.990: [GC concurrent-root-region-scan-start]
2021-01-18T10:16:10.048-0800: 6.990: [GC concurrent-root-region-scan-end, 0.0001047 secs]
2021-01-18T10:16:10.048-0800: 6.990: [GC concurrent-mark-start]
2021-01-18T10:16:10.049-0800: 6.991: [GC concurrent-mark-end, 0.0015438 secs]
2021-01-18T10:16:10.049-0800: 6.991: [GC remark 2021-01-18T10:16:10.049-0800: 6.991: [Finalize Marking, 0.0002086 secs] 2021-01-18T10:16:10.049-0800: 6.992: [GC ref-proc, 0.0000557 secs] 2021-01-18T10:16:10.050-0800: 6.992: [Unloading, 0.0005660 secs], 0.0019547 secs]
 [Times: user=0.01 sys=0.00, real=0.01 secs] 
2021-01-18T10:16:10.051-0800: 6.994: [GC cleanup 500M->499M(1024M), 0.0011150 secs]
 [Times: user=0.00 sys=0.00, real=0.00 secs] 
2021-01-18T10:16:10.053-0800: 6.995: [GC concurrent-cleanup-start]
2021-01-18T10:16:10.053-0800: 6.995: [GC concurrent-cleanup-end, 0.0000564 secs]
2021-01-18T10:16:10.102-0800: 7.044: [GC pause (G1 Evacuation Pause) (young) (to-space exhausted), 0.0117757 secs]
   [Parallel Time: 10.3 ms, GC Workers: 8]
      [GC Worker Start (ms): Min: 7044.6, Avg: 7044.7, Max: 7044.7, Diff: 0.1]
      [Ext Root Scanning (ms): Min: 0.0, Avg: 0.1, Max: 0.2, Diff: 0.1, Sum: 0.7]
      [Update RS (ms): Min: 5.5, Avg: 5.6, Max: 5.6, Diff: 0.0, Sum: 44.4]
         [Processed Buffers: Min: 63, Avg: 77.9, Max: 87, Diff: 24, Sum: 623]
      [Scan RS (ms): Min: 0.0, Avg: 0.0, Max: 0.0, Diff: 0.0, Sum: 0.2]
      [Code Root Scanning (ms): Min: 0.0, Avg: 0.0, Max: 0.0, Diff: 0.0, Sum: 0.0]
      [Object Copy (ms): Min: 4.4, Avg: 4.4, Max: 4.4, Diff: 0.0, Sum: 35.2]
      [Termination (ms): Min: 0.0, Avg: 0.0, Max: 0.0, Diff: 0.0, Sum: 0.2]
         [Termination Attempts: Min: 1, Avg: 1.1, Max: 2, Diff: 1, Sum: 9]
      [GC Worker Other (ms): Min: 0.0, Avg: 0.0, Max: 0.0, Diff: 0.0, Sum: 0.1]
      [GC Worker Total (ms): Min: 10.1, Avg: 10.1, Max: 10.2, Diff: 0.1, Sum: 80.9]
      [GC Worker End (ms): Min: 7054.8, Avg: 7054.8, Max: 7054.8, Diff: 0.0]
   [Code Root Fixup: 0.0 ms]
   [Code Root Purge: 0.0 ms]
   [Clear CT: 0.1 ms]
   [Other: 1.4 ms]
      [Evacuation Failure: 0.5 ms]
      [Choose CSet: 0.0 ms]
      [Ref Proc: 0.2 ms]
      [Ref Enq: 0.0 ms]
      [Redirty Cards: 0.1 ms]
      [Humongous Register: 0.1 ms]
      [Humongous Reclaim: 0.2 ms]
      [Free CSet: 0.1 ms]
   [Eden: 302.0M(302.0M)->0.0B(12.0M) Survivors: 9216.0K->39.0M Heap: 868.4M(1024.0M)->712.2M(1024.0M)]
 [Times: user=0.08 sys=0.00, real=0.01 secs] 
2021-01-18T10:16:10.116-0800: 7.058: [GC pause (G1 Evacuation Pause) (mixed), 0.0104777 secs]
   [Parallel Time: 8.6 ms, GC Workers: 8]
      [GC Worker Start (ms): Min: 7058.3, Avg: 7058.3, Max: 7058.4, Diff: 0.1]
      [Ext Root Scanning (ms): Min: 0.1, Avg: 0.2, Max: 0.7, Diff: 0.6, Sum: 1.5]
      [Update RS (ms): Min: 0.0, Avg: 0.4, Max: 0.5, Diff: 0.5, Sum: 3.1]
         [Processed Buffers: Min: 0, Avg: 6.4, Max: 12, Diff: 12, Sum: 51]
      [Scan RS (ms): Min: 0.0, Avg: 0.1, Max: 0.1, Diff: 0.1, Sum: 0.6]
      [Code Root Scanning (ms): Min: 0.0, Avg: 0.0, Max: 0.0, Diff: 0.0, Sum: 0.0]
      [Object Copy (ms): Min: 6.7, Avg: 7.0, Max: 7.7, Diff: 1.0, Sum: 56.0]
      [Termination (ms): Min: 0.0, Avg: 0.7, Max: 1.0, Diff: 1.0, Sum: 5.8]
         [Termination Attempts: Min: 1, Avg: 1.0, Max: 1, Diff: 0, Sum: 8]
      [GC Worker Other (ms): Min: 0.0, Avg: 0.0, Max: 0.0, Diff: 0.0, Sum: 0.1]
      [GC Worker Total (ms): Min: 8.3, Avg: 8.4, Max: 8.5, Diff: 0.2, Sum: 67.0]
      [GC Worker End (ms): Min: 7066.7, Avg: 7066.7, Max: 7066.8, Diff: 0.1]
   [Code Root Fixup: 0.0 ms]
   [Code Root Purge: 0.0 ms]
   [Clear CT: 0.3 ms]
   [Other: 1.6 ms]
      [Choose CSet: 0.0 ms]
      [Ref Proc: 1.0 ms]
      [Ref Enq: 0.0 ms]
      [Redirty Cards: 0.2 ms]
      [Humongous Register: 0.1 ms]
      [Humongous Reclaim: 0.1 ms]
      [Free CSet: 0.1 ms]
   [Eden: 12.0M(12.0M)->0.0B(44.0M) Survivors: 39.0M->7168.0K Heap: 727.7M(1024.0M)->644.2M(1024.0M)]
 [Times: user=0.06 sys=0.01, real=0.01 secs] 
2021-01-18T10:16:10.136-0800: 7.078: [GC pause (G1 Evacuation Pause) (mixed), 0.0048434 secs]
   [Parallel Time: 4.0 ms, GC Workers: 8]
      [GC Worker Start (ms): Min: 7078.0, Avg: 7078.1, Max: 7078.3, Diff: 0.2]
      [Ext Root Scanning (ms): Min: 0.0, Avg: 0.1, Max: 0.2, Diff: 0.2, Sum: 1.0]
      [Update RS (ms): Min: 1.2, Avg: 1.6, Max: 3.4, Diff: 2.2, Sum: 12.8]
         [Processed Buffers: Min: 4, Avg: 11.9, Max: 14, Diff: 10, Sum: 95]
      [Scan RS (ms): Min: 0.0, Avg: 0.0, Max: 0.1, Diff: 0.1, Sum: 0.2]
      [Code Root Scanning (ms): Min: 0.0, Avg: 0.0, Max: 0.0, Diff: 0.0, Sum: 0.0]
      [Object Copy (ms): Min: 0.0, Avg: 1.9, Max: 2.3, Diff: 2.3, Sum: 14.8]
      [Termination (ms): Min: 0.0, Avg: 0.2, Max: 0.3, Diff: 0.3, Sum: 1.6]
         [Termination Attempts: Min: 1, Avg: 1.0, Max: 1, Diff: 0, Sum: 8]
      [GC Worker Other (ms): Min: 0.0, Avg: 0.0, Max: 0.1, Diff: 0.1, Sum: 0.2]
      [GC Worker Total (ms): Min: 3.6, Avg: 3.8, Max: 3.9, Diff: 0.3, Sum: 30.6]
      [GC Worker End (ms): Min: 7081.9, Avg: 7082.0, Max: 7082.0, Diff: 0.1]
   [Code Root Fixup: 0.0 ms]
   [Code Root Purge: 0.0 ms]
   [Clear CT: 0.2 ms]
   [Other: 0.6 ms]
      [Choose CSet: 0.0 ms]
      [Ref Proc: 0.2 ms]
      [Ref Enq: 0.0 ms]
      [Redirty Cards: 0.1 ms]
      [Humongous Register: 0.1 ms]
      [Humongous Reclaim: 0.1 ms]
      [Free CSet: 0.1 ms]
   [Eden: 44.0M(44.0M)->0.0B(166.0M) Survivors: 7168.0K->7168.0K Heap: 698.9M(1024.0M)->651.4M(1024.0M)]
 [Times: user=0.02 sys=0.00, real=0.01 secs] 
2021-01-18T10:16:10.141-0800: 7.083: [GC pause (G1 Humongous Allocation) (young) (initial-mark), 0.0027060 secs]
   [Parallel Time: 1.8 ms, GC Workers: 8]
      [GC Worker Start (ms): Min: 7083.1, Avg: 7083.2, Max: 7083.3, Diff: 0.1]
      [Ext Root Scanning (ms): Min: 0.1, Avg: 0.1, Max: 0.2, Diff: 0.2, Sum: 1.1]
      [Update RS (ms): Min: 0.0, Avg: 0.3, Max: 1.4, Diff: 1.4, Sum: 2.3]
         [Processed Buffers: Min: 0, Avg: 1.0, Max: 2, Diff: 2, Sum: 8]
      [Scan RS (ms): Min: 0.0, Avg: 0.0, Max: 0.0, Diff: 0.0, Sum: 0.0]
      [Code Root Scanning (ms): Min: 0.0, Avg: 0.0, Max: 0.0, Diff: 0.0, Sum: 0.0]
      [Object Copy (ms): Min: 0.0, Avg: 0.4, Max: 0.6, Diff: 0.6, Sum: 3.1]
      [Termination (ms): Min: 0.1, Avg: 0.8, Max: 1.0, Diff: 0.9, Sum: 6.4]
         [Termination Attempts: Min: 1, Avg: 2.1, Max: 4, Diff: 3, Sum: 17]
      [GC Worker Other (ms): Min: 0.0, Avg: 0.0, Max: 0.0, Diff: 0.0, Sum: 0.1]
      [GC Worker Total (ms): Min: 1.5, Avg: 1.6, Max: 1.7, Diff: 0.1, Sum: 13.0]
      [GC Worker End (ms): Min: 7084.8, Avg: 7084.8, Max: 7084.9, Diff: 0.0]
   [Code Root Fixup: 0.0 ms]
   [Code Root Purge: 0.0 ms]
   [Clear CT: 0.2 ms]
   [Other: 0.7 ms]
      [Choose CSet: 0.0 ms]
      [Ref Proc: 0.3 ms]
      [Ref Enq: 0.0 ms]
      [Redirty Cards: 0.1 ms]
      [Humongous Register: 0.1 ms]
      [Humongous Reclaim: 0.0 ms]
      [Free CSet: 0.0 ms]
   [Eden: 1024.0K(166.0M)->0.0B(135.0M) Survivors: 7168.0K->8192.0K Heap: 652.4M(1024.0M)->652.0M(1024.0M)]
 [Times: user=0.01 sys=0.00, real=0.00 secs] 
2021-01-18T10:16:10.144-0800: 7.086: [GC concurrent-root-region-scan-start]
2021-01-18T10:16:10.144-0800: 7.086: [GC concurrent-root-region-scan-end, 0.0000870 secs]
2021-01-18T10:16:10.144-0800: 7.086: [GC concurrent-mark-start]
2021-01-18T10:16:10.146-0800: 7.088: [GC concurrent-mark-end, 0.0018487 secs]
2021-01-18T10:16:10.146-0800: 7.088: [GC remark 2021-01-18T10:16:10.146-0800: 7.088: [Finalize Marking, 0.0010585 secs] 2021-01-18T10:16:10.147-0800: 7.089: [GC ref-proc, 0.0000581 secs] 2021-01-18T10:16:10.147-0800: 7.089: [Unloading, 0.0005212 secs], 0.0026870 secs]
 [Times: user=0.01 sys=0.00, real=0.00 secs] 
2021-01-18T10:16:10.149-0800: 7.091: [GC cleanup 662M->651M(1024M), 0.0009700 secs]
 [Times: user=0.01 sys=0.00, real=0.01 secs] 
2021-01-18T10:16:10.150-0800: 7.092: [GC concurrent-cleanup-start]
2021-01-18T10:16:10.150-0800: 7.092: [GC concurrent-cleanup-end, 0.0000181 secs]
2021-01-18T10:16:10.173-0800: 7.115: [GC pause (G1 Evacuation Pause) (young), 0.0085248 secs]
   [Parallel Time: 7.7 ms, GC Workers: 8]
      [GC Worker Start (ms): Min: 7115.6, Avg: 7115.7, Max: 7115.7, Diff: 0.1]
      [Ext Root Scanning (ms): Min: 0.0, Avg: 0.1, Max: 0.2, Diff: 0.1, Sum: 0.7]
      [Update RS (ms): Min: 3.2, Avg: 3.2, Max: 3.2, Diff: 0.1, Sum: 25.7]
         [Processed Buffers: Min: 31, Avg: 43.0, Max: 47, Diff: 16, Sum: 344]
      [Scan RS (ms): Min: 0.0, Avg: 0.0, Max: 0.0, Diff: 0.0, Sum: 0.1]
      [Code Root Scanning (ms): Min: 0.0, Avg: 0.0, Max: 0.0, Diff: 0.0, Sum: 0.0]
      [Object Copy (ms): Min: 4.1, Avg: 4.2, Max: 4.2, Diff: 0.1, Sum: 33.3]
      [Termination (ms): Min: 0.0, Avg: 0.1, Max: 0.1, Diff: 0.1, Sum: 0.6]
         [Termination Attempts: Min: 1, Avg: 1.4, Max: 2, Diff: 1, Sum: 11]
      [GC Worker Other (ms): Min: 0.0, Avg: 0.0, Max: 0.0, Diff: 0.0, Sum: 0.1]
      [GC Worker Total (ms): Min: 7.5, Avg: 7.6, Max: 7.6, Diff: 0.1, Sum: 60.5]
      [GC Worker End (ms): Min: 7123.2, Avg: 7123.2, Max: 7123.3, Diff: 0.0]
   [Code Root Fixup: 0.0 ms]
   [Code Root Purge: 0.0 ms]
   [Clear CT: 0.2 ms]
   [Other: 0.7 ms]
      [Choose CSet: 0.0 ms]
      [Ref Proc: 0.2 ms]
      [Ref Enq: 0.0 ms]
      [Redirty Cards: 0.1 ms]
      [Humongous Register: 0.1 ms]
      [Humongous Reclaim: 0.1 ms]
      [Free CSet: 0.1 ms]
   [Eden: 135.0M(135.0M)->0.0B(33.0M) Survivors: 8192.0K->18.0M Heap: 818.2M(1024.0M)->688.9M(1024.0M)]
 [Times: user=0.06 sys=0.00, real=0.01 secs] 
2021-01-18T10:16:10.188-0800: 7.130: [GC pause (G1 Evacuation Pause) (mixed), 0.0056143 secs]
   [Parallel Time: 4.8 ms, GC Workers: 8]
      [GC Worker Start (ms): Min: 7130.5, Avg: 7130.6, Max: 7130.6, Diff: 0.1]
      [Ext Root Scanning (ms): Min: 0.1, Avg: 0.1, Max: 0.2, Diff: 0.1, Sum: 0.9]
      [Update RS (ms): Min: 0.9, Avg: 0.9, Max: 1.0, Diff: 0.1, Sum: 7.5]
         [Processed Buffers: Min: 10, Avg: 11.4, Max: 12, Diff: 2, Sum: 91]
      [Scan RS (ms): Min: 0.0, Avg: 0.0, Max: 0.1, Diff: 0.1, Sum: 0.2]
      [Code Root Scanning (ms): Min: 0.0, Avg: 0.0, Max: 0.0, Diff: 0.0, Sum: 0.0]
      [Object Copy (ms): Min: 3.3, Avg: 3.3, Max: 3.4, Diff: 0.1, Sum: 26.7]
      [Termination (ms): Min: 0.0, Avg: 0.2, Max: 0.3, Diff: 0.3, Sum: 1.4]
         [Termination Attempts: Min: 1, Avg: 1.0, Max: 1, Diff: 0, Sum: 8]
      [GC Worker Other (ms): Min: 0.0, Avg: 0.0, Max: 0.0, Diff: 0.0, Sum: 0.1]
      [GC Worker Total (ms): Min: 4.5, Avg: 4.6, Max: 4.7, Diff: 0.2, Sum: 36.9]
      [GC Worker End (ms): Min: 7135.1, Avg: 7135.2, Max: 7135.2, Diff: 0.1]
   [Code Root Fixup: 0.0 ms]
   [Code Root Purge: 0.0 ms]
   [Clear CT: 0.1 ms]
   [Other: 0.7 ms]
      [Choose CSet: 0.0 ms]
      [Ref Proc: 0.2 ms]
      [Ref Enq: 0.0 ms]
      [Redirty Cards: 0.1 ms]
      [Humongous Register: 0.1 ms]
      [Humongous Reclaim: 0.1 ms]
      [Free CSet: 0.1 ms]
   [Eden: 33.0M(33.0M)->0.0B(44.0M) Survivors: 18.0M->7168.0K Heap: 732.2M(1024.0M)->605.9M(1024.0M)]
 [Times: user=0.04 sys=0.00, real=0.01 secs] 
2021-01-18T10:16:10.202-0800: 7.144: [GC pause (G1 Evacuation Pause) (mixed), 0.0066624 secs]
   [Parallel Time: 5.8 ms, GC Workers: 8]
      [GC Worker Start (ms): Min: 7144.0, Avg: 7144.1, Max: 7144.1, Diff: 0.1]
      [Ext Root Scanning (ms): Min: 0.0, Avg: 0.1, Max: 0.2, Diff: 0.1, Sum: 0.9]
      [Update RS (ms): Min: 1.3, Avg: 1.3, Max: 1.3, Diff: 0.1, Sum: 10.4]
         [Processed Buffers: Min: 15, Avg: 15.6, Max: 16, Diff: 1, Sum: 125]
      [Scan RS (ms): Min: 0.0, Avg: 0.0, Max: 0.1, Diff: 0.1, Sum: 0.4]
      [Code Root Scanning (ms): Min: 0.0, Avg: 0.0, Max: 0.0, Diff: 0.0, Sum: 0.0]
      [Object Copy (ms): Min: 4.0, Avg: 4.1, Max: 4.1, Diff: 0.1, Sum: 32.7]
      [Termination (ms): Min: 0.0, Avg: 0.1, Max: 0.1, Diff: 0.1, Sum: 0.5]
         [Termination Attempts: Min: 1, Avg: 1.5, Max: 3, Diff: 2, Sum: 12]
      [GC Worker Other (ms): Min: 0.0, Avg: 0.0, Max: 0.0, Diff: 0.0, Sum: 0.1]
      [GC Worker Total (ms): Min: 5.5, Avg: 5.6, Max: 5.7, Diff: 0.2, Sum: 44.9]
      [GC Worker End (ms): Min: 7149.7, Avg: 7149.7, Max: 7149.7, Diff: 0.0]
   [Code Root Fixup: 0.0 ms]
   [Code Root Purge: 0.0 ms]
   [Clear CT: 0.2 ms]
   [Other: 0.7 ms]
      [Choose CSet: 0.0 ms]
      [Ref Proc: 0.2 ms]
      [Ref Enq: 0.0 ms]
      [Redirty Cards: 0.1 ms]
      [Humongous Register: 0.1 ms]
      [Humongous Reclaim: 0.0 ms]
      [Free CSet: 0.1 ms]
   [Eden: 44.0M(44.0M)->0.0B(44.0M) Survivors: 7168.0K->7168.0K Heap: 664.3M(1024.0M)->543.8M(1024.0M)]
 [Times: user=0.05 sys=0.01, real=0.00 secs] 
2021-01-18T10:16:10.216-0800: 7.159: [GC pause (G1 Evacuation Pause) (mixed), 0.0072996 secs]
   [Parallel Time: 6.4 ms, GC Workers: 8]
      [GC Worker Start (ms): Min: 7158.7, Avg: 7158.8, Max: 7158.9, Diff: 0.1]
      [Ext Root Scanning (ms): Min: 0.1, Avg: 0.1, Max: 0.2, Diff: 0.1, Sum: 0.9]
      [Update RS (ms): Min: 1.1, Avg: 1.1, Max: 1.2, Diff: 0.2, Sum: 9.0]
         [Processed Buffers: Min: 11, Avg: 12.8, Max: 15, Diff: 4, Sum: 102]
      [Scan RS (ms): Min: 0.0, Avg: 0.1, Max: 0.1, Diff: 0.1, Sum: 0.5]
      [Code Root Scanning (ms): Min: 0.0, Avg: 0.0, Max: 0.0, Diff: 0.0, Sum: 0.0]
      [Object Copy (ms): Min: 4.8, Avg: 4.8, Max: 4.9, Diff: 0.1, Sum: 38.4]
      [Termination (ms): Min: 0.0, Avg: 0.1, Max: 0.1, Diff: 0.1, Sum: 0.8]
         [Termination Attempts: Min: 1, Avg: 1.0, Max: 1, Diff: 0, Sum: 8]
      [GC Worker Other (ms): Min: 0.0, Avg: 0.0, Max: 0.0, Diff: 0.0, Sum: 0.1]
      [GC Worker Total (ms): Min: 6.1, Avg: 6.2, Max: 6.3, Diff: 0.1, Sum: 49.6]
      [GC Worker End (ms): Min: 7165.0, Avg: 7165.0, Max: 7165.0, Diff: 0.1]
   [Code Root Fixup: 0.0 ms]
   [Code Root Purge: 0.0 ms]
   [Clear CT: 0.2 ms]
   [Other: 0.8 ms]
      [Choose CSet: 0.0 ms]
      [Ref Proc: 0.2 ms]
      [Ref Enq: 0.0 ms]
      [Redirty Cards: 0.2 ms]
      [Humongous Register: 0.1 ms]
      [Humongous Reclaim: 0.0 ms]
      [Free CSet: 0.1 ms]
   [Eden: 44.0M(44.0M)->0.0B(243.0M) Survivors: 7168.0K->7168.0K Heap: 599.3M(1024.0M)->494.4M(1024.0M)]
 [Times: user=0.05 sys=0.00, real=0.01 secs] 
2021-01-18T10:16:10.224-0800: 7.166: [GC pause (G1 Humongous Allocation) (young) (initial-mark), 0.0026548 secs]
   [Parallel Time: 1.1 ms, GC Workers: 8]
      [GC Worker Start (ms): Min: 7166.4, Avg: 7166.5, Max: 7166.6, Diff: 0.1]
      [Ext Root Scanning (ms): Min: 0.1, Avg: 0.1, Max: 0.2, Diff: 0.1, Sum: 1.2]
      [Update RS (ms): Min: 0.1, Avg: 0.1, Max: 0.2, Diff: 0.2, Sum: 1.0]
         [Processed Buffers: Min: 1, Avg: 1.1, Max: 2, Diff: 1, Sum: 9]
      [Scan RS (ms): Min: 0.0, Avg: 0.0, Max: 0.0, Diff: 0.0, Sum: 0.0]
      [Code Root Scanning (ms): Min: 0.0, Avg: 0.0, Max: 0.0, Diff: 0.0, Sum: 0.0]
      [Object Copy (ms): Min: 0.4, Avg: 0.5, Max: 0.6, Diff: 0.2, Sum: 4.1]
      [Termination (ms): Min: 0.0, Avg: 0.1, Max: 0.2, Diff: 0.2, Sum: 0.7]
         [Termination Attempts: Min: 1, Avg: 1.0, Max: 1, Diff: 0, Sum: 8]
      [GC Worker Other (ms): Min: 0.0, Avg: 0.0, Max: 0.0, Diff: 0.0, Sum: 0.1]
      [GC Worker Total (ms): Min: 0.8, Avg: 0.9, Max: 1.0, Diff: 0.2, Sum: 7.1]
      [GC Worker End (ms): Min: 7167.3, Avg: 7167.4, Max: 7167.4, Diff: 0.1]
   [Code Root Fixup: 0.0 ms]
   [Code Root Purge: 0.0 ms]
   [Clear CT: 0.2 ms]
   [Other: 1.4 ms]
      [Choose CSet: 0.0 ms]
      [Ref Proc: 0.9 ms]
      [Ref Enq: 0.0 ms]
      [Redirty Cards: 0.2 ms]
      [Humongous Register: 0.1 ms]
      [Humongous Reclaim: 0.0 ms]
      [Free CSet: 0.0 ms]
   [Eden: 2048.0K(243.0M)->0.0B(258.0M) Survivors: 7168.0K->8192.0K Heap: 495.6M(1024.0M)->494.1M(1024.0M)]
 [Times: user=0.01 sys=0.00, real=0.00 secs] 
2021-01-18T10:16:10.227-0800: 7.169: [GC concurrent-root-region-scan-start]
2021-01-18T10:16:10.227-0800: 7.169: [GC concurrent-root-region-scan-end, 0.0001113 secs]
2021-01-18T10:16:10.227-0800: 7.169: [GC concurrent-mark-start]
2021-01-18T10:16:10.228-0800: 7.170: [GC concurrent-mark-end, 0.0013172 secs]
2021-01-18T10:16:10.229-0800: 7.171: [GC remark 2021-01-18T10:16:10.229-0800: 7.171: [Finalize Marking, 0.0002613 secs] 2021-01-18T10:16:10.229-0800: 7.171: [GC ref-proc, 0.0000531 secs] 2021-01-18T10:16:10.229-0800: 7.171: [Unloading, 0.0004910 secs], 0.0018368 secs]
 [Times: user=0.01 sys=0.00, real=0.01 secs] 
2021-01-18T10:16:10.231-0800: 7.173: [GC cleanup 503M->503M(1024M), 0.0010678 secs]
 [Times: user=0.00 sys=0.00, real=0.00 secs] 
2021-01-18T10:16:10.274-0800: 7.216: [GC pause (G1 Evacuation Pause) (young), 0.0145291 secs]
   [Parallel Time: 12.7 ms, GC Workers: 8]
      [GC Worker Start (ms): Min: 7216.2, Avg: 7216.2, Max: 7216.3, Diff: 0.1]
      [Ext Root Scanning (ms): Min: 0.1, Avg: 0.1, Max: 0.1, Diff: 0.1, Sum: 0.8]
      [Update RS (ms): Min: 4.2, Avg: 4.2, Max: 4.2, Diff: 0.0, Sum: 33.6]
         [Processed Buffers: Min: 64, Avg: 65.2, Max: 67, Diff: 3, Sum: 522]
      [Scan RS (ms): Min: 0.0, Avg: 0.0, Max: 0.0, Diff: 0.0, Sum: 0.2]
      [Code Root Scanning (ms): Min: 0.0, Avg: 0.0, Max: 0.0, Diff: 0.0, Sum: 0.0]
      [Object Copy (ms): Min: 7.4, Avg: 7.5, Max: 8.2, Diff: 0.8, Sum: 60.2]
      [Termination (ms): Min: 0.0, Avg: 0.7, Max: 0.9, Diff: 0.9, Sum: 5.5]
         [Termination Attempts: Min: 1, Avg: 1.0, Max: 1, Diff: 0, Sum: 8]
      [GC Worker Other (ms): Min: 0.0, Avg: 0.0, Max: 0.1, Diff: 0.0, Sum: 0.1]
      [GC Worker Total (ms): Min: 12.5, Avg: 12.5, Max: 12.6, Diff: 0.1, Sum: 100.3]
      [GC Worker End (ms): Min: 7228.7, Avg: 7228.8, Max: 7228.8, Diff: 0.1]
   [Code Root Fixup: 0.0 ms]
   [Code Root Purge: 0.0 ms]
   [Clear CT: 0.2 ms]
   [Other: 1.7 ms]
      [Choose CSet: 0.0 ms]
      [Ref Proc: 1.1 ms]
      [Ref Enq: 0.0 ms]
      [Redirty Cards: 0.1 ms]
      [Humongous Register: 0.2 ms]
      [Humongous Reclaim: 0.1 ms]
      [Free CSet: 0.1 ms]
   [Eden: 258.0M(258.0M)->0.0B(17.0M) Survivors: 8192.0K->34.0M Heap: 816.1M(1024.0M)->569.6M(1024.0M)]
 [Times: user=0.09 sys=0.00, real=0.01 secs] 
2021-01-18T10:16:10.292-0800: 7.234: [GC pause (G1 Evacuation Pause) (mixed), 0.0089093 secs]
   [Parallel Time: 7.8 ms, GC Workers: 8]
      [GC Worker Start (ms): Min: 7234.0, Avg: 7234.1, Max: 7234.1, Diff: 0.1]
      [Ext Root Scanning (ms): Min: 0.1, Avg: 0.1, Max: 0.2, Diff: 0.1, Sum: 1.0]
      [Update RS (ms): Min: 0.5, Avg: 0.6, Max: 0.8, Diff: 0.3, Sum: 4.8]
         [Processed Buffers: Min: 1, Avg: 6.1, Max: 8, Diff: 7, Sum: 49]
      [Scan RS (ms): Min: 0.0, Avg: 0.1, Max: 0.1, Diff: 0.1, Sum: 0.6]
      [Code Root Scanning (ms): Min: 0.0, Avg: 0.0, Max: 0.0, Diff: 0.0, Sum: 0.0]
      [Object Copy (ms): Min: 6.6, Avg: 6.7, Max: 6.8, Diff: 0.3, Sum: 53.9]
      [Termination (ms): Min: 0.0, Avg: 0.1, Max: 0.2, Diff: 0.2, Sum: 0.8]
         [Termination Attempts: Min: 1, Avg: 1.0, Max: 1, Diff: 0, Sum: 8]
      [GC Worker Other (ms): Min: 0.0, Avg: 0.0, Max: 0.0, Diff: 0.0, Sum: 0.1]
      [GC Worker Total (ms): Min: 7.6, Avg: 7.6, Max: 7.7, Diff: 0.2, Sum: 61.1]
      [GC Worker End (ms): Min: 7241.7, Avg: 7241.7, Max: 7241.7, Diff: 0.1]
   [Code Root Fixup: 0.0 ms]
   [Code Root Purge: 0.0 ms]
   [Clear CT: 0.2 ms]
   [Other: 0.9 ms]
      [Choose CSet: 0.0 ms]
      [Ref Proc: 0.2 ms]
      [Ref Enq: 0.0 ms]
      [Redirty Cards: 0.2 ms]
      [Humongous Register: 0.1 ms]
      [Humongous Reclaim: 0.0 ms]
      [Free CSet: 0.1 ms]
   [Eden: 17.0M(17.0M)->0.0B(45.0M) Survivors: 34.0M->6144.0K Heap: 591.6M(1024.0M)->506.6M(1024.0M)]
 [Times: user=0.04 sys=0.00, real=0.01 secs] 
2021-01-18T10:16:10.310-0800: 7.252: [GC pause (G1 Evacuation Pause) (mixed), 0.0048495 secs]
   [Parallel Time: 4.0 ms, GC Workers: 8]
      [GC Worker Start (ms): Min: 7252.6, Avg: 7252.7, Max: 7253.1, Diff: 0.4]
      [Ext Root Scanning (ms): Min: 0.0, Avg: 0.1, Max: 0.2, Diff: 0.2, Sum: 1.1]
      [Update RS (ms): Min: 1.6, Avg: 1.8, Max: 2.1, Diff: 0.5, Sum: 14.6]
         [Processed Buffers: Min: 2, Avg: 14.1, Max: 22, Diff: 20, Sum: 113]
      [Scan RS (ms): Min: 0.0, Avg: 0.0, Max: 0.0, Diff: 0.0, Sum: 0.1]
      [Code Root Scanning (ms): Min: 0.0, Avg: 0.0, Max: 0.0, Diff: 0.0, Sum: 0.0]
      [Object Copy (ms): Min: 1.5, Avg: 1.7, Max: 1.8, Diff: 0.3, Sum: 13.6]
      [Termination (ms): Min: 0.0, Avg: 0.1, Max: 0.2, Diff: 0.2, Sum: 0.6]
         [Termination Attempts: Min: 1, Avg: 1.0, Max: 1, Diff: 0, Sum: 8]
      [GC Worker Other (ms): Min: 0.0, Avg: 0.0, Max: 0.0, Diff: 0.0, Sum: 0.1]
      [GC Worker Total (ms): Min: 3.4, Avg: 3.8, Max: 3.9, Diff: 0.4, Sum: 30.1]
      [GC Worker End (ms): Min: 7256.5, Avg: 7256.5, Max: 7256.6, Diff: 0.1]
   [Code Root Fixup: 0.0 ms]
   [Code Root Purge: 0.0 ms]
   [Clear CT: 0.2 ms]
   [Other: 0.7 ms]
      [Choose CSet: 0.0 ms]
      [Ref Proc: 0.2 ms]
      [Ref Enq: 0.0 ms]
      [Redirty Cards: 0.2 ms]
      [Humongous Register: 0.2 ms]
      [Humongous Reclaim: 0.1 ms]
      [Free CSet: 0.0 ms]
   [Eden: 45.0M(45.0M)->0.0B(245.0M) Survivors: 6144.0K->7168.0K Heap: 564.4M(1024.0M)->516.5M(1024.0M)]
 [Times: user=0.03 sys=0.00, real=0.00 secs] 
2021-01-18T10:16:10.316-0800: 7.258: [GC pause (G1 Humongous Allocation) (young) (initial-mark), 0.0017631 secs]
   [Parallel Time: 1.0 ms, GC Workers: 8]
      [GC Worker Start (ms): Min: 7257.8, Avg: 7257.9, Max: 7258.0, Diff: 0.1]
      [Ext Root Scanning (ms): Min: 0.1, Avg: 0.1, Max: 0.2, Diff: 0.1, Sum: 1.1]
      [Update RS (ms): Min: 0.0, Avg: 0.1, Max: 0.1, Diff: 0.1, Sum: 0.6]
         [Processed Buffers: Min: 1, Avg: 1.1, Max: 2, Diff: 1, Sum: 9]
      [Scan RS (ms): Min: 0.0, Avg: 0.0, Max: 0.0, Diff: 0.0, Sum: 0.0]
      [Code Root Scanning (ms): Min: 0.0, Avg: 0.0, Max: 0.0, Diff: 0.0, Sum: 0.0]
      [Object Copy (ms): Min: 0.5, Avg: 0.6, Max: 0.6, Diff: 0.1, Sum: 4.5]
      [Termination (ms): Min: 0.0, Avg: 0.0, Max: 0.1, Diff: 0.1, Sum: 0.3]
         [Termination Attempts: Min: 1, Avg: 1.0, Max: 1, Diff: 0, Sum: 8]
      [GC Worker Other (ms): Min: 0.0, Avg: 0.0, Max: 0.0, Diff: 0.0, Sum: 0.1]
      [GC Worker Total (ms): Min: 0.8, Avg: 0.8, Max: 0.9, Diff: 0.1, Sum: 6.6]
      [GC Worker End (ms): Min: 7258.7, Avg: 7258.7, Max: 7258.8, Diff: 0.0]
   [Code Root Fixup: 0.0 ms]
   [Code Root Purge: 0.0 ms]
   [Clear CT: 0.1 ms]
   [Other: 0.7 ms]
      [Choose CSet: 0.0 ms]
      [Ref Proc: 0.2 ms]
      [Ref Enq: 0.0 ms]
      [Redirty Cards: 0.1 ms]
      [Humongous Register: 0.1 ms]
      [Humongous Reclaim: 0.0 ms]
      [Free CSet: 0.0 ms]
   [Eden: 2048.0K(245.0M)->0.0B(250.0M) Survivors: 7168.0K->8192.0K Heap: 517.9M(1024.0M)->517.4M(1024.0M)]
 [Times: user=0.00 sys=0.00, real=0.00 secs] 
2021-01-18T10:16:10.318-0800: 7.260: [GC concurrent-root-region-scan-start]
2021-01-18T10:16:10.318-0800: 7.260: [GC concurrent-root-region-scan-end, 0.0000932 secs]
2021-01-18T10:16:10.318-0800: 7.260: [GC concurrent-mark-start]
2021-01-18T10:16:10.319-0800: 7.261: [GC concurrent-mark-end, 0.0014002 secs]
2021-01-18T10:16:10.319-0800: 7.261: [GC remark 2021-01-18T10:16:10.319-0800: 7.261: [Finalize Marking, 0.0013124 secs] 2021-01-18T10:16:10.321-0800: 7.263: [GC ref-proc, 0.0000560 secs] 2021-01-18T10:16:10.321-0800: 7.263: [Unloading, 0.0005073 secs], 0.0029593 secs]
 [Times: user=0.01 sys=0.00, real=0.01 secs] 
2021-01-18T10:16:10.322-0800: 7.264: [GC cleanup 526M->520M(1024M), 0.0009752 secs]
 [Times: user=0.00 sys=0.00, real=0.00 secs] 
2021-01-18T10:16:10.323-0800: 7.265: [GC concurrent-cleanup-start]
2021-01-18T10:16:10.323-0800: 7.265: [GC concurrent-cleanup-end, 0.0000159 secs]
2021-01-18T10:16:10.364-0800: 7.306: [GC pause (G1 Evacuation Pause) (young) (to-space exhausted), 0.0143843 secs]
   [Parallel Time: 13.3 ms, GC Workers: 8]
      [GC Worker Start (ms): Min: 7306.6, Avg: 7306.7, Max: 7306.7, Diff: 0.1]
      [Ext Root Scanning (ms): Min: 0.1, Avg: 0.1, Max: 0.2, Diff: 0.1, Sum: 0.8]
      [Update RS (ms): Min: 5.6, Avg: 5.6, Max: 5.7, Diff: 0.0, Sum: 45.1]
         [Processed Buffers: Min: 60, Avg: 78.2, Max: 88, Diff: 28, Sum: 626]
      [Scan RS (ms): Min: 0.0, Avg: 0.0, Max: 0.0, Diff: 0.0, Sum: 0.2]
      [Code Root Scanning (ms): Min: 0.0, Avg: 0.0, Max: 0.0, Diff: 0.0, Sum: 0.0]
      [Object Copy (ms): Min: 6.5, Avg: 6.7, Max: 7.2, Diff: 0.7, Sum: 53.4]
      [Termination (ms): Min: 0.0, Avg: 0.6, Max: 0.9, Diff: 0.9, Sum: 4.9]
         [Termination Attempts: Min: 1, Avg: 1.0, Max: 1, Diff: 0, Sum: 8]
      [GC Worker Other (ms): Min: 0.0, Avg: 0.0, Max: 0.0, Diff: 0.0, Sum: 0.1]
      [GC Worker Total (ms): Min: 13.0, Avg: 13.1, Max: 13.2, Diff: 0.3, Sum: 104.4]
      [GC Worker End (ms): Min: 7319.7, Avg: 7319.7, Max: 7319.9, Diff: 0.2]
   [Code Root Fixup: 0.0 ms]
   [Code Root Purge: 0.0 ms]
   [Clear CT: 0.2 ms]
   [Other: 0.9 ms]
      [Evacuation Failure: 0.2 ms]
      [Choose CSet: 0.0 ms]
      [Ref Proc: 0.2 ms]
      [Ref Enq: 0.0 ms]
      [Redirty Cards: 0.1 ms]
      [Humongous Register: 0.1 ms]
      [Humongous Reclaim: 0.1 ms]
      [Free CSet: 0.1 ms]
   [Eden: 250.0M(250.0M)->0.0B(18.0M) Survivors: 8192.0K->33.0M Heap: 838.5M(1024.0M)->589.2M(1024.0M)]
 [Times: user=0.09 sys=0.00, real=0.01 secs] 
2021-01-18T10:16:10.382-0800: 7.324: [GC pause (G1 Evacuation Pause) (mixed), 0.0090680 secs]
   [Parallel Time: 8.0 ms, GC Workers: 8]
      [GC Worker Start (ms): Min: 7324.5, Avg: 7324.6, Max: 7324.7, Diff: 0.2]
      [Ext Root Scanning (ms): Min: 0.0, Avg: 0.1, Max: 0.2, Diff: 0.2, Sum: 0.9]
      [Update RS (ms): Min: 0.3, Avg: 0.4, Max: 0.4, Diff: 0.2, Sum: 3.0]
         [Processed Buffers: Min: 3, Avg: 5.5, Max: 8, Diff: 5, Sum: 44]
      [Scan RS (ms): Min: 0.0, Avg: 0.1, Max: 0.1, Diff: 0.1, Sum: 0.4]
      [Code Root Scanning (ms): Min: 0.0, Avg: 0.0, Max: 0.0, Diff: 0.0, Sum: 0.0]
      [Object Copy (ms): Min: 6.1, Avg: 6.3, Max: 7.1, Diff: 0.9, Sum: 50.3]
      [Termination (ms): Min: 0.0, Avg: 0.9, Max: 1.1, Diff: 1.1, Sum: 7.1]
         [Termination Attempts: Min: 1, Avg: 1.0, Max: 1, Diff: 0, Sum: 8]
      [GC Worker Other (ms): Min: 0.0, Avg: 0.0, Max: 0.0, Diff: 0.0, Sum: 0.1]
      [GC Worker Total (ms): Min: 7.6, Avg: 7.7, Max: 8.0, Diff: 0.4, Sum: 61.8]
      [GC Worker End (ms): Min: 7332.3, Avg: 7332.3, Max: 7332.5, Diff: 0.2]
   [Code Root Fixup: 0.0 ms]
   [Code Root Purge: 0.0 ms]
   [Clear CT: 0.2 ms]
   [Other: 0.8 ms]
      [Choose CSet: 0.0 ms]
      [Ref Proc: 0.2 ms]
      [Ref Enq: 0.0 ms]
      [Redirty Cards: 0.1 ms]
      [Humongous Register: 0.1 ms]
      [Humongous Reclaim: 0.0 ms]
      [Free CSet: 0.1 ms]
   [Eden: 18.0M(18.0M)->0.0B(45.0M) Survivors: 33.0M->6144.0K Heap: 610.5M(1024.0M)->517.7M(1024.0M)]
 [Times: user=0.05 sys=0.00, real=0.01 secs] 
2021-01-18T10:16:10.400-0800: 7.342: [GC pause (G1 Evacuation Pause) (mixed), 0.0053282 secs]
   [Parallel Time: 4.4 ms, GC Workers: 8]
      [GC Worker Start (ms): Min: 7342.5, Avg: 7342.6, Max: 7342.6, Diff: 0.1]
      [Ext Root Scanning (ms): Min: 0.1, Avg: 0.2, Max: 0.6, Diff: 0.5, Sum: 1.9]
      [Update RS (ms): Min: 1.0, Avg: 1.3, Max: 1.4, Diff: 0.4, Sum: 10.2]
         [Processed Buffers: Min: 11, Avg: 13.9, Max: 16, Diff: 5, Sum: 111]
      [Scan RS (ms): Min: 0.0, Avg: 0.0, Max: 0.1, Diff: 0.1, Sum: 0.2]
      [Code Root Scanning (ms): Min: 0.0, Avg: 0.0, Max: 0.0, Diff: 0.0, Sum: 0.0]
      [Object Copy (ms): Min: 2.6, Avg: 2.6, Max: 2.6, Diff: 0.1, Sum: 20.8]
      [Termination (ms): Min: 0.0, Avg: 0.0, Max: 0.1, Diff: 0.1, Sum: 0.4]
         [Termination Attempts: Min: 1, Avg: 1.1, Max: 2, Diff: 1, Sum: 9]
      [GC Worker Other (ms): Min: 0.0, Avg: 0.0, Max: 0.0, Diff: 0.0, Sum: 0.1]
      [GC Worker Total (ms): Min: 4.2, Avg: 4.2, Max: 4.3, Diff: 0.1, Sum: 33.6]
      [GC Worker End (ms): Min: 7346.8, Avg: 7346.8, Max: 7346.8, Diff: 0.0]
   [Code Root Fixup: 0.0 ms]
   [Code Root Purge: 0.0 ms]
   [Clear CT: 0.1 ms]
   [Other: 0.8 ms]
      [Choose CSet: 0.0 ms]
      [Ref Proc: 0.3 ms]
      [Ref Enq: 0.0 ms]
      [Redirty Cards: 0.1 ms]
      [Humongous Register: 0.1 ms]
      [Humongous Reclaim: 0.0 ms]
      [Free CSet: 0.0 ms]
   [Eden: 45.0M(45.0M)->0.0B(246.0M) Survivors: 6144.0K->7168.0K Heap: 575.3M(1024.0M)->523.0M(1024.0M)]
 [Times: user=0.03 sys=0.00, real=0.00 secs] 
2021-01-18T10:16:10.406-0800: 7.348: [GC pause (G1 Humongous Allocation) (young) (initial-mark), 0.0018617 secs]
   [Parallel Time: 1.1 ms, GC Workers: 8]
      [GC Worker Start (ms): Min: 7348.6, Avg: 7348.7, Max: 7348.9, Diff: 0.2]
      [Ext Root Scanning (ms): Min: 0.0, Avg: 0.2, Max: 0.4, Diff: 0.3, Sum: 1.8]
      [Update RS (ms): Min: 0.0, Avg: 0.1, Max: 0.2, Diff: 0.2, Sum: 0.7]
         [Processed Buffers: Min: 0, Avg: 1.1, Max: 3, Diff: 3, Sum: 9]
      [Scan RS (ms): Min: 0.0, Avg: 0.0, Max: 0.0, Diff: 0.0, Sum: 0.0]
      [Code Root Scanning (ms): Min: 0.0, Avg: 0.0, Max: 0.0, Diff: 0.0, Sum: 0.0]
      [Object Copy (ms): Min: 0.4, Avg: 0.5, Max: 0.6, Diff: 0.2, Sum: 4.0]
      [Termination (ms): Min: 0.0, Avg: 0.0, Max: 0.1, Diff: 0.1, Sum: 0.4]
         [Termination Attempts: Min: 1, Avg: 1.0, Max: 1, Diff: 0, Sum: 8]
      [GC Worker Other (ms): Min: 0.0, Avg: 0.0, Max: 0.0, Diff: 0.0, Sum: 0.1]
      [GC Worker Total (ms): Min: 0.7, Avg: 0.9, Max: 1.0, Diff: 0.3, Sum: 7.0]
      [GC Worker End (ms): Min: 7349.6, Avg: 7349.6, Max: 7349.6, Diff: 0.0]
   [Code Root Fixup: 0.0 ms]
   [Code Root Purge: 0.0 ms]
   [Clear CT: 0.1 ms]
   [Other: 0.7 ms]
      [Choose CSet: 0.0 ms]
      [Ref Proc: 0.2 ms]
      [Ref Enq: 0.0 ms]
      [Redirty Cards: 0.2 ms]
      [Humongous Register: 0.1 ms]
      [Humongous Reclaim: 0.0 ms]
      [Free CSet: 0.0 ms]
   [Eden: 4096.0K(246.0M)->0.0B(260.0M) Survivors: 7168.0K->8192.0K Heap: 526.6M(1024.0M)->522.8M(1024.0M)]
 [Times: user=0.01 sys=0.00, real=0.00 secs] 
2021-01-18T10:16:10.408-0800: 7.351: [GC concurrent-root-region-scan-start]
2021-01-18T10:16:10.409-0800: 7.351: [GC concurrent-root-region-scan-end, 0.0001475 secs]
2021-01-18T10:16:10.409-0800: 7.351: [GC concurrent-mark-start]
2021-01-18T10:16:10.410-0800: 7.353: [GC concurrent-mark-end, 0.0019084 secs]
2021-01-18T10:16:10.411-0800: 7.353: [GC remark 2021-01-18T10:16:10.411-0800: 7.353: [Finalize Marking, 0.0011404 secs] 2021-01-18T10:16:10.412-0800: 7.354: [GC ref-proc, 0.0000714 secs] 2021-01-18T10:16:10.412-0800: 7.354: [Unloading, 0.0006217 secs], 0.0034961 secs]
 [Times: user=0.02 sys=0.01, real=0.00 secs] 
2021-01-18T10:16:10.414-0800: 7.356: [GC cleanup 535M->534M(1024M), 0.0014612 secs]
 [Times: user=0.00 sys=0.00, real=0.00 secs] 
2021-01-18T10:16:10.416-0800: 7.358: [GC concurrent-cleanup-start]
2021-01-18T10:16:10.416-0800: 7.358: [GC concurrent-cleanup-end, 0.0000179 secs]
2021-01-18T10:16:10.459-0800: 7.401: [GC pause (G1 Evacuation Pause) (young) (to-space exhausted), 0.0119414 secs]
   [Parallel Time: 10.8 ms, GC Workers: 8]
      [GC Worker Start (ms): Min: 7401.1, Avg: 7401.2, Max: 7401.2, Diff: 0.1]
      [Ext Root Scanning (ms): Min: 0.0, Avg: 0.1, Max: 0.2, Diff: 0.1, Sum: 0.6]
      [Update RS (ms): Min: 4.5, Avg: 4.6, Max: 4.6, Diff: 0.0, Sum: 36.4]
         [Processed Buffers: Min: 70, Avg: 70.4, Max: 72, Diff: 2, Sum: 563]
      [Scan RS (ms): Min: 0.0, Avg: 0.0, Max: 0.1, Diff: 0.0, Sum: 0.2]
      [Code Root Scanning (ms): Min: 0.0, Avg: 0.0, Max: 0.0, Diff: 0.0, Sum: 0.0]
      [Object Copy (ms): Min: 5.9, Avg: 5.9, Max: 6.0, Diff: 0.1, Sum: 47.5]
      [Termination (ms): Min: 0.0, Avg: 0.0, Max: 0.1, Diff: 0.1, Sum: 0.3]
         [Termination Attempts: Min: 1, Avg: 1.0, Max: 1, Diff: 0, Sum: 8]
      [GC Worker Other (ms): Min: 0.0, Avg: 0.0, Max: 0.0, Diff: 0.0, Sum: 0.1]
      [GC Worker Total (ms): Min: 10.6, Avg: 10.7, Max: 10.7, Diff: 0.1, Sum: 85.3]
      [GC Worker End (ms): Min: 7411.8, Avg: 7411.8, Max: 7411.8, Diff: 0.0]
   [Code Root Fixup: 0.0 ms]
   [Code Root Purge: 0.0 ms]
   [Clear CT: 0.1 ms]
   [Other: 1.0 ms]
      [Evacuation Failure: 0.3 ms]
      [Choose CSet: 0.0 ms]
      [Ref Proc: 0.2 ms]
      [Ref Enq: 0.0 ms]
      [Redirty Cards: 0.1 ms]
      [Humongous Register: 0.1 ms]
      [Humongous Reclaim: 0.1 ms]
      [Free CSet: 0.1 ms]
   [Eden: 260.0M(260.0M)->0.0B(17.0M) Survivors: 8192.0K->34.0M Heap: 851.2M(1024.0M)->662.5M(1024.0M)]
 [Times: user=0.08 sys=0.00, real=0.02 secs] 
2021-01-18T10:16:10.474-0800: 7.416: [GC pause (G1 Evacuation Pause) (mixed), 0.0077214 secs]
   [Parallel Time: 6.7 ms, GC Workers: 8]
      [GC Worker Start (ms): Min: 7416.6, Avg: 7416.6, Max: 7416.7, Diff: 0.1]
      [Ext Root Scanning (ms): Min: 0.0, Avg: 0.1, Max: 0.2, Diff: 0.1, Sum: 0.9]
      [Update RS (ms): Min: 0.3, Avg: 0.4, Max: 0.4, Diff: 0.1, Sum: 2.9]
         [Processed Buffers: Min: 4, Avg: 5.5, Max: 7, Diff: 3, Sum: 44]
      [Scan RS (ms): Min: 0.0, Avg: 0.1, Max: 0.1, Diff: 0.0, Sum: 0.4]
      [Code Root Scanning (ms): Min: 0.0, Avg: 0.0, Max: 0.0, Diff: 0.0, Sum: 0.0]
      [Object Copy (ms): Min: 6.0, Avg: 6.0, Max: 6.0, Diff: 0.0, Sum: 47.9]
      [Termination (ms): Min: 0.0, Avg: 0.0, Max: 0.1, Diff: 0.1, Sum: 0.3]
         [Termination Attempts: Min: 1, Avg: 1.0, Max: 1, Diff: 0, Sum: 8]
      [GC Worker Other (ms): Min: 0.0, Avg: 0.0, Max: 0.0, Diff: 0.0, Sum: 0.1]
      [GC Worker Total (ms): Min: 6.5, Avg: 6.6, Max: 6.7, Diff: 0.2, Sum: 52.5]
      [GC Worker End (ms): Min: 7423.2, Avg: 7423.2, Max: 7423.2, Diff: 0.0]
   [Code Root Fixup: 0.0 ms]
   [Code Root Purge: 0.0 ms]
   [Clear CT: 0.2 ms]
   [Other: 0.8 ms]
      [Choose CSet: 0.0 ms]
      [Ref Proc: 0.3 ms]
      [Ref Enq: 0.0 ms]
      [Redirty Cards: 0.2 ms]
      [Humongous Register: 0.1 ms]
      [Humongous Reclaim: 0.0 ms]
      [Free CSet: 0.1 ms]
   [Eden: 17.0M(17.0M)->0.0B(45.0M) Survivors: 34.0M->6144.0K Heap: 682.6M(1024.0M)->591.2M(1024.0M)]
 [Times: user=0.05 sys=0.00, real=0.01 secs] 
2021-01-18T10:16:10.491-0800: 7.433: [GC pause (G1 Evacuation Pause) (mixed), 0.0064431 secs]
   [Parallel Time: 5.5 ms, GC Workers: 8]
      [GC Worker Start (ms): Min: 7432.9, Avg: 7432.9, Max: 7433.0, Diff: 0.1]
      [Ext Root Scanning (ms): Min: 0.1, Avg: 0.1, Max: 0.2, Diff: 0.1, Sum: 0.9]
      [Update RS (ms): Min: 1.7, Avg: 1.7, Max: 1.7, Diff: 0.1, Sum: 13.4]
         [Processed Buffers: Min: 18, Avg: 18.5, Max: 19, Diff: 1, Sum: 148]
      [Scan RS (ms): Min: 0.0, Avg: 0.0, Max: 0.0, Diff: 0.0, Sum: 0.3]
      [Code Root Scanning (ms): Min: 0.0, Avg: 0.0, Max: 0.0, Diff: 0.0, Sum: 0.0]
      [Object Copy (ms): Min: 3.4, Avg: 3.5, Max: 3.5, Diff: 0.1, Sum: 27.6]
      [Termination (ms): Min: 0.0, Avg: 0.1, Max: 0.1, Diff: 0.1, Sum: 0.6]
         [Termination Attempts: Min: 1, Avg: 1.0, Max: 1, Diff: 0, Sum: 8]
      [GC Worker Other (ms): Min: 0.0, Avg: 0.0, Max: 0.0, Diff: 0.0, Sum: 0.1]
      [GC Worker Total (ms): Min: 5.3, Avg: 5.4, Max: 5.4, Diff: 0.1, Sum: 42.9]
      [GC Worker End (ms): Min: 7438.3, Avg: 7438.3, Max: 7438.3, Diff: 0.1]
   [Code Root Fixup: 0.0 ms]
   [Code Root Purge: 0.0 ms]
   [Clear CT: 0.2 ms]
   [Other: 0.7 ms]
      [Choose CSet: 0.0 ms]
      [Ref Proc: 0.2 ms]
      [Ref Enq: 0.0 ms]
      [Redirty Cards: 0.2 ms]
      [Humongous Register: 0.1 ms]
      [Humongous Reclaim: 0.1 ms]
      [Free CSet: 0.1 ms]
   [Eden: 45.0M(45.0M)->0.0B(207.0M) Survivors: 6144.0K->7168.0K Heap: 653.5M(1024.0M)->589.0M(1024.0M)]
 [Times: user=0.04 sys=0.00, real=0.00 secs] 
2021-01-18T10:16:10.498-0800: 7.440: [GC pause (G1 Humongous Allocation) (young) (initial-mark), 0.0018503 secs]
   [Parallel Time: 1.1 ms, GC Workers: 8]
      [GC Worker Start (ms): Min: 7440.4, Avg: 7440.5, Max: 7440.5, Diff: 0.2]
      [Ext Root Scanning (ms): Min: 0.1, Avg: 0.1, Max: 0.2, Diff: 0.2, Sum: 1.2]
      [Update RS (ms): Min: 0.1, Avg: 0.1, Max: 0.2, Diff: 0.1, Sum: 0.8]
         [Processed Buffers: Min: 1, Avg: 1.1, Max: 2, Diff: 1, Sum: 9]
      [Scan RS (ms): Min: 0.0, Avg: 0.0, Max: 0.0, Diff: 0.0, Sum: 0.0]
      [Code Root Scanning (ms): Min: 0.0, Avg: 0.0, Max: 0.0, Diff: 0.0, Sum: 0.0]
      [Object Copy (ms): Min: 0.5, Avg: 0.6, Max: 0.7, Diff: 0.2, Sum: 4.8]
      [Termination (ms): Min: 0.0, Avg: 0.0, Max: 0.1, Diff: 0.1, Sum: 0.3]
         [Termination Attempts: Min: 1, Avg: 1.0, Max: 1, Diff: 0, Sum: 8]
      [GC Worker Other (ms): Min: 0.0, Avg: 0.0, Max: 0.0, Diff: 0.0, Sum: 0.1]
      [GC Worker Total (ms): Min: 0.8, Avg: 0.9, Max: 1.0, Diff: 0.2, Sum: 7.2]
      [GC Worker End (ms): Min: 7441.3, Avg: 7441.4, Max: 7441.4, Diff: 0.0]
   [Code Root Fixup: 0.0 ms]
   [Code Root Purge: 0.0 ms]
   [Clear CT: 0.2 ms]
   [Other: 0.6 ms]
      [Choose CSet: 0.0 ms]
      [Ref Proc: 0.2 ms]
      [Ref Enq: 0.0 ms]
      [Redirty Cards: 0.1 ms]
      [Humongous Register: 0.1 ms]
      [Humongous Reclaim: 0.0 ms]
      [Free CSet: 0.0 ms]
   [Eden: 4096.0K(207.0M)->0.0B(213.0M) Survivors: 7168.0K->9216.0K Heap: 593.0M(1024.0M)->589.1M(1024.0M)]
 [Times: user=0.01 sys=0.00, real=0.01 secs] 
2021-01-18T10:16:10.500-0800: 7.442: [GC concurrent-root-region-scan-start]
2021-01-18T10:16:10.500-0800: 7.442: [GC concurrent-root-region-scan-end, 0.0001332 secs]
2021-01-18T10:16:10.500-0800: 7.442: [GC concurrent-mark-start]
2021-01-18T10:16:10.502-0800: 7.444: [GC concurrent-mark-end, 0.0015350 secs]
2021-01-18T10:16:10.502-0800: 7.444: [GC remark 2021-01-18T10:16:10.502-0800: 7.444: [Finalize Marking, 0.0003361 secs] 2021-01-18T10:16:10.502-0800: 7.444: [GC ref-proc, 0.0000583 secs] 2021-01-18T10:16:10.502-0800: 7.444: [Unloading, 0.0007010 secs], 0.0022240 secs]
 [Times: user=0.01 sys=0.00, real=0.00 secs] 
2021-01-18T10:16:10.504-0800: 7.446: [GC cleanup 601M->592M(1024M), 0.0011086 secs]
 [Times: user=0.01 sys=0.00, real=0.00 secs] 
2021-01-18T10:16:10.505-0800: 7.447: [GC concurrent-cleanup-start]
2021-01-18T10:16:10.505-0800: 7.447: [GC concurrent-cleanup-end, 0.0000146 secs]
2021-01-18T10:16:10.542-0800: 7.484: [GC pause (G1 Evacuation Pause) (young) (to-space exhausted), 0.0116705 secs]
   [Parallel Time: 10.0 ms, GC Workers: 8]
      [GC Worker Start (ms): Min: 7483.8, Avg: 7483.9, Max: 7483.9, Diff: 0.1]
      [Ext Root Scanning (ms): Min: 0.1, Avg: 0.1, Max: 0.2, Diff: 0.1, Sum: 0.8]
      [Update RS (ms): Min: 4.9, Avg: 4.9, Max: 4.9, Diff: 0.0, Sum: 39.1]
         [Processed Buffers: Min: 68, Avg: 72.1, Max: 74, Diff: 6, Sum: 577]
      [Scan RS (ms): Min: 0.0, Avg: 0.0, Max: 0.0, Diff: 0.0, Sum: 0.2]
      [Code Root Scanning (ms): Min: 0.0, Avg: 0.0, Max: 0.0, Diff: 0.0, Sum: 0.0]
      [Object Copy (ms): Min: 4.8, Avg: 4.8, Max: 4.9, Diff: 0.0, Sum: 38.7]
      [Termination (ms): Min: 0.0, Avg: 0.0, Max: 0.1, Diff: 0.1, Sum: 0.3]
         [Termination Attempts: Min: 1, Avg: 1.0, Max: 1, Diff: 0, Sum: 8]
      [GC Worker Other (ms): Min: 0.0, Avg: 0.0, Max: 0.0, Diff: 0.0, Sum: 0.1]
      [GC Worker Total (ms): Min: 9.9, Avg: 9.9, Max: 9.9, Diff: 0.1, Sum: 79.2]
      [GC Worker End (ms): Min: 7493.8, Avg: 7493.8, Max: 7493.8, Diff: 0.0]
   [Code Root Fixup: 0.0 ms]
   [Code Root Purge: 0.0 ms]
   [Clear CT: 0.1 ms]
   [Other: 1.5 ms]
      [Evacuation Failure: 0.3 ms]
      [Choose CSet: 0.0 ms]
      [Ref Proc: 0.7 ms]
      [Ref Enq: 0.0 ms]
      [Redirty Cards: 0.1 ms]
      [Humongous Register: 0.1 ms]
      [Humongous Reclaim: 0.1 ms]
      [Free CSet: 0.1 ms]
   [Eden: 213.0M(213.0M)->0.0B(23.0M) Survivors: 9216.0K->28.0M Heap: 864.1M(1024.0M)->712.7M(1024.0M)]
 [Times: user=0.08 sys=0.01, real=0.01 secs] 
2021-01-18T10:16:10.558-0800: 7.500: [GC pause (G1 Evacuation Pause) (mixed), 0.0059464 secs]
   [Parallel Time: 5.0 ms, GC Workers: 8]
      [GC Worker Start (ms): Min: 7500.1, Avg: 7500.2, Max: 7500.2, Diff: 0.1]
      [Ext Root Scanning (ms): Min: 0.1, Avg: 0.1, Max: 0.2, Diff: 0.1, Sum: 0.9]
      [Update RS (ms): Min: 0.4, Avg: 0.4, Max: 0.4, Diff: 0.0, Sum: 3.4]
         [Processed Buffers: Min: 5, Avg: 6.2, Max: 12, Diff: 7, Sum: 50]
      [Scan RS (ms): Min: 0.0, Avg: 0.0, Max: 0.1, Diff: 0.0, Sum: 0.4]
      [Code Root Scanning (ms): Min: 0.0, Avg: 0.0, Max: 0.0, Diff: 0.0, Sum: 0.0]
      [Object Copy (ms): Min: 4.2, Avg: 4.2, Max: 4.2, Diff: 0.0, Sum: 33.8]
      [Termination (ms): Min: 0.0, Avg: 0.0, Max: 0.1, Diff: 0.1, Sum: 0.3]
         [Termination Attempts: Min: 1, Avg: 1.0, Max: 1, Diff: 0, Sum: 8]
      [GC Worker Other (ms): Min: 0.0, Avg: 0.0, Max: 0.0, Diff: 0.0, Sum: 0.1]
      [GC Worker Total (ms): Min: 4.8, Avg: 4.9, Max: 4.9, Diff: 0.1, Sum: 38.9]
      [GC Worker End (ms): Min: 7505.1, Avg: 7505.1, Max: 7505.1, Diff: 0.0]
   [Code Root Fixup: 0.0 ms]
   [Code Root Purge: 0.0 ms]
   [Clear CT: 0.2 ms]
   [Other: 0.7 ms]
      [Choose CSet: 0.0 ms]
      [Ref Proc: 0.2 ms]
      [Ref Enq: 0.0 ms]
      [Redirty Cards: 0.1 ms]
      [Humongous Register: 0.1 ms]
      [Humongous Reclaim: 0.0 ms]
      [Free CSet: 0.1 ms]
   [Eden: 23.0M(23.0M)->0.0B(44.0M) Survivors: 28.0M->7168.0K Heap: 739.8M(1024.0M)->629.5M(1024.0M)]
 [Times: user=0.03 sys=0.00, real=0.01 secs] 
2021-01-18T10:16:10.572-0800: 7.514: [GC pause (G1 Evacuation Pause) (mixed), 0.0074169 secs]
   [Parallel Time: 6.3 ms, GC Workers: 8]
      [GC Worker Start (ms): Min: 7514.3, Avg: 7514.4, Max: 7514.5, Diff: 0.1]
      [Ext Root Scanning (ms): Min: 0.1, Avg: 0.1, Max: 0.2, Diff: 0.1, Sum: 0.9]
      [Update RS (ms): Min: 0.8, Avg: 0.8, Max: 0.8, Diff: 0.0, Sum: 6.3]
         [Processed Buffers: Min: 8, Avg: 9.5, Max: 10, Diff: 2, Sum: 76]
      [Scan RS (ms): Min: 0.0, Avg: 0.1, Max: 0.1, Diff: 0.0, Sum: 0.5]
      [Code Root Scanning (ms): Min: 0.0, Avg: 0.0, Max: 0.0, Diff: 0.0, Sum: 0.0]
      [Object Copy (ms): Min: 5.1, Avg: 5.1, Max: 5.2, Diff: 0.1, Sum: 41.1]
      [Termination (ms): Min: 0.0, Avg: 0.1, Max: 0.2, Diff: 0.2, Sum: 0.4]
         [Termination Attempts: Min: 1, Avg: 1.0, Max: 1, Diff: 0, Sum: 8]
      [GC Worker Other (ms): Min: 0.0, Avg: 0.0, Max: 0.0, Diff: 0.0, Sum: 0.1]
      [GC Worker Total (ms): Min: 6.1, Avg: 6.2, Max: 6.3, Diff: 0.2, Sum: 49.4]
      [GC Worker End (ms): Min: 7520.6, Avg: 7520.6, Max: 7520.7, Diff: 0.1]
   [Code Root Fixup: 0.0 ms]
   [Code Root Purge: 0.0 ms]
   [Clear CT: 0.3 ms]
   [Other: 0.8 ms]
      [Choose CSet: 0.0 ms]
      [Ref Proc: 0.2 ms]
      [Ref Enq: 0.0 ms]
      [Redirty Cards: 0.1 ms]
      [Humongous Register: 0.1 ms]
      [Humongous Reclaim: 0.1 ms]
      [Free CSet: 0.1 ms]
   [Eden: 44.0M(44.0M)->0.0B(44.0M) Survivors: 7168.0K->7168.0K Heap: 681.8M(1024.0M)->573.6M(1024.0M)]
 [Times: user=0.05 sys=0.00, real=0.01 secs] 
2021-01-18T10:16:10.589-0800: 7.531: [GC pause (G1 Evacuation Pause) (mixed), 0.0044102 secs]
   [Parallel Time: 3.6 ms, GC Workers: 8]
      [GC Worker Start (ms): Min: 7530.8, Avg: 7530.9, Max: 7531.0, Diff: 0.1]
      [Ext Root Scanning (ms): Min: 0.1, Avg: 0.1, Max: 0.2, Diff: 0.1, Sum: 0.9]
      [Update RS (ms): Min: 1.3, Avg: 1.3, Max: 1.3, Diff: 0.1, Sum: 10.3]
         [Processed Buffers: Min: 13, Avg: 14.2, Max: 15, Diff: 2, Sum: 114]
      [Scan RS (ms): Min: 0.0, Avg: 0.0, Max: 0.0, Diff: 0.0, Sum: 0.1]
      [Code Root Scanning (ms): Min: 0.0, Avg: 0.0, Max: 0.0, Diff: 0.0, Sum: 0.0]
      [Object Copy (ms): Min: 1.9, Avg: 1.9, Max: 2.0, Diff: 0.1, Sum: 15.5]
      [Termination (ms): Min: 0.0, Avg: 0.0, Max: 0.1, Diff: 0.1, Sum: 0.4]
         [Termination Attempts: Min: 1, Avg: 1.0, Max: 1, Diff: 0, Sum: 8]
      [GC Worker Other (ms): Min: 0.0, Avg: 0.0, Max: 0.0, Diff: 0.0, Sum: 0.1]
      [GC Worker Total (ms): Min: 3.4, Avg: 3.4, Max: 3.5, Diff: 0.2, Sum: 27.4]
      [GC Worker End (ms): Min: 7534.3, Avg: 7534.3, Max: 7534.4, Diff: 0.0]
   [Code Root Fixup: 0.0 ms]
   [Code Root Purge: 0.0 ms]
   [Clear CT: 0.1 ms]
   [Other: 0.7 ms]
      [Choose CSet: 0.0 ms]
      [Ref Proc: 0.2 ms]
      [Ref Enq: 0.0 ms]
      [Redirty Cards: 0.1 ms]
      [Humongous Register: 0.1 ms]
      [Humongous Reclaim: 0.1 ms]
      [Free CSet: 0.0 ms]
   [Eden: 44.0M(44.0M)->0.0B(208.0M) Survivors: 7168.0K->7168.0K Heap: 630.7M(1024.0M)->586.2M(1024.0M)]
 [Times: user=0.02 sys=0.00, real=0.01 secs] 
2021-01-18T10:16:10.593-0800: 7.536: [GC pause (G1 Humongous Allocation) (young) (initial-mark), 0.0018044 secs]
   [Parallel Time: 1.0 ms, GC Workers: 8]
      [GC Worker Start (ms): Min: 7535.7, Avg: 7535.8, Max: 7535.9, Diff: 0.1]
      [Ext Root Scanning (ms): Min: 0.1, Avg: 0.1, Max: 0.2, Diff: 0.1, Sum: 1.1]
      [Update RS (ms): Min: 0.0, Avg: 0.1, Max: 0.7, Diff: 0.6, Sum: 1.1]
         [Processed Buffers: Min: 1, Avg: 1.1, Max: 2, Diff: 1, Sum: 9]
      [Scan RS (ms): Min: 0.0, Avg: 0.0, Max: 0.0, Diff: 0.0, Sum: 0.0]
      [Code Root Scanning (ms): Min: 0.0, Avg: 0.0, Max: 0.0, Diff: 0.0, Sum: 0.0]
      [Object Copy (ms): Min: 0.0, Avg: 0.5, Max: 0.7, Diff: 0.7, Sum: 4.3]
      [Termination (ms): Min: 0.0, Avg: 0.1, Max: 0.1, Diff: 0.1, Sum: 0.6]
         [Termination Attempts: Min: 1, Avg: 1.0, Max: 1, Diff: 0, Sum: 8]
      [GC Worker Other (ms): Min: 0.0, Avg: 0.0, Max: 0.0, Diff: 0.0, Sum: 0.1]
      [GC Worker Total (ms): Min: 0.8, Avg: 0.9, Max: 0.9, Diff: 0.1, Sum: 7.2]
      [GC Worker End (ms): Min: 7536.7, Avg: 7536.7, Max: 7536.8, Diff: 0.1]
   [Code Root Fixup: 0.0 ms]
   [Code Root Purge: 0.0 ms]
   [Clear CT: 0.1 ms]
   [Other: 0.6 ms]
      [Choose CSet: 0.0 ms]
      [Ref Proc: 0.2 ms]
      [Ref Enq: 0.0 ms]
      [Redirty Cards: 0.2 ms]
      [Humongous Register: 0.1 ms]
      [Humongous Reclaim: 0.0 ms]
      [Free CSet: 0.0 ms]
   [Eden: 3072.0K(208.0M)->0.0B(183.0M) Survivors: 7168.0K->8192.0K Heap: 588.8M(1024.0M)->587.0M(1024.0M)]
 [Times: user=0.01 sys=0.00, real=0.00 secs] 
2021-01-18T10:16:10.595-0800: 7.538: [GC concurrent-root-region-scan-start]
2021-01-18T10:16:10.596-0800: 7.538: [GC concurrent-root-region-scan-end, 0.0001808 secs]
2021-01-18T10:16:10.596-0800: 7.538: [GC concurrent-mark-start]
2021-01-18T10:16:10.597-0800: 7.539: [GC concurrent-mark-end, 0.0014026 secs]
2021-01-18T10:16:10.597-0800: 7.539: [GC remark 2021-01-18T10:16:10.597-0800: 7.539: [Finalize Marking, 0.0002269 secs] 2021-01-18T10:16:10.597-0800: 7.540: [GC ref-proc, 0.0000566 secs] 2021-01-18T10:16:10.598-0800: 7.540: [Unloading, 0.0005133 secs], 0.0018955 secs]
 [Times: user=0.01 sys=0.00, real=0.00 secs] 
2021-01-18T10:16:10.599-0800: 7.541: [GC cleanup 596M->587M(1024M), 0.0010819 secs]
 [Times: user=0.00 sys=0.00, real=0.01 secs] 
2021-01-18T10:16:10.600-0800: 7.542: [GC concurrent-cleanup-start]
2021-01-18T10:16:10.600-0800: 7.542: [GC concurrent-cleanup-end, 0.0000170 secs]
2021-01-18T10:16:10.631-0800: 7.574: [GC pause (G1 Evacuation Pause) (young), 0.0093736 secs]
   [Parallel Time: 8.5 ms, GC Workers: 8]
      [GC Worker Start (ms): Min: 7573.7, Avg: 7573.8, Max: 7573.9, Diff: 0.1]
      [Ext Root Scanning (ms): Min: 0.0, Avg: 0.1, Max: 0.2, Diff: 0.1, Sum: 0.7]
      [Update RS (ms): Min: 3.1, Avg: 3.1, Max: 3.1, Diff: 0.0, Sum: 24.6]
         [Processed Buffers: Min: 29, Avg: 41.2, Max: 45, Diff: 16, Sum: 330]
      [Scan RS (ms): Min: 0.0, Avg: 0.0, Max: 0.0, Diff: 0.0, Sum: 0.1]
      [Code Root Scanning (ms): Min: 0.0, Avg: 0.0, Max: 0.0, Diff: 0.0, Sum: 0.0]
      [Object Copy (ms): Min: 5.1, Avg: 5.1, Max: 5.1, Diff: 0.0, Sum: 40.9]
      [Termination (ms): Min: 0.0, Avg: 0.1, Max: 0.1, Diff: 0.1, Sum: 0.4]
         [Termination Attempts: Min: 1, Avg: 1.0, Max: 1, Diff: 0, Sum: 8]
      [GC Worker Other (ms): Min: 0.0, Avg: 0.0, Max: 0.0, Diff: 0.0, Sum: 0.1]
      [GC Worker Total (ms): Min: 8.3, Avg: 8.4, Max: 8.5, Diff: 0.2, Sum: 66.9]
      [GC Worker End (ms): Min: 7582.2, Avg: 7582.2, Max: 7582.2, Diff: 0.0]
   [Code Root Fixup: 0.0 ms]
   [Code Root Purge: 0.0 ms]
   [Clear CT: 0.2 ms]
   [Other: 0.7 ms]
      [Choose CSet: 0.0 ms]
      [Ref Proc: 0.3 ms]
      [Ref Enq: 0.0 ms]
      [Redirty Cards: 0.1 ms]
      [Humongous Register: 0.1 ms]
      [Humongous Reclaim: 0.1 ms]
      [Free CSet: 0.1 ms]
   [Eden: 183.0M(183.0M)->0.0B(27.0M) Survivors: 8192.0K->24.0M Heap: 801.2M(1024.0M)->629.6M(1024.0M)]
 [Times: user=0.07 sys=0.00, real=0.01 secs] 
2021-01-18T10:16:10.646-0800: 7.588: [GC pause (G1 Evacuation Pause) (mixed), 0.0063987 secs]
   [Parallel Time: 5.3 ms, GC Workers: 8]
      [GC Worker Start (ms): Min: 7588.3, Avg: 7588.4, Max: 7588.5, Diff: 0.2]
      [Ext Root Scanning (ms): Min: 0.0, Avg: 0.2, Max: 0.7, Diff: 0.6, Sum: 1.4]
      [Update RS (ms): Min: 0.0, Avg: 0.5, Max: 0.6, Diff: 0.6, Sum: 4.1]
         [Processed Buffers: Min: 0, Avg: 5.0, Max: 8, Diff: 8, Sum: 40]
      [Scan RS (ms): Min: 0.0, Avg: 0.0, Max: 0.1, Diff: 0.1, Sum: 0.3]
      [Code Root Scanning (ms): Min: 0.0, Avg: 0.0, Max: 0.0, Diff: 0.0, Sum: 0.0]
      [Object Copy (ms): Min: 4.2, Avg: 4.2, Max: 4.3, Diff: 0.1, Sum: 33.9]
      [Termination (ms): Min: 0.0, Avg: 0.1, Max: 0.1, Diff: 0.1, Sum: 0.9]
         [Termination Attempts: Min: 1, Avg: 1.9, Max: 4, Diff: 3, Sum: 15]
      [GC Worker Other (ms): Min: 0.0, Avg: 0.0, Max: 0.0, Diff: 0.0, Sum: 0.1]
      [GC Worker Total (ms): Min: 5.0, Avg: 5.1, Max: 5.2, Diff: 0.2, Sum: 40.7]
      [GC Worker End (ms): Min: 7593.5, Avg: 7593.5, Max: 7593.5, Diff: 0.1]
   [Code Root Fixup: 0.0 ms]
   [Code Root Purge: 0.0 ms]
   [Clear CT: 0.2 ms]
   [Other: 0.9 ms]
      [Choose CSet: 0.0 ms]
      [Ref Proc: 0.3 ms]
      [Ref Enq: 0.0 ms]
      [Redirty Cards: 0.1 ms]
      [Humongous Register: 0.1 ms]
      [Humongous Reclaim: 0.0 ms]
      [Free CSet: 0.1 ms]
   [Eden: 27.0M(27.0M)->0.0B(44.0M) Survivors: 24.0M->7168.0K Heap: 660.4M(1024.0M)->549.6M(1024.0M)]
 [Times: user=0.04 sys=0.00, real=0.01 secs] 
2021-01-18T10:16:10.663-0800: 7.605: [GC pause (G1 Evacuation Pause) (mixed), 0.0100057 secs]
   [Parallel Time: 8.8 ms, GC Workers: 8]
      [GC Worker Start (ms): Min: 7604.9, Avg: 7605.1, Max: 7605.5, Diff: 0.6]
      [Ext Root Scanning (ms): Min: 0.0, Avg: 0.2, Max: 0.5, Diff: 0.5, Sum: 1.3]
      [Update RS (ms): Min: 1.4, Avg: 1.7, Max: 1.8, Diff: 0.4, Sum: 13.7]
         [Processed Buffers: Min: 14, Avg: 17.8, Max: 21, Diff: 7, Sum: 142]
      [Scan RS (ms): Min: 0.0, Avg: 0.1, Max: 0.1, Diff: 0.1, Sum: 0.5]
      [Code Root Scanning (ms): Min: 0.0, Avg: 0.0, Max: 0.0, Diff: 0.0, Sum: 0.0]
      [Object Copy (ms): Min: 5.2, Avg: 5.4, Max: 6.4, Diff: 1.2, Sum: 43.3]
      [Termination (ms): Min: 0.0, Avg: 1.2, Max: 1.5, Diff: 1.5, Sum: 9.2]
         [Termination Attempts: Min: 1, Avg: 1.0, Max: 1, Diff: 0, Sum: 8]
      [GC Worker Other (ms): Min: 0.0, Avg: 0.0, Max: 0.0, Diff: 0.0, Sum: 0.1]
      [GC Worker Total (ms): Min: 8.1, Avg: 8.5, Max: 8.8, Diff: 0.7, Sum: 68.2]
      [GC Worker End (ms): Min: 7613.4, Avg: 7613.6, Max: 7613.7, Diff: 0.3]
   [Code Root Fixup: 0.0 ms]
   [Code Root Purge: 0.0 ms]
   [Clear CT: 0.1 ms]
   [Other: 1.1 ms]
      [Choose CSet: 0.1 ms]
      [Ref Proc: 0.3 ms]
      [Ref Enq: 0.0 ms]
      [Redirty Cards: 0.2 ms]
      [Humongous Register: 0.2 ms]
      [Humongous Reclaim: 0.1 ms]
      [Free CSet: 0.2 ms]
   [Eden: 44.0M(44.0M)->0.0B(253.0M) Survivors: 7168.0K->7168.0K Heap: 610.1M(1024.0M)->501.0M(1024.0M)]
 [Times: user=0.05 sys=0.00, real=0.01 secs] 
2021-01-18T10:16:10.673-0800: 7.615: [GC pause (G1 Humongous Allocation) (young) (initial-mark), 0.0018860 secs]
   [Parallel Time: 1.0 ms, GC Workers: 8]
      [GC Worker Start (ms): Min: 7615.2, Avg: 7615.3, Max: 7615.3, Diff: 0.1]
      [Ext Root Scanning (ms): Min: 0.1, Avg: 0.1, Max: 0.2, Diff: 0.2, Sum: 1.1]
      [Update RS (ms): Min: 0.1, Avg: 0.1, Max: 0.2, Diff: 0.2, Sum: 1.0]
         [Processed Buffers: Min: 1, Avg: 1.1, Max: 2, Diff: 1, Sum: 9]
      [Scan RS (ms): Min: 0.0, Avg: 0.0, Max: 0.0, Diff: 0.0, Sum: 0.0]
      [Code Root Scanning (ms): Min: 0.0, Avg: 0.0, Max: 0.0, Diff: 0.0, Sum: 0.0]
      [Object Copy (ms): Min: 0.3, Avg: 0.5, Max: 0.6, Diff: 0.2, Sum: 4.0]
      [Termination (ms): Min: 0.0, Avg: 0.1, Max: 0.1, Diff: 0.1, Sum: 0.5]
         [Termination Attempts: Min: 1, Avg: 1.0, Max: 1, Diff: 0, Sum: 8]
      [GC Worker Other (ms): Min: 0.0, Avg: 0.0, Max: 0.0, Diff: 0.0, Sum: 0.1]
      [GC Worker Total (ms): Min: 0.8, Avg: 0.8, Max: 0.9, Diff: 0.1, Sum: 6.6]
      [GC Worker End (ms): Min: 7616.1, Avg: 7616.1, Max: 7616.1, Diff: 0.1]
   [Code Root Fixup: 0.0 ms]
   [Code Root Purge: 0.0 ms]
   [Clear CT: 0.1 ms]
   [Other: 0.7 ms]
      [Choose CSet: 0.0 ms]
      [Ref Proc: 0.3 ms]
      [Ref Enq: 0.0 ms]
      [Redirty Cards: 0.2 ms]
      [Humongous Register: 0.1 ms]
      [Humongous Reclaim: 0.0 ms]
      [Free CSet: 0.0 ms]
   [Eden: 2048.0K(253.0M)->0.0B(265.0M) Survivors: 7168.0K->8192.0K Heap: 502.5M(1024.0M)->501.4M(1024.0M)]
 [Times: user=0.01 sys=0.00, real=0.00 secs] 
2021-01-18T10:16:10.675-0800: 7.617: [GC concurrent-root-region-scan-start]
2021-01-18T10:16:10.675-0800: 7.617: [GC concurrent-root-region-scan-end, 0.0000981 secs]
2021-01-18T10:16:10.675-0800: 7.617: [GC concurrent-mark-start]
2021-01-18T10:16:10.676-0800: 7.619: [GC concurrent-mark-end, 0.0013935 secs]
2021-01-18T10:16:10.677-0800: 7.619: [GC remark 2021-01-18T10:16:10.677-0800: 7.619: [Finalize Marking, 0.0002649 secs] 2021-01-18T10:16:10.677-0800: 7.619: [GC ref-proc, 0.0000560 secs] 2021-01-18T10:16:10.677-0800: 7.619: [Unloading, 0.0005833 secs], 0.0023318 secs]
 [Times: user=0.01 sys=0.00, real=0.00 secs] 
2021-01-18T10:16:10.679-0800: 7.621: [GC cleanup 512M->511M(1024M), 0.0010021 secs]
 [Times: user=0.00 sys=0.00, real=0.01 secs] 
2021-01-18T10:16:10.680-0800: 7.622: [GC concurrent-cleanup-start]
2021-01-18T10:16:10.680-0800: 7.622: [GC concurrent-cleanup-end, 0.0000141 secs]
2021-01-18T10:16:10.724-0800: 7.666: [GC pause (G1 Evacuation Pause) (young), 0.0139107 secs]
   [Parallel Time: 13.0 ms, GC Workers: 8]
      [GC Worker Start (ms): Min: 7666.3, Avg: 7666.4, Max: 7666.5, Diff: 0.2]
      [Ext Root Scanning (ms): Min: 0.0, Avg: 0.1, Max: 0.2, Diff: 0.2, Sum: 0.4]
      [Update RS (ms): Min: 4.7, Avg: 4.8, Max: 4.8, Diff: 0.1, Sum: 38.3]
         [Processed Buffers: Min: 49, Avg: 65.5, Max: 74, Diff: 25, Sum: 524]
      [Scan RS (ms): Min: 0.0, Avg: 0.0, Max: 0.0, Diff: 0.0, Sum: 0.2]
      [Code Root Scanning (ms): Min: 0.0, Avg: 0.0, Max: 0.0, Diff: 0.0, Sum: 0.0]
      [Object Copy (ms): Min: 6.9, Avg: 7.2, Max: 7.8, Diff: 0.9, Sum: 57.3]
      [Termination (ms): Min: 0.0, Avg: 0.8, Max: 1.0, Diff: 1.0, Sum: 6.1]
         [Termination Attempts: Min: 1, Avg: 1.0, Max: 1, Diff: 0, Sum: 8]
      [GC Worker Other (ms): Min: 0.0, Avg: 0.0, Max: 0.0, Diff: 0.0, Sum: 0.1]
      [GC Worker Total (ms): Min: 12.6, Avg: 12.8, Max: 13.0, Diff: 0.4, Sum: 102.6]
      [GC Worker End (ms): Min: 7679.1, Avg: 7679.3, Max: 7679.3, Diff: 0.2]
   [Code Root Fixup: 0.0 ms]
   [Code Root Purge: 0.0 ms]
   [Clear CT: 0.1 ms]
   [Other: 0.7 ms]
      [Choose CSet: 0.0 ms]
      [Ref Proc: 0.1 ms]
      [Ref Enq: 0.0 ms]
      [Redirty Cards: 0.2 ms]
      [Humongous Register: 0.1 ms]
      [Humongous Reclaim: 0.1 ms]
      [Free CSet: 0.1 ms]
   [Eden: 265.0M(265.0M)->0.0B(16.0M) Survivors: 8192.0K->35.0M Heap: 829.7M(1024.0M)->555.5M(1024.0M)]
 [Times: user=0.09 sys=0.00, real=0.01 secs] 
2021-01-18T10:16:10.741-0800: 7.683: [GC pause (G1 Evacuation Pause) (mixed), 0.0090550 secs]
   [Parallel Time: 8.0 ms, GC Workers: 8]
      [GC Worker Start (ms): Min: 7682.8, Avg: 7682.9, Max: 7682.9, Diff: 0.1]
      [Ext Root Scanning (ms): Min: 0.1, Avg: 0.1, Max: 0.2, Diff: 0.1, Sum: 1.0]
      [Update RS (ms): Min: 0.4, Avg: 0.5, Max: 0.5, Diff: 0.1, Sum: 3.7]
         [Processed Buffers: Min: 5, Avg: 5.8, Max: 6, Diff: 1, Sum: 46]
      [Scan RS (ms): Min: 0.0, Avg: 0.1, Max: 0.1, Diff: 0.1, Sum: 0.4]
      [Code Root Scanning (ms): Min: 0.0, Avg: 0.0, Max: 0.0, Diff: 0.0, Sum: 0.0]
      [Object Copy (ms): Min: 7.0, Avg: 7.0, Max: 7.1, Diff: 0.1, Sum: 56.2]
      [Termination (ms): Min: 0.0, Avg: 0.1, Max: 0.2, Diff: 0.2, Sum: 1.1]
         [Termination Attempts: Min: 1, Avg: 1.4, Max: 3, Diff: 2, Sum: 11]
      [GC Worker Other (ms): Min: 0.0, Avg: 0.0, Max: 0.0, Diff: 0.0, Sum: 0.1]
      [GC Worker Total (ms): Min: 7.7, Avg: 7.8, Max: 7.9, Diff: 0.1, Sum: 62.5]
      [GC Worker End (ms): Min: 7690.7, Avg: 7690.7, Max: 7690.7, Diff: 0.1]
   [Code Root Fixup: 0.0 ms]
   [Code Root Purge: 0.0 ms]
   [Clear CT: 0.2 ms]
   [Other: 0.8 ms]
      [Choose CSet: 0.0 ms]
      [Ref Proc: 0.2 ms]
      [Ref Enq: 0.0 ms]
      [Redirty Cards: 0.2 ms]
      [Humongous Register: 0.1 ms]
      [Humongous Reclaim: 0.0 ms]
      [Free CSet: 0.1 ms]
   [Eden: 16.0M(16.0M)->0.0B(46.0M) Survivors: 35.0M->5120.0K Heap: 576.0M(1024.0M)->492.8M(1024.0M)]
 [Times: user=0.05 sys=0.00, real=0.01 secs] 
2021-01-18T10:16:10.761-0800: 7.703: [GC pause (G1 Evacuation Pause) (mixed), 0.0050568 secs]
   [Parallel Time: 4.0 ms, GC Workers: 8]
      [GC Worker Start (ms): Min: 7703.1, Avg: 7703.2, Max: 7703.3, Diff: 0.2]
      [Ext Root Scanning (ms): Min: 0.0, Avg: 0.1, Max: 0.2, Diff: 0.2, Sum: 1.0]
      [Update RS (ms): Min: 1.3, Avg: 1.3, Max: 1.3, Diff: 0.1, Sum: 10.2]
         [Processed Buffers: Min: 12, Avg: 13.8, Max: 15, Diff: 3, Sum: 110]
      [Scan RS (ms): Min: 0.0, Avg: 0.1, Max: 0.8, Diff: 0.8, Sum: 1.0]
      [Code Root Scanning (ms): Min: 0.0, Avg: 0.0, Max: 0.0, Diff: 0.0, Sum: 0.0]
      [Object Copy (ms): Min: 1.3, Avg: 2.1, Max: 2.2, Diff: 0.9, Sum: 16.6]
      [Termination (ms): Min: 0.0, Avg: 0.0, Max: 0.1, Diff: 0.1, Sum: 0.4]
         [Termination Attempts: Min: 1, Avg: 1.0, Max: 1, Diff: 0, Sum: 8]
      [GC Worker Other (ms): Min: 0.0, Avg: 0.0, Max: 0.0, Diff: 0.0, Sum: 0.1]
      [GC Worker Total (ms): Min: 3.5, Avg: 3.7, Max: 3.7, Diff: 0.2, Sum: 29.4]
      [GC Worker End (ms): Min: 7706.8, Avg: 7706.8, Max: 7706.9, Diff: 0.1]
   [Code Root Fixup: 0.0 ms]
   [Code Root Purge: 0.0 ms]
   [Clear CT: 0.3 ms]
   [Other: 0.8 ms]
      [Choose CSet: 0.0 ms]
      [Ref Proc: 0.4 ms]
      [Ref Enq: 0.0 ms]
      [Redirty Cards: 0.1 ms]
      [Humongous Register: 0.1 ms]
      [Humongous Reclaim: 0.1 ms]
      [Free CSet: 0.0 ms]
   [Eden: 46.0M(46.0M)->0.0B(266.0M) Survivors: 5120.0K->7168.0K Heap: 551.3M(1024.0M)->506.5M(1024.0M)]
 [Times: user=0.03 sys=0.01, real=0.00 secs] 
2021-01-18T10:16:10.766-0800: 7.708: [GC pause (G1 Humongous Allocation) (young) (initial-mark), 0.0034886 secs]
   [Parallel Time: 2.3 ms, GC Workers: 8]
      [GC Worker Start (ms): Min: 7708.6, Avg: 7708.7, Max: 7708.8, Diff: 0.2]
      [Ext Root Scanning (ms): Min: 0.0, Avg: 0.2, Max: 0.3, Diff: 0.3, Sum: 1.3]
      [Update RS (ms): Min: 0.0, Avg: 0.3, Max: 1.6, Diff: 1.6, Sum: 2.5]
         [Processed Buffers: Min: 0, Avg: 1.0, Max: 2, Diff: 2, Sum: 8]
      [Scan RS (ms): Min: 0.0, Avg: 0.0, Max: 0.0, Diff: 0.0, Sum: 0.0]
      [Code Root Scanning (ms): Min: 0.0, Avg: 0.0, Max: 0.0, Diff: 0.0, Sum: 0.0]
      [Object Copy (ms): Min: 0.1, Avg: 0.4, Max: 0.7, Diff: 0.6, Sum: 3.6]
      [Termination (ms): Min: 0.0, Avg: 1.1, Max: 1.3, Diff: 1.3, Sum: 8.4]
         [Termination Attempts: Min: 1, Avg: 1.4, Max: 3, Diff: 2, Sum: 11]
      [GC Worker Other (ms): Min: 0.0, Avg: 0.0, Max: 0.1, Diff: 0.1, Sum: 0.2]
      [GC Worker Total (ms): Min: 1.8, Avg: 2.0, Max: 2.2, Diff: 0.4, Sum: 16.1]
      [GC Worker End (ms): Min: 7710.6, Avg: 7710.7, Max: 7710.8, Diff: 0.2]
   [Code Root Fixup: 0.0 ms]
   [Code Root Purge: 0.0 ms]
   [Clear CT: 0.2 ms]
   [Other: 1.1 ms]
      [Choose CSet: 0.0 ms]
      [Ref Proc: 0.6 ms]
      [Ref Enq: 0.0 ms]
      [Redirty Cards: 0.1 ms]
      [Humongous Register: 0.1 ms]
      [Humongous Reclaim: 0.0 ms]
      [Free CSet: 0.1 ms]
   [Eden: 3072.0K(266.0M)->0.0B(272.0M) Survivors: 7168.0K->8192.0K Heap: 508.9M(1024.0M)->507.3M(1024.0M)]
 [Times: user=0.01 sys=0.00, real=0.01 secs] 
2021-01-18T10:16:10.770-0800: 7.712: [GC concurrent-root-region-scan-start]
2021-01-18T10:16:10.770-0800: 7.712: [GC concurrent-root-region-scan-end, 0.0001370 secs]
2021-01-18T10:16:10.770-0800: 7.712: [GC concurrent-mark-start]
2021-01-18T10:16:10.772-0800: 7.714: [GC concurrent-mark-end, 0.0018110 secs]
2021-01-18T10:16:10.772-0800: 7.714: [GC remark 2021-01-18T10:16:10.772-0800: 7.714: [Finalize Marking, 0.0002493 secs] 2021-01-18T10:16:10.772-0800: 7.715: [GC ref-proc, 0.0000537 secs] 2021-01-18T10:16:10.773-0800: 7.715: [Unloading, 0.0004598 secs], 0.0018776 secs]
 [Times: user=0.01 sys=0.00, real=0.00 secs] 
2021-01-18T10:16:10.774-0800: 7.716: [GC cleanup 517M->516M(1024M), 0.0010980 secs]
 [Times: user=0.01 sys=0.00, real=0.00 secs] 
2021-01-18T10:16:10.775-0800: 7.717: [GC concurrent-cleanup-start]
2021-01-18T10:16:10.775-0800: 7.717: [GC concurrent-cleanup-end, 0.0000163 secs]
2021-01-18T10:16:10.823-0800: 7.765: [GC pause (G1 Evacuation Pause) (young), 0.0154651 secs]
   [Parallel Time: 13.5 ms, GC Workers: 8]
      [GC Worker Start (ms): Min: 7765.2, Avg: 7765.2, Max: 7765.3, Diff: 0.2]
      [Ext Root Scanning (ms): Min: 0.0, Avg: 0.1, Max: 0.2, Diff: 0.2, Sum: 0.9]
      [Update RS (ms): Min: 4.7, Avg: 4.8, Max: 4.9, Diff: 0.2, Sum: 38.2]
         [Processed Buffers: Min: 0, Avg: 59.4, Max: 77, Diff: 77, Sum: 475]
      [Scan RS (ms): Min: 0.0, Avg: 0.0, Max: 0.0, Diff: 0.0, Sum: 0.2]
      [Code Root Scanning (ms): Min: 0.0, Avg: 0.0, Max: 0.0, Diff: 0.0, Sum: 0.0]
      [Object Copy (ms): Min: 7.4, Avg: 7.6, Max: 8.3, Diff: 0.9, Sum: 60.9]
      [Termination (ms): Min: 0.0, Avg: 0.8, Max: 1.0, Diff: 1.0, Sum: 6.7]
         [Termination Attempts: Min: 1, Avg: 1.0, Max: 1, Diff: 0, Sum: 8]
      [GC Worker Other (ms): Min: 0.0, Avg: 0.0, Max: 0.0, Diff: 0.0, Sum: 0.1]
      [GC Worker Total (ms): Min: 13.2, Avg: 13.4, Max: 13.4, Diff: 0.2, Sum: 107.0]
      [GC Worker End (ms): Min: 7778.4, Avg: 7778.6, Max: 7778.6, Diff: 0.2]
   [Code Root Fixup: 0.0 ms]
   [Code Root Purge: 0.0 ms]
   [Clear CT: 0.2 ms]
   [Other: 1.8 ms]
      [Choose CSet: 0.0 ms]
      [Ref Proc: 1.0 ms]
      [Ref Enq: 0.0 ms]
      [Redirty Cards: 0.2 ms]
      [Humongous Register: 0.2 ms]
      [Humongous Reclaim: 0.2 ms]
      [Free CSet: 0.1 ms]
   [Eden: 272.0M(272.0M)->0.0B(16.0M) Survivors: 8192.0K->35.0M Heap: 836.8M(1024.0M)->582.5M(1024.0M)]
 [Times: user=0.10 sys=0.00, real=0.01 secs] 
2021-01-18T10:16:10.842-0800: 7.784: [GC pause (G1 Evacuation Pause) (mixed), 0.0100116 secs]
   [Parallel Time: 8.7 ms, GC Workers: 8]
      [GC Worker Start (ms): Min: 7784.5, Avg: 7784.6, Max: 7784.7, Diff: 0.2]
      [Ext Root Scanning (ms): Min: 0.0, Avg: 0.1, Max: 0.2, Diff: 0.2, Sum: 0.9]
      [Update RS (ms): Min: 0.4, Avg: 0.4, Max: 0.4, Diff: 0.0, Sum: 3.3]
         [Processed Buffers: Min: 4, Avg: 5.0, Max: 6, Diff: 2, Sum: 40]
      [Scan RS (ms): Min: 0.0, Avg: 0.1, Max: 0.1, Diff: 0.0, Sum: 0.5]
      [Code Root Scanning (ms): Min: 0.0, Avg: 0.0, Max: 0.0, Diff: 0.0, Sum: 0.0]
      [Object Copy (ms): Min: 6.7, Avg: 6.9, Max: 7.7, Diff: 1.0, Sum: 55.3]
      [Termination (ms): Min: 0.0, Avg: 0.9, Max: 1.1, Diff: 1.1, Sum: 7.0]
         [Termination Attempts: Min: 1, Avg: 1.0, Max: 1, Diff: 0, Sum: 8]
      [GC Worker Other (ms): Min: 0.0, Avg: 0.0, Max: 0.0, Diff: 0.0, Sum: 0.1]
      [GC Worker Total (ms): Min: 8.3, Avg: 8.4, Max: 8.5, Diff: 0.3, Sum: 67.1]
      [GC Worker End (ms): Min: 7792.9, Avg: 7793.0, Max: 7793.1, Diff: 0.3]
   [Code Root Fixup: 0.0 ms]
   [Code Root Purge: 0.0 ms]
   [Clear CT: 0.2 ms]
   [Other: 1.1 ms]
      [Choose CSet: 0.1 ms]
      [Ref Proc: 0.2 ms]
      [Ref Enq: 0.0 ms]
      [Redirty Cards: 0.3 ms]
      [Humongous Register: 0.1 ms]
      [Humongous Reclaim: 0.0 ms]
      [Free CSet: 0.3 ms]
   [Eden: 16.0M(16.0M)->0.0B(45.0M) Survivors: 35.0M->6144.0K Heap: 602.3M(1024.0M)->516.0M(1024.0M)]
 [Times: user=0.06 sys=0.00, real=0.01 secs] 
2021-01-18T10:16:10.862-0800: 7.805: [GC pause (G1 Evacuation Pause) (mixed), 0.0072088 secs]
   [Parallel Time: 6.0 ms, GC Workers: 8]
      [GC Worker Start (ms): Min: 7804.9, Avg: 7805.0, Max: 7805.0, Diff: 0.1]
      [Ext Root Scanning (ms): Min: 0.1, Avg: 0.3, Max: 1.8, Diff: 1.7, Sum: 2.8]
      [Update RS (ms): Min: 0.1, Avg: 1.5, Max: 1.8, Diff: 1.7, Sum: 12.2]
         [Processed Buffers: Min: 1, Avg: 13.0, Max: 19, Diff: 18, Sum: 104]
      [Scan RS (ms): Min: 0.0, Avg: 0.1, Max: 0.2, Diff: 0.2, Sum: 0.4]
      [Code Root Scanning (ms): Min: 0.0, Avg: 0.0, Max: 0.0, Diff: 0.0, Sum: 0.0]
      [Object Copy (ms): Min: 2.8, Avg: 3.0, Max: 3.8, Diff: 1.0, Sum: 24.2]
      [Termination (ms): Min: 0.0, Avg: 0.9, Max: 1.0, Diff: 1.0, Sum: 6.8]
         [Termination Attempts: Min: 1, Avg: 1.0, Max: 1, Diff: 0, Sum: 8]
      [GC Worker Other (ms): Min: 0.0, Avg: 0.0, Max: 0.0, Diff: 0.0, Sum: 0.1]
      [GC Worker Total (ms): Min: 5.6, Avg: 5.8, Max: 5.9, Diff: 0.3, Sum: 46.5]
      [GC Worker End (ms): Min: 7810.7, Avg: 7810.8, Max: 7810.9, Diff: 0.2]
   [Code Root Fixup: 0.0 ms]
   [Code Root Purge: 0.0 ms]
   [Clear CT: 0.2 ms]
   [Other: 1.0 ms]
      [Choose CSet: 0.0 ms]
      [Ref Proc: 0.3 ms]
      [Ref Enq: 0.0 ms]
      [Redirty Cards: 0.2 ms]
      [Humongous Register: 0.2 ms]
      [Humongous Reclaim: 0.0 ms]
      [Free CSet: 0.1 ms]
   [Eden: 45.0M(45.0M)->0.0B(263.0M) Survivors: 6144.0K->7168.0K Heap: 572.9M(1024.0M)->514.5M(1024.0M)]
 [Times: user=0.03 sys=0.01, real=0.01 secs] 
2021-01-18T10:16:10.872-0800: 7.814: [GC pause (G1 Humongous Allocation) (young) (initial-mark), 0.0019589 secs]
   [Parallel Time: 1.1 ms, GC Workers: 8]
      [GC Worker Start (ms): Min: 7814.3, Avg: 7814.4, Max: 7814.4, Diff: 0.1]
      [Ext Root Scanning (ms): Min: 0.1, Avg: 0.1, Max: 0.2, Diff: 0.1, Sum: 1.1]
      [Update RS (ms): Min: 0.1, Avg: 0.1, Max: 0.3, Diff: 0.2, Sum: 0.9]
         [Processed Buffers: Min: 1, Avg: 1.1, Max: 2, Diff: 1, Sum: 9]
      [Scan RS (ms): Min: 0.0, Avg: 0.0, Max: 0.0, Diff: 0.0, Sum: 0.0]
      [Code Root Scanning (ms): Min: 0.0, Avg: 0.0, Max: 0.0, Diff: 0.0, Sum: 0.0]
      [Object Copy (ms): Min: 0.5, Avg: 0.6, Max: 0.7, Diff: 0.2, Sum: 5.2]
      [Termination (ms): Min: 0.0, Avg: 0.1, Max: 0.1, Diff: 0.1, Sum: 0.5]
         [Termination Attempts: Min: 1, Avg: 1.0, Max: 1, Diff: 0, Sum: 8]
      [GC Worker Other (ms): Min: 0.0, Avg: 0.0, Max: 0.0, Diff: 0.0, Sum: 0.1]
      [GC Worker Total (ms): Min: 0.9, Avg: 1.0, Max: 1.0, Diff: 0.1, Sum: 7.9]
      [GC Worker End (ms): Min: 7815.3, Avg: 7815.4, Max: 7815.4, Diff: 0.0]
   [Code Root Fixup: 0.0 ms]
   [Code Root Purge: 0.0 ms]
   [Clear CT: 0.1 ms]
   [Other: 0.7 ms]
      [Choose CSet: 0.0 ms]
      [Ref Proc: 0.2 ms]
      [Ref Enq: 0.0 ms]
      [Redirty Cards: 0.2 ms]
      [Humongous Register: 0.1 ms]
      [Humongous Reclaim: 0.0 ms]
      [Free CSet: 0.1 ms]
   [Eden: 10.0M(263.0M)->0.0B(251.0M) Survivors: 7168.0K->10.0M Heap: 523.6M(1024.0M)->517.0M(1024.0M)]
 [Times: user=0.01 sys=0.00, real=0.00 secs] 
2021-01-18T10:16:10.874-0800: 7.816: [GC concurrent-root-region-scan-start]
2021-01-18T10:16:10.874-0800: 7.816: [GC concurrent-root-region-scan-end, 0.0001428 secs]
2021-01-18T10:16:10.874-0800: 7.816: [GC concurrent-mark-start]
2021-01-18T10:16:10.876-0800: 7.818: [GC concurrent-mark-end, 0.0013339 secs]
2021-01-18T10:16:10.876-0800: 7.818: [GC remark 2021-01-18T10:16:10.876-0800: 7.818: [Finalize Marking, 0.0002492 secs] 2021-01-18T10:16:10.876-0800: 7.818: [GC ref-proc, 0.0000553 secs] 2021-01-18T10:16:10.876-0800: 7.818: [Unloading, 0.0005834 secs], 0.0019173 secs]
 [Times: user=0.01 sys=0.00, real=0.00 secs] 
2021-01-18T10:16:10.878-0800: 7.820: [GC cleanup 528M->526M(1024M), 0.0010230 secs]
 [Times: user=0.00 sys=0.00, real=0.00 secs] 
2021-01-18T10:16:10.879-0800: 7.821: [GC concurrent-cleanup-start]
2021-01-18T10:16:10.879-0800: 7.821: [GC concurrent-cleanup-end, 0.0000134 secs]
2021-01-18T10:16:10.920-0800: 7.862: [GC pause (G1 Evacuation Pause) (young) (to-space exhausted), 0.0138816 secs]
   [Parallel Time: 12.8 ms, GC Workers: 8]
      [GC Worker Start (ms): Min: 7862.6, Avg: 7862.7, Max: 7862.7, Diff: 0.1]
      [Ext Root Scanning (ms): Min: 0.1, Avg: 0.1, Max: 0.2, Diff: 0.1, Sum: 0.8]
      [Update RS (ms): Min: 5.0, Avg: 5.1, Max: 5.1, Diff: 0.1, Sum: 40.4]
         [Processed Buffers: Min: 74, Avg: 74.6, Max: 75, Diff: 1, Sum: 597]
      [Scan RS (ms): Min: 0.0, Avg: 0.0, Max: 0.0, Diff: 0.0, Sum: 0.2]
      [Code Root Scanning (ms): Min: 0.0, Avg: 0.0, Max: 0.0, Diff: 0.0, Sum: 0.0]
      [Object Copy (ms): Min: 7.0, Avg: 7.0, Max: 7.3, Diff: 0.3, Sum: 56.4]
      [Termination (ms): Min: 0.0, Avg: 0.4, Max: 0.5, Diff: 0.5, Sum: 3.3]
         [Termination Attempts: Min: 1, Avg: 1.0, Max: 1, Diff: 0, Sum: 8]
      [GC Worker Other (ms): Min: 0.0, Avg: 0.0, Max: 0.0, Diff: 0.0, Sum: 0.1]
      [GC Worker Total (ms): Min: 12.5, Avg: 12.7, Max: 12.7, Diff: 0.2, Sum: 101.2]
      [GC Worker End (ms): Min: 7875.2, Avg: 7875.3, Max: 7875.4, Diff: 0.2]
   [Code Root Fixup: 0.0 ms]
   [Code Root Purge: 0.0 ms]
   [Clear CT: 0.1 ms]
   [Other: 0.9 ms]
      [Evacuation Failure: 0.2 ms]
      [Choose CSet: 0.0 ms]
      [Ref Proc: 0.2 ms]
      [Ref Enq: 0.0 ms]
      [Redirty Cards: 0.1 ms]
      [Humongous Register: 0.1 ms]
      [Humongous Reclaim: 0.1 ms]
      [Free CSet: 0.1 ms]
   [Eden: 251.0M(251.0M)->0.0B(18.0M) Survivors: 10.0M->33.0M Heap: 839.4M(1024.0M)->617.5M(1024.0M)]
 [Times: user=0.09 sys=0.00, real=0.01 secs] 
2021-01-18T10:16:10.938-0800: 7.880: [GC pause (G1 Evacuation Pause) (mixed), 0.0092827 secs]
   [Parallel Time: 8.3 ms, GC Workers: 8]
      [GC Worker Start (ms): Min: 7880.5, Avg: 7880.6, Max: 7880.7, Diff: 0.1]
      [Ext Root Scanning (ms): Min: 0.0, Avg: 0.1, Max: 0.2, Diff: 0.1, Sum: 0.8]
      [Update RS (ms): Min: 0.4, Avg: 0.4, Max: 0.4, Diff: 0.1, Sum: 3.4]
         [Processed Buffers: Min: 5, Avg: 6.0, Max: 7, Diff: 2, Sum: 48]
      [Scan RS (ms): Min: 0.0, Avg: 0.1, Max: 0.1, Diff: 0.1, Sum: 0.4]
      [Code Root Scanning (ms): Min: 0.0, Avg: 0.0, Max: 0.0, Diff: 0.0, Sum: 0.0]
      [Object Copy (ms): Min: 6.1, Avg: 6.4, Max: 7.2, Diff: 1.1, Sum: 51.3]
      [Termination (ms): Min: 0.0, Avg: 0.9, Max: 1.3, Diff: 1.3, Sum: 7.1]
         [Termination Attempts: Min: 1, Avg: 1.2, Max: 3, Diff: 2, Sum: 10]
      [GC Worker Other (ms): Min: 0.0, Avg: 0.0, Max: 0.0, Diff: 0.0, Sum: 0.1]
      [GC Worker Total (ms): Min: 7.8, Avg: 7.9, Max: 8.0, Diff: 0.2, Sum: 63.2]
      [GC Worker End (ms): Min: 7888.4, Avg: 7888.5, Max: 7888.7, Diff: 0.3]
   [Code Root Fixup: 0.0 ms]
   [Code Root Purge: 0.0 ms]
   [Clear CT: 0.2 ms]
   [Other: 0.8 ms]
      [Choose CSet: 0.0 ms]
      [Ref Proc: 0.2 ms]
      [Ref Enq: 0.0 ms]
      [Redirty Cards: 0.2 ms]
      [Humongous Register: 0.1 ms]
      [Humongous Reclaim: 0.0 ms]
      [Free CSet: 0.1 ms]
   [Eden: 18.0M(18.0M)->0.0B(46.0M) Survivors: 33.0M->5120.0K Heap: 639.3M(1024.0M)->546.9M(1024.0M)]
 [Times: user=0.05 sys=0.00, real=0.01 secs] 
2021-01-18T10:16:10.958-0800: 7.900: [GC pause (G1 Evacuation Pause) (mixed), 0.0059484 secs]
   [Parallel Time: 5.0 ms, GC Workers: 8]
      [GC Worker Start (ms): Min: 7900.7, Avg: 7900.8, Max: 7900.9, Diff: 0.3]
      [Ext Root Scanning (ms): Min: 0.0, Avg: 0.1, Max: 0.2, Diff: 0.2, Sum: 1.0]
      [Update RS (ms): Min: 1.7, Avg: 1.8, Max: 1.9, Diff: 0.3, Sum: 14.1]
         [Processed Buffers: Min: 2, Avg: 13.4, Max: 19, Diff: 17, Sum: 107]
      [Scan RS (ms): Min: 0.0, Avg: 0.0, Max: 0.1, Diff: 0.1, Sum: 0.4]
      [Code Root Scanning (ms): Min: 0.0, Avg: 0.0, Max: 0.0, Diff: 0.0, Sum: 0.0]
      [Object Copy (ms): Min: 2.7, Avg: 2.9, Max: 2.9, Diff: 0.2, Sum: 22.9]
      [Termination (ms): Min: 0.0, Avg: 0.0, Max: 0.1, Diff: 0.1, Sum: 0.4]
         [Termination Attempts: Min: 1, Avg: 1.0, Max: 1, Diff: 0, Sum: 8]
      [GC Worker Other (ms): Min: 0.0, Avg: 0.0, Max: 0.0, Diff: 0.0, Sum: 0.1]
      [GC Worker Total (ms): Min: 4.7, Avg: 4.9, Max: 5.0, Diff: 0.3, Sum: 38.9]
      [GC Worker End (ms): Min: 7905.6, Avg: 7905.6, Max: 7905.7, Diff: 0.0]
   [Code Root Fixup: 0.0 ms]
   [Code Root Purge: 0.0 ms]
   [Clear CT: 0.2 ms]
   [Other: 0.8 ms]
      [Choose CSet: 0.0 ms]
      [Ref Proc: 0.2 ms]
      [Ref Enq: 0.0 ms]
      [Redirty Cards: 0.2 ms]
      [Humongous Register: 0.1 ms]
      [Humongous Reclaim: 0.0 ms]
      [Free CSet: 0.1 ms]
   [Eden: 46.0M(46.0M)->0.0B(237.0M) Survivors: 5120.0K->7168.0K Heap: 605.1M(1024.0M)->537.5M(1024.0M)]
 [Times: user=0.04 sys=0.00, real=0.01 secs] 
2021-01-18T10:16:10.966-0800: 7.908: [GC pause (G1 Humongous Allocation) (young) (initial-mark), 0.0035118 secs]
   [Parallel Time: 2.0 ms, GC Workers: 8]
      [GC Worker Start (ms): Min: 7908.1, Avg: 7908.2, Max: 7908.2, Diff: 0.1]
      [Ext Root Scanning (ms): Min: 0.1, Avg: 0.1, Max: 0.2, Diff: 0.1, Sum: 1.2]
      [Update RS (ms): Min: 0.1, Avg: 0.3, Max: 1.7, Diff: 1.6, Sum: 2.5]
         [Processed Buffers: Min: 1, Avg: 1.1, Max: 2, Diff: 1, Sum: 9]
      [Scan RS (ms): Min: 0.0, Avg: 0.0, Max: 0.0, Diff: 0.0, Sum: 0.0]
      [Code Root Scanning (ms): Min: 0.0, Avg: 0.0, Max: 0.0, Diff: 0.0, Sum: 0.0]
      [Object Copy (ms): Min: 0.0, Avg: 0.6, Max: 0.8, Diff: 0.8, Sum: 4.6]
      [Termination (ms): Min: 0.1, Avg: 0.8, Max: 1.1, Diff: 1.0, Sum: 6.7]
         [Termination Attempts: Min: 1, Avg: 1.8, Max: 2, Diff: 1, Sum: 14]
      [GC Worker Other (ms): Min: 0.0, Avg: 0.0, Max: 0.0, Diff: 0.0, Sum: 0.1]
      [GC Worker Total (ms): Min: 1.8, Avg: 1.9, Max: 1.9, Diff: 0.1, Sum: 15.1]
      [GC Worker End (ms): Min: 7910.0, Avg: 7910.1, Max: 7910.1, Diff: 0.1]
   [Code Root Fixup: 0.0 ms]
   [Code Root Purge: 0.0 ms]
   [Clear CT: 0.2 ms]
   [Other: 1.3 ms]
      [Choose CSet: 0.0 ms]
      [Ref Proc: 0.7 ms]
      [Ref Enq: 0.0 ms]
      [Redirty Cards: 0.2 ms]
      [Humongous Register: 0.1 ms]
      [Humongous Reclaim: 0.1 ms]
      [Free CSet: 0.0 ms]
   [Eden: 6144.0K(237.0M)->0.0B(237.0M) Survivors: 7168.0K->9216.0K Heap: 543.2M(1024.0M)->537.8M(1024.0M)]
 [Times: user=0.01 sys=0.00, real=0.00 secs] 
2021-01-18T10:16:10.970-0800: 7.912: [GC concurrent-root-region-scan-start]
2021-01-18T10:16:10.970-0800: 7.912: [GC concurrent-root-region-scan-end, 0.0001393 secs]
2021-01-18T10:16:10.970-0800: 7.912: [GC concurrent-mark-start]
2021-01-18T10:16:10.971-0800: 7.913: [GC concurrent-mark-end, 0.0013555 secs]
2021-01-18T10:16:10.971-0800: 7.913: [GC remark 2021-01-18T10:16:10.971-0800: 7.913: [Finalize Marking, 0.0002471 secs] 2021-01-18T10:16:10.971-0800: 7.914: [GC ref-proc, 0.0000557 secs] 2021-01-18T10:16:10.972-0800: 7.914: [Unloading, 0.0005372 secs], 0.0018532 secs]
 [Times: user=0.01 sys=0.00, real=0.00 secs] 
2021-01-18T10:16:10.973-0800: 7.915: [GC cleanup 549M->546M(1024M), 0.0009563 secs]
 [Times: user=0.00 sys=0.00, real=0.00 secs] 
2021-01-18T10:16:10.974-0800: 7.916: [GC concurrent-cleanup-start]
2021-01-18T10:16:10.974-0800: 7.916: [GC concurrent-cleanup-end, 0.0000185 secs]
2021-01-18T10:16:11.016-0800: 7.958: [GC pause (G1 Evacuation Pause) (young), 0.0130074 secs]
   [Parallel Time: 12.2 ms, GC Workers: 8]
      [GC Worker Start (ms): Min: 7957.9, Avg: 7958.0, Max: 7958.0, Diff: 0.1]
      [Ext Root Scanning (ms): Min: 0.1, Avg: 0.1, Max: 0.2, Diff: 0.1, Sum: 0.9]
      [Update RS (ms): Min: 5.2, Avg: 5.2, Max: 5.2, Diff: 0.0, Sum: 41.7]
         [Processed Buffers: Min: 40, Avg: 62.9, Max: 79, Diff: 39, Sum: 503]
      [Scan RS (ms): Min: 0.0, Avg: 0.0, Max: 0.0, Diff: 0.0, Sum: 0.2]
      [Code Root Scanning (ms): Min: 0.0, Avg: 0.0, Max: 0.0, Diff: 0.0, Sum: 0.0]
      [Object Copy (ms): Min: 6.4, Avg: 6.5, Max: 6.6, Diff: 0.1, Sum: 52.0]
      [Termination (ms): Min: 0.0, Avg: 0.1, Max: 0.2, Diff: 0.2, Sum: 0.6]
         [Termination Attempts: Min: 1, Avg: 1.0, Max: 1, Diff: 0, Sum: 8]
      [GC Worker Other (ms): Min: 0.0, Avg: 0.0, Max: 0.0, Diff: 0.0, Sum: 0.1]
      [GC Worker Total (ms): Min: 11.9, Avg: 11.9, Max: 12.0, Diff: 0.1, Sum: 95.5]
      [GC Worker End (ms): Min: 7969.9, Avg: 7969.9, Max: 7970.0, Diff: 0.1]
   [Code Root Fixup: 0.0 ms]
   [Code Root Purge: 0.0 ms]
   [Clear CT: 0.1 ms]
   [Other: 0.7 ms]
      [Choose CSet: 0.0 ms]
      [Ref Proc: 0.2 ms]
      [Ref Enq: 0.0 ms]
      [Redirty Cards: 0.1 ms]
      [Humongous Register: 0.1 ms]
      [Humongous Reclaim: 0.1 ms]
      [Free CSet: 0.1 ms]
   [Eden: 237.0M(237.0M)->0.0B(20.0M) Survivors: 9216.0K->31.0M Heap: 833.7M(1024.0M)->601.5M(1024.0M)]
 [Times: user=0.08 sys=0.00, real=0.01 secs] 
2021-01-18T10:16:11.032-0800: 7.974: [GC pause (G1 Evacuation Pause) (mixed), 0.0094377 secs]
   [Parallel Time: 7.3 ms, GC Workers: 8]
      [GC Worker Start (ms): Min: 7974.6, Avg: 7974.8, Max: 7975.4, Diff: 0.8]
      [Ext Root Scanning (ms): Min: 0.0, Avg: 0.2, Max: 0.4, Diff: 0.4, Sum: 1.3]
      [Update RS (ms): Min: 0.0, Avg: 0.3, Max: 0.4, Diff: 0.4, Sum: 2.4]
         [Processed Buffers: Min: 0, Avg: 3.8, Max: 6, Diff: 6, Sum: 30]
      [Scan RS (ms): Min: 0.0, Avg: 0.1, Max: 0.1, Diff: 0.1, Sum: 0.4]
      [Code Root Scanning (ms): Min: 0.0, Avg: 0.0, Max: 0.0, Diff: 0.0, Sum: 0.0]
      [Object Copy (ms): Min: 5.2, Avg: 5.5, Max: 6.3, Diff: 1.0, Sum: 44.0]
      [Termination (ms): Min: 0.0, Avg: 0.9, Max: 1.2, Diff: 1.2, Sum: 7.2]
         [Termination Attempts: Min: 1, Avg: 1.0, Max: 1, Diff: 0, Sum: 8]
      [GC Worker Other (ms): Min: 0.0, Avg: 0.0, Max: 0.0, Diff: 0.0, Sum: 0.1]
      [GC Worker Total (ms): Min: 6.3, Avg: 6.9, Max: 7.2, Diff: 0.9, Sum: 55.4]
      [GC Worker End (ms): Min: 7981.5, Avg: 7981.7, Max: 7981.8, Diff: 0.3]
   [Code Root Fixup: 0.0 ms]
   [Code Root Purge: 0.0 ms]
   [Clear CT: 0.2 ms]
   [Other: 1.9 ms]
      [Choose CSet: 0.0 ms]
      [Ref Proc: 1.2 ms]
      [Ref Enq: 0.0 ms]
      [Redirty Cards: 0.2 ms]
      [Humongous Register: 0.1 ms]
      [Humongous Reclaim: 0.1 ms]
      [Free CSet: 0.2 ms]
   [Eden: 20.0M(20.0M)->0.0B(45.0M) Survivors: 31.0M->6144.0K Heap: 624.1M(1024.0M)->523.3M(1024.0M)]
 [Times: user=0.05 sys=0.00, real=0.01 secs] 
2021-01-18T10:16:11.050-0800: 7.992: [GC pause (G1 Evacuation Pause) (mixed), 0.0093567 secs]
   [Parallel Time: 7.4 ms, GC Workers: 8]
      [GC Worker Start (ms): Min: 7992.6, Avg: 7992.7, Max: 7992.7, Diff: 0.1]
      [Ext Root Scanning (ms): Min: 0.1, Avg: 0.1, Max: 0.2, Diff: 0.1, Sum: 1.1]
      [Update RS (ms): Min: 1.6, Avg: 1.9, Max: 2.5, Diff: 0.9, Sum: 15.6]
         [Processed Buffers: Min: 7, Avg: 12.0, Max: 18, Diff: 11, Sum: 96]
      [Scan RS (ms): Min: 0.0, Avg: 0.1, Max: 0.2, Diff: 0.2, Sum: 0.6]
      [Code Root Scanning (ms): Min: 0.0, Avg: 0.0, Max: 0.0, Diff: 0.0, Sum: 0.0]
      [Object Copy (ms): Min: 3.5, Avg: 4.1, Max: 5.0, Diff: 1.5, Sum: 32.8]
      [Termination (ms): Min: 0.0, Avg: 0.8, Max: 1.1, Diff: 1.1, Sum: 6.5]
         [Termination Attempts: Min: 1, Avg: 1.1, Max: 2, Diff: 1, Sum: 9]
      [GC Worker Other (ms): Min: 0.0, Avg: 0.0, Max: 0.0, Diff: 0.0, Sum: 0.1]
      [GC Worker Total (ms): Min: 6.9, Avg: 7.1, Max: 7.3, Diff: 0.3, Sum: 56.7]
      [GC Worker End (ms): Min: 7999.5, Avg: 7999.7, Max: 7999.9, Diff: 0.4]
   [Code Root Fixup: 0.0 ms]
   [Code Root Purge: 0.0 ms]
   [Clear CT: 0.2 ms]
   [Other: 1.8 ms]
      [Choose CSet: 0.0 ms]
      [Ref Proc: 1.3 ms]
      [Ref Enq: 0.0 ms]
      [Redirty Cards: 0.1 ms]
      [Humongous Register: 0.1 ms]
      [Humongous Reclaim: 0.1 ms]
      [Free CSet: 0.1 ms]
   [Eden: 45.0M(45.0M)->0.0B(266.0M) Survivors: 6144.0K->7168.0K Heap: 579.1M(1024.0M)->500.6M(1024.0M)]
 [Times: user=0.04 sys=0.01, real=0.01 secs] 
2021-01-18T10:16:11.060-0800: 8.002: [GC pause (G1 Humongous Allocation) (young) (initial-mark), 0.0018914 secs]
   [Parallel Time: 1.0 ms, GC Workers: 8]
      [GC Worker Start (ms): Min: 8002.5, Avg: 8002.6, Max: 8002.6, Diff: 0.1]
      [Ext Root Scanning (ms): Min: 0.1, Avg: 0.1, Max: 0.2, Diff: 0.1, Sum: 1.2]
      [Update RS (ms): Min: 0.0, Avg: 0.1, Max: 0.2, Diff: 0.1, Sum: 0.9]
         [Processed Buffers: Min: 1, Avg: 1.1, Max: 2, Diff: 1, Sum: 9]
      [Scan RS (ms): Min: 0.0, Avg: 0.0, Max: 0.0, Diff: 0.0, Sum: 0.0]
      [Code Root Scanning (ms): Min: 0.0, Avg: 0.0, Max: 0.0, Diff: 0.0, Sum: 0.0]
      [Object Copy (ms): Min: 0.4, Avg: 0.5, Max: 0.6, Diff: 0.1, Sum: 4.0]
      [Termination (ms): Min: 0.0, Avg: 0.0, Max: 0.1, Diff: 0.1, Sum: 0.3]
         [Termination Attempts: Min: 1, Avg: 1.0, Max: 1, Diff: 0, Sum: 8]
      [GC Worker Other (ms): Min: 0.0, Avg: 0.0, Max: 0.0, Diff: 0.0, Sum: 0.1]
      [GC Worker Total (ms): Min: 0.8, Avg: 0.8, Max: 0.9, Diff: 0.1, Sum: 6.5]
      [GC Worker End (ms): Min: 8003.4, Avg: 8003.4, Max: 8003.4, Diff: 0.0]
   [Code Root Fixup: 0.0 ms]
   [Code Root Purge: 0.0 ms]
   [Clear CT: 0.2 ms]
   [Other: 0.8 ms]
      [Choose CSet: 0.0 ms]
      [Ref Proc: 0.3 ms]
      [Ref Enq: 0.0 ms]
      [Redirty Cards: 0.2 ms]
      [Humongous Register: 0.1 ms]
      [Humongous Reclaim: 0.0 ms]
      [Free CSet: 0.0 ms]
   [Eden: 3072.0K(266.0M)->0.0B(258.0M) Survivors: 7168.0K->8192.0K Heap: 503.4M(1024.0M)->501.1M(1024.0M)]
 [Times: user=0.00 sys=0.00, real=0.00 secs] 
2021-01-18T10:16:11.062-0800: 8.004: [GC concurrent-root-region-scan-start]
2021-01-18T10:16:11.062-0800: 8.004: [GC concurrent-root-region-scan-end, 0.0000947 secs]
2021-01-18T10:16:11.062-0800: 8.004: [GC concurrent-mark-start]
2021-01-18T10:16:11.064-0800: 8.006: [GC concurrent-mark-end, 0.0013633 secs]
2021-01-18T10:16:11.064-0800: 8.006: [GC remark 2021-01-18T10:16:11.064-0800: 8.006: [Finalize Marking, 0.0002347 secs] 2021-01-18T10:16:11.064-0800: 8.006: [GC ref-proc, 0.0000580 secs] 2021-01-18T10:16:11.064-0800: 8.006: [Unloading, 0.0005431 secs], 0.0019950 secs]
 [Times: user=0.01 sys=0.00, real=0.00 secs] 
2021-01-18T10:16:11.066-0800: 8.008: [GC cleanup 513M->512M(1024M), 0.0010445 secs]
 [Times: user=0.00 sys=0.00, real=0.00 secs] 
2021-01-18T10:16:11.067-0800: 8.009: [GC concurrent-cleanup-start]
2021-01-18T10:16:11.067-0800: 8.009: [GC concurrent-cleanup-end, 0.0000172 secs]
2021-01-18T10:16:11.111-0800: 8.053: [GC pause (G1 Evacuation Pause) (young), 0.0130786 secs]
   [Parallel Time: 11.9 ms, GC Workers: 8]
      [GC Worker Start (ms): Min: 8053.0, Avg: 8053.1, Max: 8053.1, Diff: 0.1]
      [Ext Root Scanning (ms): Min: 0.1, Avg: 0.1, Max: 0.2, Diff: 0.1, Sum: 0.8]
      [Update RS (ms): Min: 4.2, Avg: 4.3, Max: 4.3, Diff: 0.0, Sum: 34.0]
         [Processed Buffers: Min: 63, Avg: 64.1, Max: 66, Diff: 3, Sum: 513]
      [Scan RS (ms): Min: 0.0, Avg: 0.0, Max: 0.0, Diff: 0.0, Sum: 0.2]
      [Code Root Scanning (ms): Min: 0.0, Avg: 0.0, Max: 0.0, Diff: 0.0, Sum: 0.0]
      [Object Copy (ms): Min: 7.1, Avg: 7.2, Max: 7.3, Diff: 0.1, Sum: 57.3]
      [Termination (ms): Min: 0.0, Avg: 0.2, Max: 0.3, Diff: 0.3, Sum: 1.6]
         [Termination Attempts: Min: 1, Avg: 1.0, Max: 1, Diff: 0, Sum: 8]
      [GC Worker Other (ms): Min: 0.0, Avg: 0.0, Max: 0.0, Diff: 0.0, Sum: 0.1]
      [GC Worker Total (ms): Min: 11.6, Avg: 11.8, Max: 11.9, Diff: 0.2, Sum: 94.0]
      [GC Worker End (ms): Min: 8064.7, Avg: 8064.8, Max: 8064.9, Diff: 0.1]
   [Code Root Fixup: 0.0 ms]
   [Code Root Purge: 0.0 ms]
   [Clear CT: 0.2 ms]
   [Other: 1.0 ms]
      [Choose CSet: 0.0 ms]
      [Ref Proc: 0.3 ms]
      [Ref Enq: 0.0 ms]
      [Redirty Cards: 0.1 ms]
      [Humongous Register: 0.1 ms]
      [Humongous Reclaim: 0.3 ms]
      [Free CSet: 0.1 ms]
   [Eden: 258.0M(258.0M)->0.0B(17.0M) Survivors: 8192.0K->34.0M Heap: 820.6M(1024.0M)->557.1M(1024.0M)]
 [Times: user=0.09 sys=0.00, real=0.01 secs] 
2021-01-18T10:16:11.128-0800: 8.070: [GC pause (G1 Evacuation Pause) (mixed), 0.0098747 secs]
   [Parallel Time: 8.7 ms, GC Workers: 8]
      [GC Worker Start (ms): Min: 8070.1, Avg: 8070.2, Max: 8070.3, Diff: 0.1]
      [Ext Root Scanning (ms): Min: 0.1, Avg: 0.1, Max: 0.2, Diff: 0.1, Sum: 1.1]
      [Update RS (ms): Min: 0.5, Avg: 0.6, Max: 1.4, Diff: 0.9, Sum: 5.2]
         [Processed Buffers: Min: 1, Avg: 5.6, Max: 7, Diff: 6, Sum: 45]
      [Scan RS (ms): Min: 0.0, Avg: 0.1, Max: 0.1, Diff: 0.1, Sum: 0.6]
      [Code Root Scanning (ms): Min: 0.0, Avg: 0.0, Max: 0.0, Diff: 0.0, Sum: 0.0]
      [Object Copy (ms): Min: 5.7, Avg: 6.5, Max: 7.5, Diff: 1.8, Sum: 52.2]
      [Termination (ms): Min: 0.0, Avg: 1.0, Max: 1.3, Diff: 1.3, Sum: 8.3]
         [Termination Attempts: Min: 1, Avg: 1.0, Max: 1, Diff: 0, Sum: 8]
      [GC Worker Other (ms): Min: 0.0, Avg: 0.0, Max: 0.0, Diff: 0.0, Sum: 0.1]
      [GC Worker Total (ms): Min: 8.3, Avg: 8.4, Max: 8.6, Diff: 0.3, Sum: 67.4]
      [GC Worker End (ms): Min: 8078.5, Avg: 8078.7, Max: 8078.8, Diff: 0.3]
   [Code Root Fixup: 0.0 ms]
   [Code Root Purge: 0.0 ms]
   [Clear CT: 0.2 ms]
   [Other: 1.0 ms]
      [Choose CSet: 0.1 ms]
      [Ref Proc: 0.2 ms]
      [Ref Enq: 0.0 ms]
      [Redirty Cards: 0.2 ms]
      [Humongous Register: 0.1 ms]
      [Humongous Reclaim: 0.1 ms]
      [Free CSet: 0.2 ms]
   [Eden: 17.0M(17.0M)->0.0B(47.0M) Survivors: 34.0M->4096.0K Heap: 578.5M(1024.0M)->492.1M(1024.0M)]
 [Times: user=0.06 sys=0.00, real=0.01 secs] 
2021-01-18T10:16:11.148-0800: 8.090: [GC pause (G1 Evacuation Pause) (mixed), 0.0064968 secs]
   [Parallel Time: 5.5 ms, GC Workers: 8]
      [GC Worker Start (ms): Min: 8089.9, Avg: 8090.0, Max: 8090.0, Diff: 0.1]
      [Ext Root Scanning (ms): Min: 0.1, Avg: 0.1, Max: 0.2, Diff: 0.1, Sum: 1.1]
      [Update RS (ms): Min: 1.4, Avg: 1.5, Max: 1.8, Diff: 0.4, Sum: 12.0]
         [Processed Buffers: Min: 5, Avg: 14.4, Max: 17, Diff: 12, Sum: 115]
      [Scan RS (ms): Min: 0.0, Avg: 0.0, Max: 0.1, Diff: 0.1, Sum: 0.4]
      [Code Root Scanning (ms): Min: 0.0, Avg: 0.0, Max: 0.0, Diff: 0.0, Sum: 0.0]
      [Object Copy (ms): Min: 2.6, Avg: 2.9, Max: 3.6, Diff: 1.0, Sum: 23.3]
      [Termination (ms): Min: 0.0, Avg: 0.7, Max: 0.8, Diff: 0.8, Sum: 5.5]
         [Termination Attempts: Min: 1, Avg: 1.0, Max: 1, Diff: 0, Sum: 8]
      [GC Worker Other (ms): Min: 0.0, Avg: 0.0, Max: 0.0, Diff: 0.0, Sum: 0.1]
      [GC Worker Total (ms): Min: 5.2, Avg: 5.3, Max: 5.4, Diff: 0.2, Sum: 42.3]
      [GC Worker End (ms): Min: 8095.2, Avg: 8095.3, Max: 8095.3, Diff: 0.1]
   [Code Root Fixup: 0.0 ms]
   [Code Root Purge: 0.0 ms]
   [Clear CT: 0.1 ms]
   [Other: 0.9 ms]
      [Choose CSet: 0.0 ms]
      [Ref Proc: 0.2 ms]
      [Ref Enq: 0.0 ms]
      [Redirty Cards: 0.2 ms]
      [Humongous Register: 0.1 ms]
      [Humongous Reclaim: 0.1 ms]
      [Free CSet: 0.1 ms]
   [Eden: 47.0M(47.0M)->0.0B(274.0M) Survivors: 4096.0K->7168.0K Heap: 552.2M(1024.0M)->492.4M(1024.0M)]
 [Times: user=0.03 sys=0.00, real=0.01 secs] 
2021-01-18T10:16:11.155-0800: 8.097: [GC pause (G1 Humongous Allocation) (young) (initial-mark), 0.0019068 secs]
   [Parallel Time: 1.1 ms, GC Workers: 8]
      [GC Worker Start (ms): Min: 8097.6, Avg: 8097.7, Max: 8097.8, Diff: 0.1]
      [Ext Root Scanning (ms): Min: 0.1, Avg: 0.1, Max: 0.2, Diff: 0.1, Sum: 1.0]
      [Update RS (ms): Min: 0.0, Avg: 0.1, Max: 0.2, Diff: 0.2, Sum: 1.0]
         [Processed Buffers: Min: 1, Avg: 1.1, Max: 2, Diff: 1, Sum: 9]
      [Scan RS (ms): Min: 0.0, Avg: 0.0, Max: 0.0, Diff: 0.0, Sum: 0.0]
      [Code Root Scanning (ms): Min: 0.0, Avg: 0.0, Max: 0.0, Diff: 0.0, Sum: 0.0]
      [Object Copy (ms): Min: 0.5, Avg: 0.6, Max: 0.6, Diff: 0.2, Sum: 4.6]
      [Termination (ms): Min: 0.0, Avg: 0.1, Max: 0.1, Diff: 0.1, Sum: 0.5]
         [Termination Attempts: Min: 1, Avg: 1.0, Max: 1, Diff: 0, Sum: 8]
      [GC Worker Other (ms): Min: 0.0, Avg: 0.0, Max: 0.0, Diff: 0.0, Sum: 0.1]
      [GC Worker Total (ms): Min: 0.8, Avg: 0.9, Max: 1.0, Diff: 0.2, Sum: 7.2]
      [GC Worker End (ms): Min: 8098.6, Avg: 8098.6, Max: 8098.7, Diff: 0.1]
   [Code Root Fixup: 0.0 ms]
   [Code Root Purge: 0.0 ms]
   [Clear CT: 0.2 ms]
   [Other: 0.7 ms]
      [Choose CSet: 0.0 ms]
      [Ref Proc: 0.2 ms]
      [Ref Enq: 0.0 ms]
      [Redirty Cards: 0.1 ms]
      [Humongous Register: 0.1 ms]
      [Humongous Reclaim: 0.0 ms]
      [Free CSet: 0.0 ms]
   [Eden: 5120.0K(274.0M)->0.0B(285.0M) Survivors: 7168.0K->9216.0K Heap: 496.7M(1024.0M)->491.5M(1024.0M)]
 [Times: user=0.01 sys=0.00, real=0.00 secs] 
2021-01-18T10:16:11.157-0800: 8.100: [GC concurrent-root-region-scan-start]
2021-01-18T10:16:11.158-0800: 8.100: [GC concurrent-root-region-scan-end, 0.0001122 secs]
2021-01-18T10:16:11.158-0800: 8.100: [GC concurrent-mark-start]
2021-01-18T10:16:11.159-0800: 8.101: [GC concurrent-mark-end, 0.0013372 secs]
2021-01-18T10:16:11.159-0800: 8.101: [GC remark 2021-01-18T10:16:11.159-0800: 8.101: [Finalize Marking, 0.0008563 secs] 2021-01-18T10:16:11.160-0800: 8.102: [GC ref-proc, 0.0000609 secs] 2021-01-18T10:16:11.160-0800: 8.102: [Unloading, 0.0006259 secs], 0.0027588 secs]
 [Times: user=0.01 sys=0.01, real=0.01 secs] 
2021-01-18T10:16:11.162-0800: 8.104: [GC cleanup 503M->500M(1024M), 0.0010647 secs]
 [Times: user=0.00 sys=0.00, real=0.00 secs] 
2021-01-18T10:16:11.163-0800: 8.105: [GC concurrent-cleanup-start]
2021-01-18T10:16:11.163-0800: 8.105: [GC concurrent-cleanup-end, 0.0000130 secs]
2021-01-18T10:16:11.208-0800: 8.150: [GC pause (G1 Evacuation Pause) (young), 0.0163261 secs]
   [Parallel Time: 14.5 ms, GC Workers: 8]
      [GC Worker Start (ms): Min: 8149.9, Avg: 8150.0, Max: 8150.0, Diff: 0.1]
      [Ext Root Scanning (ms): Min: 0.0, Avg: 0.1, Max: 0.2, Diff: 0.1, Sum: 0.7]
      [Update RS (ms): Min: 6.0, Avg: 6.0, Max: 6.1, Diff: 0.1, Sum: 48.2]
         [Processed Buffers: Min: 13, Avg: 72.6, Max: 92, Diff: 79, Sum: 581]
      [Scan RS (ms): Min: 0.0, Avg: 0.0, Max: 0.1, Diff: 0.0, Sum: 0.2]
      [Code Root Scanning (ms): Min: 0.0, Avg: 0.0, Max: 0.0, Diff: 0.0, Sum: 0.0]
      [Object Copy (ms): Min: 7.4, Avg: 7.6, Max: 8.1, Diff: 0.7, Sum: 60.7]
      [Termination (ms): Min: 0.0, Avg: 0.6, Max: 0.8, Diff: 0.8, Sum: 4.7]
         [Termination Attempts: Min: 1, Avg: 1.0, Max: 1, Diff: 0, Sum: 8]
      [GC Worker Other (ms): Min: 0.0, Avg: 0.0, Max: 0.0, Diff: 0.0, Sum: 0.1]
      [GC Worker Total (ms): Min: 14.3, Avg: 14.3, Max: 14.4, Diff: 0.2, Sum: 114.6]
      [GC Worker End (ms): Min: 8164.2, Avg: 8164.3, Max: 8164.3, Diff: 0.1]
   [Code Root Fixup: 0.0 ms]
   [Code Root Purge: 0.0 ms]
   [Clear CT: 0.1 ms]
   [Other: 1.7 ms]
      [Choose CSet: 0.0 ms]
      [Ref Proc: 1.1 ms]
      [Ref Enq: 0.0 ms]
      [Redirty Cards: 0.1 ms]
      [Humongous Register: 0.1 ms]
      [Humongous Reclaim: 0.1 ms]
      [Free CSet: 0.1 ms]
   [Eden: 285.0M(285.0M)->0.0B(14.0M) Survivors: 9216.0K->37.0M Heap: 844.4M(1024.0M)->569.6M(1024.0M)]
 [Times: user=0.09 sys=0.00, real=0.02 secs] 
2021-01-18T10:16:11.227-0800: 8.169: [GC pause (G1 Evacuation Pause) (mixed), 0.0092359 secs]
   [Parallel Time: 7.2 ms, GC Workers: 8]
      [GC Worker Start (ms): Min: 8168.9, Avg: 8168.9, Max: 8169.0, Diff: 0.1]
      [Ext Root Scanning (ms): Min: 0.1, Avg: 0.1, Max: 0.2, Diff: 0.1, Sum: 1.0]
      [Update RS (ms): Min: 0.5, Avg: 0.6, Max: 0.8, Diff: 0.3, Sum: 4.6]
         [Processed Buffers: Min: 0, Avg: 5.8, Max: 7, Diff: 7, Sum: 46]
      [Scan RS (ms): Min: 0.0, Avg: 0.1, Max: 0.1, Diff: 0.1, Sum: 0.8]
      [Code Root Scanning (ms): Min: 0.0, Avg: 0.0, Max: 0.0, Diff: 0.0, Sum: 0.0]
      [Object Copy (ms): Min: 6.1, Avg: 6.2, Max: 6.2, Diff: 0.2, Sum: 49.2]
      [Termination (ms): Min: 0.0, Avg: 0.0, Max: 0.1, Diff: 0.1, Sum: 0.4]
         [Termination Attempts: Min: 1, Avg: 1.1, Max: 2, Diff: 1, Sum: 9]
      [GC Worker Other (ms): Min: 0.0, Avg: 0.0, Max: 0.0, Diff: 0.0, Sum: 0.1]
      [GC Worker Total (ms): Min: 7.0, Avg: 7.0, Max: 7.1, Diff: 0.1, Sum: 56.1]
      [GC Worker End (ms): Min: 8176.0, Avg: 8176.0, Max: 8176.0, Diff: 0.0]
   [Code Root Fixup: 0.0 ms]
   [Code Root Purge: 0.0 ms]
   [Clear CT: 0.2 ms]
   [Other: 1.9 ms]
      [Choose CSet: 0.0 ms]
      [Ref Proc: 1.3 ms]
      [Ref Enq: 0.0 ms]
      [Redirty Cards: 0.2 ms]
      [Humongous Register: 0.1 ms]
      [Humongous Reclaim: 0.0 ms]
      [Free CSet: 0.1 ms]
   [Eden: 14.0M(14.0M)->0.0B(47.0M) Survivors: 37.0M->4096.0K Heap: 588.2M(1024.0M)->498.7M(1024.0M)]
 [Times: user=0.05 sys=0.00, real=0.01 secs] 
2021-01-18T10:16:11.246-0800: 8.188: [GC pause (G1 Evacuation Pause) (mixed), 0.0072271 secs]
   [Parallel Time: 5.4 ms, GC Workers: 8]
      [GC Worker Start (ms): Min: 8188.1, Avg: 8188.2, Max: 8188.2, Diff: 0.1]
      [Ext Root Scanning (ms): Min: 0.1, Avg: 0.1, Max: 0.2, Diff: 0.1, Sum: 1.1]
      [Update RS (ms): Min: 1.5, Avg: 1.7, Max: 3.0, Diff: 1.5, Sum: 13.9]
         [Processed Buffers: Min: 0, Avg: 13.8, Max: 17, Diff: 17, Sum: 110]
      [Scan RS (ms): Min: 0.0, Avg: 0.0, Max: 0.1, Diff: 0.0, Sum: 0.2]
      [Code Root Scanning (ms): Min: 0.0, Avg: 0.0, Max: 0.0, Diff: 0.0, Sum: 0.0]
      [Object Copy (ms): Min: 1.4, Avg: 2.7, Max: 3.3, Diff: 1.9, Sum: 21.8]
      [Termination (ms): Min: 0.0, Avg: 0.5, Max: 0.6, Diff: 0.6, Sum: 4.0]
         [Termination Attempts: Min: 1, Avg: 1.0, Max: 1, Diff: 0, Sum: 8]
      [GC Worker Other (ms): Min: 0.0, Avg: 0.0, Max: 0.0, Diff: 0.0, Sum: 0.1]
      [GC Worker Total (ms): Min: 5.1, Avg: 5.1, Max: 5.2, Diff: 0.2, Sum: 41.2]
      [GC Worker End (ms): Min: 8193.2, Avg: 8193.3, Max: 8193.4, Diff: 0.2]
   [Code Root Fixup: 0.0 ms]
   [Code Root Purge: 0.0 ms]
   [Clear CT: 0.1 ms]
   [Other: 1.7 ms]
      [Choose CSet: 0.0 ms]
      [Ref Proc: 1.2 ms]
      [Ref Enq: 0.0 ms]
      [Redirty Cards: 0.1 ms]
      [Humongous Register: 0.1 ms]
      [Humongous Reclaim: 0.1 ms]
      [Free CSet: 0.1 ms]
   [Eden: 47.0M(47.0M)->0.0B(274.0M) Survivors: 4096.0K->7168.0K Heap: 558.4M(1024.0M)->498.7M(1024.0M)]
 [Times: user=0.04 sys=0.00, real=0.01 secs] 
2021-01-18T10:16:11.254-0800: 8.196: [GC pause (G1 Humongous Allocation) (young) (initial-mark), 0.0030533 secs]
   [Parallel Time: 1.7 ms, GC Workers: 8]
      [GC Worker Start (ms): Min: 8195.8, Avg: 8195.8, Max: 8195.9, Diff: 0.1]
      [Ext Root Scanning (ms): Min: 0.1, Avg: 0.3, Max: 1.5, Diff: 1.4, Sum: 2.5]
      [Update RS (ms): Min: 0.0, Avg: 0.1, Max: 0.2, Diff: 0.2, Sum: 0.7]
         [Processed Buffers: Min: 0, Avg: 1.1, Max: 3, Diff: 3, Sum: 9]
      [Scan RS (ms): Min: 0.0, Avg: 0.0, Max: 0.0, Diff: 0.0, Sum: 0.0]
      [Code Root Scanning (ms): Min: 0.0, Avg: 0.0, Max: 0.0, Diff: 0.0, Sum: 0.0]
      [Object Copy (ms): Min: 0.0, Avg: 0.4, Max: 0.5, Diff: 0.5, Sum: 3.2]
      [Termination (ms): Min: 0.0, Avg: 0.7, Max: 0.9, Diff: 0.9, Sum: 5.8]
         [Termination Attempts: Min: 1, Avg: 1.0, Max: 1, Diff: 0, Sum: 8]
      [GC Worker Other (ms): Min: 0.0, Avg: 0.0, Max: 0.0, Diff: 0.0, Sum: 0.1]
      [GC Worker Total (ms): Min: 1.5, Avg: 1.5, Max: 1.6, Diff: 0.2, Sum: 12.3]
      [GC Worker End (ms): Min: 8197.3, Avg: 8197.4, Max: 8197.4, Diff: 0.1]
   [Code Root Fixup: 0.0 ms]
   [Code Root Purge: 0.0 ms]
   [Clear CT: 0.1 ms]
   [Other: 1.2 ms]
      [Choose CSet: 0.0 ms]
      [Ref Proc: 0.8 ms]
      [Ref Enq: 0.0 ms]
      [Redirty Cards: 0.1 ms]
      [Humongous Register: 0.1 ms]
      [Humongous Reclaim: 0.0 ms]
      [Free CSet: 0.0 ms]
   [Eden: 2048.0K(274.0M)->0.0B(289.0M) Survivors: 7168.0K->8192.0K Heap: 500.2M(1024.0M)->499.3M(1024.0M)]
 [Times: user=0.02 sys=0.00, real=0.00 secs] 
2021-01-18T10:16:11.257-0800: 8.199: [GC concurrent-root-region-scan-start]
2021-01-18T10:16:11.257-0800: 8.199: [GC concurrent-root-region-scan-end, 0.0001557 secs]
2021-01-18T10:16:11.257-0800: 8.199: [GC concurrent-mark-start]
2021-01-18T10:16:11.258-0800: 8.200: [GC concurrent-mark-end, 0.0014382 secs]
2021-01-18T10:16:11.258-0800: 8.200: [GC remark 2021-01-18T10:16:11.258-0800: 8.201: [Finalize Marking, 0.0002180 secs] 2021-01-18T10:16:11.259-0800: 8.201: [GC ref-proc, 0.0000527 secs] 2021-01-18T10:16:11.259-0800: 8.201: [Unloading, 0.0005013 secs], 0.0019234 secs]
 [Times: user=0.01 sys=0.00, real=0.01 secs] 
2021-01-18T10:16:11.261-0800: 8.203: [GC cleanup 510M->507M(1024M), 0.0013713 secs]
 [Times: user=0.01 sys=0.01, real=0.00 secs] 
2021-01-18T10:16:11.262-0800: 8.204: [GC concurrent-cleanup-start]
2021-01-18T10:16:11.262-0800: 8.204: [GC concurrent-cleanup-end, 0.0000167 secs]
2021-01-18T10:16:11.311-0800: 8.253: [GC pause (G1 Evacuation Pause) (young) (to-space exhausted), 0.0141489 secs]
   [Parallel Time: 12.9 ms, GC Workers: 8]
      [GC Worker Start (ms): Min: 8253.5, Avg: 8254.5, Max: 8261.6, Diff: 8.2]
      [Ext Root Scanning (ms): Min: 0.0, Avg: 0.1, Max: 0.1, Diff: 0.1, Sum: 0.8]
      [Update RS (ms): Min: 0.0, Avg: 5.8, Max: 6.7, Diff: 6.7, Sum: 46.4]
         [Processed Buffers: Min: 0, Avg: 80.4, Max: 105, Diff: 105, Sum: 643]
      [Scan RS (ms): Min: 0.0, Avg: 0.0, Max: 0.1, Diff: 0.1, Sum: 0.4]
      [Code Root Scanning (ms): Min: 0.0, Avg: 0.0, Max: 0.0, Diff: 0.0, Sum: 0.0]
      [Object Copy (ms): Min: 3.7, Avg: 5.1, Max: 5.9, Diff: 2.3, Sum: 41.1]
      [Termination (ms): Min: 0.0, Avg: 0.7, Max: 0.9, Diff: 0.9, Sum: 5.3]
         [Termination Attempts: Min: 1, Avg: 1.1, Max: 2, Diff: 1, Sum: 9]
      [GC Worker Other (ms): Min: 0.0, Avg: 0.0, Max: 0.0, Diff: 0.0, Sum: 0.1]
      [GC Worker Total (ms): Min: 4.7, Avg: 11.8, Max: 12.8, Diff: 8.1, Sum: 94.2]
      [GC Worker End (ms): Min: 8266.2, Avg: 8266.3, Max: 8266.3, Diff: 0.1]
   [Code Root Fixup: 0.0 ms]
   [Code Root Purge: 0.0 ms]
   [Clear CT: 0.2 ms]
   [Other: 1.0 ms]
      [Evacuation Failure: 0.4 ms]
      [Choose CSet: 0.0 ms]
      [Ref Proc: 0.1 ms]
      [Ref Enq: 0.0 ms]
      [Redirty Cards: 0.1 ms]
      [Humongous Register: 0.1 ms]
      [Humongous Reclaim: 0.1 ms]
      [Free CSet: 0.1 ms]
   [Eden: 289.0M(289.0M)->0.0B(13.0M) Survivors: 8192.0K->38.0M Heap: 864.7M(1024.0M)->723.7M(1024.0M)]
 [Times: user=0.07 sys=0.00, real=0.01 secs] 
2021-01-18T10:16:11.328-0800: 8.270: [GC pause (G1 Evacuation Pause) (mixed), 0.0105770 secs]
   [Parallel Time: 8.5 ms, GC Workers: 8]
      [GC Worker Start (ms): Min: 8270.3, Avg: 8270.4, Max: 8270.4, Diff: 0.1]
      [Ext Root Scanning (ms): Min: 0.1, Avg: 0.1, Max: 0.2, Diff: 0.1, Sum: 1.0]
      [Update RS (ms): Min: 0.4, Avg: 0.4, Max: 0.5, Diff: 0.1, Sum: 3.2]
         [Processed Buffers: Min: 3, Avg: 5.2, Max: 7, Diff: 4, Sum: 42]
      [Scan RS (ms): Min: 0.0, Avg: 0.1, Max: 0.4, Diff: 0.4, Sum: 0.8]
      [Code Root Scanning (ms): Min: 0.0, Avg: 0.0, Max: 0.0, Diff: 0.0, Sum: 0.0]
      [Object Copy (ms): Min: 6.2, Avg: 6.7, Max: 7.7, Diff: 1.5, Sum: 53.8]
      [Termination (ms): Min: 0.0, Avg: 1.0, Max: 1.3, Diff: 1.3, Sum: 7.6]
         [Termination Attempts: Min: 1, Avg: 1.0, Max: 1, Diff: 0, Sum: 8]
      [GC Worker Other (ms): Min: 0.0, Avg: 0.0, Max: 0.0, Diff: 0.0, Sum: 0.1]
      [GC Worker Total (ms): Min: 8.2, Avg: 8.3, Max: 8.4, Diff: 0.2, Sum: 66.6]
      [GC Worker End (ms): Min: 8278.6, Avg: 8278.7, Max: 8278.7, Diff: 0.1]
   [Code Root Fixup: 0.0 ms]
   [Code Root Purge: 0.0 ms]
   [Clear CT: 0.2 ms]
   [Other: 1.9 ms]
      [Choose CSet: 0.0 ms]
      [Ref Proc: 1.3 ms]
      [Ref Enq: 0.0 ms]
      [Redirty Cards: 0.1 ms]
      [Humongous Register: 0.1 ms]
      [Humongous Reclaim: 0.0 ms]
      [Free CSet: 0.1 ms]
   [Eden: 13.0M(13.0M)->0.0B(47.0M) Survivors: 38.0M->4096.0K Heap: 739.9M(1024.0M)->649.9M(1024.0M)]
 [Times: user=0.05 sys=0.00, real=0.01 secs] 
2021-01-18T10:16:11.349-0800: 8.291: [GC pause (G1 Evacuation Pause) (mixed), 0.0077623 secs]
   [Parallel Time: 6.0 ms, GC Workers: 8]
      [GC Worker Start (ms): Min: 8291.2, Avg: 8291.6, Max: 8293.9, Diff: 2.7]
      [Ext Root Scanning (ms): Min: 0.0, Avg: 0.1, Max: 0.3, Diff: 0.3, Sum: 1.1]
      [Update RS (ms): Min: 0.0, Avg: 2.1, Max: 3.2, Diff: 3.2, Sum: 16.7]
         [Processed Buffers: Min: 0, Avg: 16.8, Max: 26, Diff: 26, Sum: 134]
      [Scan RS (ms): Min: 0.0, Avg: 0.0, Max: 0.1, Diff: 0.1, Sum: 0.2]
      [Code Root Scanning (ms): Min: 0.0, Avg: 0.0, Max: 0.0, Diff: 0.0, Sum: 0.0]
      [Object Copy (ms): Min: 2.4, Avg: 2.6, Max: 2.7, Diff: 0.4, Sum: 20.9]
      [Termination (ms): Min: 0.0, Avg: 0.7, Max: 0.8, Diff: 0.8, Sum: 5.7]
         [Termination Attempts: Min: 1, Avg: 1.0, Max: 1, Diff: 0, Sum: 8]
      [GC Worker Other (ms): Min: 0.0, Avg: 0.0, Max: 0.1, Diff: 0.1, Sum: 0.2]
      [GC Worker Total (ms): Min: 3.3, Avg: 5.6, Max: 6.0, Diff: 2.7, Sum: 44.9]
      [GC Worker End (ms): Min: 8297.2, Avg: 8297.2, Max: 8297.2, Diff: 0.0]
   [Code Root Fixup: 0.0 ms]
   [Code Root Purge: 0.0 ms]
   [Clear CT: 0.1 ms]
   [Other: 1.6 ms]
      [Choose CSet: 0.0 ms]
      [Ref Proc: 1.1 ms]
      [Ref Enq: 0.0 ms]
      [Redirty Cards: 0.2 ms]
      [Humongous Register: 0.1 ms]
      [Humongous Reclaim: 0.1 ms]
      [Free CSet: 0.1 ms]
   [Eden: 47.0M(47.0M)->0.0B(161.0M) Survivors: 4096.0K->7168.0K Heap: 712.4M(1024.0M)->651.5M(1024.0M)]
 [Times: user=0.04 sys=0.00, real=0.01 secs] 
2021-01-18T10:16:11.357-0800: 8.300: [GC pause (G1 Humongous Allocation) (young) (initial-mark), 0.0036858 secs]
   [Parallel Time: 2.3 ms, GC Workers: 8]
      [GC Worker Start (ms): Min: 8299.8, Avg: 8299.9, Max: 8300.1, Diff: 0.2]
      [Ext Root Scanning (ms): Min: 0.0, Avg: 0.2, Max: 0.3, Diff: 0.3, Sum: 1.6]
      [Update RS (ms): Min: 0.0, Avg: 0.1, Max: 0.3, Diff: 0.3, Sum: 1.1]
         [Processed Buffers: Min: 0, Avg: 1.1, Max: 2, Diff: 2, Sum: 9]
      [Scan RS (ms): Min: 0.0, Avg: 0.0, Max: 0.0, Diff: 0.0, Sum: 0.0]
      [Code Root Scanning (ms): Min: 0.0, Avg: 0.0, Max: 0.0, Diff: 0.0, Sum: 0.0]
      [Object Copy (ms): Min: 0.5, Avg: 0.8, Max: 1.5, Diff: 1.1, Sum: 6.4]
      [Termination (ms): Min: 0.0, Avg: 0.8, Max: 1.1, Diff: 1.1, Sum: 6.0]
         [Termination Attempts: Min: 1, Avg: 1.0, Max: 1, Diff: 0, Sum: 8]
      [GC Worker Other (ms): Min: 0.0, Avg: 0.0, Max: 0.0, Diff: 0.0, Sum: 0.1]
      [GC Worker Total (ms): Min: 1.8, Avg: 1.9, Max: 2.1, Diff: 0.3, Sum: 15.3]
      [GC Worker End (ms): Min: 8301.7, Avg: 8301.8, Max: 8302.0, Diff: 0.4]
   [Code Root Fixup: 0.0 ms]
   [Code Root Purge: 0.0 ms]
   [Clear CT: 0.1 ms]
   [Other: 1.3 ms]
      [Choose CSet: 0.0 ms]
      [Ref Proc: 0.7 ms]
      [Ref Enq: 0.0 ms]
      [Redirty Cards: 0.1 ms]
      [Humongous Register: 0.2 ms]
      [Humongous Reclaim: 0.0 ms]
      [Free CSet: 0.0 ms]
   [Eden: 4096.0K(161.0M)->0.0B(149.0M) Survivors: 7168.0K->8192.0K Heap: 655.0M(1024.0M)->652.4M(1024.0M)]
 [Times: user=0.02 sys=0.00, real=0.01 secs] 
2021-01-18T10:16:11.361-0800: 8.303: [GC concurrent-root-region-scan-start]
2021-01-18T10:16:11.361-0800: 8.303: [GC concurrent-root-region-scan-end, 0.0000898 secs]
2021-01-18T10:16:11.361-0800: 8.303: [GC concurrent-mark-start]
2021-01-18T10:16:11.363-0800: 8.305: [GC concurrent-mark-end, 0.0015844 secs]
2021-01-18T10:16:11.363-0800: 8.305: [GC remark 2021-01-18T10:16:11.363-0800: 8.305: [Finalize Marking, 0.0002212 secs] 2021-01-18T10:16:11.363-0800: 8.305: [GC ref-proc, 0.0000511 secs] 2021-01-18T10:16:11.363-0800: 8.305: [Unloading, 0.0005465 secs], 0.0020073 secs]
 [Times: user=0.01 sys=0.00, real=0.00 secs] 
2021-01-18T10:16:11.365-0800: 8.307: [GC cleanup 668M->648M(1024M), 0.0010495 secs]
 [Times: user=0.01 sys=0.00, real=0.00 secs] 
2021-01-18T10:16:11.366-0800: 8.308: [GC concurrent-cleanup-start]
2021-01-18T10:16:11.366-0800: 8.308: [GC concurrent-cleanup-end, 0.0000267 secs]
2021-01-18T10:16:11.394-0800: 8.336: [GC pause (G1 Evacuation Pause) (young), 0.0113357 secs]
   [Parallel Time: 9.4 ms, GC Workers: 8]
      [GC Worker Start (ms): Min: 8336.2, Avg: 8336.3, Max: 8336.3, Diff: 0.1]
      [Ext Root Scanning (ms): Min: 0.1, Avg: 0.3, Max: 1.4, Diff: 1.3, Sum: 2.2]
      [Update RS (ms): Min: 2.5, Avg: 3.9, Max: 5.7, Diff: 3.2, Sum: 31.1]
         [Processed Buffers: Min: 17, Avg: 44.0, Max: 54, Diff: 37, Sum: 352]
      [Scan RS (ms): Min: 0.0, Avg: 0.0, Max: 0.1, Diff: 0.1, Sum: 0.2]
      [Code Root Scanning (ms): Min: 0.0, Avg: 0.0, Max: 0.0, Diff: 0.0, Sum: 0.0]
      [Object Copy (ms): Min: 2.5, Avg: 4.5, Max: 5.3, Diff: 2.9, Sum: 35.8]
      [Termination (ms): Min: 0.0, Avg: 0.6, Max: 1.0, Diff: 1.0, Sum: 5.0]
         [Termination Attempts: Min: 1, Avg: 1.0, Max: 1, Diff: 0, Sum: 8]
      [GC Worker Other (ms): Min: 0.0, Avg: 0.0, Max: 0.0, Diff: 0.0, Sum: 0.1]
      [GC Worker Total (ms): Min: 9.3, Avg: 9.3, Max: 9.4, Diff: 0.1, Sum: 74.4]
      [GC Worker End (ms): Min: 8345.5, Avg: 8345.6, Max: 8345.6, Diff: 0.0]
   [Code Root Fixup: 0.0 ms]
   [Code Root Purge: 0.0 ms]
   [Clear CT: 0.1 ms]
   [Other: 1.8 ms]
      [Choose CSet: 0.0 ms]
      [Ref Proc: 1.3 ms]
      [Ref Enq: 0.0 ms]
      [Redirty Cards: 0.1 ms]
      [Humongous Register: 0.1 ms]
      [Humongous Reclaim: 0.1 ms]
      [Free CSet: 0.1 ms]
   [Eden: 149.0M(149.0M)->0.0B(31.0M) Survivors: 8192.0K->20.0M Heap: 824.4M(1024.0M)->679.6M(1024.0M)]
 [Times: user=0.06 sys=0.01, real=0.01 secs] 
2021-01-18T10:16:11.412-0800: 8.354: [GC pause (G1 Evacuation Pause) (mixed), 0.0076437 secs]
   [Parallel Time: 5.6 ms, GC Workers: 8]
      [GC Worker Start (ms): Min: 8354.3, Avg: 8354.4, Max: 8354.4, Diff: 0.1]
      [Ext Root Scanning (ms): Min: 0.1, Avg: 0.1, Max: 0.2, Diff: 0.1, Sum: 1.0]
      [Update RS (ms): Min: 0.7, Avg: 0.8, Max: 0.8, Diff: 0.1, Sum: 6.1]
         [Processed Buffers: Min: 1, Avg: 8.1, Max: 10, Diff: 9, Sum: 65]
      [Scan RS (ms): Min: 0.0, Avg: 0.0, Max: 0.1, Diff: 0.1, Sum: 0.3]
      [Code Root Scanning (ms): Min: 0.0, Avg: 0.0, Max: 0.0, Diff: 0.0, Sum: 0.0]
      [Object Copy (ms): Min: 3.6, Avg: 3.8, Max: 4.4, Diff: 0.8, Sum: 30.5]
      [Termination (ms): Min: 0.0, Avg: 0.7, Max: 1.0, Diff: 1.0, Sum: 5.9]
         [Termination Attempts: Min: 1, Avg: 1.2, Max: 3, Diff: 2, Sum: 10]
      [GC Worker Other (ms): Min: 0.0, Avg: 0.0, Max: 0.0, Diff: 0.0, Sum: 0.1]
      [GC Worker Total (ms): Min: 5.4, Avg: 5.5, Max: 5.6, Diff: 0.2, Sum: 43.9]
      [GC Worker End (ms): Min: 8359.8, Avg: 8359.9, Max: 8359.9, Diff: 0.1]
   [Code Root Fixup: 0.0 ms]
   [Code Root Purge: 0.0 ms]
   [Clear CT: 0.2 ms]
   [Other: 1.8 ms]
      [Choose CSet: 0.0 ms]
      [Ref Proc: 1.2 ms]
      [Ref Enq: 0.0 ms]
      [Redirty Cards: 0.2 ms]
      [Humongous Register: 0.1 ms]
      [Humongous Reclaim: 0.0 ms]
      [Free CSet: 0.2 ms]
   [Eden: 31.0M(31.0M)->0.0B(44.0M) Survivors: 20.0M->7168.0K Heap: 717.7M(1024.0M)->596.1M(1024.0M)]
 [Times: user=0.03 sys=0.00, real=0.01 secs] 
2021-01-18T10:16:11.429-0800: 8.371: [GC pause (G1 Evacuation Pause) (mixed), 0.0085913 secs]
   [Parallel Time: 6.2 ms, GC Workers: 8]
      [GC Worker Start (ms): Min: 8371.6, Avg: 8372.2, Max: 8376.7, Diff: 5.1]
      [Ext Root Scanning (ms): Min: 0.0, Avg: 0.1, Max: 0.3, Diff: 0.3, Sum: 1.2]
      [Update RS (ms): Min: 0.0, Avg: 1.1, Max: 4.8, Diff: 4.8, Sum: 8.8]
         [Processed Buffers: Min: 0, Avg: 6.2, Max: 9, Diff: 9, Sum: 50]
      [Scan RS (ms): Min: 0.0, Avg: 0.0, Max: 0.1, Diff: 0.1, Sum: 0.4]
      [Code Root Scanning (ms): Min: 0.0, Avg: 0.0, Max: 0.0, Diff: 0.0, Sum: 0.0]
      [Object Copy (ms): Min: 0.0, Avg: 3.2, Max: 5.0, Diff: 5.0, Sum: 25.3]
      [Termination (ms): Min: 0.0, Avg: 0.9, Max: 1.2, Diff: 1.2, Sum: 7.2]
         [Termination Attempts: Min: 1, Avg: 1.1, Max: 2, Diff: 1, Sum: 9]
      [GC Worker Other (ms): Min: 0.0, Avg: 0.0, Max: 0.0, Diff: 0.0, Sum: 0.1]
      [GC Worker Total (ms): Min: 0.8, Avg: 5.4, Max: 6.2, Diff: 5.3, Sum: 43.0]
      [GC Worker End (ms): Min: 8377.5, Avg: 8377.6, Max: 8377.7, Diff: 0.2]
   [Code Root Fixup: 0.0 ms]
   [Code Root Purge: 0.0 ms]
   [Clear CT: 0.2 ms]
   [Other: 2.2 ms]
      [Choose CSet: 0.0 ms]
      [Ref Proc: 1.6 ms]
      [Ref Enq: 0.0 ms]
      [Redirty Cards: 0.1 ms]
      [Humongous Register: 0.1 ms]
      [Humongous Reclaim: 0.0 ms]
      [Free CSet: 0.1 ms]
   [Eden: 44.0M(44.0M)->0.0B(44.0M) Survivors: 7168.0K->7168.0K Heap: 645.2M(1024.0M)->524.3M(1024.0M)]
 [Times: user=0.04 sys=0.00, real=0.01 secs] 
2021-01-18T10:16:11.446-0800: 8.388: [GC pause (G1 Evacuation Pause) (mixed), 0.0105935 secs]
   [Parallel Time: 8.4 ms, GC Workers: 8]
      [GC Worker Start (ms): Min: 8388.3, Avg: 8388.6, Max: 8390.4, Diff: 2.0]
      [Ext Root Scanning (ms): Min: 0.0, Avg: 0.1, Max: 0.2, Diff: 0.2, Sum: 0.9]
      [Update RS (ms): Min: 0.0, Avg: 1.5, Max: 1.8, Diff: 1.8, Sum: 12.0]
         [Processed Buffers: Min: 0, Avg: 13.2, Max: 22, Diff: 22, Sum: 106]
      [Scan RS (ms): Min: 0.0, Avg: 0.1, Max: 0.2, Diff: 0.2, Sum: 0.5]
      [Code Root Scanning (ms): Min: 0.0, Avg: 0.0, Max: 0.0, Diff: 0.0, Sum: 0.0]
      [Object Copy (ms): Min: 5.2, Avg: 5.5, Max: 6.1, Diff: 0.8, Sum: 43.9]
      [Termination (ms): Min: 0.0, Avg: 0.7, Max: 1.0, Diff: 1.0, Sum: 5.5]
         [Termination Attempts: Min: 1, Avg: 1.2, Max: 2, Diff: 1, Sum: 10]
      [GC Worker Other (ms): Min: 0.0, Avg: 0.0, Max: 0.0, Diff: 0.0, Sum: 0.1]
      [GC Worker Total (ms): Min: 6.3, Avg: 7.9, Max: 8.3, Diff: 2.0, Sum: 62.9]
      [GC Worker End (ms): Min: 8396.4, Avg: 8396.5, Max: 8396.6, Diff: 0.3]
   [Code Root Fixup: 0.0 ms]
   [Code Root Purge: 0.0 ms]
   [Clear CT: 0.2 ms]
   [Other: 2.0 ms]
      [Choose CSet: 0.0 ms]
      [Ref Proc: 1.3 ms]
      [Ref Enq: 0.0 ms]
      [Redirty Cards: 0.2 ms]
      [Humongous Register: 0.2 ms]
      [Humongous Reclaim: 0.0 ms]
      [Free CSet: 0.1 ms]
   [Eden: 44.0M(44.0M)->0.0B(255.0M) Survivors: 7168.0K->7168.0K Heap: 580.6M(1024.0M)->496.9M(1024.0M)]
 [Times: user=0.04 sys=0.00, real=0.01 secs] 
2021-01-18T10:16:11.459-0800: 8.401: [GC pause (G1 Humongous Allocation) (young) (initial-mark), 0.0042128 secs]
   [Parallel Time: 2.5 ms, GC Workers: 8]
      [GC Worker Start (ms): Min: 8401.1, Avg: 8401.2, Max: 8401.2, Diff: 0.1]
      [Ext Root Scanning (ms): Min: 0.1, Avg: 0.2, Max: 0.4, Diff: 0.3, Sum: 1.4]
      [Update RS (ms): Min: 0.0, Avg: 0.1, Max: 0.3, Diff: 0.3, Sum: 1.2]
         [Processed Buffers: Min: 0, Avg: 1.1, Max: 2, Diff: 2, Sum: 9]
      [Scan RS (ms): Min: 0.0, Avg: 0.0, Max: 0.0, Diff: 0.0, Sum: 0.0]
      [Code Root Scanning (ms): Min: 0.0, Avg: 0.0, Max: 0.0, Diff: 0.0, Sum: 0.0]
      [Object Copy (ms): Min: 0.5, Avg: 0.9, Max: 1.6, Diff: 1.1, Sum: 7.0]
      [Termination (ms): Min: 0.0, Avg: 1.0, Max: 1.3, Diff: 1.3, Sum: 8.1]
         [Termination Attempts: Min: 1, Avg: 1.0, Max: 1, Diff: 0, Sum: 8]
      [GC Worker Other (ms): Min: 0.0, Avg: 0.0, Max: 0.0, Diff: 0.0, Sum: 0.1]
      [GC Worker Total (ms): Min: 2.0, Avg: 2.2, Max: 2.4, Diff: 0.4, Sum: 17.8]
      [GC Worker End (ms): Min: 8403.3, Avg: 8403.4, Max: 8403.6, Diff: 0.3]
   [Code Root Fixup: 0.0 ms]
   [Code Root Purge: 0.0 ms]
   [Clear CT: 0.2 ms]
   [Other: 1.4 ms]
      [Choose CSet: 0.0 ms]
      [Ref Proc: 0.9 ms]
      [Ref Enq: 0.0 ms]
      [Redirty Cards: 0.2 ms]
      [Humongous Register: 0.1 ms]
      [Humongous Reclaim: 0.1 ms]
      [Free CSet: 0.0 ms]
   [Eden: 10.0M(255.0M)->0.0B(269.0M) Survivors: 7168.0K->10.0M Heap: 506.9M(1024.0M)->498.4M(1024.0M)]
 [Times: user=0.02 sys=0.00, real=0.01 secs] 
2021-01-18T10:16:11.463-0800: 8.405: [GC concurrent-root-region-scan-start]
2021-01-18T10:16:11.463-0800: 8.405: [GC concurrent-root-region-scan-end, 0.0001333 secs]
2021-01-18T10:16:11.463-0800: 8.405: [GC concurrent-mark-start]
2021-01-18T10:16:11.465-0800: 8.407: [GC concurrent-mark-end, 0.0017368 secs]
2021-01-18T10:16:11.466-0800: 8.408: [GC remark 2021-01-18T10:16:11.466-0800: 8.408: [Finalize Marking, 0.0011752 secs] 2021-01-18T10:16:11.467-0800: 8.409: [GC ref-proc, 0.0001091 secs] 2021-01-18T10:16:11.467-0800: 8.409: [Unloading, 0.0006255 secs], 0.0031313 secs]
 [Times: user=0.02 sys=0.01, real=0.00 secs] 
2021-01-18T10:16:11.469-0800: 8.411: [GC cleanup 506M->504M(1024M), 0.0011795 secs]
 [Times: user=0.00 sys=0.00, real=0.01 secs] 
2021-01-18T10:16:11.470-0800: 8.412: [GC concurrent-cleanup-start]
2021-01-18T10:16:11.470-0800: 8.412: [GC concurrent-cleanup-end, 0.0000141 secs]
2021-01-18T10:16:11.524-0800: 8.466: [GC pause (G1 Evacuation Pause) (young), 0.0167819 secs]
   [Parallel Time: 15.7 ms, GC Workers: 8]
      [GC Worker Start (ms): Min: 8466.4, Avg: 8467.1, Max: 8471.9, Diff: 5.6]
      [Ext Root Scanning (ms): Min: 0.0, Avg: 0.1, Max: 0.2, Diff: 0.2, Sum: 0.9]
      [Update RS (ms): Min: 0.7, Avg: 5.5, Max: 6.2, Diff: 5.4, Sum: 43.6]
         [Processed Buffers: Min: 11, Avg: 67.5, Max: 87, Diff: 76, Sum: 540]
      [Scan RS (ms): Min: 0.0, Avg: 0.0, Max: 0.1, Diff: 0.0, Sum: 0.2]
      [Code Root Scanning (ms): Min: 0.0, Avg: 0.0, Max: 0.0, Diff: 0.0, Sum: 0.0]
      [Object Copy (ms): Min: 7.8, Avg: 8.2, Max: 9.0, Diff: 1.2, Sum: 65.2]
      [Termination (ms): Min: 0.0, Avg: 1.0, Max: 1.4, Diff: 1.4, Sum: 8.1]
         [Termination Attempts: Min: 1, Avg: 1.0, Max: 1, Diff: 0, Sum: 8]
      [GC Worker Other (ms): Min: 0.0, Avg: 0.0, Max: 0.0, Diff: 0.0, Sum: 0.1]
      [GC Worker Total (ms): Min: 10.1, Avg: 14.8, Max: 15.5, Diff: 5.5, Sum: 118.2]
      [GC Worker End (ms): Min: 8481.7, Avg: 8481.9, Max: 8482.0, Diff: 0.3]
   [Code Root Fixup: 0.0 ms]
   [Code Root Purge: 0.0 ms]
   [Clear CT: 0.2 ms]
   [Other: 0.9 ms]
      [Choose CSet: 0.0 ms]
      [Ref Proc: 0.2 ms]
      [Ref Enq: 0.0 ms]
      [Redirty Cards: 0.1 ms]
      [Humongous Register: 0.2 ms]
      [Humongous Reclaim: 0.1 ms]
      [Free CSet: 0.1 ms]
   [Eden: 269.0M(269.0M)->0.0B(16.0M) Survivors: 10.0M->35.0M Heap: 831.8M(1024.0M)->561.5M(1024.0M)]
 [Times: user=0.08 sys=0.00, real=0.02 secs] 
2021-01-18T10:16:11.543-0800: 8.486: [GC pause (G1 Evacuation Pause) (mixed), 0.0119165 secs]
   [Parallel Time: 9.6 ms, GC Workers: 8]
      [GC Worker Start (ms): Min: 8485.9, Avg: 8486.3, Max: 8488.0, Diff: 2.1]
      [Ext Root Scanning (ms): Min: 0.0, Avg: 0.1, Max: 0.3, Diff: 0.3, Sum: 1.1]
      [Update RS (ms): Min: 0.0, Avg: 0.5, Max: 0.6, Diff: 0.6, Sum: 3.7]
         [Processed Buffers: Min: 0, Avg: 5.1, Max: 8, Diff: 8, Sum: 41]
      [Scan RS (ms): Min: 0.0, Avg: 0.1, Max: 0.1, Diff: 0.0, Sum: 0.5]
      [Code Root Scanning (ms): Min: 0.0, Avg: 0.0, Max: 0.0, Diff: 0.0, Sum: 0.0]
      [Object Copy (ms): Min: 6.0, Avg: 7.4, Max: 8.4, Diff: 2.4, Sum: 59.3]
      [Termination (ms): Min: 0.0, Avg: 0.9, Max: 1.4, Diff: 1.4, Sum: 7.5]
         [Termination Attempts: Min: 1, Avg: 1.0, Max: 1, Diff: 0, Sum: 8]
      [GC Worker Other (ms): Min: 0.0, Avg: 0.0, Max: 0.0, Diff: 0.0, Sum: 0.1]
      [GC Worker Total (ms): Min: 7.3, Avg: 9.0, Max: 9.4, Diff: 2.1, Sum: 72.3]
      [GC Worker End (ms): Min: 8495.2, Avg: 8495.3, Max: 8495.4, Diff: 0.2]
   [Code Root Fixup: 0.0 ms]
   [Code Root Purge: 0.0 ms]
   [Clear CT: 0.2 ms]
   [Other: 2.1 ms]
      [Choose CSet: 0.1 ms]
      [Ref Proc: 1.4 ms]
      [Ref Enq: 0.0 ms]
      [Redirty Cards: 0.2 ms]
      [Humongous Register: 0.2 ms]
      [Humongous Reclaim: 0.0 ms]
      [Free CSet: 0.1 ms]
   [Eden: 16.0M(16.0M)->0.0B(46.0M) Survivors: 35.0M->5120.0K Heap: 581.4M(1024.0M)->500.6M(1024.0M)]
 [Times: user=0.05 sys=0.00, real=0.01 secs] 
2021-01-18T10:16:11.567-0800: 8.509: [GC pause (G1 Evacuation Pause) (mixed), 0.0052934 secs]
   [Parallel Time: 4.5 ms, GC Workers: 8]
      [GC Worker Start (ms): Min: 8509.5, Avg: 8509.6, Max: 8509.7, Diff: 0.1]
      [Ext Root Scanning (ms): Min: 0.1, Avg: 0.1, Max: 0.2, Diff: 0.1, Sum: 1.1]
      [Update RS (ms): Min: 1.6, Avg: 2.1, Max: 3.3, Diff: 1.7, Sum: 16.7]
         [Processed Buffers: Min: 1, Avg: 14.0, Max: 19, Diff: 18, Sum: 112]
      [Scan RS (ms): Min: 0.0, Avg: 0.0, Max: 0.1, Diff: 0.1, Sum: 0.2]
      [Code Root Scanning (ms): Min: 0.0, Avg: 0.0, Max: 0.1, Diff: 0.1, Sum: 0.1]
      [Object Copy (ms): Min: 0.0, Avg: 1.3, Max: 2.1, Diff: 2.1, Sum: 10.1]
      [Termination (ms): Min: 0.0, Avg: 0.7, Max: 0.8, Diff: 0.8, Sum: 5.7]
         [Termination Attempts: Min: 1, Avg: 1.0, Max: 1, Diff: 0, Sum: 8]
      [GC Worker Other (ms): Min: 0.0, Avg: 0.0, Max: 0.0, Diff: 0.0, Sum: 0.1]
      [GC Worker Total (ms): Min: 4.2, Avg: 4.3, Max: 4.4, Diff: 0.2, Sum: 34.0]
      [GC Worker End (ms): Min: 8513.8, Avg: 8513.9, Max: 8514.0, Diff: 0.2]
   [Code Root Fixup: 0.0 ms]
   [Code Root Purge: 0.0 ms]
   [Clear CT: 0.1 ms]
   [Other: 0.6 ms]
      [Choose CSet: 0.0 ms]
      [Ref Proc: 0.2 ms]
      [Ref Enq: 0.0 ms]
      [Redirty Cards: 0.1 ms]
      [Humongous Register: 0.1 ms]
      [Humongous Reclaim: 0.1 ms]
      [Free CSet: 0.0 ms]
   [Eden: 46.0M(46.0M)->0.0B(261.0M) Survivors: 5120.0K->7168.0K Heap: 559.4M(1024.0M)->513.2M(1024.0M)]
 [Times: user=0.03 sys=0.00, real=0.01 secs] 
2021-01-18T10:16:11.575-0800: 8.517: [GC pause (G1 Humongous Allocation) (young) (initial-mark), 0.0040231 secs]
   [Parallel Time: 2.2 ms, GC Workers: 8]
      [GC Worker Start (ms): Min: 8517.3, Avg: 8517.3, Max: 8517.4, Diff: 0.1]
      [Ext Root Scanning (ms): Min: 0.1, Avg: 0.2, Max: 0.3, Diff: 0.2, Sum: 1.4]
      [Update RS (ms): Min: 0.0, Avg: 0.3, Max: 1.8, Diff: 1.8, Sum: 2.5]
         [Processed Buffers: Min: 0, Avg: 0.9, Max: 1, Diff: 1, Sum: 7]
      [Scan RS (ms): Min: 0.0, Avg: 0.0, Max: 0.0, Diff: 0.0, Sum: 0.0]
      [Code Root Scanning (ms): Min: 0.0, Avg: 0.0, Max: 0.0, Diff: 0.0, Sum: 0.0]
      [Object Copy (ms): Min: 0.0, Avg: 0.8, Max: 1.1, Diff: 1.1, Sum: 6.5]
      [Termination (ms): Min: 0.0, Avg: 0.7, Max: 0.9, Diff: 0.9, Sum: 5.9]
         [Termination Attempts: Min: 1, Avg: 1.0, Max: 1, Diff: 0, Sum: 8]
      [GC Worker Other (ms): Min: 0.0, Avg: 0.0, Max: 0.0, Diff: 0.0, Sum: 0.1]
      [GC Worker Total (ms): Min: 2.0, Avg: 2.0, Max: 2.2, Diff: 0.2, Sum: 16.4]
      [GC Worker End (ms): Min: 8519.3, Avg: 8519.4, Max: 8519.4, Diff: 0.1]
   [Code Root Fixup: 0.0 ms]
   [Code Root Purge: 0.0 ms]
   [Clear CT: 0.2 ms]
   [Other: 1.6 ms]
      [Choose CSet: 0.0 ms]
      [Ref Proc: 1.2 ms]
      [Ref Enq: 0.0 ms]
      [Redirty Cards: 0.1 ms]
      [Humongous Register: 0.1 ms]
      [Humongous Reclaim: 0.0 ms]
      [Free CSet: 0.0 ms]
   [Eden: 15.0M(261.0M)->0.0B(263.0M) Survivors: 7168.0K->12.0M Heap: 527.7M(1024.0M)->516.0M(1024.0M)]
 [Times: user=0.02 sys=0.01, real=0.00 secs] 
2021-01-18T10:16:11.579-0800: 8.521: [GC concurrent-root-region-scan-start]
2021-01-18T10:16:11.579-0800: 8.521: [GC concurrent-root-region-scan-end, 0.0001498 secs]
2021-01-18T10:16:11.579-0800: 8.521: [GC concurrent-mark-start]
2021-01-18T10:16:11.581-0800: 8.523: [GC concurrent-mark-end, 0.0013463 secs]
2021-01-18T10:16:11.581-0800: 8.523: [GC remark 2021-01-18T10:16:11.581-0800: 8.523: [Finalize Marking, 0.0002381 secs] 2021-01-18T10:16:11.581-0800: 8.523: [GC ref-proc, 0.0000516 secs] 2021-01-18T10:16:11.581-0800: 8.523: [Unloading, 0.0004622 secs], 0.0020805 secs]
 [Times: user=0.01 sys=0.00, real=0.00 secs] 
2021-01-18T10:16:11.583-0800: 8.525: [GC cleanup 527M->522M(1024M), 0.0010349 secs]
 [Times: user=0.00 sys=0.00, real=0.00 secs] 
2021-01-18T10:16:11.584-0800: 8.526: [GC concurrent-cleanup-start]
2021-01-18T10:16:11.584-0800: 8.526: [GC concurrent-cleanup-end, 0.0000158 secs]
2021-01-18T10:16:11.631-0800: 8.573: [GC pause (G1 Evacuation Pause) (young) (to-space exhausted), 0.0179483 secs]
   [Parallel Time: 15.9 ms, GC Workers: 8]
      [GC Worker Start (ms): Min: 8572.9, Avg: 8574.4, Max: 8584.1, Diff: 11.1]
      [Ext Root Scanning (ms): Min: 0.0, Avg: 1.3, Max: 9.6, Diff: 9.6, Sum: 10.3]
      [Update RS (ms): Min: 0.0, Avg: 6.0, Max: 8.1, Diff: 8.1, Sum: 48.3]
         [Processed Buffers: Min: 0, Avg: 74.2, Max: 120, Diff: 120, Sum: 594]
      [Scan RS (ms): Min: 0.0, Avg: 0.0, Max: 0.1, Diff: 0.1, Sum: 0.4]
      [Code Root Scanning (ms): Min: 0.0, Avg: 0.0, Max: 0.0, Diff: 0.0, Sum: 0.0]
      [Object Copy (ms): Min: 3.7, Avg: 6.3, Max: 7.4, Diff: 3.7, Sum: 50.0]
      [Termination (ms): Min: 0.0, Avg: 0.7, Max: 0.9, Diff: 0.9, Sum: 5.3]
         [Termination Attempts: Min: 1, Avg: 1.0, Max: 1, Diff: 0, Sum: 8]
      [GC Worker Other (ms): Min: 0.0, Avg: 0.0, Max: 0.0, Diff: 0.0, Sum: 0.1]
      [GC Worker Total (ms): Min: 4.5, Avg: 14.3, Max: 15.9, Diff: 11.3, Sum: 114.6]
      [GC Worker End (ms): Min: 8588.6, Avg: 8588.7, Max: 8588.8, Diff: 0.2]
   [Code Root Fixup: 0.0 ms]
   [Code Root Purge: 0.0 ms]
   [Clear CT: 0.1 ms]
   [Other: 1.9 ms]
      [Evacuation Failure: 0.3 ms]
      [Choose CSet: 0.0 ms]
      [Ref Proc: 1.0 ms]
      [Ref Enq: 0.0 ms]
      [Redirty Cards: 0.1 ms]
      [Humongous Register: 0.1 ms]
      [Humongous Reclaim: 0.1 ms]
      [Free CSet: 0.1 ms]
   [Eden: 263.0M(263.0M)->0.0B(16.0M) Survivors: 12.0M->35.0M Heap: 847.2M(1024.0M)->636.1M(1024.0M)]
 [Times: user=0.08 sys=0.00, real=0.01 secs] 
2021-01-18T10:16:11.652-0800: 8.594: [GC pause (G1 Evacuation Pause) (mixed), 0.0085125 secs]
   [Parallel Time: 7.6 ms, GC Workers: 8]
      [GC Worker Start (ms): Min: 8594.0, Avg: 8594.1, Max: 8594.1, Diff: 0.1]
      [Ext Root Scanning (ms): Min: 0.1, Avg: 0.1, Max: 0.2, Diff: 0.1, Sum: 0.9]
      [Update RS (ms): Min: 0.3, Avg: 0.3, Max: 0.4, Diff: 0.1, Sum: 2.4]
         [Processed Buffers: Min: 0, Avg: 3.9, Max: 6, Diff: 6, Sum: 31]
      [Scan RS (ms): Min: 0.0, Avg: 0.1, Max: 0.1, Diff: 0.1, Sum: 0.5]
      [Code Root Scanning (ms): Min: 0.0, Avg: 0.0, Max: 0.0, Diff: 0.0, Sum: 0.0]
      [Object Copy (ms): Min: 6.0, Avg: 6.1, Max: 6.9, Diff: 0.9, Sum: 49.0]
      [Termination (ms): Min: 0.0, Avg: 0.8, Max: 0.9, Diff: 0.9, Sum: 6.0]
         [Termination Attempts: Min: 1, Avg: 1.0, Max: 1, Diff: 0, Sum: 8]
      [GC Worker Other (ms): Min: 0.0, Avg: 0.0, Max: 0.0, Diff: 0.0, Sum: 0.1]
      [GC Worker Total (ms): Min: 7.3, Avg: 7.4, Max: 7.5, Diff: 0.2, Sum: 58.9]
      [GC Worker End (ms): Min: 8601.4, Avg: 8601.4, Max: 8601.5, Diff: 0.0]
   [Code Root Fixup: 0.0 ms]
   [Code Root Purge: 0.0 ms]
   [Clear CT: 0.1 ms]
   [Other: 0.8 ms]
      [Choose CSet: 0.0 ms]
      [Ref Proc: 0.2 ms]
      [Ref Enq: 0.0 ms]
      [Redirty Cards: 0.2 ms]
      [Humongous Register: 0.1 ms]
      [Humongous Reclaim: 0.0 ms]
      [Free CSet: 0.1 ms]
   [Eden: 16.0M(16.0M)->0.0B(46.0M) Survivors: 35.0M->5120.0K Heap: 654.0M(1024.0M)->563.8M(1024.0M)]
 [Times: user=0.05 sys=0.00, real=0.01 secs] 
2021-01-18T10:16:11.671-0800: 8.613: [GC pause (G1 Evacuation Pause) (mixed), 0.0080984 secs]
   [Parallel Time: 7.1 ms, GC Workers: 8]
      [GC Worker Start (ms): Min: 8613.7, Avg: 8614.8, Max: 8617.5, Diff: 3.8]
      [Ext Root Scanning (ms): Min: 0.0, Avg: 0.1, Max: 0.2, Diff: 0.2, Sum: 0.8]
      [Update RS (ms): Min: 0.0, Avg: 1.9, Max: 3.2, Diff: 3.2, Sum: 15.4]
         [Processed Buffers: Min: 0, Avg: 13.4, Max: 26, Diff: 26, Sum: 107]
      [Scan RS (ms): Min: 0.0, Avg: 0.1, Max: 0.2, Diff: 0.2, Sum: 0.5]
      [Code Root Scanning (ms): Min: 0.0, Avg: 0.0, Max: 0.0, Diff: 0.0, Sum: 0.0]
      [Object Copy (ms): Min: 2.3, Avg: 3.0, Max: 4.0, Diff: 1.7, Sum: 24.1]
      [Termination (ms): Min: 0.0, Avg: 0.7, Max: 0.8, Diff: 0.8, Sum: 5.7]
         [Termination Attempts: Min: 1, Avg: 1.0, Max: 1, Diff: 0, Sum: 8]
      [GC Worker Other (ms): Min: 0.0, Avg: 0.0, Max: 0.1, Diff: 0.0, Sum: 0.2]
      [GC Worker Total (ms): Min: 3.2, Avg: 5.8, Max: 7.0, Diff: 3.8, Sum: 46.8]
      [GC Worker End (ms): Min: 8620.7, Avg: 8620.7, Max: 8620.7, Diff: 0.0]
   [Code Root Fixup: 0.0 ms]
   [Code Root Purge: 0.0 ms]
   [Clear CT: 0.1 ms]
   [Other: 0.9 ms]
      [Choose CSet: 0.0 ms]
      [Ref Proc: 0.2 ms]
      [Ref Enq: 0.0 ms]
      [Redirty Cards: 0.1 ms]
      [Humongous Register: 0.2 ms]
      [Humongous Reclaim: 0.1 ms]
      [Free CSet: 0.1 ms]
   [Eden: 46.0M(46.0M)->0.0B(225.0M) Survivors: 5120.0K->7168.0K Heap: 622.0M(1024.0M)->562.9M(1024.0M)]
 [Times: user=0.04 sys=0.00, real=0.01 secs] 
2021-01-18T10:16:11.680-0800: 8.622: [GC pause (G1 Humongous Allocation) (young) (initial-mark), 0.0034762 secs]
   [Parallel Time: 1.9 ms, GC Workers: 8]
      [GC Worker Start (ms): Min: 8622.0, Avg: 8622.0, Max: 8622.1, Diff: 0.1]
      [Ext Root Scanning (ms): Min: 0.1, Avg: 0.3, Max: 1.5, Diff: 1.4, Sum: 2.5]
      [Update RS (ms): Min: 0.0, Avg: 0.1, Max: 0.1, Diff: 0.1, Sum: 0.7]
         [Processed Buffers: Min: 0, Avg: 1.1, Max: 2, Diff: 2, Sum: 9]
      [Scan RS (ms): Min: 0.0, Avg: 0.0, Max: 0.0, Diff: 0.0, Sum: 0.0]
      [Code Root Scanning (ms): Min: 0.0, Avg: 0.0, Max: 0.0, Diff: 0.0, Sum: 0.0]
      [Object Copy (ms): Min: 0.0, Avg: 0.5, Max: 1.3, Diff: 1.3, Sum: 4.2]
      [Termination (ms): Min: 0.0, Avg: 0.7, Max: 1.0, Diff: 1.0, Sum: 5.3]
         [Termination Attempts: Min: 1, Avg: 1.0, Max: 1, Diff: 0, Sum: 8]
      [GC Worker Other (ms): Min: 0.0, Avg: 0.0, Max: 0.0, Diff: 0.0, Sum: 0.1]
      [GC Worker Total (ms): Min: 1.5, Avg: 1.6, Max: 1.8, Diff: 0.3, Sum: 12.8]
      [GC Worker End (ms): Min: 8623.6, Avg: 8623.6, Max: 8623.8, Diff: 0.2]
   [Code Root Fixup: 0.0 ms]
   [Code Root Purge: 0.0 ms]
   [Clear CT: 0.1 ms]
   [Other: 1.5 ms]
      [Choose CSet: 0.0 ms]
      [Ref Proc: 1.0 ms]
      [Ref Enq: 0.0 ms]
      [Redirty Cards: 0.1 ms]
      [Humongous Register: 0.1 ms]
      [Humongous Reclaim: 0.1 ms]
      [Free CSet: 0.0 ms]
   [Eden: 1024.0K(225.0M)->0.0B(226.0M) Survivors: 7168.0K->7168.0K Heap: 563.9M(1024.0M)->562.7M(1024.0M)]
 [Times: user=0.01 sys=0.00, real=0.00 secs] 
2021-01-18T10:16:11.683-0800: 8.625: [GC concurrent-root-region-scan-start]
2021-01-18T10:16:11.683-0800: 8.626: [GC concurrent-root-region-scan-end, 0.0001362 secs]
2021-01-18T10:16:11.683-0800: 8.626: [GC concurrent-mark-start]
2021-01-18T10:16:11.685-0800: 8.628: [GC concurrent-mark-end, 0.0019854 secs]
2021-01-18T10:16:11.686-0800: 8.628: [GC remark 2021-01-18T10:16:11.686-0800: 8.628: [Finalize Marking, 0.0002348 secs] 2021-01-18T10:16:11.686-0800: 8.628: [GC ref-proc, 0.0000536 secs] 2021-01-18T10:16:11.686-0800: 8.628: [Unloading, 0.0004735 secs], 0.0019412 secs]
 [Times: user=0.01 sys=0.00, real=0.00 secs] 
2021-01-18T10:16:11.688-0800: 8.630: [GC cleanup 575M->569M(1024M), 0.0012793 secs]
 [Times: user=0.00 sys=0.00, real=0.00 secs] 
2021-01-18T10:16:11.689-0800: 8.631: [GC concurrent-cleanup-start]
2021-01-18T10:16:11.689-0800: 8.631: [GC concurrent-cleanup-end, 0.0000172 secs]
2021-01-18T10:16:11.733-0800: 8.675: [GC pause (G1 Evacuation Pause) (young), 0.0157492 secs]
   [Parallel Time: 13.9 ms, GC Workers: 8]
      [GC Worker Start (ms): Min: 8675.2, Avg: 8676.1, Max: 8681.3, Diff: 6.0]
      [Ext Root Scanning (ms): Min: 0.0, Avg: 0.7, Max: 4.2, Diff: 4.2, Sum: 5.7]
      [Update RS (ms): Min: 0.0, Avg: 4.4, Max: 5.7, Diff: 5.7, Sum: 35.4]
         [Processed Buffers: Min: 0, Avg: 55.5, Max: 78, Diff: 78, Sum: 444]
      [Scan RS (ms): Min: 0.0, Avg: 0.0, Max: 0.0, Diff: 0.0, Sum: 0.2]
      [Code Root Scanning (ms): Min: 0.0, Avg: 0.0, Max: 0.0, Diff: 0.0, Sum: 0.0]
      [Object Copy (ms): Min: 6.6, Avg: 7.0, Max: 7.8, Diff: 1.1, Sum: 56.4]
      [Termination (ms): Min: 0.0, Avg: 0.8, Max: 1.2, Diff: 1.2, Sum: 6.3]
         [Termination Attempts: Min: 1, Avg: 1.2, Max: 2, Diff: 1, Sum: 10]
      [GC Worker Other (ms): Min: 0.0, Avg: 0.0, Max: 0.0, Diff: 0.0, Sum: 0.1]
      [GC Worker Total (ms): Min: 7.9, Avg: 13.0, Max: 13.8, Diff: 6.0, Sum: 104.2]
      [GC Worker End (ms): Min: 8689.0, Avg: 8689.1, Max: 8689.1, Diff: 0.1]
   [Code Root Fixup: 0.0 ms]
   [Code Root Purge: 0.0 ms]
   [Clear CT: 0.2 ms]
   [Other: 1.7 ms]
      [Choose CSet: 0.0 ms]
      [Ref Proc: 1.1 ms]
      [Ref Enq: 0.0 ms]
      [Redirty Cards: 0.1 ms]
      [Humongous Register: 0.1 ms]
      [Humongous Reclaim: 0.1 ms]
      [Free CSet: 0.1 ms]
   [Eden: 226.0M(226.0M)->0.0B(21.0M) Survivors: 7168.0K->30.0M Heap: 837.1M(1024.0M)->616.7M(1024.0M)]
 [Times: user=0.07 sys=0.00, real=0.01 secs] 
2021-01-18T10:16:11.753-0800: 8.695: [GC pause (G1 Evacuation Pause) (mixed), 0.0106868 secs]
   [Parallel Time: 7.6 ms, GC Workers: 8]
      [GC Worker Start (ms): Min: 8695.2, Avg: 8695.3, Max: 8695.4, Diff: 0.2]
      [Ext Root Scanning (ms): Min: 0.0, Avg: 0.1, Max: 0.2, Diff: 0.2, Sum: 1.0]
      [Update RS (ms): Min: 0.7, Avg: 0.8, Max: 0.9, Diff: 0.1, Sum: 6.3]
         [Processed Buffers: Min: 0, Avg: 6.8, Max: 10, Diff: 10, Sum: 54]
      [Scan RS (ms): Min: 0.0, Avg: 0.0, Max: 0.1, Diff: 0.1, Sum: 0.3]
      [Code Root Scanning (ms): Min: 0.0, Avg: 0.0, Max: 0.0, Diff: 0.0, Sum: 0.0]
      [Object Copy (ms): Min: 5.3, Avg: 5.7, Max: 6.2, Diff: 0.9, Sum: 45.7]
      [Termination (ms): Min: 0.0, Avg: 0.6, Max: 1.2, Diff: 1.2, Sum: 5.0]
         [Termination Attempts: Min: 1, Avg: 1.0, Max: 1, Diff: 0, Sum: 8]
      [GC Worker Other (ms): Min: 0.0, Avg: 0.0, Max: 0.0, Diff: 0.0, Sum: 0.1]
      [GC Worker Total (ms): Min: 7.0, Avg: 7.3, Max: 7.5, Diff: 0.5, Sum: 58.4]
      [GC Worker End (ms): Min: 8702.4, Avg: 8702.6, Max: 8702.7, Diff: 0.3]
   [Code Root Fixup: 0.0 ms]
   [Code Root Purge: 0.0 ms]
   [Clear CT: 0.3 ms]
   [Other: 2.8 ms]
      [Choose CSet: 0.1 ms]
      [Ref Proc: 1.9 ms]
      [Ref Enq: 0.0 ms]
      [Redirty Cards: 0.3 ms]
      [Humongous Register: 0.1 ms]
      [Humongous Reclaim: 0.2 ms]
      [Free CSet: 0.1 ms]
   [Eden: 21.0M(21.0M)->0.0B(44.0M) Survivors: 30.0M->7168.0K Heap: 643.5M(1024.0M)->538.3M(1024.0M)]
 [Times: user=0.03 sys=0.00, real=0.01 secs] 
2021-01-18T10:16:11.775-0800: 8.717: [GC pause (G1 Evacuation Pause) (mixed), 0.0091230 secs]
   [Parallel Time: 7.5 ms, GC Workers: 8]
      [GC Worker Start (ms): Min: 8717.0, Avg: 8717.1, Max: 8717.1, Diff: 0.1]
      [Ext Root Scanning (ms): Min: 0.1, Avg: 0.2, Max: 1.1, Diff: 1.1, Sum: 1.9]
      [Update RS (ms): Min: 0.8, Avg: 1.7, Max: 1.9, Diff: 1.1, Sum: 13.7]
         [Processed Buffers: Min: 10, Avg: 18.2, Max: 23, Diff: 13, Sum: 146]
      [Scan RS (ms): Min: 0.0, Avg: 0.1, Max: 0.1, Diff: 0.1, Sum: 0.5]
      [Code Root Scanning (ms): Min: 0.0, Avg: 0.0, Max: 0.0, Diff: 0.0, Sum: 0.0]
      [Object Copy (ms): Min: 4.5, Avg: 4.6, Max: 5.3, Diff: 0.8, Sum: 37.0]
      [Termination (ms): Min: 0.0, Avg: 0.7, Max: 0.9, Diff: 0.9, Sum: 5.9]
         [Termination Attempts: Min: 1, Avg: 1.4, Max: 3, Diff: 2, Sum: 11]
      [GC Worker Other (ms): Min: 0.0, Avg: 0.0, Max: 0.0, Diff: 0.0, Sum: 0.1]
      [GC Worker Total (ms): Min: 7.4, Avg: 7.4, Max: 7.5, Diff: 0.1, Sum: 59.0]
      [GC Worker End (ms): Min: 8724.4, Avg: 8724.5, Max: 8724.5, Diff: 0.1]
   [Code Root Fixup: 0.0 ms]
   [Code Root Purge: 0.0 ms]
   [Clear CT: 0.2 ms]
   [Other: 1.4 ms]
      [Choose CSet: 0.0 ms]
      [Ref Proc: 0.9 ms]
      [Ref Enq: 0.0 ms]
      [Redirty Cards: 0.1 ms]
      [Humongous Register: 0.1 ms]
      [Humongous Reclaim: 0.1 ms]
      [Free CSet: 0.1 ms]
   [Eden: 44.0M(44.0M)->0.0B(272.0M) Survivors: 7168.0K->7168.0K Heap: 599.3M(1024.0M)->505.5M(1024.0M)]
 [Times: user=0.05 sys=0.00, real=0.01 secs] 
2021-01-18T10:16:11.784-0800: 8.726: [GC pause (G1 Humongous Allocation) (young) (initial-mark), 0.0042484 secs]
   [Parallel Time: 2.1 ms, GC Workers: 8]
      [GC Worker Start (ms): Min: 8726.8, Avg: 8726.9, Max: 8727.1, Diff: 0.3]
      [Ext Root Scanning (ms): Min: 0.0, Avg: 0.4, Max: 1.3, Diff: 1.3, Sum: 2.9]
      [Update RS (ms): Min: 0.0, Avg: 0.3, Max: 1.4, Diff: 1.4, Sum: 2.3]
         [Processed Buffers: Min: 0, Avg: 1.1, Max: 2, Diff: 2, Sum: 9]
      [Scan RS (ms): Min: 0.0, Avg: 0.0, Max: 0.0, Diff: 0.0, Sum: 0.0]
      [Code Root Scanning (ms): Min: 0.0, Avg: 0.0, Max: 0.0, Diff: 0.0, Sum: 0.0]
      [Object Copy (ms): Min: 0.0, Avg: 0.4, Max: 0.7, Diff: 0.7, Sum: 2.8]
      [Termination (ms): Min: 0.1, Avg: 0.8, Max: 1.2, Diff: 1.1, Sum: 6.6]
         [Termination Attempts: Min: 1, Avg: 1.8, Max: 3, Diff: 2, Sum: 14]
      [GC Worker Other (ms): Min: 0.0, Avg: 0.0, Max: 0.0, Diff: 0.0, Sum: 0.1]
      [GC Worker Total (ms): Min: 1.7, Avg: 1.8, Max: 1.9, Diff: 0.3, Sum: 14.6]
      [GC Worker End (ms): Min: 8728.7, Avg: 8728.7, Max: 8728.8, Diff: 0.1]
   [Code Root Fixup: 0.0 ms]
   [Code Root Purge: 0.0 ms]
   [Clear CT: 0.3 ms]
   [Other: 1.9 ms]
      [Choose CSet: 0.0 ms]
      [Ref Proc: 1.2 ms]
      [Ref Enq: 0.0 ms]
      [Redirty Cards: 0.2 ms]
      [Humongous Register: 0.2 ms]
      [Humongous Reclaim: 0.0 ms]
      [Free CSet: 0.1 ms]
   [Eden: 4096.0K(272.0M)->0.0B(257.0M) Survivors: 7168.0K->8192.0K Heap: 509.3M(1024.0M)->505.6M(1024.0M)]
 [Times: user=0.02 sys=0.01, real=0.00 secs] 
2021-01-18T10:16:11.789-0800: 8.731: [GC concurrent-root-region-scan-start]
2021-01-18T10:16:11.789-0800: 8.731: [GC concurrent-root-region-scan-end, 0.0001078 secs]
2021-01-18T10:16:11.789-0800: 8.731: [GC concurrent-mark-start]
2021-01-18T10:16:11.791-0800: 8.733: [GC concurrent-mark-end, 0.0016793 secs]
2021-01-18T10:16:11.791-0800: 8.733: [GC remark 2021-01-18T10:16:11.791-0800: 8.733: [Finalize Marking, 0.0002353 secs] 2021-01-18T10:16:11.791-0800: 8.733: [GC ref-proc, 0.0000541 secs] 2021-01-18T10:16:11.791-0800: 8.733: [Unloading, 0.0005170 secs], 0.0019576 secs]
 [Times: user=0.01 sys=0.00, real=0.00 secs] 
2021-01-18T10:16:11.793-0800: 8.735: [GC cleanup 519M->517M(1024M), 0.0013484 secs]
 [Times: user=0.00 sys=0.00, real=0.00 secs] 
2021-01-18T10:16:11.794-0800: 8.736: [GC concurrent-cleanup-start]
2021-01-18T10:16:11.794-0800: 8.736: [GC concurrent-cleanup-end, 0.0000147 secs]
2021-01-18T10:16:11.840-0800: 8.782: [GC pause (G1 Evacuation Pause) (young), 0.0164312 secs]
   [Parallel Time: 14.2 ms, GC Workers: 8]
      [GC Worker Start (ms): Min: 8782.5, Avg: 8783.1, Max: 8787.0, Diff: 4.4]
      [Ext Root Scanning (ms): Min: 0.0, Avg: 0.3, Max: 1.5, Diff: 1.5, Sum: 2.2]
      [Update RS (ms): Min: 1.4, Avg: 5.0, Max: 5.7, Diff: 4.3, Sum: 39.9]
         [Processed Buffers: Min: 21, Avg: 67.4, Max: 82, Diff: 61, Sum: 539]
      [Scan RS (ms): Min: 0.0, Avg: 0.0, Max: 0.1, Diff: 0.1, Sum: 0.3]
      [Code Root Scanning (ms): Min: 0.0, Avg: 0.0, Max: 0.0, Diff: 0.0, Sum: 0.0]
      [Object Copy (ms): Min: 7.0, Avg: 7.2, Max: 7.8, Diff: 0.8, Sum: 57.5]
      [Termination (ms): Min: 0.0, Avg: 0.9, Max: 1.2, Diff: 1.2, Sum: 6.8]
         [Termination Attempts: Min: 1, Avg: 1.0, Max: 1, Diff: 0, Sum: 8]
      [GC Worker Other (ms): Min: 0.0, Avg: 0.0, Max: 0.0, Diff: 0.0, Sum: 0.1]
      [GC Worker Total (ms): Min: 9.6, Avg: 13.4, Max: 14.1, Diff: 4.5, Sum: 107.0]
      [GC Worker End (ms): Min: 8796.2, Avg: 8796.5, Max: 8796.6, Diff: 0.4]
   [Code Root Fixup: 0.0 ms]
   [Code Root Purge: 0.0 ms]
   [Clear CT: 0.2 ms]
   [Other: 2.0 ms]
      [Choose CSet: 0.0 ms]
      [Ref Proc: 1.4 ms]
      [Ref Enq: 0.0 ms]
      [Redirty Cards: 0.1 ms]
      [Humongous Register: 0.1 ms]
      [Humongous Reclaim: 0.2 ms]
      [Free CSet: 0.1 ms]
   [Eden: 257.0M(257.0M)->0.0B(17.0M) Survivors: 8192.0K->34.0M Heap: 827.0M(1024.0M)->572.1M(1024.0M)]
 [Times: user=0.09 sys=0.00, real=0.01 secs] 
2021-01-18T10:16:11.860-0800: 8.803: [GC pause (G1 Evacuation Pause) (mixed), 0.0106339 secs]
   [Parallel Time: 8.4 ms, GC Workers: 8]
      [GC Worker Start (ms): Min: 8802.7, Avg: 8802.8, Max: 8803.0, Diff: 0.2]
      [Ext Root Scanning (ms): Min: 0.0, Avg: 0.1, Max: 0.2, Diff: 0.2, Sum: 1.1]
      [Update RS (ms): Min: 0.5, Avg: 0.6, Max: 0.7, Diff: 0.2, Sum: 4.7]
         [Processed Buffers: Min: 0, Avg: 5.8, Max: 9, Diff: 9, Sum: 46]
      [Scan RS (ms): Min: 0.0, Avg: 0.1, Max: 0.1, Diff: 0.1, Sum: 0.5]
      [Code Root Scanning (ms): Min: 0.0, Avg: 0.0, Max: 0.0, Diff: 0.0, Sum: 0.0]
      [Object Copy (ms): Min: 6.5, Avg: 6.8, Max: 7.5, Diff: 1.0, Sum: 54.8]
      [Termination (ms): Min: 0.0, Avg: 0.6, Max: 1.0, Diff: 1.0, Sum: 5.0]
         [Termination Attempts: Min: 1, Avg: 1.0, Max: 1, Diff: 0, Sum: 8]
      [GC Worker Other (ms): Min: 0.0, Avg: 0.0, Max: 0.0, Diff: 0.0, Sum: 0.1]
      [GC Worker Total (ms): Min: 8.1, Avg: 8.3, Max: 8.3, Diff: 0.3, Sum: 66.1]
      [GC Worker End (ms): Min: 8811.1, Avg: 8811.1, Max: 8811.1, Diff: 0.1]
   [Code Root Fixup: 0.0 ms]
   [Code Root Purge: 0.0 ms]
   [Clear CT: 0.2 ms]
   [Other: 2.0 ms]
      [Choose CSet: 0.0 ms]
      [Ref Proc: 1.1 ms]
      [Ref Enq: 0.0 ms]
      [Redirty Cards: 0.3 ms]
      [Humongous Register: 0.1 ms]
      [Humongous Reclaim: 0.1 ms]
      [Free CSet: 0.2 ms]
   [Eden: 17.0M(17.0M)->0.0B(45.0M) Survivors: 34.0M->6144.0K Heap: 593.7M(1024.0M)->498.7M(1024.0M)]
 [Times: user=0.05 sys=0.00, real=0.01 secs] 
2021-01-18T10:16:11.880-0800: 8.822: [GC pause (G1 Evacuation Pause) (mixed), 0.0083054 secs]
   [Parallel Time: 6.3 ms, GC Workers: 8]
      [GC Worker Start (ms): Min: 8821.9, Avg: 8822.0, Max: 8822.1, Diff: 0.1]
      [Ext Root Scanning (ms): Min: 0.1, Avg: 0.3, Max: 1.6, Diff: 1.6, Sum: 2.6]
      [Update RS (ms): Min: 0.0, Avg: 1.0, Max: 1.2, Diff: 1.2, Sum: 8.0]
         [Processed Buffers: Min: 0, Avg: 11.1, Max: 13, Diff: 13, Sum: 89]
      [Scan RS (ms): Min: 0.0, Avg: 0.0, Max: 0.1, Diff: 0.1, Sum: 0.3]
      [Code Root Scanning (ms): Min: 0.0, Avg: 0.0, Max: 0.0, Diff: 0.0, Sum: 0.0]
      [Object Copy (ms): Min: 3.1, Avg: 3.7, Max: 4.5, Diff: 1.4, Sum: 29.3]
      [Termination (ms): Min: 0.0, Avg: 1.0, Max: 1.4, Diff: 1.4, Sum: 7.8]
         [Termination Attempts: Min: 1, Avg: 1.5, Max: 3, Diff: 2, Sum: 12]
      [GC Worker Other (ms): Min: 0.0, Avg: 0.0, Max: 0.0, Diff: 0.0, Sum: 0.1]
      [GC Worker Total (ms): Min: 5.8, Avg: 6.0, Max: 6.1, Diff: 0.3, Sum: 48.1]
      [GC Worker End (ms): Min: 8827.8, Avg: 8828.0, Max: 8828.1, Diff: 0.3]
   [Code Root Fixup: 0.0 ms]
   [Code Root Purge: 0.0 ms]
   [Clear CT: 0.1 ms]
   [Other: 1.8 ms]
      [Choose CSet: 0.0 ms]
      [Ref Proc: 1.4 ms]
      [Ref Enq: 0.0 ms]
      [Redirty Cards: 0.1 ms]
      [Humongous Register: 0.1 ms]
      [Humongous Reclaim: 0.0 ms]
      [Free CSet: 0.1 ms]
   [Eden: 45.0M(45.0M)->0.0B(270.0M) Survivors: 6144.0K->7168.0K Heap: 553.6M(1024.0M)->494.6M(1024.0M)]
 [Times: user=0.03 sys=0.01, real=0.00 secs] 
2021-01-18T10:16:11.889-0800: 8.831: [GC pause (G1 Humongous Allocation) (young) (initial-mark), 0.0019043 secs]
   [Parallel Time: 1.1 ms, GC Workers: 8]
      [GC Worker Start (ms): Min: 8830.8, Avg: 8830.8, Max: 8830.9, Diff: 0.1]
      [Ext Root Scanning (ms): Min: 0.1, Avg: 0.2, Max: 0.9, Diff: 0.8, Sum: 1.8]
      [Update RS (ms): Min: 0.0, Avg: 0.1, Max: 0.2, Diff: 0.2, Sum: 0.8]
         [Processed Buffers: Min: 0, Avg: 1.1, Max: 2, Diff: 2, Sum: 9]
      [Scan RS (ms): Min: 0.0, Avg: 0.0, Max: 0.0, Diff: 0.0, Sum: 0.0]
      [Code Root Scanning (ms): Min: 0.0, Avg: 0.0, Max: 0.0, Diff: 0.0, Sum: 0.0]
      [Object Copy (ms): Min: 0.0, Avg: 0.5, Max: 0.6, Diff: 0.6, Sum: 4.0]
      [Termination (ms): Min: 0.0, Avg: 0.1, Max: 0.1, Diff: 0.1, Sum: 0.5]
         [Termination Attempts: Min: 1, Avg: 1.0, Max: 1, Diff: 0, Sum: 8]
      [GC Worker Other (ms): Min: 0.0, Avg: 0.0, Max: 0.0, Diff: 0.0, Sum: 0.1]
      [GC Worker Total (ms): Min: 0.8, Avg: 0.9, Max: 1.0, Diff: 0.1, Sum: 7.2]
      [GC Worker End (ms): Min: 8831.7, Avg: 8831.7, Max: 8831.8, Diff: 0.0]
   [Code Root Fixup: 0.0 ms]
   [Code Root Purge: 0.0 ms]
   [Clear CT: 0.1 ms]
   [Other: 0.7 ms]
      [Choose CSet: 0.0 ms]
      [Ref Proc: 0.2 ms]
      [Ref Enq: 0.0 ms]
      [Redirty Cards: 0.1 ms]
      [Humongous Register: 0.1 ms]
      [Humongous Reclaim: 0.0 ms]
      [Free CSet: 0.0 ms]
   [Eden: 3072.0K(270.0M)->0.0B(264.0M) Survivors: 7168.0K->9216.0K Heap: 497.0M(1024.0M)->496.1M(1024.0M)]
 [Times: user=0.01 sys=0.00, real=0.01 secs] 
2021-01-18T10:16:11.891-0800: 8.833: [GC concurrent-root-region-scan-start]
2021-01-18T10:16:11.891-0800: 8.833: [GC concurrent-root-region-scan-end, 0.0001457 secs]
2021-01-18T10:16:11.891-0800: 8.833: [GC concurrent-mark-start]
2021-01-18T10:16:11.893-0800: 8.835: [GC concurrent-mark-end, 0.0017894 secs]
2021-01-18T10:16:11.893-0800: 8.835: [GC remark 2021-01-18T10:16:11.894-0800: 8.836: [Finalize Marking, 0.0002009 secs] 2021-01-18T10:16:11.894-0800: 8.836: [GC ref-proc, 0.0000552 secs] 2021-01-18T10:16:11.894-0800: 8.836: [Unloading, 0.0005576 secs], 0.0025858 secs]
 [Times: user=0.01 sys=0.00, real=0.00 secs] 
2021-01-18T10:16:11.899-0800: 8.841: [GC cleanup 506M->504M(1024M), 0.0009310 secs]
 [Times: user=0.01 sys=0.00, real=0.01 secs] 
2021-01-18T10:16:11.900-0800: 8.842: [GC concurrent-cleanup-start]
2021-01-18T10:16:11.900-0800: 8.842: [GC concurrent-cleanup-end, 0.0000161 secs]
2021-01-18T10:16:11.952-0800: 8.894: [GC pause (G1 Evacuation Pause) (young), 0.0186860 secs]
   [Parallel Time: 16.7 ms, GC Workers: 8]
      [GC Worker Start (ms): Min: 8893.8, Avg: 8893.9, Max: 8894.0, Diff: 0.2]
      [Ext Root Scanning (ms): Min: 0.0, Avg: 0.1, Max: 0.2, Diff: 0.2, Sum: 0.8]
      [Update RS (ms): Min: 7.0, Avg: 7.1, Max: 7.2, Diff: 0.2, Sum: 56.5]
         [Processed Buffers: Min: 13, Avg: 80.6, Max: 104, Diff: 91, Sum: 645]
      [Scan RS (ms): Min: 0.0, Avg: 0.0, Max: 0.0, Diff: 0.0, Sum: 0.3]
      [Code Root Scanning (ms): Min: 0.0, Avg: 0.0, Max: 0.0, Diff: 0.0, Sum: 0.0]
      [Object Copy (ms): Min: 7.7, Avg: 8.1, Max: 8.8, Diff: 1.1, Sum: 64.6]
      [Termination (ms): Min: 0.0, Avg: 1.0, Max: 1.5, Diff: 1.5, Sum: 8.4]
         [Termination Attempts: Min: 1, Avg: 1.0, Max: 1, Diff: 0, Sum: 8]
      [GC Worker Other (ms): Min: 0.0, Avg: 0.0, Max: 0.0, Diff: 0.0, Sum: 0.1]
      [GC Worker Total (ms): Min: 16.0, Avg: 16.3, Max: 16.6, Diff: 0.6, Sum: 130.6]
      [GC Worker End (ms): Min: 8909.8, Avg: 8910.2, Max: 8910.4, Diff: 0.6]
   [Code Root Fixup: 0.0 ms]
   [Code Root Purge: 0.0 ms]
   [Clear CT: 0.1 ms]
   [Other: 1.9 ms]
      [Choose CSet: 0.0 ms]
      [Ref Proc: 1.2 ms]
      [Ref Enq: 0.0 ms]
      [Redirty Cards: 0.1 ms]
      [Humongous Register: 0.1 ms]
      [Humongous Reclaim: 0.2 ms]
      [Free CSet: 0.1 ms]
   [Eden: 264.0M(264.0M)->0.0B(16.0M) Survivors: 9216.0K->35.0M Heap: 837.6M(1024.0M)->571.6M(1024.0M)]
 [Times: user=0.09 sys=0.00, real=0.02 secs] 
2021-01-18T10:16:11.975-0800: 8.917: [GC pause (G1 Evacuation Pause) (mixed), 0.0101674 secs]
   [Parallel Time: 8.2 ms, GC Workers: 8]
      [GC Worker Start (ms): Min: 8916.9, Avg: 8917.0, Max: 8917.0, Diff: 0.1]
      [Ext Root Scanning (ms): Min: 0.1, Avg: 0.1, Max: 0.2, Diff: 0.1, Sum: 1.0]
      [Update RS (ms): Min: 0.4, Avg: 0.5, Max: 0.8, Diff: 0.3, Sum: 4.0]
         [Processed Buffers: Min: 0, Avg: 5.2, Max: 7, Diff: 7, Sum: 42]
      [Scan RS (ms): Min: 0.0, Avg: 0.1, Max: 0.3, Diff: 0.3, Sum: 0.8]
      [Code Root Scanning (ms): Min: 0.0, Avg: 0.0, Max: 0.0, Diff: 0.0, Sum: 0.0]
      [Object Copy (ms): Min: 6.2, Avg: 6.5, Max: 7.2, Diff: 1.0, Sum: 52.2]
      [Termination (ms): Min: 0.0, Avg: 0.7, Max: 1.0, Diff: 1.0, Sum: 5.7]
         [Termination Attempts: Min: 1, Avg: 1.0, Max: 1, Diff: 0, Sum: 8]
      [GC Worker Other (ms): Min: 0.0, Avg: 0.0, Max: 0.0, Diff: 0.0, Sum: 0.1]
      [GC Worker Total (ms): Min: 7.9, Avg: 8.0, Max: 8.0, Diff: 0.1, Sum: 63.8]
      [GC Worker End (ms): Min: 8924.9, Avg: 8924.9, Max: 8925.0, Diff: 0.1]
   [Code Root Fixup: 0.0 ms]
   [Code Root Purge: 0.0 ms]
   [Clear CT: 0.2 ms]
   [Other: 1.8 ms]
      [Choose CSet: 0.1 ms]
      [Ref Proc: 1.0 ms]
      [Ref Enq: 0.0 ms]
      [Redirty Cards: 0.2 ms]
      [Humongous Register: 0.1 ms]
      [Humongous Reclaim: 0.1 ms]
      [Free CSet: 0.2 ms]
   [Eden: 16.0M(16.0M)->0.0B(44.0M) Survivors: 35.0M->7168.0K Heap: 591.6M(1024.0M)->503.3M(1024.0M)]
 [Times: user=0.06 sys=0.00, real=0.01 secs] 
2021-01-18T10:16:11.994-0800: 8.936: [GC pause (G1 Evacuation Pause) (mixed), 0.0060614 secs]
   [Parallel Time: 4.4 ms, GC Workers: 8]
      [GC Worker Start (ms): Min: 8935.9, Avg: 8936.0, Max: 8936.0, Diff: 0.1]
      [Ext Root Scanning (ms): Min: 0.1, Avg: 0.1, Max: 0.2, Diff: 0.1, Sum: 1.0]
      [Update RS (ms): Min: 1.0, Avg: 1.2, Max: 2.2, Diff: 1.3, Sum: 9.4]
         [Processed Buffers: Min: 1, Avg: 10.1, Max: 13, Diff: 12, Sum: 81]
      [Scan RS (ms): Min: 0.0, Avg: 0.0, Max: 0.0, Diff: 0.0, Sum: 0.2]
      [Code Root Scanning (ms): Min: 0.0, Avg: 0.0, Max: 0.0, Diff: 0.0, Sum: 0.0]
      [Object Copy (ms): Min: 0.9, Avg: 2.1, Max: 2.9, Diff: 2.0, Sum: 16.9]
      [Termination (ms): Min: 0.0, Avg: 0.8, Max: 0.9, Diff: 0.9, Sum: 6.0]
         [Termination Attempts: Min: 1, Avg: 1.0, Max: 1, Diff: 0, Sum: 8]
      [GC Worker Other (ms): Min: 0.0, Avg: 0.0, Max: 0.0, Diff: 0.0, Sum: 0.1]
      [GC Worker Total (ms): Min: 4.1, Avg: 4.2, Max: 4.3, Diff: 0.2, Sum: 33.7]
      [GC Worker End (ms): Min: 8940.1, Avg: 8940.2, Max: 8940.2, Diff: 0.1]
   [Code Root Fixup: 0.0 ms]
   [Code Root Purge: 0.0 ms]
   [Clear CT: 0.2 ms]
   [Other: 1.5 ms]
      [Choose CSet: 0.0 ms]
      [Ref Proc: 1.0 ms]
      [Ref Enq: 0.0 ms]
      [Redirty Cards: 0.1 ms]
      [Humongous Register: 0.1 ms]
      [Humongous Reclaim: 0.1 ms]
      [Free CSet: 0.0 ms]
   [Eden: 44.0M(44.0M)->0.0B(258.0M) Survivors: 7168.0K->7168.0K Heap: 556.3M(1024.0M)->509.2M(1024.0M)]
 [Times: user=0.03 sys=0.00, real=0.01 secs] 
2021-01-18T10:16:12.000-0800: 8.942: [GC pause (G1 Humongous Allocation) (young) (initial-mark), 0.0034293 secs]
   [Parallel Time: 1.8 ms, GC Workers: 8]
      [GC Worker Start (ms): Min: 8942.6, Avg: 8942.7, Max: 8942.7, Diff: 0.1]
      [Ext Root Scanning (ms): Min: 0.1, Avg: 0.5, Max: 1.6, Diff: 1.5, Sum: 4.1]
      [Update RS (ms): Min: 0.0, Avg: 0.1, Max: 0.2, Diff: 0.2, Sum: 0.7]
         [Processed Buffers: Min: 0, Avg: 1.1, Max: 2, Diff: 2, Sum: 9]
      [Scan RS (ms): Min: 0.0, Avg: 0.0, Max: 0.0, Diff: 0.0, Sum: 0.0]
      [Code Root Scanning (ms): Min: 0.0, Avg: 0.0, Max: 0.0, Diff: 0.0, Sum: 0.0]
      [Object Copy (ms): Min: 0.0, Avg: 0.4, Max: 0.6, Diff: 0.6, Sum: 3.3]
      [Termination (ms): Min: 0.0, Avg: 0.6, Max: 0.8, Diff: 0.8, Sum: 4.9]
         [Termination Attempts: Min: 1, Avg: 1.0, Max: 1, Diff: 0, Sum: 8]
      [GC Worker Other (ms): Min: 0.0, Avg: 0.0, Max: 0.0, Diff: 0.0, Sum: 0.1]
      [GC Worker Total (ms): Min: 1.6, Avg: 1.6, Max: 1.7, Diff: 0.1, Sum: 13.1]
      [GC Worker End (ms): Min: 8944.3, Avg: 8944.3, Max: 8944.4, Diff: 0.0]
   [Code Root Fixup: 0.0 ms]
   [Code Root Purge: 0.0 ms]
   [Clear CT: 0.1 ms]
   [Other: 1.5 ms]
      [Choose CSet: 0.0 ms]
      [Ref Proc: 1.0 ms]
      [Ref Enq: 0.0 ms]
      [Redirty Cards: 0.1 ms]
      [Humongous Register: 0.1 ms]
      [Humongous Reclaim: 0.0 ms]
      [Free CSet: 0.0 ms]
   [Eden: 4096.0K(258.0M)->0.0B(259.0M) Survivors: 7168.0K->7168.0K Heap: 513.0M(1024.0M)->508.3M(1024.0M)]
 [Times: user=0.02 sys=0.01, real=0.00 secs] 
2021-01-18T10:16:12.004-0800: 8.946: [GC concurrent-root-region-scan-start]
2021-01-18T10:16:12.004-0800: 8.946: [GC concurrent-root-region-scan-end, 0.0000989 secs]
2021-01-18T10:16:12.004-0800: 8.946: [GC concurrent-mark-start]
2021-01-18T10:16:12.006-0800: 8.948: [GC concurrent-mark-end, 0.0016640 secs]
2021-01-18T10:16:12.006-0800: 8.948: [GC remark 2021-01-18T10:16:12.006-0800: 8.948: [Finalize Marking, 0.0010692 secs] 2021-01-18T10:16:12.007-0800: 8.949: [GC ref-proc, 0.0000576 secs] 2021-01-18T10:16:12.007-0800: 8.949: [Unloading, 0.0004654 secs], 0.0026468 secs]
 [Times: user=0.02 sys=0.00, real=0.00 secs] 
2021-01-18T10:16:12.009-0800: 8.951: [GC cleanup 515M->513M(1024M), 0.0008429 secs]
 [Times: user=0.00 sys=0.00, real=0.01 secs] 
2021-01-18T10:16:12.010-0800: 8.952: [GC concurrent-cleanup-start]
2021-01-18T10:16:12.010-0800: 8.952: [GC concurrent-cleanup-end, 0.0000105 secs]
2021-01-18T10:16:12.054-0800: 8.996: [GC pause (G1 Evacuation Pause) (young), 0.0151071 secs]
   [Parallel Time: 13.5 ms, GC Workers: 8]
      [GC Worker Start (ms): Min: 8995.9, Avg: 8996.0, Max: 8996.1, Diff: 0.2]
      [Ext Root Scanning (ms): Min: 0.0, Avg: 0.1, Max: 0.1, Diff: 0.1, Sum: 0.7]
      [Update RS (ms): Min: 5.4, Avg: 6.6, Max: 10.7, Diff: 5.2, Sum: 53.1]
         [Processed Buffers: Min: 0, Avg: 65.0, Max: 91, Diff: 91, Sum: 520]
      [Scan RS (ms): Min: 0.0, Avg: 0.0, Max: 0.1, Diff: 0.1, Sum: 0.4]
      [Code Root Scanning (ms): Min: 0.0, Avg: 0.0, Max: 0.0, Diff: 0.0, Sum: 0.0]
      [Object Copy (ms): Min: 1.9, Avg: 6.1, Max: 7.8, Diff: 5.8, Sum: 49.2]
      [Termination (ms): Min: 0.0, Avg: 0.4, Max: 0.6, Diff: 0.6, Sum: 3.5]
         [Termination Attempts: Min: 1, Avg: 1.0, Max: 1, Diff: 0, Sum: 8]
      [GC Worker Other (ms): Min: 0.0, Avg: 0.0, Max: 0.0, Diff: 0.0, Sum: 0.1]
      [GC Worker Total (ms): Min: 13.3, Avg: 13.4, Max: 13.4, Diff: 0.2, Sum: 107.1]
      [GC Worker End (ms): Min: 9009.4, Avg: 9009.4, Max: 9009.4, Diff: 0.0]
   [Code Root Fixup: 0.0 ms]
   [Code Root Purge: 0.0 ms]
   [Clear CT: 0.1 ms]
   [Other: 1.5 ms]
      [Choose CSet: 0.0 ms]
      [Ref Proc: 0.7 ms]
      [Ref Enq: 0.0 ms]
      [Redirty Cards: 0.1 ms]
      [Humongous Register: 0.1 ms]
      [Humongous Reclaim: 0.3 ms]
      [Free CSet: 0.2 ms]
   [Eden: 259.0M(259.0M)->0.0B(17.0M) Survivors: 7168.0K->34.0M Heap: 829.4M(1024.0M)->571.1M(1024.0M)]
 [Times: user=0.07 sys=0.00, real=0.01 secs] 
2021-01-18T10:16:12.072-0800: 9.014: [GC pause (G1 Evacuation Pause) (mixed), 0.0094924 secs]
   [Parallel Time: 7.9 ms, GC Workers: 8]
      [GC Worker Start (ms): Min: 9014.6, Avg: 9014.7, Max: 9014.8, Diff: 0.2]
      [Ext Root Scanning (ms): Min: 0.1, Avg: 0.1, Max: 0.2, Diff: 0.1, Sum: 0.9]
      [Update RS (ms): Min: 0.5, Avg: 0.6, Max: 0.7, Diff: 0.1, Sum: 4.6]
         [Processed Buffers: Min: 1, Avg: 6.9, Max: 10, Diff: 9, Sum: 55]
      [Scan RS (ms): Min: 0.0, Avg: 0.0, Max: 0.1, Diff: 0.1, Sum: 0.4]
      [Code Root Scanning (ms): Min: 0.0, Avg: 0.0, Max: 0.0, Diff: 0.0, Sum: 0.0]
      [Object Copy (ms): Min: 6.3, Avg: 6.5, Max: 7.0, Diff: 0.6, Sum: 52.2]
      [Termination (ms): Min: 0.0, Avg: 0.5, Max: 0.6, Diff: 0.6, Sum: 3.7]
         [Termination Attempts: Min: 1, Avg: 1.0, Max: 1, Diff: 0, Sum: 8]
      [GC Worker Other (ms): Min: 0.0, Avg: 0.0, Max: 0.0, Diff: 0.0, Sum: 0.1]
      [GC Worker Total (ms): Min: 7.7, Avg: 7.7, Max: 7.8, Diff: 0.1, Sum: 62.0]
      [GC Worker End (ms): Min: 9022.4, Avg: 9022.5, Max: 9022.5, Diff: 0.1]
   [Code Root Fixup: 0.0 ms]
   [Code Root Purge: 0.0 ms]
   [Clear CT: 0.1 ms]
   [Other: 1.4 ms]
      [Choose CSet: 0.0 ms]
      [Ref Proc: 0.6 ms]
      [Ref Enq: 0.0 ms]
      [Redirty Cards: 0.1 ms]
      [Humongous Register: 0.1 ms]
      [Humongous Reclaim: 0.1 ms]
      [Free CSet: 0.3 ms]
   [Eden: 17.0M(17.0M)->0.0B(48.0M) Survivors: 34.0M->3072.0K Heap: 593.8M(1024.0M)->504.0M(1024.0M)]
 [Times: user=0.04 sys=0.00, real=0.01 secs] 
2021-01-18T10:16:12.090-0800: 9.032: [GC pause (G1 Evacuation Pause) (mixed), 0.0044822 secs]
   [Parallel Time: 3.6 ms, GC Workers: 8]
      [GC Worker Start (ms): Min: 9032.1, Avg: 9032.2, Max: 9032.2, Diff: 0.1]
      [Ext Root Scanning (ms): Min: 0.1, Avg: 0.1, Max: 0.2, Diff: 0.1, Sum: 0.9]
      [Update RS (ms): Min: 0.5, Avg: 0.5, Max: 0.5, Diff: 0.0, Sum: 4.0]
         [Processed Buffers: Min: 6, Avg: 7.6, Max: 10, Diff: 4, Sum: 61]
      [Scan RS (ms): Min: 0.0, Avg: 0.0, Max: 0.2, Diff: 0.1, Sum: 0.4]
      [Code Root Scanning (ms): Min: 0.0, Avg: 0.0, Max: 0.0, Diff: 0.0, Sum: 0.0]
      [Object Copy (ms): Min: 2.6, Avg: 2.6, Max: 2.7, Diff: 0.1, Sum: 21.1]
      [Termination (ms): Min: 0.0, Avg: 0.1, Max: 0.2, Diff: 0.2, Sum: 0.7]
         [Termination Attempts: Min: 1, Avg: 1.0, Max: 1, Diff: 0, Sum: 8]
      [GC Worker Other (ms): Min: 0.0, Avg: 0.0, Max: 0.0, Diff: 0.0, Sum: 0.1]
      [GC Worker Total (ms): Min: 3.3, Avg: 3.4, Max: 3.5, Diff: 0.1, Sum: 27.1]
      [GC Worker End (ms): Min: 9035.5, Avg: 9035.6, Max: 9035.6, Diff: 0.1]
   [Code Root Fixup: 0.0 ms]
   [Code Root Purge: 0.0 ms]
   [Clear CT: 0.2 ms]
   [Other: 0.7 ms]
      [Choose CSet: 0.0 ms]
      [Ref Proc: 0.2 ms]
      [Ref Enq: 0.0 ms]
      [Redirty Cards: 0.1 ms]
      [Humongous Register: 0.1 ms]
      [Humongous Reclaim: 0.0 ms]
      [Free CSet: 0.1 ms]
   [Eden: 48.0M(48.0M)->0.0B(269.0M) Survivors: 3072.0K->7168.0K Heap: 558.3M(1024.0M)->502.5M(1024.0M)]
 [Times: user=0.03 sys=0.00, real=0.00 secs] 
2021-01-18T10:16:12.095-0800: 9.037: [GC pause (G1 Humongous Allocation) (young) (initial-mark), 0.0016830 secs]
   [Parallel Time: 0.9 ms, GC Workers: 8]
      [GC Worker Start (ms): Min: 9037.0, Avg: 9037.0, Max: 9037.1, Diff: 0.1]
      [Ext Root Scanning (ms): Min: 0.1, Avg: 0.1, Max: 0.2, Diff: 0.1, Sum: 0.9]
      [Update RS (ms): Min: 0.0, Avg: 0.1, Max: 0.3, Diff: 0.3, Sum: 1.0]
         [Processed Buffers: Min: 1, Avg: 1.1, Max: 2, Diff: 1, Sum: 9]
      [Scan RS (ms): Min: 0.0, Avg: 0.0, Max: 0.0, Diff: 0.0, Sum: 0.0]
      [Code Root Scanning (ms): Min: 0.0, Avg: 0.0, Max: 0.0, Diff: 0.0, Sum: 0.0]
      [Object Copy (ms): Min: 0.3, Avg: 0.5, Max: 0.6, Diff: 0.3, Sum: 3.7]
      [Termination (ms): Min: 0.0, Avg: 0.1, Max: 0.1, Diff: 0.1, Sum: 0.4]
         [Termination Attempts: Min: 1, Avg: 1.0, Max: 1, Diff: 0, Sum: 8]
      [GC Worker Other (ms): Min: 0.0, Avg: 0.0, Max: 0.0, Diff: 0.0, Sum: 0.1]
      [GC Worker Total (ms): Min: 0.7, Avg: 0.8, Max: 0.8, Diff: 0.1, Sum: 6.1]
      [GC Worker End (ms): Min: 9037.8, Avg: 9037.8, Max: 9037.8, Diff: 0.0]
   [Code Root Fixup: 0.0 ms]
   [Code Root Purge: 0.0 ms]
   [Clear CT: 0.2 ms]
   [Other: 0.6 ms]
      [Choose CSet: 0.0 ms]
      [Ref Proc: 0.2 ms]
      [Ref Enq: 0.0 ms]
      [Redirty Cards: 0.1 ms]
      [Humongous Register: 0.1 ms]
      [Humongous Reclaim: 0.0 ms]
      [Free CSet: 0.1 ms]
   [Eden: 2048.0K(269.0M)->0.0B(267.0M) Survivors: 7168.0K->8192.0K Heap: 504.0M(1024.0M)->503.4M(1024.0M)]
 [Times: user=0.01 sys=0.00, real=0.00 secs] 
2021-01-18T10:16:12.097-0800: 9.039: [GC concurrent-root-region-scan-start]
2021-01-18T10:16:12.097-0800: 9.039: [GC concurrent-root-region-scan-end, 0.0001591 secs]
2021-01-18T10:16:12.097-0800: 9.039: [GC concurrent-mark-start]
2021-01-18T10:16:12.098-0800: 9.040: [GC concurrent-mark-end, 0.0013627 secs]
2021-01-18T10:16:12.098-0800: 9.040: [GC remark 2021-01-18T10:16:12.098-0800: 9.040: [Finalize Marking, 0.0002425 secs] 2021-01-18T10:16:12.098-0800: 9.041: [GC ref-proc, 0.0000360 secs] 2021-01-18T10:16:12.099-0800: 9.041: [Unloading, 0.0004808 secs], 0.0016632 secs]
 [Times: user=0.01 sys=0.00, real=0.01 secs] 
2021-01-18T10:16:12.100-0800: 9.042: [GC cleanup 516M->511M(1024M), 0.0009008 secs]
 [Times: user=0.00 sys=0.00, real=0.00 secs] 
2021-01-18T10:16:12.101-0800: 9.043: [GC concurrent-cleanup-start]
2021-01-18T10:16:12.101-0800: 9.043: [GC concurrent-cleanup-end, 0.0000136 secs]
2021-01-18T10:16:12.141-0800: 9.083: [GC pause (G1 Evacuation Pause) (young) (to-space exhausted), 0.0155669 secs]
   [Parallel Time: 13.5 ms, GC Workers: 8]
      [GC Worker Start (ms): Min: 9083.4, Avg: 9083.4, Max: 9083.5, Diff: 0.1]
      [Ext Root Scanning (ms): Min: 0.1, Avg: 0.1, Max: 0.2, Diff: 0.1, Sum: 0.7]
      [Update RS (ms): Min: 5.2, Avg: 5.2, Max: 5.2, Diff: 0.0, Sum: 41.7]
         [Processed Buffers: Min: 56, Avg: 74.9, Max: 85, Diff: 29, Sum: 599]
      [Scan RS (ms): Min: 0.0, Avg: 0.0, Max: 0.0, Diff: 0.0, Sum: 0.2]
      [Code Root Scanning (ms): Min: 0.0, Avg: 0.0, Max: 0.0, Diff: 0.0, Sum: 0.0]
      [Object Copy (ms): Min: 7.4, Avg: 7.5, Max: 8.0, Diff: 0.6, Sum: 60.1]
      [Termination (ms): Min: 0.0, Avg: 0.5, Max: 0.6, Diff: 0.6, Sum: 4.0]
         [Termination Attempts: Min: 1, Avg: 1.0, Max: 1, Diff: 0, Sum: 8]
      [GC Worker Other (ms): Min: 0.0, Avg: 0.0, Max: 0.0, Diff: 0.0, Sum: 0.1]
      [GC Worker Total (ms): Min: 13.3, Avg: 13.4, Max: 13.4, Diff: 0.1, Sum: 106.8]
      [GC Worker End (ms): Min: 9096.7, Avg: 9096.8, Max: 9096.8, Diff: 0.1]
   [Code Root Fixup: 0.0 ms]
   [Code Root Purge: 0.0 ms]
   [Clear CT: 0.1 ms]
   [Other: 1.9 ms]
      [Evacuation Failure: 0.4 ms]
      [Choose CSet: 0.0 ms]
      [Ref Proc: 0.5 ms]
      [Ref Enq: 0.0 ms]
      [Redirty Cards: 0.2 ms]
      [Humongous Register: 0.1 ms]
      [Humongous Reclaim: 0.3 ms]
      [Free CSet: 0.2 ms]
   [Eden: 267.0M(267.0M)->0.0B(16.0M) Survivors: 8192.0K->35.0M Heap: 839.1M(1024.0M)->583.9M(1024.0M)]
 [Times: user=0.09 sys=0.01, real=0.01 secs] 
2021-01-18T10:16:12.159-0800: 9.101: [GC pause (G1 Evacuation Pause) (mixed), 0.0078642 secs]
   [Parallel Time: 6.8 ms, GC Workers: 8]
      [GC Worker Start (ms): Min: 9101.5, Avg: 9101.6, Max: 9101.7, Diff: 0.1]
      [Ext Root Scanning (ms): Min: 0.1, Avg: 0.1, Max: 0.2, Diff: 0.1, Sum: 0.7]
      [Update RS (ms): Min: 0.5, Avg: 0.6, Max: 0.6, Diff: 0.1, Sum: 4.5]
         [Processed Buffers: Min: 8, Avg: 9.8, Max: 12, Diff: 4, Sum: 78]
      [Scan RS (ms): Min: 0.0, Avg: 0.1, Max: 0.1, Diff: 0.1, Sum: 0.4]
      [Code Root Scanning (ms): Min: 0.0, Avg: 0.0, Max: 0.0, Diff: 0.0, Sum: 0.0]
      [Object Copy (ms): Min: 5.8, Avg: 5.8, Max: 5.9, Diff: 0.1, Sum: 46.6]
      [Termination (ms): Min: 0.0, Avg: 0.1, Max: 0.1, Diff: 0.1, Sum: 0.6]
         [Termination Attempts: Min: 1, Avg: 1.0, Max: 1, Diff: 0, Sum: 8]
      [GC Worker Other (ms): Min: 0.0, Avg: 0.0, Max: 0.0, Diff: 0.0, Sum: 0.1]
      [GC Worker Total (ms): Min: 6.6, Avg: 6.6, Max: 6.7, Diff: 0.1, Sum: 52.9]
      [GC Worker End (ms): Min: 9108.2, Avg: 9108.2, Max: 9108.3, Diff: 0.0]
   [Code Root Fixup: 0.0 ms]
   [Code Root Purge: 0.0 ms]
   [Clear CT: 0.2 ms]
   [Other: 0.9 ms]
      [Choose CSet: 0.0 ms]
      [Ref Proc: 0.3 ms]
      [Ref Enq: 0.0 ms]
      [Redirty Cards: 0.2 ms]
      [Humongous Register: 0.1 ms]
      [Humongous Reclaim: 0.0 ms]
      [Free CSet: 0.1 ms]
   [Eden: 16.0M(16.0M)->0.0B(46.0M) Survivors: 35.0M->5120.0K Heap: 607.5M(1024.0M)->513.7M(1024.0M)]
 [Times: user=0.05 sys=0.00, real=0.01 secs] 
2021-01-18T10:16:12.175-0800: 9.117: [GC pause (G1 Evacuation Pause) (mixed), 0.0040254 secs]
   [Parallel Time: 3.4 ms, GC Workers: 8]
      [GC Worker Start (ms): Min: 9117.2, Avg: 9117.3, Max: 9117.3, Diff: 0.1]
      [Ext Root Scanning (ms): Min: 0.1, Avg: 0.1, Max: 0.2, Diff: 0.1, Sum: 0.8]
      [Update RS (ms): Min: 1.0, Avg: 1.0, Max: 1.0, Diff: 0.1, Sum: 8.1]
         [Processed Buffers: Min: 14, Avg: 15.5, Max: 17, Diff: 3, Sum: 124]
      [Scan RS (ms): Min: 0.0, Avg: 0.0, Max: 0.1, Diff: 0.1, Sum: 0.2]
      [Code Root Scanning (ms): Min: 0.0, Avg: 0.0, Max: 0.0, Diff: 0.0, Sum: 0.0]
      [Object Copy (ms): Min: 2.1, Avg: 2.1, Max: 2.1, Diff: 0.1, Sum: 16.8]
      [Termination (ms): Min: 0.0, Avg: 0.0, Max: 0.1, Diff: 0.1, Sum: 0.3]
         [Termination Attempts: Min: 1, Avg: 1.0, Max: 1, Diff: 0, Sum: 8]
      [GC Worker Other (ms): Min: 0.0, Avg: 0.0, Max: 0.0, Diff: 0.0, Sum: 0.1]
      [GC Worker Total (ms): Min: 3.3, Avg: 3.3, Max: 3.4, Diff: 0.1, Sum: 26.5]
      [GC Worker End (ms): Min: 9120.6, Avg: 9120.6, Max: 9120.6, Diff: 0.0]
   [Code Root Fixup: 0.0 ms]
   [Code Root Purge: 0.0 ms]
   [Clear CT: 0.1 ms]
   [Other: 0.5 ms]
      [Choose CSet: 0.0 ms]
      [Ref Proc: 0.1 ms]
      [Ref Enq: 0.0 ms]
      [Redirty Cards: 0.1 ms]
      [Humongous Register: 0.1 ms]
      [Humongous Reclaim: 0.0 ms]
      [Free CSet: 0.0 ms]
   [Eden: 46.0M(46.0M)->0.0B(258.0M) Survivors: 5120.0K->7168.0K Heap: 574.0M(1024.0M)->513.9M(1024.0M)]
 [Times: user=0.02 sys=0.00, real=0.00 secs] 
2021-01-18T10:16:12.179-0800: 9.121: [GC pause (G1 Humongous Allocation) (young) (initial-mark), 0.0015602 secs]
   [Parallel Time: 0.9 ms, GC Workers: 8]
      [GC Worker Start (ms): Min: 9121.6, Avg: 9121.6, Max: 9121.7, Diff: 0.1]
      [Ext Root Scanning (ms): Min: 0.1, Avg: 0.1, Max: 0.2, Diff: 0.1, Sum: 0.8]
      [Update RS (ms): Min: 0.0, Avg: 0.1, Max: 0.2, Diff: 0.1, Sum: 0.7]
         [Processed Buffers: Min: 1, Avg: 1.1, Max: 2, Diff: 1, Sum: 9]
      [Scan RS (ms): Min: 0.0, Avg: 0.0, Max: 0.0, Diff: 0.0, Sum: 0.0]
      [Code Root Scanning (ms): Min: 0.0, Avg: 0.0, Max: 0.0, Diff: 0.0, Sum: 0.0]
      [Object Copy (ms): Min: 0.4, Avg: 0.6, Max: 0.6, Diff: 0.2, Sum: 4.4]
      [Termination (ms): Min: 0.0, Avg: 0.0, Max: 0.1, Diff: 0.1, Sum: 0.3]
         [Termination Attempts: Min: 1, Avg: 1.0, Max: 1, Diff: 0, Sum: 8]
      [GC Worker Other (ms): Min: 0.0, Avg: 0.0, Max: 0.0, Diff: 0.0, Sum: 0.1]
      [GC Worker Total (ms): Min: 0.7, Avg: 0.8, Max: 0.8, Diff: 0.1, Sum: 6.3]
      [GC Worker End (ms): Min: 9122.4, Avg: 9122.4, Max: 9122.4, Diff: 0.0]
   [Code Root Fixup: 0.0 ms]
   [Code Root Purge: 0.0 ms]
   [Clear CT: 0.1 ms]
   [Other: 0.5 ms]
      [Choose CSet: 0.0 ms]
      [Ref Proc: 0.2 ms]
      [Ref Enq: 0.0 ms]
      [Redirty Cards: 0.2 ms]
      [Humongous Register: 0.1 ms]
      [Humongous Reclaim: 0.0 ms]
      [Free CSet: 0.0 ms]
   [Eden: 2048.0K(258.0M)->0.0B(255.0M) Survivors: 7168.0K->8192.0K Heap: 515.7M(1024.0M)->514.4M(1024.0M)]
 [Times: user=0.01 sys=0.00, real=0.01 secs] 
2021-01-18T10:16:12.181-0800: 9.123: [GC concurrent-root-region-scan-start]
2021-01-18T10:16:12.181-0800: 9.123: [GC concurrent-root-region-scan-end, 0.0000784 secs]
2021-01-18T10:16:12.181-0800: 9.123: [GC concurrent-mark-start]
2021-01-18T10:16:12.182-0800: 9.124: [GC concurrent-mark-end, 0.0011299 secs]
2021-01-18T10:16:12.182-0800: 9.124: [GC remark 2021-01-18T10:16:12.182-0800: 9.124: [Finalize Marking, 0.0001748 secs] 2021-01-18T10:16:12.183-0800: 9.125: [GC ref-proc, 0.0000556 secs] 2021-01-18T10:16:12.183-0800: 9.125: [Unloading, 0.0004183 secs], 0.0013672 secs]
 [Times: user=0.01 sys=0.00, real=0.00 secs] 
2021-01-18T10:16:12.184-0800: 9.126: [GC cleanup 526M->523M(1024M), 0.0007253 secs]
 [Times: user=0.00 sys=0.00, real=0.00 secs] 
2021-01-18T10:16:12.185-0800: 9.127: [GC concurrent-cleanup-start]
2021-01-18T10:16:12.185-0800: 9.127: [GC concurrent-cleanup-end, 0.0000109 secs]
2021-01-18T10:16:12.224-0800: 9.166: [GC pause (G1 Evacuation Pause) (young) (to-space exhausted), 0.0130429 secs]
   [Parallel Time: 12.0 ms, GC Workers: 8]
      [GC Worker Start (ms): Min: 9166.5, Avg: 9166.6, Max: 9166.6, Diff: 0.1]
      [Ext Root Scanning (ms): Min: 0.1, Avg: 0.1, Max: 0.2, Diff: 0.1, Sum: 0.8]
      [Update RS (ms): Min: 4.9, Avg: 5.0, Max: 5.0, Diff: 0.1, Sum: 40.1]
         [Processed Buffers: Min: 77, Avg: 78.5, Max: 80, Diff: 3, Sum: 628]
      [Scan RS (ms): Min: 0.0, Avg: 0.0, Max: 0.0, Diff: 0.0, Sum: 0.2]
      [Code Root Scanning (ms): Min: 0.0, Avg: 0.0, Max: 0.0, Diff: 0.0, Sum: 0.0]
      [Object Copy (ms): Min: 6.6, Avg: 6.6, Max: 6.7, Diff: 0.1, Sum: 53.1]
      [Termination (ms): Min: 0.0, Avg: 0.1, Max: 0.1, Diff: 0.1, Sum: 0.6]
         [Termination Attempts: Min: 1, Avg: 1.1, Max: 2, Diff: 1, Sum: 9]
      [GC Worker Other (ms): Min: 0.0, Avg: 0.0, Max: 0.0, Diff: 0.0, Sum: 0.1]
      [GC Worker Total (ms): Min: 11.8, Avg: 11.9, Max: 11.9, Diff: 0.1, Sum: 94.9]
      [GC Worker End (ms): Min: 9178.4, Avg: 9178.4, Max: 9178.5, Diff: 0.1]
   [Code Root Fixup: 0.0 ms]
   [Code Root Purge: 0.0 ms]
   [Clear CT: 0.1 ms]
   [Other: 0.9 ms]
      [Evacuation Failure: 0.2 ms]
      [Choose CSet: 0.0 ms]
      [Ref Proc: 0.2 ms]
      [Ref Enq: 0.0 ms]
      [Redirty Cards: 0.1 ms]
      [Humongous Register: 0.1 ms]
      [Humongous Reclaim: 0.1 ms]
      [Free CSet: 0.1 ms]
   [Eden: 255.0M(255.0M)->0.0B(18.0M) Survivors: 8192.0K->33.0M Heap: 843.7M(1024.0M)->604.0M(1024.0M)]
 [Times: user=0.09 sys=0.00, real=0.01 secs] 
2021-01-18T10:16:12.241-0800: 9.183: [GC pause (G1 Evacuation Pause) (mixed), 0.0080483 secs]
   [Parallel Time: 7.0 ms, GC Workers: 8]
      [GC Worker Start (ms): Min: 9183.4, Avg: 9183.5, Max: 9183.5, Diff: 0.1]
      [Ext Root Scanning (ms): Min: 0.1, Avg: 0.1, Max: 0.2, Diff: 0.1, Sum: 0.9]
      [Update RS (ms): Min: 0.8, Avg: 0.9, Max: 0.9, Diff: 0.1, Sum: 6.8]
         [Processed Buffers: Min: 10, Avg: 11.0, Max: 15, Diff: 5, Sum: 88]
      [Scan RS (ms): Min: 0.0, Avg: 0.1, Max: 0.1, Diff: 0.1, Sum: 0.4]
      [Code Root Scanning (ms): Min: 0.0, Avg: 0.0, Max: 0.0, Diff: 0.0, Sum: 0.0]
      [Object Copy (ms): Min: 5.9, Avg: 5.9, Max: 5.9, Diff: 0.0, Sum: 46.9]
      [Termination (ms): Min: 0.0, Avg: 0.0, Max: 0.0, Diff: 0.0, Sum: 0.1]
         [Termination Attempts: Min: 1, Avg: 2.8, Max: 5, Diff: 4, Sum: 22]
      [GC Worker Other (ms): Min: 0.0, Avg: 0.0, Max: 0.0, Diff: 0.0, Sum: 0.2]
      [GC Worker Total (ms): Min: 6.9, Avg: 6.9, Max: 7.0, Diff: 0.1, Sum: 55.4]
      [GC Worker End (ms): Min: 9190.4, Avg: 9190.4, Max: 9190.4, Diff: 0.0]
   [Code Root Fixup: 0.0 ms]
   [Code Root Purge: 0.0 ms]
   [Clear CT: 0.2 ms]
   [Other: 0.8 ms]
      [Choose CSet: 0.0 ms]
      [Ref Proc: 0.2 ms]
      [Ref Enq: 0.0 ms]
      [Redirty Cards: 0.2 ms]
      [Humongous Register: 0.1 ms]
      [Humongous Reclaim: 0.0 ms]
      [Free CSet: 0.1 ms]
   [Eden: 18.0M(18.0M)->0.0B(47.0M) Survivors: 33.0M->4096.0K Heap: 630.8M(1024.0M)->536.5M(1024.0M)]
 [Times: user=0.05 sys=0.00, real=0.00 secs] 
2021-01-18T10:16:12.259-0800: 9.201: [GC pause (G1 Evacuation Pause) (mixed), 0.0074775 secs]
   [Parallel Time: 5.4 ms, GC Workers: 8]
      [GC Worker Start (ms): Min: 9201.2, Avg: 9201.3, Max: 9201.4, Diff: 0.1]
      [Ext Root Scanning (ms): Min: 0.1, Avg: 0.1, Max: 0.2, Diff: 0.1, Sum: 1.2]
      [Update RS (ms): Min: 1.8, Avg: 1.9, Max: 2.1, Diff: 0.3, Sum: 14.9]
         [Processed Buffers: Min: 5, Avg: 14.2, Max: 21, Diff: 16, Sum: 114]
      [Scan RS (ms): Min: 0.0, Avg: 0.0, Max: 0.1, Diff: 0.1, Sum: 0.3]
      [Code Root Scanning (ms): Min: 0.0, Avg: 0.0, Max: 0.0, Diff: 0.0, Sum: 0.0]
      [Object Copy (ms): Min: 3.0, Avg: 3.1, Max: 3.2, Diff: 0.3, Sum: 25.1]
      [Termination (ms): Min: 0.0, Avg: 0.0, Max: 0.1, Diff: 0.1, Sum: 0.4]
         [Termination Attempts: Min: 1, Avg: 1.0, Max: 1, Diff: 0, Sum: 8]
      [GC Worker Other (ms): Min: 0.0, Avg: 0.0, Max: 0.0, Diff: 0.0, Sum: 0.1]
      [GC Worker Total (ms): Min: 5.2, Avg: 5.2, Max: 5.3, Diff: 0.1, Sum: 41.9]
      [GC Worker End (ms): Min: 9206.5, Avg: 9206.6, Max: 9206.6, Diff: 0.0]
   [Code Root Fixup: 0.0 ms]
   [Code Root Purge: 0.0 ms]
   [Clear CT: 0.2 ms]
   [Other: 1.9 ms]
      [Choose CSet: 0.0 ms]
      [Ref Proc: 1.2 ms]
      [Ref Enq: 0.0 ms]
      [Redirty Cards: 0.2 ms]
      [Humongous Register: 0.2 ms]
      [Humongous Reclaim: 0.1 ms]
      [Free CSet: 0.1 ms]
   [Eden: 47.0M(47.0M)->0.0B(244.0M) Survivors: 4096.0K->7168.0K Heap: 596.5M(1024.0M)->523.7M(1024.0M)]
 [Times: user=0.04 sys=0.01, real=0.01 secs] 
2021-01-18T10:16:12.267-0800: 9.209: [GC pause (G1 Humongous Allocation) (young) (initial-mark), 0.0027455 secs]
   [Parallel Time: 1.3 ms, GC Workers: 8]
      [GC Worker Start (ms): Min: 9209.1, Avg: 9209.2, Max: 9209.4, Diff: 0.2]
      [Ext Root Scanning (ms): Min: 0.0, Avg: 0.3, Max: 0.8, Diff: 0.8, Sum: 2.5]
      [Update RS (ms): Min: 0.0, Avg: 0.1, Max: 0.2, Diff: 0.2, Sum: 0.9]
         [Processed Buffers: Min: 0, Avg: 1.1, Max: 2, Diff: 2, Sum: 9]
      [Scan RS (ms): Min: 0.0, Avg: 0.0, Max: 0.0, Diff: 0.0, Sum: 0.0]
      [Code Root Scanning (ms): Min: 0.0, Avg: 0.0, Max: 0.0, Diff: 0.0, Sum: 0.0]
      [Object Copy (ms): Min: 0.0, Avg: 0.4, Max: 0.5, Diff: 0.5, Sum: 3.1]
      [Termination (ms): Min: 0.0, Avg: 0.2, Max: 0.3, Diff: 0.3, Sum: 1.4]
         [Termination Attempts: Min: 1, Avg: 1.0, Max: 1, Diff: 0, Sum: 8]
      [GC Worker Other (ms): Min: 0.0, Avg: 0.0, Max: 0.0, Diff: 0.0, Sum: 0.1]
      [GC Worker Total (ms): Min: 0.8, Avg: 1.0, Max: 1.1, Diff: 0.3, Sum: 8.1]
      [GC Worker End (ms): Min: 9210.2, Avg: 9210.2, Max: 9210.3, Diff: 0.1]
   [Code Root Fixup: 0.0 ms]
   [Code Root Purge: 0.0 ms]
   [Clear CT: 0.1 ms]
   [Other: 1.4 ms]
      [Choose CSet: 0.0 ms]
      [Ref Proc: 0.8 ms]
      [Ref Enq: 0.0 ms]
      [Redirty Cards: 0.2 ms]
      [Humongous Register: 0.2 ms]
      [Humongous Reclaim: 0.0 ms]
      [Free CSet: 0.0 ms]
   [Eden: 1024.0K(244.0M)->0.0B(253.0M) Survivors: 7168.0K->7168.0K Heap: 524.3M(1024.0M)->523.6M(1024.0M)]
 [Times: user=0.01 sys=0.00, real=0.01 secs] 
2021-01-18T10:16:12.270-0800: 9.212: [GC concurrent-root-region-scan-start]
2021-01-18T10:16:12.270-0800: 9.212: [GC concurrent-root-region-scan-end, 0.0000989 secs]
2021-01-18T10:16:12.270-0800: 9.212: [GC concurrent-mark-start]
2021-01-18T10:16:12.271-0800: 9.213: [GC concurrent-mark-end, 0.0013597 secs]
2021-01-18T10:16:12.271-0800: 9.213: [GC remark 2021-01-18T10:16:12.271-0800: 9.213: [Finalize Marking, 0.0002164 secs] 2021-01-18T10:16:12.272-0800: 9.214: [GC ref-proc, 0.0000558 secs] 2021-01-18T10:16:12.272-0800: 9.214: [Unloading, 0.0005643 secs], 0.0022384 secs]
 [Times: user=0.01 sys=0.00, real=0.00 secs] 
2021-01-18T10:16:12.274-0800: 9.216: [GC cleanup 535M->534M(1024M), 0.0012537 secs]
 [Times: user=0.01 sys=0.00, real=0.00 secs] 
2021-01-18T10:16:12.275-0800: 9.217: [GC concurrent-cleanup-start]
2021-01-18T10:16:12.275-0800: 9.217: [GC concurrent-cleanup-end, 0.0000110 secs]
2021-01-18T10:16:12.319-0800: 9.261: [GC pause (G1 Evacuation Pause) (young) (to-space exhausted), 0.0140867 secs]
   [Parallel Time: 12.5 ms, GC Workers: 8]
      [GC Worker Start (ms): Min: 9260.7, Avg: 9260.8, Max: 9260.8, Diff: 0.1]
      [Ext Root Scanning (ms): Min: 0.1, Avg: 0.1, Max: 0.2, Diff: 0.1, Sum: 0.7]
      [Update RS (ms): Min: 5.8, Avg: 5.9, Max: 5.9, Diff: 0.1, Sum: 46.8]
         [Processed Buffers: Min: 49, Avg: 79.5, Max: 94, Diff: 45, Sum: 636]
      [Scan RS (ms): Min: 0.0, Avg: 0.0, Max: 0.0, Diff: 0.0, Sum: 0.2]
      [Code Root Scanning (ms): Min: 0.0, Avg: 0.0, Max: 0.0, Diff: 0.0, Sum: 0.0]
      [Object Copy (ms): Min: 5.3, Avg: 5.5, Max: 6.2, Diff: 0.9, Sum: 44.3]
      [Termination (ms): Min: 0.0, Avg: 0.8, Max: 1.1, Diff: 1.1, Sum: 6.2]
         [Termination Attempts: Min: 1, Avg: 1.0, Max: 1, Diff: 0, Sum: 8]
      [GC Worker Other (ms): Min: 0.0, Avg: 0.0, Max: 0.0, Diff: 0.0, Sum: 0.1]
      [GC Worker Total (ms): Min: 12.2, Avg: 12.3, Max: 12.4, Diff: 0.3, Sum: 98.4]
      [GC Worker End (ms): Min: 9273.0, Avg: 9273.1, Max: 9273.2, Diff: 0.2]
   [Code Root Fixup: 0.0 ms]
   [Code Root Purge: 0.0 ms]
   [Clear CT: 0.1 ms]
   [Other: 1.4 ms]
      [Evacuation Failure: 0.2 ms]
      [Choose CSet: 0.0 ms]
      [Ref Proc: 0.6 ms]
      [Ref Enq: 0.0 ms]
      [Redirty Cards: 0.2 ms]
      [Humongous Register: 0.1 ms]
      [Humongous Reclaim: 0.1 ms]
      [Free CSet: 0.1 ms]
   [Eden: 253.0M(253.0M)->0.0B(18.0M) Survivors: 7168.0K->33.0M Heap: 854.4M(1024.0M)->646.4M(1024.0M)]
 [Times: user=0.09 sys=0.00, real=0.02 secs] 
2021-01-18T10:16:12.336-0800: 9.278: [GC pause (G1 Evacuation Pause) (mixed), 0.0081222 secs]
   [Parallel Time: 7.1 ms, GC Workers: 8]
      [GC Worker Start (ms): Min: 9278.2, Avg: 9278.2, Max: 9278.3, Diff: 0.1]
      [Ext Root Scanning (ms): Min: 0.1, Avg: 0.1, Max: 0.2, Diff: 0.1, Sum: 1.0]
      [Update RS (ms): Min: 0.4, Avg: 0.4, Max: 0.5, Diff: 0.1, Sum: 3.2]
         [Processed Buffers: Min: 4, Avg: 5.6, Max: 8, Diff: 4, Sum: 45]
      [Scan RS (ms): Min: 0.0, Avg: 0.0, Max: 0.1, Diff: 0.1, Sum: 0.4]
      [Code Root Scanning (ms): Min: 0.0, Avg: 0.0, Max: 0.0, Diff: 0.0, Sum: 0.0]
      [Object Copy (ms): Min: 6.3, Avg: 6.3, Max: 6.4, Diff: 0.1, Sum: 50.6]
      [Termination (ms): Min: 0.0, Avg: 0.1, Max: 0.1, Diff: 0.1, Sum: 0.8]
         [Termination Attempts: Min: 1, Avg: 1.1, Max: 2, Diff: 1, Sum: 9]
      [GC Worker Other (ms): Min: 0.0, Avg: 0.0, Max: 0.0, Diff: 0.0, Sum: 0.1]
      [GC Worker Total (ms): Min: 7.0, Avg: 7.0, Max: 7.1, Diff: 0.1, Sum: 56.1]
      [GC Worker End (ms): Min: 9285.2, Avg: 9285.2, Max: 9285.2, Diff: 0.1]
   [Code Root Fixup: 0.0 ms]
   [Code Root Purge: 0.0 ms]
   [Clear CT: 0.2 ms]
   [Other: 0.8 ms]
      [Choose CSet: 0.0 ms]
      [Ref Proc: 0.2 ms]
      [Ref Enq: 0.0 ms]
      [Redirty Cards: 0.2 ms]
      [Humongous Register: 0.1 ms]
      [Humongous Reclaim: 0.0 ms]
      [Free CSet: 0.1 ms]
   [Eden: 18.0M(18.0M)->0.0B(44.0M) Survivors: 33.0M->7168.0K Heap: 667.5M(1024.0M)->579.8M(1024.0M)]
 [Times: user=0.04 sys=0.00, real=0.02 secs] 
2021-01-18T10:16:12.360-0800: 9.302: [GC pause (G1 Evacuation Pause) (mixed), 0.0060269 secs]
   [Parallel Time: 5.1 ms, GC Workers: 8]
      [GC Worker Start (ms): Min: 9301.8, Avg: 9301.9, Max: 9302.0, Diff: 0.2]
      [Ext Root Scanning (ms): Min: 0.0, Avg: 0.1, Max: 0.2, Diff: 0.2, Sum: 0.9]
      [Update RS (ms): Min: 1.2, Avg: 1.3, Max: 2.0, Diff: 0.8, Sum: 10.4]
         [Processed Buffers: Min: 7, Avg: 12.9, Max: 15, Diff: 8, Sum: 103]
      [Scan RS (ms): Min: 0.0, Avg: 0.0, Max: 0.1, Diff: 0.1, Sum: 0.4]
      [Code Root Scanning (ms): Min: 0.0, Avg: 0.0, Max: 0.0, Diff: 0.0, Sum: 0.0]
      [Object Copy (ms): Min: 2.3, Avg: 3.0, Max: 3.5, Diff: 1.2, Sum: 24.2]
      [Termination (ms): Min: 0.0, Avg: 0.4, Max: 0.6, Diff: 0.6, Sum: 3.3]
         [Termination Attempts: Min: 1, Avg: 1.4, Max: 4, Diff: 3, Sum: 11]
      [GC Worker Other (ms): Min: 0.0, Avg: 0.0, Max: 0.0, Diff: 0.0, Sum: 0.1]
      [GC Worker Total (ms): Min: 4.8, Avg: 4.9, Max: 5.0, Diff: 0.1, Sum: 39.3]
      [GC Worker End (ms): Min: 9306.8, Avg: 9306.8, Max: 9306.9, Diff: 0.1]
   [Code Root Fixup: 0.0 ms]
   [Code Root Purge: 0.0 ms]
   [Clear CT: 0.2 ms]
   [Other: 0.7 ms]
      [Choose CSet: 0.0 ms]
      [Ref Proc: 0.2 ms]
      [Ref Enq: 0.0 ms]
      [Redirty Cards: 0.2 ms]
      [Humongous Register: 0.1 ms]
      [Humongous Reclaim: 0.0 ms]
      [Free CSet: 0.1 ms]
   [Eden: 44.0M(44.0M)->0.0B(211.0M) Survivors: 7168.0K->7168.0K Heap: 635.6M(1024.0M)->577.3M(1024.0M)]
 [Times: user=0.03 sys=0.01, real=0.00 secs] 
2021-01-18T10:16:12.366-0800: 9.308: [GC pause (G1 Humongous Allocation) (young) (initial-mark), 0.0041181 secs]
   [Parallel Time: 2.0 ms, GC Workers: 8]
      [GC Worker Start (ms): Min: 9308.4, Avg: 9308.4, Max: 9308.5, Diff: 0.1]
      [Ext Root Scanning (ms): Min: 0.1, Avg: 0.2, Max: 0.3, Diff: 0.2, Sum: 1.3]
      [Update RS (ms): Min: 0.0, Avg: 0.2, Max: 0.4, Diff: 0.4, Sum: 1.3]
         [Processed Buffers: Min: 0, Avg: 1.1, Max: 3, Diff: 3, Sum: 9]
      [Scan RS (ms): Min: 0.0, Avg: 0.0, Max: 0.0, Diff: 0.0, Sum: 0.0]
      [Code Root Scanning (ms): Min: 0.0, Avg: 0.0, Max: 0.0, Diff: 0.0, Sum: 0.0]
      [Object Copy (ms): Min: 0.3, Avg: 0.6, Max: 1.3, Diff: 1.1, Sum: 4.8]
      [Termination (ms): Min: 0.0, Avg: 0.7, Max: 1.1, Diff: 1.1, Sum: 5.9]
         [Termination Attempts: Min: 1, Avg: 1.0, Max: 1, Diff: 0, Sum: 8]
      [GC Worker Other (ms): Min: 0.0, Avg: 0.0, Max: 0.0, Diff: 0.0, Sum: 0.1]
      [GC Worker Total (ms): Min: 1.6, Avg: 1.7, Max: 2.0, Diff: 0.4, Sum: 13.4]
      [GC Worker End (ms): Min: 9310.1, Avg: 9310.1, Max: 9310.4, Diff: 0.3]
   [Code Root Fixup: 0.0 ms]
   [Code Root Purge: 0.0 ms]
   [Clear CT: 0.3 ms]
   [Other: 1.8 ms]
      [Choose CSet: 0.0 ms]
      [Ref Proc: 1.4 ms]
      [Ref Enq: 0.0 ms]
      [Redirty Cards: 0.2 ms]
      [Humongous Register: 0.1 ms]
      [Humongous Reclaim: 0.0 ms]
      [Free CSet: 0.0 ms]
   [Eden: 2048.0K(211.0M)->0.0B(207.0M) Survivors: 7168.0K->8192.0K Heap: 579.0M(1024.0M)->577.7M(1024.0M)]
 [Times: user=0.02 sys=0.00, real=0.01 secs] 
2021-01-18T10:16:12.370-0800: 9.313: [GC concurrent-root-region-scan-start]
2021-01-18T10:16:12.371-0800: 9.313: [GC concurrent-root-region-scan-end, 0.0001285 secs]
2021-01-18T10:16:12.371-0800: 9.313: [GC concurrent-mark-start]
2021-01-18T10:16:12.372-0800: 9.314: [GC concurrent-mark-end, 0.0013597 secs]
2021-01-18T10:16:12.372-0800: 9.314: [GC remark 2021-01-18T10:16:12.372-0800: 9.314: [Finalize Marking, 0.0002479 secs] 2021-01-18T10:16:12.372-0800: 9.314: [GC ref-proc, 0.0000505 secs] 2021-01-18T10:16:12.372-0800: 9.315: [Unloading, 0.0005130 secs], 0.0018569 secs]
 [Times: user=0.01 sys=0.00, real=0.00 secs] 
2021-01-18T10:16:12.374-0800: 9.316: [GC cleanup 589M->584M(1024M), 0.0011151 secs]
 [Times: user=0.01 sys=0.00, real=0.00 secs] 
2021-01-18T10:16:12.375-0800: 9.317: [GC concurrent-cleanup-start]
2021-01-18T10:16:12.375-0800: 9.317: [GC concurrent-cleanup-end, 0.0000158 secs]
2021-01-18T10:16:12.409-0800: 9.351: [GC pause (G1 Evacuation Pause) (young), 0.0132288 secs]
   [Parallel Time: 11.7 ms, GC Workers: 8]
      [GC Worker Start (ms): Min: 9351.4, Avg: 9351.4, Max: 9351.4, Diff: 0.1]
      [Ext Root Scanning (ms): Min: 0.1, Avg: 0.1, Max: 0.2, Diff: 0.1, Sum: 0.8]
      [Update RS (ms): Min: 4.3, Avg: 4.3, Max: 4.3, Diff: 0.0, Sum: 34.3]
         [Processed Buffers: Min: 36, Avg: 56.0, Max: 65, Diff: 29, Sum: 448]
      [Scan RS (ms): Min: 0.0, Avg: 0.0, Max: 0.0, Diff: 0.0, Sum: 0.2]
      [Code Root Scanning (ms): Min: 0.0, Avg: 0.0, Max: 0.0, Diff: 0.0, Sum: 0.0]
      [Object Copy (ms): Min: 6.2, Avg: 6.3, Max: 7.0, Diff: 0.8, Sum: 50.7]
      [Termination (ms): Min: 0.0, Avg: 0.8, Max: 1.0, Diff: 1.0, Sum: 6.0]
         [Termination Attempts: Min: 1, Avg: 1.0, Max: 1, Diff: 0, Sum: 8]
      [GC Worker Other (ms): Min: 0.0, Avg: 0.0, Max: 0.0, Diff: 0.0, Sum: 0.1]
      [GC Worker Total (ms): Min: 11.4, Avg: 11.5, Max: 11.6, Diff: 0.2, Sum: 92.1]
      [GC Worker End (ms): Min: 9362.8, Avg: 9362.9, Max: 9363.0, Diff: 0.2]
   [Code Root Fixup: 0.0 ms]
   [Code Root Purge: 0.0 ms]
   [Clear CT: 0.1 ms]
   [Other: 1.3 ms]
      [Choose CSet: 0.0 ms]
      [Ref Proc: 0.8 ms]
      [Ref Enq: 0.0 ms]
      [Redirty Cards: 0.1 ms]
      [Humongous Register: 0.1 ms]
      [Humongous Reclaim: 0.1 ms]
      [Free CSet: 0.1 ms]
   [Eden: 207.0M(207.0M)->0.0B(24.0M) Survivors: 8192.0K->27.0M Heap: 834.6M(1024.0M)->644.7M(1024.0M)]
 [Times: user=0.08 sys=0.00, real=0.02 secs] 
2021-01-18T10:16:12.426-0800: 9.368: [GC pause (G1 Evacuation Pause) (mixed), 0.0066069 secs]
   [Parallel Time: 5.7 ms, GC Workers: 8]
      [GC Worker Start (ms): Min: 9368.3, Avg: 9368.4, Max: 9368.4, Diff: 0.1]
      [Ext Root Scanning (ms): Min: 0.1, Avg: 0.1, Max: 0.2, Diff: 0.1, Sum: 1.0]
      [Update RS (ms): Min: 1.0, Avg: 1.3, Max: 2.8, Diff: 1.7, Sum: 10.5]
         [Processed Buffers: Min: 1, Avg: 10.2, Max: 14, Diff: 13, Sum: 82]
      [Scan RS (ms): Min: 0.0, Avg: 0.2, Max: 1.4, Diff: 1.4, Sum: 1.7]
      [Code Root Scanning (ms): Min: 0.0, Avg: 0.0, Max: 0.0, Diff: 0.0, Sum: 0.0]
      [Object Copy (ms): Min: 2.6, Avg: 3.9, Max: 4.3, Diff: 1.7, Sum: 31.0]
      [Termination (ms): Min: 0.0, Avg: 0.1, Max: 0.1, Diff: 0.1, Sum: 0.4]
         [Termination Attempts: Min: 1, Avg: 1.0, Max: 1, Diff: 0, Sum: 8]
      [GC Worker Other (ms): Min: 0.0, Avg: 0.0, Max: 0.0, Diff: 0.0, Sum: 0.1]
      [GC Worker Total (ms): Min: 5.5, Avg: 5.6, Max: 5.7, Diff: 0.1, Sum: 44.8]
      [GC Worker End (ms): Min: 9374.0, Avg: 9374.0, Max: 9374.0, Diff: 0.0]
   [Code Root Fixup: 0.0 ms]
   [Code Root Purge: 0.0 ms]
   [Clear CT: 0.2 ms]
   [Other: 0.7 ms]
      [Choose CSet: 0.0 ms]
      [Ref Proc: 0.2 ms]
      [Ref Enq: 0.0 ms]
      [Redirty Cards: 0.1 ms]
      [Humongous Register: 0.1 ms]
      [Humongous Reclaim: 0.0 ms]
      [Free CSet: 0.1 ms]
   [Eden: 24.0M(24.0M)->0.0B(44.0M) Survivors: 27.0M->7168.0K Heap: 677.8M(1024.0M)->565.1M(1024.0M)]
 [Times: user=0.04 sys=0.00, real=0.01 secs] 
2021-01-18T10:16:12.442-0800: 9.384: [GC pause (G1 Evacuation Pause) (mixed), 0.0091779 secs]
   [Parallel Time: 8.1 ms, GC Workers: 8]
      [GC Worker Start (ms): Min: 9383.8, Avg: 9383.9, Max: 9383.9, Diff: 0.1]
      [Ext Root Scanning (ms): Min: 0.0, Avg: 0.1, Max: 0.2, Diff: 0.1, Sum: 0.9]
      [Update RS (ms): Min: 1.3, Avg: 1.4, Max: 1.5, Diff: 0.2, Sum: 10.9]
         [Processed Buffers: Min: 7, Avg: 14.4, Max: 17, Diff: 10, Sum: 115]
      [Scan RS (ms): Min: 0.0, Avg: 0.4, Max: 3.1, Diff: 3.1, Sum: 3.5]
      [Code Root Scanning (ms): Min: 0.0, Avg: 0.0, Max: 0.0, Diff: 0.0, Sum: 0.0]
      [Object Copy (ms): Min: 3.1, Avg: 5.6, Max: 6.2, Diff: 3.0, Sum: 44.5]
      [Termination (ms): Min: 0.0, Avg: 0.4, Max: 0.5, Diff: 0.5, Sum: 3.3]
         [Termination Attempts: Min: 1, Avg: 1.0, Max: 1, Diff: 0, Sum: 8]
      [GC Worker Other (ms): Min: 0.0, Avg: 0.0, Max: 0.0, Diff: 0.0, Sum: 0.1]
      [GC Worker Total (ms): Min: 7.7, Avg: 7.9, Max: 8.1, Diff: 0.4, Sum: 63.2]
      [GC Worker End (ms): Min: 9391.6, Avg: 9391.8, Max: 9391.8, Diff: 0.3]
   [Code Root Fixup: 0.0 ms]
   [Code Root Purge: 0.0 ms]
   [Clear CT: 0.1 ms]
   [Other: 0.9 ms]
      [Choose CSet: 0.0 ms]
      [Ref Proc: 0.2 ms]
      [Ref Enq: 0.0 ms]
      [Redirty Cards: 0.3 ms]
      [Humongous Register: 0.1 ms]
      [Humongous Reclaim: 0.0 ms]
      [Free CSet: 0.1 ms]
   [Eden: 44.0M(44.0M)->0.0B(44.0M) Survivors: 7168.0K->7168.0K Heap: 622.3M(1024.0M)->522.3M(1024.0M)]
 [Times: user=0.04 sys=0.00, real=0.01 secs] 
2021-01-18T10:16:12.461-0800: 9.403: [GC pause (G1 Evacuation Pause) (mixed), 0.0050842 secs]
   [Parallel Time: 3.6 ms, GC Workers: 8]
      [GC Worker Start (ms): Min: 9402.9, Avg: 9403.0, Max: 9403.0, Diff: 0.1]
      [Ext Root Scanning (ms): Min: 0.1, Avg: 0.1, Max: 0.2, Diff: 0.1, Sum: 0.9]
      [Update RS (ms): Min: 1.0, Avg: 1.0, Max: 1.1, Diff: 0.1, Sum: 8.2]
         [Processed Buffers: Min: 10, Avg: 11.6, Max: 13, Diff: 3, Sum: 93]
      [Scan RS (ms): Min: 0.0, Avg: 0.0, Max: 0.0, Diff: 0.0, Sum: 0.1]
      [Code Root Scanning (ms): Min: 0.0, Avg: 0.0, Max: 0.0, Diff: 0.0, Sum: 0.0]
      [Object Copy (ms): Min: 1.5, Avg: 1.6, Max: 2.3, Diff: 0.8, Sum: 13.0]
      [Termination (ms): Min: 0.0, Avg: 0.7, Max: 0.8, Diff: 0.8, Sum: 5.4]
         [Termination Attempts: Min: 1, Avg: 1.0, Max: 1, Diff: 0, Sum: 8]
      [GC Worker Other (ms): Min: 0.0, Avg: 0.0, Max: 0.0, Diff: 0.0, Sum: 0.1]
      [GC Worker Total (ms): Min: 3.4, Avg: 3.5, Max: 3.5, Diff: 0.1, Sum: 27.6]
      [GC Worker End (ms): Min: 9406.4, Avg: 9406.4, Max: 9406.4, Diff: 0.0]
   [Code Root Fixup: 0.0 ms]
   [Code Root Purge: 0.0 ms]
   [Clear CT: 0.1 ms]
   [Other: 1.3 ms]
      [Choose CSet: 0.0 ms]
      [Ref Proc: 0.9 ms]
      [Ref Enq: 0.0 ms]
      [Redirty Cards: 0.2 ms]
      [Humongous Register: 0.1 ms]
      [Humongous Reclaim: 0.1 ms]
      [Free CSet: 0.0 ms]
   [Eden: 44.0M(44.0M)->0.0B(241.0M) Survivors: 7168.0K->7168.0K Heap: 576.7M(1024.0M)->527.8M(1024.0M)]
 [Times: user=0.03 sys=0.01, real=0.00 secs] 
2021-01-18T10:16:12.466-0800: 9.408: [GC pause (G1 Humongous Allocation) (young) (initial-mark), 0.0031318 secs]
   [Parallel Time: 1.8 ms, GC Workers: 8]
      [GC Worker Start (ms): Min: 9408.3, Avg: 9408.4, Max: 9408.4, Diff: 0.1]
      [Ext Root Scanning (ms): Min: 0.1, Avg: 0.1, Max: 0.2, Diff: 0.1, Sum: 1.0]
      [Update RS (ms): Min: 0.0, Avg: 0.2, Max: 1.3, Diff: 1.2, Sum: 1.7]
         [Processed Buffers: Min: 1, Avg: 1.1, Max: 2, Diff: 1, Sum: 9]
      [Scan RS (ms): Min: 0.0, Avg: 0.0, Max: 0.0, Diff: 0.0, Sum: 0.0]
      [Code Root Scanning (ms): Min: 0.0, Avg: 0.0, Max: 0.0, Diff: 0.0, Sum: 0.0]
      [Object Copy (ms): Min: 0.2, Avg: 0.4, Max: 0.6, Diff: 0.4, Sum: 3.2]
      [Termination (ms): Min: 0.0, Avg: 0.9, Max: 1.1, Diff: 1.1, Sum: 7.0]
         [Termination Attempts: Min: 1, Avg: 1.4, Max: 2, Diff: 1, Sum: 11]
      [GC Worker Other (ms): Min: 0.0, Avg: 0.0, Max: 0.0, Diff: 0.0, Sum: 0.1]
      [GC Worker Total (ms): Min: 1.6, Avg: 1.6, Max: 1.7, Diff: 0.1, Sum: 13.1]
      [GC Worker End (ms): Min: 9410.0, Avg: 9410.0, Max: 9410.0, Diff: 0.1]
   [Code Root Fixup: 0.0 ms]
   [Code Root Purge: 0.0 ms]
   [Clear CT: 0.1 ms]
   [Other: 1.2 ms]
      [Choose CSet: 0.0 ms]
      [Ref Proc: 0.8 ms]
      [Ref Enq: 0.0 ms]
      [Redirty Cards: 0.1 ms]
      [Humongous Register: 0.1 ms]
      [Humongous Reclaim: 0.0 ms]
      [Free CSet: 0.0 ms]
   [Eden: 2048.0K(241.0M)->0.0B(246.0M) Survivors: 7168.0K->7168.0K Heap: 528.9M(1024.0M)->527.1M(1024.0M)]
 [Times: user=0.02 sys=0.00, real=0.00 secs] 
2021-01-18T10:16:12.469-0800: 9.411: [GC concurrent-root-region-scan-start]
2021-01-18T10:16:12.469-0800: 9.412: [GC concurrent-root-region-scan-end, 0.0000911 secs]
2021-01-18T10:16:12.469-0800: 9.412: [GC concurrent-mark-start]
2021-01-18T10:16:12.471-0800: 9.413: [GC concurrent-mark-end, 0.0012643 secs]
2021-01-18T10:16:12.471-0800: 9.413: [GC remark 2021-01-18T10:16:12.471-0800: 9.413: [Finalize Marking, 0.0001929 secs] 2021-01-18T10:16:12.471-0800: 9.413: [GC ref-proc, 0.0000539 secs] 2021-01-18T10:16:12.471-0800: 9.413: [Unloading, 0.0005206 secs], 0.0018112 secs]
 [Times: user=0.01 sys=0.00, real=0.00 secs] 
2021-01-18T10:16:12.473-0800: 9.415: [GC cleanup 537M->533M(1024M), 0.0009145 secs]
 [Times: user=0.00 sys=0.00, real=0.00 secs] 
2021-01-18T10:16:12.474-0800: 9.416: [GC concurrent-cleanup-start]
2021-01-18T10:16:12.474-0800: 9.416: [GC concurrent-cleanup-end, 0.0000113 secs]
2021-01-18T10:16:12.512-0800: 9.454: [GC pause (G1 Evacuation Pause) (young), 0.0111414 secs]
   [Parallel Time: 10.4 ms, GC Workers: 8]
      [GC Worker Start (ms): Min: 9454.3, Avg: 9454.3, Max: 9454.4, Diff: 0.1]
      [Ext Root Scanning (ms): Min: 0.1, Avg: 0.1, Max: 0.2, Diff: 0.1, Sum: 0.7]
      [Update RS (ms): Min: 3.4, Avg: 3.4, Max: 3.5, Diff: 0.0, Sum: 27.4]
         [Processed Buffers: Min: 51, Avg: 53.0, Max: 55, Diff: 4, Sum: 424]
      [Scan RS (ms): Min: 0.0, Avg: 0.0, Max: 0.0, Diff: 0.0, Sum: 0.2]
      [Code Root Scanning (ms): Min: 0.0, Avg: 0.0, Max: 0.0, Diff: 0.0, Sum: 0.0]
      [Object Copy (ms): Min: 6.6, Avg: 6.6, Max: 6.7, Diff: 0.1, Sum: 53.0]
      [Termination (ms): Min: 0.0, Avg: 0.1, Max: 0.1, Diff: 0.1, Sum: 0.6]
         [Termination Attempts: Min: 1, Avg: 1.0, Max: 1, Diff: 0, Sum: 8]
      [GC Worker Other (ms): Min: 0.0, Avg: 0.0, Max: 0.0, Diff: 0.0, Sum: 0.1]
      [GC Worker Total (ms): Min: 10.2, Avg: 10.3, Max: 10.3, Diff: 0.1, Sum: 82.1]
      [GC Worker End (ms): Min: 9464.6, Avg: 9464.6, Max: 9464.6, Diff: 0.1]
   [Code Root Fixup: 0.0 ms]
   [Code Root Purge: 0.0 ms]
   [Clear CT: 0.1 ms]
   [Other: 0.6 ms]
      [Choose CSet: 0.0 ms]
      [Ref Proc: 0.1 ms]
      [Ref Enq: 0.0 ms]
      [Redirty Cards: 0.1 ms]
      [Humongous Register: 0.1 ms]
      [Humongous Reclaim: 0.1 ms]
      [Free CSet: 0.1 ms]
   [Eden: 246.0M(246.0M)->0.0B(19.0M) Survivors: 7168.0K->32.0M Heap: 820.9M(1024.0M)->576.6M(1024.0M)]
 [Times: user=0.08 sys=0.00, real=0.01 secs] 
2021-01-18T10:16:12.527-0800: 9.469: [GC pause (G1 Evacuation Pause) (mixed), 0.0106923 secs]
   [Parallel Time: 8.6 ms, GC Workers: 8]
      [GC Worker Start (ms): Min: 9469.1, Avg: 9469.2, Max: 9469.2, Diff: 0.1]
      [Ext Root Scanning (ms): Min: 0.1, Avg: 0.1, Max: 0.2, Diff: 0.1, Sum: 1.1]
      [Update RS (ms): Min: 0.6, Avg: 0.6, Max: 0.7, Diff: 0.1, Sum: 5.1]
         [Processed Buffers: Min: 3, Avg: 6.9, Max: 8, Diff: 5, Sum: 55]
      [Scan RS (ms): Min: 0.1, Avg: 0.1, Max: 0.1, Diff: 0.0, Sum: 0.5]
      [Code Root Scanning (ms): Min: 0.0, Avg: 0.0, Max: 0.0, Diff: 0.0, Sum: 0.0]
      [Object Copy (ms): Min: 6.2, Avg: 6.4, Max: 7.4, Diff: 1.1, Sum: 51.4]
      [Termination (ms): Min: 0.0, Avg: 1.2, Max: 1.4, Diff: 1.4, Sum: 9.6]
         [Termination Attempts: Min: 1, Avg: 1.0, Max: 1, Diff: 0, Sum: 8]
      [GC Worker Other (ms): Min: 0.0, Avg: 0.0, Max: 0.0, Diff: 0.0, Sum: 0.1]
      [GC Worker Total (ms): Min: 8.2, Avg: 8.5, Max: 8.6, Diff: 0.4, Sum: 67.8]
      [GC Worker End (ms): Min: 9477.4, Avg: 9477.7, Max: 9477.7, Diff: 0.3]
   [Code Root Fixup: 0.0 ms]
   [Code Root Purge: 0.0 ms]
   [Clear CT: 0.3 ms]
   [Other: 1.8 ms]
      [Choose CSet: 0.1 ms]
      [Ref Proc: 1.2 ms]
      [Ref Enq: 0.0 ms]
      [Redirty Cards: 0.2 ms]
      [Humongous Register: 0.1 ms]
      [Humongous Reclaim: 0.1 ms]
      [Free CSet: 0.1 ms]
   [Eden: 19.0M(19.0M)->0.0B(45.0M) Survivors: 32.0M->6144.0K Heap: 601.3M(1024.0M)->511.7M(1024.0M)]
 [Times: user=0.06 sys=0.00, real=0.01 secs] 
2021-01-18T10:16:12.549-0800: 9.491: [GC pause (G1 Evacuation Pause) (mixed), 0.0077443 secs]
   [Parallel Time: 5.8 ms, GC Workers: 8]
      [GC Worker Start (ms): Min: 9491.1, Avg: 9491.7, Max: 9494.6, Diff: 3.5]
      [Ext Root Scanning (ms): Min: 0.0, Avg: 0.1, Max: 0.4, Diff: 0.4, Sum: 1.2]
      [Update RS (ms): Min: 0.0, Avg: 1.5, Max: 2.2, Diff: 2.2, Sum: 12.0]
         [Processed Buffers: Min: 0, Avg: 11.4, Max: 20, Diff: 20, Sum: 91]
      [Scan RS (ms): Min: 0.0, Avg: 0.1, Max: 0.1, Diff: 0.1, Sum: 0.6]
      [Code Root Scanning (ms): Min: 0.0, Avg: 0.0, Max: 0.0, Diff: 0.0, Sum: 0.0]
      [Object Copy (ms): Min: 1.1, Avg: 2.6, Max: 3.5, Diff: 2.4, Sum: 20.6]
      [Termination (ms): Min: 0.0, Avg: 0.8, Max: 1.1, Diff: 1.1, Sum: 6.3]
         [Termination Attempts: Min: 1, Avg: 1.0, Max: 1, Diff: 0, Sum: 8]
      [GC Worker Other (ms): Min: 0.0, Avg: 0.0, Max: 0.0, Diff: 0.0, Sum: 0.1]
      [GC Worker Total (ms): Min: 2.2, Avg: 5.1, Max: 5.7, Diff: 3.5, Sum: 40.8]
      [GC Worker End (ms): Min: 9496.7, Avg: 9496.8, Max: 9496.9, Diff: 0.2]
   [Code Root Fixup: 0.0 ms]
   [Code Root Purge: 0.0 ms]
   [Clear CT: 0.2 ms]
   [Other: 1.7 ms]
      [Choose CSet: 0.0 ms]
      [Ref Proc: 1.0 ms]
      [Ref Enq: 0.0 ms]
      [Redirty Cards: 0.2 ms]
      [Humongous Register: 0.2 ms]
      [Humongous Reclaim: 0.1 ms]
      [Free CSet: 0.1 ms]
   [Eden: 45.0M(45.0M)->0.0B(264.0M) Survivors: 6144.0K->7168.0K Heap: 566.9M(1024.0M)->508.4M(1024.0M)]
 [Times: user=0.03 sys=0.00, real=0.01 secs] 
2021-01-18T10:16:12.558-0800: 9.500: [GC pause (G1 Humongous Allocation) (young) (initial-mark), 0.0020944 secs]
   [Parallel Time: 1.3 ms, GC Workers: 8]
      [GC Worker Start (ms): Min: 9500.5, Avg: 9500.6, Max: 9500.6, Diff: 0.1]
      [Ext Root Scanning (ms): Min: 0.1, Avg: 0.1, Max: 0.2, Diff: 0.1, Sum: 1.1]
      [Update RS (ms): Min: 0.0, Avg: 0.1, Max: 0.2, Diff: 0.2, Sum: 1.0]
         [Processed Buffers: Min: 1, Avg: 1.0, Max: 1, Diff: 0, Sum: 8]
      [Scan RS (ms): Min: 0.0, Avg: 0.0, Max: 0.0, Diff: 0.0, Sum: 0.0]
      [Code Root Scanning (ms): Min: 0.0, Avg: 0.0, Max: 0.0, Diff: 0.0, Sum: 0.0]
      [Object Copy (ms): Min: 0.7, Avg: 0.8, Max: 0.9, Diff: 0.3, Sum: 6.3]
      [Termination (ms): Min: 0.0, Avg: 0.0, Max: 0.1, Diff: 0.1, Sum: 0.3]
         [Termination Attempts: Min: 1, Avg: 1.0, Max: 1, Diff: 0, Sum: 8]
      [GC Worker Other (ms): Min: 0.0, Avg: 0.0, Max: 0.0, Diff: 0.0, Sum: 0.1]
      [GC Worker Total (ms): Min: 1.0, Avg: 1.1, Max: 1.2, Diff: 0.1, Sum: 8.8]
      [GC Worker End (ms): Min: 9501.7, Avg: 9501.7, Max: 9501.7, Diff: 0.0]
   [Code Root Fixup: 0.0 ms]
   [Code Root Purge: 0.0 ms]
   [Clear CT: 0.1 ms]
   [Other: 0.7 ms]
      [Choose CSet: 0.0 ms]
      [Ref Proc: 0.2 ms]
      [Ref Enq: 0.0 ms]
      [Redirty Cards: 0.1 ms]
      [Humongous Register: 0.1 ms]
      [Humongous Reclaim: 0.0 ms]
      [Free CSet: 0.0 ms]
   [Eden: 11.0M(264.0M)->0.0B(257.0M) Survivors: 7168.0K->11.0M Heap: 519.0M(1024.0M)->509.8M(1024.0M)]
 [Times: user=0.01 sys=0.00, real=0.01 secs] 
2021-01-18T10:16:12.560-0800: 9.503: [GC concurrent-root-region-scan-start]
2021-01-18T10:16:12.561-0800: 9.503: [GC concurrent-root-region-scan-end, 0.0000930 secs]
2021-01-18T10:16:12.561-0800: 9.503: [GC concurrent-mark-start]
2021-01-18T10:16:12.562-0800: 9.504: [GC concurrent-mark-end, 0.0013400 secs]
2021-01-18T10:16:12.562-0800: 9.504: [GC remark 2021-01-18T10:16:12.562-0800: 9.504: [Finalize Marking, 0.0002298 secs] 2021-01-18T10:16:12.562-0800: 9.504: [GC ref-proc, 0.0000557 secs] 2021-01-18T10:16:12.562-0800: 9.504: [Unloading, 0.0004795 secs], 0.0018166 secs]
 [Times: user=0.01 sys=0.01, real=0.00 secs] 
2021-01-18T10:16:12.564-0800: 9.506: [GC cleanup 520M->519M(1024M), 0.0009540 secs]
 [Times: user=0.00 sys=0.00, real=0.00 secs] 
2021-01-18T10:16:12.565-0800: 9.507: [GC concurrent-cleanup-start]
2021-01-18T10:16:12.565-0800: 9.507: [GC concurrent-cleanup-end, 0.0000130 secs]
2021-01-18T10:16:12.606-0800: 9.548: [GC pause (G1 Evacuation Pause) (young) (to-space exhausted), 0.0127129 secs]
   [Parallel Time: 11.5 ms, GC Workers: 8]
      [GC Worker Start (ms): Min: 9548.6, Avg: 9548.7, Max: 9548.7, Diff: 0.1]
      [Ext Root Scanning (ms): Min: 0.0, Avg: 0.1, Max: 0.1, Diff: 0.1, Sum: 0.7]
      [Update RS (ms): Min: 5.2, Avg: 5.2, Max: 5.2, Diff: 0.0, Sum: 41.5]
         [Processed Buffers: Min: 77, Avg: 78.6, Max: 81, Diff: 4, Sum: 629]
      [Scan RS (ms): Min: 0.0, Avg: 0.0, Max: 0.0, Diff: 0.0, Sum: 0.2]
      [Code Root Scanning (ms): Min: 0.0, Avg: 0.0, Max: 0.0, Diff: 0.0, Sum: 0.0]
      [Object Copy (ms): Min: 5.8, Avg: 5.8, Max: 5.9, Diff: 0.1, Sum: 46.5]
      [Termination (ms): Min: 0.0, Avg: 0.2, Max: 0.3, Diff: 0.2, Sum: 1.4]
         [Termination Attempts: Min: 1, Avg: 1.1, Max: 2, Diff: 1, Sum: 9]
      [GC Worker Other (ms): Min: 0.0, Avg: 0.0, Max: 0.0, Diff: 0.0, Sum: 0.1]
      [GC Worker Total (ms): Min: 11.2, Avg: 11.3, Max: 11.3, Diff: 0.1, Sum: 90.4]
      [GC Worker End (ms): Min: 9559.9, Avg: 9560.0, Max: 9560.0, Diff: 0.1]
   [Code Root Fixup: 0.0 ms]
   [Code Root Purge: 0.0 ms]
   [Clear CT: 0.1 ms]
   [Other: 1.1 ms]
      [Evacuation Failure: 0.3 ms]
      [Choose CSet: 0.0 ms]
      [Ref Proc: 0.1 ms]
      [Ref Enq: 0.0 ms]
      [Redirty Cards: 0.2 ms]
      [Humongous Register: 0.2 ms]
      [Humongous Reclaim: 0.1 ms]
      [Free CSet: 0.1 ms]
   [Eden: 257.0M(257.0M)->0.0B(17.0M) Survivors: 11.0M->34.0M Heap: 843.2M(1024.0M)->631.3M(1024.0M)]
 [Times: user=0.09 sys=0.00, real=0.01 secs] 
2021-01-18T10:16:12.622-0800: 9.564: [GC pause (G1 Evacuation Pause) (mixed), 0.0082621 secs]
   [Parallel Time: 7.1 ms, GC Workers: 8]
      [GC Worker Start (ms): Min: 9564.6, Avg: 9564.7, Max: 9564.8, Diff: 0.1]
      [Ext Root Scanning (ms): Min: 0.1, Avg: 0.1, Max: 0.2, Diff: 0.1, Sum: 0.9]
      [Update RS (ms): Min: 0.4, Avg: 0.4, Max: 0.5, Diff: 0.1, Sum: 3.6]
         [Processed Buffers: Min: 5, Avg: 6.4, Max: 9, Diff: 4, Sum: 51]
      [Scan RS (ms): Min: 0.0, Avg: 0.1, Max: 0.1, Diff: 0.1, Sum: 0.5]
      [Code Root Scanning (ms): Min: 0.0, Avg: 0.0, Max: 0.0, Diff: 0.0, Sum: 0.0]
      [Object Copy (ms): Min: 6.3, Avg: 6.3, Max: 6.3, Diff: 0.1, Sum: 50.6]
      [Termination (ms): Min: 0.0, Avg: 0.0, Max: 0.0, Diff: 0.0, Sum: 0.2]
         [Termination Attempts: Min: 1, Avg: 1.0, Max: 1, Diff: 0, Sum: 8]
      [GC Worker Other (ms): Min: 0.0, Avg: 0.0, Max: 0.0, Diff: 0.0, Sum: 0.1]
      [GC Worker Total (ms): Min: 6.9, Avg: 7.0, Max: 7.1, Diff: 0.1, Sum: 55.9]
      [GC Worker End (ms): Min: 9571.7, Avg: 9571.7, Max: 9571.7, Diff: 0.0]
   [Code Root Fixup: 0.0 ms]
   [Code Root Purge: 0.0 ms]
   [Clear CT: 0.3 ms]
   [Other: 0.9 ms]
      [Choose CSet: 0.0 ms]
      [Ref Proc: 0.2 ms]
      [Ref Enq: 0.0 ms]
      [Redirty Cards: 0.2 ms]
      [Humongous Register: 0.1 ms]
      [Humongous Reclaim: 0.0 ms]
      [Free CSet: 0.2 ms]
   [Eden: 17.0M(17.0M)->0.0B(45.0M) Survivors: 34.0M->6144.0K Heap: 652.5M(1024.0M)->564.2M(1024.0M)]
 [Times: user=0.05 sys=0.00, real=0.01 secs] 
2021-01-18T10:16:12.640-0800: 9.582: [GC pause (G1 Evacuation Pause) (mixed), 0.0051696 secs]
   [Parallel Time: 4.2 ms, GC Workers: 8]
      [GC Worker Start (ms): Min: 9582.2, Avg: 9582.3, Max: 9582.4, Diff: 0.2]
      [Ext Root Scanning (ms): Min: 0.1, Avg: 0.1, Max: 0.2, Diff: 0.2, Sum: 0.9]
      [Update RS (ms): Min: 1.1, Avg: 1.1, Max: 1.1, Diff: 0.1, Sum: 8.8]
         [Processed Buffers: Min: 10, Avg: 11.1, Max: 12, Diff: 2, Sum: 89]
      [Scan RS (ms): Min: 0.0, Avg: 0.0, Max: 0.1, Diff: 0.1, Sum: 0.2]
      [Code Root Scanning (ms): Min: 0.0, Avg: 0.0, Max: 0.0, Diff: 0.0, Sum: 0.0]
      [Object Copy (ms): Min: 2.6, Avg: 2.7, Max: 2.7, Diff: 0.1, Sum: 21.4]
      [Termination (ms): Min: 0.0, Avg: 0.1, Max: 0.1, Diff: 0.1, Sum: 0.5]
         [Termination Attempts: Min: 1, Avg: 1.0, Max: 1, Diff: 0, Sum: 8]
      [GC Worker Other (ms): Min: 0.0, Avg: 0.0, Max: 0.0, Diff: 0.0, Sum: 0.1]
      [GC Worker Total (ms): Min: 3.9, Avg: 4.0, Max: 4.1, Diff: 0.2, Sum: 32.0]
      [GC Worker End (ms): Min: 9586.3, Avg: 9586.3, Max: 9586.4, Diff: 0.0]
   [Code Root Fixup: 0.0 ms]
   [Code Root Purge: 0.0 ms]
   [Clear CT: 0.1 ms]
   [Other: 0.8 ms]
      [Choose CSet: 0.0 ms]
      [Ref Proc: 0.4 ms]
      [Ref Enq: 0.0 ms]
      [Redirty Cards: 0.1 ms]
      [Humongous Register: 0.1 ms]
      [Humongous Reclaim: 0.1 ms]
      [Free CSet: 0.1 ms]
   [Eden: 45.0M(45.0M)->0.0B(221.0M) Survivors: 6144.0K->7168.0K Heap: 619.1M(1024.0M)->561.7M(1024.0M)]
 [Times: user=0.03 sys=0.00, real=0.00 secs] 
2021-01-18T10:16:12.646-0800: 9.588: [GC pause (G1 Humongous Allocation) (young) (initial-mark), 0.0021426 secs]
   [Parallel Time: 1.1 ms, GC Workers: 8]
      [GC Worker Start (ms): Min: 9587.8, Avg: 9587.9, Max: 9588.0, Diff: 0.1]
      [Ext Root Scanning (ms): Min: 0.1, Avg: 0.1, Max: 0.2, Diff: 0.1, Sum: 1.1]
      [Update RS (ms): Min: 0.1, Avg: 0.1, Max: 0.2, Diff: 0.2, Sum: 0.8]
         [Processed Buffers: Min: 1, Avg: 1.1, Max: 2, Diff: 1, Sum: 9]
      [Scan RS (ms): Min: 0.0, Avg: 0.0, Max: 0.0, Diff: 0.0, Sum: 0.0]
      [Code Root Scanning (ms): Min: 0.0, Avg: 0.0, Max: 0.0, Diff: 0.0, Sum: 0.0]
      [Object Copy (ms): Min: 0.4, Avg: 0.6, Max: 0.7, Diff: 0.2, Sum: 4.7]
      [Termination (ms): Min: 0.0, Avg: 0.1, Max: 0.2, Diff: 0.1, Sum: 0.5]
         [Termination Attempts: Min: 1, Avg: 1.0, Max: 1, Diff: 0, Sum: 8]
      [GC Worker Other (ms): Min: 0.0, Avg: 0.0, Max: 0.0, Diff: 0.0, Sum: 0.1]
      [GC Worker Total (ms): Min: 0.8, Avg: 0.9, Max: 1.0, Diff: 0.1, Sum: 7.2]
      [GC Worker End (ms): Min: 9588.8, Avg: 9588.8, Max: 9588.8, Diff: 0.1]
   [Code Root Fixup: 0.0 ms]
   [Code Root Purge: 0.0 ms]
   [Clear CT: 0.2 ms]
   [Other: 0.8 ms]
      [Choose CSet: 0.0 ms]
      [Ref Proc: 0.2 ms]
      [Ref Enq: 0.0 ms]
      [Redirty Cards: 0.2 ms]
      [Humongous Register: 0.1 ms]
      [Humongous Reclaim: 0.1 ms]
      [Free CSet: 0.1 ms]
   [Eden: 2048.0K(221.0M)->0.0B(210.0M) Survivors: 7168.0K->9216.0K Heap: 563.2M(1024.0M)->562.8M(1024.0M)]
 [Times: user=0.01 sys=0.00, real=0.00 secs] 
2021-01-18T10:16:12.648-0800: 9.590: [GC concurrent-root-region-scan-start]
2021-01-18T10:16:12.648-0800: 9.590: [GC concurrent-root-region-scan-end, 0.0001340 secs]
2021-01-18T10:16:12.648-0800: 9.590: [GC concurrent-mark-start]
2021-01-18T10:16:12.650-0800: 9.592: [GC concurrent-mark-end, 0.0017746 secs]
2021-01-18T10:16:12.650-0800: 9.592: [GC remark 2021-01-18T10:16:12.650-0800: 9.592: [Finalize Marking, 0.0002175 secs] 2021-01-18T10:16:12.650-0800: 9.592: [GC ref-proc, 0.0000577 secs] 2021-01-18T10:16:12.650-0800: 9.592: [Unloading, 0.0005701 secs], 0.0020833 secs]
 [Times: user=0.01 sys=0.00, real=0.00 secs] 
2021-01-18T10:16:12.652-0800: 9.594: [GC cleanup 576M->565M(1024M), 0.0012421 secs]
 [Times: user=0.00 sys=0.00, real=0.00 secs] 
2021-01-18T10:16:12.654-0800: 9.596: [GC concurrent-cleanup-start]
2021-01-18T10:16:12.654-0800: 9.596: [GC concurrent-cleanup-end, 0.0000208 secs]
2021-01-18T10:16:12.687-0800: 9.629: [GC pause (G1 Evacuation Pause) (young), 0.0121623 secs]
   [Parallel Time: 11.3 ms, GC Workers: 8]
      [GC Worker Start (ms): Min: 9629.4, Avg: 9629.5, Max: 9629.5, Diff: 0.1]
      [Ext Root Scanning (ms): Min: 0.1, Avg: 0.1, Max: 0.2, Diff: 0.1, Sum: 0.8]
      [Update RS (ms): Min: 4.3, Avg: 4.3, Max: 4.3, Diff: 0.1, Sum: 34.4]
         [Processed Buffers: Min: 62, Avg: 64.0, Max: 65, Diff: 3, Sum: 512]
      [Scan RS (ms): Min: 0.0, Avg: 0.0, Max: 0.0, Diff: 0.0, Sum: 0.2]
      [Code Root Scanning (ms): Min: 0.0, Avg: 0.0, Max: 0.0, Diff: 0.0, Sum: 0.0]
      [Object Copy (ms): Min: 6.7, Avg: 6.7, Max: 6.8, Diff: 0.1, Sum: 53.9]
      [Termination (ms): Min: 0.0, Avg: 0.0, Max: 0.1, Diff: 0.1, Sum: 0.3]
         [Termination Attempts: Min: 1, Avg: 1.0, Max: 1, Diff: 0, Sum: 8]
      [GC Worker Other (ms): Min: 0.0, Avg: 0.0, Max: 0.0, Diff: 0.0, Sum: 0.1]
      [GC Worker Total (ms): Min: 11.2, Avg: 11.2, Max: 11.3, Diff: 0.1, Sum: 89.7]
      [GC Worker End (ms): Min: 9640.7, Avg: 9640.7, Max: 9640.7, Diff: 0.0]
   [Code Root Fixup: 0.0 ms]
   [Code Root Purge: 0.0 ms]
   [Clear CT: 0.1 ms]
   [Other: 0.7 ms]
      [Choose CSet: 0.0 ms]
      [Ref Proc: 0.2 ms]
      [Ref Enq: 0.0 ms]
      [Redirty Cards: 0.1 ms]
      [Humongous Register: 0.1 ms]
      [Humongous Reclaim: 0.1 ms]
      [Free CSet: 0.1 ms]
   [Eden: 210.0M(210.0M)->0.0B(23.0M) Survivors: 9216.0K->28.0M Heap: 824.8M(1024.0M)->616.7M(1024.0M)]
 [Times: user=0.08 sys=0.01, real=0.01 secs] 
2021-01-18T10:16:12.704-0800: 9.646: [GC pause (G1 Evacuation Pause) (mixed), 0.0067444 secs]
   [Parallel Time: 5.8 ms, GC Workers: 8]
      [GC Worker Start (ms): Min: 9645.9, Avg: 9646.0, Max: 9646.1, Diff: 0.2]
      [Ext Root Scanning (ms): Min: 0.0, Avg: 0.1, Max: 0.2, Diff: 0.2, Sum: 1.0]
      [Update RS (ms): Min: 0.7, Avg: 0.7, Max: 0.8, Diff: 0.1, Sum: 5.8]
         [Processed Buffers: Min: 7, Avg: 8.5, Max: 9, Diff: 2, Sum: 68]
      [Scan RS (ms): Min: 0.0, Avg: 0.0, Max: 0.1, Diff: 0.1, Sum: 0.4]
      [Code Root Scanning (ms): Min: 0.0, Avg: 0.0, Max: 0.0, Diff: 0.0, Sum: 0.0]
      [Object Copy (ms): Min: 4.6, Avg: 4.6, Max: 4.7, Diff: 0.1, Sum: 37.2]
      [Termination (ms): Min: 0.0, Avg: 0.1, Max: 0.2, Diff: 0.2, Sum: 0.7]
         [Termination Attempts: Min: 1, Avg: 1.0, Max: 1, Diff: 0, Sum: 8]
      [GC Worker Other (ms): Min: 0.0, Avg: 0.0, Max: 0.0, Diff: 0.0, Sum: 0.1]
      [GC Worker Total (ms): Min: 5.5, Avg: 5.6, Max: 5.8, Diff: 0.3, Sum: 45.1]
      [GC Worker End (ms): Min: 9651.6, Avg: 9651.6, Max: 9651.7, Diff: 0.1]
   [Code Root Fixup: 0.0 ms]
   [Code Root Purge: 0.0 ms]
   [Clear CT: 0.1 ms]
   [Other: 0.8 ms]
      [Choose CSet: 0.0 ms]
      [Ref Proc: 0.3 ms]
      [Ref Enq: 0.0 ms]
      [Redirty Cards: 0.1 ms]
      [Humongous Register: 0.1 ms]
      [Humongous Reclaim: 0.0 ms]
      [Free CSet: 0.1 ms]
   [Eden: 23.0M(23.0M)->0.0B(44.0M) Survivors: 28.0M->7168.0K Heap: 647.0M(1024.0M)->537.6M(1024.0M)]
 [Times: user=0.04 sys=0.00, real=0.01 secs] 
2021-01-18T10:16:12.721-0800: 9.663: [GC pause (G1 Evacuation Pause) (mixed), 0.0060071 secs]
   [Parallel Time: 5.0 ms, GC Workers: 8]
      [GC Worker Start (ms): Min: 9663.0, Avg: 9663.0, Max: 9663.1, Diff: 0.1]
      [Ext Root Scanning (ms): Min: 0.1, Avg: 0.1, Max: 0.2, Diff: 0.1, Sum: 1.0]
      [Update RS (ms): Min: 0.7, Avg: 0.7, Max: 0.8, Diff: 0.1, Sum: 6.0]
         [Processed Buffers: Min: 8, Avg: 8.5, Max: 9, Diff: 1, Sum: 68]
      [Scan RS (ms): Min: 0.0, Avg: 0.0, Max: 0.1, Diff: 0.1, Sum: 0.4]
      [Code Root Scanning (ms): Min: 0.0, Avg: 0.0, Max: 0.0, Diff: 0.0, Sum: 0.0]
      [Object Copy (ms): Min: 3.9, Avg: 3.9, Max: 4.0, Diff: 0.1, Sum: 31.2]
      [Termination (ms): Min: 0.0, Avg: 0.1, Max: 0.1, Diff: 0.1, Sum: 0.4]
         [Termination Attempts: Min: 1, Avg: 1.0, Max: 1, Diff: 0, Sum: 8]
      [GC Worker Other (ms): Min: 0.0, Avg: 0.0, Max: 0.0, Diff: 0.0, Sum: 0.1]
      [GC Worker Total (ms): Min: 4.8, Avg: 4.9, Max: 5.0, Diff: 0.1, Sum: 39.0]
      [GC Worker End (ms): Min: 9667.9, Avg: 9667.9, Max: 9667.9, Diff: 0.0]
   [Code Root Fixup: 0.0 ms]
   [Code Root Purge: 0.0 ms]
   [Clear CT: 0.2 ms]
   [Other: 0.8 ms]
      [Choose CSet: 0.0 ms]
      [Ref Proc: 0.2 ms]
      [Ref Enq: 0.0 ms]
      [Redirty Cards: 0.2 ms]
      [Humongous Register: 0.1 ms]
      [Humongous Reclaim: 0.0 ms]
      [Free CSet: 0.1 ms]
   [Eden: 44.0M(44.0M)->0.0B(264.0M) Survivors: 7168.0K->7168.0K Heap: 588.9M(1024.0M)->493.8M(1024.0M)]
 [Times: user=0.04 sys=0.00, real=0.00 secs] 
2021-01-18T10:16:12.727-0800: 9.669: [GC pause (G1 Humongous Allocation) (young) (initial-mark), 0.0022258 secs]
   [Parallel Time: 1.3 ms, GC Workers: 8]
      [GC Worker Start (ms): Min: 9669.3, Avg: 9669.4, Max: 9669.4, Diff: 0.1]
      [Ext Root Scanning (ms): Min: 0.1, Avg: 0.1, Max: 0.2, Diff: 0.1, Sum: 1.1]
      [Update RS (ms): Min: 0.1, Avg: 0.1, Max: 0.3, Diff: 0.2, Sum: 1.0]
         [Processed Buffers: Min: 1, Avg: 1.1, Max: 2, Diff: 1, Sum: 9]
      [Scan RS (ms): Min: 0.0, Avg: 0.0, Max: 0.0, Diff: 0.0, Sum: 0.0]
      [Code Root Scanning (ms): Min: 0.0, Avg: 0.0, Max: 0.0, Diff: 0.0, Sum: 0.0]
      [Object Copy (ms): Min: 0.4, Avg: 0.5, Max: 0.7, Diff: 0.3, Sum: 4.3]
      [Termination (ms): Min: 0.0, Avg: 0.2, Max: 0.3, Diff: 0.3, Sum: 1.6]
         [Termination Attempts: Min: 1, Avg: 1.0, Max: 1, Diff: 0, Sum: 8]
      [GC Worker Other (ms): Min: 0.0, Avg: 0.0, Max: 0.0, Diff: 0.0, Sum: 0.1]
      [GC Worker Total (ms): Min: 0.9, Avg: 1.0, Max: 1.2, Diff: 0.3, Sum: 8.1]
      [GC Worker End (ms): Min: 9670.3, Avg: 9670.4, Max: 9670.5, Diff: 0.2]
   [Code Root Fixup: 0.0 ms]
   [Code Root Purge: 0.0 ms]
   [Clear CT: 0.2 ms]
   [Other: 0.7 ms]
      [Choose CSet: 0.0 ms]
      [Ref Proc: 0.2 ms]
      [Ref Enq: 0.0 ms]
      [Redirty Cards: 0.2 ms]
      [Humongous Register: 0.1 ms]
      [Humongous Reclaim: 0.0 ms]
      [Free CSet: 0.0 ms]
   [Eden: 2048.0K(264.0M)->0.0B(258.0M) Survivors: 7168.0K->8192.0K Heap: 495.7M(1024.0M)->494.1M(1024.0M)]
 [Times: user=0.01 sys=0.00, real=0.00 secs] 
2021-01-18T10:16:12.729-0800: 9.672: [GC concurrent-root-region-scan-start]
2021-01-18T10:16:12.730-0800: 9.672: [GC concurrent-root-region-scan-end, 0.0000871 secs]
2021-01-18T10:16:12.730-0800: 9.672: [GC concurrent-mark-start]
2021-01-18T10:16:12.731-0800: 9.673: [GC concurrent-mark-end, 0.0013514 secs]
2021-01-18T10:16:12.731-0800: 9.673: [GC remark 2021-01-18T10:16:12.731-0800: 9.673: [Finalize Marking, 0.0002452 secs] 2021-01-18T10:16:12.731-0800: 9.673: [GC ref-proc, 0.0000573 secs] 2021-01-18T10:16:12.731-0800: 9.673: [Unloading, 0.0005812 secs], 0.0021103 secs]
 [Times: user=0.01 sys=0.00, real=0.00 secs] 
2021-01-18T10:16:12.733-0800: 9.675: [GC cleanup 501M->498M(1024M), 0.0010463 secs]
 [Times: user=0.00 sys=0.00, real=0.00 secs] 
2021-01-18T10:16:12.734-0800: 9.676: [GC concurrent-cleanup-start]
2021-01-18T10:16:12.734-0800: 9.676: [GC concurrent-cleanup-end, 0.0000119 secs]
2021-01-18T10:16:12.780-0800: 9.722: [GC pause (G1 Evacuation Pause) (young), 0.0163064 secs]
   [Parallel Time: 14.2 ms, GC Workers: 8]
      [GC Worker Start (ms): Min: 9722.4, Avg: 9723.7, Max: 9729.0, Diff: 6.6]
      [Ext Root Scanning (ms): Min: 0.0, Avg: 0.0, Max: 0.2, Diff: 0.2, Sum: 0.2]
      [Update RS (ms): Min: 0.0, Avg: 5.3, Max: 6.4, Diff: 6.4, Sum: 42.1]
         [Processed Buffers: Min: 0, Avg: 74.4, Max: 96, Diff: 96, Sum: 595]
      [Scan RS (ms): Min: 0.0, Avg: 0.0, Max: 0.0, Diff: 0.0, Sum: 0.2]
      [Code Root Scanning (ms): Min: 0.0, Avg: 0.0, Max: 0.0, Diff: 0.0, Sum: 0.0]
      [Object Copy (ms): Min: 6.8, Avg: 6.9, Max: 7.5, Diff: 0.7, Sum: 55.2]
      [Termination (ms): Min: 0.0, Avg: 0.6, Max: 0.8, Diff: 0.8, Sum: 5.1]
         [Termination Attempts: Min: 1, Avg: 1.2, Max: 3, Diff: 2, Sum: 10]
      [GC Worker Other (ms): Min: 0.0, Avg: 0.0, Max: 0.0, Diff: 0.0, Sum: 0.1]
      [GC Worker Total (ms): Min: 7.5, Avg: 12.9, Max: 14.2, Diff: 6.6, Sum: 103.0]
      [GC Worker End (ms): Min: 9736.5, Avg: 9736.6, Max: 9736.6, Diff: 0.1]
   [Code Root Fixup: 0.0 ms]
   [Code Root Purge: 0.0 ms]
   [Clear CT: 0.2 ms]
   [Other: 1.9 ms]
      [Choose CSet: 0.0 ms]
      [Ref Proc: 1.4 ms]
      [Ref Enq: 0.0 ms]
      [Redirty Cards: 0.1 ms]
      [Humongous Register: 0.1 ms]
      [Humongous Reclaim: 0.2 ms]
      [Free CSet: 0.1 ms]
   [Eden: 258.0M(258.0M)->0.0B(17.0M) Survivors: 8192.0K->34.0M Heap: 822.3M(1024.0M)->554.0M(1024.0M)]
 [Times: user=0.09 sys=0.00, real=0.01 secs] 
2021-01-18T10:16:12.800-0800: 9.742: [GC pause (G1 Evacuation Pause) (mixed), 0.0103838 secs]
   [Parallel Time: 8.6 ms, GC Workers: 8]
      [GC Worker Start (ms): Min: 9741.9, Avg: 9741.9, Max: 9742.0, Diff: 0.2]
      [Ext Root Scanning (ms): Min: 0.1, Avg: 0.6, Max: 2.8, Diff: 2.7, Sum: 5.0]
      [Update RS (ms): Min: 0.0, Avg: 0.5, Max: 0.6, Diff: 0.6, Sum: 3.7]
         [Processed Buffers: Min: 0, Avg: 6.2, Max: 10, Diff: 10, Sum: 50]
      [Scan RS (ms): Min: 0.0, Avg: 0.1, Max: 0.1, Diff: 0.1, Sum: 0.6]
      [Code Root Scanning (ms): Min: 0.0, Avg: 0.0, Max: 0.0, Diff: 0.0, Sum: 0.0]
      [Object Copy (ms): Min: 4.7, Avg: 6.5, Max: 7.6, Diff: 2.9, Sum: 51.6]
      [Termination (ms): Min: 0.0, Avg: 0.8, Max: 1.0, Diff: 1.0, Sum: 6.5]
         [Termination Attempts: Min: 1, Avg: 1.0, Max: 1, Diff: 0, Sum: 8]
      [GC Worker Other (ms): Min: 0.0, Avg: 0.0, Max: 0.0, Diff: 0.0, Sum: 0.1]
      [GC Worker Total (ms): Min: 8.4, Avg: 8.5, Max: 8.6, Diff: 0.2, Sum: 67.6]
      [GC Worker End (ms): Min: 9750.4, Avg: 9750.4, Max: 9750.4, Diff: 0.0]
   [Code Root Fixup: 0.0 ms]
   [Code Root Purge: 0.0 ms]
   [Clear CT: 0.2 ms]
   [Other: 1.6 ms]
      [Choose CSet: 0.0 ms]
      [Ref Proc: 1.0 ms]
      [Ref Enq: 0.0 ms]
      [Redirty Cards: 0.1 ms]
      [Humongous Register: 0.1 ms]
      [Humongous Reclaim: 0.0 ms]
      [Free CSet: 0.1 ms]
   [Eden: 17.0M(17.0M)->0.0B(46.0M) Survivors: 34.0M->5120.0K Heap: 576.0M(1024.0M)->491.8M(1024.0M)]
 [Times: user=0.05 sys=0.01, real=0.01 secs] 
2021-01-18T10:16:12.821-0800: 9.763: [GC pause (G1 Evacuation Pause) (mixed), 0.0058094 secs]
   [Parallel Time: 4.1 ms, GC Workers: 8]
      [GC Worker Start (ms): Min: 9763.5, Avg: 9763.6, Max: 9763.7, Diff: 0.2]
      [Ext Root Scanning (ms): Min: 0.0, Avg: 0.1, Max: 0.2, Diff: 0.2, Sum: 0.9]
      [Update RS (ms): Min: 0.9, Avg: 1.3, Max: 3.7, Diff: 2.8, Sum: 10.4]
         [Processed Buffers: Min: 1, Avg: 9.9, Max: 13, Diff: 12, Sum: 79]
      [Scan RS (ms): Min: 0.0, Avg: 0.2, Max: 1.1, Diff: 1.1, Sum: 1.2]
      [Code Root Scanning (ms): Min: 0.0, Avg: 0.0, Max: 0.0, Diff: 0.0, Sum: 0.0]
      [Object Copy (ms): Min: 0.1, Avg: 1.5, Max: 2.0, Diff: 1.9, Sum: 11.8]
      [Termination (ms): Min: 0.0, Avg: 0.9, Max: 1.1, Diff: 1.1, Sum: 6.8]
         [Termination Attempts: Min: 1, Avg: 1.4, Max: 2, Diff: 1, Sum: 11]
      [GC Worker Other (ms): Min: 0.0, Avg: 0.0, Max: 0.0, Diff: 0.0, Sum: 0.1]
      [GC Worker Total (ms): Min: 3.8, Avg: 3.9, Max: 4.0, Diff: 0.2, Sum: 31.2]
      [GC Worker End (ms): Min: 9767.5, Avg: 9767.5, Max: 9767.5, Diff: 0.0]
   [Code Root Fixup: 0.0 ms]
   [Code Root Purge: 0.0 ms]
   [Clear CT: 0.1 ms]
   [Other: 1.5 ms]
      [Choose CSet: 0.0 ms]
      [Ref Proc: 1.1 ms]
      [Ref Enq: 0.0 ms]
      [Redirty Cards: 0.1 ms]
      [Humongous Register: 0.1 ms]
      [Humongous Reclaim: 0.1 ms]
      [Free CSet: 0.0 ms]
   [Eden: 46.0M(46.0M)->0.0B(265.0M) Survivors: 5120.0K->7168.0K Heap: 546.4M(1024.0M)->495.7M(1024.0M)]
 [Times: user=0.03 sys=0.00, real=0.00 secs] 
2021-01-18T10:16:12.828-0800: 9.770: [GC pause (G1 Humongous Allocation) (young) (initial-mark), 0.0036866 secs]
   [Parallel Time: 2.2 ms, GC Workers: 8]
      [GC Worker Start (ms): Min: 9769.8, Avg: 9770.0, Max: 9770.0, Diff: 0.3]
      [Ext Root Scanning (ms): Min: 0.0, Avg: 1.1, Max: 1.7, Diff: 1.6, Sum: 8.5]
      [Update RS (ms): Min: 0.0, Avg: 0.1, Max: 0.2, Diff: 0.2, Sum: 0.4]
         [Processed Buffers: Min: 0, Avg: 1.1, Max: 4, Diff: 4, Sum: 9]
      [Scan RS (ms): Min: 0.0, Avg: 0.0, Max: 0.0, Diff: 0.0, Sum: 0.0]
      [Code Root Scanning (ms): Min: 0.0, Avg: 0.0, Max: 0.0, Diff: 0.0, Sum: 0.0]
      [Object Copy (ms): Min: 0.0, Avg: 0.3, Max: 0.7, Diff: 0.7, Sum: 2.2]
      [Termination (ms): Min: 0.0, Avg: 0.3, Max: 0.8, Diff: 0.8, Sum: 2.8]
         [Termination Attempts: Min: 1, Avg: 1.0, Max: 1, Diff: 0, Sum: 8]
      [GC Worker Other (ms): Min: 0.0, Avg: 0.0, Max: 0.0, Diff: 0.0, Sum: 0.1]
      [GC Worker Total (ms): Min: 1.6, Avg: 1.8, Max: 1.9, Diff: 0.3, Sum: 14.0]
      [GC Worker End (ms): Min: 9771.7, Avg: 9771.7, Max: 9771.9, Diff: 0.2]
   [Code Root Fixup: 0.0 ms]
   [Code Root Purge: 0.0 ms]
   [Clear CT: 0.1 ms]
   [Other: 1.4 ms]
      [Choose CSet: 0.0 ms]
      [Ref Proc: 1.0 ms]
      [Ref Enq: 0.0 ms]
      [Redirty Cards: 0.1 ms]
      [Humongous Register: 0.1 ms]
      [Humongous Reclaim: 0.0 ms]
      [Free CSet: 0.0 ms]
   [Eden: 4096.0K(265.0M)->0.0B(261.0M) Survivors: 7168.0K->8192.0K Heap: 499.0M(1024.0M)->495.2M(1024.0M)]
 [Times: user=0.01 sys=0.00, real=0.01 secs] 
2021-01-18T10:16:12.831-0800: 9.773: [GC concurrent-root-region-scan-start]
2021-01-18T10:16:12.832-0800: 9.774: [GC concurrent-root-region-scan-end, 0.0001119 secs]
2021-01-18T10:16:12.832-0800: 9.774: [GC concurrent-mark-start]
2021-01-18T10:16:12.833-0800: 9.775: [GC concurrent-mark-end, 0.0015420 secs]
2021-01-18T10:16:12.833-0800: 9.775: [GC remark 2021-01-18T10:16:12.833-0800: 9.775: [Finalize Marking, 0.0002778 secs] 2021-01-18T10:16:12.834-0800: 9.776: [GC ref-proc, 0.0000517 secs] 2021-01-18T10:16:12.834-0800: 9.776: [Unloading, 0.0005892 secs], 0.0022950 secs]
 [Times: user=0.00 sys=0.00, real=0.00 secs] 
2021-01-18T10:16:12.836-0800: 9.778: [GC cleanup 502M->501M(1024M), 0.0009851 secs]
 [Times: user=0.01 sys=0.00, real=0.00 secs] 
2021-01-18T10:16:12.837-0800: 9.779: [GC concurrent-cleanup-start]
2021-01-18T10:16:12.837-0800: 9.779: [GC concurrent-cleanup-end, 0.0000125 secs]
2021-01-18T10:16:12.882-0800: 9.824: [GC pause (G1 Evacuation Pause) (young), 0.0154550 secs]
   [Parallel Time: 14.6 ms, GC Workers: 8]
      [GC Worker Start (ms): Min: 9824.0, Avg: 9825.0, Max: 9829.3, Diff: 5.3]
      [Ext Root Scanning (ms): Min: 0.0, Avg: 0.1, Max: 0.2, Diff: 0.2, Sum: 0.8]
      [Update RS (ms): Min: 1.1, Avg: 5.3, Max: 6.2, Diff: 5.1, Sum: 42.1]
         [Processed Buffers: Min: 14, Avg: 70.8, Max: 90, Diff: 76, Sum: 566]
      [Scan RS (ms): Min: 0.0, Avg: 0.0, Max: 0.0, Diff: 0.0, Sum: 0.2]
      [Code Root Scanning (ms): Min: 0.0, Avg: 0.0, Max: 0.0, Diff: 0.0, Sum: 0.0]
      [Object Copy (ms): Min: 7.3, Avg: 7.4, Max: 8.0, Diff: 0.8, Sum: 59.4]
      [Termination (ms): Min: 0.0, Avg: 0.7, Max: 0.9, Diff: 0.9, Sum: 5.4]
         [Termination Attempts: Min: 1, Avg: 1.0, Max: 1, Diff: 0, Sum: 8]
      [GC Worker Other (ms): Min: 0.0, Avg: 0.0, Max: 0.0, Diff: 0.0, Sum: 0.1]
      [GC Worker Total (ms): Min: 9.3, Avg: 13.5, Max: 14.6, Diff: 5.3, Sum: 108.0]
      [GC Worker End (ms): Min: 9838.5, Avg: 9838.5, Max: 9838.6, Diff: 0.1]
   [Code Root Fixup: 0.0 ms]
   [Code Root Purge: 0.0 ms]
   [Clear CT: 0.1 ms]
   [Other: 0.7 ms]
      [Choose CSet: 0.0 ms]
      [Ref Proc: 0.2 ms]
      [Ref Enq: 0.0 ms]
      [Redirty Cards: 0.1 ms]
      [Humongous Register: 0.1 ms]
      [Humongous Reclaim: 0.1 ms]
      [Free CSet: 0.1 ms]
   [Eden: 261.0M(261.0M)->0.0B(17.0M) Survivors: 8192.0K->34.0M Heap: 825.4M(1024.0M)->564.8M(1024.0M)]
 [Times: user=0.09 sys=0.00, real=0.01 secs] 
2021-01-18T10:16:12.901-0800: 9.843: [GC pause (G1 Evacuation Pause) (mixed), 0.0094162 secs]
   [Parallel Time: 8.4 ms, GC Workers: 8]
      [GC Worker Start (ms): Min: 9843.5, Avg: 9843.8, Max: 9845.3, Diff: 1.9]
      [Ext Root Scanning (ms): Min: 0.0, Avg: 0.3, Max: 1.0, Diff: 1.0, Sum: 2.5]
      [Update RS (ms): Min: 0.0, Avg: 0.5, Max: 0.9, Diff: 0.9, Sum: 4.3]
         [Processed Buffers: Min: 0, Avg: 5.1, Max: 10, Diff: 10, Sum: 41]
      [Scan RS (ms): Min: 0.0, Avg: 0.1, Max: 0.1, Diff: 0.1, Sum: 0.4]
      [Code Root Scanning (ms): Min: 0.0, Avg: 0.0, Max: 0.0, Diff: 0.0, Sum: 0.0]
      [Object Copy (ms): Min: 5.6, Avg: 6.4, Max: 7.0, Diff: 1.3, Sum: 51.0]
      [Termination (ms): Min: 0.0, Avg: 0.6, Max: 0.7, Diff: 0.7, Sum: 4.5]
         [Termination Attempts: Min: 1, Avg: 1.0, Max: 1, Diff: 0, Sum: 8]
      [GC Worker Other (ms): Min: 0.0, Avg: 0.0, Max: 0.0, Diff: 0.0, Sum: 0.1]
      [GC Worker Total (ms): Min: 6.4, Avg: 7.9, Max: 8.2, Diff: 1.7, Sum: 63.0]
      [GC Worker End (ms): Min: 9851.5, Avg: 9851.6, Max: 9851.8, Diff: 0.2]
   [Code Root Fixup: 0.0 ms]
   [Code Root Purge: 0.0 ms]
   [Clear CT: 0.2 ms]
   [Other: 0.9 ms]
      [Choose CSet: 0.0 ms]
      [Ref Proc: 0.2 ms]
      [Ref Enq: 0.0 ms]
      [Redirty Cards: 0.2 ms]
      [Humongous Register: 0.1 ms]
      [Humongous Reclaim: 0.0 ms]
      [Free CSet: 0.1 ms]
   [Eden: 17.0M(17.0M)->0.0B(44.0M) Survivors: 34.0M->7168.0K Heap: 585.8M(1024.0M)->496.4M(1024.0M)]
 [Times: user=0.04 sys=0.00, real=0.01 secs] 
2021-01-18T10:16:12.921-0800: 9.863: [GC pause (G1 Evacuation Pause) (mixed), 0.0060525 secs]
   [Parallel Time: 5.2 ms, GC Workers: 8]
      [GC Worker Start (ms): Min: 9863.1, Avg: 9863.1, Max: 9863.2, Diff: 0.1]
      [Ext Root Scanning (ms): Min: 0.1, Avg: 0.4, Max: 2.1, Diff: 2.0, Sum: 3.1]
      [Update RS (ms): Min: 0.0, Avg: 1.5, Max: 1.7, Diff: 1.7, Sum: 11.9]
         [Processed Buffers: Min: 0, Avg: 16.2, Max: 20, Diff: 20, Sum: 130]
      [Scan RS (ms): Min: 0.0, Avg: 0.0, Max: 0.1, Diff: 0.1, Sum: 0.3]
      [Code Root Scanning (ms): Min: 0.0, Avg: 0.0, Max: 0.0, Diff: 0.0, Sum: 0.0]
      [Object Copy (ms): Min: 2.8, Avg: 2.9, Max: 2.9, Diff: 0.1, Sum: 22.8]
      [Termination (ms): Min: 0.0, Avg: 0.1, Max: 0.3, Diff: 0.3, Sum: 1.2]
         [Termination Attempts: Min: 1, Avg: 1.0, Max: 1, Diff: 0, Sum: 8]
      [GC Worker Other (ms): Min: 0.0, Avg: 0.0, Max: 0.0, Diff: 0.0, Sum: 0.1]
      [GC Worker Total (ms): Min: 4.8, Avg: 4.9, Max: 5.1, Diff: 0.2, Sum: 39.4]
      [GC Worker End (ms): Min: 9868.0, Avg: 9868.0, Max: 9868.2, Diff: 0.1]
   [Code Root Fixup: 0.0 ms]
   [Code Root Purge: 0.0 ms]
   [Clear CT: 0.2 ms]
   [Other: 0.7 ms]
      [Choose CSet: 0.0 ms]
      [Ref Proc: 0.2 ms]
      [Ref Enq: 0.0 ms]
      [Redirty Cards: 0.2 ms]
      [Humongous Register: 0.1 ms]
      [Humongous Reclaim: 0.1 ms]
      [Free CSet: 0.1 ms]
   [Eden: 44.0M(44.0M)->0.0B(272.0M) Survivors: 7168.0K->7168.0K Heap: 555.4M(1024.0M)->489.7M(1024.0M)]
 [Times: user=0.03 sys=0.01, real=0.00 secs] 
2021-01-18T10:16:12.928-0800: 9.870: [GC pause (G1 Humongous Allocation) (young) (initial-mark), 0.0029447 secs]
   [Parallel Time: 1.2 ms, GC Workers: 8]
      [GC Worker Start (ms): Min: 9869.9, Avg: 9870.0, Max: 9870.1, Diff: 0.1]
      [Ext Root Scanning (ms): Min: 0.1, Avg: 0.2, Max: 0.2, Diff: 0.1, Sum: 1.3]
      [Update RS (ms): Min: 0.0, Avg: 0.1, Max: 0.1, Diff: 0.1, Sum: 0.8]
         [Processed Buffers: Min: 0, Avg: 1.1, Max: 2, Diff: 2, Sum: 9]
      [Scan RS (ms): Min: 0.0, Avg: 0.0, Max: 0.0, Diff: 0.0, Sum: 0.0]
      [Code Root Scanning (ms): Min: 0.0, Avg: 0.0, Max: 0.0, Diff: 0.0, Sum: 0.0]
      [Object Copy (ms): Min: 0.6, Avg: 0.6, Max: 0.7, Diff: 0.2, Sum: 4.8]
      [Termination (ms): Min: 0.0, Avg: 0.1, Max: 0.2, Diff: 0.2, Sum: 0.9]
         [Termination Attempts: Min: 1, Avg: 1.0, Max: 1, Diff: 0, Sum: 8]
      [GC Worker Other (ms): Min: 0.0, Avg: 0.0, Max: 0.0, Diff: 0.0, Sum: 0.1]
      [GC Worker Total (ms): Min: 0.9, Avg: 1.0, Max: 1.1, Diff: 0.2, Sum: 7.9]
      [GC Worker End (ms): Min: 9871.0, Avg: 9871.0, Max: 9871.0, Diff: 0.1]
   [Code Root Fixup: 0.0 ms]
   [Code Root Purge: 0.0 ms]
   [Clear CT: 0.2 ms]
   [Other: 1.6 ms]
      [Choose CSet: 0.0 ms]
      [Ref Proc: 1.2 ms]
      [Ref Enq: 0.0 ms]
      [Redirty Cards: 0.1 ms]
      [Humongous Register: 0.1 ms]
      [Humongous Reclaim: 0.0 ms]
      [Free CSet: 0.0 ms]
   [Eden: 3072.0K(272.0M)->0.0B(287.0M) Survivors: 7168.0K->9216.0K Heap: 492.6M(1024.0M)->490.4M(1024.0M)]
 [Times: user=0.01 sys=0.00, real=0.01 secs] 
2021-01-18T10:16:12.931-0800: 9.873: [GC concurrent-root-region-scan-start]
2021-01-18T10:16:12.931-0800: 9.873: [GC concurrent-root-region-scan-end, 0.0001089 secs]
2021-01-18T10:16:12.931-0800: 9.873: [GC concurrent-mark-start]
2021-01-18T10:16:12.932-0800: 9.875: [GC concurrent-mark-end, 0.0015388 secs]
2021-01-18T10:16:12.933-0800: 9.875: [GC remark 2021-01-18T10:16:12.933-0800: 9.875: [Finalize Marking, 0.0002384 secs] 2021-01-18T10:16:12.933-0800: 9.875: [GC ref-proc, 0.0000518 secs] 2021-01-18T10:16:12.933-0800: 9.875: [Unloading, 0.0005204 secs], 0.0019468 secs]
 [Times: user=0.01 sys=0.00, real=0.00 secs] 
2021-01-18T10:16:12.935-0800: 9.877: [GC cleanup 499M->497M(1024M), 0.0009111 secs]
 [Times: user=0.00 sys=0.00, real=0.00 secs] 
2021-01-18T10:16:12.936-0800: 9.878: [GC concurrent-cleanup-start]
2021-01-18T10:16:12.936-0800: 9.878: [GC concurrent-cleanup-end, 0.0000161 secs]
2021-01-18T10:16:12.987-0800: 9.929: [GC pause (G1 Evacuation Pause) (young) (to-space exhausted), 0.0130900 secs]
   [Parallel Time: 11.6 ms, GC Workers: 8]
      [GC Worker Start (ms): Min: 9928.9, Avg: 9928.9, Max: 9929.0, Diff: 0.1]
      [Ext Root Scanning (ms): Min: 0.1, Avg: 0.1, Max: 0.2, Diff: 0.1, Sum: 0.9]
      [Update RS (ms): Min: 7.2, Avg: 7.2, Max: 7.2, Diff: 0.1, Sum: 57.7]
         [Processed Buffers: Min: 71, Avg: 92.6, Max: 107, Diff: 36, Sum: 741]
      [Scan RS (ms): Min: 0.0, Avg: 0.0, Max: 0.0, Diff: 0.0, Sum: 0.2]
      [Code Root Scanning (ms): Min: 0.0, Avg: 0.0, Max: 0.0, Diff: 0.0, Sum: 0.0]
      [Object Copy (ms): Min: 4.1, Avg: 4.1, Max: 4.1, Diff: 0.0, Sum: 32.7]
      [Termination (ms): Min: 0.0, Avg: 0.0, Max: 0.1, Diff: 0.1, Sum: 0.3]
         [Termination Attempts: Min: 1, Avg: 1.2, Max: 2, Diff: 1, Sum: 10]
      [GC Worker Other (ms): Min: 0.0, Avg: 0.0, Max: 0.0, Diff: 0.0, Sum: 0.1]
      [GC Worker Total (ms): Min: 11.5, Avg: 11.5, Max: 11.5, Diff: 0.1, Sum: 92.0]
      [GC Worker End (ms): Min: 9940.4, Avg: 9940.4, Max: 9940.4, Diff: 0.0]
   [Code Root Fixup: 0.0 ms]
   [Code Root Purge: 0.0 ms]
   [Clear CT: 0.1 ms]
   [Other: 1.4 ms]
      [Evacuation Failure: 0.4 ms]
      [Choose CSet: 0.0 ms]
      [Ref Proc: 0.3 ms]
      [Ref Enq: 0.0 ms]
      [Redirty Cards: 0.1 ms]
      [Humongous Register: 0.2 ms]
      [Humongous Reclaim: 0.2 ms]
      [Free CSet: 0.1 ms]
   [Eden: 287.0M(287.0M)->0.0B(14.0M) Survivors: 9216.0K->37.0M Heap: 866.9M(1024.0M)->707.1M(1024.0M)]
 [Times: user=0.08 sys=0.00, real=0.02 secs] 
2021-01-18T10:16:13.002-0800: 9.944: [GC pause (G1 Evacuation Pause) (mixed), 0.0095499 secs]
   [Parallel Time: 7.7 ms, GC Workers: 8]
      [GC Worker Start (ms): Min: 9944.6, Avg: 9944.6, Max: 9944.6, Diff: 0.1]
      [Ext Root Scanning (ms): Min: 0.1, Avg: 0.1, Max: 0.2, Diff: 0.1, Sum: 1.0]
      [Update RS (ms): Min: 0.4, Avg: 0.5, Max: 0.5, Diff: 0.1, Sum: 3.6]
         [Processed Buffers: Min: 0, Avg: 6.0, Max: 10, Diff: 10, Sum: 48]
      [Scan RS (ms): Min: 0.0, Avg: 0.1, Max: 0.1, Diff: 0.1, Sum: 0.6]
      [Code Root Scanning (ms): Min: 0.0, Avg: 0.0, Max: 0.0, Diff: 0.0, Sum: 0.0]
      [Object Copy (ms): Min: 6.3, Avg: 6.4, Max: 6.7, Diff: 0.4, Sum: 51.2]
      [Termination (ms): Min: 0.0, Avg: 0.5, Max: 0.6, Diff: 0.6, Sum: 4.0]
         [Termination Attempts: Min: 1, Avg: 1.0, Max: 1, Diff: 0, Sum: 8]
      [GC Worker Other (ms): Min: 0.0, Avg: 0.0, Max: 0.0, Diff: 0.0, Sum: 0.1]
      [GC Worker Total (ms): Min: 7.3, Avg: 7.6, Max: 7.7, Diff: 0.3, Sum: 60.5]
      [GC Worker End (ms): Min: 9951.9, Avg: 9952.2, Max: 9952.2, Diff: 0.3]
   [Code Root Fixup: 0.0 ms]
   [Code Root Purge: 0.0 ms]
   [Clear CT: 0.2 ms]
   [Other: 1.7 ms]
      [Choose CSet: 0.0 ms]
      [Ref Proc: 1.1 ms]
      [Ref Enq: 0.0 ms]
      [Redirty Cards: 0.1 ms]
      [Humongous Register: 0.1 ms]
      [Humongous Reclaim: 0.0 ms]
      [Free CSet: 0.1 ms]
   [Eden: 14.0M(14.0M)->0.0B(46.0M) Survivors: 37.0M->5120.0K Heap: 724.4M(1024.0M)->635.8M(1024.0M)]
 [Times: user=0.05 sys=0.00, real=0.01 secs] 
2021-01-18T10:16:13.022-0800: 9.964: [GC pause (G1 Evacuation Pause) (mixed), 0.0053675 secs]
   [Parallel Time: 4.5 ms, GC Workers: 8]
      [GC Worker Start (ms): Min: 9964.3, Avg: 9964.3, Max: 9964.4, Diff: 0.1]
      [Ext Root Scanning (ms): Min: 0.1, Avg: 0.4, Max: 1.8, Diff: 1.7, Sum: 2.8]
      [Update RS (ms): Min: 0.0, Avg: 0.9, Max: 1.3, Diff: 1.3, Sum: 7.5]
         [Processed Buffers: Min: 0, Avg: 9.6, Max: 12, Diff: 12, Sum: 77]
      [Scan RS (ms): Min: 0.0, Avg: 0.0, Max: 0.1, Diff: 0.1, Sum: 0.2]
      [Code Root Scanning (ms): Min: 0.0, Avg: 0.0, Max: 0.0, Diff: 0.0, Sum: 0.0]
      [Object Copy (ms): Min: 1.8, Avg: 2.2, Max: 3.0, Diff: 1.3, Sum: 17.8]
      [Termination (ms): Min: 0.0, Avg: 0.7, Max: 0.9, Diff: 0.9, Sum: 5.8]
         [Termination Attempts: Min: 1, Avg: 1.0, Max: 1, Diff: 0, Sum: 8]
      [GC Worker Other (ms): Min: 0.0, Avg: 0.0, Max: 0.0, Diff: 0.0, Sum: 0.1]
      [GC Worker Total (ms): Min: 4.2, Avg: 4.3, Max: 4.4, Diff: 0.2, Sum: 34.3]
      [GC Worker End (ms): Min: 9968.6, Avg: 9968.6, Max: 9968.7, Diff: 0.1]
   [Code Root Fixup: 0.0 ms]
   [Code Root Purge: 0.0 ms]
   [Clear CT: 0.1 ms]
   [Other: 0.8 ms]
      [Choose CSet: 0.0 ms]
      [Ref Proc: 0.2 ms]
      [Ref Enq: 0.0 ms]
      [Redirty Cards: 0.1 ms]
      [Humongous Register: 0.2 ms]
      [Humongous Reclaim: 0.1 ms]
      [Free CSet: 0.1 ms]
   [Eden: 46.0M(46.0M)->0.0B(174.0M) Survivors: 5120.0K->7168.0K Heap: 690.2M(1024.0M)->635.4M(1024.0M)]
 [Times: user=0.03 sys=0.01, real=0.00 secs] 
2021-01-18T10:16:13.028-0800: 9.970: [GC pause (G1 Humongous Allocation) (young) (initial-mark), 0.0025520 secs]
   [Parallel Time: 1.8 ms, GC Workers: 8]
      [GC Worker Start (ms): Min: 9969.9, Avg: 9970.0, Max: 9970.1, Diff: 0.2]
      [Ext Root Scanning (ms): Min: 0.1, Avg: 0.1, Max: 0.2, Diff: 0.2, Sum: 1.1]
      [Update RS (ms): Min: 0.0, Avg: 0.3, Max: 1.4, Diff: 1.4, Sum: 2.0]
         [Processed Buffers: Min: 0, Avg: 1.1, Max: 2, Diff: 2, Sum: 9]
      [Scan RS (ms): Min: 0.0, Avg: 0.0, Max: 0.0, Diff: 0.0, Sum: 0.0]
      [Code Root Scanning (ms): Min: 0.0, Avg: 0.0, Max: 0.0, Diff: 0.0, Sum: 0.0]
      [Object Copy (ms): Min: 0.0, Avg: 0.5, Max: 1.3, Diff: 1.3, Sum: 4.2]
      [Termination (ms): Min: 0.0, Avg: 0.6, Max: 0.8, Diff: 0.8, Sum: 4.9]
         [Termination Attempts: Min: 1, Avg: 1.1, Max: 2, Diff: 1, Sum: 9]
      [GC Worker Other (ms): Min: 0.0, Avg: 0.0, Max: 0.0, Diff: 0.0, Sum: 0.1]
      [GC Worker Total (ms): Min: 1.5, Avg: 1.5, Max: 1.7, Diff: 0.2, Sum: 12.4]
      [GC Worker End (ms): Min: 9971.6, Avg: 9971.6, Max: 9971.6, Diff: 0.0]
   [Code Root Fixup: 0.0 ms]
   [Code Root Purge: 0.0 ms]
   [Clear CT: 0.2 ms]
   [Other: 0.6 ms]
      [Choose CSet: 0.0 ms]
      [Ref Proc: 0.2 ms]
      [Ref Enq: 0.0 ms]
      [Redirty Cards: 0.1 ms]
      [Humongous Register: 0.1 ms]
      [Humongous Reclaim: 0.0 ms]
      [Free CSet: 0.0 ms]
   [Eden: 1024.0K(174.0M)->0.0B(180.0M) Survivors: 7168.0K->7168.0K Heap: 636.4M(1024.0M)->634.2M(1024.0M)]
 [Times: user=0.01 sys=0.00, real=0.01 secs] 
2021-01-18T10:16:13.030-0800: 9.972: [GC concurrent-root-region-scan-start]
2021-01-18T10:16:13.031-0800: 9.973: [GC concurrent-root-region-scan-end, 0.0000836 secs]
2021-01-18T10:16:13.031-0800: 9.973: [GC concurrent-mark-start]
2021-01-18T10:16:13.032-0800: 9.974: [GC concurrent-mark-end, 0.0016259 secs]
2021-01-18T10:16:13.032-0800: 9.974: [GC remark 2021-01-18T10:16:13.032-0800: 9.974: [Finalize Marking, 0.0011715 secs] 2021-01-18T10:16:13.034-0800: 9.976: [GC ref-proc, 0.0000542 secs] 2021-01-18T10:16:13.034-0800: 9.976: [Unloading, 0.0004799 secs], 0.0028640 secs]
 [Times: user=0.02 sys=0.00, real=0.00 secs] 
2021-01-18T10:16:13.035-0800: 9.977: [GC cleanup 644M->634M(1024M), 0.0010674 secs]
 [Times: user=0.00 sys=0.00, real=0.00 secs] 
2021-01-18T10:16:13.037-0800: 9.979: [GC concurrent-cleanup-start]
2021-01-18T10:16:13.037-0800: 9.979: [GC concurrent-cleanup-end, 0.0000178 secs]
2021-01-18T10:16:13.067-0800: 10.009: [GC pause (G1 Evacuation Pause) (young), 0.0108200 secs]
   [Parallel Time: 9.9 ms, GC Workers: 8]
      [GC Worker Start (ms): Min: 10009.5, Avg: 10009.5, Max: 10009.6, Diff: 0.1]
      [Ext Root Scanning (ms): Min: 0.1, Avg: 0.6, Max: 3.8, Diff: 3.8, Sum: 4.6]
      [Update RS (ms): Min: 0.3, Avg: 3.6, Max: 4.1, Diff: 3.8, Sum: 29.0]
         [Processed Buffers: Min: 5, Avg: 47.2, Max: 60, Diff: 55, Sum: 378]
      [Scan RS (ms): Min: 0.0, Avg: 0.0, Max: 0.0, Diff: 0.0, Sum: 0.2]
      [Code Root Scanning (ms): Min: 0.0, Avg: 0.0, Max: 0.0, Diff: 0.0, Sum: 0.0]
      [Object Copy (ms): Min: 5.3, Avg: 5.4, Max: 5.4, Diff: 0.1, Sum: 42.9]
      [Termination (ms): Min: 0.0, Avg: 0.1, Max: 0.2, Diff: 0.2, Sum: 0.7]
         [Termination Attempts: Min: 1, Avg: 1.0, Max: 1, Diff: 0, Sum: 8]
      [GC Worker Other (ms): Min: 0.0, Avg: 0.0, Max: 0.0, Diff: 0.0, Sum: 0.1]
      [GC Worker Total (ms): Min: 9.6, Avg: 9.7, Max: 9.9, Diff: 0.2, Sum: 77.6]
      [GC Worker End (ms): Min: 10019.2, Avg: 10019.2, Max: 10019.3, Diff: 0.1]
   [Code Root Fixup: 0.0 ms]
   [Code Root Purge: 0.0 ms]
   [Clear CT: 0.2 ms]
   [Other: 0.7 ms]
      [Choose CSet: 0.0 ms]
      [Ref Proc: 0.2 ms]
      [Ref Enq: 0.0 ms]
      [Redirty Cards: 0.1 ms]
      [Humongous Register: 0.1 ms]
      [Humongous Reclaim: 0.1 ms]
      [Free CSet: 0.1 ms]
   [Eden: 180.0M(180.0M)->0.0B(27.0M) Survivors: 7168.0K->24.0M Heap: 850.4M(1024.0M)->676.9M(1024.0M)]
 [Times: user=0.06 sys=0.00, real=0.01 secs] 
2021-01-18T10:16:13.084-0800: 10.026: [GC pause (G1 Evacuation Pause) (mixed), 0.0057232 secs]
   [Parallel Time: 4.7 ms, GC Workers: 8]
      [GC Worker Start (ms): Min: 10026.4, Avg: 10026.4, Max: 10026.4, Diff: 0.1]
      [Ext Root Scanning (ms): Min: 0.1, Avg: 0.1, Max: 0.2, Diff: 0.1, Sum: 1.0]
      [Update RS (ms): Min: 1.0, Avg: 1.1, Max: 1.1, Diff: 0.1, Sum: 8.5]
         [Processed Buffers: Min: 2, Avg: 11.0, Max: 14, Diff: 12, Sum: 88]
      [Scan RS (ms): Min: 0.0, Avg: 0.0, Max: 0.1, Diff: 0.1, Sum: 0.2]
      [Code Root Scanning (ms): Min: 0.0, Avg: 0.0, Max: 0.0, Diff: 0.0, Sum: 0.0]
      [Object Copy (ms): Min: 3.3, Avg: 3.4, Max: 3.4, Diff: 0.1, Sum: 26.8]
      [Termination (ms): Min: 0.0, Avg: 0.0, Max: 0.1, Diff: 0.1, Sum: 0.3]
         [Termination Attempts: Min: 1, Avg: 1.1, Max: 2, Diff: 1, Sum: 9]
      [GC Worker Other (ms): Min: 0.0, Avg: 0.0, Max: 0.0, Diff: 0.0, Sum: 0.1]
      [GC Worker Total (ms): Min: 4.6, Avg: 4.6, Max: 4.7, Diff: 0.1, Sum: 37.0]
      [GC Worker End (ms): Min: 10031.0, Avg: 10031.0, Max: 10031.0, Diff: 0.0]
   [Code Root Fixup: 0.0 ms]
   [Code Root Purge: 0.0 ms]
   [Clear CT: 0.1 ms]
   [Other: 0.9 ms]
      [Choose CSet: 0.0 ms]
      [Ref Proc: 0.2 ms]
      [Ref Enq: 0.0 ms]
      [Redirty Cards: 0.1 ms]
      [Humongous Register: 0.2 ms]
      [Humongous Reclaim: 0.0 ms]
      [Free CSet: 0.1 ms]
   [Eden: 27.0M(27.0M)->0.0B(44.0M) Survivors: 24.0M->7168.0K Heap: 713.7M(1024.0M)->592.9M(1024.0M)]
 [Times: user=0.03 sys=0.00, real=0.01 secs] 
2021-01-18T10:16:13.098-0800: 10.040: [GC pause (G1 Evacuation Pause) (mixed), 0.0080363 secs]
   [Parallel Time: 6.8 ms, GC Workers: 8]
      [GC Worker Start (ms): Min: 10039.9, Avg: 10040.0, Max: 10040.1, Diff: 0.1]
      [Ext Root Scanning (ms): Min: 0.1, Avg: 0.1, Max: 0.3, Diff: 0.2, Sum: 1.1]
      [Update RS (ms): Min: 1.0, Avg: 1.2, Max: 1.5, Diff: 0.5, Sum: 9.3]
         [Processed Buffers: Min: 2, Avg: 9.2, Max: 13, Diff: 11, Sum: 74]
      [Scan RS (ms): Min: 0.0, Avg: 0.0, Max: 0.1, Diff: 0.1, Sum: 0.4]
      [Code Root Scanning (ms): Min: 0.0, Avg: 0.0, Max: 0.0, Diff: 0.0, Sum: 0.0]
      [Object Copy (ms): Min: 3.9, Avg: 4.3, Max: 5.2, Diff: 1.3, Sum: 34.3]
      [Termination (ms): Min: 0.0, Avg: 0.8, Max: 1.1, Diff: 1.1, Sum: 6.4]
         [Termination Attempts: Min: 1, Avg: 1.0, Max: 1, Diff: 0, Sum: 8]
      [GC Worker Other (ms): Min: 0.0, Avg: 0.0, Max: 0.0, Diff: 0.0, Sum: 0.1]
      [GC Worker Total (ms): Min: 6.3, Avg: 6.4, Max: 6.7, Diff: 0.4, Sum: 51.6]
      [GC Worker End (ms): Min: 10046.4, Avg: 10046.4, Max: 10046.6, Diff: 0.2]
   [Code Root Fixup: 0.0 ms]
   [Code Root Purge: 0.0 ms]
   [Clear CT: 0.2 ms]
   [Other: 1.1 ms]
      [Choose CSet: 0.0 ms]
      [Ref Proc: 0.5 ms]
      [Ref Enq: 0.0 ms]
      [Redirty Cards: 0.2 ms]
      [Humongous Register: 0.1 ms]
      [Humongous Reclaim: 0.0 ms]
      [Free CSet: 0.1 ms]
   [Eden: 44.0M(44.0M)->0.0B(44.0M) Survivors: 7168.0K->7168.0K Heap: 645.0M(1024.0M)->530.4M(1024.0M)]
 [Times: user=0.04 sys=0.00, real=0.01 secs] 
2021-01-18T10:16:13.115-0800: 10.057: [GC pause (G1 Evacuation Pause) (mixed), 0.0082969 secs]
   [Parallel Time: 7.3 ms, GC Workers: 8]
      [GC Worker Start (ms): Min: 10057.4, Avg: 10057.8, Max: 10058.5, Diff: 1.0]
      [Ext Root Scanning (ms): Min: 0.0, Avg: 0.1, Max: 0.2, Diff: 0.2, Sum: 0.9]
      [Update RS (ms): Min: 0.5, Avg: 1.1, Max: 1.5, Diff: 1.0, Sum: 9.0]
         [Processed Buffers: Min: 7, Avg: 12.1, Max: 18, Diff: 11, Sum: 97]
      [Scan RS (ms): Min: 0.0, Avg: 0.1, Max: 0.1, Diff: 0.1, Sum: 0.4]
      [Code Root Scanning (ms): Min: 0.0, Avg: 0.0, Max: 0.0, Diff: 0.0, Sum: 0.0]
      [Object Copy (ms): Min: 4.6, Avg: 4.7, Max: 5.2, Diff: 0.6, Sum: 37.9]
      [Termination (ms): Min: 0.0, Avg: 0.7, Max: 0.9, Diff: 0.9, Sum: 5.5]
         [Termination Attempts: Min: 1, Avg: 1.5, Max: 3, Diff: 2, Sum: 12]
      [GC Worker Other (ms): Min: 0.0, Avg: 0.0, Max: 0.0, Diff: 0.0, Sum: 0.1]
      [GC Worker Total (ms): Min: 6.0, Avg: 6.7, Max: 7.2, Diff: 1.2, Sum: 53.8]
      [GC Worker End (ms): Min: 10064.4, Avg: 10064.5, Max: 10064.7, Diff: 0.3]
   [Code Root Fixup: 0.0 ms]
   [Code Root Purge: 0.0 ms]
   [Clear CT: 0.1 ms]
   [Other: 0.8 ms]
      [Choose CSet: 0.0 ms]
      [Ref Proc: 0.2 ms]
      [Ref Enq: 0.0 ms]
      [Redirty Cards: 0.2 ms]
      [Humongous Register: 0.1 ms]
      [Humongous Reclaim: 0.1 ms]
      [Free CSet: 0.1 ms]
   [Eden: 44.0M(44.0M)->0.0B(292.0M) Survivors: 7168.0K->7168.0K Heap: 585.4M(1024.0M)->497.3M(1024.0M)]
 [Times: user=0.05 sys=0.01, real=0.01 secs] 
2021-01-18T10:16:13.124-0800: 10.066: [GC pause (G1 Humongous Allocation) (young) (initial-mark), 0.0019635 secs]
   [Parallel Time: 1.0 ms, GC Workers: 8]
      [GC Worker Start (ms): Min: 10066.0, Avg: 10066.1, Max: 10066.2, Diff: 0.2]
      [Ext Root Scanning (ms): Min: 0.1, Avg: 0.1, Max: 0.2, Diff: 0.2, Sum: 1.1]
      [Update RS (ms): Min: 0.1, Avg: 0.1, Max: 0.4, Diff: 0.3, Sum: 1.0]
         [Processed Buffers: Min: 1, Avg: 1.1, Max: 2, Diff: 1, Sum: 9]
      [Scan RS (ms): Min: 0.0, Avg: 0.0, Max: 0.0, Diff: 0.0, Sum: 0.0]
      [Code Root Scanning (ms): Min: 0.0, Avg: 0.0, Max: 0.0, Diff: 0.0, Sum: 0.0]
      [Object Copy (ms): Min: 0.2, Avg: 0.4, Max: 0.5, Diff: 0.3, Sum: 3.5]
      [Termination (ms): Min: 0.0, Avg: 0.1, Max: 0.1, Diff: 0.1, Sum: 0.4]
         [Termination Attempts: Min: 1, Avg: 1.6, Max: 2, Diff: 1, Sum: 13]
      [GC Worker Other (ms): Min: 0.0, Avg: 0.0, Max: 0.0, Diff: 0.0, Sum: 0.1]
      [GC Worker Total (ms): Min: 0.7, Avg: 0.8, Max: 0.8, Diff: 0.1, Sum: 6.1]
      [GC Worker End (ms): Min: 10066.9, Avg: 10066.9, Max: 10066.9, Diff: 0.0]
   [Code Root Fixup: 0.0 ms]
   [Code Root Purge: 0.0 ms]
   [Clear CT: 0.2 ms]
   [Other: 0.8 ms]
      [Choose CSet: 0.0 ms]
      [Ref Proc: 0.4 ms]
      [Ref Enq: 0.0 ms]
      [Redirty Cards: 0.2 ms]
      [Humongous Register: 0.1 ms]
      [Humongous Reclaim: 0.0 ms]
      [Free CSet: 0.0 ms]
   [Eden: 2048.0K(292.0M)->0.0B(305.0M) Survivors: 7168.0K->8192.0K Heap: 498.7M(1024.0M)->497.7M(1024.0M)]
 [Times: user=0.01 sys=0.00, real=0.00 secs] 
2021-01-18T10:16:13.126-0800: 10.068: [GC concurrent-root-region-scan-start]
2021-01-18T10:16:13.126-0800: 10.068: [GC concurrent-root-region-scan-end, 0.0000938 secs]
2021-01-18T10:16:13.126-0800: 10.068: [GC concurrent-mark-start]
2021-01-18T10:16:13.127-0800: 10.069: [GC concurrent-mark-end, 0.0013587 secs]
2021-01-18T10:16:13.128-0800: 10.070: [GC remark 2021-01-18T10:16:13.128-0800: 10.070: [Finalize Marking, 0.0002641 secs] 2021-01-18T10:16:13.128-0800: 10.070: [GC ref-proc, 0.0000537 secs] 2021-01-18T10:16:13.128-0800: 10.070: [Unloading, 0.0004914 secs], 0.0017924 secs]
 [Times: user=0.01 sys=0.00, real=0.00 secs] 
2021-01-18T10:16:13.129-0800: 10.072: [GC cleanup 507M->505M(1024M), 0.0009213 secs]
 [Times: user=0.00 sys=0.00, real=0.01 secs] 
2021-01-18T10:16:13.130-0800: 10.073: [GC concurrent-cleanup-start]
2021-01-18T10:16:13.130-0800: 10.073: [GC concurrent-cleanup-end, 0.0000140 secs]
Heap
 garbage-first heap   total 1048576K, used 517406K [0x0000000780000000, 0x0000000780102000, 0x00000007c0000000)
  region size 1024K, 15 young (15360K), 8 survivors (8192K)
 Metaspace       used 2595K, capacity 4490K, committed 4864K, reserved 1056768K
  class space    used 278K, capacity 386K, committed 512K, reserved 1048576K
