Java HotSpot(TM) 64-Bit Server VM (25.271-b09) for bsd-amd64 JRE (1.8.0_271-b09), built on Sep 16 2020 16:54:38 by "java_re" with gcc 4.2.1 Compatible Apple LLVM 10.0.0 (clang-1000.11.45.5)
Memory: 4k page, physical 16777216k(3743232k free)

/proc/meminfo:

CommandLine flags: -XX:InitialHeapSize=268435456 -XX:MaxHeapSize=268435456 -XX:+PrintGC -XX:+PrintGCTimeStamps -XX:+UseCompressedClassPointers -XX:+UseCompressedOops -XX:+UseSerialGC 
0.496: [GC (Allocation Failure)  69952K->4342K(253440K), 0.0094821 secs]
0.688: [GC (Allocation Failure)  74294K->5631K(253440K), 0.0087955 secs]
0.862: [GC (Allocation Failure)  75583K->7278K(253440K), 0.0092535 secs]
0.976: [Full GC (Metadata GC Threshold)  52595K->7381K(253440K), 0.0243276 secs]
1.223: [GC (Allocation Failure)  77333K->11210K(253440K), 0.0073411 secs]
1.541: [GC (Allocation Failure)  81162K->12650K(253440K), 0.0087253 secs]
1.924: [GC (Allocation Failure)  82602K->18127K(253440K), 0.0159102 secs]
2.203: [GC (Allocation Failure)  88079K->19588K(253440K), 0.0167442 secs]
2.453: [GC (Allocation Failure)  89540K->21272K(253440K), 0.0105518 secs]
2.699: [Full GC (Metadata GC Threshold)  86460K->22381K(253440K), 0.0646335 secs]
11.794: [GC (GCLocker Initiated GC)  92337K->26214K(253440K), 0.0050689 secs]
12.131: [GC (Allocation Failure)  96166K->44591K(253440K), 0.0253385 secs]
12.464: [GC (Allocation Failure)  114543K->45089K(253440K), 0.0179512 secs]
12.786: [GC (Allocation Failure)  115041K->45405K(253440K), 0.0101406 secs]
13.082: [GC (Allocation Failure)  115357K->45934K(253440K), 0.0113454 secs]
13.386: [GC (Allocation Failure)  115886K->46062K(253440K), 0.0100174 secs]
13.645: [GC (Allocation Failure)  116014K->46052K(253440K), 0.0106069 secs]
13.910: [GC (Allocation Failure)  116004K->46963K(253440K), 0.0089802 secs]
14.174: [GC (Allocation Failure)  116915K->46459K(253440K), 0.0101013 secs]
14.452: [GC (Allocation Failure)  116411K->46453K(253440K), 0.0106775 secs]
14.715: [GC (Allocation Failure)  116405K->46636K(253440K), 0.0085115 secs]
14.973: [GC (Allocation Failure)  116588K->46725K(253440K), 0.0113406 secs]
15.229: [GC (Allocation Failure)  116677K->46417K(253440K), 0.0100286 secs]
15.477: [GC (Allocation Failure)  116369K->46536K(253440K), 0.0098519 secs]
15.727: [GC (Allocation Failure)  116488K->46983K(253440K), 0.0081913 secs]
15.948: [GC (Allocation Failure)  116935K->46980K(253440K), 0.0090472 secs]
16.179: [GC (Allocation Failure)  116932K->46813K(253440K), 0.0137665 secs]
16.425: [GC (Allocation Failure)  116765K->47777K(253440K), 0.0119973 secs]
16.674: [GC (Allocation Failure)  117729K->47219K(253440K), 0.0090749 secs]
16.908: [GC (Allocation Failure)  117171K->46433K(253440K), 0.0086021 secs]
17.124: [GC (Allocation Failure)  116385K->46833K(253440K), 0.0090307 secs]
17.358: [GC (Allocation Failure)  116785K->46633K(253440K), 0.0104111 secs]
17.588: [GC (Allocation Failure)  116585K->47619K(253440K), 0.0108836 secs]
17.835: [GC (Allocation Failure)  117571K->45960K(253440K), 0.0085904 secs]
18.052: [GC (Allocation Failure)  115912K->46146K(253440K), 0.0072853 secs]
18.289: [GC (Allocation Failure)  116098K->46126K(253440K), 0.0093804 secs]
18.495: [GC (Allocation Failure)  116078K->46761K(253440K), 0.0067871 secs]
18.678: [GC (Allocation Failure)  116713K->46609K(253440K), 0.0075660 secs]
18.882: [GC (Allocation Failure)  116557K->46969K(253440K), 0.0071145 secs]
19.058: [GC (Allocation Failure)  116921K->46365K(253440K), 0.0076908 secs]
19.240: [GC (Allocation Failure)  116312K->46693K(253440K), 0.0077881 secs]
19.414: [GC (Allocation Failure)  116645K->47033K(253440K), 0.0085290 secs]
19.585: [GC (Allocation Failure)  116985K->47611K(253440K), 0.0082945 secs]
19.757: [GC (Allocation Failure)  117563K->46454K(253440K), 0.0075039 secs]
19.934: [GC (Allocation Failure)  116406K->47045K(253440K), 0.0075154 secs]
20.110: [GC (Allocation Failure)  116997K->47069K(253440K), 0.0077189 secs]
20.269: [GC (Allocation Failure)  117021K->46530K(253440K), 0.0108479 secs]
20.437: [GC (Allocation Failure)  116482K->47762K(253440K), 0.0096224 secs]
20.616: [GC (Allocation Failure)  117714K->45798K(253440K), 0.0043892 secs]
20.775: [GC (Allocation Failure)  115750K->45816K(253440K), 0.0047618 secs]
20.924: [GC (Allocation Failure)  115768K->45833K(253440K), 0.0043002 secs]
21.071: [GC (Allocation Failure)  115785K->45807K(253440K), 0.0043543 secs]
21.215: [GC (Allocation Failure)  115759K->45847K(253440K), 0.0045604 secs]
21.359: [GC (Allocation Failure)  115799K->45834K(253440K), 0.0045675 secs]
21.498: [GC (Allocation Failure)  115786K->45814K(253440K), 0.0045516 secs]
21.643: [GC (Allocation Failure)  115766K->45829K(253440K), 0.0041720 secs]
21.782: [GC (Allocation Failure)  115781K->45971K(253440K), 0.0060375 secs]
21.909: [GC (Allocation Failure)  115923K->45984K(253440K), 0.0046949 secs]
22.037: [GC (Allocation Failure)  115936K->45878K(253440K), 0.0067683 secs]
22.176: [GC (Allocation Failure)  115830K->45836K(253440K), 0.0057901 secs]
22.294: [GC (Allocation Failure)  115788K->45829K(253440K), 0.0046843 secs]
22.412: [GC (Allocation Failure)  115781K->45881K(253440K), 0.0047401 secs]
22.555: [GC (Allocation Failure)  115833K->45886K(253440K), 0.0045811 secs]
22.689: [GC (Allocation Failure)  115838K->45911K(253440K), 0.0061900 secs]
22.811: [GC (Allocation Failure)  115863K->45833K(253440K), 0.0048044 secs]
22.923: [GC (Allocation Failure)  115785K->45839K(253440K), 0.0048708 secs]
23.040: [GC (Allocation Failure)  115791K->45924K(253440K), 0.0051534 secs]
23.151: [GC (Allocation Failure)  115876K->45822K(253440K), 0.0047159 secs]
23.263: [GC (Allocation Failure)  115774K->45838K(253440K), 0.0051139 secs]
23.373: [GC (Allocation Failure)  115790K->45840K(253440K), 0.0055412 secs]
23.476: [GC (Allocation Failure)  115792K->45868K(253440K), 0.0060342 secs]
23.578: [GC (Allocation Failure)  115820K->45821K(253440K), 0.0052403 secs]
23.674: [GC (Allocation Failure)  115773K->45836K(253440K), 0.0050297 secs]
23.776: [GC (Allocation Failure)  115788K->45828K(253440K), 0.0054530 secs]
23.864: [GC (Allocation Failure)  115780K->45840K(253440K), 0.0044056 secs]
23.951: [GC (Allocation Failure)  115792K->45832K(253440K), 0.0036971 secs]
24.040: [GC (Allocation Failure)  115784K->45840K(253440K), 0.0048955 secs]
24.130: [GC (Allocation Failure)  115792K->45842K(253440K), 0.0048422 secs]
24.221: [GC (Allocation Failure)  115794K->45848K(253440K), 0.0050517 secs]
24.310: [GC (Allocation Failure)  115800K->45843K(253440K), 0.0041672 secs]
24.397: [GC (Allocation Failure)  115795K->45842K(253440K), 0.0042384 secs]
24.489: [GC (Allocation Failure)  115794K->45828K(253440K), 0.0053376 secs]
24.586: [GC (Allocation Failure)  115780K->45838K(253440K), 0.0055393 secs]
24.673: [GC (Allocation Failure)  115790K->45854K(253440K), 0.0056998 secs]
24.761: [GC (Allocation Failure)  115806K->45840K(253440K), 0.0045443 secs]
24.851: [GC (Allocation Failure)  115792K->45836K(253440K), 0.0048364 secs]
24.939: [GC (Allocation Failure)  115788K->45834K(253440K), 0.0052323 secs]
25.029: [GC (Allocation Failure)  115786K->45835K(253440K), 0.0049711 secs]
25.117: [GC (Allocation Failure)  115787K->45832K(253440K), 0.0037996 secs]
25.201: [GC (Allocation Failure)  115784K->45869K(253440K), 0.0045771 secs]
25.293: [GC (Allocation Failure)  115821K->45827K(253440K), 0.0041633 secs]
25.377: [GC (Allocation Failure)  115779K->45836K(253440K), 0.0047953 secs]
25.465: [GC (Allocation Failure)  115788K->45831K(253440K), 0.0037122 secs]
25.552: [GC (Allocation Failure)  115783K->45830K(253440K), 0.0041085 secs]
25.638: [GC (Allocation Failure)  115782K->45846K(253440K), 0.0053713 secs]
25.727: [GC (Allocation Failure)  115798K->45812K(253440K), 0.0047370 secs]
25.813: [GC (Allocation Failure)  115764K->45853K(253440K), 0.0042794 secs]
25.901: [GC (Allocation Failure)  115805K->45842K(253440K), 0.0038790 secs]
25.986: [GC (Allocation Failure)  115794K->45847K(253440K), 0.0053330 secs]
26.072: [GC (Allocation Failure)  115799K->45827K(253440K), 0.0045643 secs]
26.159: [GC (Allocation Failure)  115779K->45833K(253440K), 0.0050006 secs]
26.246: [GC (Allocation Failure)  115785K->45844K(253440K), 0.0043338 secs]
26.339: [GC (Allocation Failure)  115796K->45844K(253440K), 0.0047859 secs]
26.426: [GC (Allocation Failure)  115796K->45842K(253440K), 0.0050082 secs]
26.510: [GC (Allocation Failure)  115794K->45851K(253440K), 0.0046032 secs]
26.595: [GC (Allocation Failure)  115803K->45844K(253440K), 0.0045024 secs]
26.684: [GC (Allocation Failure)  115796K->45835K(253440K), 0.0049204 secs]
26.773: [GC (Allocation Failure)  115787K->45881K(253440K), 0.0048637 secs]
26.859: [GC (Allocation Failure)  115833K->45847K(253440K), 0.0042399 secs]
26.943: [GC (Allocation Failure)  115799K->45843K(253440K), 0.0041464 secs]
27.030: [GC (Allocation Failure)  115795K->45833K(253440K), 0.0054384 secs]
27.115: [GC (Allocation Failure)  115785K->45845K(253440K), 0.0046562 secs]
27.202: [GC (Allocation Failure)  115797K->45843K(253440K), 0.0046258 secs]
27.289: [GC (Allocation Failure)  115795K->45837K(253440K), 0.0046426 secs]
27.379: [GC (Allocation Failure)  115789K->45853K(253440K), 0.0052444 secs]
27.464: [GC (Allocation Failure)  115805K->45839K(253440K), 0.0037251 secs]
27.548: [GC (Allocation Failure)  115791K->45837K(253440K), 0.0043013 secs]
27.630: [GC (Allocation Failure)  115789K->45873K(253440K), 0.0050458 secs]
27.712: [GC (Allocation Failure)  115825K->45856K(253440K), 0.0049437 secs]
27.795: [GC (Allocation Failure)  115808K->45841K(253440K), 0.0043021 secs]
27.877: [GC (Allocation Failure)  115793K->45859K(253440K), 0.0048959 secs]
27.962: [GC (Allocation Failure)  115811K->45847K(253440K), 0.0047487 secs]
28.044: [GC (Allocation Failure)  115799K->45839K(253440K), 0.0039508 secs]
28.126: [GC (Allocation Failure)  115791K->45843K(253440K), 0.0046793 secs]
28.214: [GC (Allocation Failure)  115795K->45841K(253440K), 0.0043133 secs]
28.300: [GC (Allocation Failure)  115793K->45874K(253440K), 0.0047572 secs]
28.388: [GC (Allocation Failure)  115826K->45851K(253440K), 0.0050132 secs]
28.474: [GC (Allocation Failure)  115803K->45853K(253440K), 0.0050359 secs]
28.564: [GC (Allocation Failure)  115805K->45866K(253440K), 0.0048678 secs]
28.649: [GC (Allocation Failure)  115818K->45849K(253440K), 0.0043271 secs]
28.736: [GC (Allocation Failure)  115801K->45848K(253440K), 0.0052800 secs]
28.824: [GC (Allocation Failure)  115800K->45843K(253440K), 0.0048338 secs]
28.910: [GC (Allocation Failure)  115795K->45864K(253440K), 0.0042408 secs]
28.997: [GC (Allocation Failure)  115816K->45845K(253440K), 0.0053961 secs]
29.084: [GC (Allocation Failure)  115797K->45847K(253440K), 0.0051615 secs]
29.174: [GC (Allocation Failure)  115799K->45841K(253440K), 0.0047522 secs]
29.258: [GC (Allocation Failure)  115793K->45840K(253440K), 0.0042517 secs]
29.348: [GC (Allocation Failure)  115792K->45882K(253440K), 0.0046242 secs]
29.430: [GC (Allocation Failure)  115834K->45834K(253440K), 0.0050293 secs]
29.519: [GC (Allocation Failure)  115786K->45858K(253440K), 0.0045871 secs]
29.608: [GC (Allocation Failure)  115810K->45838K(253440K), 0.0046046 secs]
29.695: [GC (Allocation Failure)  115790K->45860K(253440K), 0.0042575 secs]
29.778: [GC (Allocation Failure)  115812K->45863K(253440K), 0.0049325 secs]
29.867: [GC (Allocation Failure)  115815K->45837K(253440K), 0.0038346 secs]
29.955: [GC (Allocation Failure)  115789K->45847K(253440K), 0.0043187 secs]
30.040: [GC (Allocation Failure)  115799K->45834K(253440K), 0.0043225 secs]
30.126: [GC (Allocation Failure)  115786K->45854K(253440K), 0.0050955 secs]
30.214: [GC (Allocation Failure)  115806K->45839K(253440K), 0.0043721 secs]
30.302: [GC (Allocation Failure)  115791K->45863K(253440K), 0.0040138 secs]
30.393: [GC (Allocation Failure)  115815K->45857K(253440K), 0.0039433 secs]
30.479: [GC (Allocation Failure)  115809K->45867K(253440K), 0.0050681 secs]
30.570: [GC (Allocation Failure)  115819K->45857K(253440K), 0.0044335 secs]
30.656: [GC (Allocation Failure)  115809K->45851K(253440K), 0.0046587 secs]
30.747: [GC (Allocation Failure)  115803K->45856K(253440K), 0.0047024 secs]
30.835: [GC (Allocation Failure)  115808K->45848K(253440K), 0.0049356 secs]
30.922: [GC (Allocation Failure)  115800K->45854K(253440K), 0.0039808 secs]
31.014: [GC (Allocation Failure)  115806K->45854K(253440K), 0.0036929 secs]
31.099: [GC (Allocation Failure)  115806K->45866K(253440K), 0.0042963 secs]
31.188: [GC (Allocation Failure)  115818K->45848K(253440K), 0.0048696 secs]
31.280: [GC (Allocation Failure)  115800K->45860K(253440K), 0.0055054 secs]
31.366: [GC (Allocation Failure)  115812K->45846K(253440K), 0.0045920 secs]
31.450: [GC (Allocation Failure)  115798K->45826K(253440K), 0.0038628 secs]
31.535: [GC (Allocation Failure)  115778K->45850K(253440K), 0.0047046 secs]
31.619: [GC (Allocation Failure)  115802K->45856K(253440K), 0.0045269 secs]
31.699: [GC (Allocation Failure)  115800K->45832K(253440K), 0.0038791 secs]
31.786: [GC (Allocation Failure)  115784K->45874K(253440K), 0.0049581 secs]
31.872: [GC (Allocation Failure)  115826K->45847K(253440K), 0.0041384 secs]
31.957: [GC (Allocation Failure)  115799K->45856K(253440K), 0.0045438 secs]
32.041: [GC (Allocation Failure)  115808K->45878K(253440K), 0.0044525 secs]
32.126: [GC (Allocation Failure)  115830K->45870K(253440K), 0.0049278 secs]
32.207: [GC (Allocation Failure)  115822K->45845K(253440K), 0.0048933 secs]
32.293: [GC (Allocation Failure)  115797K->45847K(253440K), 0.0040247 secs]
32.376: [GC (Allocation Failure)  115799K->45852K(253440K), 0.0048004 secs]
32.462: [GC (Allocation Failure)  115804K->45847K(253440K), 0.0042002 secs]
32.546: [GC (Allocation Failure)  115799K->45851K(253440K), 0.0037995 secs]
32.630: [GC (Allocation Failure)  115803K->45859K(253440K), 0.0053679 secs]
32.714: [GC (Allocation Failure)  115811K->45852K(253440K), 0.0045725 secs]
32.803: [GC (Allocation Failure)  115804K->45850K(253440K), 0.0045645 secs]
32.886: [GC (Allocation Failure)  115802K->45864K(253440K), 0.0046561 secs]
32.969: [GC (Allocation Failure)  115816K->45892K(253440K), 0.0048546 secs]
33.055: [GC (Allocation Failure)  115844K->45856K(253440K), 0.0047715 secs]
33.143: [GC (Allocation Failure)  115808K->45845K(253440K), 0.0044566 secs]
33.235: [GC (Allocation Failure)  115797K->45854K(253440K), 0.0049257 secs]
33.323: [GC (Allocation Failure)  115806K->45865K(253440K), 0.0050283 secs]
33.408: [GC (Allocation Failure)  115817K->45860K(253440K), 0.0042113 secs]
33.490: [GC (Allocation Failure)  115812K->45853K(253440K), 0.0048411 secs]
33.570: [GC (Allocation Failure)  115805K->45855K(253440K), 0.0045455 secs]
33.657: [GC (Allocation Failure)  115807K->45849K(253440K), 0.0045787 secs]
33.745: [GC (Allocation Failure)  115801K->45839K(253440K), 0.0039915 secs]
33.832: [GC (Allocation Failure)  115791K->45858K(253440K), 0.0050481 secs]
33.919: [GC (Allocation Failure)  115810K->45852K(253440K), 0.0043476 secs]
34.006: [GC (Allocation Failure)  115804K->45862K(253440K), 0.0045501 secs]
34.090: [GC (Allocation Failure)  115814K->45865K(253440K), 0.0046712 secs]
34.179: [GC (Allocation Failure)  115817K->45878K(253440K), 0.0050494 secs]
34.268: [GC (Allocation Failure)  115830K->45862K(253440K), 0.0041753 secs]
34.351: [GC (Allocation Failure)  115814K->45859K(253440K), 0.0050256 secs]
34.439: [GC (Allocation Failure)  115811K->45858K(253440K), 0.0049196 secs]
34.526: [GC (Allocation Failure)  115810K->45844K(253440K), 0.0049790 secs]
34.612: [GC (Allocation Failure)  115796K->45859K(253440K), 0.0040938 secs]
34.693: [GC (Allocation Failure)  115811K->45868K(253440K), 0.0036914 secs]
34.777: [GC (Allocation Failure)  115820K->45846K(253440K), 0.0047094 secs]
34.859: [GC (Allocation Failure)  115798K->45872K(253440K), 0.0036153 secs]
34.938: [GC (Allocation Failure)  115824K->45864K(253440K), 0.0051226 secs]
35.025: [GC (Allocation Failure)  115816K->45871K(253440K), 0.0051930 secs]
35.110: [GC (Allocation Failure)  115823K->45851K(253440K), 0.0042313 secs]
35.188: [GC (Allocation Failure)  115803K->45857K(253440K), 0.0051911 secs]
35.278: [GC (Allocation Failure)  115809K->45862K(253440K), 0.0051410 secs]
35.360: [GC (Allocation Failure)  115814K->45870K(253440K), 0.0045980 secs]
35.450: [GC (Allocation Failure)  115822K->45851K(253440K), 0.0040530 secs]
35.528: [GC (Allocation Failure)  115803K->45869K(253440K), 0.0049311 secs]
35.610: [GC (Allocation Failure)  115821K->45866K(253440K), 0.0041728 secs]
35.688: [GC (Allocation Failure)  115818K->45865K(253440K), 0.0052317 secs]
35.776: [GC (Allocation Failure)  115817K->45857K(253440K), 0.0049331 secs]
35.857: [GC (Allocation Failure)  115809K->45858K(253440K), 0.0046255 secs]
35.938: [GC (Allocation Failure)  115810K->45870K(253440K), 0.0049694 secs]
36.021: [GC (Allocation Failure)  115822K->45851K(253440K), 0.0051257 secs]
36.099: [GC (Allocation Failure)  115803K->45854K(253440K), 0.0047184 secs]
36.182: [GC (Allocation Failure)  115806K->45852K(253440K), 0.0049930 secs]
36.264: [GC (Allocation Failure)  115804K->45870K(253440K), 0.0043046 secs]
36.348: [GC (Allocation Failure)  115822K->45852K(253440K), 0.0038526 secs]
36.427: [GC (Allocation Failure)  115804K->45853K(253440K), 0.0048968 secs]
36.506: [GC (Allocation Failure)  115805K->45876K(253440K), 0.0049785 secs]
36.596: [GC (Allocation Failure)  115828K->45854K(253440K), 0.0042405 secs]
36.674: [GC (Allocation Failure)  115806K->45869K(253440K), 0.0053829 secs]
36.953: [GC (Allocation Failure)  115821K->46080K(253440K), 0.0063164 secs]
37.043: [GC (Allocation Failure)  116032K->46056K(253440K), 0.0057215 secs]
37.126: [GC (Allocation Failure)  116008K->45912K(253440K), 0.0061228 secs]
37.216: [GC (Allocation Failure)  115864K->45922K(253440K), 0.0044790 secs]
37.309: [GC (Allocation Failure)  115874K->45911K(253440K), 0.0050256 secs]
37.391: [GC (Allocation Failure)  115863K->45912K(253440K), 0.0054304 secs]
37.472: [GC (Allocation Failure)  115864K->45921K(253440K), 0.0060599 secs]
37.554: [GC (Allocation Failure)  115873K->45923K(253440K), 0.0042066 secs]
37.635: [GC (Allocation Failure)  115875K->45912K(253440K), 0.0056543 secs]
37.718: [GC (Allocation Failure)  115864K->45903K(253440K), 0.0042465 secs]
37.795: [GC (Allocation Failure)  115855K->45905K(253440K), 0.0046964 secs]
37.873: [GC (Allocation Failure)  115857K->45920K(253440K), 0.0044730 secs]
37.953: [GC (Allocation Failure)  115872K->45913K(253440K), 0.0043532 secs]
38.033: [GC (Allocation Failure)  115865K->45911K(253440K), 0.0051141 secs]
38.115: [GC (Allocation Failure)  115863K->45896K(253440K), 0.0038042 secs]
38.198: [GC (Allocation Failure)  115848K->45911K(253440K), 0.0038440 secs]
38.283: [GC (Allocation Failure)  115863K->45938K(253440K), 0.0062351 secs]
38.371: [GC (Allocation Failure)  115890K->45909K(253440K), 0.0048092 secs]
38.451: [GC (Allocation Failure)  115861K->45921K(253440K), 0.0041011 secs]
38.533: [GC (Allocation Failure)  115873K->45913K(253440K), 0.0051729 secs]
38.621: [GC (Allocation Failure)  115865K->45913K(253440K), 0.0048410 secs]
38.701: [GC (Allocation Failure)  115865K->45918K(253440K), 0.0050747 secs]
38.786: [GC (Allocation Failure)  115870K->45929K(253440K), 0.0052754 secs]
38.866: [GC (Allocation Failure)  115881K->45912K(253440K), 0.0047972 secs]
38.944: [GC (Allocation Failure)  115864K->45915K(253440K), 0.0052453 secs]
39.033: [GC (Allocation Failure)  115867K->45919K(253440K), 0.0049521 secs]
39.119: [GC (Allocation Failure)  115871K->45917K(253440K), 0.0038929 secs]
39.201: [GC (Allocation Failure)  115869K->45892K(253440K), 0.0036783 secs]
39.283: [GC (Allocation Failure)  115844K->45904K(253440K), 0.0047673 secs]
39.364: [GC (Allocation Failure)  115856K->45907K(253440K), 0.0048656 secs]
39.446: [GC (Allocation Failure)  115859K->45904K(253440K), 0.0044139 secs]
39.532: [GC (Allocation Failure)  115856K->45918K(253440K), 0.0053742 secs]
39.623: [GC (Allocation Failure)  115870K->45925K(253440K), 0.0047987 secs]
39.708: [GC (Allocation Failure)  115877K->45912K(253440K), 0.0039361 secs]
39.787: [GC (Allocation Failure)  115864K->45929K(253440K), 0.0054605 secs]
39.870: [GC (Allocation Failure)  115881K->45914K(253440K), 0.0044998 secs]
39.950: [GC (Allocation Failure)  115866K->45911K(253440K), 0.0050112 secs]
40.036: [GC (Allocation Failure)  115863K->45913K(253440K), 0.0049240 secs]
40.115: [GC (Allocation Failure)  115865K->45893K(253440K), 0.0042990 secs]
40.192: [GC (Allocation Failure)  115845K->45920K(253440K), 0.0049096 secs]
40.280: [GC (Allocation Failure)  115872K->45916K(253440K), 0.0050772 secs]
40.362: [GC (Allocation Failure)  115868K->45904K(253440K), 0.0048266 secs]
40.443: [GC (Allocation Failure)  115856K->45913K(253440K), 0.0045639 secs]
40.524: [GC (Allocation Failure)  115865K->45915K(253440K), 0.0050970 secs]
40.607: [GC (Allocation Failure)  115867K->45919K(253440K), 0.0048891 secs]
40.688: [GC (Allocation Failure)  115871K->45929K(253440K), 0.0049839 secs]
40.768: [GC (Allocation Failure)  115881K->45904K(253440K), 0.0041118 secs]
40.848: [GC (Allocation Failure)  115856K->45914K(253440K), 0.0051387 secs]
40.931: [GC (Allocation Failure)  115866K->45925K(253440K), 0.0052724 secs]
41.014: [GC (Allocation Failure)  115877K->45904K(253440K), 0.0045088 secs]
41.098: [GC (Allocation Failure)  115856K->45919K(253440K), 0.0051962 secs]
41.179: [GC (Allocation Failure)  115871K->45930K(253440K), 0.0059322 secs]
41.262: [GC (Allocation Failure)  115882K->45912K(253440K), 0.0048311 secs]
41.345: [GC (Allocation Failure)  115864K->45946K(253440K), 0.0050477 secs]
41.436: [GC (Allocation Failure)  115898K->45926K(253440K), 0.0050793 secs]
41.518: [GC (Allocation Failure)  115878K->45927K(253440K), 0.0051080 secs]
41.599: [GC (Allocation Failure)  115879K->45917K(253440K), 0.0051759 secs]
41.684: [GC (Allocation Failure)  115869K->45926K(253440K), 0.0047295 secs]
41.768: [GC (Allocation Failure)  115878K->45931K(253440K), 0.0049331 secs]
41.848: [GC (Allocation Failure)  115883K->45897K(253440K), 0.0043146 secs]
41.928: [GC (Allocation Failure)  115849K->45908K(253440K), 0.0047443 secs]
42.018: [GC (Allocation Failure)  115860K->45920K(253440K), 0.0043999 secs]
42.101: [GC (Allocation Failure)  115872K->45920K(253440K), 0.0040744 secs]
42.179: [GC (Allocation Failure)  115872K->45901K(253440K), 0.0051415 secs]
42.263: [GC (Allocation Failure)  115853K->45912K(253440K), 0.0045149 secs]
42.346: [GC (Allocation Failure)  115864K->45926K(253440K), 0.0046515 secs]
42.425: [GC (Allocation Failure)  115878K->45917K(253440K), 0.0055660 secs]
42.506: [GC (Allocation Failure)  115869K->45924K(253440K), 0.0047036 secs]
42.590: [GC (Allocation Failure)  115876K->45939K(253440K), 0.0047347 secs]
42.669: [GC (Allocation Failure)  115891K->45925K(253440K), 0.0050772 secs]
42.751: [GC (Allocation Failure)  115877K->45906K(253440K), 0.0044332 secs]
42.834: [GC (Allocation Failure)  115858K->45911K(253440K), 0.0049453 secs]
42.920: [GC (Allocation Failure)  115863K->45917K(253440K), 0.0050939 secs]
42.999: [GC (Allocation Failure)  115869K->45930K(253440K), 0.0044674 secs]
43.077: [GC (Allocation Failure)  115882K->45923K(253440K), 0.0050298 secs]
43.159: [GC (Allocation Failure)  115875K->45911K(253440K), 0.0043413 secs]
43.243: [GC (Allocation Failure)  115863K->45915K(253440K), 0.0044642 secs]
43.332: [GC (Allocation Failure)  115867K->45937K(253440K), 0.0050614 secs]
43.411: [GC (Allocation Failure)  115889K->45930K(253440K), 0.0047773 secs]
43.490: [GC (Allocation Failure)  115882K->45907K(253440K), 0.0044302 secs]
43.572: [GC (Allocation Failure)  115859K->45912K(253440K), 0.0044592 secs]
43.651: [GC (Allocation Failure)  115864K->45924K(253440K), 0.0045269 secs]
43.730: [GC (Allocation Failure)  115876K->45904K(253440K), 0.0046627 secs]
43.809: [GC (Allocation Failure)  115856K->45929K(253440K), 0.0048062 secs]
43.892: [GC (Allocation Failure)  115881K->45914K(253440K), 0.0038171 secs]
43.975: [GC (Allocation Failure)  115866K->45923K(253440K), 0.0050273 secs]
44.055: [GC (Allocation Failure)  115875K->45916K(253440K), 0.0049366 secs]
44.131: [GC (Allocation Failure)  115868K->45918K(253440K), 0.0051190 secs]
44.213: [GC (Allocation Failure)  115870K->45907K(253440K), 0.0038781 secs]
44.302: [GC (Allocation Failure)  115859K->45923K(253440K), 0.0037976 secs]
44.394: [GC (Allocation Failure)  115875K->45912K(253440K), 0.0039632 secs]
44.476: [GC (Allocation Failure)  115864K->45906K(253440K), 0.0047433 secs]
44.557: [GC (Allocation Failure)  115858K->45926K(253440K), 0.0038190 secs]
44.638: [GC (Allocation Failure)  115878K->45919K(253440K), 0.0052695 secs]
44.720: [GC (Allocation Failure)  115871K->45924K(253440K), 0.0037276 secs]
44.798: [GC (Allocation Failure)  115876K->45910K(253440K), 0.0040980 secs]
44.877: [GC (Allocation Failure)  115862K->45904K(253440K), 0.0046079 secs]
44.959: [GC (Allocation Failure)  115856K->45920K(253440K), 0.0046545 secs]
45.040: [GC (Allocation Failure)  115872K->45917K(253440K), 0.0048321 secs]
45.117: [GC (Allocation Failure)  115869K->45912K(253440K), 0.0037460 secs]
45.193: [GC (Allocation Failure)  115864K->45930K(253440K), 0.0044404 secs]
45.283: [GC (Allocation Failure)  115882K->45920K(253440K), 0.0049047 secs]
45.421: [GC (Allocation Failure)  115872K->45921K(253440K), 0.0037565 secs]
45.497: [GC (Allocation Failure)  115873K->45919K(253440K), 0.0033923 secs]
45.574: [GC (Allocation Failure)  115871K->45933K(253440K), 0.0045532 secs]
45.650: [GC (Allocation Failure)  115885K->45918K(253440K), 0.0039829 secs]
45.728: [GC (Allocation Failure)  115870K->45909K(253440K), 0.0046906 secs]
45.805: [GC (Allocation Failure)  115861K->45916K(253440K), 0.0048083 secs]
45.885: [GC (Allocation Failure)  115868K->45923K(253440K), 0.0050136 secs]
45.964: [GC (Allocation Failure)  115875K->45920K(253440K), 0.0037716 secs]
46.041: [GC (Allocation Failure)  115872K->45923K(253440K), 0.0042680 secs]
46.117: [GC (Allocation Failure)  115875K->45914K(253440K), 0.0036576 secs]
46.193: [GC (Allocation Failure)  115866K->45922K(253440K), 0.0043001 secs]
46.273: [GC (Allocation Failure)  115874K->45908K(253440K), 0.0046029 secs]
46.355: [GC (Allocation Failure)  115860K->45927K(253440K), 0.0042537 secs]
46.511: [GC (Allocation Failure)  115879K->45909K(253440K), 0.0042179 secs]
46.611: [GC (Allocation Failure)  115861K->45935K(253440K), 0.0043966 secs]
46.690: [GC (Allocation Failure)  115887K->45917K(253440K), 0.0045084 secs]
46.771: [GC (Allocation Failure)  115869K->45917K(253440K), 0.0037899 secs]
46.852: [GC (Allocation Failure)  115869K->45908K(253440K), 0.0038469 secs]
46.929: [GC (Allocation Failure)  115860K->45917K(253440K), 0.0045972 secs]
47.007: [GC (Allocation Failure)  115869K->45917K(253440K), 0.0048871 secs]
47.081: [GC (Allocation Failure)  115869K->45913K(253440K), 0.0052377 secs]
47.158: [GC (Allocation Failure)  115865K->45922K(253440K), 0.0040630 secs]
47.238: [GC (Allocation Failure)  115874K->45920K(253440K), 0.0050803 secs]
47.321: [GC (Allocation Failure)  115872K->45924K(253440K), 0.0039181 secs]
47.398: [GC (Allocation Failure)  115876K->45918K(253440K), 0.0042818 secs]
47.547: [GC (Allocation Failure)  115870K->45910K(253440K), 0.0035090 secs]
47.622: [GC (Allocation Failure)  115862K->45923K(253440K), 0.0038674 secs]
47.703: [GC (Allocation Failure)  115875K->45926K(253440K), 0.0040714 secs]
47.779: [GC (Allocation Failure)  115878K->45924K(253440K), 0.0048289 secs]
47.857: [GC (Allocation Failure)  115876K->45951K(253440K), 0.0052504 secs]
47.933: [GC (Allocation Failure)  115903K->45935K(253440K), 0.0051268 secs]
48.012: [GC (Allocation Failure)  115887K->45975K(253440K), 0.0045824 secs]
48.088: [GC (Allocation Failure)  115927K->45912K(253440K), 0.0053401 secs]
48.166: [GC (Allocation Failure)  115864K->45916K(253440K), 0.0042147 secs]
48.246: [GC (Allocation Failure)  115868K->45923K(253440K), 0.0045977 secs]
48.326: [GC (Allocation Failure)  115875K->45918K(253440K), 0.0046768 secs]
48.402: [GC (Allocation Failure)  115870K->45918K(253440K), 0.0038226 secs]
48.478: [GC (Allocation Failure)  115870K->45923K(253440K), 0.0048448 secs]
48.619: [GC (Allocation Failure)  115875K->45911K(253440K), 0.0034049 secs]
48.718: [GC (Allocation Failure)  115863K->45919K(253440K), 0.0036380 secs]
48.798: [GC (Allocation Failure)  115871K->45925K(253440K), 0.0037231 secs]
48.874: [GC (Allocation Failure)  115877K->45928K(253440K), 0.0049918 secs]
48.953: [GC (Allocation Failure)  115880K->45943K(253440K), 0.0039518 secs]
49.028: [GC (Allocation Failure)  115895K->45933K(253440K), 0.0049137 secs]
49.104: [GC (Allocation Failure)  115885K->45924K(253440K), 0.0039882 secs]
49.180: [GC (Allocation Failure)  115876K->45918K(253440K), 0.0049155 secs]
49.257: [GC (Allocation Failure)  115870K->45927K(253440K), 0.0041027 secs]
49.333: [GC (Allocation Failure)  115879K->45922K(253440K), 0.0051062 secs]
49.411: [GC (Allocation Failure)  115874K->45916K(253440K), 0.0035691 secs]
49.486: [GC (Allocation Failure)  115868K->45922K(253440K), 0.0047209 secs]
49.564: [GC (Allocation Failure)  115874K->45924K(253440K), 0.0044065 secs]
49.747: [GC (Allocation Failure)  115876K->45912K(253440K), 0.0037618 secs]
49.848: [GC (Allocation Failure)  115864K->45906K(253440K), 0.0041616 secs]
49.923: [GC (Allocation Failure)  115858K->45929K(253440K), 0.0042532 secs]
50.002: [GC (Allocation Failure)  115881K->45945K(253440K), 0.0038051 secs]
50.079: [GC (Allocation Failure)  115897K->45921K(253440K), 0.0045656 secs]
50.158: [GC (Allocation Failure)  115873K->45929K(253440K), 0.0044187 secs]
50.234: [GC (Allocation Failure)  115881K->45923K(253440K), 0.0047777 secs]
50.313: [GC (Allocation Failure)  115875K->45922K(253440K), 0.0040555 secs]
50.388: [GC (Allocation Failure)  115874K->45933K(253440K), 0.0047377 secs]
50.463: [GC (Allocation Failure)  115885K->45920K(253440K), 0.0042388 secs]
50.538: [GC (Allocation Failure)  115872K->45928K(253440K), 0.0043363 secs]
50.611: [GC (Allocation Failure)  115880K->45918K(253440K), 0.0037327 secs]
50.685: [GC (Allocation Failure)  115870K->45925K(253440K), 0.0046271 secs]
50.840: [GC (Allocation Failure)  115877K->45914K(253440K), 0.0047918 secs]
50.914: [GC (Allocation Failure)  115866K->45950K(253440K), 0.0041392 secs]
50.987: [GC (Allocation Failure)  115902K->45916K(253440K), 0.0049227 secs]
51.062: [GC (Allocation Failure)  115868K->45920K(253440K), 0.0047974 secs]
51.141: [GC (Allocation Failure)  115872K->45944K(253440K), 0.0039241 secs]
51.221: [GC (Allocation Failure)  115896K->45926K(253440K), 0.0039216 secs]
51.299: [GC (Allocation Failure)  115878K->45915K(253440K), 0.0038961 secs]
51.370: [GC (Allocation Failure)  115867K->45926K(253440K), 0.0100653 secs]
51.451: [GC (Allocation Failure)  115878K->45920K(253440K), 0.0039516 secs]
51.525: [GC (Allocation Failure)  115872K->45922K(253440K), 0.0049025 secs]
51.602: [GC (Allocation Failure)  115874K->45923K(253440K), 0.0038393 secs]
51.680: [GC (Allocation Failure)  115875K->45937K(253440K), 0.0051346 secs]
51.757: [GC (Allocation Failure)  115889K->45926K(253440K), 0.0039669 secs]
51.976: [GC (Allocation Failure)  115878K->45942K(253440K), 0.0048757 secs]
52.053: [GC (Allocation Failure)  115894K->45933K(253440K), 0.0045713 secs]
52.127: [GC (Allocation Failure)  115885K->45930K(253440K), 0.0048011 secs]
52.202: [GC (Allocation Failure)  115882K->45933K(253440K), 0.0043773 secs]
52.277: [GC (Allocation Failure)  115885K->45929K(253440K), 0.0055537 secs]
52.352: [GC (Allocation Failure)  115881K->45915K(253440K), 0.0037069 secs]
52.430: [GC (Allocation Failure)  115867K->45932K(253440K), 0.0049223 secs]
52.508: [GC (Allocation Failure)  115884K->45931K(253440K), 0.0037909 secs]
52.588: [GC (Allocation Failure)  115883K->45924K(253440K), 0.0048327 secs]
52.662: [GC (Allocation Failure)  115876K->45940K(253440K), 0.0046743 secs]
52.736: [GC (Allocation Failure)  115892K->45927K(253440K), 0.0048808 secs]
52.809: [GC (Allocation Failure)  115879K->45936K(253440K), 0.0042118 secs]
52.883: [GC (Allocation Failure)  115888K->45927K(253440K), 0.0048122 secs]
53.198: [GC (Allocation Failure)  115879K->45917K(253440K), 0.0032505 secs]
53.264: [GC (Allocation Failure)  115869K->45933K(253440K), 0.0035494 secs]
53.332: [GC (Allocation Failure)  115885K->45917K(253440K), 0.0039969 secs]
53.408: [GC (Allocation Failure)  115869K->45921K(253440K), 0.0044273 secs]
53.484: [GC (Allocation Failure)  115873K->45939K(253440K), 0.0041993 secs]
53.557: [GC (Allocation Failure)  115891K->45929K(253440K), 0.0043778 secs]
53.633: [GC (Allocation Failure)  115881K->45922K(253440K), 0.0043785 secs]
53.707: [GC (Allocation Failure)  115874K->45924K(253440K), 0.0040205 secs]
53.781: [GC (Allocation Failure)  115876K->45922K(253440K), 0.0045731 secs]
53.855: [GC (Allocation Failure)  115874K->45936K(253440K), 0.0047026 secs]
53.936: [GC (Allocation Failure)  115888K->45919K(253440K), 0.0035039 secs]
54.011: [GC (Allocation Failure)  115871K->45922K(253440K), 0.0035801 secs]
54.084: [GC (Allocation Failure)  115874K->45927K(253440K), 0.0043438 secs]
54.412: [GC (Allocation Failure)  115879K->45912K(253440K), 0.0037868 secs]
54.511: [GC (Allocation Failure)  115864K->45931K(253440K), 0.0042502 secs]
54.588: [GC (Allocation Failure)  115882K->45932K(253440K), 0.0047812 secs]
54.667: [GC (Allocation Failure)  115884K->45948K(253440K), 0.0044735 secs]
54.747: [GC (Allocation Failure)  115900K->45971K(253440K), 0.0039562 secs]
54.821: [GC (Allocation Failure)  115923K->45940K(253440K), 0.0046804 secs]
54.895: [GC (Allocation Failure)  115892K->45937K(253440K), 0.0042257 secs]
54.975: [GC (Allocation Failure)  115889K->45934K(253440K), 0.0052523 secs]
55.054: [GC (Allocation Failure)  115886K->45938K(253440K), 0.0040726 secs]
55.128: [GC (Allocation Failure)  115890K->45944K(253440K), 0.0047879 secs]
55.205: [GC (Allocation Failure)  115896K->45932K(253440K), 0.0049055 secs]
55.286: [GC (Allocation Failure)  115884K->45936K(253440K), 0.0049670 secs]
55.362: [GC (Allocation Failure)  115888K->45934K(253440K), 0.0043996 secs]
55.706: [GC (Allocation Failure)  115886K->45949K(253440K), 0.0037383 secs]
55.782: [GC (Allocation Failure)  115901K->45962K(253440K), 0.0047242 secs]
55.856: [GC (Allocation Failure)  115914K->45944K(253440K), 0.0039633 secs]
55.929: [GC (Allocation Failure)  115896K->45941K(253440K), 0.0040153 secs]
56.003: [GC (Allocation Failure)  115893K->45995K(253440K), 0.0053529 secs]
56.074: [GC (Allocation Failure)  115947K->45967K(253440K), 0.0041190 secs]
56.148: [GC (Allocation Failure)  115919K->45989K(253440K), 0.0040516 secs]
56.218: [GC (Allocation Failure)  115941K->45990K(253440K), 0.0039273 secs]
56.288: [GC (Allocation Failure)  115942K->45977K(253440K), 0.0047340 secs]
56.361: [GC (Allocation Failure)  115929K->45984K(253440K), 0.0038223 secs]
56.432: [GC (Allocation Failure)  115936K->45983K(253440K), 0.0047830 secs]
56.504: [GC (Allocation Failure)  115935K->45982K(253440K), 0.0043550 secs]
56.577: [GC (Allocation Failure)  115934K->45996K(253440K), 0.0048418 secs]
56.655: [GC (Allocation Failure)  115948K->45985K(253440K), 0.0044923 secs]
57.148: [GC (Allocation Failure)  115937K->45990K(253440K), 0.0035566 secs]
57.219: [GC (Allocation Failure)  115942K->45986K(253440K), 0.0035809 secs]
57.288: [GC (Allocation Failure)  115938K->46003K(253440K), 0.0043763 secs]
57.356: [GC (Allocation Failure)  115955K->45988K(253440K), 0.0037394 secs]
57.421: [GC (Allocation Failure)  115940K->45987K(253440K), 0.0039187 secs]
57.486: [GC (Allocation Failure)  115939K->46004K(253440K), 0.0046464 secs]
57.552: [GC (Allocation Failure)  115956K->45996K(253440K), 0.0038634 secs]
57.618: [GC (Allocation Failure)  115948K->45982K(253440K), 0.0040908 secs]
57.684: [GC (Allocation Failure)  115934K->45990K(253440K), 0.0037828 secs]
57.751: [GC (Allocation Failure)  115942K->45985K(253440K), 0.0037175 secs]
57.815: [GC (Allocation Failure)  115937K->46001K(253440K), 0.0036687 secs]
57.878: [GC (Allocation Failure)  115953K->45986K(253440K), 0.0041032 secs]
57.943: [GC (Allocation Failure)  115938K->45995K(253440K), 0.0033949 secs]
58.011: [GC (Allocation Failure)  115947K->45991K(253440K), 0.0039265 secs]
58.079: [GC (Allocation Failure)  115943K->45982K(253440K), 0.0038539 secs]
58.309: [GC (Allocation Failure)  115934K->45981K(253440K), 0.0035018 secs]
58.373: [GC (Allocation Failure)  115933K->45994K(253440K), 0.0039294 secs]
58.436: [GC (Allocation Failure)  115946K->45983K(253440K), 0.0031427 secs]
58.502: [GC (Allocation Failure)  115935K->45993K(253440K), 0.0031835 secs]
58.568: [GC (Allocation Failure)  115945K->45987K(253440K), 0.0036457 secs]
58.635: [GC (Allocation Failure)  115939K->45998K(253440K), 0.0035008 secs]
58.703: [GC (Allocation Failure)  115950K->45994K(253440K), 0.0036101 secs]
58.769: [GC (Allocation Failure)  115946K->45994K(253440K), 0.0036431 secs]
58.836: [GC (Allocation Failure)  115946K->45991K(253440K), 0.0034401 secs]
58.900: [GC (Allocation Failure)  115943K->45991K(253440K), 0.0036332 secs]
58.968: [GC (Allocation Failure)  115943K->45986K(253440K), 0.0034528 secs]
59.028: [GC (Allocation Failure)  115938K->45988K(253440K), 0.0041187 secs]
59.093: [GC (Allocation Failure)  115940K->45985K(253440K), 0.0031926 secs]
59.156: [GC (Allocation Failure)  115937K->45982K(253440K), 0.0033710 secs]
59.218: [GC (Allocation Failure)  115934K->45996K(253440K), 0.0034509 secs]
59.451: [GC (Allocation Failure)  115948K->45981K(253440K), 0.0028996 secs]
59.520: [GC (Allocation Failure)  115933K->45990K(253440K), 0.0035731 secs]
59.588: [GC (Allocation Failure)  115942K->45993K(253440K), 0.0031829 secs]
59.652: [GC (Allocation Failure)  115945K->45993K(253440K), 0.0033466 secs]
59.717: [GC (Allocation Failure)  115945K->45992K(253440K), 0.0035555 secs]
59.784: [GC (Allocation Failure)  115944K->45988K(253440K), 0.0037691 secs]
59.854: [GC (Allocation Failure)  115940K->45980K(253440K), 0.0035344 secs]
59.918: [GC (Allocation Failure)  115932K->45985K(253440K), 0.0032461 secs]
59.982: [GC (Allocation Failure)  115937K->46003K(253440K), 0.0035701 secs]
60.049: [GC (Allocation Failure)  115955K->45996K(253440K), 0.0036385 secs]
60.113: [GC (Allocation Failure)  115948K->45993K(253440K), 0.0035989 secs]
60.174: [GC (Allocation Failure)  115945K->45982K(253440K), 0.0035803 secs]
60.238: [GC (Allocation Failure)  115934K->45980K(253440K), 0.0034949 secs]
60.309: [GC (Allocation Failure)  115932K->45991K(253440K), 0.0036574 secs]
60.377: [GC (Allocation Failure)  115943K->45996K(253440K), 0.0040174 secs]
60.611: [GC (Allocation Failure)  115948K->45981K(253440K), 0.0028250 secs]
60.672: [GC (Allocation Failure)  115933K->45979K(253440K), 0.0027001 secs]
60.732: [GC (Allocation Failure)  115931K->46000K(253440K), 0.0032867 secs]
60.797: [GC (Allocation Failure)  115952K->45984K(253440K), 0.0033372 secs]
60.861: [GC (Allocation Failure)  115936K->45979K(253440K), 0.0035717 secs]
60.932: [GC (Allocation Failure)  115931K->45994K(253440K), 0.0035536 secs]
61.001: [GC (Allocation Failure)  115946K->46002K(253440K), 0.0035539 secs]
61.067: [GC (Allocation Failure)  115954K->46000K(253440K), 0.0033933 secs]
61.134: [GC (Allocation Failure)  115952K->45987K(253440K), 0.0034133 secs]
61.200: [GC (Allocation Failure)  115939K->45981K(253440K), 0.0032388 secs]
61.267: [GC (Allocation Failure)  115933K->45988K(253440K), 0.0036572 secs]
61.336: [GC (Allocation Failure)  115940K->46002K(253440K), 0.0035583 secs]
61.402: [GC (Allocation Failure)  115954K->46008K(253440K), 0.0039424 secs]
61.470: [GC (Allocation Failure)  115960K->46005K(253440K), 0.0034779 secs]
61.537: [GC (Allocation Failure)  115957K->45995K(253440K), 0.0037722 secs]
61.773: [GC (Allocation Failure)  115947K->45981K(253440K), 0.0030791 secs]
61.834: [GC (Allocation Failure)  115933K->45984K(253440K), 0.0032544 secs]
61.897: [GC (Allocation Failure)  115936K->46008K(253440K), 0.0037310 secs]
61.960: [GC (Allocation Failure)  115960K->45991K(253440K), 0.0039219 secs]
62.027: [GC (Allocation Failure)  115943K->45979K(253440K), 0.0038291 secs]
62.094: [GC (Allocation Failure)  115931K->45983K(253440K), 0.0037753 secs]
62.160: [GC (Allocation Failure)  115935K->46014K(253440K), 0.0034614 secs]
62.227: [GC (Allocation Failure)  115966K->45987K(253440K), 0.0044365 secs]
62.299: [GC (Allocation Failure)  115939K->45989K(253440K), 0.0033573 secs]
62.366: [GC (Allocation Failure)  115941K->45993K(253440K), 0.0037273 secs]
62.430: [GC (Allocation Failure)  115945K->45985K(253440K), 0.0030072 secs]
62.494: [GC (Allocation Failure)  115937K->45994K(253440K), 0.0038679 secs]
62.556: [GC (Allocation Failure)  115946K->46009K(253440K), 0.0038457 secs]
62.626: [GC (Allocation Failure)  115961K->45995K(253440K), 0.0036406 secs]
62.694: [GC (Allocation Failure)  115947K->46000K(253440K), 0.0035712 secs]
62.758: [GC (Allocation Failure)  115952K->46008K(253440K), 0.0044234 secs]
62.994: [GC (Allocation Failure)  115960K->45999K(253440K), 0.0035489 secs]
63.057: [GC (Allocation Failure)  115951K->46009K(253440K), 0.0034881 secs]
63.120: [GC (Allocation Failure)  115961K->46010K(253440K), 0.0034301 secs]
63.184: [GC (Allocation Failure)  115962K->45995K(253440K), 0.0035219 secs]
63.251: [GC (Allocation Failure)  115947K->46004K(253440K), 0.0035843 secs]
63.317: [GC (Allocation Failure)  115956K->46010K(253440K), 0.0040218 secs]
63.383: [GC (Allocation Failure)  115962K->45998K(253440K), 0.0043808 secs]
63.451: [GC (Allocation Failure)  115950K->45990K(253440K), 0.0032388 secs]
63.511: [GC (Allocation Failure)  115942K->45989K(253440K), 0.0034202 secs]
63.570: [GC (Allocation Failure)  115941K->46002K(253440K), 0.0035797 secs]
63.636: [GC (Allocation Failure)  115954K->46016K(253440K), 0.0046817 secs]
63.702: [GC (Allocation Failure)  115968K->46011K(253440K), 0.0039354 secs]
63.770: [GC (Allocation Failure)  115963K->45994K(253440K), 0.0034047 secs]
63.834: [GC (Allocation Failure)  115946K->45991K(253440K), 0.0040507 secs]
63.902: [GC (Allocation Failure)  115943K->45994K(253440K), 0.0036905 secs]
64.160: [GC (Allocation Failure)  115946K->45995K(253440K), 0.0040803 secs]
64.227: [GC (Allocation Failure)  115947K->46018K(253440K), 0.0040974 secs]
64.291: [GC (Allocation Failure)  115970K->45986K(253440K), 0.0041031 secs]
64.354: [GC (Allocation Failure)  115938K->46002K(253440K), 0.0045389 secs]
64.424: [GC (Allocation Failure)  115954K->45996K(253440K), 0.0045218 secs]
64.492: [GC (Allocation Failure)  115948K->46007K(253440K), 0.0038607 secs]
64.557: [GC (Allocation Failure)  115959K->46000K(253440K), 0.0039290 secs]
64.625: [GC (Allocation Failure)  115952K->46010K(253440K), 0.0046660 secs]
64.692: [GC (Allocation Failure)  115962K->45997K(253440K), 0.0041258 secs]
64.760: [GC (Allocation Failure)  115949K->46001K(253440K), 0.0040053 secs]
64.831: [GC (Allocation Failure)  115953K->46007K(253440K), 0.0040336 secs]
64.895: [GC (Allocation Failure)  115959K->46001K(253440K), 0.0035116 secs]
64.960: [GC (Allocation Failure)  115953K->45998K(253440K), 0.0034149 secs]
65.024: [GC (Allocation Failure)  115950K->45994K(253440K), 0.0043969 secs]
65.095: [GC (Allocation Failure)  115946K->46012K(253440K), 0.0038703 secs]
65.334: [GC (Allocation Failure)  115964K->45990K(253440K), 0.0031406 secs]
65.397: [GC (Allocation Failure)  115942K->45999K(253440K), 0.0033251 secs]
65.458: [GC (Allocation Failure)  115951K->46004K(253440K), 0.0042128 secs]
65.523: [GC (Allocation Failure)  115956K->46023K(253440K), 0.0043020 secs]
65.589: [GC (Allocation Failure)  115975K->45990K(253440K), 0.0049163 secs]
65.657: [GC (Allocation Failure)  115942K->46030K(253440K), 0.0045181 secs]
65.724: [GC (Allocation Failure)  115982K->46001K(253440K), 0.0044755 secs]
65.793: [GC (Allocation Failure)  115953K->46009K(253440K), 0.0034823 secs]
65.860: [GC (Allocation Failure)  115961K->45995K(253440K), 0.0036631 secs]
65.926: [GC (Allocation Failure)  115947K->46001K(253440K), 0.0044521 secs]
65.994: [GC (Allocation Failure)  115953K->46006K(253440K), 0.0036088 secs]
66.061: [GC (Allocation Failure)  115958K->45998K(253440K), 0.0036777 secs]
66.125: [GC (Allocation Failure)  115950K->45995K(253440K), 0.0045702 secs]
66.194: [GC (Allocation Failure)  115947K->45995K(253440K), 0.0036342 secs]
66.263: [GC (Allocation Failure)  115947K->46004K(253440K), 0.0044482 secs]
66.505: [GC (Allocation Failure)  115956K->45993K(253440K), 0.0028700 secs]
66.568: [GC (Allocation Failure)  115945K->45986K(253440K), 0.0028868 secs]
66.627: [GC (Allocation Failure)  115938K->46003K(253440K), 0.0033521 secs]
66.692: [GC (Allocation Failure)  115955K->46002K(253440K), 0.0038422 secs]
66.762: [GC (Allocation Failure)  115954K->46000K(253440K), 0.0035663 secs]
66.830: [GC (Allocation Failure)  115952K->46011K(253440K), 0.0039122 secs]
66.899: [GC (Allocation Failure)  115963K->45999K(253440K), 0.0032990 secs]
66.966: [GC (Allocation Failure)  115951K->46011K(253440K), 0.0035244 secs]
67.031: [GC (Allocation Failure)  115963K->46005K(253440K), 0.0036567 secs]
67.101: [GC (Allocation Failure)  115957K->46005K(253440K), 0.0035856 secs]
67.167: [GC (Allocation Failure)  115957K->46016K(253440K), 0.0037521 secs]
67.235: [GC (Allocation Failure)  115968K->46018K(253440K), 0.0036866 secs]
67.300: [GC (Allocation Failure)  115970K->46011K(253440K), 0.0036441 secs]
67.368: [GC (Allocation Failure)  115963K->46005K(253440K), 0.0034409 secs]
67.435: [GC (Allocation Failure)  115957K->45979K(253440K), 0.0033185 secs]
67.644: [GC (Allocation Failure)  115931K->45996K(253440K), 0.0032615 secs]
67.707: [GC (Allocation Failure)  115948K->45993K(253440K), 0.0031175 secs]
67.769: [GC (Allocation Failure)  115945K->46009K(253440K), 0.0032855 secs]
67.832: [GC (Allocation Failure)  115961K->46031K(253440K), 0.0043467 secs]
67.899: [GC (Allocation Failure)  115983K->46006K(253440K), 0.0035986 secs]
67.963: [GC (Allocation Failure)  115958K->46012K(253440K), 0.0040262 secs]
68.031: [GC (Allocation Failure)  115964K->46004K(253440K), 0.0045789 secs]
68.097: [GC (Allocation Failure)  115956K->46002K(253440K), 0.0035568 secs]
68.163: [GC (Allocation Failure)  115954K->45998K(253440K), 0.0032152 secs]
68.226: [GC (Allocation Failure)  115950K->46001K(253440K), 0.0050340 secs]
68.301: [GC (Allocation Failure)  115953K->45996K(253440K), 0.0040293 secs]
68.368: [GC (Allocation Failure)  115948K->46027K(253440K), 0.0043242 secs]
68.437: [GC (Allocation Failure)  115979K->46006K(253440K), 0.0048700 secs]
68.508: [GC (Allocation Failure)  115958K->46002K(253440K), 0.0042938 secs]
68.578: [GC (Allocation Failure)  115954K->45998K(253440K), 0.0038090 secs]
68.812: [GC (Allocation Failure)  115950K->45997K(253440K), 0.0029187 secs]
68.874: [GC (Allocation Failure)  115949K->46007K(253440K), 0.0036670 secs]
68.936: [GC (Allocation Failure)  115959K->46021K(253440K), 0.0040936 secs]
69.002: [GC (Allocation Failure)  115973K->46006K(253440K), 0.0035465 secs]
69.069: [GC (Allocation Failure)  115958K->46009K(253440K), 0.0033076 secs]
69.132: [GC (Allocation Failure)  115961K->46008K(253440K), 0.0033570 secs]
69.200: [GC (Allocation Failure)  115960K->46008K(253440K), 0.0038352 secs]
69.266: [GC (Allocation Failure)  115960K->46004K(253440K), 0.0034983 secs]
69.329: [GC (Allocation Failure)  115956K->46002K(253440K), 0.0039522 secs]
69.389: [GC (Allocation Failure)  115954K->46006K(253440K), 0.0030466 secs]
69.451: [GC (Allocation Failure)  115958K->45998K(253440K), 0.0028186 secs]
69.518: [GC (Allocation Failure)  115950K->46011K(253440K), 0.0034653 secs]
69.584: [GC (Allocation Failure)  115963K->46010K(253440K), 0.0037437 secs]
69.652: [GC (Allocation Failure)  115962K->46007K(253440K), 0.0036909 secs]
69.719: [GC (Allocation Failure)  115959K->46008K(253440K), 0.0033543 secs]
69.784: [GC (Allocation Failure)  115960K->46007K(253440K), 0.0045207 secs]
70.022: [GC (Allocation Failure)  115959K->46000K(253440K), 0.0037065 secs]
70.082: [GC (Allocation Failure)  115952K->46003K(253440K), 0.0030138 secs]
70.144: [GC (Allocation Failure)  115955K->46020K(253440K), 0.0036452 secs]
70.209: [GC (Allocation Failure)  115972K->46022K(253440K), 0.0034782 secs]
70.280: [GC (Allocation Failure)  115974K->46018K(253440K), 0.0038102 secs]
70.348: [GC (Allocation Failure)  115970K->46016K(253440K), 0.0036905 secs]
70.415: [GC (Allocation Failure)  115968K->46024K(253440K), 0.0037214 secs]
70.486: [GC (Allocation Failure)  115976K->46012K(253440K), 0.0036752 secs]
70.552: [GC (Allocation Failure)  115964K->46017K(253440K), 0.0038098 secs]
70.620: [GC (Allocation Failure)  115969K->46000K(253440K), 0.0035491 secs]
70.683: [GC (Allocation Failure)  115952K->45991K(253440K), 0.0033785 secs]
70.751: [GC (Allocation Failure)  115943K->46014K(253440K), 0.0035495 secs]
70.819: [GC (Allocation Failure)  115966K->46008K(253440K), 0.0037986 secs]
70.883: [GC (Allocation Failure)  115960K->46013K(253440K), 0.0037071 secs]
70.947: [GC (Allocation Failure)  115965K->46024K(253440K), 0.0035525 secs]
71.184: [GC (Allocation Failure)  115976K->46008K(253440K), 0.0034895 secs]
71.262: [GC (Allocation Failure)  115960K->46040K(253440K), 0.0046028 secs]
71.340: [GC (Allocation Failure)  115992K->46011K(253440K), 0.0049408 secs]
71.410: [GC (Allocation Failure)  115963K->46018K(253440K), 0.0043227 secs]
71.477: [GC (Allocation Failure)  115970K->46005K(253440K), 0.0034857 secs]
71.542: [GC (Allocation Failure)  115957K->46007K(253440K), 0.0035419 secs]
71.607: [GC (Allocation Failure)  115959K->46023K(253440K), 0.0042012 secs]
71.674: [GC (Allocation Failure)  115975K->46021K(253440K), 0.0040832 secs]
71.742: [GC (Allocation Failure)  115973K->46008K(253440K), 0.0035377 secs]
71.813: [GC (Allocation Failure)  115960K->46007K(253440K), 0.0040085 secs]
