Java HotSpot(TM) 64-Bit Server VM (25.271-b09) for bsd-amd64 JRE (1.8.0_271-b09), built on Sep 16 2020 16:54:38 by "java_re" with gcc 4.2.1 Compatible Apple LLVM 10.0.0 (clang-1000.11.45.5)
Memory: 4k page, physical 16777216k(205440k free)

/proc/meminfo:

CommandLine flags: -XX:InitialHeapSize=2147483648 -XX:MaxHeapSize=2147483648 -XX:+PrintGC -XX:+PrintGCDateStamps -XX:+PrintGCDetails -XX:+PrintGCTimeStamps -XX:+UseCompressedClassPointers -XX:+UseCompressedOops -XX:+UseG1GC 
2021-01-18T10:16:23.747-0800: 0.148: [GC pause (G1 Evacuation Pause) (young), 0.0075500 secs]
   [Parallel Time: 6.8 ms, GC Workers: 8]
      [GC Worker Start (ms): Min: 148.1, Avg: 148.2, Max: 148.3, Diff: 0.1]
      [Ext Root Scanning (ms): Min: 0.1, Avg: 0.1, Max: 0.2, Diff: 0.2, Sum: 1.0]
      [Update RS (ms): Min: 0.3, Avg: 0.3, Max: 0.4, Diff: 0.0, Sum: 2.6]
         [Processed Buffers: Min: 5, Avg: 5.1, Max: 6, Diff: 1, Sum: 41]
      [Scan RS (ms): Min: 0.0, Avg: 0.0, Max: 0.0, Diff: 0.0, Sum: 0.1]
      [Code Root Scanning (ms): Min: 0.0, Avg: 0.0, Max: 0.0, Diff: 0.0, Sum: 0.0]
      [Object Copy (ms): Min: 5.8, Avg: 5.9, Max: 6.0, Diff: 0.2, Sum: 47.3]
      [Termination (ms): Min: 0.0, Avg: 0.2, Max: 0.4, Diff: 0.4, Sum: 1.6]
         [Termination Attempts: Min: 1, Avg: 1.0, Max: 1, Diff: 0, Sum: 8]
      [GC Worker Other (ms): Min: 0.0, Avg: 0.0, Max: 0.0, Diff: 0.0, Sum: 0.1]
      [GC Worker Total (ms): Min: 6.5, Avg: 6.6, Max: 6.7, Diff: 0.2, Sum: 52.8]
      [GC Worker End (ms): Min: 154.7, Avg: 154.8, Max: 154.9, Diff: 0.2]
   [Code Root Fixup: 0.0 ms]
   [Code Root Purge: 0.0 ms]
   [Clear CT: 0.1 ms]
   [Other: 0.7 ms]
      [Choose CSet: 0.0 ms]
      [Ref Proc: 0.1 ms]
      [Ref Enq: 0.0 ms]
      [Redirty Cards: 0.1 ms]
      [Humongous Register: 0.1 ms]
      [Humongous Reclaim: 0.1 ms]
      [Free CSet: 0.0 ms]
   [Eden: 102.0M(102.0M)->0.0B(89.0M) Survivors: 0.0B->13.0M Heap: 126.8M(2048.0M)->36.8M(2048.0M)]
 [Times: user=0.02 sys=0.03, real=0.01 secs] 
2021-01-18T10:16:23.777-0800: 0.178: [GC pause (G1 Evacuation Pause) (young), 0.0075794 secs]
   [Parallel Time: 6.9 ms, GC Workers: 8]
      [GC Worker Start (ms): Min: 178.1, Avg: 178.1, Max: 178.2, Diff: 0.1]
      [Ext Root Scanning (ms): Min: 0.1, Avg: 0.1, Max: 0.2, Diff: 0.1, Sum: 0.9]
      [Update RS (ms): Min: 0.4, Avg: 0.4, Max: 0.4, Diff: 0.0, Sum: 3.1]
         [Processed Buffers: Min: 6, Avg: 6.9, Max: 8, Diff: 2, Sum: 55]
      [Scan RS (ms): Min: 0.0, Avg: 0.0, Max: 0.0, Diff: 0.0, Sum: 0.1]
      [Code Root Scanning (ms): Min: 0.0, Avg: 0.0, Max: 0.1, Diff: 0.1, Sum: 0.1]
      [Object Copy (ms): Min: 5.9, Avg: 6.0, Max: 6.1, Diff: 0.2, Sum: 47.9]
      [Termination (ms): Min: 0.0, Avg: 0.2, Max: 0.4, Diff: 0.4, Sum: 1.4]
         [Termination Attempts: Min: 1, Avg: 1.0, Max: 1, Diff: 0, Sum: 8]
      [GC Worker Other (ms): Min: 0.0, Avg: 0.0, Max: 0.0, Diff: 0.0, Sum: 0.1]
      [GC Worker Total (ms): Min: 6.6, Avg: 6.7, Max: 6.8, Diff: 0.2, Sum: 53.5]
      [GC Worker End (ms): Min: 184.8, Avg: 184.8, Max: 185.0, Diff: 0.2]
   [Code Root Fixup: 0.0 ms]
   [Code Root Purge: 0.0 ms]
   [Clear CT: 0.1 ms]
   [Other: 0.6 ms]
      [Choose CSet: 0.0 ms]
      [Ref Proc: 0.1 ms]
      [Ref Enq: 0.0 ms]
      [Redirty Cards: 0.1 ms]
      [Humongous Register: 0.1 ms]
      [Humongous Reclaim: 0.1 ms]
      [Free CSet: 0.0 ms]
   [Eden: 89.0M(89.0M)->0.0B(89.0M) Survivors: 13.0M->13.0M Heap: 146.8M(2048.0M)->75.0M(2048.0M)]
 [Times: user=0.02 sys=0.02, real=0.01 secs] 
2021-01-18T10:16:23.809-0800: 0.210: [GC pause (G1 Evacuation Pause) (young), 0.0080331 secs]
   [Parallel Time: 7.0 ms, GC Workers: 8]
      [GC Worker Start (ms): Min: 210.0, Avg: 210.0, Max: 210.0, Diff: 0.1]
      [Ext Root Scanning (ms): Min: 0.1, Avg: 0.1, Max: 0.1, Diff: 0.1, Sum: 0.8]
      [Update RS (ms): Min: 0.5, Avg: 0.5, Max: 0.5, Diff: 0.0, Sum: 4.0]
         [Processed Buffers: Min: 4, Avg: 7.8, Max: 9, Diff: 5, Sum: 62]
      [Scan RS (ms): Min: 0.0, Avg: 0.0, Max: 0.0, Diff: 0.0, Sum: 0.1]
      [Code Root Scanning (ms): Min: 0.0, Avg: 0.0, Max: 0.0, Diff: 0.0, Sum: 0.0]
      [Object Copy (ms): Min: 5.7, Avg: 5.9, Max: 6.2, Diff: 0.4, Sum: 46.9]
      [Termination (ms): Min: 0.0, Avg: 0.4, Max: 0.6, Diff: 0.6, Sum: 2.8]
         [Termination Attempts: Min: 1, Avg: 1.0, Max: 1, Diff: 0, Sum: 8]
      [GC Worker Other (ms): Min: 0.0, Avg: 0.0, Max: 0.0, Diff: 0.0, Sum: 0.1]
      [GC Worker Total (ms): Min: 6.8, Avg: 6.8, Max: 6.9, Diff: 0.2, Sum: 54.6]
      [GC Worker End (ms): Min: 216.8, Avg: 216.8, Max: 216.9, Diff: 0.2]
   [Code Root Fixup: 0.0 ms]
   [Code Root Purge: 0.0 ms]
   [Clear CT: 0.1 ms]
   [Other: 0.9 ms]
      [Choose CSet: 0.0 ms]
      [Ref Proc: 0.5 ms]
      [Ref Enq: 0.0 ms]
      [Redirty Cards: 0.1 ms]
      [Humongous Register: 0.1 ms]
      [Humongous Reclaim: 0.1 ms]
      [Free CSet: 0.0 ms]
   [Eden: 89.0M(89.0M)->0.0B(89.0M) Survivors: 13.0M->13.0M Heap: 186.9M(2048.0M)->111.9M(2048.0M)]
 [Times: user=0.02 sys=0.03, real=0.01 secs] 
2021-01-18T10:16:23.836-0800: 0.237: [GC pause (G1 Evacuation Pause) (young), 0.0083673 secs]
   [Parallel Time: 7.7 ms, GC Workers: 8]
      [GC Worker Start (ms): Min: 236.8, Avg: 236.8, Max: 236.9, Diff: 0.1]
      [Ext Root Scanning (ms): Min: 0.1, Avg: 0.1, Max: 0.3, Diff: 0.2, Sum: 0.9]
      [Update RS (ms): Min: 0.0, Avg: 0.1, Max: 0.2, Diff: 0.2, Sum: 1.1]
         [Processed Buffers: Min: 0, Avg: 2.2, Max: 3, Diff: 3, Sum: 18]
      [Scan RS (ms): Min: 0.0, Avg: 0.0, Max: 0.0, Diff: 0.0, Sum: 0.1]
      [Code Root Scanning (ms): Min: 0.0, Avg: 0.0, Max: 0.0, Diff: 0.0, Sum: 0.0]
      [Object Copy (ms): Min: 6.6, Avg: 6.8, Max: 7.3, Diff: 0.7, Sum: 54.2]
      [Termination (ms): Min: 0.0, Avg: 0.5, Max: 0.7, Diff: 0.7, Sum: 4.0]
         [Termination Attempts: Min: 1, Avg: 1.0, Max: 1, Diff: 0, Sum: 8]
      [GC Worker Other (ms): Min: 0.0, Avg: 0.0, Max: 0.0, Diff: 0.0, Sum: 0.1]
      [GC Worker Total (ms): Min: 7.5, Avg: 7.6, Max: 7.6, Diff: 0.1, Sum: 60.4]
      [GC Worker End (ms): Min: 244.4, Avg: 244.4, Max: 244.4, Diff: 0.0]
   [Code Root Fixup: 0.0 ms]
   [Code Root Purge: 0.0 ms]
   [Clear CT: 0.1 ms]
   [Other: 0.6 ms]
      [Choose CSet: 0.0 ms]
      [Ref Proc: 0.1 ms]
      [Ref Enq: 0.0 ms]
      [Redirty Cards: 0.1 ms]
      [Humongous Register: 0.1 ms]
      [Humongous Reclaim: 0.1 ms]
      [Free CSet: 0.0 ms]
   [Eden: 89.0M(89.0M)->0.0B(92.0M) Survivors: 13.0M->13.0M Heap: 225.7M(2048.0M)->151.7M(2048.0M)]
 [Times: user=0.02 sys=0.03, real=0.01 secs] 
2021-01-18T10:16:23.862-0800: 0.263: [GC pause (G1 Evacuation Pause) (young), 0.0093721 secs]
   [Parallel Time: 7.8 ms, GC Workers: 8]
      [GC Worker Start (ms): Min: 263.5, Avg: 263.6, Max: 263.6, Diff: 0.1]
      [Ext Root Scanning (ms): Min: 0.1, Avg: 0.1, Max: 0.2, Diff: 0.1, Sum: 0.8]
      [Update RS (ms): Min: 0.1, Avg: 0.2, Max: 0.2, Diff: 0.1, Sum: 1.2]
         [Processed Buffers: Min: 0, Avg: 2.5, Max: 3, Diff: 3, Sum: 20]
      [Scan RS (ms): Min: 0.0, Avg: 0.0, Max: 0.0, Diff: 0.0, Sum: 0.1]
      [Code Root Scanning (ms): Min: 0.0, Avg: 0.0, Max: 0.0, Diff: 0.0, Sum: 0.0]
      [Object Copy (ms): Min: 6.9, Avg: 7.1, Max: 7.3, Diff: 0.3, Sum: 56.7]
      [Termination (ms): Min: 0.0, Avg: 0.2, Max: 0.4, Diff: 0.4, Sum: 1.7]
         [Termination Attempts: Min: 1, Avg: 1.0, Max: 1, Diff: 0, Sum: 8]
      [GC Worker Other (ms): Min: 0.0, Avg: 0.0, Max: 0.0, Diff: 0.0, Sum: 0.1]
      [GC Worker Total (ms): Min: 7.5, Avg: 7.6, Max: 7.7, Diff: 0.1, Sum: 60.6]
      [GC Worker End (ms): Min: 271.1, Avg: 271.1, Max: 271.2, Diff: 0.1]
   [Code Root Fixup: 0.0 ms]
   [Code Root Purge: 0.0 ms]
   [Clear CT: 0.1 ms]
   [Other: 1.5 ms]
      [Choose CSet: 0.0 ms]
      [Ref Proc: 0.9 ms]
      [Ref Enq: 0.0 ms]
      [Redirty Cards: 0.1 ms]
      [Humongous Register: 0.1 ms]
      [Humongous Reclaim: 0.1 ms]
      [Free CSet: 0.0 ms]
   [Eden: 92.0M(92.0M)->0.0B(131.0M) Survivors: 13.0M->14.0M Heap: 268.2M(2048.0M)->183.5M(2048.0M)]
 [Times: user=0.02 sys=0.03, real=0.01 secs] 
2021-01-18T10:16:23.905-0800: 0.305: [GC pause (G1 Evacuation Pause) (young), 0.0139370 secs]
   [Parallel Time: 12.2 ms, GC Workers: 8]
      [GC Worker Start (ms): Min: 305.6, Avg: 305.7, Max: 306.0, Diff: 0.4]
      [Ext Root Scanning (ms): Min: 0.0, Avg: 0.1, Max: 0.2, Diff: 0.2, Sum: 0.6]
      [Update RS (ms): Min: 0.0, Avg: 0.1, Max: 0.2, Diff: 0.2, Sum: 1.1]
         [Processed Buffers: Min: 0, Avg: 1.9, Max: 4, Diff: 4, Sum: 15]
      [Scan RS (ms): Min: 0.0, Avg: 0.0, Max: 0.0, Diff: 0.0, Sum: 0.1]
      [Code Root Scanning (ms): Min: 0.0, Avg: 0.0, Max: 0.0, Diff: 0.0, Sum: 0.0]
      [Object Copy (ms): Min: 11.0, Avg: 11.1, Max: 11.6, Diff: 0.7, Sum: 89.2]
      [Termination (ms): Min: 0.0, Avg: 0.6, Max: 0.7, Diff: 0.7, Sum: 4.7]
         [Termination Attempts: Min: 1, Avg: 1.0, Max: 1, Diff: 0, Sum: 8]
      [GC Worker Other (ms): Min: 0.0, Avg: 0.0, Max: 0.0, Diff: 0.0, Sum: 0.1]
      [GC Worker Total (ms): Min: 11.7, Avg: 12.0, Max: 12.1, Diff: 0.4, Sum: 95.9]
      [GC Worker End (ms): Min: 317.7, Avg: 317.7, Max: 317.8, Diff: 0.1]
   [Code Root Fixup: 0.0 ms]
   [Code Root Purge: 0.0 ms]
   [Clear CT: 0.1 ms]
   [Other: 1.6 ms]
      [Choose CSet: 0.0 ms]
      [Ref Proc: 1.1 ms]
      [Ref Enq: 0.0 ms]
      [Redirty Cards: 0.1 ms]
      [Humongous Register: 0.1 ms]
      [Humongous Reclaim: 0.1 ms]
      [Free CSet: 0.1 ms]
   [Eden: 131.0M(131.0M)->0.0B(139.0M) Survivors: 14.0M->19.0M Heap: 335.6M(2048.0M)->228.8M(2048.0M)]
 [Times: user=0.03 sys=0.04, real=0.01 secs] 
2021-01-18T10:16:23.955-0800: 0.356: [GC pause (G1 Evacuation Pause) (young), 0.0158767 secs]
   [Parallel Time: 14.3 ms, GC Workers: 8]
      [GC Worker Start (ms): Min: 356.3, Avg: 356.3, Max: 356.3, Diff: 0.1]
      [Ext Root Scanning (ms): Min: 0.1, Avg: 0.1, Max: 0.2, Diff: 0.1, Sum: 0.9]
      [Update RS (ms): Min: 0.1, Avg: 0.2, Max: 0.4, Diff: 0.3, Sum: 1.3]
         [Processed Buffers: Min: 0, Avg: 2.0, Max: 3, Diff: 3, Sum: 16]
      [Scan RS (ms): Min: 0.0, Avg: 0.0, Max: 0.0, Diff: 0.0, Sum: 0.1]
      [Code Root Scanning (ms): Min: 0.0, Avg: 0.0, Max: 0.0, Diff: 0.0, Sum: 0.0]
      [Object Copy (ms): Min: 13.0, Avg: 13.3, Max: 13.8, Diff: 0.8, Sum: 106.3]
      [Termination (ms): Min: 0.0, Avg: 0.6, Max: 0.8, Diff: 0.8, Sum: 4.5]
         [Termination Attempts: Min: 1, Avg: 1.8, Max: 3, Diff: 2, Sum: 14]
      [GC Worker Other (ms): Min: 0.0, Avg: 0.0, Max: 0.0, Diff: 0.0, Sum: 0.1]
      [GC Worker Total (ms): Min: 14.1, Avg: 14.2, Max: 14.2, Diff: 0.2, Sum: 113.2]
      [GC Worker End (ms): Min: 370.4, Avg: 370.4, Max: 370.5, Diff: 0.2]
   [Code Root Fixup: 0.0 ms]
   [Code Root Purge: 0.0 ms]
   [Clear CT: 0.1 ms]
   [Other: 1.5 ms]
      [Choose CSet: 0.0 ms]
      [Ref Proc: 0.9 ms]
      [Ref Enq: 0.0 ms]
      [Redirty Cards: 0.1 ms]
      [Humongous Register: 0.1 ms]
      [Humongous Reclaim: 0.1 ms]
      [Free CSet: 0.0 ms]
   [Eden: 139.0M(139.0M)->0.0B(1208.0M) Survivors: 19.0M->20.0M Heap: 411.2M(2048.0M)->283.5M(2048.0M)]
 [Times: user=0.03 sys=0.04, real=0.02 secs] 
2021-01-18T10:16:24.633-0800: 1.034: [GC pause (G1 Evacuation Pause) (young) (to-space exhausted), 0.0181000 secs]
   [Parallel Time: 12.5 ms, GC Workers: 8]
      [GC Worker Start (ms): Min: 1034.7, Avg: 1034.7, Max: 1034.9, Diff: 0.2]
      [Ext Root Scanning (ms): Min: 0.0, Avg: 0.1, Max: 0.2, Diff: 0.2, Sum: 0.7]
      [Update RS (ms): Min: 0.1, Avg: 0.2, Max: 0.6, Diff: 0.5, Sum: 1.6]
         [Processed Buffers: Min: 0, Avg: 2.1, Max: 3, Diff: 3, Sum: 17]
      [Scan RS (ms): Min: 0.0, Avg: 0.1, Max: 0.2, Diff: 0.1, Sum: 1.1]
      [Code Root Scanning (ms): Min: 0.0, Avg: 0.0, Max: 0.0, Diff: 0.0, Sum: 0.1]
      [Object Copy (ms): Min: 10.9, Avg: 11.3, Max: 11.8, Diff: 0.9, Sum: 90.7]
      [Termination (ms): Min: 0.0, Avg: 0.5, Max: 0.7, Diff: 0.7, Sum: 4.0]
         [Termination Attempts: Min: 1, Avg: 1.2, Max: 2, Diff: 1, Sum: 10]
      [GC Worker Other (ms): Min: 0.0, Avg: 0.0, Max: 0.0, Diff: 0.0, Sum: 0.2]
      [GC Worker Total (ms): Min: 12.2, Avg: 12.3, Max: 12.5, Diff: 0.3, Sum: 98.3]
      [GC Worker End (ms): Min: 1047.0, Avg: 1047.0, Max: 1047.1, Diff: 0.2]
   [Code Root Fixup: 0.0 ms]
   [Code Root Purge: 0.0 ms]
   [Clear CT: 0.3 ms]
   [Other: 5.4 ms]
      [Evacuation Failure: 3.4 ms]
      [Choose CSet: 0.0 ms]
      [Ref Proc: 0.2 ms]
      [Ref Enq: 0.0 ms]
      [Redirty Cards: 0.1 ms]
      [Humongous Register: 0.1 ms]
      [Humongous Reclaim: 1.0 ms]
      [Free CSet: 0.2 ms]
   [Eden: 1208.0M(1208.0M)->0.0B(511.0M) Survivors: 20.0M->46.0M Heap: 1801.6M(2048.0M)->1090.5M(2048.0M)]
 [Times: user=0.04 sys=0.07, real=0.02 secs] 
2021-01-18T10:16:24.653-0800: 1.053: [GC pause (G1 Humongous Allocation) (young) (initial-mark), 0.0062960 secs]
   [Parallel Time: 5.4 ms, GC Workers: 8]
      [GC Worker Start (ms): Min: 1053.6, Avg: 1053.7, Max: 1053.7, Diff: 0.1]
      [Ext Root Scanning (ms): Min: 0.1, Avg: 0.1, Max: 0.2, Diff: 0.1, Sum: 0.8]
      [Update RS (ms): Min: 0.1, Avg: 0.1, Max: 0.2, Diff: 0.2, Sum: 1.1]
         [Processed Buffers: Min: 1, Avg: 2.2, Max: 4, Diff: 3, Sum: 18]
      [Scan RS (ms): Min: 0.0, Avg: 0.0, Max: 0.0, Diff: 0.0, Sum: 0.0]
      [Code Root Scanning (ms): Min: 0.0, Avg: 0.0, Max: 0.0, Diff: 0.0, Sum: 0.0]
      [Object Copy (ms): Min: 4.7, Avg: 4.8, Max: 4.9, Diff: 0.2, Sum: 38.5]
      [Termination (ms): Min: 0.0, Avg: 0.1, Max: 0.2, Diff: 0.2, Sum: 0.9]
         [Termination Attempts: Min: 1, Avg: 1.0, Max: 1, Diff: 0, Sum: 8]
      [GC Worker Other (ms): Min: 0.0, Avg: 0.0, Max: 0.0, Diff: 0.0, Sum: 0.1]
      [GC Worker Total (ms): Min: 5.1, Avg: 5.2, Max: 5.2, Diff: 0.1, Sum: 41.3]
      [GC Worker End (ms): Min: 1058.8, Avg: 1058.8, Max: 1058.9, Diff: 0.1]
   [Code Root Fixup: 0.0 ms]
   [Code Root Purge: 0.0 ms]
   [Clear CT: 0.1 ms]
   [Other: 0.8 ms]
      [Choose CSet: 0.0 ms]
      [Ref Proc: 0.2 ms]
      [Ref Enq: 0.0 ms]
      [Redirty Cards: 0.1 ms]
      [Humongous Register: 0.1 ms]
      [Humongous Reclaim: 0.1 ms]
      [Free CSet: 0.1 ms]
   [Eden: 7168.0K(511.0M)->0.0B(419.0M) Survivors: 46.0M->3072.0K Heap: 1097.1M(2048.0M)->1090.1M(2048.0M)]
 [Times: user=0.03 sys=0.01, real=0.00 secs] 
2021-01-18T10:16:24.659-0800: 1.060: [GC concurrent-root-region-scan-start]
2021-01-18T10:16:24.659-0800: 1.060: [GC concurrent-root-region-scan-end, 0.0000844 secs]
2021-01-18T10:16:24.659-0800: 1.060: [GC concurrent-mark-start]
2021-01-18T10:16:24.667-0800: 1.068: [GC concurrent-mark-end, 0.0076392 secs]
2021-01-18T10:16:24.667-0800: 1.068: [GC remark 2021-01-18T10:16:24.667-0800: 1.068: [Finalize Marking, 0.0002645 secs] 2021-01-18T10:16:24.667-0800: 1.068: [GC ref-proc, 0.0000427 secs] 2021-01-18T10:16:24.667-0800: 1.068: [Unloading, 0.0004127 secs], 0.0014616 secs]
 [Times: user=0.01 sys=0.00, real=0.00 secs] 
2021-01-18T10:16:24.668-0800: 1.069: [GC cleanup 1144M->1082M(2048M), 0.0011911 secs]
 [Times: user=0.01 sys=0.00, real=0.01 secs] 
2021-01-18T10:16:24.670-0800: 1.070: [GC concurrent-cleanup-start]
2021-01-18T10:16:24.670-0800: 1.071: [GC concurrent-cleanup-end, 0.0000397 secs]
2021-01-18T10:16:24.746-0800: 1.147: [GC pause (G1 Evacuation Pause) (young), 0.0126962 secs]
   [Parallel Time: 11.4 ms, GC Workers: 8]
      [GC Worker Start (ms): Min: 1146.8, Avg: 1146.9, Max: 1146.9, Diff: 0.1]
      [Ext Root Scanning (ms): Min: 0.0, Avg: 0.1, Max: 0.2, Diff: 0.1, Sum: 0.6]
      [Update RS (ms): Min: 0.2, Avg: 0.3, Max: 0.9, Diff: 0.7, Sum: 2.4]
         [Processed Buffers: Min: 0, Avg: 3.2, Max: 4, Diff: 4, Sum: 26]
      [Scan RS (ms): Min: 0.0, Avg: 0.0, Max: 0.1, Diff: 0.0, Sum: 0.4]
      [Code Root Scanning (ms): Min: 0.0, Avg: 0.0, Max: 0.0, Diff: 0.0, Sum: 0.0]
      [Object Copy (ms): Min: 9.8, Avg: 10.5, Max: 10.7, Diff: 0.9, Sum: 84.0]
      [Termination (ms): Min: 0.0, Avg: 0.2, Max: 0.5, Diff: 0.5, Sum: 1.9]
         [Termination Attempts: Min: 1, Avg: 1.9, Max: 3, Diff: 2, Sum: 15]
      [GC Worker Other (ms): Min: 0.0, Avg: 0.0, Max: 0.0, Diff: 0.0, Sum: 0.1]
      [GC Worker Total (ms): Min: 11.1, Avg: 11.2, Max: 11.3, Diff: 0.3, Sum: 89.4]
      [GC Worker End (ms): Min: 1158.0, Avg: 1158.1, Max: 1158.2, Diff: 0.2]
   [Code Root Fixup: 0.0 ms]
   [Code Root Purge: 0.0 ms]
   [Clear CT: 0.2 ms]
   [Other: 1.0 ms]
      [Choose CSet: 0.0 ms]
      [Ref Proc: 0.2 ms]
      [Ref Enq: 0.0 ms]
      [Redirty Cards: 0.2 ms]
      [Humongous Register: 0.1 ms]
      [Humongous Reclaim: 0.2 ms]
      [Free CSet: 0.2 ms]
   [Eden: 419.0M(419.0M)->0.0B(49.0M) Survivors: 3072.0K->53.0M Heap: 1556.0M(2048.0M)->1146.6M(2048.0M)]
 [Times: user=0.07 sys=0.01, real=0.01 secs] 
2021-01-18T10:16:24.769-0800: 1.170: [GC pause (G1 Evacuation Pause) (mixed), 0.0096312 secs]
   [Parallel Time: 8.5 ms, GC Workers: 8]
      [GC Worker Start (ms): Min: 1170.3, Avg: 1170.4, Max: 1170.5, Diff: 0.1]
      [Ext Root Scanning (ms): Min: 0.0, Avg: 0.1, Max: 0.2, Diff: 0.1, Sum: 0.8]
      [Update RS (ms): Min: 0.3, Avg: 0.3, Max: 0.5, Diff: 0.2, Sum: 2.7]
         [Processed Buffers: Min: 0, Avg: 3.5, Max: 4, Diff: 4, Sum: 28]
      [Scan RS (ms): Min: 0.0, Avg: 0.1, Max: 0.1, Diff: 0.1, Sum: 0.5]
      [Code Root Scanning (ms): Min: 0.0, Avg: 0.0, Max: 0.0, Diff: 0.0, Sum: 0.0]
      [Object Copy (ms): Min: 7.5, Avg: 7.6, Max: 7.7, Diff: 0.3, Sum: 60.8]
      [Termination (ms): Min: 0.0, Avg: 0.2, Max: 0.3, Diff: 0.3, Sum: 1.6]
         [Termination Attempts: Min: 1, Avg: 1.0, Max: 1, Diff: 0, Sum: 8]
      [GC Worker Other (ms): Min: 0.0, Avg: 0.0, Max: 0.0, Diff: 0.0, Sum: 0.1]
      [GC Worker Total (ms): Min: 8.2, Avg: 8.3, Max: 8.4, Diff: 0.2, Sum: 66.4]
      [GC Worker End (ms): Min: 1178.6, Avg: 1178.7, Max: 1178.8, Diff: 0.1]
   [Code Root Fixup: 0.0 ms]
   [Code Root Purge: 0.0 ms]
   [Clear CT: 0.2 ms]
   [Other: 1.0 ms]
      [Choose CSet: 0.1 ms]
      [Ref Proc: 0.2 ms]
      [Ref Enq: 0.0 ms]
      [Redirty Cards: 0.2 ms]
      [Humongous Register: 0.1 ms]
      [Humongous Reclaim: 0.1 ms]
      [Free CSet: 0.2 ms]
   [Eden: 49.0M(49.0M)->0.0B(89.0M) Survivors: 53.0M->13.0M Heap: 1207.7M(2048.0M)->979.4M(2048.0M)]
 [Times: user=0.03 sys=0.02, real=0.01 secs] 
2021-01-18T10:16:24.796-0800: 1.197: [GC pause (G1 Evacuation Pause) (mixed), 0.0079508 secs]
   [Parallel Time: 6.8 ms, GC Workers: 8]
      [GC Worker Start (ms): Min: 1197.5, Avg: 1197.5, Max: 1197.6, Diff: 0.1]
      [Ext Root Scanning (ms): Min: 0.0, Avg: 0.1, Max: 0.2, Diff: 0.1, Sum: 0.8]
      [Update RS (ms): Min: 0.3, Avg: 0.3, Max: 0.4, Diff: 0.1, Sum: 2.7]
         [Processed Buffers: Min: 0, Avg: 4.4, Max: 5, Diff: 5, Sum: 35]
      [Scan RS (ms): Min: 0.0, Avg: 0.1, Max: 0.1, Diff: 0.1, Sum: 0.5]
      [Code Root Scanning (ms): Min: 0.0, Avg: 0.0, Max: 0.0, Diff: 0.0, Sum: 0.0]
      [Object Copy (ms): Min: 5.7, Avg: 5.8, Max: 5.9, Diff: 0.3, Sum: 46.0]
      [Termination (ms): Min: 0.0, Avg: 0.3, Max: 0.5, Diff: 0.5, Sum: 2.3]
         [Termination Attempts: Min: 1, Avg: 1.0, Max: 1, Diff: 0, Sum: 8]
      [GC Worker Other (ms): Min: 0.0, Avg: 0.0, Max: 0.0, Diff: 0.0, Sum: 0.1]
      [GC Worker Total (ms): Min: 6.4, Avg: 6.6, Max: 6.7, Diff: 0.2, Sum: 52.5]
      [GC Worker End (ms): Min: 1204.0, Avg: 1204.1, Max: 1204.2, Diff: 0.2]
   [Code Root Fixup: 0.0 ms]
   [Code Root Purge: 0.0 ms]
   [Clear CT: 0.2 ms]
   [Other: 1.0 ms]
      [Choose CSet: 0.1 ms]
      [Ref Proc: 0.2 ms]
      [Ref Enq: 0.0 ms]
      [Redirty Cards: 0.1 ms]
      [Humongous Register: 0.1 ms]
      [Humongous Reclaim: 0.1 ms]
      [Free CSet: 0.2 ms]
   [Eden: 89.0M(89.0M)->0.0B(89.0M) Survivors: 13.0M->13.0M Heap: 1097.4M(2048.0M)->819.0M(2048.0M)]
 [Times: user=0.03 sys=0.01, real=0.01 secs] 
2021-01-18T10:16:24.821-0800: 1.222: [GC pause (G1 Evacuation Pause) (mixed), 0.0089332 secs]
   [Parallel Time: 7.8 ms, GC Workers: 8]
      [GC Worker Start (ms): Min: 1221.7, Avg: 1221.8, Max: 1221.8, Diff: 0.1]
      [Ext Root Scanning (ms): Min: 0.1, Avg: 0.1, Max: 0.2, Diff: 0.1, Sum: 0.8]
      [Update RS (ms): Min: 0.2, Avg: 0.3, Max: 0.7, Diff: 0.5, Sum: 2.2]
         [Processed Buffers: Min: 0, Avg: 2.8, Max: 4, Diff: 4, Sum: 22]
      [Scan RS (ms): Min: 0.0, Avg: 0.1, Max: 0.2, Diff: 0.1, Sum: 0.6]
      [Code Root Scanning (ms): Min: 0.0, Avg: 0.0, Max: 0.0, Diff: 0.0, Sum: 0.0]
      [Object Copy (ms): Min: 6.7, Avg: 6.8, Max: 7.0, Diff: 0.3, Sum: 54.5]
      [Termination (ms): Min: 0.0, Avg: 0.3, Max: 0.5, Diff: 0.5, Sum: 2.1]
         [Termination Attempts: Min: 1, Avg: 1.0, Max: 1, Diff: 0, Sum: 8]
      [GC Worker Other (ms): Min: 0.0, Avg: 0.0, Max: 0.0, Diff: 0.0, Sum: 0.1]
      [GC Worker Total (ms): Min: 7.4, Avg: 7.5, Max: 7.7, Diff: 0.2, Sum: 60.3]
      [GC Worker End (ms): Min: 1229.3, Avg: 1229.3, Max: 1229.5, Diff: 0.2]
   [Code Root Fixup: 0.0 ms]
   [Code Root Purge: 0.0 ms]
   [Clear CT: 0.2 ms]
   [Other: 1.0 ms]
      [Choose CSet: 0.1 ms]
      [Ref Proc: 0.2 ms]
      [Ref Enq: 0.0 ms]
      [Redirty Cards: 0.1 ms]
      [Humongous Register: 0.1 ms]
      [Humongous Reclaim: 0.1 ms]
      [Free CSet: 0.2 ms]
   [Eden: 89.0M(89.0M)->0.0B(89.0M) Survivors: 13.0M->13.0M Heap: 924.4M(2048.0M)->668.5M(2048.0M)]
 [Times: user=0.04 sys=0.01, real=0.01 secs] 
2021-01-18T10:16:24.848-0800: 1.249: [GC pause (G1 Evacuation Pause) (mixed), 0.0077785 secs]
   [Parallel Time: 6.5 ms, GC Workers: 8]
      [GC Worker Start (ms): Min: 1249.0, Avg: 1249.1, Max: 1249.2, Diff: 0.1]
      [Ext Root Scanning (ms): Min: 0.0, Avg: 0.1, Max: 0.2, Diff: 0.1, Sum: 0.9]
      [Update RS (ms): Min: 0.2, Avg: 0.3, Max: 0.5, Diff: 0.3, Sum: 2.1]
         [Processed Buffers: Min: 0, Avg: 3.0, Max: 4, Diff: 4, Sum: 24]
      [Scan RS (ms): Min: 0.0, Avg: 0.0, Max: 0.1, Diff: 0.0, Sum: 0.3]
      [Code Root Scanning (ms): Min: 0.0, Avg: 0.0, Max: 0.0, Diff: 0.0, Sum: 0.0]
      [Object Copy (ms): Min: 5.4, Avg: 5.6, Max: 5.8, Diff: 0.4, Sum: 45.2]
      [Termination (ms): Min: 0.0, Avg: 0.2, Max: 0.5, Diff: 0.5, Sum: 2.0]
         [Termination Attempts: Min: 1, Avg: 1.2, Max: 2, Diff: 1, Sum: 10]
      [GC Worker Other (ms): Min: 0.0, Avg: 0.0, Max: 0.0, Diff: 0.0, Sum: 0.1]
      [GC Worker Total (ms): Min: 6.2, Avg: 6.3, Max: 6.5, Diff: 0.2, Sum: 50.6]
      [GC Worker End (ms): Min: 1255.3, Avg: 1255.4, Max: 1255.5, Diff: 0.2]
   [Code Root Fixup: 0.0 ms]
   [Code Root Purge: 0.0 ms]
   [Clear CT: 0.1 ms]
   [Other: 1.1 ms]
      [Choose CSet: 0.1 ms]
      [Ref Proc: 0.2 ms]
      [Ref Enq: 0.0 ms]
      [Redirty Cards: 0.2 ms]
      [Humongous Register: 0.2 ms]
      [Humongous Reclaim: 0.2 ms]
      [Free CSet: 0.1 ms]
   [Eden: 89.0M(89.0M)->0.0B(956.0M) Survivors: 13.0M->13.0M Heap: 780.8M(2048.0M)->602.7M(2048.0M)]
 [Times: user=0.03 sys=0.02, real=0.01 secs] 
2021-01-18T10:16:24.967-0800: 1.368: [GC pause (G1 Humongous Allocation) (young) (initial-mark), 0.0165417 secs]
   [Parallel Time: 15.0 ms, GC Workers: 8]
      [GC Worker Start (ms): Min: 1368.1, Avg: 1368.2, Max: 1368.3, Diff: 0.1]
      [Ext Root Scanning (ms): Min: 0.1, Avg: 0.1, Max: 0.2, Diff: 0.2, Sum: 1.1]
      [Update RS (ms): Min: 0.2, Avg: 0.4, Max: 0.6, Diff: 0.4, Sum: 2.8]
         [Processed Buffers: Min: 0, Avg: 4.4, Max: 6, Diff: 6, Sum: 35]
      [Scan RS (ms): Min: 0.0, Avg: 0.1, Max: 0.1, Diff: 0.0, Sum: 0.6]
      [Code Root Scanning (ms): Min: 0.0, Avg: 0.0, Max: 0.0, Diff: 0.0, Sum: 0.1]
      [Object Copy (ms): Min: 14.0, Avg: 14.2, Max: 14.3, Diff: 0.3, Sum: 113.6]
      [Termination (ms): Min: 0.0, Avg: 0.1, Max: 0.1, Diff: 0.1, Sum: 0.6]
         [Termination Attempts: Min: 1, Avg: 1.9, Max: 3, Diff: 2, Sum: 15]
      [GC Worker Other (ms): Min: 0.0, Avg: 0.0, Max: 0.0, Diff: 0.0, Sum: 0.2]
      [GC Worker Total (ms): Min: 14.8, Avg: 14.9, Max: 14.9, Diff: 0.1, Sum: 118.9]
      [GC Worker End (ms): Min: 1383.1, Avg: 1383.1, Max: 1383.1, Diff: 0.0]
   [Code Root Fixup: 0.0 ms]
   [Code Root Purge: 0.0 ms]
   [Clear CT: 0.3 ms]
   [Other: 1.3 ms]
      [Choose CSet: 0.0 ms]
      [Ref Proc: 0.2 ms]
      [Ref Enq: 0.0 ms]
      [Redirty Cards: 0.1 ms]
      [Humongous Register: 0.1 ms]
      [Humongous Reclaim: 0.3 ms]
      [Free CSet: 0.3 ms]
   [Eden: 647.0M(956.0M)->0.0B(6144.0K) Survivors: 13.0M->122.0M Heap: 1423.1M(2048.0M)->764.4M(2048.0M)]
 [Times: user=0.11 sys=0.00, real=0.02 secs] 
2021-01-18T10:16:24.984-0800: 1.385: [GC concurrent-root-region-scan-start]
2021-01-18T10:16:24.984-0800: 1.385: [GC concurrent-root-region-scan-end, 0.0002409 secs]
2021-01-18T10:16:24.984-0800: 1.385: [GC concurrent-mark-start]
2021-01-18T10:16:24.985-0800: 1.386: [GC pause (G1 Evacuation Pause) (young), 0.0154529 secs]
   [Parallel Time: 14.2 ms, GC Workers: 8]
      [GC Worker Start (ms): Min: 1386.0, Avg: 1386.1, Max: 1386.2, Diff: 0.2]
      [Ext Root Scanning (ms): Min: 0.1, Avg: 0.1, Max: 0.2, Diff: 0.2, Sum: 1.1]
      [Update RS (ms): Min: 0.3, Avg: 0.3, Max: 0.3, Diff: 0.1, Sum: 2.2]
         [Processed Buffers: Min: 2, Avg: 3.0, Max: 4, Diff: 2, Sum: 24]
      [Scan RS (ms): Min: 0.0, Avg: 0.0, Max: 0.0, Diff: 0.0, Sum: 0.1]
      [Code Root Scanning (ms): Min: 0.0, Avg: 0.0, Max: 0.0, Diff: 0.0, Sum: 0.0]
      [Object Copy (ms): Min: 13.2, Avg: 13.3, Max: 13.4, Diff: 0.2, Sum: 106.3]
      [Termination (ms): Min: 0.0, Avg: 0.2, Max: 0.3, Diff: 0.3, Sum: 1.6]
         [Termination Attempts: Min: 1, Avg: 1.0, Max: 1, Diff: 0, Sum: 8]
      [GC Worker Other (ms): Min: 0.0, Avg: 0.0, Max: 0.0, Diff: 0.0, Sum: 0.1]
      [GC Worker Total (ms): Min: 13.8, Avg: 13.9, Max: 14.1, Diff: 0.2, Sum: 111.4]
      [GC Worker End (ms): Min: 1400.0, Avg: 1400.0, Max: 1400.1, Diff: 0.1]
   [Code Root Fixup: 0.0 ms]
   [Code Root Purge: 0.0 ms]
   [Clear CT: 0.2 ms]
   [Other: 1.1 ms]
      [Choose CSet: 0.0 ms]
      [Ref Proc: 0.4 ms]
      [Ref Enq: 0.0 ms]
      [Redirty Cards: 0.2 ms]
      [Humongous Register: 0.1 ms]
      [Humongous Reclaim: 0.1 ms]
      [Free CSet: 0.1 ms]
   [Eden: 6144.0K(6144.0K)->0.0B(100.0M) Survivors: 122.0M->2048.0K Heap: 772.2M(2048.0M)->766.0M(2048.0M)]
 [Times: user=0.06 sys=0.04, real=0.02 secs] 
2021-01-18T10:16:25.002-0800: 1.403: [GC concurrent-mark-end, 0.0179650 secs]
2021-01-18T10:16:25.002-0800: 1.403: [GC remark 2021-01-18T10:16:25.002-0800: 1.403: [Finalize Marking, 0.0008255 secs] 2021-01-18T10:16:25.003-0800: 1.404: [GC ref-proc, 0.0000646 secs] 2021-01-18T10:16:25.003-0800: 1.404: [Unloading, 0.0005486 secs], 0.0026671 secs]
 [Times: user=0.01 sys=0.00, real=0.00 secs] 
2021-01-18T10:16:25.005-0800: 1.406: [GC cleanup 771M->623M(2048M), 0.0018555 secs]
 [Times: user=0.01 sys=0.01, real=0.00 secs] 
2021-01-18T10:16:25.007-0800: 1.408: [GC concurrent-cleanup-start]
2021-01-18T10:16:25.007-0800: 1.408: [GC concurrent-cleanup-end, 0.0001200 secs]
2021-01-18T10:16:25.027-0800: 1.428: [GC pause (G1 Evacuation Pause) (young), 0.0046416 secs]
   [Parallel Time: 3.7 ms, GC Workers: 8]
      [GC Worker Start (ms): Min: 1428.6, Avg: 1428.6, Max: 1428.7, Diff: 0.1]
      [Ext Root Scanning (ms): Min: 0.1, Avg: 0.1, Max: 0.2, Diff: 0.1, Sum: 1.0]
      [Update RS (ms): Min: 0.3, Avg: 0.4, Max: 0.8, Diff: 0.5, Sum: 3.0]
         [Processed Buffers: Min: 0, Avg: 3.5, Max: 4, Diff: 4, Sum: 28]
      [Scan RS (ms): Min: 0.0, Avg: 0.0, Max: 0.0, Diff: 0.0, Sum: 0.1]
      [Code Root Scanning (ms): Min: 0.0, Avg: 0.0, Max: 0.0, Diff: 0.0, Sum: 0.0]
      [Object Copy (ms): Min: 2.5, Avg: 2.9, Max: 3.0, Diff: 0.5, Sum: 23.6]
      [Termination (ms): Min: 0.0, Avg: 0.0, Max: 0.1, Diff: 0.1, Sum: 0.3]
         [Termination Attempts: Min: 1, Avg: 1.0, Max: 1, Diff: 0, Sum: 8]
      [GC Worker Other (ms): Min: 0.0, Avg: 0.0, Max: 0.0, Diff: 0.0, Sum: 0.1]
      [GC Worker Total (ms): Min: 3.5, Avg: 3.5, Max: 3.6, Diff: 0.1, Sum: 28.0]
      [GC Worker End (ms): Min: 1432.1, Avg: 1432.1, Max: 1432.1, Diff: 0.0]
   [Code Root Fixup: 0.0 ms]
   [Code Root Purge: 0.0 ms]
   [Clear CT: 0.1 ms]
   [Other: 0.9 ms]
      [Choose CSet: 0.0 ms]
      [Ref Proc: 0.2 ms]
      [Ref Enq: 0.0 ms]
      [Redirty Cards: 0.1 ms]
      [Humongous Register: 0.1 ms]
      [Humongous Reclaim: 0.1 ms]
      [Free CSet: 0.1 ms]
   [Eden: 100.0M(100.0M)->0.0B(89.0M) Survivors: 2048.0K->13.0M Heap: 744.5M(2048.0M)->647.8M(2048.0M)]
 [Times: user=0.03 sys=0.00, real=0.01 secs] 
2021-01-18T10:16:25.049-0800: 1.450: [GC pause (G1 Evacuation Pause) (mixed), 0.0055030 secs]
   [Parallel Time: 4.6 ms, GC Workers: 8]
      [GC Worker Start (ms): Min: 1449.8, Avg: 1449.9, Max: 1449.9, Diff: 0.1]
      [Ext Root Scanning (ms): Min: 0.1, Avg: 0.1, Max: 0.2, Diff: 0.1, Sum: 0.9]
      [Update RS (ms): Min: 0.3, Avg: 0.4, Max: 0.6, Diff: 0.3, Sum: 3.0]
         [Processed Buffers: Min: 0, Avg: 4.2, Max: 5, Diff: 5, Sum: 34]
      [Scan RS (ms): Min: 0.0, Avg: 0.0, Max: 0.1, Diff: 0.1, Sum: 0.3]
      [Code Root Scanning (ms): Min: 0.0, Avg: 0.0, Max: 0.0, Diff: 0.0, Sum: 0.0]
      [Object Copy (ms): Min: 3.6, Avg: 3.7, Max: 3.9, Diff: 0.3, Sum: 29.6]
      [Termination (ms): Min: 0.0, Avg: 0.2, Max: 0.3, Diff: 0.3, Sum: 1.4]
         [Termination Attempts: Min: 1, Avg: 1.0, Max: 1, Diff: 0, Sum: 8]
      [GC Worker Other (ms): Min: 0.0, Avg: 0.0, Max: 0.0, Diff: 0.0, Sum: 0.1]
      [GC Worker Total (ms): Min: 4.4, Avg: 4.4, Max: 4.5, Diff: 0.1, Sum: 35.4]
      [GC Worker End (ms): Min: 1454.2, Avg: 1454.3, Max: 1454.3, Diff: 0.1]
   [Code Root Fixup: 0.0 ms]
   [Code Root Purge: 0.0 ms]
   [Clear CT: 0.1 ms]
   [Other: 0.8 ms]
      [Choose CSet: 0.0 ms]
      [Ref Proc: 0.2 ms]
      [Ref Enq: 0.0 ms]
      [Redirty Cards: 0.1 ms]
      [Humongous Register: 0.1 ms]
      [Humongous Reclaim: 0.1 ms]
      [Free CSet: 0.1 ms]
   [Eden: 89.0M(89.0M)->0.0B(89.0M) Survivors: 13.0M->13.0M Heap: 764.5M(2048.0M)->630.1M(2048.0M)]
 [Times: user=0.02 sys=0.01, real=0.01 secs] 
2021-01-18T10:16:25.070-0800: 1.470: [GC pause (G1 Evacuation Pause) (mixed), 0.0059760 secs]
   [Parallel Time: 4.8 ms, GC Workers: 8]
      [GC Worker Start (ms): Min: 1470.6, Avg: 1470.7, Max: 1470.7, Diff: 0.1]
      [Ext Root Scanning (ms): Min: 0.1, Avg: 0.1, Max: 0.2, Diff: 0.1, Sum: 0.8]
      [Update RS (ms): Min: 0.4, Avg: 0.4, Max: 0.4, Diff: 0.1, Sum: 3.3]
         [Processed Buffers: Min: 0, Avg: 5.4, Max: 7, Diff: 7, Sum: 43]
      [Scan RS (ms): Min: 0.0, Avg: 0.1, Max: 0.2, Diff: 0.1, Sum: 0.4]
      [Code Root Scanning (ms): Min: 0.0, Avg: 0.0, Max: 0.0, Diff: 0.0, Sum: 0.0]
      [Object Copy (ms): Min: 3.9, Avg: 4.0, Max: 4.1, Diff: 0.2, Sum: 32.1]
      [Termination (ms): Min: 0.0, Avg: 0.1, Max: 0.2, Diff: 0.2, Sum: 1.1]
         [Termination Attempts: Min: 1, Avg: 1.1, Max: 2, Diff: 1, Sum: 9]
      [GC Worker Other (ms): Min: 0.0, Avg: 0.0, Max: 0.0, Diff: 0.0, Sum: 0.1]
      [GC Worker Total (ms): Min: 4.7, Avg: 4.7, Max: 4.8, Diff: 0.1, Sum: 37.9]
      [GC Worker End (ms): Min: 1475.4, Avg: 1475.4, Max: 1475.4, Diff: 0.1]
   [Code Root Fixup: 0.0 ms]
   [Code Root Purge: 0.0 ms]
   [Clear CT: 0.2 ms]
   [Other: 0.9 ms]
      [Choose CSet: 0.0 ms]
      [Ref Proc: 0.3 ms]
      [Ref Enq: 0.0 ms]
      [Redirty Cards: 0.1 ms]
      [Humongous Register: 0.2 ms]
      [Humongous Reclaim: 0.1 ms]
      [Free CSet: 0.1 ms]
   [Eden: 89.0M(89.0M)->0.0B(89.0M) Survivors: 13.0M->13.0M Heap: 742.7M(2048.0M)->614.0M(2048.0M)]
 [Times: user=0.03 sys=0.01, real=0.00 secs] 
2021-01-18T10:16:25.092-0800: 1.492: [GC pause (G1 Evacuation Pause) (mixed), 0.0056372 secs]
   [Parallel Time: 4.8 ms, GC Workers: 8]
      [GC Worker Start (ms): Min: 1492.6, Avg: 1492.7, Max: 1492.7, Diff: 0.1]
      [Ext Root Scanning (ms): Min: 0.1, Avg: 0.1, Max: 0.2, Diff: 0.1, Sum: 0.8]
      [Update RS (ms): Min: 0.3, Avg: 0.4, Max: 0.4, Diff: 0.1, Sum: 3.2]
         [Processed Buffers: Min: 0, Avg: 5.1, Max: 6, Diff: 6, Sum: 41]
      [Scan RS (ms): Min: 0.0, Avg: 0.0, Max: 0.1, Diff: 0.1, Sum: 0.3]
      [Code Root Scanning (ms): Min: 0.0, Avg: 0.0, Max: 0.0, Diff: 0.0, Sum: 0.0]
      [Object Copy (ms): Min: 4.0, Avg: 4.0, Max: 4.1, Diff: 0.1, Sum: 31.9]
      [Termination (ms): Min: 0.0, Avg: 0.1, Max: 0.1, Diff: 0.1, Sum: 0.8]
         [Termination Attempts: Min: 1, Avg: 1.0, Max: 1, Diff: 0, Sum: 8]
      [GC Worker Other (ms): Min: 0.0, Avg: 0.0, Max: 0.0, Diff: 0.0, Sum: 0.1]
      [GC Worker Total (ms): Min: 4.6, Avg: 4.6, Max: 4.7, Diff: 0.2, Sum: 37.1]
      [GC Worker End (ms): Min: 1497.3, Avg: 1497.3, Max: 1497.3, Diff: 0.1]
   [Code Root Fixup: 0.0 ms]
   [Code Root Purge: 0.0 ms]
   [Clear CT: 0.2 ms]
   [Other: 0.7 ms]
      [Choose CSet: 0.0 ms]
      [Ref Proc: 0.1 ms]
      [Ref Enq: 0.0 ms]
      [Redirty Cards: 0.1 ms]
      [Humongous Register: 0.1 ms]
      [Humongous Reclaim: 0.1 ms]
      [Free CSet: 0.1 ms]
   [Eden: 89.0M(89.0M)->0.0B(89.0M) Survivors: 13.0M->13.0M Heap: 729.8M(2048.0M)->603.4M(2048.0M)]
 [Times: user=0.03 sys=0.00, real=0.00 secs] 
2021-01-18T10:16:25.112-0800: 1.513: [GC pause (G1 Evacuation Pause) (mixed), 0.0058110 secs]
   [Parallel Time: 4.9 ms, GC Workers: 8]
      [GC Worker Start (ms): Min: 1513.1, Avg: 1513.2, Max: 1513.2, Diff: 0.1]
      [Ext Root Scanning (ms): Min: 0.1, Avg: 0.1, Max: 0.2, Diff: 0.1, Sum: 1.1]
      [Update RS (ms): Min: 0.4, Avg: 0.5, Max: 0.5, Diff: 0.1, Sum: 3.8]
         [Processed Buffers: Min: 6, Avg: 6.6, Max: 7, Diff: 1, Sum: 53]
      [Scan RS (ms): Min: 0.0, Avg: 0.1, Max: 0.2, Diff: 0.2, Sum: 0.6]
      [Code Root Scanning (ms): Min: 0.0, Avg: 0.0, Max: 0.1, Diff: 0.1, Sum: 0.1]
      [Object Copy (ms): Min: 3.9, Avg: 4.0, Max: 4.1, Diff: 0.2, Sum: 32.3]
      [Termination (ms): Min: 0.0, Avg: 0.0, Max: 0.1, Diff: 0.1, Sum: 0.2]
         [Termination Attempts: Min: 1, Avg: 1.0, Max: 1, Diff: 0, Sum: 8]
      [GC Worker Other (ms): Min: 0.0, Avg: 0.0, Max: 0.0, Diff: 0.0, Sum: 0.1]
      [GC Worker Total (ms): Min: 4.7, Avg: 4.8, Max: 4.8, Diff: 0.1, Sum: 38.1]
      [GC Worker End (ms): Min: 1517.9, Avg: 1517.9, Max: 1517.9, Diff: 0.0]
   [Code Root Fixup: 0.0 ms]
   [Code Root Purge: 0.0 ms]
   [Clear CT: 0.1 ms]
   [Other: 0.8 ms]
      [Choose CSet: 0.0 ms]
      [Ref Proc: 0.2 ms]
      [Ref Enq: 0.0 ms]
      [Redirty Cards: 0.1 ms]
      [Humongous Register: 0.1 ms]
      [Humongous Reclaim: 0.1 ms]
      [Free CSet: 0.1 ms]
   [Eden: 89.0M(89.0M)->0.0B(294.0M) Survivors: 13.0M->13.0M Heap: 711.9M(2048.0M)->610.1M(2048.0M)]
 [Times: user=0.04 sys=0.00, real=0.00 secs] 
2021-01-18T10:16:25.164-0800: 1.564: [GC pause (G1 Evacuation Pause) (young), 0.0108290 secs]
   [Parallel Time: 9.7 ms, GC Workers: 8]
      [GC Worker Start (ms): Min: 1564.7, Avg: 1564.7, Max: 1564.8, Diff: 0.1]
      [Ext Root Scanning (ms): Min: 0.1, Avg: 0.1, Max: 0.1, Diff: 0.1, Sum: 0.8]
      [Update RS (ms): Min: 0.4, Avg: 0.4, Max: 0.4, Diff: 0.0, Sum: 3.5]
         [Processed Buffers: Min: 0, Avg: 6.4, Max: 8, Diff: 8, Sum: 51]
      [Scan RS (ms): Min: 0.0, Avg: 0.0, Max: 0.1, Diff: 0.0, Sum: 0.3]
      [Code Root Scanning (ms): Min: 0.0, Avg: 0.0, Max: 0.0, Diff: 0.0, Sum: 0.0]
      [Object Copy (ms): Min: 8.5, Avg: 8.6, Max: 8.8, Diff: 0.3, Sum: 68.6]
      [Termination (ms): Min: 0.0, Avg: 0.3, Max: 0.5, Diff: 0.5, Sum: 2.5]
         [Termination Attempts: Min: 1, Avg: 2.9, Max: 6, Diff: 5, Sum: 23]
      [GC Worker Other (ms): Min: 0.0, Avg: 0.0, Max: 0.0, Diff: 0.0, Sum: 0.1]
      [GC Worker Total (ms): Min: 9.3, Avg: 9.5, Max: 9.6, Diff: 0.3, Sum: 75.8]
      [GC Worker End (ms): Min: 1574.1, Avg: 1574.2, Max: 1574.3, Diff: 0.2]
   [Code Root Fixup: 0.0 ms]
   [Code Root Purge: 0.0 ms]
   [Clear CT: 0.2 ms]
   [Other: 0.9 ms]
      [Choose CSet: 0.0 ms]
      [Ref Proc: 0.2 ms]
      [Ref Enq: 0.0 ms]
      [Redirty Cards: 0.1 ms]
      [Humongous Register: 0.2 ms]
      [Humongous Reclaim: 0.2 ms]
      [Free CSet: 0.1 ms]
   [Eden: 294.0M(294.0M)->0.0B(101.0M) Survivors: 13.0M->39.0M Heap: 997.4M(2048.0M)->692.8M(2048.0M)]
 [Times: user=0.05 sys=0.01, real=0.01 secs] 
2021-01-18T10:16:25.192-0800: 1.593: [GC pause (G1 Evacuation Pause) (young), 0.0081557 secs]
   [Parallel Time: 7.2 ms, GC Workers: 8]
      [GC Worker Start (ms): Min: 1592.7, Avg: 1592.8, Max: 1592.8, Diff: 0.1]
      [Ext Root Scanning (ms): Min: 0.1, Avg: 0.1, Max: 0.2, Diff: 0.1, Sum: 0.9]
      [Update RS (ms): Min: 0.4, Avg: 0.5, Max: 0.6, Diff: 0.1, Sum: 4.2]
         [Processed Buffers: Min: 0, Avg: 6.1, Max: 8, Diff: 8, Sum: 49]
      [Scan RS (ms): Min: 0.0, Avg: 0.0, Max: 0.0, Diff: 0.0, Sum: 0.1]
      [Code Root Scanning (ms): Min: 0.0, Avg: 0.0, Max: 0.0, Diff: 0.0, Sum: 0.0]
      [Object Copy (ms): Min: 6.1, Avg: 6.2, Max: 6.3, Diff: 0.2, Sum: 49.7]
      [Termination (ms): Min: 0.0, Avg: 0.1, Max: 0.2, Diff: 0.2, Sum: 1.2]
         [Termination Attempts: Min: 1, Avg: 1.8, Max: 3, Diff: 2, Sum: 14]
      [GC Worker Other (ms): Min: 0.0, Avg: 0.0, Max: 0.0, Diff: 0.0, Sum: 0.1]
      [GC Worker Total (ms): Min: 7.0, Avg: 7.0, Max: 7.1, Diff: 0.1, Sum: 56.1]
      [GC Worker End (ms): Min: 1599.8, Avg: 1599.8, Max: 1599.9, Diff: 0.1]
   [Code Root Fixup: 0.0 ms]
   [Code Root Purge: 0.0 ms]
   [Clear CT: 0.1 ms]
   [Other: 0.8 ms]
      [Choose CSet: 0.0 ms]
      [Ref Proc: 0.2 ms]
      [Ref Enq: 0.0 ms]
      [Redirty Cards: 0.1 ms]
      [Humongous Register: 0.2 ms]
      [Humongous Reclaim: 0.1 ms]
      [Free CSet: 0.1 ms]
   [Eden: 101.0M(101.0M)->0.0B(240.0M) Survivors: 39.0M->18.0M Heap: 819.9M(2048.0M)->717.5M(2048.0M)]
 [Times: user=0.04 sys=0.01, real=0.01 secs] 
2021-01-18T10:16:25.239-0800: 1.640: [GC pause (G1 Evacuation Pause) (young), 0.0097790 secs]
   [Parallel Time: 8.7 ms, GC Workers: 8]
      [GC Worker Start (ms): Min: 1639.9, Avg: 1640.0, Max: 1640.1, Diff: 0.1]
      [Ext Root Scanning (ms): Min: 0.0, Avg: 0.1, Max: 0.2, Diff: 0.1, Sum: 0.6]
      [Update RS (ms): Min: 0.6, Avg: 0.6, Max: 0.6, Diff: 0.1, Sum: 4.9]
         [Processed Buffers: Min: 3, Avg: 9.1, Max: 11, Diff: 8, Sum: 73]
      [Scan RS (ms): Min: 0.0, Avg: 0.0, Max: 0.0, Diff: 0.0, Sum: 0.2]
      [Code Root Scanning (ms): Min: 0.0, Avg: 0.0, Max: 0.0, Diff: 0.0, Sum: 0.0]
      [Object Copy (ms): Min: 7.8, Avg: 7.8, Max: 7.8, Diff: 0.1, Sum: 62.3]
      [Termination (ms): Min: 0.0, Avg: 0.1, Max: 0.1, Diff: 0.1, Sum: 0.4]
         [Termination Attempts: Min: 1, Avg: 1.0, Max: 1, Diff: 0, Sum: 8]
      [GC Worker Other (ms): Min: 0.0, Avg: 0.0, Max: 0.0, Diff: 0.0, Sum: 0.1]
      [GC Worker Total (ms): Min: 8.5, Avg: 8.6, Max: 8.6, Diff: 0.1, Sum: 68.4]
      [GC Worker End (ms): Min: 1648.6, Avg: 1648.6, Max: 1648.6, Diff: 0.0]
   [Code Root Fixup: 0.0 ms]
   [Code Root Purge: 0.0 ms]
   [Clear CT: 0.2 ms]
   [Other: 0.9 ms]
      [Choose CSet: 0.0 ms]
      [Ref Proc: 0.3 ms]
      [Ref Enq: 0.0 ms]
      [Redirty Cards: 0.1 ms]
      [Humongous Register: 0.2 ms]
      [Humongous Reclaim: 0.1 ms]
      [Free CSet: 0.1 ms]
   [Eden: 240.0M(240.0M)->0.0B(253.0M) Survivors: 18.0M->33.0M Heap: 1024.8M(2048.0M)->788.4M(2048.0M)]
 [Times: user=0.07 sys=0.01, real=0.01 secs] 
2021-01-18T10:16:25.292-0800: 1.693: [GC pause (G1 Evacuation Pause) (young), 0.0114333 secs]
   [Parallel Time: 10.3 ms, GC Workers: 8]
      [GC Worker Start (ms): Min: 1693.4, Avg: 1693.4, Max: 1693.5, Diff: 0.2]
      [Ext Root Scanning (ms): Min: 0.0, Avg: 0.1, Max: 0.2, Diff: 0.2, Sum: 0.7]
      [Update RS (ms): Min: 0.6, Avg: 0.6, Max: 0.7, Diff: 0.1, Sum: 5.2]
         [Processed Buffers: Min: 3, Avg: 8.8, Max: 11, Diff: 8, Sum: 70]
      [Scan RS (ms): Min: 0.0, Avg: 0.0, Max: 0.1, Diff: 0.0, Sum: 0.2]
      [Code Root Scanning (ms): Min: 0.0, Avg: 0.0, Max: 0.0, Diff: 0.0, Sum: 0.0]
      [Object Copy (ms): Min: 9.1, Avg: 9.2, Max: 9.3, Diff: 0.1, Sum: 73.3]
      [Termination (ms): Min: 0.0, Avg: 0.2, Max: 0.3, Diff: 0.3, Sum: 1.3]
         [Termination Attempts: Min: 1, Avg: 1.0, Max: 1, Diff: 0, Sum: 8]
      [GC Worker Other (ms): Min: 0.0, Avg: 0.0, Max: 0.0, Diff: 0.0, Sum: 0.1]
      [GC Worker Total (ms): Min: 10.0, Avg: 10.1, Max: 10.2, Diff: 0.1, Sum: 80.8]
      [GC Worker End (ms): Min: 1703.5, Avg: 1703.5, Max: 1703.6, Diff: 0.1]
   [Code Root Fixup: 0.0 ms]
   [Code Root Purge: 0.0 ms]
   [Clear CT: 0.2 ms]
   [Other: 0.9 ms]
      [Choose CSet: 0.0 ms]
      [Ref Proc: 0.3 ms]
      [Ref Enq: 0.0 ms]
      [Redirty Cards: 0.1 ms]
      [Humongous Register: 0.1 ms]
      [Humongous Reclaim: 0.2 ms]
      [Free CSet: 0.1 ms]
   [Eden: 253.0M(253.0M)->0.0B(351.0M) Survivors: 33.0M->36.0M Heap: 1097.6M(2048.0M)->851.5M(2048.0M)]
 [Times: user=0.06 sys=0.00, real=0.01 secs] 
2021-01-18T10:16:25.323-0800: 1.724: [GC pause (G1 Humongous Allocation) (young) (initial-mark), 0.0082613 secs]
   [Parallel Time: 7.2 ms, GC Workers: 8]
      [GC Worker Start (ms): Min: 1724.5, Avg: 1724.6, Max: 1724.6, Diff: 0.2]
      [Ext Root Scanning (ms): Min: 0.0, Avg: 0.1, Max: 0.2, Diff: 0.2, Sum: 0.9]
      [Update RS (ms): Min: 0.8, Avg: 0.8, Max: 0.8, Diff: 0.0, Sum: 6.4]
         [Processed Buffers: Min: 6, Avg: 9.6, Max: 11, Diff: 5, Sum: 77]
      [Scan RS (ms): Min: 0.0, Avg: 0.0, Max: 0.0, Diff: 0.0, Sum: 0.1]
      [Code Root Scanning (ms): Min: 0.0, Avg: 0.0, Max: 0.0, Diff: 0.0, Sum: 0.0]
      [Object Copy (ms): Min: 5.9, Avg: 6.0, Max: 6.1, Diff: 0.1, Sum: 47.9]
      [Termination (ms): Min: 0.0, Avg: 0.1, Max: 0.2, Diff: 0.2, Sum: 0.6]
         [Termination Attempts: Min: 1, Avg: 1.8, Max: 3, Diff: 2, Sum: 14]
      [GC Worker Other (ms): Min: 0.0, Avg: 0.0, Max: 0.0, Diff: 0.0, Sum: 0.1]
      [GC Worker Total (ms): Min: 6.9, Avg: 7.0, Max: 7.1, Diff: 0.2, Sum: 56.1]
      [GC Worker End (ms): Min: 1731.6, Avg: 1731.6, Max: 1731.6, Diff: 0.1]
   [Code Root Fixup: 0.0 ms]
   [Code Root Purge: 0.0 ms]
   [Clear CT: 0.2 ms]
   [Other: 0.9 ms]
      [Choose CSet: 0.0 ms]
      [Ref Proc: 0.2 ms]
      [Ref Enq: 0.0 ms]
      [Redirty Cards: 0.2 ms]
      [Humongous Register: 0.1 ms]
      [Humongous Reclaim: 0.1 ms]
      [Free CSet: 0.1 ms]
   [Eden: 102.0M(351.0M)->0.0B(655.0M) Survivors: 36.0M->32.0M Heap: 979.0M(2048.0M)->873.5M(2048.0M)]
 [Times: user=0.05 sys=0.00, real=0.01 secs] 
2021-01-18T10:16:25.332-0800: 1.733: [GC concurrent-root-region-scan-start]
2021-01-18T10:16:25.332-0800: 1.733: [GC concurrent-root-region-scan-end, 0.0001148 secs]
2021-01-18T10:16:25.332-0800: 1.733: [GC concurrent-mark-start]
2021-01-18T10:16:25.334-0800: 1.735: [GC concurrent-mark-end, 0.0024072 secs]
2021-01-18T10:16:25.335-0800: 1.735: [GC remark 2021-01-18T10:16:25.335-0800: 1.735: [Finalize Marking, 0.0001801 secs] 2021-01-18T10:16:25.335-0800: 1.736: [GC ref-proc, 0.0001287 secs] 2021-01-18T10:16:25.335-0800: 1.736: [Unloading, 0.0005521 secs], 0.0019910 secs]
 [Times: user=0.01 sys=0.00, real=0.00 secs] 
2021-01-18T10:16:25.337-0800: 1.738: [GC cleanup 891M->700M(2048M), 0.0015090 secs]
 [Times: user=0.01 sys=0.01, real=0.00 secs] 
2021-01-18T10:16:25.338-0800: 1.739: [GC concurrent-cleanup-start]
2021-01-18T10:16:25.338-0800: 1.739: [GC concurrent-cleanup-end, 0.0001724 secs]
2021-01-18T10:16:25.441-0800: 1.842: [GC pause (G1 Evacuation Pause) (young), 0.0169563 secs]
   [Parallel Time: 15.4 ms, GC Workers: 8]
      [GC Worker Start (ms): Min: 1842.5, Avg: 1842.6, Max: 1842.6, Diff: 0.1]
      [Ext Root Scanning (ms): Min: 0.1, Avg: 0.1, Max: 0.2, Diff: 0.1, Sum: 0.8]
      [Update RS (ms): Min: 0.5, Avg: 0.6, Max: 0.6, Diff: 0.0, Sum: 4.5]
         [Processed Buffers: Min: 1, Avg: 8.2, Max: 10, Diff: 9, Sum: 66]
      [Scan RS (ms): Min: 0.1, Avg: 0.1, Max: 0.1, Diff: 0.0, Sum: 0.6]
      [Code Root Scanning (ms): Min: 0.0, Avg: 0.0, Max: 0.0, Diff: 0.0, Sum: 0.1]
      [Object Copy (ms): Min: 14.4, Avg: 14.4, Max: 14.5, Diff: 0.1, Sum: 115.3]
      [Termination (ms): Min: 0.0, Avg: 0.1, Max: 0.1, Diff: 0.1, Sum: 0.7]
         [Termination Attempts: Min: 1, Avg: 1.9, Max: 3, Diff: 2, Sum: 15]
      [GC Worker Other (ms): Min: 0.0, Avg: 0.0, Max: 0.1, Diff: 0.0, Sum: 0.2]
      [GC Worker Total (ms): Min: 15.2, Avg: 15.3, Max: 15.3, Diff: 0.1, Sum: 122.2]
      [GC Worker End (ms): Min: 1857.8, Avg: 1857.9, Max: 1857.9, Diff: 0.0]
   [Code Root Fixup: 0.0 ms]
   [Code Root Purge: 0.0 ms]
   [Clear CT: 0.3 ms]
   [Other: 1.2 ms]
      [Choose CSet: 0.0 ms]
      [Ref Proc: 0.2 ms]
      [Ref Enq: 0.0 ms]
      [Redirty Cards: 0.2 ms]
      [Humongous Register: 0.1 ms]
      [Humongous Reclaim: 0.3 ms]
      [Free CSet: 0.3 ms]
   [Eden: 655.0M(655.0M)->0.0B(16.0M) Survivors: 32.0M->86.0M Heap: 1507.9M(2048.0M)->808.6M(2048.0M)]
 [Times: user=0.11 sys=0.01, real=0.01 secs] 
2021-01-18T10:16:25.462-0800: 1.863: [GC pause (G1 Evacuation Pause) (mixed), 0.0128973 secs]
   [Parallel Time: 11.2 ms, GC Workers: 8]
      [GC Worker Start (ms): Min: 1863.5, Avg: 1863.6, Max: 1863.7, Diff: 0.2]
      [Ext Root Scanning (ms): Min: 0.1, Avg: 0.1, Max: 0.2, Diff: 0.2, Sum: 1.1]
      [Update RS (ms): Min: 0.4, Avg: 0.5, Max: 0.5, Diff: 0.1, Sum: 3.7]
         [Processed Buffers: Min: 4, Avg: 4.8, Max: 7, Diff: 3, Sum: 38]
      [Scan RS (ms): Min: 0.1, Avg: 0.1, Max: 0.2, Diff: 0.1, Sum: 1.0]
      [Code Root Scanning (ms): Min: 0.0, Avg: 0.0, Max: 0.0, Diff: 0.0, Sum: 0.0]
      [Object Copy (ms): Min: 10.2, Avg: 10.2, Max: 10.2, Diff: 0.1, Sum: 81.7]
      [Termination (ms): Min: 0.0, Avg: 0.1, Max: 0.1, Diff: 0.1, Sum: 0.4]
         [Termination Attempts: Min: 1, Avg: 1.0, Max: 1, Diff: 0, Sum: 8]
      [GC Worker Other (ms): Min: 0.0, Avg: 0.0, Max: 0.0, Diff: 0.0, Sum: 0.1]
      [GC Worker Total (ms): Min: 10.9, Avg: 11.0, Max: 11.1, Diff: 0.2, Sum: 88.0]
      [GC Worker End (ms): Min: 1874.6, Avg: 1874.6, Max: 1874.6, Diff: 0.0]
   [Code Root Fixup: 0.0 ms]
   [Code Root Purge: 0.0 ms]
   [Clear CT: 0.3 ms]
   [Other: 1.5 ms]
      [Choose CSet: 0.1 ms]
      [Ref Proc: 0.5 ms]
      [Ref Enq: 0.0 ms]
      [Redirty Cards: 0.2 ms]
      [Humongous Register: 0.2 ms]
      [Humongous Reclaim: 0.1 ms]
      [Free CSet: 0.3 ms]
   [Eden: 16.0M(16.0M)->0.0B(97.0M) Survivors: 86.0M->5120.0K Heap: 828.1M(2048.0M)->623.2M(2048.0M)]
 [Times: user=0.08 sys=0.01, real=0.01 secs] 
2021-01-18T10:16:25.496-0800: 1.896: [GC pause (G1 Evacuation Pause) (mixed), 0.0074360 secs]
   [Parallel Time: 6.3 ms, GC Workers: 8]
      [GC Worker Start (ms): Min: 1896.6, Avg: 1896.7, Max: 1896.8, Diff: 0.3]
      [Ext Root Scanning (ms): Min: 0.0, Avg: 0.1, Max: 0.2, Diff: 0.2, Sum: 0.5]
      [Update RS (ms): Min: 1.1, Avg: 1.1, Max: 1.1, Diff: 0.1, Sum: 8.6]
         [Processed Buffers: Min: 7, Avg: 11.6, Max: 14, Diff: 7, Sum: 93]
      [Scan RS (ms): Min: 0.0, Avg: 0.1, Max: 0.2, Diff: 0.2, Sum: 0.8]
      [Code Root Scanning (ms): Min: 0.0, Avg: 0.0, Max: 0.0, Diff: 0.0, Sum: 0.0]
      [Object Copy (ms): Min: 3.5, Avg: 3.7, Max: 4.6, Diff: 1.1, Sum: 29.9]
      [Termination (ms): Min: 0.0, Avg: 0.9, Max: 1.2, Diff: 1.2, Sum: 7.2]
         [Termination Attempts: Min: 1, Avg: 1.2, Max: 3, Diff: 2, Sum: 10]
      [GC Worker Other (ms): Min: 0.0, Avg: 0.0, Max: 0.0, Diff: 0.0, Sum: 0.1]
      [GC Worker Total (ms): Min: 5.7, Avg: 5.9, Max: 6.1, Diff: 0.3, Sum: 47.2]
      [GC Worker End (ms): Min: 1902.5, Avg: 1902.6, Max: 1902.8, Diff: 0.2]
   [Code Root Fixup: 0.0 ms]
   [Code Root Purge: 0.0 ms]
   [Clear CT: 0.1 ms]
   [Other: 1.0 ms]
      [Choose CSet: 0.0 ms]
      [Ref Proc: 0.2 ms]
      [Ref Enq: 0.0 ms]
      [Redirty Cards: 0.2 ms]
      [Humongous Register: 0.1 ms]
      [Humongous Reclaim: 0.2 ms]
      [Free CSet: 0.1 ms]
   [Eden: 97.0M(97.0M)->0.0B(967.0M) Survivors: 5120.0K->13.0M Heap: 748.4M(2048.0M)->614.9M(2048.0M)]
 [Times: user=0.05 sys=0.00, real=0.01 secs] 
2021-01-18T10:16:25.610-0800: 2.010: [GC pause (G1 Humongous Allocation) (young) (initial-mark), 0.0179544 secs]
   [Parallel Time: 15.6 ms, GC Workers: 8]
      [GC Worker Start (ms): Min: 2010.7, Avg: 2010.8, Max: 2010.8, Diff: 0.1]
      [Ext Root Scanning (ms): Min: 0.1, Avg: 0.1, Max: 0.3, Diff: 0.3, Sum: 1.0]
      [Update RS (ms): Min: 0.6, Avg: 0.7, Max: 0.8, Diff: 0.1, Sum: 5.8]
         [Processed Buffers: Min: 4, Avg: 10.2, Max: 13, Diff: 9, Sum: 82]
      [Scan RS (ms): Min: 0.0, Avg: 0.1, Max: 0.1, Diff: 0.1, Sum: 0.6]
      [Code Root Scanning (ms): Min: 0.0, Avg: 0.0, Max: 0.0, Diff: 0.0, Sum: 0.1]
      [Object Copy (ms): Min: 13.6, Avg: 13.8, Max: 14.3, Diff: 0.7, Sum: 110.0]
      [Termination (ms): Min: 0.0, Avg: 0.7, Max: 0.9, Diff: 0.9, Sum: 5.5]
         [Termination Attempts: Min: 1, Avg: 2.0, Max: 4, Diff: 3, Sum: 16]
      [GC Worker Other (ms): Min: 0.0, Avg: 0.0, Max: 0.0, Diff: 0.0, Sum: 0.1]
      [GC Worker Total (ms): Min: 15.2, Avg: 15.4, Max: 15.5, Diff: 0.3, Sum: 123.1]
      [GC Worker End (ms): Min: 2026.0, Avg: 2026.1, Max: 2026.2, Diff: 0.2]
   [Code Root Fixup: 0.0 ms]
   [Code Root Purge: 0.0 ms]
   [Clear CT: 0.3 ms]
   [Other: 2.1 ms]
      [Choose CSet: 0.0 ms]
      [Ref Proc: 0.7 ms]
      [Ref Enq: 0.0 ms]
      [Redirty Cards: 0.2 ms]
      [Humongous Register: 0.2 ms]
      [Humongous Reclaim: 0.4 ms]
      [Free CSet: 0.4 ms]
   [Eden: 665.0M(967.0M)->0.0B(842.0M) Survivors: 13.0M->123.0M Heap: 1443.5M(2048.0M)->751.9M(2048.0M)]
 [Times: user=0.11 sys=0.01, real=0.01 secs] 
2021-01-18T10:16:25.628-0800: 2.029: [GC concurrent-root-region-scan-start]
2021-01-18T10:16:25.628-0800: 2.029: [GC concurrent-root-region-scan-end, 0.0002376 secs]
2021-01-18T10:16:25.628-0800: 2.029: [GC concurrent-mark-start]
2021-01-18T10:16:25.630-0800: 2.031: [GC concurrent-mark-end, 0.0021310 secs]
2021-01-18T10:16:25.630-0800: 2.031: [GC remark 2021-01-18T10:16:25.630-0800: 2.031: [Finalize Marking, 0.0002324 secs] 2021-01-18T10:16:25.631-0800: 2.031: [GC ref-proc, 0.0000657 secs] 2021-01-18T10:16:25.631-0800: 2.031: [Unloading, 0.0006457 secs], 0.0019584 secs]
 [Times: user=0.00 sys=0.00, real=0.00 secs] 
2021-01-18T10:16:25.632-0800: 2.033: [GC cleanup 763M->640M(2048M), 0.0014568 secs]
 [Times: user=0.01 sys=0.00, real=0.00 secs] 
2021-01-18T10:16:25.634-0800: 2.035: [GC concurrent-cleanup-start]
2021-01-18T10:16:25.634-0800: 2.035: [GC concurrent-cleanup-end, 0.0001154 secs]
2021-01-18T10:16:25.758-0800: 2.159: [GC pause (G1 Evacuation Pause) (young) (to-space exhausted), 0.0163619 secs]
   [Parallel Time: 13.8 ms, GC Workers: 8]
      [GC Worker Start (ms): Min: 2159.6, Avg: 2159.6, Max: 2159.7, Diff: 0.1]
      [Ext Root Scanning (ms): Min: 0.1, Avg: 0.1, Max: 0.2, Diff: 0.1, Sum: 0.7]
      [Update RS (ms): Min: 0.8, Avg: 0.9, Max: 0.9, Diff: 0.1, Sum: 6.8]
         [Processed Buffers: Min: 7, Avg: 12.8, Max: 15, Diff: 8, Sum: 102]
      [Scan RS (ms): Min: 0.1, Avg: 0.1, Max: 0.1, Diff: 0.0, Sum: 0.9]
      [Code Root Scanning (ms): Min: 0.0, Avg: 0.0, Max: 0.0, Diff: 0.0, Sum: 0.1]
      [Object Copy (ms): Min: 12.6, Avg: 12.6, Max: 12.6, Diff: 0.0, Sum: 100.6]
      [Termination (ms): Min: 0.0, Avg: 0.0, Max: 0.0, Diff: 0.0, Sum: 0.2]
         [Termination Attempts: Min: 1, Avg: 2.9, Max: 4, Diff: 3, Sum: 23]
      [GC Worker Other (ms): Min: 0.0, Avg: 0.0, Max: 0.1, Diff: 0.0, Sum: 0.3]
      [GC Worker Total (ms): Min: 13.7, Avg: 13.7, Max: 13.8, Diff: 0.1, Sum: 109.7]
      [GC Worker End (ms): Min: 2173.3, Avg: 2173.3, Max: 2173.4, Diff: 0.0]
   [Code Root Fixup: 0.0 ms]
   [Code Root Purge: 0.0 ms]
   [Clear CT: 0.3 ms]
   [Other: 2.2 ms]
      [Evacuation Failure: 0.9 ms]
      [Choose CSet: 0.0 ms]
      [Ref Proc: 0.2 ms]
      [Ref Enq: 0.0 ms]
      [Redirty Cards: 0.1 ms]
      [Humongous Register: 0.2 ms]
      [Humongous Reclaim: 0.4 ms]
      [Free CSet: 0.3 ms]
   [Eden: 842.0M(842.0M)->0.0B(6144.0K) Survivors: 123.0M->108.0M Heap: 1711.6M(2048.0M)->1037.2M(2048.0M)]
 [Times: user=0.10 sys=0.01, real=0.02 secs] 
2021-01-18T10:16:25.776-0800: 2.177: [GC pause (G1 Evacuation Pause) (mixed), 0.0146724 secs]
   [Parallel Time: 13.0 ms, GC Workers: 8]
      [GC Worker Start (ms): Min: 2177.4, Avg: 2177.5, Max: 2177.6, Diff: 0.1]
      [Ext Root Scanning (ms): Min: 0.1, Avg: 0.1, Max: 0.2, Diff: 0.1, Sum: 1.1]
      [Update RS (ms): Min: 0.1, Avg: 0.1, Max: 0.2, Diff: 0.1, Sum: 1.0]
         [Processed Buffers: Min: 1, Avg: 2.2, Max: 6, Diff: 5, Sum: 18]
      [Scan RS (ms): Min: 0.1, Avg: 0.1, Max: 0.1, Diff: 0.1, Sum: 0.8]
      [Code Root Scanning (ms): Min: 0.0, Avg: 0.0, Max: 0.0, Diff: 0.0, Sum: 0.0]
      [Object Copy (ms): Min: 11.8, Avg: 11.9, Max: 12.2, Diff: 0.4, Sum: 95.5]
      [Termination (ms): Min: 0.0, Avg: 0.4, Max: 0.7, Diff: 0.7, Sum: 3.0]
         [Termination Attempts: Min: 1, Avg: 1.1, Max: 2, Diff: 1, Sum: 9]
      [GC Worker Other (ms): Min: 0.0, Avg: 0.0, Max: 0.0, Diff: 0.0, Sum: 0.1]
      [GC Worker Total (ms): Min: 12.5, Avg: 12.7, Max: 12.9, Diff: 0.4, Sum: 101.5]
      [GC Worker End (ms): Min: 2190.1, Avg: 2190.2, Max: 2190.4, Diff: 0.4]
   [Code Root Fixup: 0.0 ms]
   [Code Root Purge: 0.0 ms]
   [Clear CT: 0.2 ms]
   [Other: 1.4 ms]
      [Choose CSet: 0.1 ms]
      [Ref Proc: 0.5 ms]
      [Ref Enq: 0.0 ms]
      [Redirty Cards: 0.2 ms]
      [Humongous Register: 0.1 ms]
      [Humongous Reclaim: 0.1 ms]
      [Free CSet: 0.3 ms]
   [Eden: 6144.0K(6144.0K)->0.0B(741.0M) Survivors: 108.0M->2048.0K Heap: 1043.2M(2048.0M)->879.0M(2048.0M)]
 [Times: user=0.08 sys=0.01, real=0.02 secs] 
2021-01-18T10:16:25.793-0800: 2.193: [GC pause (G1 Humongous Allocation) (young) (initial-mark), 0.0021579 secs]
   [Parallel Time: 0.9 ms, GC Workers: 8]
      [GC Worker Start (ms): Min: 2193.7, Avg: 2193.7, Max: 2193.8, Diff: 0.1]
      [Ext Root Scanning (ms): Min: 0.1, Avg: 0.2, Max: 0.2, Diff: 0.1, Sum: 1.4]
      [Update RS (ms): Min: 0.1, Avg: 0.2, Max: 0.5, Diff: 0.4, Sum: 1.3]
         [Processed Buffers: Min: 1, Avg: 1.1, Max: 2, Diff: 1, Sum: 9]
      [Scan RS (ms): Min: 0.0, Avg: 0.0, Max: 0.0, Diff: 0.0, Sum: 0.0]
      [Code Root Scanning (ms): Min: 0.0, Avg: 0.0, Max: 0.0, Diff: 0.0, Sum: 0.0]
      [Object Copy (ms): Min: 0.0, Avg: 0.2, Max: 0.3, Diff: 0.3, Sum: 1.5]
      [Termination (ms): Min: 0.0, Avg: 0.2, Max: 0.2, Diff: 0.2, Sum: 1.3]
         [Termination Attempts: Min: 1, Avg: 1.0, Max: 1, Diff: 0, Sum: 8]
      [GC Worker Other (ms): Min: 0.0, Avg: 0.0, Max: 0.0, Diff: 0.0, Sum: 0.1]
      [GC Worker Total (ms): Min: 0.6, Avg: 0.7, Max: 0.8, Diff: 0.1, Sum: 5.7]
      [GC Worker End (ms): Min: 2194.4, Avg: 2194.5, Max: 2194.5, Diff: 0.1]
   [Code Root Fixup: 0.0 ms]
   [Code Root Purge: 0.0 ms]
   [Clear CT: 0.2 ms]
   [Other: 1.1 ms]
      [Choose CSet: 0.0 ms]
      [Ref Proc: 0.5 ms]
      [Ref Enq: 0.0 ms]
      [Redirty Cards: 0.2 ms]
      [Humongous Register: 0.1 ms]
      [Humongous Reclaim: 0.1 ms]
      [Free CSet: 0.1 ms]
   [Eden: 7168.0K(741.0M)->0.0B(646.0M) Survivors: 2048.0K->4096.0K Heap: 885.5M(2048.0M)->880.4M(2048.0M)]
 [Times: user=0.01 sys=0.00, real=0.00 secs] 
2021-01-18T10:16:25.795-0800: 2.196: [GC concurrent-root-region-scan-start]
2021-01-18T10:16:25.795-0800: 2.196: [GC concurrent-root-region-scan-end, 0.0001007 secs]
2021-01-18T10:16:25.795-0800: 2.196: [GC concurrent-mark-start]
2021-01-18T10:16:25.797-0800: 2.198: [GC concurrent-mark-end, 0.0023974 secs]
2021-01-18T10:16:25.798-0800: 2.198: [GC remark 2021-01-18T10:16:25.798-0800: 2.198: [Finalize Marking, 0.0002692 secs] 2021-01-18T10:16:25.798-0800: 2.199: [GC ref-proc, 0.0000656 secs] 2021-01-18T10:16:25.798-0800: 2.199: [Unloading, 0.0005984 secs], 0.0022816 secs]
 [Times: user=0.01 sys=0.00, real=0.01 secs] 
2021-01-18T10:16:25.800-0800: 2.201: [GC cleanup 893M->835M(2048M), 0.0018478 secs]
 [Times: user=0.01 sys=0.00, real=0.00 secs] 
2021-01-18T10:16:25.802-0800: 2.203: [GC concurrent-cleanup-start]
2021-01-18T10:16:25.802-0800: 2.203: [GC concurrent-cleanup-end, 0.0000501 secs]
2021-01-18T10:16:25.898-0800: 2.299: [GC pause (G1 Evacuation Pause) (young), 0.0178948 secs]
   [Parallel Time: 15.7 ms, GC Workers: 8]
      [GC Worker Start (ms): Min: 2299.4, Avg: 2299.6, Max: 2299.6, Diff: 0.2]
      [Ext Root Scanning (ms): Min: 0.0, Avg: 0.1, Max: 0.2, Diff: 0.2, Sum: 0.5]
      [Update RS (ms): Min: 0.9, Avg: 1.0, Max: 1.0, Diff: 0.1, Sum: 7.8]
         [Processed Buffers: Min: 8, Avg: 14.4, Max: 17, Diff: 9, Sum: 115]
      [Scan RS (ms): Min: 0.0, Avg: 0.1, Max: 0.1, Diff: 0.0, Sum: 0.6]
      [Code Root Scanning (ms): Min: 0.0, Avg: 0.0, Max: 0.0, Diff: 0.0, Sum: 0.1]
      [Object Copy (ms): Min: 14.3, Avg: 14.3, Max: 14.4, Diff: 0.1, Sum: 114.6]
      [Termination (ms): Min: 0.0, Avg: 0.1, Max: 0.1, Diff: 0.1, Sum: 0.9]
         [Termination Attempts: Min: 1, Avg: 2.9, Max: 4, Diff: 3, Sum: 23]
      [GC Worker Other (ms): Min: 0.0, Avg: 0.0, Max: 0.0, Diff: 0.0, Sum: 0.1]
      [GC Worker Total (ms): Min: 15.5, Avg: 15.6, Max: 15.7, Diff: 0.2, Sum: 124.5]
      [GC Worker End (ms): Min: 2315.1, Avg: 2315.1, Max: 2315.1, Diff: 0.0]
   [Code Root Fixup: 0.0 ms]
   [Code Root Purge: 0.0 ms]
   [Clear CT: 0.2 ms]
   [Other: 1.9 ms]
      [Choose CSet: 0.0 ms]
      [Ref Proc: 1.0 ms]
      [Ref Enq: 0.0 ms]
      [Redirty Cards: 0.1 ms]
      [Humongous Register: 0.2 ms]
      [Humongous Reclaim: 0.3 ms]
      [Free CSet: 0.3 ms]
   [Eden: 646.0M(646.0M)->0.0B(20.0M) Survivors: 4096.0K->82.0M Heap: 1634.6M(2048.0M)->965.7M(2048.0M)]
 [Times: user=0.11 sys=0.01, real=0.02 secs] 
2021-01-18T10:16:25.921-0800: 2.322: [GC pause (G1 Evacuation Pause) (mixed), 0.0112083 secs]
   [Parallel Time: 9.7 ms, GC Workers: 8]
      [GC Worker Start (ms): Min: 2321.9, Avg: 2322.0, Max: 2322.0, Diff: 0.1]
      [Ext Root Scanning (ms): Min: 0.1, Avg: 0.1, Max: 0.2, Diff: 0.1, Sum: 1.0]
      [Update RS (ms): Min: 0.5, Avg: 0.5, Max: 0.6, Diff: 0.1, Sum: 4.2]
         [Processed Buffers: Min: 5, Avg: 5.9, Max: 7, Diff: 2, Sum: 47]
      [Scan RS (ms): Min: 0.0, Avg: 0.1, Max: 0.1, Diff: 0.1, Sum: 0.6]
      [Code Root Scanning (ms): Min: 0.0, Avg: 0.0, Max: 0.0, Diff: 0.0, Sum: 0.0]
      [Object Copy (ms): Min: 8.7, Avg: 8.7, Max: 8.8, Diff: 0.1, Sum: 69.8]
      [Termination (ms): Min: 0.0, Avg: 0.1, Max: 0.2, Diff: 0.2, Sum: 1.0]
         [Termination Attempts: Min: 1, Avg: 1.0, Max: 1, Diff: 0, Sum: 8]
      [GC Worker Other (ms): Min: 0.0, Avg: 0.0, Max: 0.0, Diff: 0.0, Sum: 0.1]
      [GC Worker Total (ms): Min: 9.5, Avg: 9.6, Max: 9.7, Diff: 0.2, Sum: 76.6]
      [GC Worker End (ms): Min: 2331.5, Avg: 2331.6, Max: 2331.6, Diff: 0.1]
   [Code Root Fixup: 0.0 ms]
   [Code Root Purge: 0.0 ms]
   [Clear CT: 0.2 ms]
   [Other: 1.2 ms]
      [Choose CSet: 0.1 ms]
      [Ref Proc: 0.3 ms]
      [Ref Enq: 0.0 ms]
      [Redirty Cards: 0.2 ms]
      [Humongous Register: 0.1 ms]
      [Humongous Reclaim: 0.1 ms]
      [Free CSet: 0.3 ms]
   [Eden: 20.0M(20.0M)->0.0B(95.0M) Survivors: 82.0M->7168.0K Heap: 990.4M(2048.0M)->772.0M(2048.0M)]
 [Times: user=0.07 sys=0.01, real=0.01 secs] 
2021-01-18T10:16:25.951-0800: 2.352: [GC pause (G1 Evacuation Pause) (mixed), 0.0090318 secs]
   [Parallel Time: 7.5 ms, GC Workers: 8]
      [GC Worker Start (ms): Min: 2352.2, Avg: 2352.3, Max: 2352.3, Diff: 0.1]
      [Ext Root Scanning (ms): Min: 0.1, Avg: 0.1, Max: 0.2, Diff: 0.1, Sum: 1.0]
      [Update RS (ms): Min: 1.1, Avg: 1.2, Max: 1.2, Diff: 0.1, Sum: 9.5]
         [Processed Buffers: Min: 9, Avg: 13.4, Max: 15, Diff: 6, Sum: 107]
      [Scan RS (ms): Min: 0.1, Avg: 0.1, Max: 0.1, Diff: 0.1, Sum: 0.8]
      [Code Root Scanning (ms): Min: 0.0, Avg: 0.0, Max: 0.0, Diff: 0.0, Sum: 0.1]
      [Object Copy (ms): Min: 5.8, Avg: 5.9, Max: 5.9, Diff: 0.1, Sum: 46.9]
      [Termination (ms): Min: 0.0, Avg: 0.1, Max: 0.1, Diff: 0.1, Sum: 0.4]
         [Termination Attempts: Min: 1, Avg: 1.4, Max: 2, Diff: 1, Sum: 11]
      [GC Worker Other (ms): Min: 0.0, Avg: 0.0, Max: 0.0, Diff: 0.0, Sum: 0.1]
      [GC Worker Total (ms): Min: 7.3, Avg: 7.3, Max: 7.4, Diff: 0.1, Sum: 58.8]
      [GC Worker End (ms): Min: 2359.6, Avg: 2359.6, Max: 2359.6, Diff: 0.0]
   [Code Root Fixup: 0.0 ms]
   [Code Root Purge: 0.0 ms]
   [Clear CT: 0.3 ms]
   [Other: 1.2 ms]
      [Choose CSet: 0.1 ms]
      [Ref Proc: 0.4 ms]
      [Ref Enq: 0.0 ms]
      [Redirty Cards: 0.1 ms]
      [Humongous Register: 0.1 ms]
      [Humongous Reclaim: 0.1 ms]
      [Free CSet: 0.3 ms]
   [Eden: 95.0M(95.0M)->0.0B(858.0M) Survivors: 7168.0K->13.0M Heap: 889.0M(2048.0M)->625.4M(2048.0M)]
 [Times: user=0.05 sys=0.00, real=0.01 secs] 
2021-01-18T10:16:26.053-0800: 2.454: [GC pause (G1 Humongous Allocation) (young) (initial-mark), 0.0158694 secs]
   [Parallel Time: 14.3 ms, GC Workers: 8]
      [GC Worker Start (ms): Min: 2453.9, Avg: 2453.9, Max: 2454.0, Diff: 0.1]
      [Ext Root Scanning (ms): Min: 0.0, Avg: 0.2, Max: 1.1, Diff: 1.0, Sum: 1.8]
      [Update RS (ms): Min: 0.3, Avg: 1.1, Max: 1.3, Diff: 1.0, Sum: 9.1]
         [Processed Buffers: Min: 4, Avg: 14.9, Max: 20, Diff: 16, Sum: 119]
      [Scan RS (ms): Min: 0.0, Avg: 0.1, Max: 0.1, Diff: 0.0, Sum: 0.5]
      [Code Root Scanning (ms): Min: 0.0, Avg: 0.0, Max: 0.0, Diff: 0.0, Sum: 0.1]
      [Object Copy (ms): Min: 12.2, Avg: 12.3, Max: 12.5, Diff: 0.3, Sum: 98.4]
      [Termination (ms): Min: 0.0, Avg: 0.3, Max: 0.5, Diff: 0.5, Sum: 2.4]
         [Termination Attempts: Min: 1, Avg: 1.6, Max: 3, Diff: 2, Sum: 13]
      [GC Worker Other (ms): Min: 0.0, Avg: 0.0, Max: 0.0, Diff: 0.0, Sum: 0.1]
      [GC Worker Total (ms): Min: 14.0, Avg: 14.1, Max: 14.2, Diff: 0.2, Sum: 112.4]
      [GC Worker End (ms): Min: 2467.9, Avg: 2468.0, Max: 2468.1, Diff: 0.2]
   [Code Root Fixup: 0.0 ms]
   [Code Root Purge: 0.0 ms]
   [Clear CT: 0.3 ms]
   [Other: 1.3 ms]
      [Choose CSet: 0.0 ms]
      [Ref Proc: 0.2 ms]
      [Ref Enq: 0.0 ms]
      [Redirty Cards: 0.1 ms]
      [Humongous Register: 0.2 ms]
      [Humongous Reclaim: 0.2 ms]
      [Free CSet: 0.2 ms]
   [Eden: 564.0M(858.0M)->0.0B(776.0M) Survivors: 13.0M->109.0M Heap: 1346.1M(2048.0M)->753.6M(2048.0M)]
 [Times: user=0.09 sys=0.00, real=0.01 secs] 
2021-01-18T10:16:26.069-0800: 2.470: [GC concurrent-root-region-scan-start]
2021-01-18T10:16:26.069-0800: 2.470: [GC concurrent-root-region-scan-end, 0.0002166 secs]
2021-01-18T10:16:26.069-0800: 2.470: [GC concurrent-mark-start]
2021-01-18T10:16:26.071-0800: 2.472: [GC concurrent-mark-end, 0.0022571 secs]
2021-01-18T10:16:26.071-0800: 2.472: [GC remark 2021-01-18T10:16:26.071-0800: 2.472: [Finalize Marking, 0.0004624 secs] 2021-01-18T10:16:26.072-0800: 2.473: [GC ref-proc, 0.0000630 secs] 2021-01-18T10:16:26.072-0800: 2.473: [Unloading, 0.0006020 secs], 0.0021347 secs]
 [Times: user=0.01 sys=0.00, real=0.00 secs] 
2021-01-18T10:16:26.074-0800: 2.475: [GC cleanup 764M->639M(2048M), 0.0016783 secs]
 [Times: user=0.01 sys=0.00, real=0.00 secs] 
2021-01-18T10:16:26.075-0800: 2.476: [GC concurrent-cleanup-start]
2021-01-18T10:16:26.076-0800: 2.476: [GC concurrent-cleanup-end, 0.0000893 secs]
2021-01-18T10:16:26.195-0800: 2.596: [GC pause (G1 Evacuation Pause) (young), 0.0252962 secs]
   [Parallel Time: 22.7 ms, GC Workers: 8]
      [GC Worker Start (ms): Min: 2596.2, Avg: 2596.2, Max: 2596.3, Diff: 0.1]
      [Ext Root Scanning (ms): Min: 0.0, Avg: 0.1, Max: 0.2, Diff: 0.1, Sum: 0.7]
      [Update RS (ms): Min: 1.0, Avg: 1.0, Max: 1.0, Diff: 0.1, Sum: 8.0]
         [Processed Buffers: Min: 8, Avg: 15.0, Max: 17, Diff: 9, Sum: 120]
      [Scan RS (ms): Min: 0.1, Avg: 0.1, Max: 0.1, Diff: 0.0, Sum: 0.8]
      [Code Root Scanning (ms): Min: 0.0, Avg: 0.0, Max: 0.0, Diff: 0.0, Sum: 0.1]
      [Object Copy (ms): Min: 20.0, Avg: 20.4, Max: 21.0, Diff: 1.0, Sum: 162.9]
      [Termination (ms): Min: 0.0, Avg: 0.9, Max: 1.2, Diff: 1.2, Sum: 6.9]
         [Termination Attempts: Min: 1, Avg: 1.4, Max: 2, Diff: 1, Sum: 11]
      [GC Worker Other (ms): Min: 0.0, Avg: 0.0, Max: 0.0, Diff: 0.0, Sum: 0.1]
      [GC Worker Total (ms): Min: 22.2, Avg: 22.4, Max: 22.6, Diff: 0.3, Sum: 179.6]
      [GC Worker End (ms): Min: 2618.5, Avg: 2618.7, Max: 2618.8, Diff: 0.3]
   [Code Root Fixup: 0.0 ms]
   [Code Root Purge: 0.0 ms]
   [Clear CT: 0.4 ms]
   [Other: 2.2 ms]
      [Choose CSet: 0.0 ms]
      [Ref Proc: 0.9 ms]
      [Ref Enq: 0.0 ms]
      [Redirty Cards: 0.2 ms]
      [Humongous Register: 0.2 ms]
      [Humongous Reclaim: 0.4 ms]
      [Free CSet: 0.4 ms]
   [Eden: 776.0M(776.0M)->0.0B(7168.0K) Survivors: 109.0M->111.0M Heap: 1619.8M(2048.0M)->736.1M(2048.0M)]
 [Times: user=0.15 sys=0.01, real=0.03 secs] 
2021-01-18T10:16:26.223-0800: 2.624: [GC pause (G1 Evacuation Pause) (mixed), 0.0150818 secs]
   [Parallel Time: 13.1 ms, GC Workers: 8]
      [GC Worker Start (ms): Min: 2624.3, Avg: 2624.3, Max: 2624.4, Diff: 0.2]
      [Ext Root Scanning (ms): Min: 0.1, Avg: 0.2, Max: 0.5, Diff: 0.4, Sum: 1.7]
      [Update RS (ms): Min: 0.1, Avg: 0.4, Max: 0.5, Diff: 0.3, Sum: 3.0]
         [Processed Buffers: Min: 1, Avg: 3.2, Max: 4, Diff: 3, Sum: 26]
      [Scan RS (ms): Min: 0.1, Avg: 0.1, Max: 0.1, Diff: 0.1, Sum: 0.8]
      [Code Root Scanning (ms): Min: 0.0, Avg: 0.0, Max: 0.0, Diff: 0.0, Sum: 0.0]
      [Object Copy (ms): Min: 12.1, Avg: 12.1, Max: 12.2, Diff: 0.1, Sum: 96.9]
      [Termination (ms): Min: 0.0, Avg: 0.1, Max: 0.1, Diff: 0.1, Sum: 0.4]
         [Termination Attempts: Min: 1, Avg: 1.0, Max: 1, Diff: 0, Sum: 8]
      [GC Worker Other (ms): Min: 0.0, Avg: 0.0, Max: 0.0, Diff: 0.0, Sum: 0.2]
      [GC Worker Total (ms): Min: 12.8, Avg: 12.9, Max: 13.0, Diff: 0.2, Sum: 103.1]
      [GC Worker End (ms): Min: 2637.2, Avg: 2637.2, Max: 2637.3, Diff: 0.0]
   [Code Root Fixup: 0.0 ms]
   [Code Root Purge: 0.0 ms]
   [Clear CT: 0.2 ms]
   [Other: 1.8 ms]
      [Choose CSet: 0.1 ms]
      [Ref Proc: 0.5 ms]
      [Ref Enq: 0.0 ms]
      [Redirty Cards: 0.3 ms]
      [Humongous Register: 0.2 ms]
      [Humongous Reclaim: 0.2 ms]
      [Free CSet: 0.3 ms]
   [Eden: 7168.0K(7168.0K)->0.0B(99.0M) Survivors: 111.0M->3072.0K Heap: 745.2M(2048.0M)->592.7M(2048.0M)]
 [Times: user=0.08 sys=0.01, real=0.01 secs] 
2021-01-18T10:16:26.262-0800: 2.663: [GC pause (G1 Evacuation Pause) (mixed), 0.0061519 secs]
   [Parallel Time: 5.2 ms, GC Workers: 8]
      [GC Worker Start (ms): Min: 2663.5, Avg: 2663.6, Max: 2663.7, Diff: 0.1]
      [Ext Root Scanning (ms): Min: 0.1, Avg: 0.1, Max: 0.2, Diff: 0.1, Sum: 1.0]
      [Update RS (ms): Min: 1.5, Avg: 1.5, Max: 1.6, Diff: 0.1, Sum: 12.3]
         [Processed Buffers: Min: 13, Avg: 17.1, Max: 19, Diff: 6, Sum: 137]
      [Scan RS (ms): Min: 0.0, Avg: 0.0, Max: 0.0, Diff: 0.0, Sum: 0.2]
      [Code Root Scanning (ms): Min: 0.0, Avg: 0.0, Max: 0.0, Diff: 0.0, Sum: 0.0]
      [Object Copy (ms): Min: 3.1, Avg: 3.2, Max: 3.2, Diff: 0.1, Sum: 25.3]
      [Termination (ms): Min: 0.0, Avg: 0.0, Max: 0.1, Diff: 0.1, Sum: 0.4]
         [Termination Attempts: Min: 1, Avg: 1.0, Max: 1, Diff: 0, Sum: 8]
      [GC Worker Other (ms): Min: 0.0, Avg: 0.0, Max: 0.0, Diff: 0.0, Sum: 0.1]
      [GC Worker Total (ms): Min: 4.9, Avg: 4.9, Max: 5.0, Diff: 0.1, Sum: 39.3]
      [GC Worker End (ms): Min: 2668.5, Avg: 2668.5, Max: 2668.5, Diff: 0.0]
   [Code Root Fixup: 0.0 ms]
   [Code Root Purge: 0.0 ms]
   [Clear CT: 0.1 ms]
   [Other: 0.8 ms]
      [Choose CSet: 0.0 ms]
      [Ref Proc: 0.2 ms]
      [Ref Enq: 0.0 ms]
      [Redirty Cards: 0.1 ms]
      [Humongous Register: 0.2 ms]
      [Humongous Reclaim: 0.1 ms]
      [Free CSet: 0.1 ms]
   [Eden: 99.0M(99.0M)->0.0B(89.0M) Survivors: 3072.0K->13.0M Heap: 725.4M(2048.0M)->602.3M(2048.0M)]
 [Times: user=0.04 sys=0.00, real=0.00 secs] 
2021-01-18T10:16:26.287-0800: 2.688: [GC pause (G1 Evacuation Pause) (young), 0.0077604 secs]
   [Parallel Time: 5.5 ms, GC Workers: 8]
      [GC Worker Start (ms): Min: 2688.4, Avg: 2688.4, Max: 2688.5, Diff: 0.1]
      [Ext Root Scanning (ms): Min: 0.1, Avg: 0.1, Max: 0.2, Diff: 0.1, Sum: 1.0]
      [Update RS (ms): Min: 1.8, Avg: 1.8, Max: 1.8, Diff: 0.0, Sum: 14.6]
         [Processed Buffers: Min: 18, Avg: 21.4, Max: 23, Diff: 5, Sum: 171]
      [Scan RS (ms): Min: 0.0, Avg: 0.0, Max: 0.0, Diff: 0.0, Sum: 0.1]
      [Code Root Scanning (ms): Min: 0.0, Avg: 0.0, Max: 0.0, Diff: 0.0, Sum: 0.0]
      [Object Copy (ms): Min: 3.3, Avg: 3.3, Max: 3.4, Diff: 0.1, Sum: 26.4]
      [Termination (ms): Min: 0.0, Avg: 0.1, Max: 0.1, Diff: 0.1, Sum: 0.7]
         [Termination Attempts: Min: 1, Avg: 1.0, Max: 1, Diff: 0, Sum: 8]
      [GC Worker Other (ms): Min: 0.0, Avg: 0.0, Max: 0.0, Diff: 0.0, Sum: 0.1]
      [GC Worker Total (ms): Min: 5.3, Avg: 5.4, Max: 5.4, Diff: 0.1, Sum: 42.8]
      [GC Worker End (ms): Min: 2693.8, Avg: 2693.8, Max: 2693.8, Diff: 0.1]
   [Code Root Fixup: 0.0 ms]
   [Code Root Purge: 0.0 ms]
   [Clear CT: 0.2 ms]
   [Other: 2.0 ms]
      [Choose CSet: 0.0 ms]
      [Ref Proc: 1.4 ms]
      [Ref Enq: 0.0 ms]
      [Redirty Cards: 0.1 ms]
      [Humongous Register: 0.1 ms]
      [Humongous Reclaim: 0.1 ms]
      [Free CSet: 0.1 ms]
   [Eden: 89.0M(89.0M)->0.0B(89.0M) Survivors: 13.0M->13.0M Heap: 717.3M(2048.0M)->625.7M(2048.0M)]
 [Times: user=0.04 sys=0.00, real=0.01 secs] 
2021-01-18T10:16:26.313-0800: 2.714: [GC pause (G1 Evacuation Pause) (young), 0.0063265 secs]
   [Parallel Time: 5.2 ms, GC Workers: 8]
      [GC Worker Start (ms): Min: 2713.9, Avg: 2714.0, Max: 2714.0, Diff: 0.1]
      [Ext Root Scanning (ms): Min: 0.1, Avg: 0.1, Max: 0.2, Diff: 0.1, Sum: 0.8]
      [Update RS (ms): Min: 1.6, Avg: 1.6, Max: 1.7, Diff: 0.1, Sum: 13.0]
         [Processed Buffers: Min: 13, Avg: 20.1, Max: 23, Diff: 10, Sum: 161]
      [Scan RS (ms): Min: 0.0, Avg: 0.0, Max: 0.0, Diff: 0.0, Sum: 0.1]
      [Code Root Scanning (ms): Min: 0.0, Avg: 0.0, Max: 0.0, Diff: 0.0, Sum: 0.0]
      [Object Copy (ms): Min: 3.1, Avg: 3.2, Max: 3.3, Diff: 0.2, Sum: 25.3]
      [Termination (ms): Min: 0.0, Avg: 0.1, Max: 0.2, Diff: 0.2, Sum: 0.9]
         [Termination Attempts: Min: 1, Avg: 1.0, Max: 1, Diff: 0, Sum: 8]
      [GC Worker Other (ms): Min: 0.0, Avg: 0.0, Max: 0.0, Diff: 0.0, Sum: 0.1]
      [GC Worker Total (ms): Min: 4.9, Avg: 5.0, Max: 5.1, Diff: 0.1, Sum: 40.2]
      [GC Worker End (ms): Min: 2718.9, Avg: 2719.0, Max: 2719.0, Diff: 0.0]
   [Code Root Fixup: 0.0 ms]
   [Code Root Purge: 0.0 ms]
   [Clear CT: 0.2 ms]
   [Other: 0.9 ms]
      [Choose CSet: 0.0 ms]
      [Ref Proc: 0.2 ms]
      [Ref Enq: 0.0 ms]
      [Redirty Cards: 0.1 ms]
      [Humongous Register: 0.1 ms]
      [Humongous Reclaim: 0.2 ms]
      [Free CSet: 0.1 ms]
   [Eden: 89.0M(89.0M)->0.0B(123.0M) Survivors: 13.0M->13.0M Heap: 733.5M(2048.0M)->650.8M(2048.0M)]
 [Times: user=0.04 sys=0.00, real=0.00 secs] 
2021-01-18T10:16:26.341-0800: 2.742: [GC pause (G1 Evacuation Pause) (young), 0.0092301 secs]
   [Parallel Time: 8.0 ms, GC Workers: 8]
      [GC Worker Start (ms): Min: 2742.0, Avg: 2742.0, Max: 2742.1, Diff: 0.1]
      [Ext Root Scanning (ms): Min: 0.1, Avg: 0.1, Max: 0.2, Diff: 0.1, Sum: 0.8]
      [Update RS (ms): Min: 2.2, Avg: 2.2, Max: 2.3, Diff: 0.1, Sum: 17.7]
         [Processed Buffers: Min: 21, Avg: 28.9, Max: 32, Diff: 11, Sum: 231]
      [Scan RS (ms): Min: 0.0, Avg: 0.0, Max: 0.0, Diff: 0.0, Sum: 0.1]
      [Code Root Scanning (ms): Min: 0.0, Avg: 0.0, Max: 0.0, Diff: 0.0, Sum: 0.0]
      [Object Copy (ms): Min: 4.6, Avg: 4.8, Max: 5.3, Diff: 0.7, Sum: 38.5]
      [Termination (ms): Min: 0.0, Avg: 0.6, Max: 1.0, Diff: 1.0, Sum: 4.5]
         [Termination Attempts: Min: 1, Avg: 1.8, Max: 3, Diff: 2, Sum: 14]
      [GC Worker Other (ms): Min: 0.0, Avg: 0.0, Max: 0.0, Diff: 0.0, Sum: 0.1]
      [GC Worker Total (ms): Min: 7.6, Avg: 7.7, Max: 7.9, Diff: 0.3, Sum: 61.8]
      [GC Worker End (ms): Min: 2749.7, Avg: 2749.8, Max: 2749.9, Diff: 0.3]
   [Code Root Fixup: 0.0 ms]
   [Code Root Purge: 0.0 ms]
   [Clear CT: 0.2 ms]
   [Other: 1.0 ms]
      [Choose CSet: 0.0 ms]
      [Ref Proc: 0.2 ms]
      [Ref Enq: 0.0 ms]
      [Redirty Cards: 0.2 ms]
      [Humongous Register: 0.1 ms]
      [Humongous Reclaim: 0.2 ms]
      [Free CSet: 0.1 ms]
   [Eden: 123.0M(123.0M)->0.0B(141.0M) Survivors: 13.0M->17.0M Heap: 805.0M(2048.0M)->686.6M(2048.0M)]
 [Times: user=0.05 sys=0.00, real=0.01 secs] 
2021-01-18T10:16:26.374-0800: 2.775: [GC pause (G1 Evacuation Pause) (young), 0.0089034 secs]
   [Parallel Time: 7.7 ms, GC Workers: 8]
      [GC Worker Start (ms): Min: 2775.2, Avg: 2775.3, Max: 2775.4, Diff: 0.2]
      [Ext Root Scanning (ms): Min: 0.0, Avg: 0.1, Max: 0.2, Diff: 0.2, Sum: 0.8]
      [Update RS (ms): Min: 2.0, Avg: 2.1, Max: 2.1, Diff: 0.1, Sum: 16.5]
         [Processed Buffers: Min: 9, Avg: 23.2, Max: 30, Diff: 21, Sum: 186]
      [Scan RS (ms): Min: 0.0, Avg: 0.0, Max: 0.0, Diff: 0.0, Sum: 0.1]
      [Code Root Scanning (ms): Min: 0.0, Avg: 0.0, Max: 0.0, Diff: 0.0, Sum: 0.0]
      [Object Copy (ms): Min: 5.1, Avg: 5.2, Max: 5.3, Diff: 0.1, Sum: 41.7]
      [Termination (ms): Min: 0.0, Avg: 0.1, Max: 0.2, Diff: 0.2, Sum: 1.1]
         [Termination Attempts: Min: 1, Avg: 1.8, Max: 3, Diff: 2, Sum: 14]
      [GC Worker Other (ms): Min: 0.0, Avg: 0.0, Max: 0.0, Diff: 0.0, Sum: 0.1]
      [GC Worker Total (ms): Min: 7.5, Avg: 7.5, Max: 7.6, Diff: 0.2, Sum: 60.3]
      [GC Worker End (ms): Min: 2782.8, Avg: 2782.8, Max: 2782.9, Diff: 0.1]
   [Code Root Fixup: 0.0 ms]
   [Code Root Purge: 0.0 ms]
   [Clear CT: 0.1 ms]
   [Other: 1.1 ms]
      [Choose CSet: 0.0 ms]
      [Ref Proc: 0.3 ms]
      [Ref Enq: 0.0 ms]
      [Redirty Cards: 0.1 ms]
      [Humongous Register: 0.2 ms]
      [Humongous Reclaim: 0.2 ms]
      [Free CSet: 0.1 ms]
   [Eden: 141.0M(141.0M)->0.0B(171.0M) Survivors: 17.0M->20.0M Heap: 864.9M(2048.0M)->728.3M(2048.0M)]
 [Times: user=0.04 sys=0.01, real=0.01 secs] 
2021-01-18T10:16:26.415-0800: 2.816: [GC pause (G1 Evacuation Pause) (young), 0.0102603 secs]
   [Parallel Time: 8.3 ms, GC Workers: 8]
      [GC Worker Start (ms): Min: 2816.5, Avg: 2816.6, Max: 2817.1, Diff: 0.6]
      [Ext Root Scanning (ms): Min: 0.0, Avg: 0.1, Max: 0.2, Diff: 0.2, Sum: 0.8]
      [Update RS (ms): Min: 1.9, Avg: 2.2, Max: 2.3, Diff: 0.4, Sum: 17.7]
         [Processed Buffers: Min: 23, Avg: 30.2, Max: 35, Diff: 12, Sum: 242]
      [Scan RS (ms): Min: 0.0, Avg: 0.0, Max: 0.0, Diff: 0.0, Sum: 0.2]
      [Code Root Scanning (ms): Min: 0.0, Avg: 0.0, Max: 0.0, Diff: 0.0, Sum: 0.0]
      [Object Copy (ms): Min: 4.9, Avg: 5.0, Max: 5.6, Diff: 0.8, Sum: 40.0]
      [Termination (ms): Min: 0.0, Avg: 0.6, Max: 0.8, Diff: 0.8, Sum: 5.2]
         [Termination Attempts: Min: 1, Avg: 1.0, Max: 1, Diff: 0, Sum: 8]
      [GC Worker Other (ms): Min: 0.0, Avg: 0.0, Max: 0.0, Diff: 0.0, Sum: 0.1]
      [GC Worker Total (ms): Min: 7.5, Avg: 8.0, Max: 8.2, Diff: 0.6, Sum: 64.1]
      [GC Worker End (ms): Min: 2824.6, Avg: 2824.6, Max: 2824.7, Diff: 0.1]
   [Code Root Fixup: 0.0 ms]
   [Code Root Purge: 0.0 ms]
   [Clear CT: 0.2 ms]
   [Other: 1.8 ms]
      [Choose CSet: 0.0 ms]
      [Ref Proc: 1.1 ms]
      [Ref Enq: 0.0 ms]
      [Redirty Cards: 0.1 ms]
      [Humongous Register: 0.2 ms]
      [Humongous Reclaim: 0.1 ms]
      [Free CSet: 0.1 ms]
   [Eden: 171.0M(171.0M)->0.0B(217.0M) Survivors: 20.0M->24.0M Heap: 939.4M(2048.0M)->765.5M(2048.0M)]
 [Times: user=0.06 sys=0.00, real=0.01 secs] 
2021-01-18T10:16:26.460-0800: 2.861: [GC pause (G1 Evacuation Pause) (young), 0.0110567 secs]
   [Parallel Time: 10.1 ms, GC Workers: 8]
      [GC Worker Start (ms): Min: 2860.7, Avg: 2860.8, Max: 2860.8, Diff: 0.1]
      [Ext Root Scanning (ms): Min: 0.1, Avg: 0.1, Max: 0.1, Diff: 0.1, Sum: 0.8]
      [Update RS (ms): Min: 1.9, Avg: 2.0, Max: 2.0, Diff: 0.0, Sum: 15.6]
         [Processed Buffers: Min: 24, Avg: 29.6, Max: 31, Diff: 7, Sum: 237]
      [Scan RS (ms): Min: 0.0, Avg: 0.0, Max: 0.0, Diff: 0.0, Sum: 0.2]
      [Code Root Scanning (ms): Min: 0.0, Avg: 0.0, Max: 0.0, Diff: 0.0, Sum: 0.0]
      [Object Copy (ms): Min: 7.7, Avg: 7.8, Max: 7.8, Diff: 0.1, Sum: 62.2]
      [Termination (ms): Min: 0.0, Avg: 0.1, Max: 0.1, Diff: 0.1, Sum: 0.6]
         [Termination Attempts: Min: 1, Avg: 1.0, Max: 1, Diff: 0, Sum: 8]
      [GC Worker Other (ms): Min: 0.0, Avg: 0.0, Max: 0.0, Diff: 0.0, Sum: 0.1]
      [GC Worker Total (ms): Min: 9.9, Avg: 9.9, Max: 10.0, Diff: 0.1, Sum: 79.5]
      [GC Worker End (ms): Min: 2870.7, Avg: 2870.7, Max: 2870.8, Diff: 0.1]
   [Code Root Fixup: 0.0 ms]
   [Code Root Purge: 0.0 ms]
   [Clear CT: 0.1 ms]
   [Other: 0.9 ms]
      [Choose CSet: 0.0 ms]
      [Ref Proc: 0.2 ms]
      [Ref Enq: 0.0 ms]
      [Redirty Cards: 0.2 ms]
      [Humongous Register: 0.1 ms]
      [Humongous Reclaim: 0.2 ms]
      [Free CSet: 0.1 ms]
   [Eden: 217.0M(217.0M)->0.0B(270.0M) Survivors: 24.0M->31.0M Heap: 1030.3M(2048.0M)->821.5M(2048.0M)]
 [Times: user=0.07 sys=0.00, real=0.01 secs] 
2021-01-18T10:16:26.502-0800: 2.903: [GC pause (G1 Humongous Allocation) (young) (initial-mark), 0.0127176 secs]
   [Parallel Time: 11.6 ms, GC Workers: 8]
      [GC Worker Start (ms): Min: 2903.0, Avg: 2903.1, Max: 2903.1, Diff: 0.1]
      [Ext Root Scanning (ms): Min: 0.1, Avg: 0.1, Max: 0.2, Diff: 0.1, Sum: 0.9]
      [Update RS (ms): Min: 3.4, Avg: 3.4, Max: 3.5, Diff: 0.0, Sum: 27.5]
         [Processed Buffers: Min: 29, Avg: 42.0, Max: 48, Diff: 19, Sum: 336]
      [Scan RS (ms): Min: 0.0, Avg: 0.0, Max: 0.0, Diff: 0.0, Sum: 0.1]
      [Code Root Scanning (ms): Min: 0.0, Avg: 0.0, Max: 0.0, Diff: 0.0, Sum: 0.0]
      [Object Copy (ms): Min: 6.8, Avg: 6.9, Max: 7.7, Diff: 0.8, Sum: 55.5]
      [Termination (ms): Min: 0.0, Avg: 0.8, Max: 1.0, Diff: 1.0, Sum: 6.4]
         [Termination Attempts: Min: 1, Avg: 1.0, Max: 1, Diff: 0, Sum: 8]
      [GC Worker Other (ms): Min: 0.0, Avg: 0.0, Max: 0.0, Diff: 0.0, Sum: 0.1]
      [GC Worker Total (ms): Min: 11.2, Avg: 11.3, Max: 11.5, Diff: 0.3, Sum: 90.7]
      [GC Worker End (ms): Min: 2914.3, Avg: 2914.4, Max: 2914.5, Diff: 0.2]
   [Code Root Fixup: 0.0 ms]
   [Code Root Purge: 0.0 ms]
   [Clear CT: 0.2 ms]
   [Other: 1.0 ms]
      [Choose CSet: 0.0 ms]
      [Ref Proc: 0.2 ms]
      [Ref Enq: 0.0 ms]
      [Redirty Cards: 0.2 ms]
      [Humongous Register: 0.1 ms]
      [Humongous Reclaim: 0.1 ms]
      [Free CSet: 0.1 ms]
   [Eden: 170.0M(270.0M)->0.0B(356.0M) Survivors: 31.0M->38.0M Heap: 1032.1M(2048.0M)->861.5M(2048.0M)]
 [Times: user=0.08 sys=0.00, real=0.01 secs] 
2021-01-18T10:16:26.515-0800: 2.916: [GC concurrent-root-region-scan-start]
2021-01-18T10:16:26.515-0800: 2.916: [GC concurrent-root-region-scan-end, 0.0000972 secs]
2021-01-18T10:16:26.515-0800: 2.916: [GC concurrent-mark-start]
2021-01-18T10:16:26.517-0800: 2.918: [GC concurrent-mark-end, 0.0019058 secs]
2021-01-18T10:16:26.517-0800: 2.918: [GC remark 2021-01-18T10:16:26.517-0800: 2.918: [Finalize Marking, 0.0002463 secs] 2021-01-18T10:16:26.517-0800: 2.918: [GC ref-proc, 0.0000694 secs] 2021-01-18T10:16:26.517-0800: 2.918: [Unloading, 0.0004717 secs], 0.0019126 secs]
 [Times: user=0.01 sys=0.00, real=0.00 secs] 
2021-01-18T10:16:26.519-0800: 2.920: [GC cleanup 878M->707M(2048M), 0.0016949 secs]
 [Times: user=0.01 sys=0.00, real=0.01 secs] 
2021-01-18T10:16:26.521-0800: 2.922: [GC concurrent-cleanup-start]
2021-01-18T10:16:26.521-0800: 2.922: [GC concurrent-cleanup-end, 0.0001342 secs]
2021-01-18T10:16:26.577-0800: 2.978: [GC pause (G1 Evacuation Pause) (young), 0.0154065 secs]
   [Parallel Time: 14.1 ms, GC Workers: 8]
      [GC Worker Start (ms): Min: 2978.1, Avg: 2978.2, Max: 2978.2, Diff: 0.1]
      [Ext Root Scanning (ms): Min: 0.1, Avg: 0.1, Max: 0.2, Diff: 0.1, Sum: 0.7]
      [Update RS (ms): Min: 2.8, Avg: 2.8, Max: 2.9, Diff: 0.1, Sum: 22.7]
         [Processed Buffers: Min: 38, Avg: 43.9, Max: 47, Diff: 9, Sum: 351]
      [Scan RS (ms): Min: 0.0, Avg: 0.0, Max: 0.1, Diff: 0.0, Sum: 0.3]
      [Code Root Scanning (ms): Min: 0.0, Avg: 0.0, Max: 0.0, Diff: 0.0, Sum: 0.0]
      [Object Copy (ms): Min: 10.9, Avg: 11.0, Max: 11.0, Diff: 0.1, Sum: 87.7]
      [Termination (ms): Min: 0.0, Avg: 0.1, Max: 0.1, Diff: 0.1, Sum: 0.6]
         [Termination Attempts: Min: 1, Avg: 1.0, Max: 1, Diff: 0, Sum: 8]
      [GC Worker Other (ms): Min: 0.0, Avg: 0.0, Max: 0.0, Diff: 0.0, Sum: 0.1]
      [GC Worker Total (ms): Min: 14.0, Avg: 14.0, Max: 14.1, Diff: 0.1, Sum: 112.2]
      [GC Worker End (ms): Min: 2992.2, Avg: 2992.2, Max: 2992.2, Diff: 0.1]
   [Code Root Fixup: 0.0 ms]
   [Code Root Purge: 0.0 ms]
   [Clear CT: 0.2 ms]
   [Other: 1.0 ms]
      [Choose CSet: 0.0 ms]
      [Ref Proc: 0.2 ms]
      [Ref Enq: 0.0 ms]
      [Redirty Cards: 0.1 ms]
      [Humongous Register: 0.1 ms]
      [Humongous Reclaim: 0.2 ms]
      [Free CSet: 0.2 ms]
   [Eden: 356.0M(356.0M)->0.0B(52.0M) Survivors: 38.0M->50.0M Heap: 1140.4M(2048.0M)->771.9M(2048.0M)]
 [Times: user=0.10 sys=0.01, real=0.02 secs] 
2021-01-18T10:16:26.602-0800: 3.003: [GC pause (G1 Evacuation Pause) (mixed), 0.0106198 secs]
   [Parallel Time: 8.9 ms, GC Workers: 8]
      [GC Worker Start (ms): Min: 3003.6, Avg: 3003.6, Max: 3003.7, Diff: 0.2]
      [Ext Root Scanning (ms): Min: 0.1, Avg: 0.1, Max: 0.2, Diff: 0.2, Sum: 1.0]
      [Update RS (ms): Min: 0.5, Avg: 0.6, Max: 0.6, Diff: 0.1, Sum: 4.7]
         [Processed Buffers: Min: 6, Avg: 7.8, Max: 9, Diff: 3, Sum: 62]
      [Scan RS (ms): Min: 0.0, Avg: 0.1, Max: 0.1, Diff: 0.1, Sum: 0.6]
      [Code Root Scanning (ms): Min: 0.0, Avg: 0.0, Max: 0.0, Diff: 0.0, Sum: 0.1]
      [Object Copy (ms): Min: 7.7, Avg: 7.8, Max: 7.9, Diff: 0.1, Sum: 62.3]
      [Termination (ms): Min: 0.0, Avg: 0.1, Max: 0.2, Diff: 0.2, Sum: 1.1]
         [Termination Attempts: Min: 1, Avg: 1.0, Max: 1, Diff: 0, Sum: 8]
      [GC Worker Other (ms): Min: 0.0, Avg: 0.0, Max: 0.0, Diff: 0.0, Sum: 0.1]
      [GC Worker Total (ms): Min: 8.6, Avg: 8.7, Max: 8.8, Diff: 0.2, Sum: 69.8]
      [GC Worker End (ms): Min: 3012.3, Avg: 3012.4, Max: 3012.4, Diff: 0.1]
   [Code Root Fixup: 0.0 ms]
   [Code Root Purge: 0.0 ms]
   [Clear CT: 0.2 ms]
   [Other: 1.5 ms]
      [Choose CSet: 0.1 ms]
      [Ref Proc: 0.5 ms]
      [Ref Enq: 0.0 ms]
      [Redirty Cards: 0.2 ms]
      [Humongous Register: 0.1 ms]
      [Humongous Reclaim: 0.1 ms]
      [Free CSet: 0.3 ms]
   [Eden: 52.0M(52.0M)->0.0B(89.0M) Survivors: 50.0M->13.0M Heap: 830.5M(2048.0M)->596.0M(2048.0M)]
 [Times: user=0.07 sys=0.00, real=0.01 secs] 
2021-01-18T10:16:26.632-0800: 3.033: [GC pause (G1 Evacuation Pause) (mixed), 0.0111131 secs]
   [Parallel Time: 10.0 ms, GC Workers: 8]
      [GC Worker Start (ms): Min: 3032.8, Avg: 3032.9, Max: 3032.9, Diff: 0.1]
      [Ext Root Scanning (ms): Min: 0.1, Avg: 0.1, Max: 0.2, Diff: 0.1, Sum: 1.0]
      [Update RS (ms): Min: 3.6, Avg: 3.6, Max: 3.7, Diff: 0.1, Sum: 28.6]
         [Processed Buffers: Min: 22, Avg: 34.1, Max: 45, Diff: 23, Sum: 273]
      [Scan RS (ms): Min: 0.0, Avg: 0.0, Max: 0.0, Diff: 0.0, Sum: 0.2]
      [Code Root Scanning (ms): Min: 0.0, Avg: 0.0, Max: 0.0, Diff: 0.0, Sum: 0.0]
      [Object Copy (ms): Min: 5.1, Avg: 5.2, Max: 5.9, Diff: 0.8, Sum: 41.6]
      [Termination (ms): Min: 0.0, Avg: 0.8, Max: 1.0, Diff: 1.0, Sum: 6.8]
         [Termination Attempts: Min: 1, Avg: 1.0, Max: 1, Diff: 0, Sum: 8]
      [GC Worker Other (ms): Min: 0.0, Avg: 0.0, Max: 0.0, Diff: 0.0, Sum: 0.1]
      [GC Worker Total (ms): Min: 9.7, Avg: 9.8, Max: 10.0, Diff: 0.3, Sum: 78.5]
      [GC Worker End (ms): Min: 3042.6, Avg: 3042.7, Max: 3042.8, Diff: 0.2]
   [Code Root Fixup: 0.0 ms]
   [Code Root Purge: 0.0 ms]
   [Clear CT: 0.2 ms]
   [Other: 0.9 ms]
      [Choose CSet: 0.0 ms]
      [Ref Proc: 0.3 ms]
      [Ref Enq: 0.0 ms]
      [Redirty Cards: 0.1 ms]
      [Humongous Register: 0.1 ms]
      [Humongous Reclaim: 0.1 ms]
      [Free CSet: 0.1 ms]
   [Eden: 89.0M(89.0M)->0.0B(859.0M) Survivors: 13.0M->13.0M Heap: 717.9M(2048.0M)->583.8M(2048.0M)]
 [Times: user=0.07 sys=0.00, real=0.01 secs] 
2021-01-18T10:16:26.757-0800: 3.157: [GC pause (G1 Humongous Allocation) (young) (initial-mark), 0.0207520 secs]
   [Parallel Time: 19.0 ms, GC Workers: 8]
      [GC Worker Start (ms): Min: 3157.7, Avg: 3157.8, Max: 3157.9, Diff: 0.2]
      [Ext Root Scanning (ms): Min: 0.0, Avg: 0.1, Max: 0.3, Diff: 0.3, Sum: 1.1]
      [Update RS (ms): Min: 2.5, Avg: 2.6, Max: 2.7, Diff: 0.1, Sum: 20.9]
         [Processed Buffers: Min: 38, Avg: 40.5, Max: 42, Diff: 4, Sum: 324]
      [Scan RS (ms): Min: 0.1, Avg: 0.1, Max: 0.1, Diff: 0.0, Sum: 0.8]
      [Code Root Scanning (ms): Min: 0.0, Avg: 0.0, Max: 0.0, Diff: 0.0, Sum: 0.1]
      [Object Copy (ms): Min: 15.4, Avg: 15.4, Max: 15.7, Diff: 0.3, Sum: 123.5]
      [Termination (ms): Min: 0.0, Avg: 0.4, Max: 0.6, Diff: 0.6, Sum: 3.5]
         [Termination Attempts: Min: 1, Avg: 1.5, Max: 3, Diff: 2, Sum: 12]
      [GC Worker Other (ms): Min: 0.0, Avg: 0.0, Max: 0.0, Diff: 0.0, Sum: 0.2]
      [GC Worker Total (ms): Min: 18.5, Avg: 18.8, Max: 18.9, Diff: 0.4, Sum: 150.1]
      [GC Worker End (ms): Min: 3176.4, Avg: 3176.6, Max: 3176.7, Diff: 0.3]
   [Code Root Fixup: 0.0 ms]
   [Code Root Purge: 0.0 ms]
   [Clear CT: 0.2 ms]
   [Other: 1.5 ms]
      [Choose CSet: 0.0 ms]
      [Ref Proc: 0.2 ms]
      [Ref Enq: 0.0 ms]
      [Redirty Cards: 0.2 ms]
      [Humongous Register: 0.2 ms]
      [Humongous Reclaim: 0.3 ms]
      [Free CSet: 0.3 ms]
   [Eden: 720.0M(859.0M)->0.0B(802.0M) Survivors: 13.0M->109.0M Heap: 1488.2M(2048.0M)->750.3M(2048.0M)]
 [Times: user=0.12 sys=0.01, real=0.02 secs] 
2021-01-18T10:16:26.778-0800: 3.178: [GC concurrent-root-region-scan-start]
2021-01-18T10:16:26.778-0800: 3.179: [GC concurrent-root-region-scan-end, 0.0002417 secs]
2021-01-18T10:16:26.778-0800: 3.179: [GC concurrent-mark-start]
2021-01-18T10:16:26.780-0800: 3.181: [GC concurrent-mark-end, 0.0020818 secs]
2021-01-18T10:16:26.780-0800: 3.181: [GC remark 2021-01-18T10:16:26.780-0800: 3.181: [Finalize Marking, 0.0002517 secs] 2021-01-18T10:16:26.780-0800: 3.181: [GC ref-proc, 0.0000638 secs] 2021-01-18T10:16:26.780-0800: 3.181: [Unloading, 0.0005280 secs], 0.0019124 secs]
 [Times: user=0.01 sys=0.00, real=0.00 secs] 
2021-01-18T10:16:26.782-0800: 3.183: [GC cleanup 764M->648M(2048M), 0.0017794 secs]
 [Times: user=0.00 sys=0.00, real=0.00 secs] 
2021-01-18T10:16:26.784-0800: 3.185: [GC concurrent-cleanup-start]
2021-01-18T10:16:26.784-0800: 3.185: [GC concurrent-cleanup-end, 0.0000875 secs]
2021-01-18T10:16:26.905-0800: 3.306: [GC pause (G1 Evacuation Pause) (young) (to-space exhausted), 0.0240828 secs]
   [Parallel Time: 21.1 ms, GC Workers: 8]
      [GC Worker Start (ms): Min: 3306.6, Avg: 3306.6, Max: 3306.7, Diff: 0.1]
      [Ext Root Scanning (ms): Min: 0.0, Avg: 0.1, Max: 0.2, Diff: 0.1, Sum: 0.7]
      [Update RS (ms): Min: 3.0, Avg: 3.2, Max: 4.3, Diff: 1.3, Sum: 25.3]
         [Processed Buffers: Min: 34, Avg: 43.8, Max: 48, Diff: 14, Sum: 350]
      [Scan RS (ms): Min: 0.1, Avg: 0.1, Max: 0.4, Diff: 0.3, Sum: 1.2]
      [Code Root Scanning (ms): Min: 0.0, Avg: 0.0, Max: 0.0, Diff: 0.0, Sum: 0.1]
      [Object Copy (ms): Min: 16.0, Avg: 17.2, Max: 17.5, Diff: 1.4, Sum: 137.8]
      [Termination (ms): Min: 0.0, Avg: 0.3, Max: 0.4, Diff: 0.4, Sum: 2.1]
         [Termination Attempts: Min: 1, Avg: 1.4, Max: 2, Diff: 1, Sum: 11]
      [GC Worker Other (ms): Min: 0.0, Avg: 0.0, Max: 0.0, Diff: 0.0, Sum: 0.2]
      [GC Worker Total (ms): Min: 20.8, Avg: 20.9, Max: 21.0, Diff: 0.1, Sum: 167.3]
      [GC Worker End (ms): Min: 3327.5, Avg: 3327.5, Max: 3327.6, Diff: 0.1]
   [Code Root Fixup: 0.0 ms]
   [Code Root Purge: 0.0 ms]
   [Clear CT: 0.4 ms]
   [Other: 2.6 ms]
      [Evacuation Failure: 0.4 ms]
      [Choose CSet: 0.0 ms]
      [Ref Proc: 0.9 ms]
      [Ref Enq: 0.0 ms]
      [Redirty Cards: 0.2 ms]
      [Humongous Register: 0.2 ms]
      [Humongous Reclaim: 0.4 ms]
      [Free CSet: 0.3 ms]
   [Eden: 802.0M(802.0M)->0.0B(6144.0K) Survivors: 109.0M->114.0M Heap: 1658.2M(2048.0M)->797.6M(2048.0M)]
 [Times: user=0.16 sys=0.01, real=0.03 secs] 
2021-01-18T10:16:26.931-0800: 3.332: [GC pause (G1 Evacuation Pause) (mixed), 0.0150490 secs]
   [Parallel Time: 13.0 ms, GC Workers: 8]
      [GC Worker Start (ms): Min: 3332.5, Avg: 3332.6, Max: 3332.7, Diff: 0.2]
      [Ext Root Scanning (ms): Min: 0.1, Avg: 0.1, Max: 0.3, Diff: 0.2, Sum: 1.2]
      [Update RS (ms): Min: 0.3, Avg: 0.3, Max: 0.4, Diff: 0.1, Sum: 2.7]
         [Processed Buffers: Min: 3, Avg: 3.4, Max: 4, Diff: 1, Sum: 27]
      [Scan RS (ms): Min: 0.1, Avg: 0.1, Max: 0.2, Diff: 0.1, Sum: 0.9]
      [Code Root Scanning (ms): Min: 0.0, Avg: 0.0, Max: 0.0, Diff: 0.0, Sum: 0.0]
      [Object Copy (ms): Min: 12.0, Avg: 12.0, Max: 12.0, Diff: 0.1, Sum: 96.0]
      [Termination (ms): Min: 0.0, Avg: 0.1, Max: 0.1, Diff: 0.1, Sum: 0.5]
         [Termination Attempts: Min: 1, Avg: 1.1, Max: 2, Diff: 1, Sum: 9]
      [GC Worker Other (ms): Min: 0.0, Avg: 0.0, Max: 0.0, Diff: 0.0, Sum: 0.1]
      [GC Worker Total (ms): Min: 12.6, Avg: 12.7, Max: 12.8, Diff: 0.2, Sum: 101.5]
      [GC Worker End (ms): Min: 3345.2, Avg: 3345.3, Max: 3345.3, Diff: 0.1]
   [Code Root Fixup: 0.0 ms]
   [Code Root Purge: 0.0 ms]
   [Clear CT: 0.2 ms]
   [Other: 1.9 ms]
      [Choose CSet: 0.1 ms]
      [Ref Proc: 0.9 ms]
      [Ref Enq: 0.0 ms]
      [Redirty Cards: 0.3 ms]
      [Humongous Register: 0.2 ms]
      [Humongous Reclaim: 0.1 ms]
      [Free CSet: 0.3 ms]
   [Eden: 6144.0K(6144.0K)->0.0B(881.0M) Survivors: 114.0M->2048.0K Heap: 805.7M(2048.0M)->650.8M(2048.0M)]
 [Times: user=0.09 sys=0.01, real=0.01 secs] 
2021-01-18T10:16:27.016-0800: 3.417: [GC pause (G1 Humongous Allocation) (young) (initial-mark), 0.0143286 secs]
   [Parallel Time: 13.0 ms, GC Workers: 8]
      [GC Worker Start (ms): Min: 3416.8, Avg: 3416.9, Max: 3416.9, Diff: 0.1]
      [Ext Root Scanning (ms): Min: 0.1, Avg: 0.1, Max: 0.2, Diff: 0.1, Sum: 0.8]
      [Update RS (ms): Min: 3.5, Avg: 3.5, Max: 3.5, Diff: 0.0, Sum: 28.1]
         [Processed Buffers: Min: 9, Avg: 48.1, Max: 58, Diff: 49, Sum: 385]
      [Scan RS (ms): Min: 0.0, Avg: 0.0, Max: 0.1, Diff: 0.0, Sum: 0.3]
      [Code Root Scanning (ms): Min: 0.0, Avg: 0.0, Max: 0.0, Diff: 0.0, Sum: 0.0]
      [Object Copy (ms): Min: 9.1, Avg: 9.1, Max: 9.1, Diff: 0.1, Sum: 72.7]
      [Termination (ms): Min: 0.0, Avg: 0.0, Max: 0.1, Diff: 0.1, Sum: 0.3]
         [Termination Attempts: Min: 1, Avg: 1.8, Max: 3, Diff: 2, Sum: 14]
      [GC Worker Other (ms): Min: 0.0, Avg: 0.0, Max: 0.1, Diff: 0.1, Sum: 0.3]
      [GC Worker Total (ms): Min: 12.8, Avg: 12.8, Max: 12.9, Diff: 0.1, Sum: 102.6]
      [GC Worker End (ms): Min: 3429.7, Avg: 3429.7, Max: 3429.8, Diff: 0.1]
   [Code Root Fixup: 0.0 ms]
   [Code Root Purge: 0.0 ms]
   [Clear CT: 0.2 ms]
   [Other: 1.1 ms]
      [Choose CSet: 0.0 ms]
      [Ref Proc: 0.2 ms]
      [Ref Enq: 0.0 ms]
      [Redirty Cards: 0.1 ms]
      [Humongous Register: 0.2 ms]
      [Humongous Reclaim: 0.2 ms]
      [Free CSet: 0.2 ms]
   [Eden: 398.0M(881.0M)->0.0B(815.0M) Survivors: 2048.0K->104.0M Heap: 1173.3M(2048.0M)->753.7M(2048.0M)]
 [Times: user=0.09 sys=0.00, real=0.02 secs] 
2021-01-18T10:16:27.030-0800: 3.431: [GC concurrent-root-region-scan-start]
2021-01-18T10:16:27.030-0800: 3.431: [GC concurrent-root-region-scan-end, 0.0001507 secs]
2021-01-18T10:16:27.030-0800: 3.431: [GC concurrent-mark-start]
2021-01-18T10:16:27.032-0800: 3.433: [GC concurrent-mark-end, 0.0015847 secs]
2021-01-18T10:16:27.032-0800: 3.433: [GC remark 2021-01-18T10:16:27.032-0800: 3.433: [Finalize Marking, 0.0002355 secs] 2021-01-18T10:16:27.032-0800: 3.433: [GC ref-proc, 0.0000601 secs] 2021-01-18T10:16:27.032-0800: 3.433: [Unloading, 0.0005068 secs], 0.0017376 secs]
 [Times: user=0.01 sys=0.00, real=0.00 secs] 
2021-01-18T10:16:27.034-0800: 3.435: [GC cleanup 766M->645M(2048M), 0.0017853 secs]
 [Times: user=0.00 sys=0.00, real=0.00 secs] 
2021-01-18T10:16:27.036-0800: 3.437: [GC concurrent-cleanup-start]
2021-01-18T10:16:27.036-0800: 3.437: [GC concurrent-cleanup-end, 0.0000835 secs]
2021-01-18T10:16:27.155-0800: 3.555: [GC pause (G1 Evacuation Pause) (young) (to-space exhausted), 0.0227805 secs]
   [Parallel Time: 20.3 ms, GC Workers: 8]
      [GC Worker Start (ms): Min: 3555.7, Avg: 3555.8, Max: 3555.8, Diff: 0.1]
      [Ext Root Scanning (ms): Min: 0.1, Avg: 0.1, Max: 0.2, Diff: 0.1, Sum: 0.8]
      [Update RS (ms): Min: 3.6, Avg: 3.6, Max: 3.6, Diff: 0.0, Sum: 28.9]
         [Processed Buffers: Min: 50, Avg: 55.5, Max: 58, Diff: 8, Sum: 444]
      [Scan RS (ms): Min: 0.1, Avg: 0.1, Max: 0.3, Diff: 0.2, Sum: 1.0]
      [Code Root Scanning (ms): Min: 0.0, Avg: 0.0, Max: 0.0, Diff: 0.0, Sum: 0.1]
      [Object Copy (ms): Min: 16.1, Avg: 16.2, Max: 16.3, Diff: 0.1, Sum: 129.8]
      [Termination (ms): Min: 0.0, Avg: 0.0, Max: 0.0, Diff: 0.0, Sum: 0.2]
         [Termination Attempts: Min: 1, Avg: 1.2, Max: 2, Diff: 1, Sum: 10]
      [GC Worker Other (ms): Min: 0.0, Avg: 0.0, Max: 0.1, Diff: 0.1, Sum: 0.3]
      [GC Worker Total (ms): Min: 20.1, Avg: 20.1, Max: 20.2, Diff: 0.1, Sum: 161.1]
      [GC Worker End (ms): Min: 3575.9, Avg: 3575.9, Max: 3576.0, Diff: 0.1]
   [Code Root Fixup: 0.0 ms]
   [Code Root Purge: 0.0 ms]
   [Clear CT: 0.3 ms]
   [Other: 2.1 ms]
      [Evacuation Failure: 0.6 ms]
      [Choose CSet: 0.0 ms]
      [Ref Proc: 0.3 ms]
      [Ref Enq: 0.0 ms]
      [Redirty Cards: 0.2 ms]
      [Humongous Register: 0.2 ms]
      [Humongous Reclaim: 0.4 ms]
      [Free CSet: 0.3 ms]
   [Eden: 815.0M(815.0M)->0.0B(6144.0K) Survivors: 104.0M->115.0M Heap: 1670.0M(2048.0M)->910.0M(2048.0M)]
 [Times: user=0.15 sys=0.01, real=0.02 secs] 
2021-01-18T10:16:27.179-0800: 3.580: [GC pause (G1 Evacuation Pause) (mixed), 0.0148686 secs]
   [Parallel Time: 13.3 ms, GC Workers: 8]
      [GC Worker Start (ms): Min: 3580.5, Avg: 3580.6, Max: 3580.7, Diff: 0.2]
      [Ext Root Scanning (ms): Min: 0.1, Avg: 0.1, Max: 0.2, Diff: 0.2, Sum: 1.2]
      [Update RS (ms): Min: 0.5, Avg: 0.5, Max: 0.6, Diff: 0.1, Sum: 4.2]
         [Processed Buffers: Min: 5, Avg: 5.0, Max: 5, Diff: 0, Sum: 40]
      [Scan RS (ms): Min: 0.1, Avg: 0.1, Max: 0.1, Diff: 0.1, Sum: 0.9]
      [Code Root Scanning (ms): Min: 0.0, Avg: 0.0, Max: 0.0, Diff: 0.0, Sum: 0.1]
      [Object Copy (ms): Min: 12.2, Avg: 12.2, Max: 12.2, Diff: 0.0, Sum: 97.9]
      [Termination (ms): Min: 0.0, Avg: 0.0, Max: 0.0, Diff: 0.0, Sum: 0.0]
         [Termination Attempts: Min: 1, Avg: 2.1, Max: 5, Diff: 4, Sum: 17]
      [GC Worker Other (ms): Min: 0.0, Avg: 0.0, Max: 0.1, Diff: 0.0, Sum: 0.3]
      [GC Worker Total (ms): Min: 13.0, Avg: 13.1, Max: 13.1, Diff: 0.2, Sum: 104.5]
      [GC Worker End (ms): Min: 3593.7, Avg: 3593.7, Max: 3593.7, Diff: 0.0]
   [Code Root Fixup: 0.0 ms]
   [Code Root Purge: 0.0 ms]
   [Clear CT: 0.3 ms]
   [Other: 1.3 ms]
      [Choose CSet: 0.1 ms]
      [Ref Proc: 0.3 ms]
      [Ref Enq: 0.0 ms]
      [Redirty Cards: 0.2 ms]
      [Humongous Register: 0.2 ms]
      [Humongous Reclaim: 0.1 ms]
      [Free CSet: 0.3 ms]
   [Eden: 6144.0K(6144.0K)->0.0B(815.0M) Survivors: 115.0M->2048.0K Heap: 919.7M(2048.0M)->759.2M(2048.0M)]
 [Times: user=0.09 sys=0.00, real=0.02 secs] 
2021-01-18T10:16:27.237-0800: 3.638: [GC pause (G1 Humongous Allocation) (young) (initial-mark), 0.0109993 secs]
   [Parallel Time: 9.8 ms, GC Workers: 8]
      [GC Worker Start (ms): Min: 3638.2, Avg: 3638.3, Max: 3638.4, Diff: 0.2]
      [Ext Root Scanning (ms): Min: 0.0, Avg: 0.1, Max: 0.2, Diff: 0.2, Sum: 0.8]
      [Update RS (ms): Min: 4.3, Avg: 4.4, Max: 4.4, Diff: 0.0, Sum: 34.9]
         [Processed Buffers: Min: 55, Avg: 57.5, Max: 59, Diff: 4, Sum: 460]
      [Scan RS (ms): Min: 0.0, Avg: 0.0, Max: 0.0, Diff: 0.0, Sum: 0.2]
      [Code Root Scanning (ms): Min: 0.0, Avg: 0.0, Max: 0.0, Diff: 0.0, Sum: 0.0]
      [Object Copy (ms): Min: 5.0, Avg: 5.1, Max: 5.1, Diff: 0.1, Sum: 40.6]
      [Termination (ms): Min: 0.0, Avg: 0.1, Max: 0.1, Diff: 0.1, Sum: 0.5]
         [Termination Attempts: Min: 1, Avg: 1.0, Max: 1, Diff: 0, Sum: 8]
      [GC Worker Other (ms): Min: 0.0, Avg: 0.0, Max: 0.0, Diff: 0.0, Sum: 0.1]
      [GC Worker Total (ms): Min: 9.6, Avg: 9.6, Max: 9.7, Diff: 0.1, Sum: 77.1]
      [GC Worker End (ms): Min: 3647.9, Avg: 3648.0, Max: 3648.0, Diff: 0.1]
   [Code Root Fixup: 0.0 ms]
   [Code Root Purge: 0.0 ms]
   [Clear CT: 0.1 ms]
   [Other: 1.1 ms]
      [Choose CSet: 0.0 ms]
      [Ref Proc: 0.2 ms]
      [Ref Enq: 0.0 ms]
      [Redirty Cards: 0.2 ms]
      [Humongous Register: 0.1 ms]
      [Humongous Reclaim: 0.1 ms]
      [Free CSet: 0.1 ms]
   [Eden: 208.0M(815.0M)->0.0B(750.0M) Survivors: 2048.0K->59.0M Heap: 1023.0M(2048.0M)->820.5M(2048.0M)]
 [Times: user=0.08 sys=0.00, real=0.01 secs] 
2021-01-18T10:16:27.248-0800: 3.649: [GC concurrent-root-region-scan-start]
2021-01-18T10:16:27.248-0800: 3.649: [GC concurrent-root-region-scan-end, 0.0001502 secs]
2021-01-18T10:16:27.248-0800: 3.649: [GC concurrent-mark-start]
2021-01-18T10:16:27.250-0800: 3.651: [GC concurrent-mark-end, 0.0016792 secs]
2021-01-18T10:16:27.250-0800: 3.651: [GC remark 2021-01-18T10:16:27.250-0800: 3.651: [Finalize Marking, 0.0002531 secs] 2021-01-18T10:16:27.251-0800: 3.651: [GC ref-proc, 0.0000808 secs] 2021-01-18T10:16:27.251-0800: 3.651: [Unloading, 0.0004800 secs], 0.0018846 secs]
 [Times: user=0.01 sys=0.00, real=0.00 secs] 
2021-01-18T10:16:27.252-0800: 3.653: [GC cleanup 832M->721M(2048M), 0.0014071 secs]
 [Times: user=0.01 sys=0.01, real=0.00 secs] 
2021-01-18T10:16:27.254-0800: 3.655: [GC concurrent-cleanup-start]
2021-01-18T10:16:27.254-0800: 3.655: [GC concurrent-cleanup-end, 0.0000794 secs]
2021-01-18T10:16:27.362-0800: 3.763: [GC pause (G1 Evacuation Pause) (young) (to-space exhausted), 0.0266198 secs]
   [Parallel Time: 23.3 ms, GC Workers: 8]
      [GC Worker Start (ms): Min: 3762.9, Avg: 3763.0, Max: 3763.0, Diff: 0.1]
      [Ext Root Scanning (ms): Min: 0.1, Avg: 0.1, Max: 0.2, Diff: 0.1, Sum: 0.7]
      [Update RS (ms): Min: 4.5, Avg: 4.5, Max: 4.5, Diff: 0.0, Sum: 36.0]
         [Processed Buffers: Min: 63, Avg: 69.5, Max: 73, Diff: 10, Sum: 556]
      [Scan RS (ms): Min: 0.1, Avg: 0.1, Max: 0.1, Diff: 0.0, Sum: 0.8]
      [Code Root Scanning (ms): Min: 0.0, Avg: 0.0, Max: 0.0, Diff: 0.0, Sum: 0.1]
      [Object Copy (ms): Min: 17.1, Avg: 17.3, Max: 18.1, Diff: 1.0, Sum: 138.1]
      [Termination (ms): Min: 0.0, Avg: 1.0, Max: 1.2, Diff: 1.2, Sum: 7.9]
         [Termination Attempts: Min: 1, Avg: 1.4, Max: 2, Diff: 1, Sum: 11]
      [GC Worker Other (ms): Min: 0.0, Avg: 0.0, Max: 0.0, Diff: 0.0, Sum: 0.1]
      [GC Worker Total (ms): Min: 22.8, Avg: 23.0, Max: 23.1, Diff: 0.3, Sum: 183.7]
      [GC Worker End (ms): Min: 3785.8, Avg: 3785.9, Max: 3786.1, Diff: 0.3]
   [Code Root Fixup: 0.0 ms]
   [Code Root Purge: 0.0 ms]
   [Clear CT: 0.4 ms]
   [Other: 2.9 ms]
      [Evacuation Failure: 0.4 ms]
      [Choose CSet: 0.0 ms]
      [Ref Proc: 1.2 ms]
      [Ref Enq: 0.0 ms]
      [Redirty Cards: 0.2 ms]
      [Humongous Register: 0.2 ms]
      [Humongous Reclaim: 0.4 ms]
      [Free CSet: 0.3 ms]
   [Eden: 750.0M(750.0M)->0.0B(5120.0K) Survivors: 59.0M->102.0M Heap: 1668.0M(2048.0M)->851.9M(2048.0M)]
 [Times: user=0.17 sys=0.00, real=0.02 secs] 
2021-01-18T10:16:27.390-0800: 3.790: [GC pause (G1 Evacuation Pause) (mixed), 0.0135240 secs]
   [Parallel Time: 11.8 ms, GC Workers: 8]
      [GC Worker Start (ms): Min: 3790.7, Avg: 3790.7, Max: 3790.8, Diff: 0.1]
      [Ext Root Scanning (ms): Min: 0.1, Avg: 0.2, Max: 0.2, Diff: 0.1, Sum: 1.3]
      [Update RS (ms): Min: 0.1, Avg: 0.2, Max: 0.5, Diff: 0.4, Sum: 1.8]
         [Processed Buffers: Min: 1, Avg: 2.0, Max: 3, Diff: 2, Sum: 16]
      [Scan RS (ms): Min: 0.0, Avg: 0.2, Max: 0.3, Diff: 0.2, Sum: 1.2]
      [Code Root Scanning (ms): Min: 0.0, Avg: 0.0, Max: 0.0, Diff: 0.0, Sum: 0.1]
      [Object Copy (ms): Min: 10.8, Avg: 10.9, Max: 10.9, Diff: 0.1, Sum: 86.9]
      [Termination (ms): Min: 0.0, Avg: 0.1, Max: 0.2, Diff: 0.2, Sum: 0.7]
         [Termination Attempts: Min: 1, Avg: 1.0, Max: 1, Diff: 0, Sum: 8]
      [GC Worker Other (ms): Min: 0.0, Avg: 0.0, Max: 0.0, Diff: 0.0, Sum: 0.1]
      [GC Worker Total (ms): Min: 11.4, Avg: 11.5, Max: 11.6, Diff: 0.2, Sum: 92.0]
      [GC Worker End (ms): Min: 3802.2, Avg: 3802.2, Max: 3802.3, Diff: 0.1]
   [Code Root Fixup: 0.0 ms]
   [Code Root Purge: 0.0 ms]
   [Clear CT: 0.4 ms]
   [Other: 1.4 ms]
      [Choose CSet: 0.1 ms]
      [Ref Proc: 0.3 ms]
      [Ref Enq: 0.0 ms]
      [Redirty Cards: 0.3 ms]
      [Humongous Register: 0.1 ms]
      [Humongous Reclaim: 0.1 ms]
      [Free CSet: 0.4 ms]
   [Eden: 5120.0K(5120.0K)->0.0B(100.0M) Survivors: 102.0M->2048.0K Heap: 857.6M(2048.0M)->659.7M(2048.0M)]
 [Times: user=0.07 sys=0.01, real=0.01 secs] 
2021-01-18T10:16:27.425-0800: 3.826: [GC pause (G1 Evacuation Pause) (mixed), 0.0079104 secs]
   [Parallel Time: 6.6 ms, GC Workers: 8]
      [GC Worker Start (ms): Min: 3826.2, Avg: 3826.2, Max: 3826.3, Diff: 0.1]
      [Ext Root Scanning (ms): Min: 0.1, Avg: 0.1, Max: 0.2, Diff: 0.1, Sum: 0.9]
      [Update RS (ms): Min: 2.5, Avg: 2.6, Max: 2.6, Diff: 0.1, Sum: 20.7]
         [Processed Buffers: Min: 27, Avg: 28.8, Max: 30, Diff: 3, Sum: 230]
      [Scan RS (ms): Min: 0.0, Avg: 0.0, Max: 0.0, Diff: 0.0, Sum: 0.2]
      [Code Root Scanning (ms): Min: 0.0, Avg: 0.0, Max: 0.0, Diff: 0.0, Sum: 0.0]
      [Object Copy (ms): Min: 3.1, Avg: 3.2, Max: 3.6, Diff: 0.5, Sum: 25.3]
      [Termination (ms): Min: 0.0, Avg: 0.5, Max: 0.6, Diff: 0.6, Sum: 3.7]
         [Termination Attempts: Min: 1, Avg: 1.0, Max: 1, Diff: 0, Sum: 8]
      [GC Worker Other (ms): Min: 0.0, Avg: 0.0, Max: 0.0, Diff: 0.0, Sum: 0.1]
      [GC Worker Total (ms): Min: 6.3, Avg: 6.4, Max: 6.5, Diff: 0.2, Sum: 51.0]
      [GC Worker End (ms): Min: 3832.6, Avg: 3832.6, Max: 3832.7, Diff: 0.1]
   [Code Root Fixup: 0.0 ms]
   [Code Root Purge: 0.0 ms]
   [Clear CT: 0.2 ms]
   [Other: 1.2 ms]
      [Choose CSet: 0.0 ms]
      [Ref Proc: 0.3 ms]
      [Ref Enq: 0.0 ms]
      [Redirty Cards: 0.2 ms]
      [Humongous Register: 0.3 ms]
      [Humongous Reclaim: 0.1 ms]
      [Free CSet: 0.1 ms]
   [Eden: 100.0M(100.0M)->0.0B(887.0M) Survivors: 2048.0K->13.0M Heap: 787.2M(2048.0M)->666.7M(2048.0M)]
 [Times: user=0.05 sys=0.00, real=0.01 secs] 
2021-01-18T10:16:27.505-0800: 3.906: [GC pause (G1 Humongous Allocation) (young) (initial-mark), 0.0183966 secs]
   [Parallel Time: 17.0 ms, GC Workers: 8]
      [GC Worker Start (ms): Min: 3906.5, Avg: 3906.5, Max: 3906.6, Diff: 0.1]
      [Ext Root Scanning (ms): Min: 0.1, Avg: 0.1, Max: 0.2, Diff: 0.1, Sum: 0.8]
      [Update RS (ms): Min: 4.6, Avg: 4.6, Max: 4.6, Diff: 0.0, Sum: 36.6]
         [Processed Buffers: Min: 65, Avg: 70.2, Max: 74, Diff: 9, Sum: 562]
      [Scan RS (ms): Min: 0.0, Avg: 0.0, Max: 0.1, Diff: 0.0, Sum: 0.4]
      [Code Root Scanning (ms): Min: 0.0, Avg: 0.0, Max: 0.0, Diff: 0.0, Sum: 0.1]
      [Object Copy (ms): Min: 12.0, Avg: 12.1, Max: 12.1, Diff: 0.1, Sum: 96.5]
      [Termination (ms): Min: 0.0, Avg: 0.1, Max: 0.1, Diff: 0.1, Sum: 0.6]
         [Termination Attempts: Min: 1, Avg: 1.9, Max: 3, Diff: 2, Sum: 15]
      [GC Worker Other (ms): Min: 0.0, Avg: 0.0, Max: 0.1, Diff: 0.1, Sum: 0.2]
      [GC Worker Total (ms): Min: 16.8, Avg: 16.9, Max: 17.0, Diff: 0.1, Sum: 135.2]
      [GC Worker End (ms): Min: 3923.4, Avg: 3923.4, Max: 3923.5, Diff: 0.1]
   [Code Root Fixup: 0.0 ms]
   [Code Root Purge: 0.0 ms]
   [Clear CT: 0.2 ms]
   [Other: 1.2 ms]
      [Choose CSet: 0.0 ms]
      [Ref Proc: 0.2 ms]
      [Ref Enq: 0.0 ms]
      [Redirty Cards: 0.1 ms]
      [Humongous Register: 0.1 ms]
      [Humongous Reclaim: 0.2 ms]
      [Free CSet: 0.2 ms]
   [Eden: 484.0M(887.0M)->0.0B(227.0M) Survivors: 13.0M->113.0M Heap: 1275.2M(2048.0M)->784.3M(2048.0M)]
 [Times: user=0.13 sys=0.00, real=0.02 secs] 
2021-01-18T10:16:27.524-0800: 3.925: [GC concurrent-root-region-scan-start]
2021-01-18T10:16:27.524-0800: 3.925: [GC concurrent-root-region-scan-end, 0.0001718 secs]
2021-01-18T10:16:27.524-0800: 3.925: [GC concurrent-mark-start]
2021-01-18T10:16:27.526-0800: 3.927: [GC concurrent-mark-end, 0.0017251 secs]
2021-01-18T10:16:27.526-0800: 3.927: [GC remark 2021-01-18T10:16:27.526-0800: 3.927: [Finalize Marking, 0.0002623 secs] 2021-01-18T10:16:27.526-0800: 3.927: [GC ref-proc, 0.0000668 secs] 2021-01-18T10:16:27.526-0800: 3.927: [Unloading, 0.0005356 secs], 0.0019131 secs]
 [Times: user=0.01 sys=0.00, real=0.00 secs] 
2021-01-18T10:16:27.528-0800: 3.929: [GC cleanup 795M->654M(2048M), 0.0016993 secs]
 [Times: user=0.01 sys=0.00, real=0.01 secs] 
2021-01-18T10:16:27.530-0800: 3.931: [GC concurrent-cleanup-start]
2021-01-18T10:16:27.530-0800: 3.931: [GC concurrent-cleanup-end, 0.0001062 secs]
2021-01-18T10:16:27.566-0800: 3.967: [GC pause (G1 Evacuation Pause) (young), 0.0198038 secs]
   [Parallel Time: 18.3 ms, GC Workers: 8]
      [GC Worker Start (ms): Min: 3967.4, Avg: 3967.5, Max: 3967.5, Diff: 0.1]
      [Ext Root Scanning (ms): Min: 0.1, Avg: 0.1, Max: 0.2, Diff: 0.1, Sum: 0.8]
      [Update RS (ms): Min: 4.1, Avg: 4.1, Max: 4.1, Diff: 0.0, Sum: 33.0]
         [Processed Buffers: Min: 57, Avg: 60.9, Max: 63, Diff: 6, Sum: 487]
      [Scan RS (ms): Min: 0.0, Avg: 0.0, Max: 0.0, Diff: 0.0, Sum: 0.3]
      [Code Root Scanning (ms): Min: 0.0, Avg: 0.0, Max: 0.0, Diff: 0.0, Sum: 0.0]
      [Object Copy (ms): Min: 13.9, Avg: 13.9, Max: 13.9, Diff: 0.1, Sum: 111.2]
      [Termination (ms): Min: 0.0, Avg: 0.0, Max: 0.1, Diff: 0.1, Sum: 0.4]
         [Termination Attempts: Min: 1, Avg: 1.1, Max: 2, Diff: 1, Sum: 9]
      [GC Worker Other (ms): Min: 0.0, Avg: 0.0, Max: 0.0, Diff: 0.0, Sum: 0.1]
      [GC Worker Total (ms): Min: 18.2, Avg: 18.2, Max: 18.3, Diff: 0.1, Sum: 145.7]
      [GC Worker End (ms): Min: 3985.7, Avg: 3985.7, Max: 3985.7, Diff: 0.0]
   [Code Root Fixup: 0.0 ms]
   [Code Root Purge: 0.0 ms]
   [Clear CT: 0.2 ms]
   [Other: 1.3 ms]
      [Choose CSet: 0.0 ms]
      [Ref Proc: 0.3 ms]
      [Ref Enq: 0.0 ms]
      [Redirty Cards: 0.2 ms]
      [Humongous Register: 0.1 ms]
      [Humongous Reclaim: 0.2 ms]
      [Free CSet: 0.2 ms]
   [Eden: 227.0M(227.0M)->0.0B(59.0M) Survivors: 113.0M->43.0M Heap: 930.0M(2048.0M)->674.4M(2048.0M)]
 [Times: user=0.14 sys=0.00, real=0.02 secs] 
2021-01-18T10:16:27.601-0800: 4.001: [GC pause (G1 Evacuation Pause) (mixed), 0.0117076 secs]
   [Parallel Time: 10.3 ms, GC Workers: 8]
      [GC Worker Start (ms): Min: 4001.7, Avg: 4001.8, Max: 4001.9, Diff: 0.2]
      [Ext Root Scanning (ms): Min: 0.1, Avg: 0.1, Max: 0.2, Diff: 0.2, Sum: 1.0]
      [Update RS (ms): Min: 1.4, Avg: 1.4, Max: 1.4, Diff: 0.0, Sum: 11.1]
         [Processed Buffers: Min: 13, Avg: 15.5, Max: 17, Diff: 4, Sum: 124]
      [Scan RS (ms): Min: 0.1, Avg: 0.1, Max: 0.1, Diff: 0.1, Sum: 0.7]
      [Code Root Scanning (ms): Min: 0.0, Avg: 0.0, Max: 0.1, Diff: 0.1, Sum: 0.1]
      [Object Copy (ms): Min: 7.6, Avg: 7.8, Max: 8.2, Diff: 0.6, Sum: 62.5]
      [Termination (ms): Min: 0.0, Avg: 0.6, Max: 0.8, Diff: 0.8, Sum: 4.8]
         [Termination Attempts: Min: 1, Avg: 1.0, Max: 1, Diff: 0, Sum: 8]
      [GC Worker Other (ms): Min: 0.0, Avg: 0.0, Max: 0.0, Diff: 0.0, Sum: 0.1]
      [GC Worker Total (ms): Min: 9.7, Avg: 10.0, Max: 10.2, Diff: 0.5, Sum: 80.3]
      [GC Worker End (ms): Min: 4011.6, Avg: 4011.9, Max: 4012.0, Diff: 0.3]
   [Code Root Fixup: 0.0 ms]
   [Code Root Purge: 0.0 ms]
   [Clear CT: 0.2 ms]
   [Other: 1.2 ms]
      [Choose CSet: 0.1 ms]
      [Ref Proc: 0.2 ms]
      [Ref Enq: 0.0 ms]
      [Redirty Cards: 0.2 ms]
      [Humongous Register: 0.1 ms]
      [Humongous Reclaim: 0.1 ms]
      [Free CSet: 0.2 ms]
   [Eden: 59.0M(59.0M)->0.0B(1029.0M) Survivors: 43.0M->13.0M Heap: 747.9M(2048.0M)->532.5M(2048.0M)]
 [Times: user=0.07 sys=0.01, real=0.01 secs] 
2021-01-18T10:16:27.737-0800: 4.137: [GC pause (G1 Humongous Allocation) (young) (initial-mark), 0.0239483 secs]
   [Parallel Time: 22.0 ms, GC Workers: 8]
      [GC Worker Start (ms): Min: 4137.8, Avg: 4137.9, Max: 4138.0, Diff: 0.2]
      [Ext Root Scanning (ms): Min: 0.0, Avg: 0.1, Max: 0.2, Diff: 0.2, Sum: 1.1]
      [Update RS (ms): Min: 5.9, Avg: 5.9, Max: 6.1, Diff: 0.2, Sum: 47.5]
         [Processed Buffers: Min: 79, Avg: 88.0, Max: 93, Diff: 14, Sum: 704]
      [Scan RS (ms): Min: 0.0, Avg: 0.1, Max: 0.1, Diff: 0.1, Sum: 0.8]
      [Code Root Scanning (ms): Min: 0.0, Avg: 0.0, Max: 0.0, Diff: 0.0, Sum: 0.1]
      [Object Copy (ms): Min: 15.5, Avg: 15.5, Max: 15.5, Diff: 0.1, Sum: 124.0]
      [Termination (ms): Min: 0.0, Avg: 0.1, Max: 0.2, Diff: 0.2, Sum: 1.0]
         [Termination Attempts: Min: 1, Avg: 2.1, Max: 6, Diff: 5, Sum: 17]
      [GC Worker Other (ms): Min: 0.0, Avg: 0.0, Max: 0.0, Diff: 0.0, Sum: 0.1]
      [GC Worker Total (ms): Min: 21.7, Avg: 21.8, Max: 21.9, Diff: 0.2, Sum: 174.7]
      [GC Worker End (ms): Min: 4159.6, Avg: 4159.7, Max: 4159.7, Diff: 0.1]
   [Code Root Fixup: 0.0 ms]
   [Code Root Purge: 0.0 ms]
   [Clear CT: 0.4 ms]
   [Other: 1.6 ms]
      [Choose CSet: 0.0 ms]
      [Ref Proc: 0.2 ms]
      [Ref Enq: 0.0 ms]
      [Redirty Cards: 0.2 ms]
      [Humongous Register: 0.2 ms]
      [Humongous Reclaim: 0.3 ms]
      [Free CSet: 0.3 ms]
   [Eden: 813.0M(1029.0M)->0.0B(879.0M) Survivors: 13.0M->131.0M Heap: 1562.8M(2048.0M)->694.6M(2048.0M)]
 [Times: user=0.16 sys=0.00, real=0.03 secs] 
2021-01-18T10:16:27.761-0800: 4.162: [GC concurrent-root-region-scan-start]
2021-01-18T10:16:27.761-0800: 4.162: [GC concurrent-root-region-scan-end, 0.0002828 secs]
2021-01-18T10:16:27.761-0800: 4.162: [GC concurrent-mark-start]
2021-01-18T10:16:27.763-0800: 4.164: [GC concurrent-mark-end, 0.0018452 secs]
2021-01-18T10:16:27.763-0800: 4.164: [GC remark 2021-01-18T10:16:27.763-0800: 4.164: [Finalize Marking, 0.0003076 secs] 2021-01-18T10:16:27.763-0800: 4.164: [GC ref-proc, 0.0000672 secs] 2021-01-18T10:16:27.763-0800: 4.164: [Unloading, 0.0006793 secs], 0.0020864 secs]
 [Times: user=0.01 sys=0.00, real=0.00 secs] 
2021-01-18T10:16:27.765-0800: 4.166: [GC cleanup 706M->615M(2048M), 0.0017958 secs]
 [Times: user=0.01 sys=0.00, real=0.00 secs] 
2021-01-18T10:16:27.767-0800: 4.168: [GC concurrent-cleanup-start]
2021-01-18T10:16:27.767-0800: 4.168: [GC concurrent-cleanup-end, 0.0000747 secs]
2021-01-18T10:16:27.897-0800: 4.298: [GC pause (G1 Evacuation Pause) (young) (to-space exhausted), 0.0217512 secs]
   [Parallel Time: 19.3 ms, GC Workers: 8]
      [GC Worker Start (ms): Min: 4298.2, Avg: 4298.3, Max: 4298.3, Diff: 0.1]
      [Ext Root Scanning (ms): Min: 0.1, Avg: 0.1, Max: 0.2, Diff: 0.1, Sum: 0.8]
      [Update RS (ms): Min: 6.4, Avg: 6.4, Max: 6.5, Diff: 0.0, Sum: 51.5]
         [Processed Buffers: Min: 97, Avg: 99.0, Max: 101, Diff: 4, Sum: 792]
      [Scan RS (ms): Min: 0.1, Avg: 0.1, Max: 0.2, Diff: 0.1, Sum: 1.2]
      [Code Root Scanning (ms): Min: 0.0, Avg: 0.0, Max: 0.0, Diff: 0.0, Sum: 0.1]
      [Object Copy (ms): Min: 12.2, Avg: 12.3, Max: 12.4, Diff: 0.2, Sum: 98.3]
      [Termination (ms): Min: 0.0, Avg: 0.1, Max: 0.3, Diff: 0.3, Sum: 1.0]
         [Termination Attempts: Min: 1, Avg: 1.6, Max: 3, Diff: 2, Sum: 13]
      [GC Worker Other (ms): Min: 0.0, Avg: 0.0, Max: 0.1, Diff: 0.0, Sum: 0.2]
      [GC Worker Total (ms): Min: 19.0, Avg: 19.1, Max: 19.2, Diff: 0.2, Sum: 153.0]
      [GC Worker End (ms): Min: 4317.3, Avg: 4317.4, Max: 4317.4, Diff: 0.1]
   [Code Root Fixup: 0.0 ms]
   [Code Root Purge: 0.0 ms]
   [Clear CT: 0.3 ms]
   [Other: 2.1 ms]
      [Evacuation Failure: 0.9 ms]
      [Choose CSet: 0.0 ms]
      [Ref Proc: 0.2 ms]
      [Ref Enq: 0.0 ms]
      [Redirty Cards: 0.1 ms]
      [Humongous Register: 0.2 ms]
      [Humongous Reclaim: 0.3 ms]
      [Free CSet: 0.3 ms]
   [Eden: 879.0M(879.0M)->0.0B(6144.0K) Survivors: 131.0M->104.0M Heap: 1716.9M(2048.0M)->1051.7M(2048.0M)]
 [Times: user=0.16 sys=0.01, real=0.02 secs] 
2021-01-18T10:16:27.920-0800: 4.321: [GC pause (G1 Evacuation Pause) (mixed), 0.0132533 secs]
   [Parallel Time: 11.8 ms, GC Workers: 8]
      [GC Worker Start (ms): Min: 4321.2, Avg: 4321.3, Max: 4321.3, Diff: 0.1]
      [Ext Root Scanning (ms): Min: 0.1, Avg: 0.1, Max: 0.2, Diff: 0.1, Sum: 1.0]
      [Update RS (ms): Min: 0.3, Avg: 0.3, Max: 0.3, Diff: 0.1, Sum: 2.6]
         [Processed Buffers: Min: 3, Avg: 3.6, Max: 7, Diff: 4, Sum: 29]
      [Scan RS (ms): Min: 0.1, Avg: 0.1, Max: 0.2, Diff: 0.1, Sum: 0.7]
      [Code Root Scanning (ms): Min: 0.0, Avg: 0.0, Max: 0.0, Diff: 0.0, Sum: 0.0]
      [Object Copy (ms): Min: 10.9, Avg: 11.0, Max: 11.0, Diff: 0.1, Sum: 87.8]
      [Termination (ms): Min: 0.0, Avg: 0.1, Max: 0.1, Diff: 0.1, Sum: 0.5]
         [Termination Attempts: Min: 1, Avg: 1.6, Max: 3, Diff: 2, Sum: 13]
      [GC Worker Other (ms): Min: 0.0, Avg: 0.0, Max: 0.0, Diff: 0.0, Sum: 0.1]
      [GC Worker Total (ms): Min: 11.5, Avg: 11.6, Max: 11.7, Diff: 0.2, Sum: 92.7]
      [GC Worker End (ms): Min: 4332.8, Avg: 4332.8, Max: 4332.9, Diff: 0.1]
   [Code Root Fixup: 0.0 ms]
   [Code Root Purge: 0.0 ms]
   [Clear CT: 0.3 ms]
   [Other: 1.2 ms]
      [Choose CSet: 0.1 ms]
      [Ref Proc: 0.3 ms]
      [Ref Enq: 0.0 ms]
      [Redirty Cards: 0.3 ms]
      [Humongous Register: 0.1 ms]
      [Humongous Reclaim: 0.1 ms]
      [Free CSet: 0.2 ms]
   [Eden: 6144.0K(6144.0K)->0.0B(696.0M) Survivors: 104.0M->3072.0K Heap: 1059.5M(2048.0M)->929.0M(2048.0M)]
 [Times: user=0.08 sys=0.00, real=0.01 secs] 
2021-01-18T10:16:27.934-0800: 4.335: [GC pause (G1 Humongous Allocation) (young) (initial-mark), 0.0022373 secs]
   [Parallel Time: 1.0 ms, GC Workers: 8]
      [GC Worker Start (ms): Min: 4334.9, Avg: 4335.0, Max: 4335.1, Diff: 0.2]
      [Ext Root Scanning (ms): Min: 0.1, Avg: 0.2, Max: 0.4, Diff: 0.2, Sum: 1.7]
      [Update RS (ms): Min: 0.0, Avg: 0.2, Max: 0.5, Diff: 0.5, Sum: 1.5]
         [Processed Buffers: Min: 1, Avg: 1.1, Max: 2, Diff: 1, Sum: 9]
      [Scan RS (ms): Min: 0.0, Avg: 0.0, Max: 0.0, Diff: 0.0, Sum: 0.0]
      [Code Root Scanning (ms): Min: 0.0, Avg: 0.0, Max: 0.0, Diff: 0.0, Sum: 0.0]
      [Object Copy (ms): Min: 0.0, Avg: 0.1, Max: 0.3, Diff: 0.3, Sum: 0.8]
      [Termination (ms): Min: 0.0, Avg: 0.3, Max: 0.4, Diff: 0.4, Sum: 2.1]
         [Termination Attempts: Min: 1, Avg: 2.4, Max: 4, Diff: 3, Sum: 19]
      [GC Worker Other (ms): Min: 0.0, Avg: 0.0, Max: 0.0, Diff: 0.0, Sum: 0.1]
      [GC Worker Total (ms): Min: 0.7, Avg: 0.8, Max: 0.9, Diff: 0.3, Sum: 6.2]
      [GC Worker End (ms): Min: 4335.7, Avg: 4335.8, Max: 4335.9, Diff: 0.2]
   [Code Root Fixup: 0.0 ms]
   [Code Root Purge: 0.0 ms]
   [Clear CT: 0.2 ms]
   [Other: 1.0 ms]
      [Choose CSet: 0.0 ms]
      [Ref Proc: 0.3 ms]
      [Ref Enq: 0.0 ms]
      [Redirty Cards: 0.3 ms]
      [Humongous Register: 0.1 ms]
      [Humongous Reclaim: 0.0 ms]
      [Free CSet: 0.1 ms]
   [Eden: 2048.0K(696.0M)->0.0B(699.0M) Survivors: 3072.0K->3072.0K Heap: 930.2M(2048.0M)->929.4M(2048.0M)]
 [Times: user=0.00 sys=0.00, real=0.00 secs] 
2021-01-18T10:16:27.936-0800: 4.337: [GC concurrent-root-region-scan-start]
2021-01-18T10:16:27.936-0800: 4.337: [GC concurrent-root-region-scan-end, 0.0001104 secs]
2021-01-18T10:16:27.936-0800: 4.337: [GC concurrent-mark-start]
2021-01-18T10:16:27.939-0800: 4.340: [GC concurrent-mark-end, 0.0024109 secs]
2021-01-18T10:16:27.939-0800: 4.340: [GC remark 2021-01-18T10:16:27.939-0800: 4.340: [Finalize Marking, 0.0004114 secs] 2021-01-18T10:16:27.939-0800: 4.340: [GC ref-proc, 0.0000660 secs] 2021-01-18T10:16:27.939-0800: 4.340: [Unloading, 0.0006948 secs], 0.0026791 secs]
 [Times: user=0.01 sys=0.00, real=0.01 secs] 
2021-01-18T10:16:27.942-0800: 4.343: [GC cleanup 941M->873M(2048M), 0.0018018 secs]
 [Times: user=0.01 sys=0.01, real=0.00 secs] 
2021-01-18T10:16:27.944-0800: 4.345: [GC concurrent-cleanup-start]
2021-01-18T10:16:27.944-0800: 4.345: [GC concurrent-cleanup-end, 0.0000614 secs]
2021-01-18T10:16:28.047-0800: 4.448: [GC pause (G1 Evacuation Pause) (young) (to-space exhausted), 0.0231119 secs]
   [Parallel Time: 21.2 ms, GC Workers: 8]
      [GC Worker Start (ms): Min: 4448.2, Avg: 4448.2, Max: 4448.3, Diff: 0.1]
      [Ext Root Scanning (ms): Min: 0.0, Avg: 0.1, Max: 0.2, Diff: 0.1, Sum: 0.7]
      [Update RS (ms): Min: 7.7, Avg: 7.7, Max: 7.8, Diff: 0.1, Sum: 61.9]
         [Processed Buffers: Min: 112, Avg: 120.1, Max: 122, Diff: 10, Sum: 961]
      [Scan RS (ms): Min: 0.1, Avg: 0.1, Max: 0.1, Diff: 0.0, Sum: 0.7]
      [Code Root Scanning (ms): Min: 0.0, Avg: 0.0, Max: 0.0, Diff: 0.0, Sum: 0.1]
      [Object Copy (ms): Min: 13.0, Avg: 13.0, Max: 13.1, Diff: 0.1, Sum: 104.2]
      [Termination (ms): Min: 0.0, Avg: 0.1, Max: 0.1, Diff: 0.1, Sum: 0.5]
         [Termination Attempts: Min: 1, Avg: 3.0, Max: 4, Diff: 3, Sum: 24]
      [GC Worker Other (ms): Min: 0.0, Avg: 0.0, Max: 0.0, Diff: 0.0, Sum: 0.2]
      [GC Worker Total (ms): Min: 21.0, Avg: 21.0, Max: 21.1, Diff: 0.2, Sum: 168.2]
      [GC Worker End (ms): Min: 4469.2, Avg: 4469.3, Max: 4469.3, Diff: 0.1]
   [Code Root Fixup: 0.0 ms]
   [Code Root Purge: 0.0 ms]
   [Clear CT: 0.3 ms]
   [Other: 1.6 ms]
      [Evacuation Failure: 0.4 ms]
      [Choose CSet: 0.0 ms]
      [Ref Proc: 0.2 ms]
      [Ref Enq: 0.0 ms]
      [Redirty Cards: 0.2 ms]
      [Humongous Register: 0.2 ms]
      [Humongous Reclaim: 0.3 ms]
      [Free CSet: 0.3 ms]
   [Eden: 699.0M(699.0M)->0.0B(14.0M) Survivors: 3072.0K->88.0M Heap: 1742.3M(2048.0M)->1099.1M(2048.0M)]
 [Times: user=0.15 sys=0.00, real=0.03 secs] 
2021-01-18T10:16:28.073-0800: 4.474: [GC pause (G1 Evacuation Pause) (mixed), 0.0121208 secs]
   [Parallel Time: 10.3 ms, GC Workers: 8]
      [GC Worker Start (ms): Min: 4474.0, Avg: 4474.1, Max: 4474.2, Diff: 0.2]
      [Ext Root Scanning (ms): Min: 0.1, Avg: 0.1, Max: 0.2, Diff: 0.2, Sum: 1.0]
      [Update RS (ms): Min: 0.2, Avg: 0.3, Max: 0.3, Diff: 0.1, Sum: 2.3]
         [Processed Buffers: Min: 3, Avg: 3.2, Max: 4, Diff: 1, Sum: 26]
      [Scan RS (ms): Min: 0.1, Avg: 0.1, Max: 0.1, Diff: 0.1, Sum: 0.7]
      [Code Root Scanning (ms): Min: 0.0, Avg: 0.0, Max: 0.0, Diff: 0.0, Sum: 0.0]
      [Object Copy (ms): Min: 9.5, Avg: 9.5, Max: 9.5, Diff: 0.0, Sum: 76.3]
      [Termination (ms): Min: 0.0, Avg: 0.0, Max: 0.0, Diff: 0.0, Sum: 0.1]
         [Termination Attempts: Min: 1, Avg: 3.2, Max: 7, Diff: 6, Sum: 26]
      [GC Worker Other (ms): Min: 0.0, Avg: 0.0, Max: 0.0, Diff: 0.0, Sum: 0.2]
      [GC Worker Total (ms): Min: 10.0, Avg: 10.1, Max: 10.2, Diff: 0.2, Sum: 80.5]
      [GC Worker End (ms): Min: 4484.2, Avg: 4484.2, Max: 4484.2, Diff: 0.0]
   [Code Root Fixup: 0.0 ms]
   [Code Root Purge: 0.0 ms]
   [Clear CT: 0.3 ms]
   [Other: 1.5 ms]
      [Choose CSet: 0.1 ms]
      [Ref Proc: 0.5 ms]
      [Ref Enq: 0.0 ms]
      [Redirty Cards: 0.2 ms]
      [Humongous Register: 0.1 ms]
      [Humongous Reclaim: 0.1 ms]
      [Free CSet: 0.3 ms]
   [Eden: 14.0M(14.0M)->0.0B(95.0M) Survivors: 88.0M->7168.0K Heap: 1115.0M(2048.0M)->907.1M(2048.0M)]
 [Times: user=0.07 sys=0.01, real=0.01 secs] 
2021-01-18T10:16:28.105-0800: 4.506: [GC pause (G1 Evacuation Pause) (mixed), 0.0103054 secs]
   [Parallel Time: 8.9 ms, GC Workers: 8]
      [GC Worker Start (ms): Min: 4506.2, Avg: 4506.3, Max: 4506.3, Diff: 0.1]
      [Ext Root Scanning (ms): Min: 0.1, Avg: 0.1, Max: 0.2, Diff: 0.1, Sum: 1.0]
      [Update RS (ms): Min: 2.7, Avg: 2.7, Max: 2.8, Diff: 0.1, Sum: 21.7]
         [Processed Buffers: Min: 28, Avg: 29.9, Max: 31, Diff: 3, Sum: 239]
      [Scan RS (ms): Min: 0.1, Avg: 0.1, Max: 0.1, Diff: 0.1, Sum: 0.8]
      [Code Root Scanning (ms): Min: 0.0, Avg: 0.0, Max: 0.0, Diff: 0.0, Sum: 0.0]
      [Object Copy (ms): Min: 5.5, Avg: 5.6, Max: 5.7, Diff: 0.2, Sum: 44.7]
      [Termination (ms): Min: 0.0, Avg: 0.2, Max: 0.3, Diff: 0.3, Sum: 1.7]
         [Termination Attempts: Min: 1, Avg: 1.0, Max: 1, Diff: 0, Sum: 8]
      [GC Worker Other (ms): Min: 0.0, Avg: 0.0, Max: 0.0, Diff: 0.0, Sum: 0.1]
      [GC Worker Total (ms): Min: 8.7, Avg: 8.8, Max: 8.8, Diff: 0.1, Sum: 70.1]
      [GC Worker End (ms): Min: 4515.0, Avg: 4515.0, Max: 4515.1, Diff: 0.1]
   [Code Root Fixup: 0.0 ms]
   [Code Root Purge: 0.0 ms]
   [Clear CT: 0.2 ms]
   [Other: 1.2 ms]
      [Choose CSet: 0.1 ms]
      [Ref Proc: 0.2 ms]
      [Ref Enq: 0.0 ms]
      [Redirty Cards: 0.2 ms]
      [Humongous Register: 0.1 ms]
      [Humongous Reclaim: 0.1 ms]
      [Free CSet: 0.3 ms]
   [Eden: 95.0M(95.0M)->0.0B(89.0M) Survivors: 7168.0K->13.0M Heap: 1030.8M(2048.0M)->761.4M(2048.0M)]
 [Times: user=0.07 sys=0.00, real=0.01 secs] 
2021-01-18T10:16:28.133-0800: 4.533: [GC pause (G1 Evacuation Pause) (mixed), 0.0074750 secs]
   [Parallel Time: 6.5 ms, GC Workers: 8]
      [GC Worker Start (ms): Min: 4533.5, Avg: 4533.6, Max: 4533.7, Diff: 0.1]
      [Ext Root Scanning (ms): Min: 0.0, Avg: 0.1, Max: 0.2, Diff: 0.1, Sum: 0.8]
      [Update RS (ms): Min: 2.3, Avg: 2.3, Max: 2.4, Diff: 0.1, Sum: 18.8]
         [Processed Buffers: Min: 20, Avg: 25.4, Max: 28, Diff: 8, Sum: 203]
      [Scan RS (ms): Min: 0.0, Avg: 0.0, Max: 0.1, Diff: 0.1, Sum: 0.2]
      [Code Root Scanning (ms): Min: 0.0, Avg: 0.0, Max: 0.0, Diff: 0.0, Sum: 0.0]
      [Object Copy (ms): Min: 3.7, Avg: 3.7, Max: 3.7, Diff: 0.1, Sum: 29.5]
      [Termination (ms): Min: 0.0, Avg: 0.1, Max: 0.1, Diff: 0.1, Sum: 0.8]
         [Termination Attempts: Min: 1, Avg: 1.1, Max: 2, Diff: 1, Sum: 9]
      [GC Worker Other (ms): Min: 0.0, Avg: 0.0, Max: 0.0, Diff: 0.0, Sum: 0.1]
      [GC Worker Total (ms): Min: 6.2, Avg: 6.3, Max: 6.4, Diff: 0.2, Sum: 50.2]
      [GC Worker End (ms): Min: 4539.9, Avg: 4539.9, Max: 4539.9, Diff: 0.1]
   [Code Root Fixup: 0.0 ms]
   [Code Root Purge: 0.0 ms]
   [Clear CT: 0.2 ms]
   [Other: 0.8 ms]
      [Choose CSet: 0.0 ms]
      [Ref Proc: 0.2 ms]
      [Ref Enq: 0.0 ms]
      [Redirty Cards: 0.2 ms]
      [Humongous Register: 0.1 ms]
      [Humongous Reclaim: 0.1 ms]
      [Free CSet: 0.1 ms]
   [Eden: 89.0M(89.0M)->0.0B(844.0M) Survivors: 13.0M->13.0M Heap: 874.6M(2048.0M)->755.1M(2048.0M)]
 [Times: user=0.04 sys=0.00, real=0.01 secs] 
2021-01-18T10:16:28.188-0800: 4.588: [GC pause (G1 Humongous Allocation) (young) (initial-mark), 0.0143747 secs]
   [Parallel Time: 13.1 ms, GC Workers: 8]
      [GC Worker Start (ms): Min: 4588.7, Avg: 4588.8, Max: 4588.9, Diff: 0.2]
      [Ext Root Scanning (ms): Min: 0.0, Avg: 0.1, Max: 0.2, Diff: 0.2, Sum: 0.7]
      [Update RS (ms): Min: 4.9, Avg: 5.0, Max: 5.0, Diff: 0.1, Sum: 39.8]
         [Processed Buffers: Min: 75, Avg: 77.1, Max: 79, Diff: 4, Sum: 617]
      [Scan RS (ms): Min: 0.0, Avg: 0.0, Max: 0.0, Diff: 0.0, Sum: 0.2]
      [Code Root Scanning (ms): Min: 0.0, Avg: 0.0, Max: 0.0, Diff: 0.0, Sum: 0.0]
      [Object Copy (ms): Min: 7.8, Avg: 7.8, Max: 7.8, Diff: 0.1, Sum: 62.5]
      [Termination (ms): Min: 0.0, Avg: 0.1, Max: 0.1, Diff: 0.1, Sum: 0.5]
         [Termination Attempts: Min: 1, Avg: 1.0, Max: 1, Diff: 0, Sum: 8]
      [GC Worker Other (ms): Min: 0.0, Avg: 0.0, Max: 0.0, Diff: 0.0, Sum: 0.1]
      [GC Worker Total (ms): Min: 12.9, Avg: 13.0, Max: 13.0, Diff: 0.1, Sum: 103.8]
      [GC Worker End (ms): Min: 4601.7, Avg: 4601.8, Max: 4601.8, Diff: 0.1]
   [Code Root Fixup: 0.0 ms]
   [Code Root Purge: 0.0 ms]
   [Clear CT: 0.2 ms]
   [Other: 1.1 ms]
      [Choose CSet: 0.0 ms]
      [Ref Proc: 0.3 ms]
      [Ref Enq: 0.0 ms]
      [Redirty Cards: 0.1 ms]
      [Humongous Register: 0.1 ms]
      [Humongous Reclaim: 0.2 ms]
      [Free CSet: 0.1 ms]
   [Eden: 283.0M(844.0M)->0.0B(800.0M) Survivors: 13.0M->88.0M Heap: 1113.3M(2048.0M)->827.4M(2048.0M)]
 [Times: user=0.10 sys=0.00, real=0.02 secs] 
2021-01-18T10:16:28.202-0800: 4.603: [GC concurrent-root-region-scan-start]
2021-01-18T10:16:28.202-0800: 4.603: [GC concurrent-root-region-scan-end, 0.0001813 secs]
2021-01-18T10:16:28.202-0800: 4.603: [GC concurrent-mark-start]
2021-01-18T10:16:28.204-0800: 4.605: [GC concurrent-mark-end, 0.0017695 secs]
2021-01-18T10:16:28.204-0800: 4.605: [GC remark 2021-01-18T10:16:28.204-0800: 4.605: [Finalize Marking, 0.0002095 secs] 2021-01-18T10:16:28.205-0800: 4.605: [GC ref-proc, 0.0000597 secs] 2021-01-18T10:16:28.205-0800: 4.605: [Unloading, 0.0005487 secs], 0.0017544 secs]
 [Times: user=0.01 sys=0.00, real=0.00 secs] 
2021-01-18T10:16:28.206-0800: 4.607: [GC cleanup 844M->677M(2048M), 0.0014704 secs]
 [Times: user=0.01 sys=0.00, real=0.00 secs] 
2021-01-18T10:16:28.208-0800: 4.609: [GC concurrent-cleanup-start]
2021-01-18T10:16:28.208-0800: 4.609: [GC concurrent-cleanup-end, 0.0001168 secs]
2021-01-18T10:16:28.321-0800: 4.722: [GC pause (G1 Evacuation Pause) (young) (to-space exhausted), 0.0275521 secs]
   [Parallel Time: 25.2 ms, GC Workers: 8]
      [GC Worker Start (ms): Min: 4722.3, Avg: 4722.4, Max: 4722.4, Diff: 0.1]
      [Ext Root Scanning (ms): Min: 0.1, Avg: 0.1, Max: 0.2, Diff: 0.1, Sum: 0.8]
      [Update RS (ms): Min: 8.7, Avg: 8.8, Max: 8.8, Diff: 0.0, Sum: 70.1]
         [Processed Buffers: Min: 129, Avg: 135.8, Max: 141, Diff: 12, Sum: 1086]
      [Scan RS (ms): Min: 0.1, Avg: 0.1, Max: 0.1, Diff: 0.0, Sum: 0.9]
      [Code Root Scanning (ms): Min: 0.0, Avg: 0.0, Max: 0.0, Diff: 0.0, Sum: 0.1]
      [Object Copy (ms): Min: 16.0, Avg: 16.0, Max: 16.0, Diff: 0.0, Sum: 127.8]
      [Termination (ms): Min: 0.0, Avg: 0.0, Max: 0.0, Diff: 0.0, Sum: 0.3]
         [Termination Attempts: Min: 1, Avg: 1.9, Max: 3, Diff: 2, Sum: 15]
      [GC Worker Other (ms): Min: 0.0, Avg: 0.0, Max: 0.0, Diff: 0.0, Sum: 0.2]
      [GC Worker Total (ms): Min: 25.0, Avg: 25.0, Max: 25.1, Diff: 0.1, Sum: 200.2]
      [GC Worker End (ms): Min: 4747.4, Avg: 4747.4, Max: 4747.4, Diff: 0.0]
   [Code Root Fixup: 0.0 ms]
   [Code Root Purge: 0.0 ms]
   [Clear CT: 0.3 ms]
   [Other: 2.0 ms]
      [Evacuation Failure: 0.5 ms]
      [Choose CSet: 0.0 ms]
      [Ref Proc: 0.3 ms]
      [Ref Enq: 0.0 ms]
      [Redirty Cards: 0.1 ms]
      [Humongous Register: 0.2 ms]
      [Humongous Reclaim: 0.4 ms]
      [Free CSet: 0.3 ms]
   [Eden: 800.0M(800.0M)->0.0B(6144.0K) Survivors: 88.0M->111.0M Heap: 1682.8M(2048.0M)->915.1M(2048.0M)]
 [Times: user=0.19 sys=0.01, real=0.02 secs] 
2021-01-18T10:16:28.350-0800: 4.751: [GC pause (G1 Evacuation Pause) (mixed), 0.0155070 secs]
   [Parallel Time: 13.7 ms, GC Workers: 8]
      [GC Worker Start (ms): Min: 4751.1, Avg: 4751.2, Max: 4751.2, Diff: 0.1]
      [Ext Root Scanning (ms): Min: 0.1, Avg: 0.2, Max: 0.2, Diff: 0.1, Sum: 1.3]
      [Update RS (ms): Min: 0.2, Avg: 0.3, Max: 0.3, Diff: 0.1, Sum: 2.3]
         [Processed Buffers: Min: 2, Avg: 2.8, Max: 3, Diff: 1, Sum: 22]
      [Scan RS (ms): Min: 0.1, Avg: 0.1, Max: 0.2, Diff: 0.1, Sum: 1.0]
      [Code Root Scanning (ms): Min: 0.0, Avg: 0.0, Max: 0.0, Diff: 0.0, Sum: 0.1]
      [Object Copy (ms): Min: 12.4, Avg: 12.6, Max: 12.7, Diff: 0.3, Sum: 100.5]
      [Termination (ms): Min: 0.0, Avg: 0.2, Max: 0.4, Diff: 0.4, Sum: 1.8]
         [Termination Attempts: Min: 1, Avg: 1.1, Max: 2, Diff: 1, Sum: 9]
      [GC Worker Other (ms): Min: 0.0, Avg: 0.0, Max: 0.0, Diff: 0.0, Sum: 0.1]
      [GC Worker Total (ms): Min: 13.3, Avg: 13.4, Max: 13.5, Diff: 0.2, Sum: 107.0]
      [GC Worker End (ms): Min: 4764.5, Avg: 4764.6, Max: 4764.7, Diff: 0.2]
   [Code Root Fixup: 0.0 ms]
   [Code Root Purge: 0.0 ms]
   [Clear CT: 0.3 ms]
   [Other: 1.6 ms]
      [Choose CSet: 0.1 ms]
      [Ref Proc: 0.5 ms]
      [Ref Enq: 0.0 ms]
      [Redirty Cards: 0.3 ms]
      [Humongous Register: 0.1 ms]
      [Humongous Reclaim: 0.1 ms]
      [Free CSet: 0.3 ms]
   [Eden: 6144.0K(6144.0K)->0.0B(99.0M) Survivors: 111.0M->3072.0K Heap: 922.6M(2048.0M)->728.1M(2048.0M)]
 [Times: user=0.10 sys=0.00, real=0.01 secs] 
2021-01-18T10:16:28.389-0800: 4.790: [GC pause (G1 Evacuation Pause) (mixed), 0.0071825 secs]
   [Parallel Time: 6.0 ms, GC Workers: 8]
      [GC Worker Start (ms): Min: 4789.7, Avg: 4789.8, Max: 4789.9, Diff: 0.2]
      [Ext Root Scanning (ms): Min: 0.0, Avg: 0.1, Max: 0.2, Diff: 0.2, Sum: 1.0]
      [Update RS (ms): Min: 2.0, Avg: 2.1, Max: 2.1, Diff: 0.1, Sum: 16.5]
         [Processed Buffers: Min: 19, Avg: 21.5, Max: 23, Diff: 4, Sum: 172]
      [Scan RS (ms): Min: 0.0, Avg: 0.1, Max: 0.3, Diff: 0.3, Sum: 0.6]
      [Code Root Scanning (ms): Min: 0.0, Avg: 0.0, Max: 0.0, Diff: 0.0, Sum: 0.1]
      [Object Copy (ms): Min: 3.1, Avg: 3.4, Max: 3.5, Diff: 0.4, Sum: 26.9]
      [Termination (ms): Min: 0.0, Avg: 0.1, Max: 0.2, Diff: 0.2, Sum: 0.8]
         [Termination Attempts: Min: 1, Avg: 1.0, Max: 1, Diff: 0, Sum: 8]
      [GC Worker Other (ms): Min: 0.0, Avg: 0.0, Max: 0.0, Diff: 0.0, Sum: 0.1]
      [GC Worker Total (ms): Min: 5.7, Avg: 5.8, Max: 5.8, Diff: 0.1, Sum: 46.1]
      [GC Worker End (ms): Min: 4795.6, Avg: 4795.6, Max: 4795.6, Diff: 0.1]
   [Code Root Fixup: 0.0 ms]
   [Code Root Purge: 0.0 ms]
   [Clear CT: 0.2 ms]
   [Other: 0.9 ms]
      [Choose CSet: 0.0 ms]
      [Ref Proc: 0.2 ms]
      [Ref Enq: 0.0 ms]
      [Redirty Cards: 0.2 ms]
      [Humongous Register: 0.1 ms]
      [Humongous Reclaim: 0.1 ms]
      [Free CSet: 0.1 ms]
   [Eden: 99.0M(99.0M)->0.0B(872.0M) Survivors: 3072.0K->13.0M Heap: 847.4M(2048.0M)->735.0M(2048.0M)]
 [Times: user=0.05 sys=0.01, real=0.01 secs] 
2021-01-18T10:16:28.450-0800: 4.850: [GC pause (G1 Humongous Allocation) (young) (initial-mark), 0.0173899 secs]
   [Parallel Time: 15.2 ms, GC Workers: 8]
      [GC Worker Start (ms): Min: 4850.7, Avg: 4850.8, Max: 4850.8, Diff: 0.1]
      [Ext Root Scanning (ms): Min: 0.1, Avg: 0.1, Max: 0.2, Diff: 0.1, Sum: 0.8]
      [Update RS (ms): Min: 5.8, Avg: 5.8, Max: 5.9, Diff: 0.0, Sum: 46.7]
         [Processed Buffers: Min: 85, Avg: 88.4, Max: 93, Diff: 8, Sum: 707]
      [Scan RS (ms): Min: 0.0, Avg: 0.0, Max: 0.0, Diff: 0.0, Sum: 0.3]
      [Code Root Scanning (ms): Min: 0.0, Avg: 0.0, Max: 0.0, Diff: 0.0, Sum: 0.0]
      [Object Copy (ms): Min: 9.0, Avg: 9.0, Max: 9.1, Diff: 0.1, Sum: 72.4]
      [Termination (ms): Min: 0.0, Avg: 0.1, Max: 0.1, Diff: 0.1, Sum: 0.5]
         [Termination Attempts: Min: 1, Avg: 1.4, Max: 2, Diff: 1, Sum: 11]
      [GC Worker Other (ms): Min: 0.0, Avg: 0.0, Max: 0.0, Diff: 0.0, Sum: 0.1]
      [GC Worker Total (ms): Min: 15.0, Avg: 15.1, Max: 15.2, Diff: 0.1, Sum: 120.8]
      [GC Worker End (ms): Min: 4865.9, Avg: 4865.9, Max: 4865.9, Diff: 0.1]
   [Code Root Fixup: 0.0 ms]
   [Code Root Purge: 0.0 ms]
   [Clear CT: 0.2 ms]
   [Other: 1.9 ms]
      [Choose CSet: 0.0 ms]
      [Ref Proc: 1.0 ms]
      [Ref Enq: 0.0 ms]
      [Redirty Cards: 0.1 ms]
      [Humongous Register: 0.1 ms]
      [Humongous Reclaim: 0.2 ms]
      [Free CSet: 0.2 ms]
   [Eden: 331.0M(872.0M)->0.0B(799.0M) Survivors: 13.0M->104.0M Heap: 1152.9M(2048.0M)->816.8M(2048.0M)]
 [Times: user=0.12 sys=0.00, real=0.01 secs] 
2021-01-18T10:16:28.467-0800: 4.868: [GC concurrent-root-region-scan-start]
2021-01-18T10:16:28.467-0800: 4.868: [GC concurrent-root-region-scan-end, 0.0001819 secs]
2021-01-18T10:16:28.467-0800: 4.868: [GC concurrent-mark-start]
2021-01-18T10:16:28.469-0800: 4.870: [GC concurrent-mark-end, 0.0018204 secs]
2021-01-18T10:16:28.469-0800: 4.870: [GC remark 2021-01-18T10:16:28.469-0800: 4.870: [Finalize Marking, 0.0002192 secs] 2021-01-18T10:16:28.470-0800: 4.870: [GC ref-proc, 0.0000574 secs] 2021-01-18T10:16:28.470-0800: 4.870: [Unloading, 0.0004743 secs], 0.0016399 secs]
 [Times: user=0.00 sys=0.00, real=0.01 secs] 
2021-01-18T10:16:28.471-0800: 4.872: [GC cleanup 828M->674M(2048M), 0.0014157 secs]
 [Times: user=0.01 sys=0.00, real=0.00 secs] 
2021-01-18T10:16:28.473-0800: 4.873: [GC concurrent-cleanup-start]
2021-01-18T10:16:28.473-0800: 4.874: [GC concurrent-cleanup-end, 0.0001188 secs]
2021-01-18T10:16:28.584-0800: 4.985: [GC pause (G1 Evacuation Pause) (young) (to-space exhausted), 0.0264102 secs]
   [Parallel Time: 24.1 ms, GC Workers: 8]
      [GC Worker Start (ms): Min: 4984.9, Avg: 4985.0, Max: 4985.1, Diff: 0.1]
      [Ext Root Scanning (ms): Min: 0.1, Avg: 0.1, Max: 0.2, Diff: 0.1, Sum: 0.8]
      [Update RS (ms): Min: 8.1, Avg: 8.1, Max: 8.1, Diff: 0.1, Sum: 64.8]
         [Processed Buffers: Min: 93, Avg: 123.6, Max: 138, Diff: 45, Sum: 989]
      [Scan RS (ms): Min: 0.1, Avg: 0.1, Max: 0.1, Diff: 0.0, Sum: 0.8]
      [Code Root Scanning (ms): Min: 0.0, Avg: 0.0, Max: 0.0, Diff: 0.0, Sum: 0.1]
      [Object Copy (ms): Min: 15.6, Avg: 15.6, Max: 15.6, Diff: 0.1, Sum: 124.6]
      [Termination (ms): Min: 0.0, Avg: 0.0, Max: 0.1, Diff: 0.1, Sum: 0.4]
         [Termination Attempts: Min: 1, Avg: 2.9, Max: 4, Diff: 3, Sum: 23]
      [GC Worker Other (ms): Min: 0.0, Avg: 0.0, Max: 0.1, Diff: 0.1, Sum: 0.3]
      [GC Worker Total (ms): Min: 23.9, Avg: 24.0, Max: 24.0, Diff: 0.1, Sum: 191.8]
      [GC Worker End (ms): Min: 5009.0, Avg: 5009.0, Max: 5009.0, Diff: 0.0]
   [Code Root Fixup: 0.0 ms]
   [Code Root Purge: 0.0 ms]
   [Clear CT: 0.3 ms]
   [Other: 2.0 ms]
      [Evacuation Failure: 0.6 ms]
      [Choose CSet: 0.0 ms]
      [Ref Proc: 0.3 ms]
      [Ref Enq: 0.0 ms]
      [Redirty Cards: 0.1 ms]
      [Humongous Register: 0.2 ms]
      [Humongous Reclaim: 0.3 ms]
      [Free CSet: 0.3 ms]
   [Eden: 799.0M(799.0M)->0.0B(6144.0K) Survivors: 104.0M->113.0M Heap: 1688.4M(2048.0M)->944.4M(2048.0M)]
 [Times: user=0.17 sys=0.00, real=0.03 secs] 
2021-01-18T10:16:28.611-0800: 5.012: [GC pause (G1 Evacuation Pause) (mixed), 0.0162663 secs]
   [Parallel Time: 14.7 ms, GC Workers: 8]
      [GC Worker Start (ms): Min: 5012.4, Avg: 5012.5, Max: 5012.6, Diff: 0.2]
      [Ext Root Scanning (ms): Min: 0.1, Avg: 0.1, Max: 0.3, Diff: 0.2, Sum: 1.2]
      [Update RS (ms): Min: 0.2, Avg: 0.3, Max: 0.3, Diff: 0.1, Sum: 2.0]
         [Processed Buffers: Min: 2, Avg: 3.1, Max: 7, Diff: 5, Sum: 25]
      [Scan RS (ms): Min: 0.1, Avg: 0.1, Max: 0.2, Diff: 0.2, Sum: 1.1]
      [Code Root Scanning (ms): Min: 0.0, Avg: 0.0, Max: 0.0, Diff: 0.0, Sum: 0.1]
      [Object Copy (ms): Min: 12.4, Avg: 12.7, Max: 13.7, Diff: 1.3, Sum: 101.4]
      [Termination (ms): Min: 0.0, Avg: 1.1, Max: 1.3, Diff: 1.3, Sum: 8.7]
         [Termination Attempts: Min: 1, Avg: 1.0, Max: 1, Diff: 0, Sum: 8]
      [GC Worker Other (ms): Min: 0.0, Avg: 0.0, Max: 0.0, Diff: 0.0, Sum: 0.1]
      [GC Worker Total (ms): Min: 14.2, Avg: 14.3, Max: 14.5, Diff: 0.3, Sum: 114.6]
      [GC Worker End (ms): Min: 5026.8, Avg: 5026.9, Max: 5027.0, Diff: 0.2]
   [Code Root Fixup: 0.0 ms]
   [Code Root Purge: 0.0 ms]
   [Clear CT: 0.2 ms]
   [Other: 1.3 ms]
      [Choose CSet: 0.1 ms]
      [Ref Proc: 0.3 ms]
      [Ref Enq: 0.0 ms]
      [Redirty Cards: 0.2 ms]
      [Humongous Register: 0.1 ms]
      [Humongous Reclaim: 0.1 ms]
      [Free CSet: 0.4 ms]
   [Eden: 6144.0K(6144.0K)->0.0B(99.0M) Survivors: 113.0M->3072.0K Heap: 951.7M(2048.0M)->758.2M(2048.0M)]
 [Times: user=0.11 sys=0.01, real=0.01 secs] 
2021-01-18T10:16:28.650-0800: 5.051: [GC pause (G1 Evacuation Pause) (mixed), 0.0076288 secs]
   [Parallel Time: 6.6 ms, GC Workers: 8]
      [GC Worker Start (ms): Min: 5050.8, Avg: 5050.8, Max: 5050.9, Diff: 0.1]
      [Ext Root Scanning (ms): Min: 0.1, Avg: 0.1, Max: 0.2, Diff: 0.1, Sum: 1.0]
      [Update RS (ms): Min: 3.0, Avg: 3.0, Max: 3.1, Diff: 0.1, Sum: 24.2]
         [Processed Buffers: Min: 31, Avg: 33.4, Max: 35, Diff: 4, Sum: 267]
      [Scan RS (ms): Min: 0.0, Avg: 0.0, Max: 0.1, Diff: 0.0, Sum: 0.2]
      [Code Root Scanning (ms): Min: 0.0, Avg: 0.0, Max: 0.0, Diff: 0.0, Sum: 0.0]
      [Object Copy (ms): Min: 3.2, Avg: 3.2, Max: 3.2, Diff: 0.1, Sum: 25.7]
      [Termination (ms): Min: 0.0, Avg: 0.0, Max: 0.1, Diff: 0.1, Sum: 0.4]
         [Termination Attempts: Min: 1, Avg: 1.0, Max: 1, Diff: 0, Sum: 8]
      [GC Worker Other (ms): Min: 0.0, Avg: 0.0, Max: 0.0, Diff: 0.0, Sum: 0.1]
      [GC Worker Total (ms): Min: 6.4, Avg: 6.4, Max: 6.5, Diff: 0.1, Sum: 51.6]
      [GC Worker End (ms): Min: 5057.3, Avg: 5057.3, Max: 5057.3, Diff: 0.0]
   [Code Root Fixup: 0.0 ms]
   [Code Root Purge: 0.0 ms]
   [Clear CT: 0.2 ms]
   [Other: 0.9 ms]
      [Choose CSet: 0.0 ms]
      [Ref Proc: 0.2 ms]
      [Ref Enq: 0.0 ms]
      [Redirty Cards: 0.1 ms]
      [Humongous Register: 0.1 ms]
      [Humongous Reclaim: 0.1 ms]
      [Free CSet: 0.1 ms]
   [Eden: 99.0M(99.0M)->0.0B(821.0M) Survivors: 3072.0K->13.0M Heap: 889.4M(2048.0M)->779.9M(2048.0M)]
 [Times: user=0.05 sys=0.00, real=0.00 secs] 
2021-01-18T10:16:28.693-0800: 5.094: [GC pause (G1 Humongous Allocation) (young) (initial-mark), 0.0124320 secs]
   [Parallel Time: 11.3 ms, GC Workers: 8]
      [GC Worker Start (ms): Min: 5093.9, Avg: 5093.9, Max: 5094.0, Diff: 0.1]
      [Ext Root Scanning (ms): Min: 0.1, Avg: 0.1, Max: 0.2, Diff: 0.1, Sum: 0.8]
      [Update RS (ms): Min: 3.8, Avg: 3.8, Max: 3.8, Diff: 0.1, Sum: 30.3]
         [Processed Buffers: Min: 47, Avg: 55.6, Max: 59, Diff: 12, Sum: 445]
      [Scan RS (ms): Min: 0.0, Avg: 0.0, Max: 0.0, Diff: 0.0, Sum: 0.2]
      [Code Root Scanning (ms): Min: 0.0, Avg: 0.0, Max: 0.0, Diff: 0.0, Sum: 0.0]
      [Object Copy (ms): Min: 6.7, Avg: 6.7, Max: 7.0, Diff: 0.3, Sum: 54.0]
      [Termination (ms): Min: 0.0, Avg: 0.4, Max: 0.6, Diff: 0.6, Sum: 3.2]
         [Termination Attempts: Min: 1, Avg: 1.2, Max: 2, Diff: 1, Sum: 10]
      [GC Worker Other (ms): Min: 0.0, Avg: 0.0, Max: 0.0, Diff: 0.0, Sum: 0.1]
      [GC Worker Total (ms): Min: 10.9, Avg: 11.1, Max: 11.2, Diff: 0.3, Sum: 88.6]
      [GC Worker End (ms): Min: 5104.9, Avg: 5105.0, Max: 5105.1, Diff: 0.3]
   [Code Root Fixup: 0.0 ms]
   [Code Root Purge: 0.0 ms]
   [Clear CT: 0.2 ms]
   [Other: 1.0 ms]
      [Choose CSet: 0.0 ms]
      [Ref Proc: 0.3 ms]
      [Ref Enq: 0.0 ms]
      [Redirty Cards: 0.1 ms]
      [Humongous Register: 0.1 ms]
      [Humongous Reclaim: 0.1 ms]
      [Free CSet: 0.1 ms]
   [Eden: 216.0M(821.0M)->0.0B(779.0M) Survivors: 13.0M->80.0M Heap: 1050.3M(2048.0M)->846.7M(2048.0M)]
 [Times: user=0.09 sys=0.00, real=0.01 secs] 
2021-01-18T10:16:28.705-0800: 5.106: [GC concurrent-root-region-scan-start]
2021-01-18T10:16:28.706-0800: 5.106: [GC concurrent-root-region-scan-end, 0.0001614 secs]
2021-01-18T10:16:28.706-0800: 5.106: [GC concurrent-mark-start]
2021-01-18T10:16:28.707-0800: 5.108: [GC concurrent-mark-end, 0.0017851 secs]
2021-01-18T10:16:28.708-0800: 5.108: [GC remark 2021-01-18T10:16:28.708-0800: 5.108: [Finalize Marking, 0.0002003 secs] 2021-01-18T10:16:28.708-0800: 5.109: [GC ref-proc, 0.0000552 secs] 2021-01-18T10:16:28.708-0800: 5.109: [Unloading, 0.0004935 secs], 0.0017544 secs]
 [Times: user=0.01 sys=0.00, real=0.00 secs] 
2021-01-18T10:16:28.709-0800: 5.110: [GC cleanup 859M->709M(2048M), 0.0013192 secs]
 [Times: user=0.01 sys=0.00, real=0.01 secs] 
2021-01-18T10:16:28.711-0800: 5.112: [GC concurrent-cleanup-start]
2021-01-18T10:16:28.711-0800: 5.112: [GC concurrent-cleanup-end, 0.0001075 secs]
2021-01-18T10:16:28.819-0800: 5.220: [GC pause (G1 Evacuation Pause) (young), 0.0295697 secs]
   [Parallel Time: 27.8 ms, GC Workers: 8]
      [GC Worker Start (ms): Min: 5219.8, Avg: 5219.9, Max: 5219.9, Diff: 0.1]
      [Ext Root Scanning (ms): Min: 0.1, Avg: 0.1, Max: 0.2, Diff: 0.1, Sum: 0.7]
      [Update RS (ms): Min: 8.7, Avg: 8.7, Max: 8.7, Diff: 0.0, Sum: 69.6]
         [Processed Buffers: Min: 103, Avg: 132.8, Max: 147, Diff: 44, Sum: 1062]
      [Scan RS (ms): Min: 0.1, Avg: 0.1, Max: 0.1, Diff: 0.0, Sum: 0.9]
      [Code Root Scanning (ms): Min: 0.0, Avg: 0.0, Max: 0.0, Diff: 0.0, Sum: 0.1]
      [Object Copy (ms): Min: 18.5, Avg: 18.5, Max: 18.6, Diff: 0.1, Sum: 148.2]
      [Termination (ms): Min: 0.0, Avg: 0.1, Max: 0.2, Diff: 0.2, Sum: 0.8]
         [Termination Attempts: Min: 1, Avg: 1.9, Max: 3, Diff: 2, Sum: 15]
      [GC Worker Other (ms): Min: 0.0, Avg: 0.0, Max: 0.0, Diff: 0.0, Sum: 0.2]
      [GC Worker Total (ms): Min: 27.5, Avg: 27.6, Max: 27.6, Diff: 0.1, Sum: 220.4]
      [GC Worker End (ms): Min: 5247.4, Avg: 5247.4, Max: 5247.5, Diff: 0.1]
   [Code Root Fixup: 0.0 ms]
   [Code Root Purge: 0.0 ms]
   [Clear CT: 0.3 ms]
   [Other: 1.5 ms]
      [Choose CSet: 0.0 ms]
      [Ref Proc: 0.3 ms]
      [Ref Enq: 0.0 ms]
      [Redirty Cards: 0.3 ms]
      [Humongous Register: 0.2 ms]
      [Humongous Reclaim: 0.3 ms]
      [Free CSet: 0.4 ms]
   [Eden: 779.0M(779.0M)->0.0B(7168.0K) Survivors: 80.0M->108.0M Heap: 1667.8M(2048.0M)->817.8M(2048.0M)]
 [Times: user=0.21 sys=0.01, real=0.03 secs] 
2021-01-18T10:16:28.850-0800: 5.251: [GC pause (G1 Evacuation Pause) (mixed), 0.0151058 secs]
   [Parallel Time: 13.2 ms, GC Workers: 8]
      [GC Worker Start (ms): Min: 5251.5, Avg: 5251.7, Max: 5252.2, Diff: 0.7]
      [Ext Root Scanning (ms): Min: 0.0, Avg: 0.2, Max: 0.6, Diff: 0.6, Sum: 1.6]
      [Update RS (ms): Min: 0.0, Avg: 0.4, Max: 0.5, Diff: 0.5, Sum: 3.0]
         [Processed Buffers: Min: 0, Avg: 3.2, Max: 5, Diff: 5, Sum: 26]
      [Scan RS (ms): Min: 0.1, Avg: 0.1, Max: 0.2, Diff: 0.1, Sum: 1.0]
      [Code Root Scanning (ms): Min: 0.0, Avg: 0.0, Max: 0.0, Diff: 0.0, Sum: 0.1]
      [Object Copy (ms): Min: 11.9, Avg: 12.0, Max: 12.1, Diff: 0.2, Sum: 96.3]
      [Termination (ms): Min: 0.0, Avg: 0.1, Max: 0.1, Diff: 0.1, Sum: 0.5]
         [Termination Attempts: Min: 1, Avg: 1.0, Max: 1, Diff: 0, Sum: 8]
      [GC Worker Other (ms): Min: 0.0, Avg: 0.0, Max: 0.0, Diff: 0.0, Sum: 0.2]
      [GC Worker Total (ms): Min: 12.3, Avg: 12.8, Max: 13.0, Diff: 0.7, Sum: 102.6]
      [GC Worker End (ms): Min: 5264.5, Avg: 5264.5, Max: 5264.5, Diff: 0.0]
   [Code Root Fixup: 0.0 ms]
   [Code Root Purge: 0.0 ms]
   [Clear CT: 0.3 ms]
   [Other: 1.6 ms]
      [Choose CSet: 0.1 ms]
      [Ref Proc: 0.3 ms]
      [Ref Enq: 0.0 ms]
      [Redirty Cards: 0.2 ms]
      [Humongous Register: 0.3 ms]
      [Humongous Reclaim: 0.1 ms]
      [Free CSet: 0.5 ms]
   [Eden: 7168.0K(7168.0K)->0.0B(99.0M) Survivors: 108.0M->3072.0K Heap: 826.9M(2048.0M)->632.2M(2048.0M)]
 [Times: user=0.09 sys=0.00, real=0.01 secs] 
2021-01-18T10:16:28.888-0800: 5.289: [GC pause (G1 Evacuation Pause) (mixed), 0.0074836 secs]
   [Parallel Time: 6.3 ms, GC Workers: 8]
      [GC Worker Start (ms): Min: 5289.5, Avg: 5289.6, Max: 5289.7, Diff: 0.1]
      [Ext Root Scanning (ms): Min: 0.1, Avg: 0.1, Max: 0.2, Diff: 0.1, Sum: 0.9]
      [Update RS (ms): Min: 2.7, Avg: 2.9, Max: 3.8, Diff: 1.1, Sum: 23.5]
         [Processed Buffers: Min: 29, Avg: 30.2, Max: 31, Diff: 2, Sum: 242]
      [Scan RS (ms): Min: 0.0, Avg: 0.1, Max: 0.2, Diff: 0.2, Sum: 0.5]
      [Code Root Scanning (ms): Min: 0.0, Avg: 0.0, Max: 0.0, Diff: 0.0, Sum: 0.0]
      [Object Copy (ms): Min: 2.1, Avg: 3.0, Max: 3.2, Diff: 1.1, Sum: 24.0]
      [Termination (ms): Min: 0.0, Avg: 0.0, Max: 0.1, Diff: 0.1, Sum: 0.4]
         [Termination Attempts: Min: 1, Avg: 1.0, Max: 1, Diff: 0, Sum: 8]
      [GC Worker Other (ms): Min: 0.0, Avg: 0.0, Max: 0.0, Diff: 0.0, Sum: 0.1]
      [GC Worker Total (ms): Min: 6.1, Avg: 6.2, Max: 6.3, Diff: 0.1, Sum: 49.5]
      [GC Worker End (ms): Min: 5295.8, Avg: 5295.8, Max: 5295.8, Diff: 0.0]
   [Code Root Fixup: 0.0 ms]
   [Code Root Purge: 0.0 ms]
   [Clear CT: 0.1 ms]
   [Other: 1.0 ms]
      [Choose CSet: 0.0 ms]
      [Ref Proc: 0.4 ms]
      [Ref Enq: 0.0 ms]
      [Redirty Cards: 0.1 ms]
      [Humongous Register: 0.2 ms]
      [Humongous Reclaim: 0.1 ms]
      [Free CSet: 0.1 ms]
   [Eden: 99.0M(99.0M)->0.0B(969.0M) Survivors: 3072.0K->13.0M Heap: 760.3M(2048.0M)->630.9M(2048.0M)]
 [Times: user=0.05 sys=0.00, real=0.01 secs] 
2021-01-18T10:16:28.989-0800: 5.389: [GC pause (G1 Humongous Allocation) (young) (initial-mark), 0.0265446 secs]
   [Parallel Time: 24.9 ms, GC Workers: 8]
      [GC Worker Start (ms): Min: 5389.7, Avg: 5389.7, Max: 5389.8, Diff: 0.1]
      [Ext Root Scanning (ms): Min: 0.1, Avg: 0.1, Max: 0.2, Diff: 0.1, Sum: 0.8]
      [Update RS (ms): Min: 10.1, Avg: 10.2, Max: 10.4, Diff: 0.3, Sum: 81.5]
         [Processed Buffers: Min: 152, Avg: 155.4, Max: 158, Diff: 6, Sum: 1243]
      [Scan RS (ms): Min: 0.0, Avg: 0.1, Max: 0.2, Diff: 0.2, Sum: 0.7]
      [Code Root Scanning (ms): Min: 0.0, Avg: 0.0, Max: 0.0, Diff: 0.0, Sum: 0.1]
      [Object Copy (ms): Min: 14.1, Avg: 14.3, Max: 14.4, Diff: 0.2, Sum: 114.3]
      [Termination (ms): Min: 0.0, Avg: 0.1, Max: 0.1, Diff: 0.1, Sum: 0.5]
         [Termination Attempts: Min: 1, Avg: 1.2, Max: 2, Diff: 1, Sum: 10]
      [GC Worker Other (ms): Min: 0.0, Avg: 0.0, Max: 0.0, Diff: 0.0, Sum: 0.2]
      [GC Worker Total (ms): Min: 24.7, Avg: 24.8, Max: 24.8, Diff: 0.1, Sum: 198.0]
      [GC Worker End (ms): Min: 5414.5, Avg: 5414.5, Max: 5414.5, Diff: 0.1]
   [Code Root Fixup: 0.0 ms]
   [Code Root Purge: 0.0 ms]
   [Clear CT: 0.3 ms]
   [Other: 1.3 ms]
      [Choose CSet: 0.0 ms]
      [Ref Proc: 0.2 ms]
      [Ref Enq: 0.0 ms]
      [Redirty Cards: 0.1 ms]
      [Humongous Register: 0.1 ms]
      [Humongous Reclaim: 0.3 ms]
      [Free CSet: 0.3 ms]
   [Eden: 647.0M(969.0M)->0.0B(7168.0K) Survivors: 13.0M->123.0M Heap: 1431.8M(2048.0M)->774.7M(2048.0M)]
 [Times: user=0.18 sys=0.00, real=0.03 secs] 
2021-01-18T10:16:29.015-0800: 5.416: [GC concurrent-root-region-scan-start]
2021-01-18T10:16:29.016-0800: 5.416: [GC concurrent-root-region-scan-end, 0.0002118 secs]
2021-01-18T10:16:29.016-0800: 5.416: [GC concurrent-mark-start]
2021-01-18T10:16:29.018-0800: 5.418: [GC pause (G1 Evacuation Pause) (young), 0.0139130 secs]
   [Parallel Time: 12.6 ms, GC Workers: 8]
      [GC Worker Start (ms): Min: 5418.5, Avg: 5418.6, Max: 5418.7, Diff: 0.1]
      [Ext Root Scanning (ms): Min: 0.1, Avg: 0.3, Max: 1.3, Diff: 1.2, Sum: 2.4]
      [Update RS (ms): Min: 0.0, Avg: 0.4, Max: 0.4, Diff: 0.4, Sum: 2.9]
         [Processed Buffers: Min: 0, Avg: 3.8, Max: 5, Diff: 5, Sum: 30]
      [Scan RS (ms): Min: 0.0, Avg: 0.0, Max: 0.0, Diff: 0.0, Sum: 0.2]
      [Code Root Scanning (ms): Min: 0.0, Avg: 0.0, Max: 0.0, Diff: 0.0, Sum: 0.0]
      [Object Copy (ms): Min: 11.0, Avg: 11.6, Max: 11.7, Diff: 0.8, Sum: 92.9]
      [Termination (ms): Min: 0.0, Avg: 0.1, Max: 0.1, Diff: 0.1, Sum: 0.4]
         [Termination Attempts: Min: 1, Avg: 1.1, Max: 2, Diff: 1, Sum: 9]
      [GC Worker Other (ms): Min: 0.0, Avg: 0.0, Max: 0.0, Diff: 0.0, Sum: 0.1]
      [GC Worker Total (ms): Min: 12.3, Avg: 12.4, Max: 12.5, Diff: 0.2, Sum: 98.9]
      [GC Worker End (ms): Min: 5431.0, Avg: 5431.0, Max: 5431.0, Diff: 0.1]
   [Code Root Fixup: 0.0 ms]
   [Code Root Purge: 0.0 ms]
   [Clear CT: 0.2 ms]
   [Other: 1.1 ms]
      [Choose CSet: 0.0 ms]
      [Ref Proc: 0.5 ms]
      [Ref Enq: 0.0 ms]
      [Redirty Cards: 0.2 ms]
      [Humongous Register: 0.1 ms]
      [Humongous Reclaim: 0.1 ms]
      [Free CSet: 0.1 ms]
   [Eden: 7168.0K(7168.0K)->0.0B(159.0M) Survivors: 123.0M->2048.0K Heap: 784.2M(2048.0M)->777.1M(2048.0M)]
 [Times: user=0.08 sys=0.00, real=0.02 secs] 
2021-01-18T10:16:29.032-0800: 5.433: [GC concurrent-mark-end, 0.0162550 secs]
2021-01-18T10:16:29.032-0800: 5.433: [GC remark 2021-01-18T10:16:29.032-0800: 5.433: [Finalize Marking, 0.0003100 secs] 2021-01-18T10:16:29.032-0800: 5.433: [GC ref-proc, 0.0000837 secs] 2021-01-18T10:16:29.032-0800: 5.433: [Unloading, 0.0007768 secs], 0.0023876 secs]
 [Times: user=0.01 sys=0.00, real=0.00 secs] 
2021-01-18T10:16:29.035-0800: 5.435: [GC cleanup 778M->636M(2048M), 0.0020612 secs]
 [Times: user=0.01 sys=0.01, real=0.00 secs] 
2021-01-18T10:16:29.037-0800: 5.438: [GC concurrent-cleanup-start]
2021-01-18T10:16:29.037-0800: 5.438: [GC concurrent-cleanup-end, 0.0001292 secs]
2021-01-18T10:16:29.067-0800: 5.467: [GC pause (G1 Evacuation Pause) (young), 0.0098119 secs]
   [Parallel Time: 8.7 ms, GC Workers: 8]
      [GC Worker Start (ms): Min: 5467.7, Avg: 5467.8, Max: 5467.9, Diff: 0.1]
      [Ext Root Scanning (ms): Min: 0.0, Avg: 0.1, Max: 0.2, Diff: 0.1, Sum: 0.8]
      [Update RS (ms): Min: 3.5, Avg: 3.5, Max: 3.5, Diff: 0.1, Sum: 28.0]
         [Processed Buffers: Min: 41, Avg: 43.1, Max: 45, Diff: 4, Sum: 345]
      [Scan RS (ms): Min: 0.0, Avg: 0.0, Max: 0.0, Diff: 0.0, Sum: 0.1]
      [Code Root Scanning (ms): Min: 0.0, Avg: 0.0, Max: 0.0, Diff: 0.0, Sum: 0.0]
      [Object Copy (ms): Min: 4.8, Avg: 4.8, Max: 4.9, Diff: 0.1, Sum: 38.6]
      [Termination (ms): Min: 0.0, Avg: 0.1, Max: 0.1, Diff: 0.1, Sum: 0.5]
         [Termination Attempts: Min: 1, Avg: 1.0, Max: 1, Diff: 0, Sum: 8]
      [GC Worker Other (ms): Min: 0.0, Avg: 0.0, Max: 0.0, Diff: 0.0, Sum: 0.1]
      [GC Worker Total (ms): Min: 8.5, Avg: 8.5, Max: 8.6, Diff: 0.1, Sum: 68.2]
      [GC Worker End (ms): Min: 5476.3, Avg: 5476.3, Max: 5476.4, Diff: 0.1]
   [Code Root Fixup: 0.0 ms]
   [Code Root Purge: 0.0 ms]
   [Clear CT: 0.2 ms]
   [Other: 1.0 ms]
      [Choose CSet: 0.0 ms]
      [Ref Proc: 0.2 ms]
      [Ref Enq: 0.0 ms]
      [Redirty Cards: 0.2 ms]
      [Humongous Register: 0.1 ms]
      [Humongous Reclaim: 0.1 ms]
      [Free CSet: 0.1 ms]
   [Eden: 159.0M(159.0M)->0.0B(81.0M) Survivors: 2048.0K->21.0M Heap: 836.1M(2048.0M)->691.7M(2048.0M)]
 [Times: user=0.07 sys=0.00, real=0.01 secs] 
2021-01-18T10:16:29.091-0800: 5.492: [GC pause (G1 Evacuation Pause) (mixed), 0.0098983 secs]
   [Parallel Time: 8.6 ms, GC Workers: 8]
      [GC Worker Start (ms): Min: 5492.2, Avg: 5492.3, Max: 5492.4, Diff: 0.2]
      [Ext Root Scanning (ms): Min: 0.0, Avg: 0.1, Max: 0.2, Diff: 0.2, Sum: 0.9]
      [Update RS (ms): Min: 2.0, Avg: 2.1, Max: 2.1, Diff: 0.1, Sum: 16.5]
         [Processed Buffers: Min: 22, Avg: 25.2, Max: 28, Diff: 6, Sum: 202]
      [Scan RS (ms): Min: 0.0, Avg: 0.1, Max: 0.2, Diff: 0.1, Sum: 0.7]
      [Code Root Scanning (ms): Min: 0.0, Avg: 0.0, Max: 0.0, Diff: 0.0, Sum: 0.1]
      [Object Copy (ms): Min: 5.6, Avg: 5.7, Max: 6.0, Diff: 0.4, Sum: 45.3]
      [Termination (ms): Min: 0.0, Avg: 0.5, Max: 0.5, Diff: 0.5, Sum: 3.7]
         [Termination Attempts: Min: 1, Avg: 1.0, Max: 1, Diff: 0, Sum: 8]
      [GC Worker Other (ms): Min: 0.0, Avg: 0.0, Max: 0.0, Diff: 0.0, Sum: 0.1]
      [GC Worker Total (ms): Min: 8.2, Avg: 8.4, Max: 8.5, Diff: 0.3, Sum: 67.2]
      [GC Worker End (ms): Min: 5500.5, Avg: 5500.7, Max: 5500.8, Diff: 0.2]
   [Code Root Fixup: 0.0 ms]
   [Code Root Purge: 0.0 ms]
   [Clear CT: 0.2 ms]
   [Other: 1.1 ms]
      [Choose CSet: 0.1 ms]
      [Ref Proc: 0.3 ms]
      [Ref Enq: 0.0 ms]
      [Redirty Cards: 0.1 ms]
      [Humongous Register: 0.1 ms]
      [Humongous Reclaim: 0.1 ms]
      [Free CSet: 0.3 ms]
   [Eden: 81.0M(81.0M)->0.0B(314.0M) Survivors: 21.0M->13.0M Heap: 796.8M(2048.0M)->575.5M(2048.0M)]
 [Times: user=0.07 sys=0.00, real=0.01 secs] 
2021-01-18T10:16:29.150-0800: 5.551: [GC pause (G1 Evacuation Pause) (young), 0.0162147 secs]
   [Parallel Time: 15.1 ms, GC Workers: 8]
      [GC Worker Start (ms): Min: 5550.8, Avg: 5550.8, Max: 5550.9, Diff: 0.1]
      [Ext Root Scanning (ms): Min: 0.1, Avg: 0.1, Max: 0.2, Diff: 0.1, Sum: 0.7]
      [Update RS (ms): Min: 5.8, Avg: 5.8, Max: 5.8, Diff: 0.0, Sum: 46.5]
         [Processed Buffers: Min: 87, Avg: 89.2, Max: 92, Diff: 5, Sum: 714]
      [Scan RS (ms): Min: 0.0, Avg: 0.0, Max: 0.0, Diff: 0.0, Sum: 0.3]
      [Code Root Scanning (ms): Min: 0.0, Avg: 0.0, Max: 0.0, Diff: 0.0, Sum: 0.0]
      [Object Copy (ms): Min: 8.1, Avg: 8.3, Max: 8.9, Diff: 0.8, Sum: 66.1]
      [Termination (ms): Min: 0.0, Avg: 0.7, Max: 0.8, Diff: 0.8, Sum: 5.4]
         [Termination Attempts: Min: 1, Avg: 1.0, Max: 1, Diff: 0, Sum: 8]
      [GC Worker Other (ms): Min: 0.0, Avg: 0.0, Max: 0.0, Diff: 0.0, Sum: 0.1]
      [GC Worker Total (ms): Min: 14.8, Avg: 14.9, Max: 14.9, Diff: 0.1, Sum: 119.1]
      [GC Worker End (ms): Min: 5565.7, Avg: 5565.7, Max: 5565.8, Diff: 0.0]
   [Code Root Fixup: 0.0 ms]
   [Code Root Purge: 0.0 ms]
   [Clear CT: 0.2 ms]
   [Other: 1.0 ms]
      [Choose CSet: 0.0 ms]
      [Ref Proc: 0.1 ms]
      [Ref Enq: 0.0 ms]
      [Redirty Cards: 0.2 ms]
      [Humongous Register: 0.1 ms]
      [Humongous Reclaim: 0.2 ms]
      [Free CSet: 0.1 ms]
   [Eden: 314.0M(314.0M)->0.0B(280.0M) Survivors: 13.0M->41.0M Heap: 977.5M(2048.0M)->662.7M(2048.0M)]
 [Times: user=0.10 sys=0.00, real=0.01 secs] 
2021-01-18T10:16:29.213-0800: 5.614: [GC pause (G1 Evacuation Pause) (young), 0.0169211 secs]
   [Parallel Time: 15.8 ms, GC Workers: 8]
      [GC Worker Start (ms): Min: 5614.1, Avg: 5614.2, Max: 5614.2, Diff: 0.1]
      [Ext Root Scanning (ms): Min: 0.1, Avg: 0.1, Max: 0.2, Diff: 0.1, Sum: 0.8]
      [Update RS (ms): Min: 5.9, Avg: 5.9, Max: 5.9, Diff: 0.0, Sum: 47.2]
         [Processed Buffers: Min: 64, Avg: 82.6, Max: 96, Diff: 32, Sum: 661]
      [Scan RS (ms): Min: 0.0, Avg: 0.0, Max: 0.1, Diff: 0.0, Sum: 0.3]
      [Code Root Scanning (ms): Min: 0.0, Avg: 0.0, Max: 0.0, Diff: 0.0, Sum: 0.0]
      [Object Copy (ms): Min: 9.5, Avg: 9.5, Max: 9.5, Diff: 0.1, Sum: 76.0]
      [Termination (ms): Min: 0.0, Avg: 0.1, Max: 0.1, Diff: 0.1, Sum: 0.5]
         [Termination Attempts: Min: 1, Avg: 1.0, Max: 1, Diff: 0, Sum: 8]
      [GC Worker Other (ms): Min: 0.0, Avg: 0.0, Max: 0.0, Diff: 0.0, Sum: 0.1]
      [GC Worker Total (ms): Min: 15.6, Avg: 15.6, Max: 15.7, Diff: 0.1, Sum: 124.9]
      [GC Worker End (ms): Min: 5629.7, Avg: 5629.8, Max: 5629.8, Diff: 0.1]
   [Code Root Fixup: 0.0 ms]
   [Code Root Purge: 0.0 ms]
   [Clear CT: 0.2 ms]
   [Other: 0.9 ms]
      [Choose CSet: 0.0 ms]
      [Ref Proc: 0.2 ms]
      [Ref Enq: 0.0 ms]
      [Redirty Cards: 0.1 ms]
      [Humongous Register: 0.2 ms]
      [Humongous Reclaim: 0.2 ms]
      [Free CSet: 0.1 ms]
   [Eden: 280.0M(280.0M)->0.0B(362.0M) Survivors: 41.0M->41.0M Heap: 1024.2M(2048.0M)->727.9M(2048.0M)]
 [Times: user=0.12 sys=0.01, real=0.02 secs] 
2021-01-18T10:16:29.286-0800: 5.687: [GC pause (G1 Evacuation Pause) (young), 0.0192812 secs]
   [Parallel Time: 17.9 ms, GC Workers: 8]
      [GC Worker Start (ms): Min: 5687.0, Avg: 5687.0, Max: 5687.1, Diff: 0.1]
      [Ext Root Scanning (ms): Min: 0.1, Avg: 0.1, Max: 0.2, Diff: 0.1, Sum: 0.7]
      [Update RS (ms): Min: 6.3, Avg: 6.4, Max: 6.4, Diff: 0.0, Sum: 50.9]
         [Processed Buffers: Min: 87, Avg: 97.2, Max: 100, Diff: 13, Sum: 778]
      [Scan RS (ms): Min: 0.0, Avg: 0.0, Max: 0.1, Diff: 0.0, Sum: 0.3]
      [Code Root Scanning (ms): Min: 0.0, Avg: 0.0, Max: 0.0, Diff: 0.0, Sum: 0.0]
      [Object Copy (ms): Min: 11.1, Avg: 11.2, Max: 11.2, Diff: 0.1, Sum: 89.4]
      [Termination (ms): Min: 0.0, Avg: 0.1, Max: 0.1, Diff: 0.1, Sum: 0.5]
         [Termination Attempts: Min: 1, Avg: 1.4, Max: 2, Diff: 1, Sum: 11]
      [GC Worker Other (ms): Min: 0.0, Avg: 0.0, Max: 0.0, Diff: 0.0, Sum: 0.2]
      [GC Worker Total (ms): Min: 17.7, Avg: 17.8, Max: 17.8, Diff: 0.1, Sum: 142.1]
      [GC Worker End (ms): Min: 5704.8, Avg: 5704.8, Max: 5704.8, Diff: 0.1]
   [Code Root Fixup: 0.0 ms]
   [Code Root Purge: 0.0 ms]
   [Clear CT: 0.2 ms]
   [Other: 1.1 ms]
      [Choose CSet: 0.0 ms]
      [Ref Proc: 0.3 ms]
      [Ref Enq: 0.0 ms]
      [Redirty Cards: 0.2 ms]
      [Humongous Register: 0.2 ms]
      [Humongous Reclaim: 0.2 ms]
      [Free CSet: 0.2 ms]
   [Eden: 362.0M(362.0M)->0.0B(432.0M) Survivors: 41.0M->51.0M Heap: 1185.9M(2048.0M)->810.7M(2048.0M)]
 [Times: user=0.13 sys=0.00, real=0.02 secs] 
2021-01-18T10:16:29.340-0800: 5.741: [GC pause (G1 Humongous Allocation) (young) (initial-mark), 0.0144741 secs]
   [Parallel Time: 13.4 ms, GC Workers: 8]
      [GC Worker Start (ms): Min: 5741.4, Avg: 5741.4, Max: 5741.5, Diff: 0.1]
      [Ext Root Scanning (ms): Min: 0.1, Avg: 0.1, Max: 0.2, Diff: 0.1, Sum: 0.9]
      [Update RS (ms): Min: 4.4, Avg: 4.4, Max: 4.5, Diff: 0.1, Sum: 35.3]
         [Processed Buffers: Min: 53, Avg: 61.8, Max: 66, Diff: 13, Sum: 494]
      [Scan RS (ms): Min: 0.0, Avg: 0.0, Max: 0.0, Diff: 0.0, Sum: 0.2]
      [Code Root Scanning (ms): Min: 0.0, Avg: 0.0, Max: 0.0, Diff: 0.0, Sum: 0.0]
      [Object Copy (ms): Min: 8.5, Avg: 8.6, Max: 8.6, Diff: 0.1, Sum: 68.5]
      [Termination (ms): Min: 0.0, Avg: 0.1, Max: 0.2, Diff: 0.2, Sum: 0.5]
         [Termination Attempts: Min: 1, Avg: 1.0, Max: 1, Diff: 0, Sum: 8]
      [GC Worker Other (ms): Min: 0.0, Avg: 0.0, Max: 0.0, Diff: 0.0, Sum: 0.1]
      [GC Worker Total (ms): Min: 13.2, Avg: 13.2, Max: 13.2, Diff: 0.1, Sum: 105.6]
      [GC Worker End (ms): Min: 5754.6, Avg: 5754.6, Max: 5754.7, Diff: 0.1]
   [Code Root Fixup: 0.0 ms]
   [Code Root Purge: 0.0 ms]
   [Clear CT: 0.2 ms]
   [Other: 0.9 ms]
      [Choose CSet: 0.0 ms]
      [Ref Proc: 0.2 ms]
      [Ref Enq: 0.0 ms]
      [Redirty Cards: 0.1 ms]
      [Humongous Register: 0.1 ms]
      [Humongous Reclaim: 0.1 ms]
      [Free CSet: 0.1 ms]
   [Eden: 194.0M(432.0M)->0.0B(695.0M) Survivors: 51.0M->58.0M Heap: 1065.1M(2048.0M)->865.2M(2048.0M)]
 [Times: user=0.10 sys=0.00, real=0.01 secs] 
2021-01-18T10:16:29.355-0800: 5.756: [GC concurrent-root-region-scan-start]
2021-01-18T10:16:29.355-0800: 5.756: [GC concurrent-root-region-scan-end, 0.0001145 secs]
2021-01-18T10:16:29.355-0800: 5.756: [GC concurrent-mark-start]
2021-01-18T10:16:29.357-0800: 5.758: [GC concurrent-mark-end, 0.0021257 secs]
2021-01-18T10:16:29.357-0800: 5.758: [GC remark 2021-01-18T10:16:29.357-0800: 5.758: [Finalize Marking, 0.0003152 secs] 2021-01-18T10:16:29.358-0800: 5.759: [GC ref-proc, 0.0000740 secs] 2021-01-18T10:16:29.358-0800: 5.759: [Unloading, 0.0005961 secs], 0.0020632 secs]
 [Times: user=0.01 sys=0.00, real=0.00 secs] 
2021-01-18T10:16:29.360-0800: 5.760: [GC cleanup 882M->714M(2048M), 0.0015129 secs]
 [Times: user=0.00 sys=0.00, real=0.00 secs] 
2021-01-18T10:16:29.361-0800: 5.762: [GC concurrent-cleanup-start]
2021-01-18T10:16:29.361-0800: 5.762: [GC concurrent-cleanup-end, 0.0001169 secs]
2021-01-18T10:16:29.463-0800: 5.864: [GC pause (G1 Evacuation Pause) (young), 0.0325945 secs]
   [Parallel Time: 30.7 ms, GC Workers: 8]
      [GC Worker Start (ms): Min: 5864.5, Avg: 5864.5, Max: 5864.7, Diff: 0.2]
      [Ext Root Scanning (ms): Min: 0.0, Avg: 0.1, Max: 0.1, Diff: 0.1, Sum: 0.8]
      [Update RS (ms): Min: 12.6, Avg: 12.7, Max: 13.2, Diff: 0.6, Sum: 101.9]
         [Processed Buffers: Min: 115, Avg: 173.1, Max: 202, Diff: 87, Sum: 1385]
      [Scan RS (ms): Min: 0.0, Avg: 0.2, Max: 0.6, Diff: 0.6, Sum: 1.3]
      [Code Root Scanning (ms): Min: 0.0, Avg: 0.0, Max: 0.0, Diff: 0.0, Sum: 0.1]
      [Object Copy (ms): Min: 16.1, Avg: 16.6, Max: 17.6, Diff: 1.5, Sum: 132.5]
      [Termination (ms): Min: 0.0, Avg: 0.9, Max: 1.1, Diff: 1.1, Sum: 7.4]
         [Termination Attempts: Min: 1, Avg: 1.0, Max: 1, Diff: 0, Sum: 8]
      [GC Worker Other (ms): Min: 0.0, Avg: 0.0, Max: 0.0, Diff: 0.0, Sum: 0.1]
      [GC Worker Total (ms): Min: 30.4, Avg: 30.5, Max: 30.6, Diff: 0.2, Sum: 244.1]
      [GC Worker End (ms): Min: 5895.0, Avg: 5895.1, Max: 5895.1, Diff: 0.1]
   [Code Root Fixup: 0.0 ms]
   [Code Root Purge: 0.0 ms]
   [Clear CT: 0.3 ms]
   [Other: 1.6 ms]
      [Choose CSet: 0.0 ms]
      [Ref Proc: 0.2 ms]
      [Ref Enq: 0.0 ms]
      [Redirty Cards: 0.2 ms]
      [Humongous Register: 0.2 ms]
      [Humongous Reclaim: 0.3 ms]
      [Free CSet: 0.4 ms]
   [Eden: 695.0M(695.0M)->0.0B(7168.0K) Survivors: 58.0M->95.0M Heap: 1564.1M(2048.0M)->817.1M(2048.0M)]
 [Times: user=0.20 sys=0.01, real=0.03 secs] 
2021-01-18T10:16:29.498-0800: 5.898: [GC pause (G1 Evacuation Pause) (mixed), 0.0160841 secs]
   [Parallel Time: 13.1 ms, GC Workers: 8]
      [GC Worker Start (ms): Min: 5898.8, Avg: 5898.8, Max: 5898.9, Diff: 0.1]
      [Ext Root Scanning (ms): Min: 0.1, Avg: 0.2, Max: 0.6, Diff: 0.5, Sum: 1.7]
      [Update RS (ms): Min: 0.0, Avg: 0.3, Max: 0.4, Diff: 0.4, Sum: 2.2]
         [Processed Buffers: Min: 0, Avg: 3.0, Max: 4, Diff: 4, Sum: 24]
      [Scan RS (ms): Min: 0.0, Avg: 0.1, Max: 0.2, Diff: 0.2, Sum: 0.9]
      [Code Root Scanning (ms): Min: 0.0, Avg: 0.0, Max: 0.0, Diff: 0.0, Sum: 0.1]
      [Object Copy (ms): Min: 11.1, Avg: 11.2, Max: 12.2, Diff: 1.1, Sum: 89.9]
      [Termination (ms): Min: 0.0, Avg: 1.0, Max: 1.2, Diff: 1.2, Sum: 7.7]
         [Termination Attempts: Min: 1, Avg: 1.8, Max: 3, Diff: 2, Sum: 14]
      [GC Worker Other (ms): Min: 0.0, Avg: 0.0, Max: 0.0, Diff: 0.0, Sum: 0.1]
      [GC Worker Total (ms): Min: 12.7, Avg: 12.8, Max: 13.0, Diff: 0.2, Sum: 102.7]
      [GC Worker End (ms): Min: 5911.6, Avg: 5911.7, Max: 5911.8, Diff: 0.2]
   [Code Root Fixup: 0.0 ms]
   [Code Root Purge: 0.0 ms]
   [Clear CT: 0.2 ms]
   [Other: 2.7 ms]
      [Choose CSet: 0.1 ms]
      [Ref Proc: 1.5 ms]
      [Ref Enq: 0.0 ms]
      [Redirty Cards: 0.2 ms]
      [Humongous Register: 0.2 ms]
      [Humongous Reclaim: 0.1 ms]
      [Free CSet: 0.4 ms]
   [Eden: 7168.0K(7168.0K)->0.0B(98.0M) Survivors: 95.0M->4096.0K Heap: 825.8M(2048.0M)->632.7M(2048.0M)]
 [Times: user=0.08 sys=0.00, real=0.02 secs] 
2021-01-18T10:16:29.537-0800: 5.938: [GC pause (G1 Evacuation Pause) (mixed), 0.0091747 secs]
   [Parallel Time: 7.9 ms, GC Workers: 8]
      [GC Worker Start (ms): Min: 5938.1, Avg: 5938.1, Max: 5938.2, Diff: 0.1]
      [Ext Root Scanning (ms): Min: 0.1, Avg: 0.1, Max: 0.2, Diff: 0.1, Sum: 1.2]
      [Update RS (ms): Min: 3.4, Avg: 3.5, Max: 4.4, Diff: 1.1, Sum: 28.3]
         [Processed Buffers: Min: 1, Avg: 32.4, Max: 43, Diff: 42, Sum: 259]
      [Scan RS (ms): Min: 0.0, Avg: 0.0, Max: 0.1, Diff: 0.0, Sum: 0.3]
      [Code Root Scanning (ms): Min: 0.0, Avg: 0.0, Max: 0.0, Diff: 0.0, Sum: 0.0]
      [Object Copy (ms): Min: 2.3, Avg: 3.3, Max: 4.1, Diff: 1.8, Sum: 26.3]
      [Termination (ms): Min: 0.0, Avg: 0.7, Max: 0.9, Diff: 0.9, Sum: 5.6]
         [Termination Attempts: Min: 1, Avg: 1.0, Max: 1, Diff: 0, Sum: 8]
      [GC Worker Other (ms): Min: 0.0, Avg: 0.0, Max: 0.0, Diff: 0.0, Sum: 0.1]
      [GC Worker Total (ms): Min: 7.6, Avg: 7.7, Max: 7.8, Diff: 0.1, Sum: 61.8]
      [GC Worker End (ms): Min: 5945.8, Avg: 5945.8, Max: 5945.9, Diff: 0.1]
   [Code Root Fixup: 0.0 ms]
   [Code Root Purge: 0.0 ms]
   [Clear CT: 0.2 ms]
   [Other: 1.1 ms]
      [Choose CSet: 0.0 ms]
      [Ref Proc: 0.2 ms]
      [Ref Enq: 0.0 ms]
      [Redirty Cards: 0.1 ms]
      [Humongous Register: 0.3 ms]
      [Humongous Reclaim: 0.1 ms]
      [Free CSet: 0.1 ms]
   [Eden: 98.0M(98.0M)->0.0B(531.0M) Survivors: 4096.0K->13.0M Heap: 761.8M(2048.0M)->636.8M(2048.0M)]
 [Times: user=0.05 sys=0.00, real=0.01 secs] 
2021-01-18T10:16:29.631-0800: 6.032: [GC pause (G1 Evacuation Pause) (young), 0.0223491 secs]
   [Parallel Time: 21.0 ms, GC Workers: 8]
      [GC Worker Start (ms): Min: 6032.0, Avg: 6032.0, Max: 6032.1, Diff: 0.1]
      [Ext Root Scanning (ms): Min: 0.0, Avg: 0.1, Max: 0.2, Diff: 0.1, Sum: 0.7]
      [Update RS (ms): Min: 8.6, Avg: 8.6, Max: 8.7, Diff: 0.0, Sum: 69.2]
         [Processed Buffers: Min: 130, Avg: 133.8, Max: 137, Diff: 7, Sum: 1070]
      [Scan RS (ms): Min: 0.1, Avg: 0.1, Max: 0.1, Diff: 0.0, Sum: 0.5]
      [Code Root Scanning (ms): Min: 0.0, Avg: 0.0, Max: 0.0, Diff: 0.0, Sum: 0.1]
      [Object Copy (ms): Min: 11.9, Avg: 12.0, Max: 12.0, Diff: 0.1, Sum: 95.9]
      [Termination (ms): Min: 0.0, Avg: 0.1, Max: 0.1, Diff: 0.1, Sum: 0.5]
         [Termination Attempts: Min: 1, Avg: 1.2, Max: 2, Diff: 1, Sum: 10]
      [GC Worker Other (ms): Min: 0.0, Avg: 0.0, Max: 0.0, Diff: 0.0, Sum: 0.2]
      [GC Worker Total (ms): Min: 20.8, Avg: 20.9, Max: 20.9, Diff: 0.1, Sum: 167.0]
      [GC Worker End (ms): Min: 6052.9, Avg: 6052.9, Max: 6052.9, Diff: 0.1]
   [Code Root Fixup: 0.0 ms]
   [Code Root Purge: 0.0 ms]
   [Clear CT: 0.2 ms]
   [Other: 1.2 ms]
      [Choose CSet: 0.0 ms]
      [Ref Proc: 0.2 ms]
      [Ref Enq: 0.0 ms]
      [Redirty Cards: 0.2 ms]
      [Humongous Register: 0.2 ms]
      [Humongous Reclaim: 0.3 ms]
      [Free CSet: 0.2 ms]
   [Eden: 531.0M(531.0M)->0.0B(518.0M) Survivors: 13.0M->68.0M Heap: 1300.4M(2048.0M)->751.2M(2048.0M)]
 [Times: user=0.16 sys=0.01, real=0.02 secs] 
2021-01-18T10:16:29.715-0800: 6.116: [GC pause (G1 Humongous Allocation) (young) (initial-mark), 0.0241449 secs]
   [Parallel Time: 22.6 ms, GC Workers: 8]
      [GC Worker Start (ms): Min: 6116.5, Avg: 6116.5, Max: 6116.6, Diff: 0.1]
      [Ext Root Scanning (ms): Min: 0.0, Avg: 0.1, Max: 0.2, Diff: 0.1, Sum: 0.7]
      [Update RS (ms): Min: 7.5, Avg: 7.6, Max: 7.6, Diff: 0.1, Sum: 60.4]
         [Processed Buffers: Min: 84, Avg: 113.0, Max: 130, Diff: 46, Sum: 904]
      [Scan RS (ms): Min: 0.0, Avg: 0.0, Max: 0.1, Diff: 0.0, Sum: 0.3]
      [Code Root Scanning (ms): Min: 0.0, Avg: 0.0, Max: 0.0, Diff: 0.0, Sum: 0.0]
      [Object Copy (ms): Min: 13.7, Avg: 13.9, Max: 14.5, Diff: 0.9, Sum: 111.1]
      [Termination (ms): Min: 0.0, Avg: 0.8, Max: 0.9, Diff: 0.9, Sum: 6.1]
         [Termination Attempts: Min: 1, Avg: 1.0, Max: 1, Diff: 0, Sum: 8]
      [GC Worker Other (ms): Min: 0.0, Avg: 0.0, Max: 0.0, Diff: 0.0, Sum: 0.1]
      [GC Worker Total (ms): Min: 22.3, Avg: 22.4, Max: 22.5, Diff: 0.2, Sum: 178.9]
      [GC Worker End (ms): Min: 6138.8, Avg: 6138.9, Max: 6139.0, Diff: 0.2]
   [Code Root Fixup: 0.0 ms]
   [Code Root Purge: 0.0 ms]
   [Clear CT: 0.1 ms]
   [Other: 1.4 ms]
      [Choose CSet: 0.0 ms]
      [Ref Proc: 0.2 ms]
      [Ref Enq: 0.0 ms]
      [Redirty Cards: 0.2 ms]
      [Humongous Register: 0.1 ms]
      [Humongous Reclaim: 0.5 ms]
      [Free CSet: 0.2 ms]
   [Eden: 391.0M(518.0M)->0.0B(531.0M) Survivors: 68.0M->74.0M Heap: 1253.9M(2048.0M)->833.1M(2048.0M)]
 [Times: user=0.15 sys=0.00, real=0.03 secs] 
2021-01-18T10:16:29.740-0800: 6.141: [GC concurrent-root-region-scan-start]
2021-01-18T10:16:29.740-0800: 6.141: [GC concurrent-root-region-scan-end, 0.0002103 secs]
2021-01-18T10:16:29.740-0800: 6.141: [GC concurrent-mark-start]
2021-01-18T10:16:29.742-0800: 6.143: [GC concurrent-mark-end, 0.0023633 secs]
2021-01-18T10:16:29.742-0800: 6.143: [GC remark 2021-01-18T10:16:29.743-0800: 6.143: [Finalize Marking, 0.0002932 secs] 2021-01-18T10:16:29.743-0800: 6.144: [GC ref-proc, 0.0000662 secs] 2021-01-18T10:16:29.743-0800: 6.144: [Unloading, 0.0006743 secs], 0.0021138 secs]
 [Times: user=0.01 sys=0.00, real=0.00 secs] 
2021-01-18T10:16:29.745-0800: 6.146: [GC cleanup 850M->670M(2048M), 0.0015455 secs]
 [Times: user=0.01 sys=0.00, real=0.00 secs] 
2021-01-18T10:16:29.746-0800: 6.147: [GC concurrent-cleanup-start]
2021-01-18T10:16:29.746-0800: 6.147: [GC concurrent-cleanup-end, 0.0001278 secs]
2021-01-18T10:16:29.819-0800: 6.220: [GC pause (G1 Evacuation Pause) (young), 0.0266339 secs]
   [Parallel Time: 25.1 ms, GC Workers: 8]
      [GC Worker Start (ms): Min: 6220.3, Avg: 6220.4, Max: 6220.4, Diff: 0.1]
      [Ext Root Scanning (ms): Min: 0.0, Avg: 0.1, Max: 0.1, Diff: 0.1, Sum: 0.7]
      [Update RS (ms): Min: 8.9, Avg: 8.9, Max: 9.0, Diff: 0.0, Sum: 71.5]
         [Processed Buffers: Min: 107, Avg: 136.5, Max: 149, Diff: 42, Sum: 1092]
      [Scan RS (ms): Min: 0.1, Avg: 0.1, Max: 0.1, Diff: 0.0, Sum: 0.5]
      [Code Root Scanning (ms): Min: 0.0, Avg: 0.0, Max: 0.0, Diff: 0.0, Sum: 0.1]
      [Object Copy (ms): Min: 15.8, Avg: 15.8, Max: 15.8, Diff: 0.1, Sum: 126.4]
      [Termination (ms): Min: 0.0, Avg: 0.0, Max: 0.1, Diff: 0.1, Sum: 0.3]
         [Termination Attempts: Min: 1, Avg: 1.0, Max: 1, Diff: 0, Sum: 8]
      [GC Worker Other (ms): Min: 0.0, Avg: 0.0, Max: 0.0, Diff: 0.0, Sum: 0.2]
      [GC Worker Total (ms): Min: 24.9, Avg: 25.0, Max: 25.0, Diff: 0.1, Sum: 199.8]
      [GC Worker End (ms): Min: 6245.3, Avg: 6245.3, Max: 6245.4, Diff: 0.0]
   [Code Root Fixup: 0.0 ms]
   [Code Root Purge: 0.0 ms]
   [Clear CT: 0.2 ms]
   [Other: 1.3 ms]
      [Choose CSet: 0.0 ms]
      [Ref Proc: 0.2 ms]
      [Ref Enq: 0.0 ms]
      [Redirty Cards: 0.2 ms]
      [Humongous Register: 0.2 ms]
      [Humongous Reclaim: 0.3 ms]
      [Free CSet: 0.3 ms]
   [Eden: 531.0M(531.0M)->0.0B(26.0M) Survivors: 74.0M->76.0M Heap: 1319.4M(2048.0M)->750.9M(2048.0M)]
 [Times: user=0.19 sys=0.01, real=0.03 secs] 
2021-01-18T10:16:29.852-0800: 6.253: [GC pause (G1 Evacuation Pause) (mixed), 0.0123942 secs]
   [Parallel Time: 10.8 ms, GC Workers: 8]
      [GC Worker Start (ms): Min: 6253.1, Avg: 6253.2, Max: 6253.2, Diff: 0.1]
      [Ext Root Scanning (ms): Min: 0.1, Avg: 0.1, Max: 0.2, Diff: 0.1, Sum: 1.2]
      [Update RS (ms): Min: 0.9, Avg: 0.9, Max: 1.0, Diff: 0.1, Sum: 7.5]
         [Processed Buffers: Min: 8, Avg: 8.9, Max: 9, Diff: 1, Sum: 71]
      [Scan RS (ms): Min: 0.1, Avg: 0.1, Max: 0.2, Diff: 0.1, Sum: 1.1]
      [Code Root Scanning (ms): Min: 0.0, Avg: 0.0, Max: 0.0, Diff: 0.0, Sum: 0.1]
      [Object Copy (ms): Min: 9.2, Avg: 9.3, Max: 9.3, Diff: 0.1, Sum: 74.1]
      [Termination (ms): Min: 0.0, Avg: 0.1, Max: 0.1, Diff: 0.1, Sum: 0.6]
         [Termination Attempts: Min: 1, Avg: 1.0, Max: 1, Diff: 0, Sum: 8]
      [GC Worker Other (ms): Min: 0.0, Avg: 0.0, Max: 0.0, Diff: 0.0, Sum: 0.2]
      [GC Worker Total (ms): Min: 10.5, Avg: 10.6, Max: 10.7, Diff: 0.2, Sum: 84.8]
      [GC Worker End (ms): Min: 6263.8, Avg: 6263.8, Max: 6263.8, Diff: 0.1]
   [Code Root Fixup: 0.0 ms]
   [Code Root Purge: 0.0 ms]
   [Clear CT: 0.2 ms]
   [Other: 1.4 ms]
      [Choose CSet: 0.1 ms]
      [Ref Proc: 0.3 ms]
      [Ref Enq: 0.0 ms]
      [Redirty Cards: 0.3 ms]
      [Humongous Register: 0.1 ms]
      [Humongous Reclaim: 0.1 ms]
      [Free CSet: 0.3 ms]
   [Eden: 26.0M(26.0M)->0.0B(944.0M) Survivors: 76.0M->8192.0K Heap: 784.6M(2048.0M)->566.8M(2048.0M)]
 [Times: user=0.08 sys=0.00, real=0.01 secs] 
2021-01-18T10:16:29.979-0800: 6.380: [GC pause (G1 Humongous Allocation) (young) (initial-mark), 0.0309956 secs]
   [Parallel Time: 29.2 ms, GC Workers: 8]
      [GC Worker Start (ms): Min: 6380.4, Avg: 6380.4, Max: 6380.5, Diff: 0.1]
      [Ext Root Scanning (ms): Min: 0.1, Avg: 0.1, Max: 0.2, Diff: 0.1, Sum: 0.8]
      [Update RS (ms): Min: 13.1, Avg: 13.1, Max: 13.1, Diff: 0.0, Sum: 104.8]
         [Processed Buffers: Min: 170, Avg: 196.1, Max: 204, Diff: 34, Sum: 1569]
      [Scan RS (ms): Min: 0.1, Avg: 0.1, Max: 0.1, Diff: 0.0, Sum: 0.7]
      [Code Root Scanning (ms): Min: 0.0, Avg: 0.0, Max: 0.0, Diff: 0.0, Sum: 0.1]
      [Object Copy (ms): Min: 15.6, Avg: 15.6, Max: 15.7, Diff: 0.1, Sum: 125.1]
      [Termination (ms): Min: 0.0, Avg: 0.1, Max: 0.2, Diff: 0.2, Sum: 0.7]
         [Termination Attempts: Min: 1, Avg: 1.0, Max: 1, Diff: 0, Sum: 8]
      [GC Worker Other (ms): Min: 0.0, Avg: 0.0, Max: 0.0, Diff: 0.0, Sum: 0.1]
      [GC Worker Total (ms): Min: 29.0, Avg: 29.0, Max: 29.1, Diff: 0.1, Sum: 232.4]
      [GC Worker End (ms): Min: 6409.4, Avg: 6409.5, Max: 6409.5, Diff: 0.1]
   [Code Root Fixup: 0.0 ms]
   [Code Root Purge: 0.0 ms]
   [Clear CT: 0.3 ms]
   [Other: 1.4 ms]
      [Choose CSet: 0.0 ms]
      [Ref Proc: 0.2 ms]
      [Ref Enq: 0.0 ms]
      [Redirty Cards: 0.2 ms]
      [Humongous Register: 0.1 ms]
      [Humongous Reclaim: 0.3 ms]
      [Free CSet: 0.3 ms]
   [Eden: 758.0M(944.0M)->0.0B(813.0M) Survivors: 8192.0K->119.0M Heap: 1519.7M(2048.0M)->737.7M(2048.0M)]
 [Times: user=0.21 sys=0.00, real=0.04 secs] 
2021-01-18T10:16:30.010-0800: 6.411: [GC concurrent-root-region-scan-start]
2021-01-18T10:16:30.011-0800: 6.411: [GC concurrent-root-region-scan-end, 0.0001764 secs]
2021-01-18T10:16:30.011-0800: 6.411: [GC concurrent-mark-start]
2021-01-18T10:16:30.012-0800: 6.413: [GC concurrent-mark-end, 0.0018194 secs]
2021-01-18T10:16:30.013-0800: 6.413: [GC remark 2021-01-18T10:16:30.013-0800: 6.413: [Finalize Marking, 0.0003176 secs] 2021-01-18T10:16:30.013-0800: 6.414: [GC ref-proc, 0.0000706 secs] 2021-01-18T10:16:30.013-0800: 6.414: [Unloading, 0.0006325 secs], 0.0020745 secs]
 [Times: user=0.01 sys=0.00, real=0.00 secs] 
2021-01-18T10:16:30.015-0800: 6.416: [GC cleanup 749M->636M(2048M), 0.0017624 secs]
 [Times: user=0.00 sys=0.00, real=0.00 secs] 
2021-01-18T10:16:30.017-0800: 6.418: [GC concurrent-cleanup-start]
2021-01-18T10:16:30.017-0800: 6.418: [GC concurrent-cleanup-end, 0.0000899 secs]
2021-01-18T10:16:30.136-0800: 6.537: [GC pause (G1 Evacuation Pause) (young) (to-space exhausted), 0.0356290 secs]
   [Parallel Time: 33.5 ms, GC Workers: 8]
      [GC Worker Start (ms): Min: 6536.8, Avg: 6536.8, Max: 6536.9, Diff: 0.1]
      [Ext Root Scanning (ms): Min: 0.1, Avg: 0.1, Max: 0.2, Diff: 0.1, Sum: 0.8]
      [Update RS (ms): Min: 14.4, Avg: 14.5, Max: 14.5, Diff: 0.0, Sum: 115.6]
         [Processed Buffers: Min: 214, Avg: 222.2, Max: 225, Diff: 11, Sum: 1778]
      [Scan RS (ms): Min: 0.1, Avg: 0.1, Max: 0.1, Diff: 0.0, Sum: 0.9]
      [Code Root Scanning (ms): Min: 0.0, Avg: 0.0, Max: 0.0, Diff: 0.0, Sum: 0.1]
      [Object Copy (ms): Min: 18.6, Avg: 18.6, Max: 18.7, Diff: 0.0, Sum: 149.1]
      [Termination (ms): Min: 0.0, Avg: 0.0, Max: 0.1, Diff: 0.1, Sum: 0.3]
         [Termination Attempts: Min: 1, Avg: 1.0, Max: 1, Diff: 0, Sum: 8]
      [GC Worker Other (ms): Min: 0.0, Avg: 0.0, Max: 0.1, Diff: 0.1, Sum: 0.3]
      [GC Worker Total (ms): Min: 33.4, Avg: 33.4, Max: 33.4, Diff: 0.1, Sum: 267.2]
      [GC Worker End (ms): Min: 6570.2, Avg: 6570.2, Max: 6570.2, Diff: 0.1]
   [Code Root Fixup: 0.0 ms]
   [Code Root Purge: 0.0 ms]
   [Clear CT: 0.4 ms]
   [Other: 1.7 ms]
      [Evacuation Failure: 0.4 ms]
      [Choose CSet: 0.0 ms]
      [Ref Proc: 0.3 ms]
      [Ref Enq: 0.0 ms]
      [Redirty Cards: 0.1 ms]
      [Humongous Register: 0.2 ms]
      [Humongous Reclaim: 0.4 ms]
      [Free CSet: 0.3 ms]
   [Eden: 813.0M(813.0M)->0.0B(7168.0K) Survivors: 119.0M->117.0M Heap: 1658.6M(2048.0M)->799.7M(2048.0M)]
 [Times: user=0.25 sys=0.00, real=0.04 secs] 
2021-01-18T10:16:30.173-0800: 6.574: [GC pause (G1 Evacuation Pause) (mixed), 0.0146156 secs]
   [Parallel Time: 13.1 ms, GC Workers: 8]
      [GC Worker Start (ms): Min: 6574.4, Avg: 6574.5, Max: 6574.5, Diff: 0.2]
      [Ext Root Scanning (ms): Min: 0.1, Avg: 0.2, Max: 0.3, Diff: 0.2, Sum: 1.6]
      [Update RS (ms): Min: 0.2, Avg: 0.3, Max: 0.3, Diff: 0.1, Sum: 2.3]
         [Processed Buffers: Min: 2, Avg: 3.6, Max: 6, Diff: 4, Sum: 29]
      [Scan RS (ms): Min: 0.1, Avg: 0.1, Max: 0.1, Diff: 0.1, Sum: 0.8]
      [Code Root Scanning (ms): Min: 0.0, Avg: 0.0, Max: 0.0, Diff: 0.0, Sum: 0.0]
      [Object Copy (ms): Min: 12.2, Avg: 12.2, Max: 12.3, Diff: 0.0, Sum: 98.0]
      [Termination (ms): Min: 0.0, Avg: 0.0, Max: 0.1, Diff: 0.0, Sum: 0.3]
         [Termination Attempts: Min: 1, Avg: 1.0, Max: 1, Diff: 0, Sum: 8]
      [GC Worker Other (ms): Min: 0.0, Avg: 0.0, Max: 0.0, Diff: 0.0, Sum: 0.2]
      [GC Worker Total (ms): Min: 12.8, Avg: 12.9, Max: 13.0, Diff: 0.1, Sum: 103.2]
      [GC Worker End (ms): Min: 6587.4, Avg: 6587.4, Max: 6587.4, Diff: 0.0]
   [Code Root Fixup: 0.0 ms]
   [Code Root Purge: 0.0 ms]
   [Clear CT: 0.2 ms]
   [Other: 1.3 ms]
      [Choose CSet: 0.1 ms]
      [Ref Proc: 0.2 ms]
      [Ref Enq: 0.0 ms]
      [Redirty Cards: 0.3 ms]
      [Humongous Register: 0.2 ms]
      [Humongous Reclaim: 0.1 ms]
      [Free CSet: 0.3 ms]
   [Eden: 7168.0K(7168.0K)->0.0B(887.0M) Survivors: 117.0M->2048.0K Heap: 808.1M(2048.0M)->649.1M(2048.0M)]
 [Times: user=0.10 sys=0.00, real=0.01 secs] 
2021-01-18T10:16:30.271-0800: 6.672: [GC pause (G1 Humongous Allocation) (young) (initial-mark), 0.0213595 secs]
   [Parallel Time: 19.9 ms, GC Workers: 8]
      [GC Worker Start (ms): Min: 6671.9, Avg: 6672.0, Max: 6672.0, Diff: 0.2]
      [Ext Root Scanning (ms): Min: 0.0, Avg: 0.1, Max: 0.2, Diff: 0.2, Sum: 0.6]
      [Update RS (ms): Min: 8.6, Avg: 8.6, Max: 8.7, Diff: 0.1, Sum: 69.0]
         [Processed Buffers: Min: 118, Avg: 131.9, Max: 138, Diff: 20, Sum: 1055]
      [Scan RS (ms): Min: 0.0, Avg: 0.0, Max: 0.1, Diff: 0.0, Sum: 0.4]
      [Code Root Scanning (ms): Min: 0.0, Avg: 0.0, Max: 0.0, Diff: 0.0, Sum: 0.1]
      [Object Copy (ms): Min: 10.8, Avg: 10.8, Max: 10.9, Diff: 0.1, Sum: 86.4]
      [Termination (ms): Min: 0.0, Avg: 0.1, Max: 0.2, Diff: 0.2, Sum: 0.7]
         [Termination Attempts: Min: 1, Avg: 1.1, Max: 2, Diff: 1, Sum: 9]
      [GC Worker Other (ms): Min: 0.0, Avg: 0.0, Max: 0.0, Diff: 0.0, Sum: 0.1]
      [GC Worker Total (ms): Min: 19.6, Avg: 19.7, Max: 19.8, Diff: 0.2, Sum: 157.3]
      [GC Worker End (ms): Min: 6691.6, Avg: 6691.6, Max: 6691.7, Diff: 0.1]
   [Code Root Fixup: 0.0 ms]
   [Code Root Purge: 0.0 ms]
   [Clear CT: 0.2 ms]
   [Other: 1.3 ms]
      [Choose CSet: 0.0 ms]
      [Ref Proc: 0.2 ms]
      [Ref Enq: 0.0 ms]
      [Redirty Cards: 0.2 ms]
      [Humongous Register: 0.2 ms]
      [Humongous Reclaim: 0.2 ms]
      [Free CSet: 0.2 ms]
   [Eden: 494.0M(887.0M)->0.0B(773.0M) Survivors: 2048.0K->112.0M Heap: 1273.2M(2048.0M)->770.3M(2048.0M)]
 [Times: user=0.15 sys=0.01, real=0.02 secs] 
2021-01-18T10:16:30.292-0800: 6.693: [GC concurrent-root-region-scan-start]
2021-01-18T10:16:30.292-0800: 6.693: [GC concurrent-root-region-scan-end, 0.0001747 secs]
2021-01-18T10:16:30.292-0800: 6.693: [GC concurrent-mark-start]
2021-01-18T10:16:30.294-0800: 6.695: [GC concurrent-mark-end, 0.0016359 secs]
2021-01-18T10:16:30.294-0800: 6.695: [GC remark 2021-01-18T10:16:30.294-0800: 6.695: [Finalize Marking, 0.0003553 secs] 2021-01-18T10:16:30.295-0800: 6.695: [GC ref-proc, 0.0000589 secs] 2021-01-18T10:16:30.295-0800: 6.695: [Unloading, 0.0005653 secs], 0.0018865 secs]
 [Times: user=0.01 sys=0.00, real=0.00 secs] 
2021-01-18T10:16:30.296-0800: 6.697: [GC cleanup 779M->631M(2048M), 0.0016630 secs]
 [Times: user=0.00 sys=0.00, real=0.00 secs] 
2021-01-18T10:16:30.298-0800: 6.699: [GC concurrent-cleanup-start]
2021-01-18T10:16:30.298-0800: 6.699: [GC concurrent-cleanup-end, 0.0001013 secs]
2021-01-18T10:16:30.410-0800: 6.811: [GC pause (G1 Evacuation Pause) (young), 0.0348273 secs]
   [Parallel Time: 33.0 ms, GC Workers: 8]
      [GC Worker Start (ms): Min: 6810.9, Avg: 6811.0, Max: 6811.0, Diff: 0.1]
      [Ext Root Scanning (ms): Min: 0.0, Avg: 0.1, Max: 0.2, Diff: 0.2, Sum: 0.6]
      [Update RS (ms): Min: 13.3, Avg: 13.3, Max: 13.4, Diff: 0.1, Sum: 106.7]
         [Processed Buffers: Min: 161, Avg: 199.8, Max: 213, Diff: 52, Sum: 1598]
      [Scan RS (ms): Min: 0.1, Avg: 0.1, Max: 0.1, Diff: 0.0, Sum: 0.8]
      [Code Root Scanning (ms): Min: 0.0, Avg: 0.0, Max: 0.0, Diff: 0.0, Sum: 0.1]
      [Object Copy (ms): Min: 18.9, Avg: 19.0, Max: 19.1, Diff: 0.1, Sum: 151.8]
      [Termination (ms): Min: 0.0, Avg: 0.2, Max: 0.3, Diff: 0.3, Sum: 1.2]
         [Termination Attempts: Min: 1, Avg: 1.0, Max: 1, Diff: 0, Sum: 8]
      [GC Worker Other (ms): Min: 0.0, Avg: 0.0, Max: 0.0, Diff: 0.0, Sum: 0.2]
      [GC Worker Total (ms): Min: 32.6, Avg: 32.7, Max: 32.9, Diff: 0.3, Sum: 261.5]
      [GC Worker End (ms): Min: 6843.6, Avg: 6843.7, Max: 6843.8, Diff: 0.1]
   [Code Root Fixup: 0.0 ms]
   [Code Root Purge: 0.0 ms]
   [Clear CT: 0.4 ms]
   [Other: 1.4 ms]
      [Choose CSet: 0.0 ms]
      [Ref Proc: 0.2 ms]
      [Ref Enq: 0.0 ms]
      [Redirty Cards: 0.2 ms]
      [Humongous Register: 0.2 ms]
      [Humongous Reclaim: 0.4 ms]
      [Free CSet: 0.3 ms]
   [Eden: 773.0M(773.0M)->0.0B(7168.0K) Survivors: 112.0M->111.0M Heap: 1593.8M(2048.0M)->711.5M(2048.0M)]
 [Times: user=0.23 sys=0.00, real=0.03 secs] 
2021-01-18T10:16:30.447-0800: 6.847: [GC pause (G1 Evacuation Pause) (mixed), 0.0152795 secs]
   [Parallel Time: 13.7 ms, GC Workers: 8]
      [GC Worker Start (ms): Min: 6847.6, Avg: 6847.7, Max: 6847.8, Diff: 0.2]
      [Ext Root Scanning (ms): Min: 0.1, Avg: 0.1, Max: 0.3, Diff: 0.2, Sum: 1.1]
      [Update RS (ms): Min: 0.3, Avg: 0.4, Max: 0.7, Diff: 0.4, Sum: 3.3]
         [Processed Buffers: Min: 2, Avg: 3.2, Max: 4, Diff: 2, Sum: 26]
      [Scan RS (ms): Min: 0.0, Avg: 0.1, Max: 0.2, Diff: 0.2, Sum: 1.0]
      [Code Root Scanning (ms): Min: 0.0, Avg: 0.0, Max: 0.0, Diff: 0.0, Sum: 0.1]
      [Object Copy (ms): Min: 11.4, Avg: 11.8, Max: 12.8, Diff: 1.4, Sum: 94.2]
      [Termination (ms): Min: 0.0, Avg: 1.0, Max: 1.2, Diff: 1.2, Sum: 8.1]
         [Termination Attempts: Min: 1, Avg: 1.0, Max: 1, Diff: 0, Sum: 8]
      [GC Worker Other (ms): Min: 0.0, Avg: 0.0, Max: 0.0, Diff: 0.0, Sum: 0.2]
      [GC Worker Total (ms): Min: 13.4, Avg: 13.5, Max: 13.6, Diff: 0.2, Sum: 107.8]
      [GC Worker End (ms): Min: 6861.2, Avg: 6861.2, Max: 6861.2, Diff: 0.0]
   [Code Root Fixup: 0.0 ms]
   [Code Root Purge: 0.0 ms]
   [Clear CT: 0.2 ms]
   [Other: 1.3 ms]
      [Choose CSet: 0.1 ms]
      [Ref Proc: 0.3 ms]
      [Ref Enq: 0.0 ms]
      [Redirty Cards: 0.3 ms]
      [Humongous Register: 0.2 ms]
      [Humongous Reclaim: 0.1 ms]
      [Free CSet: 0.3 ms]
   [Eden: 7168.0K(7168.0K)->0.0B(197.0M) Survivors: 111.0M->3072.0K Heap: 720.6M(2048.0M)->573.1M(2048.0M)]
 [Times: user=0.09 sys=0.00, real=0.02 secs] 
2021-01-18T10:16:30.502-0800: 6.903: [GC pause (G1 Evacuation Pause) (young), 0.0099036 secs]
   [Parallel Time: 8.9 ms, GC Workers: 8]
      [GC Worker Start (ms): Min: 6903.2, Avg: 6903.3, Max: 6903.3, Diff: 0.1]
      [Ext Root Scanning (ms): Min: 0.1, Avg: 0.1, Max: 0.2, Diff: 0.1, Sum: 0.9]
      [Update RS (ms): Min: 3.4, Avg: 3.4, Max: 3.5, Diff: 0.2, Sum: 27.2]
         [Processed Buffers: Min: 37, Avg: 43.8, Max: 46, Diff: 9, Sum: 350]
      [Scan RS (ms): Min: 0.0, Avg: 0.0, Max: 0.0, Diff: 0.0, Sum: 0.2]
      [Code Root Scanning (ms): Min: 0.0, Avg: 0.0, Max: 0.0, Diff: 0.0, Sum: 0.0]
      [Object Copy (ms): Min: 4.9, Avg: 5.0, Max: 5.1, Diff: 0.2, Sum: 40.0]
      [Termination (ms): Min: 0.0, Avg: 0.2, Max: 0.3, Diff: 0.2, Sum: 1.4]
         [Termination Attempts: Min: 1, Avg: 1.0, Max: 1, Diff: 0, Sum: 8]
      [GC Worker Other (ms): Min: 0.0, Avg: 0.0, Max: 0.0, Diff: 0.0, Sum: 0.1]
      [GC Worker Total (ms): Min: 8.7, Avg: 8.7, Max: 8.8, Diff: 0.1, Sum: 69.7]
      [GC Worker End (ms): Min: 6912.0, Avg: 6912.0, Max: 6912.1, Diff: 0.1]
   [Code Root Fixup: 0.0 ms]
   [Code Root Purge: 0.0 ms]
   [Clear CT: 0.2 ms]
   [Other: 0.9 ms]
      [Choose CSet: 0.0 ms]
      [Ref Proc: 0.2 ms]
      [Ref Enq: 0.0 ms]
      [Redirty Cards: 0.1 ms]
      [Humongous Register: 0.1 ms]
      [Humongous Reclaim: 0.1 ms]
      [Free CSet: 0.1 ms]
   [Eden: 197.0M(197.0M)->0.0B(214.0M) Survivors: 3072.0K->25.0M Heap: 812.7M(2048.0M)->623.3M(2048.0M)]
 [Times: user=0.06 sys=0.01, real=0.01 secs] 
2021-01-18T10:16:30.547-0800: 6.947: [GC pause (G1 Evacuation Pause) (young), 0.0137264 secs]
   [Parallel Time: 12.7 ms, GC Workers: 8]
      [GC Worker Start (ms): Min: 6947.5, Avg: 6947.6, Max: 6947.7, Diff: 0.1]
      [Ext Root Scanning (ms): Min: 0.0, Avg: 0.1, Max: 0.2, Diff: 0.1, Sum: 0.6]
      [Update RS (ms): Min: 4.1, Avg: 4.1, Max: 4.2, Diff: 0.1, Sum: 33.1]
         [Processed Buffers: Min: 61, Avg: 63.5, Max: 66, Diff: 5, Sum: 508]
      [Scan RS (ms): Min: 0.0, Avg: 0.0, Max: 0.0, Diff: 0.0, Sum: 0.2]
      [Code Root Scanning (ms): Min: 0.0, Avg: 0.0, Max: 0.0, Diff: 0.0, Sum: 0.0]
      [Object Copy (ms): Min: 7.3, Avg: 7.5, Max: 8.1, Diff: 0.7, Sum: 59.9]
      [Termination (ms): Min: 0.0, Avg: 0.7, Max: 0.9, Diff: 0.9, Sum: 5.7]
         [Termination Attempts: Min: 1, Avg: 1.0, Max: 1, Diff: 0, Sum: 8]
      [GC Worker Other (ms): Min: 0.0, Avg: 0.0, Max: 0.0, Diff: 0.0, Sum: 0.1]
      [GC Worker Total (ms): Min: 12.3, Avg: 12.5, Max: 12.6, Diff: 0.3, Sum: 99.7]
      [GC Worker End (ms): Min: 6959.9, Avg: 6960.1, Max: 6960.2, Diff: 0.2]
   [Code Root Fixup: 0.0 ms]
   [Code Root Purge: 0.0 ms]
   [Clear CT: 0.2 ms]
   [Other: 0.8 ms]
      [Choose CSet: 0.0 ms]
      [Ref Proc: 0.2 ms]
      [Ref Enq: 0.0 ms]
      [Redirty Cards: 0.1 ms]
      [Humongous Register: 0.1 ms]
      [Humongous Reclaim: 0.1 ms]
      [Free CSet: 0.1 ms]
   [Eden: 214.0M(214.0M)->0.0B(291.0M) Survivors: 25.0M->30.0M Heap: 899.6M(2048.0M)->686.3M(2048.0M)]
 [Times: user=0.09 sys=0.00, real=0.02 secs] 
2021-01-18T10:16:30.606-0800: 7.006: [GC pause (G1 Evacuation Pause) (young), 0.0169025 secs]
   [Parallel Time: 15.8 ms, GC Workers: 8]
      [GC Worker Start (ms): Min: 7006.6, Avg: 7006.6, Max: 7006.7, Diff: 0.1]
      [Ext Root Scanning (ms): Min: 0.0, Avg: 0.1, Max: 0.2, Diff: 0.1, Sum: 0.7]
      [Update RS (ms): Min: 6.1, Avg: 6.1, Max: 6.2, Diff: 0.1, Sum: 48.8]
         [Processed Buffers: Min: 50, Avg: 87.8, Max: 111, Diff: 61, Sum: 702]
      [Scan RS (ms): Min: 0.0, Avg: 0.0, Max: 0.1, Diff: 0.0, Sum: 0.2]
      [Code Root Scanning (ms): Min: 0.0, Avg: 0.0, Max: 0.0, Diff: 0.0, Sum: 0.0]
      [Object Copy (ms): Min: 9.2, Avg: 9.2, Max: 9.3, Diff: 0.1, Sum: 74.0]
      [Termination (ms): Min: 0.0, Avg: 0.1, Max: 0.2, Diff: 0.2, Sum: 0.6]
         [Termination Attempts: Min: 1, Avg: 1.6, Max: 2, Diff: 1, Sum: 13]
      [GC Worker Other (ms): Min: 0.0, Avg: 0.0, Max: 0.0, Diff: 0.0, Sum: 0.1]
      [GC Worker Total (ms): Min: 15.5, Avg: 15.6, Max: 15.7, Diff: 0.2, Sum: 124.4]
      [GC Worker End (ms): Min: 7022.2, Avg: 7022.2, Max: 7022.3, Diff: 0.1]
   [Code Root Fixup: 0.0 ms]
   [Code Root Purge: 0.0 ms]
   [Clear CT: 0.2 ms]
   [Other: 0.9 ms]
      [Choose CSet: 0.0 ms]
      [Ref Proc: 0.2 ms]
      [Ref Enq: 0.0 ms]
      [Redirty Cards: 0.1 ms]
      [Humongous Register: 0.1 ms]
      [Humongous Reclaim: 0.2 ms]
      [Free CSet: 0.1 ms]
   [Eden: 291.0M(291.0M)->0.0B(345.0M) Survivors: 30.0M->41.0M Heap: 1063.8M(2048.0M)->760.7M(2048.0M)]
 [Times: user=0.11 sys=0.00, real=0.02 secs] 
2021-01-18T10:16:30.671-0800: 7.072: [GC pause (G1 Humongous Allocation) (young) (initial-mark), 0.0177396 secs]
   [Parallel Time: 16.6 ms, GC Workers: 8]
      [GC Worker Start (ms): Min: 7072.2, Avg: 7072.2, Max: 7072.3, Diff: 0.1]
      [Ext Root Scanning (ms): Min: 0.1, Avg: 0.1, Max: 0.2, Diff: 0.1, Sum: 0.9]
      [Update RS (ms): Min: 5.7, Avg: 5.7, Max: 5.7, Diff: 0.0, Sum: 45.5]
         [Processed Buffers: Min: 85, Avg: 88.5, Max: 90, Diff: 5, Sum: 708]
      [Scan RS (ms): Min: 0.0, Avg: 0.0, Max: 0.1, Diff: 0.0, Sum: 0.3]
      [Code Root Scanning (ms): Min: 0.0, Avg: 0.0, Max: 0.0, Diff: 0.0, Sum: 0.0]
      [Object Copy (ms): Min: 10.5, Avg: 10.6, Max: 10.6, Diff: 0.1, Sum: 84.6]
      [Termination (ms): Min: 0.0, Avg: 0.0, Max: 0.1, Diff: 0.1, Sum: 0.4]
         [Termination Attempts: Min: 1, Avg: 1.0, Max: 1, Diff: 0, Sum: 8]
      [GC Worker Other (ms): Min: 0.0, Avg: 0.0, Max: 0.0, Diff: 0.0, Sum: 0.1]
      [GC Worker Total (ms): Min: 16.4, Avg: 16.5, Max: 16.5, Diff: 0.1, Sum: 131.8]
      [GC Worker End (ms): Min: 7088.7, Avg: 7088.7, Max: 7088.7, Diff: 0.0]
   [Code Root Fixup: 0.0 ms]
   [Code Root Purge: 0.0 ms]
   [Clear CT: 0.1 ms]
   [Other: 1.0 ms]
      [Choose CSet: 0.0 ms]
      [Ref Proc: 0.2 ms]
      [Ref Enq: 0.0 ms]
      [Redirty Cards: 0.1 ms]
      [Humongous Register: 0.1 ms]
      [Humongous Reclaim: 0.2 ms]
      [Free CSet: 0.1 ms]
   [Eden: 315.0M(345.0M)->0.0B(390.0M) Survivors: 41.0M->49.0M Heap: 1162.4M(2048.0M)->833.6M(2048.0M)]
 [Times: user=0.13 sys=0.00, real=0.01 secs] 
2021-01-18T10:16:30.689-0800: 7.090: [GC concurrent-root-region-scan-start]
2021-01-18T10:16:30.689-0800: 7.090: [GC concurrent-root-region-scan-end, 0.0001324 secs]
2021-01-18T10:16:30.689-0800: 7.090: [GC concurrent-mark-start]
2021-01-18T10:16:30.691-0800: 7.092: [GC concurrent-mark-end, 0.0019825 secs]
2021-01-18T10:16:30.691-0800: 7.092: [GC remark 2021-01-18T10:16:30.691-0800: 7.092: [Finalize Marking, 0.0003355 secs] 2021-01-18T10:16:30.692-0800: 7.093: [GC ref-proc, 0.0000762 secs] 2021-01-18T10:16:30.692-0800: 7.093: [Unloading, 0.0004947 secs], 0.0020107 secs]
 [Times: user=0.01 sys=0.00, real=0.00 secs] 
2021-01-18T10:16:30.694-0800: 7.094: [GC cleanup 854M->688M(2048M), 0.0015775 secs]
 [Times: user=0.01 sys=0.01, real=0.00 secs] 
2021-01-18T10:16:30.695-0800: 7.096: [GC concurrent-cleanup-start]
2021-01-18T10:16:30.695-0800: 7.096: [GC concurrent-cleanup-end, 0.0001187 secs]
2021-01-18T10:16:30.752-0800: 7.153: [GC pause (G1 Evacuation Pause) (young), 0.0204807 secs]
   [Parallel Time: 19.1 ms, GC Workers: 8]
      [GC Worker Start (ms): Min: 7153.2, Avg: 7153.3, Max: 7153.3, Diff: 0.1]
      [Ext Root Scanning (ms): Min: 0.0, Avg: 0.1, Max: 0.2, Diff: 0.1, Sum: 0.7]
      [Update RS (ms): Min: 6.8, Avg: 6.8, Max: 6.8, Diff: 0.0, Sum: 54.4]
         [Processed Buffers: Min: 104, Avg: 105.6, Max: 107, Diff: 3, Sum: 845]
      [Scan RS (ms): Min: 0.0, Avg: 0.0, Max: 0.1, Diff: 0.0, Sum: 0.4]
      [Code Root Scanning (ms): Min: 0.0, Avg: 0.0, Max: 0.0, Diff: 0.0, Sum: 0.1]
      [Object Copy (ms): Min: 12.0, Avg: 12.1, Max: 12.1, Diff: 0.0, Sum: 96.5]
      [Termination (ms): Min: 0.0, Avg: 0.0, Max: 0.0, Diff: 0.0, Sum: 0.2]
         [Termination Attempts: Min: 1, Avg: 1.0, Max: 1, Diff: 0, Sum: 8]
      [GC Worker Other (ms): Min: 0.0, Avg: 0.0, Max: 0.0, Diff: 0.0, Sum: 0.1]
      [GC Worker Total (ms): Min: 19.0, Avg: 19.0, Max: 19.1, Diff: 0.1, Sum: 152.3]
      [GC Worker End (ms): Min: 7172.3, Avg: 7172.3, Max: 7172.3, Diff: 0.0]
   [Code Root Fixup: 0.0 ms]
   [Code Root Purge: 0.0 ms]
   [Clear CT: 0.2 ms]
   [Other: 1.1 ms]
      [Choose CSet: 0.0 ms]
      [Ref Proc: 0.2 ms]
      [Ref Enq: 0.0 ms]
      [Redirty Cards: 0.2 ms]
      [Humongous Register: 0.1 ms]
      [Humongous Reclaim: 0.3 ms]
      [Free CSet: 0.2 ms]
   [Eden: 390.0M(390.0M)->0.0B(47.0M) Survivors: 49.0M->55.0M Heap: 1161.9M(2048.0M)->758.3M(2048.0M)]
 [Times: user=0.15 sys=0.00, real=0.02 secs] 
2021-01-18T10:16:30.782-0800: 7.183: [GC pause (G1 Evacuation Pause) (mixed), 0.0107455 secs]
   [Parallel Time: 9.3 ms, GC Workers: 8]
      [GC Worker Start (ms): Min: 7183.4, Avg: 7183.4, Max: 7183.5, Diff: 0.1]
      [Ext Root Scanning (ms): Min: 0.1, Avg: 0.1, Max: 0.2, Diff: 0.1, Sum: 0.9]
      [Update RS (ms): Min: 1.1, Avg: 1.2, Max: 1.2, Diff: 0.1, Sum: 9.3]
         [Processed Buffers: Min: 12, Avg: 12.6, Max: 13, Diff: 1, Sum: 101]
      [Scan RS (ms): Min: 0.0, Avg: 0.2, Max: 1.4, Diff: 1.3, Sum: 2.0]
      [Code Root Scanning (ms): Min: 0.0, Avg: 0.0, Max: 0.0, Diff: 0.0, Sum: 0.0]
      [Object Copy (ms): Min: 6.4, Avg: 7.5, Max: 7.7, Diff: 1.3, Sum: 59.9]
      [Termination (ms): Min: 0.0, Avg: 0.0, Max: 0.1, Diff: 0.1, Sum: 0.3]
         [Termination Attempts: Min: 1, Avg: 1.2, Max: 3, Diff: 2, Sum: 10]
      [GC Worker Other (ms): Min: 0.0, Avg: 0.0, Max: 0.1, Diff: 0.0, Sum: 0.2]
      [GC Worker Total (ms): Min: 9.0, Avg: 9.1, Max: 9.2, Diff: 0.1, Sum: 72.7]
      [GC Worker End (ms): Min: 7192.5, Avg: 7192.5, Max: 7192.6, Diff: 0.1]
   [Code Root Fixup: 0.0 ms]
   [Code Root Purge: 0.0 ms]
   [Clear CT: 0.3 ms]
   [Other: 1.2 ms]
      [Choose CSet: 0.1 ms]
      [Ref Proc: 0.2 ms]
      [Ref Enq: 0.0 ms]
      [Redirty Cards: 0.2 ms]
      [Humongous Register: 0.1 ms]
      [Humongous Reclaim: 0.1 ms]
      [Free CSet: 0.3 ms]
   [Eden: 47.0M(47.0M)->0.0B(89.0M) Survivors: 55.0M->13.0M Heap: 816.7M(2048.0M)->582.8M(2048.0M)]
 [Times: user=0.07 sys=0.00, real=0.01 secs] 
2021-01-18T10:16:30.810-0800: 7.210: [GC pause (G1 Evacuation Pause) (mixed), 0.0088795 secs]
   [Parallel Time: 7.6 ms, GC Workers: 8]
      [GC Worker Start (ms): Min: 7210.7, Avg: 7210.8, Max: 7210.8, Diff: 0.1]
      [Ext Root Scanning (ms): Min: 0.1, Avg: 0.1, Max: 0.2, Diff: 0.1, Sum: 1.0]
      [Update RS (ms): Min: 2.5, Avg: 2.5, Max: 2.6, Diff: 0.1, Sum: 20.4]
         [Processed Buffers: Min: 28, Avg: 29.5, Max: 30, Diff: 2, Sum: 236]
      [Scan RS (ms): Min: 0.0, Avg: 0.0, Max: 0.2, Diff: 0.2, Sum: 0.4]
      [Code Root Scanning (ms): Min: 0.0, Avg: 0.0, Max: 0.1, Diff: 0.1, Sum: 0.1]
      [Object Copy (ms): Min: 3.6, Avg: 3.8, Max: 4.5, Diff: 0.9, Sum: 30.6]
      [Termination (ms): Min: 0.0, Avg: 0.7, Max: 0.9, Diff: 0.9, Sum: 5.9]
         [Termination Attempts: Min: 1, Avg: 1.0, Max: 1, Diff: 0, Sum: 8]
      [GC Worker Other (ms): Min: 0.0, Avg: 0.0, Max: 0.0, Diff: 0.0, Sum: 0.2]
      [GC Worker Total (ms): Min: 7.2, Avg: 7.3, Max: 7.4, Diff: 0.2, Sum: 58.6]
      [GC Worker End (ms): Min: 7218.0, Avg: 7218.1, Max: 7218.1, Diff: 0.1]
   [Code Root Fixup: 0.0 ms]
   [Code Root Purge: 0.0 ms]
   [Clear CT: 0.2 ms]
   [Other: 1.1 ms]
      [Choose CSet: 0.0 ms]
      [Ref Proc: 0.4 ms]
      [Ref Enq: 0.0 ms]
      [Redirty Cards: 0.2 ms]
      [Humongous Register: 0.1 ms]
      [Humongous Reclaim: 0.1 ms]
      [Free CSet: 0.1 ms]
   [Eden: 89.0M(89.0M)->0.0B(887.0M) Survivors: 13.0M->13.0M Heap: 700.1M(2048.0M)->598.1M(2048.0M)]
 [Times: user=0.06 sys=0.00, real=0.00 secs] 
2021-01-18T10:16:30.916-0800: 7.316: [GC pause (G1 Humongous Allocation) (young) (initial-mark), 0.0277770 secs]
   [Parallel Time: 26.1 ms, GC Workers: 8]
      [GC Worker Start (ms): Min: 7316.5, Avg: 7316.6, Max: 7316.6, Diff: 0.1]
      [Ext Root Scanning (ms): Min: 0.1, Avg: 0.1, Max: 0.2, Diff: 0.1, Sum: 0.8]
      [Update RS (ms): Min: 11.5, Avg: 11.6, Max: 11.6, Diff: 0.0, Sum: 92.5]
         [Processed Buffers: Min: 151, Avg: 175.0, Max: 189, Diff: 38, Sum: 1400]
      [Scan RS (ms): Min: 0.1, Avg: 0.1, Max: 0.1, Diff: 0.0, Sum: 0.6]
      [Code Root Scanning (ms): Min: 0.0, Avg: 0.0, Max: 0.0, Diff: 0.0, Sum: 0.1]
      [Object Copy (ms): Min: 14.0, Avg: 14.0, Max: 14.1, Diff: 0.1, Sum: 112.2]
      [Termination (ms): Min: 0.0, Avg: 0.1, Max: 0.2, Diff: 0.2, Sum: 0.9]
         [Termination Attempts: Min: 1, Avg: 1.4, Max: 2, Diff: 1, Sum: 11]
      [GC Worker Other (ms): Min: 0.0, Avg: 0.0, Max: 0.0, Diff: 0.0, Sum: 0.1]
      [GC Worker Total (ms): Min: 25.9, Avg: 25.9, Max: 26.0, Diff: 0.1, Sum: 207.2]
      [GC Worker End (ms): Min: 7342.4, Avg: 7342.5, Max: 7342.5, Diff: 0.1]
   [Code Root Fixup: 0.0 ms]
   [Code Root Purge: 0.0 ms]
   [Clear CT: 0.3 ms]
   [Other: 1.5 ms]
      [Choose CSet: 0.0 ms]
      [Ref Proc: 0.4 ms]
      [Ref Enq: 0.0 ms]
      [Redirty Cards: 0.2 ms]
      [Humongous Register: 0.1 ms]
      [Humongous Reclaim: 0.3 ms]
      [Free CSet: 0.3 ms]
   [Eden: 668.0M(887.0M)->0.0B(812.0M) Survivors: 13.0M->113.0M Heap: 1439.8M(2048.0M)->746.0M(2048.0M)]
 [Times: user=0.20 sys=0.01, real=0.03 secs] 
2021-01-18T10:16:30.943-0800: 7.344: [GC concurrent-root-region-scan-start]
2021-01-18T10:16:30.944-0800: 7.344: [GC concurrent-root-region-scan-end, 0.0002003 secs]
2021-01-18T10:16:30.944-0800: 7.344: [GC concurrent-mark-start]
2021-01-18T10:16:30.945-0800: 7.346: [GC concurrent-mark-end, 0.0017758 secs]
2021-01-18T10:16:30.946-0800: 7.346: [GC remark 2021-01-18T10:16:30.946-0800: 7.346: [Finalize Marking, 0.0002802 secs] 2021-01-18T10:16:30.946-0800: 7.347: [GC ref-proc, 0.0000676 secs] 2021-01-18T10:16:30.946-0800: 7.347: [Unloading, 0.0006489 secs], 0.0021921 secs]
 [Times: user=0.01 sys=0.00, real=0.00 secs] 
2021-01-18T10:16:30.948-0800: 7.349: [GC cleanup 757M->645M(2048M), 0.0016584 secs]
 [Times: user=0.01 sys=0.00, real=0.01 secs] 
2021-01-18T10:16:30.950-0800: 7.350: [GC concurrent-cleanup-start]
2021-01-18T10:16:30.950-0800: 7.351: [GC concurrent-cleanup-end, 0.0000799 secs]
2021-01-18T10:16:31.064-0800: 7.465: [GC pause (G1 Evacuation Pause) (young), 0.0337577 secs]
   [Parallel Time: 31.7 ms, GC Workers: 8]
      [GC Worker Start (ms): Min: 7465.1, Avg: 7465.2, Max: 7465.2, Diff: 0.1]
      [Ext Root Scanning (ms): Min: 0.1, Avg: 0.1, Max: 0.2, Diff: 0.1, Sum: 0.7]
      [Update RS (ms): Min: 12.0, Avg: 12.0, Max: 12.0, Diff: 0.0, Sum: 96.0]
         [Processed Buffers: Min: 181, Avg: 184.5, Max: 190, Diff: 9, Sum: 1476]
      [Scan RS (ms): Min: 0.1, Avg: 0.1, Max: 0.1, Diff: 0.0, Sum: 0.9]
      [Code Root Scanning (ms): Min: 0.0, Avg: 0.0, Max: 0.0, Diff: 0.0, Sum: 0.1]
      [Object Copy (ms): Min: 19.2, Avg: 19.2, Max: 19.3, Diff: 0.1, Sum: 153.9]
      [Termination (ms): Min: 0.0, Avg: 0.1, Max: 0.2, Diff: 0.2, Sum: 0.8]
         [Termination Attempts: Min: 1, Avg: 1.0, Max: 1, Diff: 0, Sum: 8]
      [GC Worker Other (ms): Min: 0.0, Avg: 0.0, Max: 0.0, Diff: 0.0, Sum: 0.2]
      [GC Worker Total (ms): Min: 31.5, Avg: 31.6, Max: 31.6, Diff: 0.1, Sum: 252.5]
      [GC Worker End (ms): Min: 7496.7, Avg: 7496.8, Max: 7496.8, Diff: 0.1]
   [Code Root Fixup: 0.0 ms]
   [Code Root Purge: 0.0 ms]
   [Clear CT: 0.4 ms]
   [Other: 1.7 ms]
      [Choose CSet: 0.0 ms]
      [Ref Proc: 0.4 ms]
      [Ref Enq: 0.0 ms]
      [Redirty Cards: 0.2 ms]
      [Humongous Register: 0.2 ms]
      [Humongous Reclaim: 0.4 ms]
      [Free CSet: 0.3 ms]
   [Eden: 812.0M(812.0M)->0.0B(7168.0K) Survivors: 113.0M->116.0M Heap: 1629.2M(2048.0M)->712.3M(2048.0M)]
 [Times: user=0.24 sys=0.00, real=0.03 secs] 
2021-01-18T10:16:31.100-0800: 7.500: [GC pause (G1 Evacuation Pause) (mixed), 0.0152445 secs]
   [Parallel Time: 13.4 ms, GC Workers: 8]
      [GC Worker Start (ms): Min: 7500.7, Avg: 7500.8, Max: 7500.9, Diff: 0.2]
      [Ext Root Scanning (ms): Min: 0.1, Avg: 0.2, Max: 0.7, Diff: 0.6, Sum: 1.8]
      [Update RS (ms): Min: 0.0, Avg: 0.3, Max: 0.3, Diff: 0.3, Sum: 2.0]
         [Processed Buffers: Min: 0, Avg: 2.5, Max: 3, Diff: 3, Sum: 20]
      [Scan RS (ms): Min: 0.0, Avg: 0.1, Max: 0.2, Diff: 0.1, Sum: 0.9]
      [Code Root Scanning (ms): Min: 0.0, Avg: 0.0, Max: 0.0, Diff: 0.0, Sum: 0.0]
      [Object Copy (ms): Min: 12.6, Avg: 12.6, Max: 12.7, Diff: 0.1, Sum: 100.9]
      [Termination (ms): Min: 0.0, Avg: 0.0, Max: 0.1, Diff: 0.1, Sum: 0.3]
         [Termination Attempts: Min: 1, Avg: 1.4, Max: 2, Diff: 1, Sum: 11]
      [GC Worker Other (ms): Min: 0.0, Avg: 0.0, Max: 0.0, Diff: 0.0, Sum: 0.1]
      [GC Worker Total (ms): Min: 13.2, Avg: 13.3, Max: 13.4, Diff: 0.2, Sum: 106.2]
      [GC Worker End (ms): Min: 7514.1, Avg: 7514.1, Max: 7514.1, Diff: 0.0]
   [Code Root Fixup: 0.0 ms]
   [Code Root Purge: 0.0 ms]
   [Clear CT: 0.3 ms]
   [Other: 1.5 ms]
      [Choose CSet: 0.1 ms]
      [Ref Proc: 0.6 ms]
      [Ref Enq: 0.0 ms]
      [Redirty Cards: 0.2 ms]
      [Humongous Register: 0.1 ms]
      [Humongous Reclaim: 0.1 ms]
      [Free CSet: 0.3 ms]
   [Eden: 7168.0K(7168.0K)->0.0B(614.0M) Survivors: 116.0M->2048.0K Heap: 720.6M(2048.0M)->555.8M(2048.0M)]
 [Times: user=0.11 sys=0.00, real=0.01 secs] 
2021-01-18T10:16:31.217-0800: 7.618: [GC pause (G1 Evacuation Pause) (young), 0.0262093 secs]
   [Parallel Time: 24.9 ms, GC Workers: 8]
      [GC Worker Start (ms): Min: 7617.9, Avg: 7617.9, Max: 7618.0, Diff: 0.1]
      [Ext Root Scanning (ms): Min: 0.1, Avg: 0.1, Max: 0.2, Diff: 0.1, Sum: 0.7]
      [Update RS (ms): Min: 11.0, Avg: 11.1, Max: 11.1, Diff: 0.1, Sum: 88.4]
         [Processed Buffers: Min: 164, Avg: 169.2, Max: 172, Diff: 8, Sum: 1354]
      [Scan RS (ms): Min: 0.0, Avg: 0.1, Max: 0.1, Diff: 0.0, Sum: 0.5]
      [Code Root Scanning (ms): Min: 0.0, Avg: 0.0, Max: 0.0, Diff: 0.0, Sum: 0.1]
      [Object Copy (ms): Min: 13.3, Avg: 13.4, Max: 13.4, Diff: 0.1, Sum: 106.9]
      [Termination (ms): Min: 0.0, Avg: 0.1, Max: 0.2, Diff: 0.2, Sum: 0.6]
         [Termination Attempts: Min: 1, Avg: 1.8, Max: 2, Diff: 1, Sum: 14]
      [GC Worker Other (ms): Min: 0.0, Avg: 0.0, Max: 0.1, Diff: 0.0, Sum: 0.2]
      [GC Worker Total (ms): Min: 24.6, Avg: 24.7, Max: 24.8, Diff: 0.1, Sum: 197.5]
      [GC Worker End (ms): Min: 7642.6, Avg: 7642.6, Max: 7642.6, Diff: 0.1]
   [Code Root Fixup: 0.0 ms]
   [Code Root Purge: 0.0 ms]
   [Clear CT: 0.2 ms]
   [Other: 1.1 ms]
      [Choose CSet: 0.0 ms]
      [Ref Proc: 0.2 ms]
      [Ref Enq: 0.0 ms]
      [Redirty Cards: 0.1 ms]
      [Humongous Register: 0.2 ms]
      [Humongous Reclaim: 0.3 ms]
      [Free CSet: 0.2 ms]
   [Eden: 614.0M(614.0M)->0.0B(592.0M) Survivors: 2048.0K->77.0M Heap: 1337.8M(2048.0M)->707.5M(2048.0M)]
 [Times: user=0.19 sys=0.01, real=0.03 secs] 
2021-01-18T10:16:31.328-0800: 7.729: [GC pause (G1 Humongous Allocation) (young) (initial-mark), 0.0280622 secs]
   [Parallel Time: 26.5 ms, GC Workers: 8]
      [GC Worker Start (ms): Min: 7729.2, Avg: 7729.3, Max: 7729.3, Diff: 0.1]
      [Ext Root Scanning (ms): Min: 0.1, Avg: 0.1, Max: 0.2, Diff: 0.1, Sum: 0.8]
      [Update RS (ms): Min: 10.4, Avg: 10.4, Max: 10.6, Diff: 0.3, Sum: 83.4]
         [Processed Buffers: Min: 124, Avg: 148.6, Max: 159, Diff: 35, Sum: 1189]
      [Scan RS (ms): Min: 0.0, Avg: 0.1, Max: 0.1, Diff: 0.1, Sum: 0.5]
      [Code Root Scanning (ms): Min: 0.0, Avg: 0.0, Max: 0.0, Diff: 0.0, Sum: 0.1]
      [Object Copy (ms): Min: 15.6, Avg: 15.7, Max: 15.8, Diff: 0.2, Sum: 125.6]
      [Termination (ms): Min: 0.0, Avg: 0.0, Max: 0.1, Diff: 0.1, Sum: 0.4]
         [Termination Attempts: Min: 1, Avg: 1.0, Max: 1, Diff: 0, Sum: 8]
      [GC Worker Other (ms): Min: 0.0, Avg: 0.0, Max: 0.0, Diff: 0.0, Sum: 0.2]
      [GC Worker Total (ms): Min: 26.3, Avg: 26.4, Max: 26.5, Diff: 0.1, Sum: 211.0]
      [GC Worker End (ms): Min: 7755.6, Avg: 7755.6, Max: 7755.7, Diff: 0.0]
   [Code Root Fixup: 0.0 ms]
   [Code Root Purge: 0.0 ms]
   [Clear CT: 0.2 ms]
   [Other: 1.3 ms]
      [Choose CSet: 0.0 ms]
      [Ref Proc: 0.2 ms]
      [Ref Enq: 0.0 ms]
      [Redirty Cards: 0.2 ms]
      [Humongous Register: 0.1 ms]
      [Humongous Reclaim: 0.3 ms]
      [Free CSet: 0.3 ms]
   [Eden: 561.0M(592.0M)->0.0B(649.0M) Survivors: 77.0M->84.0M Heap: 1415.3M(2048.0M)->810.4M(2048.0M)]
 [Times: user=0.19 sys=0.00, real=0.03 secs] 
2021-01-18T10:16:31.356-0800: 7.757: [GC concurrent-root-region-scan-start]
2021-01-18T10:16:31.357-0800: 7.757: [GC concurrent-root-region-scan-end, 0.0001892 secs]
2021-01-18T10:16:31.357-0800: 7.757: [GC concurrent-mark-start]
2021-01-18T10:16:31.359-0800: 7.759: [GC concurrent-mark-end, 0.0020357 secs]
2021-01-18T10:16:31.359-0800: 7.760: [GC remark 2021-01-18T10:16:31.359-0800: 7.760: [Finalize Marking, 0.0002529 secs] 2021-01-18T10:16:31.359-0800: 7.760: [GC ref-proc, 0.0000691 secs] 2021-01-18T10:16:31.359-0800: 7.760: [Unloading, 0.0005633 secs], 0.0020552 secs]
 [Times: user=0.01 sys=0.00, real=0.01 secs] 
2021-01-18T10:16:31.361-0800: 7.762: [GC cleanup 823M->637M(2048M), 0.0018130 secs]
 [Times: user=0.01 sys=0.00, real=0.00 secs] 
2021-01-18T10:16:31.363-0800: 7.764: [GC concurrent-cleanup-start]
2021-01-18T10:16:31.363-0800: 7.764: [GC concurrent-cleanup-end, 0.0001628 secs]
2021-01-18T10:16:31.458-0800: 7.859: [GC pause (G1 Evacuation Pause) (young), 0.0311242 secs]
   [Parallel Time: 29.4 ms, GC Workers: 8]
      [GC Worker Start (ms): Min: 7859.4, Avg: 7859.5, Max: 7859.5, Diff: 0.1]
      [Ext Root Scanning (ms): Min: 0.1, Avg: 0.1, Max: 0.2, Diff: 0.1, Sum: 0.7]
      [Update RS (ms): Min: 11.2, Avg: 11.2, Max: 11.3, Diff: 0.0, Sum: 90.0]
         [Processed Buffers: Min: 162, Avg: 172.6, Max: 177, Diff: 15, Sum: 1381]
      [Scan RS (ms): Min: 0.1, Avg: 0.1, Max: 0.1, Diff: 0.0, Sum: 0.7]
      [Code Root Scanning (ms): Min: 0.0, Avg: 0.0, Max: 0.0, Diff: 0.0, Sum: 0.1]
      [Object Copy (ms): Min: 16.8, Avg: 17.1, Max: 17.8, Diff: 1.0, Sum: 136.9]
      [Termination (ms): Min: 0.0, Avg: 0.8, Max: 1.0, Diff: 1.0, Sum: 6.0]
         [Termination Attempts: Min: 1, Avg: 1.5, Max: 2, Diff: 1, Sum: 12]
      [GC Worker Other (ms): Min: 0.0, Avg: 0.0, Max: 0.0, Diff: 0.0, Sum: 0.2]
      [GC Worker Total (ms): Min: 29.3, Avg: 29.3, Max: 29.4, Diff: 0.1, Sum: 234.6]
      [GC Worker End (ms): Min: 7888.8, Avg: 7888.8, Max: 7888.8, Diff: 0.1]
   [Code Root Fixup: 0.0 ms]
   [Code Root Purge: 0.0 ms]
   [Clear CT: 0.3 ms]
   [Other: 1.4 ms]
      [Choose CSet: 0.0 ms]
      [Ref Proc: 0.2 ms]
      [Ref Enq: 0.0 ms]
      [Redirty Cards: 0.2 ms]
      [Humongous Register: 0.2 ms]
      [Humongous Reclaim: 0.3 ms]
      [Free CSet: 0.3 ms]
   [Eden: 649.0M(649.0M)->0.0B(10.0M) Survivors: 84.0M->92.0M Heap: 1444.9M(2048.0M)->726.2M(2048.0M)]
 [Times: user=0.22 sys=0.01, real=0.04 secs] 
2021-01-18T10:16:31.492-0800: 7.893: [GC pause (G1 Evacuation Pause) (mixed), 0.0129317 secs]
   [Parallel Time: 11.1 ms, GC Workers: 8]
      [GC Worker Start (ms): Min: 7893.4, Avg: 7893.6, Max: 7894.5, Diff: 1.1]
      [Ext Root Scanning (ms): Min: 0.0, Avg: 0.2, Max: 0.5, Diff: 0.5, Sum: 1.6]
      [Update RS (ms): Min: 0.0, Avg: 0.5, Max: 0.7, Diff: 0.7, Sum: 4.4]
         [Processed Buffers: Min: 0, Avg: 4.8, Max: 7, Diff: 7, Sum: 38]
      [Scan RS (ms): Min: 0.0, Avg: 0.1, Max: 0.2, Diff: 0.2, Sum: 1.1]
      [Code Root Scanning (ms): Min: 0.0, Avg: 0.0, Max: 0.0, Diff: 0.0, Sum: 0.1]
      [Object Copy (ms): Min: 9.9, Avg: 9.9, Max: 9.9, Diff: 0.1, Sum: 79.3]
      [Termination (ms): Min: 0.0, Avg: 0.0, Max: 0.0, Diff: 0.0, Sum: 0.2]
         [Termination Attempts: Min: 1, Avg: 1.0, Max: 1, Diff: 0, Sum: 8]
      [GC Worker Other (ms): Min: 0.0, Avg: 0.0, Max: 0.0, Diff: 0.0, Sum: 0.1]
      [GC Worker Total (ms): Min: 9.9, Avg: 10.8, Max: 11.0, Diff: 1.1, Sum: 86.7]
      [GC Worker End (ms): Min: 7904.4, Avg: 7904.4, Max: 7904.4, Diff: 0.0]
   [Code Root Fixup: 0.0 ms]
   [Code Root Purge: 0.0 ms]
   [Clear CT: 0.2 ms]
   [Other: 1.6 ms]
      [Choose CSet: 0.1 ms]
      [Ref Proc: 0.5 ms]
      [Ref Enq: 0.0 ms]
      [Redirty Cards: 0.2 ms]
      [Humongous Register: 0.2 ms]
      [Humongous Reclaim: 0.1 ms]
      [Free CSet: 0.3 ms]
   [Eden: 10.0M(10.0M)->0.0B(943.0M) Survivors: 92.0M->3072.0K Heap: 739.7M(2048.0M)->573.0M(2048.0M)]
 [Times: user=0.08 sys=0.00, real=0.01 secs] 
2021-01-18T10:16:31.616-0800: 8.017: [GC pause (G1 Humongous Allocation) (young) (initial-mark), 0.0292473 secs]
   [Parallel Time: 27.6 ms, GC Workers: 8]
      [GC Worker Start (ms): Min: 8017.1, Avg: 8017.2, Max: 8017.2, Diff: 0.1]
      [Ext Root Scanning (ms): Min: 0.1, Avg: 0.1, Max: 0.2, Diff: 0.1, Sum: 0.8]
      [Update RS (ms): Min: 12.7, Avg: 12.7, Max: 12.9, Diff: 0.2, Sum: 101.9]
         [Processed Buffers: Min: 122, Avg: 186.1, Max: 205, Diff: 83, Sum: 1489]
      [Scan RS (ms): Min: 0.0, Avg: 0.1, Max: 0.1, Diff: 0.1, Sum: 0.6]
      [Code Root Scanning (ms): Min: 0.0, Avg: 0.0, Max: 0.0, Diff: 0.0, Sum: 0.1]
      [Object Copy (ms): Min: 13.6, Avg: 13.8, Max: 14.5, Diff: 1.0, Sum: 110.3]
      [Termination (ms): Min: 0.0, Avg: 0.8, Max: 0.9, Diff: 0.9, Sum: 6.0]
         [Termination Attempts: Min: 1, Avg: 1.0, Max: 1, Diff: 0, Sum: 8]
      [GC Worker Other (ms): Min: 0.0, Avg: 0.0, Max: 0.0, Diff: 0.0, Sum: 0.1]
      [GC Worker Total (ms): Min: 27.4, Avg: 27.5, Max: 27.5, Diff: 0.1, Sum: 219.8]
      [GC Worker End (ms): Min: 8044.6, Avg: 8044.7, Max: 8044.7, Diff: 0.1]
   [Code Root Fixup: 0.0 ms]
   [Code Root Purge: 0.0 ms]
   [Clear CT: 0.3 ms]
   [Other: 1.3 ms]
      [Choose CSet: 0.0 ms]
      [Ref Proc: 0.2 ms]
      [Ref Enq: 0.0 ms]
      [Redirty Cards: 0.1 ms]
      [Humongous Register: 0.1 ms]
      [Humongous Reclaim: 0.3 ms]
      [Free CSet: 0.3 ms]
   [Eden: 689.0M(943.0M)->0.0B(835.0M) Survivors: 3072.0K->119.0M Heap: 1446.0M(2048.0M)->735.6M(2048.0M)]
 [Times: user=0.20 sys=0.00, real=0.03 secs] 
2021-01-18T10:16:31.646-0800: 8.046: [GC concurrent-root-region-scan-start]
2021-01-18T10:16:31.646-0800: 8.046: [GC concurrent-root-region-scan-end, 0.0001903 secs]
2021-01-18T10:16:31.646-0800: 8.046: [GC concurrent-mark-start]
2021-01-18T10:16:31.647-0800: 8.048: [GC concurrent-mark-end, 0.0017664 secs]
2021-01-18T10:16:31.648-0800: 8.048: [GC remark 2021-01-18T10:16:31.648-0800: 8.048: [Finalize Marking, 0.0002691 secs] 2021-01-18T10:16:31.648-0800: 8.049: [GC ref-proc, 0.0000650 secs] 2021-01-18T10:16:31.648-0800: 8.049: [Unloading, 0.0005981 secs], 0.0019074 secs]
 [Times: user=0.01 sys=0.00, real=0.01 secs] 
2021-01-18T10:16:31.650-0800: 8.050: [GC cleanup 746M->630M(2048M), 0.0015365 secs]
 [Times: user=0.01 sys=0.00, real=0.00 secs] 
2021-01-18T10:16:31.651-0800: 8.052: [GC concurrent-cleanup-start]
2021-01-18T10:16:31.651-0800: 8.052: [GC concurrent-cleanup-end, 0.0000943 secs]
2021-01-18T10:16:31.777-0800: 8.177: [GC pause (G1 Evacuation Pause) (young) (to-space exhausted), 0.0349787 secs]
   [Parallel Time: 32.5 ms, GC Workers: 8]
      [GC Worker Start (ms): Min: 8177.6, Avg: 8177.7, Max: 8177.8, Diff: 0.1]
      [Ext Root Scanning (ms): Min: 0.0, Avg: 0.1, Max: 0.2, Diff: 0.1, Sum: 0.6]
      [Update RS (ms): Min: 15.1, Avg: 15.2, Max: 15.2, Diff: 0.1, Sum: 121.4]
         [Processed Buffers: Min: 211, Avg: 224.0, Max: 235, Diff: 24, Sum: 1792]
      [Scan RS (ms): Min: 0.1, Avg: 0.1, Max: 0.1, Diff: 0.1, Sum: 0.9]
      [Code Root Scanning (ms): Min: 0.0, Avg: 0.0, Max: 0.0, Diff: 0.0, Sum: 0.1]
      [Object Copy (ms): Min: 16.9, Avg: 16.9, Max: 16.9, Diff: 0.1, Sum: 135.2]
      [Termination (ms): Min: 0.0, Avg: 0.1, Max: 0.1, Diff: 0.1, Sum: 0.4]
         [Termination Attempts: Min: 1, Avg: 1.0, Max: 1, Diff: 0, Sum: 8]
      [GC Worker Other (ms): Min: 0.0, Avg: 0.0, Max: 0.1, Diff: 0.0, Sum: 0.3]
      [GC Worker Total (ms): Min: 32.3, Avg: 32.4, Max: 32.5, Diff: 0.2, Sum: 259.0]
      [GC Worker End (ms): Min: 8210.0, Avg: 8210.1, Max: 8210.1, Diff: 0.1]
   [Code Root Fixup: 0.0 ms]
   [Code Root Purge: 0.0 ms]
   [Clear CT: 0.4 ms]
   [Other: 2.1 ms]
      [Evacuation Failure: 0.5 ms]
      [Choose CSet: 0.0 ms]
      [Ref Proc: 0.3 ms]
      [Ref Enq: 0.0 ms]
      [Redirty Cards: 0.2 ms]
      [Humongous Register: 0.2 ms]
      [Humongous Reclaim: 0.4 ms]
      [Free CSet: 0.3 ms]
   [Eden: 835.0M(835.0M)->0.0B(7168.0K) Survivors: 119.0M->120.0M Heap: 1677.2M(2048.0M)->854.2M(2048.0M)]
 [Times: user=0.22 sys=0.01, real=0.04 secs] 
2021-01-18T10:16:31.813-0800: 8.214: [GC pause (G1 Evacuation Pause) (mixed), 0.0191421 secs]
   [Parallel Time: 16.0 ms, GC Workers: 8]
      [GC Worker Start (ms): Min: 8214.2, Avg: 8214.3, Max: 8214.5, Diff: 0.2]
      [Ext Root Scanning (ms): Min: 0.0, Avg: 0.2, Max: 0.4, Diff: 0.4, Sum: 1.3]
      [Update RS (ms): Min: 0.3, Avg: 0.5, Max: 0.8, Diff: 0.6, Sum: 4.3]
         [Processed Buffers: Min: 2, Avg: 4.1, Max: 6, Diff: 4, Sum: 33]
      [Scan RS (ms): Min: 0.0, Avg: 0.1, Max: 0.2, Diff: 0.2, Sum: 0.9]
      [Code Root Scanning (ms): Min: 0.0, Avg: 0.0, Max: 0.0, Diff: 0.0, Sum: 0.0]
      [Object Copy (ms): Min: 12.8, Avg: 13.2, Max: 14.5, Diff: 1.7, Sum: 105.4]
      [Termination (ms): Min: 0.0, Avg: 1.5, Max: 1.9, Diff: 1.9, Sum: 12.2]
         [Termination Attempts: Min: 1, Avg: 2.9, Max: 6, Diff: 5, Sum: 23]
      [GC Worker Other (ms): Min: 0.0, Avg: 0.0, Max: 0.0, Diff: 0.0, Sum: 0.2]
      [GC Worker Total (ms): Min: 15.4, Avg: 15.6, Max: 15.7, Diff: 0.4, Sum: 124.5]
      [GC Worker End (ms): Min: 8229.6, Avg: 8229.9, Max: 8230.1, Diff: 0.5]
   [Code Root Fixup: 0.0 ms]
   [Code Root Purge: 0.0 ms]
   [Clear CT: 0.3 ms]
   [Other: 2.9 ms]
      [Choose CSet: 0.1 ms]
      [Ref Proc: 1.9 ms]
      [Ref Enq: 0.0 ms]
      [Redirty Cards: 0.2 ms]
      [Humongous Register: 0.2 ms]
      [Humongous Reclaim: 0.1 ms]
      [Free CSet: 0.3 ms]
   [Eden: 7168.0K(7168.0K)->0.0B(861.0M) Survivors: 120.0M->3072.0K Heap: 863.2M(2048.0M)->713.4M(2048.0M)]
 [Times: user=0.10 sys=0.00, real=0.02 secs] 
2021-01-18T10:16:31.893-0800: 8.294: [GC pause (G1 Humongous Allocation) (young) (initial-mark), 0.0173175 secs]
   [Parallel Time: 14.9 ms, GC Workers: 8]
      [GC Worker Start (ms): Min: 8293.9, Avg: 8293.9, Max: 8294.0, Diff: 0.1]
      [Ext Root Scanning (ms): Min: 0.0, Avg: 0.2, Max: 1.2, Diff: 1.1, Sum: 1.9]
      [Update RS (ms): Min: 5.3, Avg: 6.3, Max: 6.4, Diff: 1.1, Sum: 50.3]
         [Processed Buffers: Min: 59, Avg: 89.9, Max: 104, Diff: 45, Sum: 719]
      [Scan RS (ms): Min: 0.0, Avg: 0.0, Max: 0.0, Diff: 0.0, Sum: 0.3]
      [Code Root Scanning (ms): Min: 0.0, Avg: 0.0, Max: 0.0, Diff: 0.0, Sum: 0.0]
      [Object Copy (ms): Min: 8.1, Avg: 8.1, Max: 8.1, Diff: 0.0, Sum: 65.1]
      [Termination (ms): Min: 0.0, Avg: 0.0, Max: 0.1, Diff: 0.1, Sum: 0.2]
         [Termination Attempts: Min: 1, Avg: 1.0, Max: 1, Diff: 0, Sum: 8]
      [GC Worker Other (ms): Min: 0.0, Avg: 0.0, Max: 0.0, Diff: 0.0, Sum: 0.2]
      [GC Worker Total (ms): Min: 14.7, Avg: 14.7, Max: 14.8, Diff: 0.1, Sum: 118.0]
      [GC Worker End (ms): Min: 8308.6, Avg: 8308.7, Max: 8308.7, Diff: 0.0]
   [Code Root Fixup: 0.0 ms]
   [Code Root Purge: 0.0 ms]
   [Clear CT: 0.2 ms]
   [Other: 2.2 ms]
      [Choose CSet: 0.0 ms]
      [Ref Proc: 0.9 ms]
      [Ref Enq: 0.0 ms]
      [Redirty Cards: 0.2 ms]
      [Humongous Register: 0.2 ms]
      [Humongous Reclaim: 0.3 ms]
      [Free CSet: 0.2 ms]
   [Eden: 322.0M(861.0M)->0.0B(765.0M) Survivors: 3072.0K->90.0M Heap: 1123.9M(2048.0M)->790.0M(2048.0M)]
 [Times: user=0.10 sys=0.01, real=0.02 secs] 
2021-01-18T10:16:31.910-0800: 8.311: [GC concurrent-root-region-scan-start]
2021-01-18T10:16:31.910-0800: 8.311: [GC concurrent-root-region-scan-end, 0.0001732 secs]
2021-01-18T10:16:31.910-0800: 8.311: [GC concurrent-mark-start]
2021-01-18T10:16:31.912-0800: 8.313: [GC concurrent-mark-end, 0.0016417 secs]
2021-01-18T10:16:31.912-0800: 8.313: [GC remark 2021-01-18T10:16:31.912-0800: 8.313: [Finalize Marking, 0.0002294 secs] 2021-01-18T10:16:31.913-0800: 8.313: [GC ref-proc, 0.0000580 secs] 2021-01-18T10:16:31.913-0800: 8.313: [Unloading, 0.0006134 secs], 0.0019462 secs]
 [Times: user=0.01 sys=0.00, real=0.00 secs] 
2021-01-18T10:16:31.914-0800: 8.315: [GC cleanup 800M->668M(2048M), 0.0016426 secs]
 [Times: user=0.00 sys=0.00, real=0.00 secs] 
2021-01-18T10:16:31.916-0800: 8.317: [GC concurrent-cleanup-start]
2021-01-18T10:16:31.916-0800: 8.317: [GC concurrent-cleanup-end, 0.0000852 secs]
2021-01-18T10:16:32.028-0800: 8.428: [GC pause (G1 Evacuation Pause) (young), 0.0365159 secs]
   [Parallel Time: 33.4 ms, GC Workers: 8]
      [GC Worker Start (ms): Min: 8428.6, Avg: 8428.7, Max: 8428.7, Diff: 0.1]
      [Ext Root Scanning (ms): Min: 0.1, Avg: 0.1, Max: 0.1, Diff: 0.1, Sum: 0.7]
      [Update RS (ms): Min: 13.6, Avg: 13.7, Max: 14.0, Diff: 0.4, Sum: 109.4]
         [Processed Buffers: Min: 159, Avg: 206.9, Max: 233, Diff: 74, Sum: 1655]
      [Scan RS (ms): Min: 0.0, Avg: 0.1, Max: 0.1, Diff: 0.1, Sum: 0.8]
      [Code Root Scanning (ms): Min: 0.0, Avg: 0.0, Max: 0.0, Diff: 0.0, Sum: 0.1]
      [Object Copy (ms): Min: 19.0, Avg: 19.2, Max: 19.3, Diff: 0.3, Sum: 153.9]
      [Termination (ms): Min: 0.0, Avg: 0.0, Max: 0.1, Diff: 0.1, Sum: 0.3]
         [Termination Attempts: Min: 1, Avg: 1.0, Max: 1, Diff: 0, Sum: 8]
      [GC Worker Other (ms): Min: 0.0, Avg: 0.0, Max: 0.1, Diff: 0.0, Sum: 0.3]
      [GC Worker Total (ms): Min: 33.1, Avg: 33.2, Max: 33.2, Diff: 0.1, Sum: 265.5]
      [GC Worker End (ms): Min: 8461.9, Avg: 8461.9, Max: 8461.9, Diff: 0.1]
   [Code Root Fixup: 0.0 ms]
   [Code Root Purge: 0.0 ms]
   [Clear CT: 0.4 ms]
   [Other: 2.8 ms]
      [Choose CSet: 0.0 ms]
      [Ref Proc: 1.5 ms]
      [Ref Enq: 0.0 ms]
      [Redirty Cards: 0.2 ms]
      [Humongous Register: 0.2 ms]
      [Humongous Reclaim: 0.4 ms]
      [Free CSet: 0.4 ms]
   [Eden: 765.0M(765.0M)->0.0B(7168.0K) Survivors: 90.0M->107.0M Heap: 1628.7M(2048.0M)->783.5M(2048.0M)]
 [Times: user=0.23 sys=0.00, real=0.04 secs] 
2021-01-18T10:16:32.066-0800: 8.467: [GC pause (G1 Evacuation Pause) (mixed), 0.0149866 secs]
   [Parallel Time: 13.1 ms, GC Workers: 8]
      [GC Worker Start (ms): Min: 8467.4, Avg: 8467.7, Max: 8468.4, Diff: 1.0]
      [Ext Root Scanning (ms): Min: 0.0, Avg: 0.1, Max: 0.3, Diff: 0.3, Sum: 0.9]
      [Update RS (ms): Min: 0.0, Avg: 0.4, Max: 0.6, Diff: 0.6, Sum: 3.5]
         [Processed Buffers: Min: 0, Avg: 3.9, Max: 6, Diff: 6, Sum: 31]
      [Scan RS (ms): Min: 0.0, Avg: 0.1, Max: 0.2, Diff: 0.2, Sum: 1.1]
      [Code Root Scanning (ms): Min: 0.0, Avg: 0.0, Max: 0.0, Diff: 0.0, Sum: 0.1]
      [Object Copy (ms): Min: 11.7, Avg: 11.7, Max: 11.9, Diff: 0.2, Sum: 93.9]
      [Termination (ms): Min: 0.0, Avg: 0.2, Max: 0.4, Diff: 0.4, Sum: 1.6]
         [Termination Attempts: Min: 1, Avg: 1.0, Max: 1, Diff: 0, Sum: 8]
      [GC Worker Other (ms): Min: 0.0, Avg: 0.0, Max: 0.0, Diff: 0.0, Sum: 0.1]
      [GC Worker Total (ms): Min: 11.8, Avg: 12.6, Max: 13.0, Diff: 1.1, Sum: 101.1]
      [GC Worker End (ms): Min: 8480.3, Avg: 8480.3, Max: 8480.4, Diff: 0.2]
   [Code Root Fixup: 0.0 ms]
   [Code Root Purge: 0.0 ms]
   [Clear CT: 0.3 ms]
   [Other: 1.6 ms]
      [Choose CSet: 0.1 ms]
      [Ref Proc: 0.5 ms]
      [Ref Enq: 0.0 ms]
      [Redirty Cards: 0.2 ms]
      [Humongous Register: 0.2 ms]
      [Humongous Reclaim: 0.1 ms]
      [Free CSet: 0.4 ms]
   [Eden: 7168.0K(7168.0K)->0.0B(712.0M) Survivors: 107.0M->2048.0K Heap: 793.2M(2048.0M)->593.4M(2048.0M)]
 [Times: user=0.07 sys=0.01, real=0.02 secs] 
2021-01-18T10:16:32.188-0800: 8.589: [GC pause (G1 Humongous Allocation) (young) (initial-mark), 0.0291360 secs]
   [Parallel Time: 27.2 ms, GC Workers: 8]
      [GC Worker Start (ms): Min: 8589.3, Avg: 8589.4, Max: 8589.4, Diff: 0.1]
      [Ext Root Scanning (ms): Min: 0.1, Avg: 0.1, Max: 0.2, Diff: 0.1, Sum: 0.8]
      [Update RS (ms): Min: 11.0, Avg: 11.0, Max: 11.1, Diff: 0.1, Sum: 88.2]
         [Processed Buffers: Min: 142, Avg: 166.0, Max: 181, Diff: 39, Sum: 1328]
      [Scan RS (ms): Min: 0.0, Avg: 0.1, Max: 0.1, Diff: 0.1, Sum: 0.6]
      [Code Root Scanning (ms): Min: 0.0, Avg: 0.0, Max: 0.0, Diff: 0.0, Sum: 0.1]
      [Object Copy (ms): Min: 14.2, Avg: 14.5, Max: 15.6, Diff: 1.3, Sum: 115.7]
      [Termination (ms): Min: 0.0, Avg: 1.3, Max: 1.5, Diff: 1.5, Sum: 10.1]
         [Termination Attempts: Min: 1, Avg: 2.0, Max: 3, Diff: 2, Sum: 16]
      [GC Worker Other (ms): Min: 0.0, Avg: 0.0, Max: 0.0, Diff: 0.0, Sum: 0.1]
      [GC Worker Total (ms): Min: 26.7, Avg: 26.9, Max: 27.1, Diff: 0.4, Sum: 215.5]
      [GC Worker End (ms): Min: 8616.1, Avg: 8616.3, Max: 8616.4, Diff: 0.3]
   [Code Root Fixup: 0.0 ms]
   [Code Root Purge: 0.0 ms]
   [Clear CT: 0.3 ms]
   [Other: 1.6 ms]
      [Choose CSet: 0.0 ms]
      [Ref Proc: 0.3 ms]
      [Ref Enq: 0.0 ms]
      [Redirty Cards: 0.3 ms]
      [Humongous Register: 0.1 ms]
      [Humongous Reclaim: 0.3 ms]
      [Free CSet: 0.3 ms]
   [Eden: 671.0M(712.0M)->0.0B(735.0M) Survivors: 2048.0K->90.0M Heap: 1429.2M(2048.0M)->738.6M(2048.0M)]
 [Times: user=0.19 sys=0.00, real=0.03 secs] 
2021-01-18T10:16:32.218-0800: 8.618: [GC concurrent-root-region-scan-start]
2021-01-18T10:16:32.218-0800: 8.618: [GC concurrent-root-region-scan-end, 0.0001533 secs]
2021-01-18T10:16:32.218-0800: 8.618: [GC concurrent-mark-start]
2021-01-18T10:16:32.220-0800: 8.620: [GC concurrent-mark-end, 0.0019385 secs]
2021-01-18T10:16:32.220-0800: 8.621: [GC remark 2021-01-18T10:16:32.220-0800: 8.621: [Finalize Marking, 0.0003182 secs] 2021-01-18T10:16:32.220-0800: 8.621: [GC ref-proc, 0.0000650 secs] 2021-01-18T10:16:32.220-0800: 8.621: [Unloading, 0.0006067 secs], 0.0020652 secs]
 [Times: user=0.01 sys=0.00, real=0.00 secs] 
2021-01-18T10:16:32.222-0800: 8.623: [GC cleanup 755M->618M(2048M), 0.0016425 secs]
 [Times: user=0.01 sys=0.00, real=0.00 secs] 
2021-01-18T10:16:32.224-0800: 8.625: [GC concurrent-cleanup-start]
2021-01-18T10:16:32.224-0800: 8.625: [GC concurrent-cleanup-end, 0.0001067 secs]
2021-01-18T10:16:32.334-0800: 8.735: [GC pause (G1 Evacuation Pause) (young), 0.0357502 secs]
   [Parallel Time: 32.7 ms, GC Workers: 8]
      [GC Worker Start (ms): Min: 8735.1, Avg: 8735.3, Max: 8735.3, Diff: 0.2]
      [Ext Root Scanning (ms): Min: 0.0, Avg: 0.1, Max: 0.2, Diff: 0.2, Sum: 0.7]
      [Update RS (ms): Min: 12.9, Avg: 12.9, Max: 12.9, Diff: 0.1, Sum: 103.2]
         [Processed Buffers: Min: 176, Avg: 192.6, Max: 204, Diff: 28, Sum: 1541]
      [Scan RS (ms): Min: 0.1, Avg: 0.1, Max: 0.1, Diff: 0.1, Sum: 0.8]
      [Code Root Scanning (ms): Min: 0.0, Avg: 0.0, Max: 0.0, Diff: 0.0, Sum: 0.1]
      [Object Copy (ms): Min: 18.4, Avg: 18.5, Max: 19.0, Diff: 0.6, Sum: 148.4]
      [Termination (ms): Min: 0.0, Avg: 0.6, Max: 0.9, Diff: 0.9, Sum: 4.8]
         [Termination Attempts: Min: 1, Avg: 1.0, Max: 1, Diff: 0, Sum: 8]
      [GC Worker Other (ms): Min: 0.0, Avg: 0.0, Max: 0.0, Diff: 0.0, Sum: 0.2]
      [GC Worker Total (ms): Min: 32.1, Avg: 32.3, Max: 32.4, Diff: 0.4, Sum: 258.2]
      [GC Worker End (ms): Min: 8767.3, Avg: 8767.5, Max: 8767.7, Diff: 0.4]
   [Code Root Fixup: 0.0 ms]
   [Code Root Purge: 0.0 ms]
   [Clear CT: 0.4 ms]
   [Other: 2.7 ms]
      [Choose CSet: 0.0 ms]
      [Ref Proc: 1.5 ms]
      [Ref Enq: 0.0 ms]
      [Redirty Cards: 0.1 ms]
      [Humongous Register: 0.2 ms]
      [Humongous Reclaim: 0.3 ms]
      [Free CSet: 0.3 ms]
   [Eden: 735.0M(735.0M)->0.0B(7168.0K) Survivors: 90.0M->104.0M Heap: 1528.1M(2048.0M)->725.8M(2048.0M)]
 [Times: user=0.24 sys=0.01, real=0.04 secs] 
2021-01-18T10:16:32.372-0800: 8.772: [GC pause (G1 Evacuation Pause) (mixed), 0.0141483 secs]
   [Parallel Time: 12.6 ms, GC Workers: 8]
      [GC Worker Start (ms): Min: 8772.5, Avg: 8772.6, Max: 8772.6, Diff: 0.1]
      [Ext Root Scanning (ms): Min: 0.1, Avg: 0.2, Max: 0.2, Diff: 0.1, Sum: 1.5]
      [Update RS (ms): Min: 0.0, Avg: 0.2, Max: 0.2, Diff: 0.2, Sum: 1.3]
         [Processed Buffers: Min: 1, Avg: 1.8, Max: 2, Diff: 1, Sum: 14]
      [Scan RS (ms): Min: 0.1, Avg: 0.1, Max: 0.2, Diff: 0.1, Sum: 0.8]
      [Code Root Scanning (ms): Min: 0.0, Avg: 0.0, Max: 0.0, Diff: 0.0, Sum: 0.0]
      [Object Copy (ms): Min: 11.4, Avg: 11.5, Max: 11.7, Diff: 0.3, Sum: 91.8]
      [Termination (ms): Min: 0.0, Avg: 0.3, Max: 0.4, Diff: 0.4, Sum: 2.7]
         [Termination Attempts: Min: 1, Avg: 1.0, Max: 1, Diff: 0, Sum: 8]
      [GC Worker Other (ms): Min: 0.0, Avg: 0.0, Max: 0.0, Diff: 0.0, Sum: 0.1]
      [GC Worker Total (ms): Min: 12.2, Avg: 12.3, Max: 12.4, Diff: 0.2, Sum: 98.3]
      [GC Worker End (ms): Min: 8784.8, Avg: 8784.9, Max: 8784.9, Diff: 0.1]
   [Code Root Fixup: 0.0 ms]
   [Code Root Purge: 0.0 ms]
   [Clear CT: 0.2 ms]
   [Other: 1.3 ms]
      [Choose CSet: 0.1 ms]
      [Ref Proc: 0.3 ms]
      [Ref Enq: 0.0 ms]
      [Redirty Cards: 0.3 ms]
      [Humongous Register: 0.2 ms]
      [Humongous Reclaim: 0.1 ms]
      [Free CSet: 0.2 ms]
   [Eden: 7168.0K(7168.0K)->0.0B(932.0M) Survivors: 104.0M->3072.0K Heap: 733.4M(2048.0M)->595.8M(2048.0M)]
 [Times: user=0.09 sys=0.00, real=0.01 secs] 
2021-01-18T10:16:32.486-0800: 8.887: [GC pause (G1 Humongous Allocation) (young) (initial-mark), 0.0264507 secs]
   [Parallel Time: 24.8 ms, GC Workers: 8]
      [GC Worker Start (ms): Min: 8886.8, Avg: 8886.9, Max: 8886.9, Diff: 0.1]
      [Ext Root Scanning (ms): Min: 0.1, Avg: 0.1, Max: 0.2, Diff: 0.1, Sum: 0.8]
      [Update RS (ms): Min: 11.0, Avg: 11.0, Max: 11.0, Diff: 0.0, Sum: 88.3]
         [Processed Buffers: Min: 152, Avg: 169.5, Max: 178, Diff: 26, Sum: 1356]
      [Scan RS (ms): Min: 0.1, Avg: 0.1, Max: 0.1, Diff: 0.0, Sum: 0.6]
      [Code Root Scanning (ms): Min: 0.0, Avg: 0.0, Max: 0.0, Diff: 0.0, Sum: 0.1]
      [Object Copy (ms): Min: 13.3, Avg: 13.3, Max: 13.4, Diff: 0.1, Sum: 106.8]
      [Termination (ms): Min: 0.0, Avg: 0.1, Max: 0.2, Diff: 0.2, Sum: 0.6]
         [Termination Attempts: Min: 1, Avg: 1.0, Max: 1, Diff: 0, Sum: 8]
      [GC Worker Other (ms): Min: 0.0, Avg: 0.0, Max: 0.1, Diff: 0.0, Sum: 0.2]
      [GC Worker Total (ms): Min: 24.6, Avg: 24.7, Max: 24.8, Diff: 0.1, Sum: 197.4]
      [GC Worker End (ms): Min: 8911.5, Avg: 8911.5, Max: 8911.6, Diff: 0.1]
   [Code Root Fixup: 0.0 ms]
   [Code Root Purge: 0.0 ms]
   [Clear CT: 0.2 ms]
   [Other: 1.4 ms]
      [Choose CSet: 0.0 ms]
      [Ref Proc: 0.3 ms]
      [Ref Enq: 0.0 ms]
      [Redirty Cards: 0.2 ms]
      [Humongous Register: 0.1 ms]
      [Humongous Reclaim: 0.3 ms]
      [Free CSet: 0.3 ms]
   [Eden: 641.0M(932.0M)->0.0B(830.0M) Survivors: 3072.0K->117.0M Heap: 1404.8M(2048.0M)->733.7M(2048.0M)]
 [Times: user=0.19 sys=0.01, real=0.03 secs] 
2021-01-18T10:16:32.512-0800: 8.913: [GC concurrent-root-region-scan-start]
2021-01-18T10:16:32.513-0800: 8.913: [GC concurrent-root-region-scan-end, 0.0001962 secs]
2021-01-18T10:16:32.513-0800: 8.913: [GC concurrent-mark-start]
2021-01-18T10:16:32.514-0800: 8.915: [GC concurrent-mark-end, 0.0018318 secs]
2021-01-18T10:16:32.515-0800: 8.915: [GC remark 2021-01-18T10:16:32.515-0800: 8.915: [Finalize Marking, 0.0003070 secs] 2021-01-18T10:16:32.515-0800: 8.916: [GC ref-proc, 0.0000636 secs] 2021-01-18T10:16:32.515-0800: 8.916: [Unloading, 0.0005329 secs], 0.0019025 secs]
 [Times: user=0.01 sys=0.00, real=0.00 secs] 
2021-01-18T10:16:32.517-0800: 8.917: [GC cleanup 745M->623M(2048M), 0.0017373 secs]
 [Times: user=0.01 sys=0.00, real=0.00 secs] 
2021-01-18T10:16:32.518-0800: 8.919: [GC concurrent-cleanup-start]
2021-01-18T10:16:32.519-0800: 8.919: [GC concurrent-cleanup-end, 0.0000895 secs]
2021-01-18T10:16:32.638-0800: 9.039: [GC pause (G1 Evacuation Pause) (young) (to-space exhausted), 0.0349863 secs]
   [Parallel Time: 32.7 ms, GC Workers: 8]
      [GC Worker Start (ms): Min: 9039.2, Avg: 9039.3, Max: 9039.3, Diff: 0.1]
      [Ext Root Scanning (ms): Min: 0.0, Avg: 0.1, Max: 0.2, Diff: 0.1, Sum: 0.7]
      [Update RS (ms): Min: 15.0, Avg: 15.1, Max: 15.5, Diff: 0.5, Sum: 120.6]
         [Processed Buffers: Min: 204, Avg: 230.6, Max: 243, Diff: 39, Sum: 1845]
      [Scan RS (ms): Min: 0.1, Avg: 0.1, Max: 0.1, Diff: 0.1, Sum: 0.9]
      [Code Root Scanning (ms): Min: 0.0, Avg: 0.0, Max: 0.0, Diff: 0.0, Sum: 0.1]
      [Object Copy (ms): Min: 16.8, Avg: 17.2, Max: 17.3, Diff: 0.5, Sum: 137.4]
      [Termination (ms): Min: 0.0, Avg: 0.0, Max: 0.1, Diff: 0.1, Sum: 0.3]
         [Termination Attempts: Min: 1, Avg: 1.5, Max: 3, Diff: 2, Sum: 12]
      [GC Worker Other (ms): Min: 0.0, Avg: 0.0, Max: 0.1, Diff: 0.0, Sum: 0.2]
      [GC Worker Total (ms): Min: 32.5, Avg: 32.5, Max: 32.6, Diff: 0.1, Sum: 260.2]
      [GC Worker End (ms): Min: 9071.8, Avg: 9071.8, Max: 9071.8, Diff: 0.0]
   [Code Root Fixup: 0.0 ms]
   [Code Root Purge: 0.0 ms]
   [Clear CT: 0.3 ms]
   [Other: 2.0 ms]
      [Evacuation Failure: 0.6 ms]
      [Choose CSet: 0.0 ms]
      [Ref Proc: 0.3 ms]
      [Ref Enq: 0.0 ms]
      [Redirty Cards: 0.2 ms]
      [Humongous Register: 0.2 ms]
      [Humongous Reclaim: 0.4 ms]
      [Free CSet: 0.3 ms]
   [Eden: 830.0M(830.0M)->0.0B(7168.0K) Survivors: 117.0M->119.0M Heap: 1671.1M(2048.0M)->865.2M(2048.0M)]
 [Times: user=0.25 sys=0.00, real=0.04 secs] 
2021-01-18T10:16:32.675-0800: 9.076: [GC pause (G1 Evacuation Pause) (mixed), 0.0148089 secs]
   [Parallel Time: 13.1 ms, GC Workers: 8]
      [GC Worker Start (ms): Min: 9075.8, Avg: 9076.0, Max: 9076.0, Diff: 0.2]
      [Ext Root Scanning (ms): Min: 0.1, Avg: 0.2, Max: 0.3, Diff: 0.2, Sum: 1.2]
      [Update RS (ms): Min: 0.1, Avg: 0.2, Max: 0.6, Diff: 0.4, Sum: 2.0]
         [Processed Buffers: Min: 1, Avg: 3.2, Max: 6, Diff: 5, Sum: 26]
      [Scan RS (ms): Min: 0.0, Avg: 0.1, Max: 0.2, Diff: 0.2, Sum: 1.1]
      [Code Root Scanning (ms): Min: 0.0, Avg: 0.0, Max: 0.0, Diff: 0.0, Sum: 0.0]
      [Object Copy (ms): Min: 12.0, Avg: 12.3, Max: 12.4, Diff: 0.3, Sum: 98.1]
      [Termination (ms): Min: 0.0, Avg: 0.1, Max: 0.1, Diff: 0.1, Sum: 0.5]
         [Termination Attempts: Min: 1, Avg: 1.0, Max: 1, Diff: 0, Sum: 8]
      [GC Worker Other (ms): Min: 0.0, Avg: 0.0, Max: 0.0, Diff: 0.0, Sum: 0.1]
      [GC Worker Total (ms): Min: 12.8, Avg: 12.9, Max: 13.0, Diff: 0.2, Sum: 103.1]
      [GC Worker End (ms): Min: 9088.8, Avg: 9088.8, Max: 9088.9, Diff: 0.0]
   [Code Root Fixup: 0.0 ms]
   [Code Root Purge: 0.0 ms]
   [Clear CT: 0.3 ms]
   [Other: 1.4 ms]
      [Choose CSet: 0.1 ms]
      [Ref Proc: 0.4 ms]
      [Ref Enq: 0.0 ms]
      [Redirty Cards: 0.3 ms]
      [Humongous Register: 0.1 ms]
      [Humongous Reclaim: 0.1 ms]
      [Free CSet: 0.3 ms]
   [Eden: 7168.0K(7168.0K)->0.0B(838.0M) Survivors: 119.0M->2048.0K Heap: 872.8M(2048.0M)->731.1M(2048.0M)]
 [Times: user=0.09 sys=0.00, real=0.02 secs] 
2021-01-18T10:16:32.748-0800: 9.149: [GC pause (G1 Humongous Allocation) (young) (initial-mark), 0.0161032 secs]
   [Parallel Time: 14.9 ms, GC Workers: 8]
      [GC Worker Start (ms): Min: 9149.1, Avg: 9149.1, Max: 9149.2, Diff: 0.1]
      [Ext Root Scanning (ms): Min: 0.1, Avg: 0.1, Max: 0.3, Diff: 0.2, Sum: 1.1]
      [Update RS (ms): Min: 6.3, Avg: 6.4, Max: 6.5, Diff: 0.2, Sum: 51.4]
         [Processed Buffers: Min: 71, Avg: 84.0, Max: 92, Diff: 21, Sum: 672]
      [Scan RS (ms): Min: 0.0, Avg: 0.0, Max: 0.0, Diff: 0.0, Sum: 0.3]
      [Code Root Scanning (ms): Min: 0.0, Avg: 0.0, Max: 0.0, Diff: 0.0, Sum: 0.0]
      [Object Copy (ms): Min: 8.0, Avg: 8.0, Max: 8.1, Diff: 0.1, Sum: 64.3]
      [Termination (ms): Min: 0.0, Avg: 0.1, Max: 0.1, Diff: 0.1, Sum: 0.5]
         [Termination Attempts: Min: 1, Avg: 1.0, Max: 1, Diff: 0, Sum: 8]
      [GC Worker Other (ms): Min: 0.0, Avg: 0.0, Max: 0.0, Diff: 0.0, Sum: 0.1]
      [GC Worker Total (ms): Min: 14.7, Avg: 14.7, Max: 14.8, Diff: 0.1, Sum: 117.7]
      [GC Worker End (ms): Min: 9163.8, Avg: 9163.8, Max: 9163.9, Diff: 0.0]
   [Code Root Fixup: 0.0 ms]
   [Code Root Purge: 0.0 ms]
   [Clear CT: 0.2 ms]
   [Other: 1.1 ms]
      [Choose CSet: 0.0 ms]
      [Ref Proc: 0.2 ms]
      [Ref Enq: 0.0 ms]
      [Redirty Cards: 0.2 ms]
      [Humongous Register: 0.1 ms]
      [Humongous Reclaim: 0.2 ms]
      [Free CSet: 0.2 ms]
   [Eden: 302.0M(838.0M)->0.0B(768.0M) Survivors: 2048.0K->92.0M Heap: 1115.2M(2048.0M)->828.8M(2048.0M)]
 [Times: user=0.11 sys=0.00, real=0.02 secs] 
2021-01-18T10:16:32.764-0800: 9.165: [GC concurrent-root-region-scan-start]
2021-01-18T10:16:32.765-0800: 9.165: [GC concurrent-root-region-scan-end, 0.0001649 secs]
2021-01-18T10:16:32.765-0800: 9.165: [GC concurrent-mark-start]
2021-01-18T10:16:32.766-0800: 9.167: [GC concurrent-mark-end, 0.0016611 secs]
2021-01-18T10:16:32.766-0800: 9.167: [GC remark 2021-01-18T10:16:32.766-0800: 9.167: [Finalize Marking, 0.0002544 secs] 2021-01-18T10:16:32.767-0800: 9.167: [GC ref-proc, 0.0000556 secs] 2021-01-18T10:16:32.767-0800: 9.167: [Unloading, 0.0005674 secs], 0.0018752 secs]
 [Times: user=0.00 sys=0.00, real=0.00 secs] 
2021-01-18T10:16:32.768-0800: 9.169: [GC cleanup 838M->688M(2048M), 0.0019136 secs]
 [Times: user=0.01 sys=0.00, real=0.01 secs] 
2021-01-18T10:16:32.770-0800: 9.171: [GC concurrent-cleanup-start]
2021-01-18T10:16:32.770-0800: 9.171: [GC concurrent-cleanup-end, 0.0001069 secs]
2021-01-18T10:16:32.877-0800: 9.278: [GC pause (G1 Evacuation Pause) (young), 0.0340583 secs]
   [Parallel Time: 32.2 ms, GC Workers: 8]
      [GC Worker Start (ms): Min: 9278.2, Avg: 9278.3, Max: 9278.3, Diff: 0.1]
      [Ext Root Scanning (ms): Min: 0.1, Avg: 0.1, Max: 0.1, Diff: 0.1, Sum: 0.8]
      [Update RS (ms): Min: 12.7, Avg: 12.8, Max: 12.8, Diff: 0.1, Sum: 102.1]
         [Processed Buffers: Min: 187, Avg: 197.2, Max: 202, Diff: 15, Sum: 1578]
      [Scan RS (ms): Min: 0.1, Avg: 0.1, Max: 0.1, Diff: 0.0, Sum: 0.8]
      [Code Root Scanning (ms): Min: 0.0, Avg: 0.0, Max: 0.0, Diff: 0.0, Sum: 0.1]
      [Object Copy (ms): Min: 18.4, Avg: 18.5, Max: 18.7, Diff: 0.3, Sum: 148.0]
      [Termination (ms): Min: 0.0, Avg: 0.4, Max: 0.6, Diff: 0.6, Sum: 2.9]
         [Termination Attempts: Min: 1, Avg: 1.0, Max: 1, Diff: 0, Sum: 8]
      [GC Worker Other (ms): Min: 0.0, Avg: 0.0, Max: 0.0, Diff: 0.0, Sum: 0.1]
      [GC Worker Total (ms): Min: 31.7, Avg: 31.8, Max: 32.1, Diff: 0.3, Sum: 254.7]
      [GC Worker End (ms): Min: 9310.0, Avg: 9310.1, Max: 9310.3, Diff: 0.3]
   [Code Root Fixup: 0.0 ms]
   [Code Root Purge: 0.0 ms]
   [Clear CT: 0.4 ms]
   [Other: 1.5 ms]
      [Choose CSet: 0.0 ms]
      [Ref Proc: 0.2 ms]
      [Ref Enq: 0.0 ms]
      [Redirty Cards: 0.2 ms]
      [Humongous Register: 0.2 ms]
      [Humongous Reclaim: 0.4 ms]
      [Free CSet: 0.4 ms]
   [Eden: 768.0M(768.0M)->0.0B(7168.0K) Survivors: 92.0M->108.0M Heap: 1642.8M(2048.0M)->790.0M(2048.0M)]
 [Times: user=0.24 sys=0.00, real=0.04 secs] 
2021-01-18T10:16:32.913-0800: 9.314: [GC pause (G1 Evacuation Pause) (mixed), 0.0170921 secs]
   [Parallel Time: 13.3 ms, GC Workers: 8]
      [GC Worker Start (ms): Min: 9314.1, Avg: 9314.2, Max: 9314.3, Diff: 0.2]
      [Ext Root Scanning (ms): Min: 0.1, Avg: 0.2, Max: 0.3, Diff: 0.2, Sum: 1.4]
      [Update RS (ms): Min: 0.3, Avg: 0.4, Max: 0.4, Diff: 0.1, Sum: 3.1]
         [Processed Buffers: Min: 2, Avg: 3.5, Max: 4, Diff: 2, Sum: 28]
      [Scan RS (ms): Min: 0.1, Avg: 0.1, Max: 0.2, Diff: 0.1, Sum: 0.8]
      [Code Root Scanning (ms): Min: 0.0, Avg: 0.0, Max: 0.0, Diff: 0.0, Sum: 0.1]
      [Object Copy (ms): Min: 12.3, Avg: 12.3, Max: 12.4, Diff: 0.1, Sum: 98.6]
      [Termination (ms): Min: 0.0, Avg: 0.1, Max: 0.2, Diff: 0.2, Sum: 0.6]
         [Termination Attempts: Min: 1, Avg: 2.0, Max: 5, Diff: 4, Sum: 16]
      [GC Worker Other (ms): Min: 0.0, Avg: 0.0, Max: 0.0, Diff: 0.0, Sum: 0.2]
      [GC Worker Total (ms): Min: 13.0, Avg: 13.1, Max: 13.2, Diff: 0.2, Sum: 104.7]
      [GC Worker End (ms): Min: 9327.3, Avg: 9327.3, Max: 9327.4, Diff: 0.1]
   [Code Root Fixup: 0.0 ms]
   [Code Root Purge: 0.0 ms]
   [Clear CT: 0.3 ms]
   [Other: 3.5 ms]
      [Choose CSet: 0.1 ms]
      [Ref Proc: 2.5 ms]
      [Ref Enq: 0.0 ms]
      [Redirty Cards: 0.2 ms]
      [Humongous Register: 0.2 ms]
      [Humongous Reclaim: 0.1 ms]
      [Free CSet: 0.3 ms]
   [Eden: 7168.0K(7168.0K)->0.0B(98.0M) Survivors: 108.0M->4096.0K Heap: 799.2M(2048.0M)->606.7M(2048.0M)]
 [Times: user=0.10 sys=0.01, real=0.02 secs] 
2021-01-18T10:16:32.954-0800: 9.355: [GC pause (G1 Evacuation Pause) (mixed), 0.0071164 secs]
   [Parallel Time: 6.2 ms, GC Workers: 8]
      [GC Worker Start (ms): Min: 9355.2, Avg: 9355.2, Max: 9355.3, Diff: 0.1]
      [Ext Root Scanning (ms): Min: 0.1, Avg: 0.1, Max: 0.2, Diff: 0.1, Sum: 1.0]
      [Update RS (ms): Min: 3.2, Avg: 3.2, Max: 3.4, Diff: 0.2, Sum: 25.8]
         [Processed Buffers: Min: 15, Avg: 28.2, Max: 34, Diff: 19, Sum: 226]
      [Scan RS (ms): Min: 0.0, Avg: 0.0, Max: 0.2, Diff: 0.2, Sum: 0.4]
      [Code Root Scanning (ms): Min: 0.0, Avg: 0.0, Max: 0.0, Diff: 0.0, Sum: 0.0]
      [Object Copy (ms): Min: 2.2, Avg: 2.5, Max: 2.6, Diff: 0.4, Sum: 20.1]
      [Termination (ms): Min: 0.0, Avg: 0.1, Max: 0.1, Diff: 0.1, Sum: 0.5]
         [Termination Attempts: Min: 1, Avg: 1.2, Max: 2, Diff: 1, Sum: 10]
      [GC Worker Other (ms): Min: 0.0, Avg: 0.0, Max: 0.0, Diff: 0.0, Sum: 0.1]
      [GC Worker Total (ms): Min: 5.9, Avg: 6.0, Max: 6.0, Diff: 0.1, Sum: 47.9]
      [GC Worker End (ms): Min: 9361.2, Avg: 9361.2, Max: 9361.3, Diff: 0.1]
   [Code Root Fixup: 0.0 ms]
   [Code Root Purge: 0.0 ms]
   [Clear CT: 0.1 ms]
   [Other: 0.8 ms]
      [Choose CSet: 0.0 ms]
      [Ref Proc: 0.2 ms]
      [Ref Enq: 0.0 ms]
      [Redirty Cards: 0.1 ms]
      [Humongous Register: 0.1 ms]
      [Humongous Reclaim: 0.1 ms]
      [Free CSet: 0.1 ms]
   [Eden: 98.0M(98.0M)->0.0B(698.0M) Survivors: 4096.0K->13.0M Heap: 731.8M(2048.0M)->621.6M(2048.0M)]
 [Times: user=0.03 sys=0.00, real=0.01 secs] 
2021-01-18T10:16:33.039-0800: 9.439: [GC pause (G1 Humongous Allocation) (young) (initial-mark), 0.0241248 secs]
   [Parallel Time: 22.7 ms, GC Workers: 8]
      [GC Worker Start (ms): Min: 9439.7, Avg: 9439.8, Max: 9439.8, Diff: 0.1]
      [Ext Root Scanning (ms): Min: 0.1, Avg: 0.1, Max: 0.2, Diff: 0.1, Sum: 0.8]
      [Update RS (ms): Min: 10.5, Avg: 10.5, Max: 10.5, Diff: 0.1, Sum: 83.9]
         [Processed Buffers: Min: 142, Avg: 158.2, Max: 169, Diff: 27, Sum: 1266]
      [Scan RS (ms): Min: 0.0, Avg: 0.1, Max: 0.1, Diff: 0.0, Sum: 0.4]
      [Code Root Scanning (ms): Min: 0.0, Avg: 0.0, Max: 0.0, Diff: 0.0, Sum: 0.1]
      [Object Copy (ms): Min: 11.7, Avg: 11.7, Max: 11.8, Diff: 0.1, Sum: 93.7]
      [Termination (ms): Min: 0.0, Avg: 0.1, Max: 0.1, Diff: 0.1, Sum: 0.8]
         [Termination Attempts: Min: 1, Avg: 1.5, Max: 2, Diff: 1, Sum: 12]
      [GC Worker Other (ms): Min: 0.0, Avg: 0.0, Max: 0.0, Diff: 0.0, Sum: 0.2]
      [GC Worker Total (ms): Min: 22.4, Avg: 22.5, Max: 22.5, Diff: 0.1, Sum: 179.9]
      [GC Worker End (ms): Min: 9462.2, Avg: 9462.3, Max: 9462.3, Diff: 0.0]
   [Code Root Fixup: 0.0 ms]
   [Code Root Purge: 0.0 ms]
   [Clear CT: 0.2 ms]
   [Other: 1.2 ms]
      [Choose CSet: 0.0 ms]
      [Ref Proc: 0.2 ms]
      [Ref Enq: 0.0 ms]
      [Redirty Cards: 0.1 ms]
      [Humongous Register: 0.1 ms]
      [Humongous Reclaim: 0.2 ms]
      [Free CSet: 0.2 ms]
   [Eden: 522.0M(698.0M)->0.0B(779.0M) Survivors: 13.0M->89.0M Heap: 1300.3M(2048.0M)->747.1M(2048.0M)]
 [Times: user=0.16 sys=0.00, real=0.03 secs] 
2021-01-18T10:16:33.063-0800: 9.464: [GC concurrent-root-region-scan-start]
2021-01-18T10:16:33.063-0800: 9.464: [GC concurrent-root-region-scan-end, 0.0001873 secs]
2021-01-18T10:16:33.063-0800: 9.464: [GC concurrent-mark-start]
2021-01-18T10:16:33.065-0800: 9.466: [GC concurrent-mark-end, 0.0018133 secs]
2021-01-18T10:16:33.065-0800: 9.466: [GC remark 2021-01-18T10:16:33.065-0800: 9.466: [Finalize Marking, 0.0015372 secs] 2021-01-18T10:16:33.067-0800: 9.467: [GC ref-proc, 0.0000711 secs] 2021-01-18T10:16:33.067-0800: 9.468: [Unloading, 0.0005731 secs], 0.0033267 secs]
 [Times: user=0.02 sys=0.00, real=0.00 secs] 
2021-01-18T10:16:33.069-0800: 9.469: [GC cleanup 756M->628M(2048M), 0.0018369 secs]
 [Times: user=0.00 sys=0.00, real=0.01 secs] 
2021-01-18T10:16:33.071-0800: 9.471: [GC concurrent-cleanup-start]
2021-01-18T10:16:33.071-0800: 9.471: [GC concurrent-cleanup-end, 0.0000948 secs]
2021-01-18T10:16:33.182-0800: 9.583: [GC pause (G1 Evacuation Pause) (young), 0.0358413 secs]
   [Parallel Time: 34.0 ms, GC Workers: 8]
      [GC Worker Start (ms): Min: 9583.1, Avg: 9583.2, Max: 9583.2, Diff: 0.1]
      [Ext Root Scanning (ms): Min: 0.0, Avg: 0.1, Max: 0.1, Diff: 0.1, Sum: 0.6]
      [Update RS (ms): Min: 13.1, Avg: 13.2, Max: 13.2, Diff: 0.0, Sum: 105.2]
         [Processed Buffers: Min: 181, Avg: 189.4, Max: 204, Diff: 23, Sum: 1515]
      [Scan RS (ms): Min: 0.1, Avg: 0.1, Max: 0.1, Diff: 0.0, Sum: 0.9]
      [Code Root Scanning (ms): Min: 0.0, Avg: 0.0, Max: 0.0, Diff: 0.0, Sum: 0.1]
      [Object Copy (ms): Min: 19.2, Avg: 19.4, Max: 20.3, Diff: 1.1, Sum: 155.1]
      [Termination (ms): Min: 0.0, Avg: 1.0, Max: 1.2, Diff: 1.2, Sum: 8.1]
         [Termination Attempts: Min: 1, Avg: 1.0, Max: 1, Diff: 0, Sum: 8]
      [GC Worker Other (ms): Min: 0.0, Avg: 0.0, Max: 0.0, Diff: 0.0, Sum: 0.2]
      [GC Worker Total (ms): Min: 33.7, Avg: 33.8, Max: 33.9, Diff: 0.2, Sum: 270.2]
      [GC Worker End (ms): Min: 9616.9, Avg: 9616.9, Max: 9617.0, Diff: 0.1]
   [Code Root Fixup: 0.0 ms]
   [Code Root Purge: 0.0 ms]
   [Clear CT: 0.4 ms]
   [Other: 1.5 ms]
      [Choose CSet: 0.0 ms]
      [Ref Proc: 0.3 ms]
      [Ref Enq: 0.0 ms]
      [Redirty Cards: 0.2 ms]
      [Humongous Register: 0.2 ms]
      [Humongous Reclaim: 0.3 ms]
      [Free CSet: 0.3 ms]
   [Eden: 779.0M(779.0M)->0.0B(7168.0K) Survivors: 89.0M->109.0M Heap: 1586.3M(2048.0M)->731.6M(2048.0M)]
 [Times: user=0.23 sys=0.01, real=0.03 secs] 
2021-01-18T10:16:33.220-0800: 9.620: [GC pause (G1 Evacuation Pause) (mixed), 0.0139368 secs]
   [Parallel Time: 12.3 ms, GC Workers: 8]
      [GC Worker Start (ms): Min: 9620.7, Avg: 9620.8, Max: 9620.9, Diff: 0.2]
      [Ext Root Scanning (ms): Min: 0.1, Avg: 0.2, Max: 0.3, Diff: 0.2, Sum: 1.2]
      [Update RS (ms): Min: 0.1, Avg: 0.2, Max: 0.2, Diff: 0.1, Sum: 1.4]
         [Processed Buffers: Min: 1, Avg: 1.8, Max: 2, Diff: 1, Sum: 14]
      [Scan RS (ms): Min: 0.1, Avg: 0.1, Max: 0.2, Diff: 0.2, Sum: 1.0]
      [Code Root Scanning (ms): Min: 0.0, Avg: 0.0, Max: 0.0, Diff: 0.0, Sum: 0.1]
      [Object Copy (ms): Min: 11.5, Avg: 11.5, Max: 11.6, Diff: 0.1, Sum: 92.2]
      [Termination (ms): Min: 0.0, Avg: 0.0, Max: 0.1, Diff: 0.1, Sum: 0.3]
         [Termination Attempts: Min: 1, Avg: 2.5, Max: 5, Diff: 4, Sum: 20]
      [GC Worker Other (ms): Min: 0.0, Avg: 0.0, Max: 0.1, Diff: 0.0, Sum: 0.2]
      [GC Worker Total (ms): Min: 12.0, Avg: 12.1, Max: 12.2, Diff: 0.2, Sum: 96.4]
      [GC Worker End (ms): Min: 9632.9, Avg: 9632.9, Max: 9632.9, Diff: 0.0]
   [Code Root Fixup: 0.0 ms]
   [Code Root Purge: 0.0 ms]
   [Clear CT: 0.3 ms]
   [Other: 1.4 ms]
      [Choose CSet: 0.1 ms]
      [Ref Proc: 0.3 ms]
      [Ref Enq: 0.0 ms]
      [Redirty Cards: 0.3 ms]
      [Humongous Register: 0.2 ms]
      [Humongous Reclaim: 0.1 ms]
      [Free CSet: 0.3 ms]
   [Eden: 7168.0K(7168.0K)->0.0B(969.0M) Survivors: 109.0M->4096.0K Heap: 739.2M(2048.0M)->592.7M(2048.0M)]
 [Times: user=0.09 sys=0.00, real=0.01 secs] 
2021-01-18T10:16:33.346-0800: 9.746: [GC pause (G1 Humongous Allocation) (young) (initial-mark), 0.0284053 secs]
   [Parallel Time: 26.0 ms, GC Workers: 8]
      [GC Worker Start (ms): Min: 9746.6, Avg: 9746.7, Max: 9746.7, Diff: 0.1]
      [Ext Root Scanning (ms): Min: 0.1, Avg: 0.1, Max: 0.2, Diff: 0.1, Sum: 0.8]
      [Update RS (ms): Min: 11.2, Avg: 11.2, Max: 11.2, Diff: 0.0, Sum: 89.4]
         [Processed Buffers: Min: 151, Avg: 170.6, Max: 181, Diff: 30, Sum: 1365]
      [Scan RS (ms): Min: 0.1, Avg: 0.1, Max: 0.1, Diff: 0.0, Sum: 0.6]
      [Code Root Scanning (ms): Min: 0.0, Avg: 0.0, Max: 0.0, Diff: 0.0, Sum: 0.1]
      [Object Copy (ms): Min: 14.1, Avg: 14.2, Max: 14.3, Diff: 0.2, Sum: 113.3]
      [Termination (ms): Min: 0.0, Avg: 0.2, Max: 0.3, Diff: 0.3, Sum: 1.8]
         [Termination Attempts: Min: 1, Avg: 1.0, Max: 1, Diff: 0, Sum: 8]
      [GC Worker Other (ms): Min: 0.0, Avg: 0.0, Max: 0.0, Diff: 0.0, Sum: 0.1]
      [GC Worker Total (ms): Min: 25.6, Avg: 25.8, Max: 25.8, Diff: 0.2, Sum: 206.0]
      [GC Worker End (ms): Min: 9772.4, Avg: 9772.4, Max: 9772.5, Diff: 0.2]
   [Code Root Fixup: 0.0 ms]
   [Code Root Purge: 0.0 ms]
   [Clear CT: 0.3 ms]
   [Other: 2.1 ms]
      [Choose CSet: 0.0 ms]
      [Ref Proc: 0.7 ms]
      [Ref Enq: 0.0 ms]
      [Redirty Cards: 0.3 ms]
      [Humongous Register: 0.2 ms]
      [Humongous Reclaim: 0.3 ms]
      [Free CSet: 0.3 ms]
   [Eden: 715.0M(969.0M)->0.0B(854.0M) Survivors: 4096.0K->122.0M Heap: 1476.4M(2048.0M)->735.8M(2048.0M)]
 [Times: user=0.19 sys=0.00, real=0.03 secs] 
2021-01-18T10:16:33.374-0800: 9.775: [GC concurrent-root-region-scan-start]
2021-01-18T10:16:33.374-0800: 9.775: [GC concurrent-root-region-scan-end, 0.0002081 secs]
2021-01-18T10:16:33.374-0800: 9.775: [GC concurrent-mark-start]
2021-01-18T10:16:33.376-0800: 9.777: [GC concurrent-mark-end, 0.0018797 secs]
2021-01-18T10:16:33.377-0800: 9.777: [GC remark 2021-01-18T10:16:33.377-0800: 9.777: [Finalize Marking, 0.0002358 secs] 2021-01-18T10:16:33.377-0800: 9.778: [GC ref-proc, 0.0000629 secs] 2021-01-18T10:16:33.377-0800: 9.778: [Unloading, 0.0005875 secs], 0.0018859 secs]
 [Times: user=0.01 sys=0.01, real=0.00 secs] 
2021-01-18T10:16:33.379-0800: 9.779: [GC cleanup 746M->631M(2048M), 0.0017641 secs]
 [Times: user=0.01 sys=0.00, real=0.01 secs] 
2021-01-18T10:16:33.380-0800: 9.781: [GC concurrent-cleanup-start]
2021-01-18T10:16:33.381-0800: 9.781: [GC concurrent-cleanup-end, 0.0000903 secs]
2021-01-18T10:16:33.501-0800: 9.902: [GC pause (G1 Evacuation Pause) (young) (to-space exhausted), 0.0322889 secs]
   [Parallel Time: 29.9 ms, GC Workers: 8]
      [GC Worker Start (ms): Min: 9902.2, Avg: 9902.3, Max: 9902.3, Diff: 0.1]
      [Ext Root Scanning (ms): Min: 0.1, Avg: 0.1, Max: 0.2, Diff: 0.1, Sum: 0.8]
      [Update RS (ms): Min: 14.9, Avg: 14.9, Max: 14.9, Diff: 0.0, Sum: 119.4]
         [Processed Buffers: Min: 208, Avg: 228.0, Max: 239, Diff: 31, Sum: 1824]
      [Scan RS (ms): Min: 0.1, Avg: 0.1, Max: 0.1, Diff: 0.1, Sum: 0.9]
      [Code Root Scanning (ms): Min: 0.0, Avg: 0.0, Max: 0.0, Diff: 0.0, Sum: 0.1]
      [Object Copy (ms): Min: 14.5, Avg: 14.5, Max: 14.5, Diff: 0.0, Sum: 115.9]
      [Termination (ms): Min: 0.0, Avg: 0.0, Max: 0.1, Diff: 0.1, Sum: 0.3]
         [Termination Attempts: Min: 1, Avg: 1.0, Max: 1, Diff: 0, Sum: 8]
      [GC Worker Other (ms): Min: 0.0, Avg: 0.0, Max: 0.0, Diff: 0.0, Sum: 0.2]
      [GC Worker Total (ms): Min: 29.7, Avg: 29.7, Max: 29.8, Diff: 0.1, Sum: 237.6]
      [GC Worker End (ms): Min: 9932.0, Avg: 9932.0, Max: 9932.0, Diff: 0.0]
   [Code Root Fixup: 0.0 ms]
   [Code Root Purge: 0.0 ms]
   [Clear CT: 0.3 ms]
   [Other: 2.1 ms]
      [Evacuation Failure: 0.7 ms]
      [Choose CSet: 0.0 ms]
      [Ref Proc: 0.3 ms]
      [Ref Enq: 0.0 ms]
      [Redirty Cards: 0.1 ms]
      [Humongous Register: 0.2 ms]
      [Humongous Reclaim: 0.3 ms]
      [Free CSet: 0.3 ms]
   [Eden: 854.0M(854.0M)->0.0B(7168.0K) Survivors: 122.0M->122.0M Heap: 1701.6M(2048.0M)->1000.1M(2048.0M)]
 [Times: user=0.23 sys=0.00, real=0.03 secs] 
2021-01-18T10:16:33.535-0800: 9.936: [GC pause (G1 Evacuation Pause) (mixed), 0.0147383 secs]
   [Parallel Time: 13.3 ms, GC Workers: 8]
      [GC Worker Start (ms): Min: 9936.5, Avg: 9936.6, Max: 9936.7, Diff: 0.2]
      [Ext Root Scanning (ms): Min: 0.1, Avg: 0.1, Max: 0.3, Diff: 0.2, Sum: 1.1]
      [Update RS (ms): Min: 0.1, Avg: 0.2, Max: 0.2, Diff: 0.1, Sum: 1.5]
         [Processed Buffers: Min: 1, Avg: 2.8, Max: 5, Diff: 4, Sum: 22]
      [Scan RS (ms): Min: 0.1, Avg: 0.1, Max: 0.1, Diff: 0.1, Sum: 0.8]
      [Code Root Scanning (ms): Min: 0.0, Avg: 0.0, Max: 0.0, Diff: 0.0, Sum: 0.0]
      [Object Copy (ms): Min: 12.5, Avg: 12.5, Max: 12.6, Diff: 0.1, Sum: 100.3]
      [Termination (ms): Min: 0.0, Avg: 0.1, Max: 0.1, Diff: 0.1, Sum: 0.4]
         [Termination Attempts: Min: 1, Avg: 1.2, Max: 2, Diff: 1, Sum: 10]
      [GC Worker Other (ms): Min: 0.0, Avg: 0.0, Max: 0.0, Diff: 0.0, Sum: 0.1]
      [GC Worker Total (ms): Min: 12.9, Avg: 13.0, Max: 13.2, Diff: 0.2, Sum: 104.2]
      [GC Worker End (ms): Min: 9949.6, Avg: 9949.6, Max: 9949.6, Diff: 0.0]
   [Code Root Fixup: 0.0 ms]
   [Code Root Purge: 0.0 ms]
   [Clear CT: 0.3 ms]
   [Other: 1.2 ms]
      [Choose CSet: 0.1 ms]
      [Ref Proc: 0.3 ms]
      [Ref Enq: 0.0 ms]
      [Redirty Cards: 0.2 ms]
      [Humongous Register: 0.1 ms]
      [Humongous Reclaim: 0.1 ms]
      [Free CSet: 0.3 ms]
   [Eden: 7168.0K(7168.0K)->0.0B(753.0M) Survivors: 122.0M->4096.0K Heap: 1007.7M(2048.0M)->852.5M(2048.0M)]
 [Times: user=0.10 sys=0.00, real=0.02 secs] 
2021-01-18T10:16:33.558-0800: 9.959: [GC pause (G1 Humongous Allocation) (young) (initial-mark), 0.0036580 secs]
   [Parallel Time: 2.4 ms, GC Workers: 8]
      [GC Worker Start (ms): Min: 9958.9, Avg: 9959.0, Max: 9959.1, Diff: 0.2]
      [Ext Root Scanning (ms): Min: 0.1, Avg: 0.2, Max: 0.3, Diff: 0.2, Sum: 1.4]
      [Update RS (ms): Min: 1.0, Avg: 1.0, Max: 1.0, Diff: 0.1, Sum: 8.0]
         [Processed Buffers: Min: 7, Avg: 7.8, Max: 9, Diff: 2, Sum: 62]
      [Scan RS (ms): Min: 0.0, Avg: 0.0, Max: 0.0, Diff: 0.0, Sum: 0.0]
      [Code Root Scanning (ms): Min: 0.0, Avg: 0.0, Max: 0.0, Diff: 0.0, Sum: 0.0]
      [Object Copy (ms): Min: 0.9, Avg: 1.0, Max: 1.1, Diff: 0.1, Sum: 8.1]
      [Termination (ms): Min: 0.0, Avg: 0.0, Max: 0.1, Diff: 0.1, Sum: 0.3]
         [Termination Attempts: Min: 1, Avg: 1.0, Max: 1, Diff: 0, Sum: 8]
      [GC Worker Other (ms): Min: 0.0, Avg: 0.0, Max: 0.0, Diff: 0.0, Sum: 0.1]
      [GC Worker Total (ms): Min: 2.2, Avg: 2.2, Max: 2.3, Diff: 0.2, Sum: 17.9]
      [GC Worker End (ms): Min: 9961.3, Avg: 9961.3, Max: 9961.3, Diff: 0.0]
   [Code Root Fixup: 0.0 ms]
   [Code Root Purge: 0.0 ms]
   [Clear CT: 0.2 ms]
   [Other: 1.1 ms]
      [Choose CSet: 0.0 ms]
      [Ref Proc: 0.3 ms]
      [Ref Enq: 0.0 ms]
      [Redirty Cards: 0.2 ms]
      [Humongous Register: 0.1 ms]
      [Humongous Reclaim: 0.1 ms]
      [Free CSet: 0.1 ms]
   [Eden: 30.0M(753.0M)->0.0B(778.0M) Survivors: 4096.0K->13.0M Heap: 888.7M(2048.0M)->861.3M(2048.0M)]
 [Times: user=0.02 sys=0.00, real=0.01 secs] 
2021-01-18T10:16:33.562-0800: 9.962: [GC concurrent-root-region-scan-start]
2021-01-18T10:16:33.562-0800: 9.963: [GC concurrent-root-region-scan-end, 0.0001270 secs]
2021-01-18T10:16:33.562-0800: 9.963: [GC concurrent-mark-start]
2021-01-18T10:16:33.564-0800: 9.965: [GC concurrent-mark-end, 0.0024130 secs]
2021-01-18T10:16:33.565-0800: 9.965: [GC remark 2021-01-18T10:16:33.565-0800: 9.965: [Finalize Marking, 0.0003889 secs] 2021-01-18T10:16:33.565-0800: 9.966: [GC ref-proc, 0.0000660 secs] 2021-01-18T10:16:33.565-0800: 9.966: [Unloading, 0.0006136 secs], 0.0023819 secs]
 [Times: user=0.01 sys=0.00, real=0.00 secs] 
2021-01-18T10:16:33.567-0800: 9.968: [GC cleanup 875M->806M(2048M), 0.0017550 secs]
 [Times: user=0.01 sys=0.01, real=0.00 secs] 
2021-01-18T10:16:33.569-0800: 9.970: [GC concurrent-cleanup-start]
2021-01-18T10:16:33.569-0800: 9.970: [GC concurrent-cleanup-end, 0.0000519 secs]
Heap
 garbage-first heap   total 2097152K, used 1774632K [0x0000000740000000, 0x0000000740104000, 0x00000007c0000000)
  region size 1024K, 745 young (762880K), 13 survivors (13312K)
 Metaspace       used 2595K, capacity 4490K, committed 4864K, reserved 1056768K
  class space    used 278K, capacity 386K, committed 512K, reserved 1048576K
