Java HotSpot(TM) 64-Bit Server VM (25.271-b09) for bsd-amd64 JRE (1.8.0_271-b09), built on Sep 16 2020 16:54:38 by "java_re" with gcc 4.2.1 Compatible Apple LLVM 10.0.0 (clang-1000.11.45.5)
Memory: 4k page, physical 16777216k(194288k free)

/proc/meminfo:

CommandLine flags: -XX:InitialHeapSize=536870912 -XX:MaxHeapSize=536870912 -XX:+PrintGC -XX:+PrintGCDateStamps -XX:+PrintGCDetails -XX:+PrintGCTimeStamps -XX:+UseCompressedClassPointers -XX:+UseCompressedOops -XX:+UseParallelGC 
2021-01-18T10:13:03.194-0800: 0.132: [GC (Allocation Failure) [PSYoungGen: 131051K->21499K(153088K)] 131051K->43123K(502784K), 0.0107445 secs] [Times: user=0.02 sys=0.05, real=0.01 secs] 
2021-01-18T10:13:03.224-0800: 0.161: [GC (Allocation Failure) [PSYoungGen: 153083K->21487K(153088K)] 174707K->79270K(502784K), 0.0134793 secs] [Times: user=0.03 sys=0.07, real=0.01 secs] 
2021-01-18T10:13:03.253-0800: 0.190: [GC (Allocation Failure) [PSYoungGen: 153071K->21502K(153088K)] 210854K->124222K(502784K), 0.0131994 secs] [Times: user=0.04 sys=0.06, real=0.01 secs] 
2021-01-18T10:13:03.281-0800: 0.218: [GC (Allocation Failure) [PSYoungGen: 153086K->21503K(153088K)] 255806K->169714K(502784K), 0.0140439 secs] [Times: user=0.04 sys=0.06, real=0.01 secs] 
2021-01-18T10:13:03.310-0800: 0.247: [GC (Allocation Failure) [PSYoungGen: 153087K->21502K(153088K)] 301298K->215206K(502784K), 0.0142429 secs] [Times: user=0.04 sys=0.06, real=0.01 secs] 
2021-01-18T10:13:03.340-0800: 0.277: [GC (Allocation Failure) [PSYoungGen: 152335K->21497K(80384K)] 346039K->251439K(430080K), 0.0121129 secs] [Times: user=0.04 sys=0.05, real=0.01 secs] 
2021-01-18T10:13:03.359-0800: 0.296: [GC (Allocation Failure) [PSYoungGen: 80328K->35573K(116736K)] 310271K->270261K(466432K), 0.0048042 secs] [Times: user=0.02 sys=0.01, real=0.01 secs] 
2021-01-18T10:13:03.372-0800: 0.310: [GC (Allocation Failure) [PSYoungGen: 94226K->46222K(116736K)] 328915K->288461K(466432K), 0.0078219 secs] [Times: user=0.04 sys=0.01, real=0.01 secs] 
2021-01-18T10:13:03.390-0800: 0.327: [GC (Allocation Failure) [PSYoungGen: 104937K->54918K(116736K)] 347175K->304579K(466432K), 0.0078496 secs] [Times: user=0.05 sys=0.01, real=0.00 secs] 
2021-01-18T10:13:03.408-0800: 0.346: [GC (Allocation Failure) [PSYoungGen: 113778K->37324K(116736K)] 363439K->320207K(466432K), 0.0123920 secs] [Times: user=0.03 sys=0.05, real=0.02 secs] 
2021-01-18T10:13:03.430-0800: 0.367: [GC (Allocation Failure) [PSYoungGen: 96204K->25487K(116736K)] 379087K->343012K(466432K), 0.0118960 secs] [Times: user=0.03 sys=0.04, real=0.01 secs] 
2021-01-18T10:13:03.442-0800: 0.379: [Full GC (Ergonomics) [PSYoungGen: 25487K->0K(116736K)] [ParOldGen: 317525K->244468K(349696K)] 343012K->244468K(466432K), [Metaspace: 2580K->2580K(1056768K)], 0.0364830 secs] [Times: user=0.18 sys=0.01, real=0.03 secs] 
2021-01-18T10:13:03.492-0800: 0.430: [GC (Allocation Failure) [PSYoungGen: 58880K->22149K(116736K)] 303348K->266617K(466432K), 0.0031864 secs] [Times: user=0.02 sys=0.00, real=0.00 secs] 
2021-01-18T10:13:03.508-0800: 0.445: [GC (Allocation Failure) [PSYoungGen: 80827K->22126K(116736K)] 325295K->287357K(466432K), 0.0060632 secs] [Times: user=0.04 sys=0.00, real=0.01 secs] 
2021-01-18T10:13:03.524-0800: 0.462: [GC (Allocation Failure) [PSYoungGen: 80356K->22475K(116736K)] 345587K->308425K(466432K), 0.0066798 secs] [Times: user=0.04 sys=0.00, real=0.01 secs] 
2021-01-18T10:13:03.543-0800: 0.480: [GC (Allocation Failure) [PSYoungGen: 81355K->20665K(116736K)] 367305K->328344K(466432K), 0.0060390 secs] [Times: user=0.04 sys=0.00, real=0.00 secs] 
2021-01-18T10:13:03.549-0800: 0.486: [Full GC (Ergonomics) [PSYoungGen: 20665K->0K(116736K)] [ParOldGen: 307678K->271071K(349696K)] 328344K->271071K(466432K), [Metaspace: 2580K->2580K(1056768K)], 0.0327359 secs] [Times: user=0.16 sys=0.00, real=0.04 secs] 
2021-01-18T10:13:03.591-0800: 0.529: [GC (Allocation Failure) [PSYoungGen: 58750K->20695K(116736K)] 329822K->291766K(466432K), 0.0040260 secs] [Times: user=0.02 sys=0.00, real=0.00 secs] 
2021-01-18T10:13:03.602-0800: 0.540: [GC (Allocation Failure) [PSYoungGen: 79575K->25256K(116736K)] 350646K->316506K(466432K), 0.0058588 secs] [Times: user=0.03 sys=0.00, real=0.00 secs] 
2021-01-18T10:13:03.615-0800: 0.553: [GC (Allocation Failure) [PSYoungGen: 84033K->24317K(116736K)] 375284K->339132K(466432K), 0.0059093 secs] [Times: user=0.03 sys=0.00, real=0.01 secs] 
2021-01-18T10:13:03.621-0800: 0.559: [Full GC (Ergonomics) [PSYoungGen: 24317K->0K(116736K)] [ParOldGen: 314815K->295993K(349696K)] 339132K->295993K(466432K), [Metaspace: 2580K->2580K(1056768K)], 0.0342205 secs] [Times: user=0.20 sys=0.01, real=0.03 secs] 
2021-01-18T10:13:03.663-0800: 0.600: [GC (Allocation Failure) [PSYoungGen: 58880K->16468K(116736K)] 354873K->312461K(466432K), 0.0027982 secs] [Times: user=0.02 sys=0.00, real=0.00 secs] 
2021-01-18T10:13:03.673-0800: 0.610: [GC (Allocation Failure) [PSYoungGen: 75004K->22062K(116736K)] 370997K->333171K(466432K), 0.0045388 secs] [Times: user=0.03 sys=0.00, real=0.00 secs] 
2021-01-18T10:13:03.677-0800: 0.615: [Full GC (Ergonomics) [PSYoungGen: 22062K->0K(116736K)] [ParOldGen: 311108K->305683K(349696K)] 333171K->305683K(466432K), [Metaspace: 2580K->2580K(1056768K)], 0.0337025 secs] [Times: user=0.19 sys=0.00, real=0.04 secs] 
2021-01-18T10:13:03.718-0800: 0.655: [GC (Allocation Failure) [PSYoungGen: 58237K->22279K(116736K)] 363920K->327962K(466432K), 0.0032153 secs] [Times: user=0.02 sys=0.00, real=0.01 secs] 
2021-01-18T10:13:03.730-0800: 0.667: [GC (Allocation Failure) [PSYoungGen: 81159K->18312K(116736K)] 386842K->344730K(466432K), 0.0060633 secs] [Times: user=0.02 sys=0.01, real=0.00 secs] 
2021-01-18T10:13:03.736-0800: 0.673: [Full GC (Ergonomics) [PSYoungGen: 18312K->0K(116736K)] [ParOldGen: 326417K->314232K(349696K)] 344730K->314232K(466432K), [Metaspace: 2580K->2580K(1056768K)], 0.0391718 secs] [Times: user=0.22 sys=0.01, real=0.04 secs] 
2021-01-18T10:13:03.789-0800: 0.726: [Full GC (Ergonomics) [PSYoungGen: 58880K->0K(116736K)] [ParOldGen: 314232K->316479K(349696K)] 373112K->316479K(466432K), [Metaspace: 2580K->2580K(1056768K)], 0.0413762 secs] [Times: user=0.23 sys=0.00, real=0.05 secs] 
2021-01-18T10:13:03.846-0800: 0.783: [Full GC (Ergonomics) [PSYoungGen: 58814K->0K(116736K)] [ParOldGen: 316479K->322545K(349696K)] 375293K->322545K(466432K), [Metaspace: 2580K->2580K(1056768K)], 0.0395703 secs] [Times: user=0.23 sys=0.01, real=0.04 secs] 
2021-01-18T10:13:03.898-0800: 0.836: [Full GC (Ergonomics) [PSYoungGen: 58808K->0K(116736K)] [ParOldGen: 322545K->330452K(349696K)] 381353K->330452K(466432K), [Metaspace: 2580K->2580K(1056768K)], 0.0416653 secs] [Times: user=0.23 sys=0.01, real=0.05 secs] 
2021-01-18T10:13:03.953-0800: 0.891: [Full GC (Ergonomics) [PSYoungGen: 58880K->0K(116736K)] [ParOldGen: 330452K->335471K(349696K)] 389332K->335471K(466432K), [Metaspace: 2580K->2580K(1056768K)], 0.0417403 secs] [Times: user=0.23 sys=0.01, real=0.04 secs] 
2021-01-18T10:13:04.009-0800: 0.946: [Full GC (Ergonomics) [PSYoungGen: 58794K->0K(116736K)] [ParOldGen: 335471K->335304K(349696K)] 394265K->335304K(466432K), [Metaspace: 2580K->2580K(1056768K)], 0.0394008 secs] [Times: user=0.24 sys=0.01, real=0.04 secs] 
2021-01-18T10:13:04.064-0800: 1.002: [Full GC (Ergonomics) [PSYoungGen: 58616K->0K(116736K)] [ParOldGen: 335304K->335956K(349696K)] 393920K->335956K(466432K), [Metaspace: 2580K->2580K(1056768K)], 0.0406319 secs] [Times: user=0.26 sys=0.00, real=0.04 secs] 
2021-01-18T10:13:04.124-0800: 1.061: [Full GC (Ergonomics) [PSYoungGen: 58880K->0K(116736K)] [ParOldGen: 335956K->338305K(349696K)] 394836K->338305K(466432K), [Metaspace: 2580K->2580K(1056768K)], 0.0477989 secs] [Times: user=0.19 sys=0.01, real=0.05 secs] 
2021-01-18T10:13:04.184-0800: 1.122: [Full GC (Ergonomics) [PSYoungGen: 58858K->0K(116736K)] [ParOldGen: 338305K->342394K(349696K)] 397164K->342394K(466432K), [Metaspace: 2580K->2580K(1056768K)], 0.0537062 secs] [Times: user=0.19 sys=0.00, real=0.05 secs] 
2021-01-18T10:13:04.253-0800: 1.190: [Full GC (Ergonomics) [PSYoungGen: 58880K->0K(116736K)] [ParOldGen: 342394K->345898K(349696K)] 401274K->345898K(466432K), [Metaspace: 2580K->2580K(1056768K)], 0.0585743 secs] [Times: user=0.21 sys=0.01, real=0.06 secs] 
2021-01-18T10:13:04.359-0800: 1.297: [Full GC (Ergonomics) [PSYoungGen: 58880K->0K(116736K)] [ParOldGen: 345898K->347179K(349696K)] 404778K->347179K(466432K), [Metaspace: 2580K->2580K(1056768K)], 0.0795992 secs] [Times: user=0.15 sys=0.01, real=0.08 secs] 
2021-01-18T10:13:04.457-0800: 1.394: [Full GC (Ergonomics) [PSYoungGen: 58869K->0K(116736K)] [ParOldGen: 347179K->348708K(349696K)] 406048K->348708K(466432K), [Metaspace: 2580K->2580K(1056768K)], 0.0442014 secs] [Times: user=0.19 sys=0.00, real=0.05 secs] 
2021-01-18T10:13:04.517-0800: 1.454: [Full GC (Ergonomics) [PSYoungGen: 58880K->5610K(116736K)] [ParOldGen: 348708K->349691K(349696K)] 407588K->355302K(466432K), [Metaspace: 2580K->2580K(1056768K)], 0.0472843 secs] [Times: user=0.19 sys=0.01, real=0.05 secs] 
2021-01-18T10:13:04.581-0800: 1.518: [Full GC (Ergonomics) [PSYoungGen: 58538K->6437K(116736K)] [ParOldGen: 349691K->349400K(349696K)] 408229K->355838K(466432K), [Metaspace: 2580K->2580K(1056768K)], 0.0500145 secs] [Times: user=0.23 sys=0.00, real=0.05 secs] 
2021-01-18T10:13:04.646-0800: 1.584: [Full GC (Ergonomics) [PSYoungGen: 58880K->2600K(116736K)] [ParOldGen: 349400K->349420K(349696K)] 408280K->352021K(466432K), [Metaspace: 2580K->2580K(1056768K)], 0.0509652 secs] [Times: user=0.20 sys=0.00, real=0.05 secs] 
2021-01-18T10:13:04.711-0800: 1.648: [Full GC (Ergonomics) [PSYoungGen: 58550K->3537K(116736K)] [ParOldGen: 349420K->349451K(349696K)] 407971K->352989K(466432K), [Metaspace: 2580K->2580K(1056768K)], 0.0475096 secs] [Times: user=0.20 sys=0.01, real=0.04 secs] 
2021-01-18T10:13:04.773-0800: 1.710: [Full GC (Ergonomics) [PSYoungGen: 58603K->1674K(116736K)] [ParOldGen: 349451K->349445K(349696K)] 408054K->351120K(466432K), [Metaspace: 2580K->2580K(1056768K)], 0.0473706 secs] [Times: user=0.23 sys=0.00, real=0.05 secs] 
2021-01-18T10:13:04.833-0800: 1.771: [Full GC (Ergonomics) [PSYoungGen: 58880K->1256K(116736K)] [ParOldGen: 349445K->349219K(349696K)] 408325K->350475K(466432K), [Metaspace: 2580K->2580K(1056768K)], 0.0421720 secs] [Times: user=0.26 sys=0.00, real=0.04 secs] 
2021-01-18T10:13:04.887-0800: 1.825: [Full GC (Ergonomics) [PSYoungGen: 58747K->0K(116736K)] [ParOldGen: 349219K->349656K(349696K)] 407966K->349656K(466432K), [Metaspace: 2580K->2580K(1056768K)], 0.0429982 secs] [Times: user=0.24 sys=0.01, real=0.05 secs] 
2021-01-18T10:13:04.943-0800: 1.880: [Full GC (Ergonomics) [PSYoungGen: 58880K->240K(116736K)] [ParOldGen: 349656K->349687K(349696K)] 408536K->349927K(466432K), [Metaspace: 2580K->2580K(1056768K)], 0.0434115 secs] [Times: user=0.26 sys=0.00, real=0.04 secs] 
2021-01-18T10:13:04.999-0800: 1.936: [Full GC (Ergonomics) [PSYoungGen: 58734K->0K(116736K)] [ParOldGen: 349687K->348983K(349696K)] 408421K->348983K(466432K), [Metaspace: 2580K->2580K(1056768K)], 0.0450010 secs] [Times: user=0.25 sys=0.01, real=0.05 secs] 
2021-01-18T10:13:05.058-0800: 1.995: [Full GC (Ergonomics) [PSYoungGen: 58448K->0K(116736K)] [ParOldGen: 348983K->345431K(349696K)] 407431K->345431K(466432K), [Metaspace: 2580K->2580K(1056768K)], 0.0474608 secs] [Times: user=0.25 sys=0.00, real=0.05 secs] 
2021-01-18T10:13:05.120-0800: 2.057: [Full GC (Ergonomics) [PSYoungGen: 58880K->0K(116736K)] [ParOldGen: 345431K->344667K(349696K)] 404311K->344667K(466432K), [Metaspace: 2580K->2580K(1056768K)], 0.0451438 secs] [Times: user=0.23 sys=0.01, real=0.04 secs] 
2021-01-18T10:13:05.179-0800: 2.117: [Full GC (Ergonomics) [PSYoungGen: 58880K->0K(116736K)] [ParOldGen: 344667K->345821K(349696K)] 403547K->345821K(466432K), [Metaspace: 2580K->2580K(1056768K)], 0.0417720 secs] [Times: user=0.27 sys=0.00, real=0.05 secs] 
2021-01-18T10:13:05.235-0800: 2.172: [Full GC (Ergonomics) [PSYoungGen: 58880K->0K(116736K)] [ParOldGen: 345821K->346813K(349696K)] 404701K->346813K(466432K), [Metaspace: 2580K->2580K(1056768K)], 0.0430285 secs] [Times: user=0.28 sys=0.01, real=0.04 secs] 
2021-01-18T10:13:05.291-0800: 2.229: [Full GC (Ergonomics) [PSYoungGen: 58880K->0K(116736K)] [ParOldGen: 346813K->347415K(349696K)] 405693K->347415K(466432K), [Metaspace: 2580K->2580K(1056768K)], 0.0474672 secs] [Times: user=0.27 sys=0.00, real=0.04 secs] 
2021-01-18T10:13:05.353-0800: 2.290: [Full GC (Ergonomics) [PSYoungGen: 58880K->405K(116736K)] [ParOldGen: 347415K->349674K(349696K)] 406295K->350080K(466432K), [Metaspace: 2580K->2580K(1056768K)], 0.0468631 secs] [Times: user=0.24 sys=0.01, real=0.05 secs] 
2021-01-18T10:13:05.415-0800: 2.353: [Full GC (Ergonomics) [PSYoungGen: 58790K->2152K(116736K)] [ParOldGen: 349674K->349525K(349696K)] 408465K->351678K(466432K), [Metaspace: 2580K->2580K(1056768K)], 0.0450481 secs] [Times: user=0.23 sys=0.00, real=0.05 secs] 
2021-01-18T10:13:05.477-0800: 2.415: [Full GC (Ergonomics) [PSYoungGen: 58435K->6759K(116736K)] [ParOldGen: 349525K->349474K(349696K)] 407961K->356234K(466432K), [Metaspace: 2580K->2580K(1056768K)], 0.0460736 secs] [Times: user=0.26 sys=0.00, real=0.05 secs] 
2021-01-18T10:13:05.534-0800: 2.472: [Full GC (Ergonomics) [PSYoungGen: 58245K->11489K(116736K)] [ParOldGen: 349474K->349560K(349696K)] 407720K->361049K(466432K), [Metaspace: 2580K->2580K(1056768K)], 0.0496037 secs] [Times: user=0.27 sys=0.01, real=0.05 secs] 
2021-01-18T10:13:05.597-0800: 2.534: [Full GC (Ergonomics) [PSYoungGen: 58880K->14822K(116736K)] [ParOldGen: 349560K->349656K(349696K)] 408440K->364479K(466432K), [Metaspace: 2580K->2580K(1056768K)], 0.0459482 secs] [Times: user=0.24 sys=0.00, real=0.05 secs] 
2021-01-18T10:13:05.655-0800: 2.592: [Full GC (Ergonomics) [PSYoungGen: 58880K->12099K(116736K)] [ParOldGen: 349656K->349364K(349696K)] 408536K->361463K(466432K), [Metaspace: 2580K->2580K(1056768K)], 0.0458263 secs] [Times: user=0.24 sys=0.01, real=0.05 secs] 
2021-01-18T10:13:05.714-0800: 2.652: [Full GC (Ergonomics) [PSYoungGen: 58794K->8493K(116736K)] [ParOldGen: 349364K->349082K(349696K)] 408158K->357576K(466432K), [Metaspace: 2580K->2580K(1056768K)], 0.0463647 secs] [Times: user=0.25 sys=0.00, real=0.05 secs] 
2021-01-18T10:13:05.776-0800: 2.713: [Full GC (Ergonomics) [PSYoungGen: 58880K->10237K(116736K)] [ParOldGen: 349082K->349289K(349696K)] 407962K->359527K(466432K), [Metaspace: 2580K->2580K(1056768K)], 0.0477551 secs] [Times: user=0.27 sys=0.01, real=0.05 secs] 
2021-01-18T10:13:05.837-0800: 2.774: [Full GC (Ergonomics) [PSYoungGen: 58880K->4343K(116736K)] [ParOldGen: 349289K->349608K(349696K)] 408169K->353951K(466432K), [Metaspace: 2580K->2580K(1056768K)], 0.0453776 secs] [Times: user=0.24 sys=0.00, real=0.05 secs] 
2021-01-18T10:13:05.896-0800: 2.833: [Full GC (Ergonomics) [PSYoungGen: 58223K->4161K(116736K)] [ParOldGen: 349608K->349476K(349696K)] 407831K->353637K(466432K), [Metaspace: 2580K->2580K(1056768K)], 0.0451572 secs] [Times: user=0.25 sys=0.01, real=0.05 secs] 
2021-01-18T10:13:05.954-0800: 2.892: [Full GC (Ergonomics) [PSYoungGen: 58880K->0K(116736K)] [ParOldGen: 349476K->348555K(349696K)] 408356K->348555K(466432K), [Metaspace: 2580K->2580K(1056768K)], 0.0483304 secs] [Times: user=0.25 sys=0.01, real=0.05 secs] 
2021-01-18T10:13:06.018-0800: 2.956: [Full GC (Ergonomics) [PSYoungGen: 58880K->0K(116736K)] [ParOldGen: 348555K->348587K(349696K)] 407435K->348587K(466432K), [Metaspace: 2580K->2580K(1056768K)], 0.0475840 secs] [Times: user=0.24 sys=0.00, real=0.05 secs] 
2021-01-18T10:13:06.081-0800: 3.018: [Full GC (Ergonomics) [PSYoungGen: 58190K->2545K(116736K)] [ParOldGen: 348587K->349494K(349696K)] 406777K->352039K(466432K), [Metaspace: 2580K->2580K(1056768K)], 0.0441716 secs] [Times: user=0.23 sys=0.01, real=0.04 secs] 
2021-01-18T10:13:06.139-0800: 3.077: [Full GC (Ergonomics) [PSYoungGen: 58880K->3119K(116736K)] [ParOldGen: 349494K->349358K(349696K)] 408374K->352477K(466432K), [Metaspace: 2580K->2580K(1056768K)], 0.0454765 secs] [Times: user=0.27 sys=0.00, real=0.05 secs] 
2021-01-18T10:13:06.198-0800: 3.136: [Full GC (Ergonomics) [PSYoungGen: 58838K->4579K(116736K)] [ParOldGen: 349358K->349255K(349696K)] 408197K->353835K(466432K), [Metaspace: 2580K->2580K(1056768K)], 0.0462270 secs] [Times: user=0.29 sys=0.01, real=0.05 secs] 
2021-01-18T10:13:06.257-0800: 3.194: [Full GC (Ergonomics) [PSYoungGen: 58880K->2202K(116736K)] [ParOldGen: 349255K->349549K(349696K)] 408135K->351752K(466432K), [Metaspace: 2580K->2580K(1056768K)], 0.0466052 secs] [Times: user=0.26 sys=0.00, real=0.05 secs] 
2021-01-18T10:13:06.317-0800: 3.254: [Full GC (Ergonomics) [PSYoungGen: 58880K->7082K(116736K)] [ParOldGen: 349549K->349297K(349696K)] 408429K->356380K(466432K), [Metaspace: 2580K->2580K(1056768K)], 0.0411578 secs] [Times: user=0.27 sys=0.00, real=0.04 secs] 
2021-01-18T10:13:06.370-0800: 3.307: [Full GC (Ergonomics) [PSYoungGen: 58880K->8373K(116736K)] [ParOldGen: 349297K->348966K(349696K)] 408177K->357340K(466432K), [Metaspace: 2580K->2580K(1056768K)], 0.0449236 secs] [Times: user=0.28 sys=0.01, real=0.04 secs] 
2021-01-18T10:13:06.426-0800: 3.363: [Full GC (Ergonomics) [PSYoungGen: 58479K->5136K(116736K)] [ParOldGen: 348966K->349604K(349696K)] 407446K->354740K(466432K), [Metaspace: 2580K->2580K(1056768K)], 0.0482171 secs] [Times: user=0.28 sys=0.00, real=0.05 secs] 
2021-01-18T10:13:06.489-0800: 3.427: [Full GC (Ergonomics) [PSYoungGen: 58880K->3784K(116736K)] [ParOldGen: 349604K->349524K(349696K)] 408484K->353309K(466432K), [Metaspace: 2580K->2580K(1056768K)], 0.0445914 secs] [Times: user=0.25 sys=0.01, real=0.05 secs] 
2021-01-18T10:13:06.547-0800: 3.484: [Full GC (Ergonomics) [PSYoungGen: 58614K->4026K(116736K)] [ParOldGen: 349524K->349458K(349696K)] 408138K->353485K(466432K), [Metaspace: 2580K->2580K(1056768K)], 0.0447359 secs] [Times: user=0.26 sys=0.00, real=0.05 secs] 
2021-01-18T10:13:06.606-0800: 3.543: [Full GC (Ergonomics) [PSYoungGen: 58880K->3163K(116736K)] [ParOldGen: 349458K->349248K(349696K)] 408338K->352411K(466432K), [Metaspace: 2580K->2580K(1056768K)], 0.0465154 secs] [Times: user=0.25 sys=0.00, real=0.05 secs] 
2021-01-18T10:13:06.668-0800: 3.605: [Full GC (Ergonomics) [PSYoungGen: 58446K->1191K(116736K)] [ParOldGen: 349248K->349152K(349696K)] 407694K->350344K(466432K), [Metaspace: 2580K->2580K(1056768K)], 0.0475214 secs] [Times: user=0.23 sys=0.01, real=0.05 secs] 
2021-01-18T10:13:06.728-0800: 3.666: [Full GC (Ergonomics) [PSYoungGen: 58641K->6551K(116736K)] [ParOldGen: 349152K->349410K(349696K)] 407794K->355962K(466432K), [Metaspace: 2580K->2580K(1056768K)], 0.0455230 secs] [Times: user=0.23 sys=0.00, real=0.05 secs] 
2021-01-18T10:13:06.786-0800: 3.724: [Full GC (Ergonomics) [PSYoungGen: 58880K->3972K(116736K)] [ParOldGen: 349410K->349609K(349696K)] 408290K->353581K(466432K), [Metaspace: 2580K->2580K(1056768K)], 0.0515654 secs] [Times: user=0.23 sys=0.01, real=0.05 secs] 
2021-01-18T10:13:06.851-0800: 3.788: [Full GC (Ergonomics) [PSYoungGen: 58880K->6888K(116736K)] [ParOldGen: 349609K->349586K(349696K)] 408489K->356474K(466432K), [Metaspace: 2580K->2580K(1056768K)], 0.0458195 secs] [Times: user=0.23 sys=0.01, real=0.04 secs] 
2021-01-18T10:13:06.910-0800: 3.848: [Full GC (Ergonomics) [PSYoungGen: 58582K->5464K(116736K)] [ParOldGen: 349586K->349563K(349696K)] 408168K->355028K(466432K), [Metaspace: 2580K->2580K(1056768K)], 0.0444308 secs] [Times: user=0.23 sys=0.00, real=0.04 secs] 
2021-01-18T10:13:06.969-0800: 3.906: [Full GC (Ergonomics) [PSYoungGen: 58561K->3612K(116736K)] [ParOldGen: 349563K->349236K(349696K)] 408125K->352849K(466432K), [Metaspace: 2580K->2580K(1056768K)], 0.0475478 secs] [Times: user=0.24 sys=0.01, real=0.05 secs] 
2021-01-18T10:13:07.031-0800: 3.969: [Full GC (Ergonomics) [PSYoungGen: 58359K->4752K(116736K)] [ParOldGen: 349236K->349390K(349696K)] 407595K->354142K(466432K), [Metaspace: 2580K->2580K(1056768K)], 0.0457431 secs] [Times: user=0.25 sys=0.00, real=0.04 secs] 
2021-01-18T10:13:07.089-0800: 4.027: [Full GC (Ergonomics) [PSYoungGen: 58880K->5543K(116736K)] [ParOldGen: 349390K->349079K(349696K)] 408270K->354623K(466432K), [Metaspace: 2580K->2580K(1056768K)], 0.0469455 secs] [Times: user=0.26 sys=0.01, real=0.05 secs] 
2021-01-18T10:13:07.152-0800: 4.089: [Full GC (Ergonomics) [PSYoungGen: 58880K->2127K(116736K)] [ParOldGen: 349079K->349031K(349696K)] 407959K->351158K(466432K), [Metaspace: 2580K->2580K(1056768K)], 0.0435038 secs] [Times: user=0.26 sys=0.00, real=0.04 secs] 
2021-01-18T10:13:07.210-0800: 4.147: [Full GC (Ergonomics) [PSYoungGen: 58692K->3083K(116736K)] [ParOldGen: 349031K->349433K(349696K)] 407723K->352517K(466432K), [Metaspace: 2580K->2580K(1056768K)], 0.0434172 secs] [Times: user=0.28 sys=0.01, real=0.04 secs] 
2021-01-18T10:13:07.266-0800: 4.203: [Full GC (Ergonomics) [PSYoungGen: 58453K->4985K(116736K)] [ParOldGen: 349433K->349565K(349696K)] 407887K->354551K(466432K), [Metaspace: 2580K->2580K(1056768K)], 0.0447968 secs] [Times: user=0.29 sys=0.00, real=0.05 secs] 
2021-01-18T10:13:07.324-0800: 4.261: [Full GC (Ergonomics) [PSYoungGen: 58700K->11266K(116736K)] [ParOldGen: 349565K->349669K(349696K)] 408266K->360936K(466432K), [Metaspace: 2580K->2580K(1056768K)], 0.0440784 secs] [Times: user=0.26 sys=0.01, real=0.04 secs] 
2021-01-18T10:13:07.379-0800: 4.317: [Full GC (Ergonomics) [PSYoungGen: 58880K->14323K(116736K)] [ParOldGen: 349669K->349383K(349696K)] 408549K->363706K(466432K), [Metaspace: 2580K->2580K(1056768K)], 0.0462272 secs] [Times: user=0.28 sys=0.00, real=0.05 secs] 
2021-01-18T10:13:07.435-0800: 4.373: [Full GC (Ergonomics) [PSYoungGen: 58880K->13111K(116736K)] [ParOldGen: 349383K->349385K(349696K)] 408263K->362497K(466432K), [Metaspace: 2580K->2580K(1056768K)], 0.0464480 secs] [Times: user=0.28 sys=0.01, real=0.05 secs] 
2021-01-18T10:13:07.495-0800: 4.433: [Full GC (Ergonomics) [PSYoungGen: 58880K->11826K(116736K)] [ParOldGen: 349385K->349071K(349696K)] 408265K->360898K(466432K), [Metaspace: 2580K->2580K(1056768K)], 0.0442352 secs] [Times: user=0.28 sys=0.00, real=0.05 secs] 
2021-01-18T10:13:07.552-0800: 4.489: [Full GC (Ergonomics) [PSYoungGen: 58375K->8987K(116736K)] [ParOldGen: 349071K->349658K(349696K)] 407447K->358645K(466432K), [Metaspace: 2580K->2580K(1056768K)], 0.0432202 secs] [Times: user=0.26 sys=0.01, real=0.04 secs] 
2021-01-18T10:13:07.607-0800: 4.545: [Full GC (Ergonomics) [PSYoungGen: 58409K->11862K(116736K)] [ParOldGen: 349658K->349276K(349696K)] 408067K->361139K(466432K), [Metaspace: 2580K->2580K(1056768K)], 0.0420906 secs] [Times: user=0.27 sys=0.00, real=0.04 secs] 
2021-01-18T10:13:07.661-0800: 4.599: [Full GC (Ergonomics) [PSYoungGen: 58880K->10000K(116736K)] [ParOldGen: 349276K->349642K(349696K)] 408156K->359643K(466432K), [Metaspace: 2580K->2580K(1056768K)], 0.0435405 secs] [Times: user=0.30 sys=0.00, real=0.04 secs] 
2021-01-18T10:13:07.716-0800: 4.653: [Full GC (Ergonomics) [PSYoungGen: 58880K->7782K(116736K)] [ParOldGen: 349642K->349695K(349696K)] 408522K->357477K(466432K), [Metaspace: 2580K->2580K(1056768K)], 0.0430295 secs] [Times: user=0.29 sys=0.01, real=0.04 secs] 
2021-01-18T10:13:07.771-0800: 4.708: [Full GC (Ergonomics) [PSYoungGen: 58361K->8115K(116736K)] [ParOldGen: 349695K->349522K(349696K)] 408056K->357637K(466432K), [Metaspace: 2580K->2580K(1056768K)], 0.0425799 secs] [Times: user=0.29 sys=0.00, real=0.04 secs] 
2021-01-18T10:13:07.826-0800: 4.763: [Full GC (Ergonomics) [PSYoungGen: 58880K->11079K(116736K)] [ParOldGen: 349522K->349323K(349696K)] 408402K->360402K(466432K), [Metaspace: 2580K->2580K(1056768K)], 0.0496297 secs] [Times: user=0.28 sys=0.01, real=0.05 secs] 
2021-01-18T10:13:07.887-0800: 4.824: [Full GC (Ergonomics) [PSYoungGen: 58880K->11056K(116736K)] [ParOldGen: 349323K->349534K(349696K)] 408203K->360591K(466432K), [Metaspace: 2580K->2580K(1056768K)], 0.0464285 secs] [Times: user=0.30 sys=0.00, real=0.05 secs] 
2021-01-18T10:13:07.943-0800: 4.881: [Full GC (Ergonomics) [PSYoungGen: 58880K->13348K(116736K)] [ParOldGen: 349534K->349436K(349696K)] 408414K->362785K(466432K), [Metaspace: 2580K->2580K(1056768K)], 0.0413452 secs] [Times: user=0.26 sys=0.00, real=0.04 secs] 
2021-01-18T10:13:07.997-0800: 4.934: [Full GC (Ergonomics) [PSYoungGen: 58747K->18189K(116736K)] [ParOldGen: 349436K->348981K(349696K)] 408184K->367170K(466432K), [Metaspace: 2580K->2580K(1056768K)], 0.0465424 secs] [Times: user=0.29 sys=0.01, real=0.05 secs] 
2021-01-18T10:13:08.054-0800: 4.992: [Full GC (Ergonomics) [PSYoungGen: 58875K->18628K(116736K)] [ParOldGen: 348981K->349392K(349696K)] 407857K->368021K(466432K), [Metaspace: 2580K->2580K(1056768K)], 0.0426566 secs] [Times: user=0.29 sys=0.00, real=0.04 secs] 
2021-01-18T10:13:08.107-0800: 5.044: [Full GC (Ergonomics) [PSYoungGen: 58880K->19820K(116736K)] [ParOldGen: 349392K->349528K(349696K)] 408272K->369348K(466432K), [Metaspace: 2580K->2580K(1056768K)], 0.0424992 secs] [Times: user=0.29 sys=0.01, real=0.04 secs] 
2021-01-18T10:13:08.157-0800: 5.094: [Full GC (Ergonomics) [PSYoungGen: 58599K->23306K(116736K)] [ParOldGen: 349528K->349489K(349696K)] 408128K->372795K(466432K), [Metaspace: 2580K->2580K(1056768K)], 0.0436149 secs] [Times: user=0.29 sys=0.00, real=0.05 secs] 
2021-01-18T10:13:08.209-0800: 5.146: [Full GC (Ergonomics) [PSYoungGen: 58547K->23694K(116736K)] [ParOldGen: 349489K->349504K(349696K)] 408036K->373198K(466432K), [Metaspace: 2580K->2580K(1056768K)], 0.0448503 secs] [Times: user=0.31 sys=0.00, real=0.05 secs] 
2021-01-18T10:13:08.261-0800: 5.198: [Full GC (Ergonomics) [PSYoungGen: 58774K->23310K(116736K)] [ParOldGen: 349504K->348706K(349696K)] 408278K->372016K(466432K), [Metaspace: 2580K->2580K(1056768K)], 0.0442918 secs] [Times: user=0.30 sys=0.01, real=0.04 secs] 
2021-01-18T10:13:08.312-0800: 5.250: [Full GC (Ergonomics) [PSYoungGen: 58251K->20608K(116736K)] [ParOldGen: 348706K->349448K(349696K)] 406957K->370057K(466432K), [Metaspace: 2580K->2580K(1056768K)], 0.0458093 secs] [Times: user=0.28 sys=0.00, real=0.04 secs] 
2021-01-18T10:13:08.367-0800: 5.305: [Full GC (Ergonomics) [PSYoungGen: 58880K->17943K(116736K)] [ParOldGen: 349448K->349269K(349696K)] 408328K->367212K(466432K), [Metaspace: 2580K->2580K(1056768K)], 0.0437512 secs] [Times: user=0.30 sys=0.01, real=0.05 secs] 
2021-01-18T10:13:08.420-0800: 5.357: [Full GC (Ergonomics) [PSYoungGen: 58632K->20591K(116736K)] [ParOldGen: 349269K->349615K(349696K)] 407901K->370207K(466432K), [Metaspace: 2580K->2580K(1056768K)], 0.0459719 secs] [Times: user=0.32 sys=0.00, real=0.04 secs] 
2021-01-18T10:13:08.474-0800: 5.411: [Full GC (Ergonomics) [PSYoungGen: 58612K->24172K(116736K)] [ParOldGen: 349615K->349690K(349696K)] 408228K->373863K(466432K), [Metaspace: 2580K->2580K(1056768K)], 0.0438724 secs] [Times: user=0.27 sys=0.00, real=0.04 secs] 
2021-01-18T10:13:08.526-0800: 5.463: [Full GC (Ergonomics) [PSYoungGen: 58847K->25681K(116736K)] [ParOldGen: 349690K->349164K(349696K)] 408538K->374845K(466432K), [Metaspace: 2580K->2580K(1056768K)], 0.0386977 secs] [Times: user=0.28 sys=0.01, real=0.04 secs] 
2021-01-18T10:13:08.568-0800: 5.505: [Full GC (Ergonomics) [PSYoungGen: 58831K->23825K(116736K)] [ParOldGen: 349164K->349527K(349696K)] 407996K->373353K(466432K), [Metaspace: 2580K->2580K(1056768K)], 0.0376168 secs] [Times: user=0.27 sys=0.00, real=0.04 secs] 
2021-01-18T10:13:08.610-0800: 5.547: [Full GC (Ergonomics) [PSYoungGen: 58880K->21231K(116736K)] [ParOldGen: 349527K->349267K(349696K)] 408407K->370498K(466432K), [Metaspace: 2580K->2580K(1056768K)], 0.0386527 secs] [Times: user=0.28 sys=0.00, real=0.03 secs] 
2021-01-18T10:13:08.653-0800: 5.591: [Full GC (Ergonomics) [PSYoungGen: 58761K->22417K(116736K)] [ParOldGen: 349267K->349526K(349696K)] 408029K->371943K(466432K), [Metaspace: 2580K->2580K(1056768K)], 0.0392523 secs] [Times: user=0.27 sys=0.00, real=0.04 secs] 
2021-01-18T10:13:08.698-0800: 5.635: [Full GC (Ergonomics) [PSYoungGen: 58880K->20437K(116736K)] [ParOldGen: 349526K->349590K(349696K)] 408406K->370028K(466432K), [Metaspace: 2580K->2580K(1056768K)], 0.0386230 secs] [Times: user=0.27 sys=0.01, real=0.04 secs] 
2021-01-18T10:13:08.740-0800: 5.678: [Full GC (Ergonomics) [PSYoungGen: 58880K->18071K(116736K)] [ParOldGen: 349590K->349672K(349696K)] 408470K->367744K(466432K), [Metaspace: 2580K->2580K(1056768K)], 0.0373640 secs] [Times: user=0.27 sys=0.00, real=0.03 secs] 
2021-01-18T10:13:08.784-0800: 5.721: [Full GC (Ergonomics) [PSYoungGen: 58784K->17604K(116736K)] [ParOldGen: 349672K->349695K(349696K)] 408456K->367299K(466432K), [Metaspace: 2580K->2580K(1056768K)], 0.0388483 secs] [Times: user=0.28 sys=0.00, real=0.04 secs] 
2021-01-18T10:13:08.828-0800: 5.765: [Full GC (Ergonomics) [PSYoungGen: 58768K->17243K(116736K)] [ParOldGen: 349695K->349536K(349696K)] 408464K->366779K(466432K), [Metaspace: 2580K->2580K(1056768K)], 0.0384922 secs] [Times: user=0.24 sys=0.00, real=0.04 secs] 
2021-01-18T10:13:08.871-0800: 5.809: [Full GC (Ergonomics) [PSYoungGen: 58758K->15940K(116736K)] [ParOldGen: 349536K->349453K(349696K)] 408295K->365393K(466432K), [Metaspace: 2580K->2580K(1056768K)], 0.0370340 secs] [Times: user=0.26 sys=0.01, real=0.03 secs] 
2021-01-18T10:13:08.914-0800: 5.851: [Full GC (Ergonomics) [PSYoungGen: 58880K->14171K(116736K)] [ParOldGen: 349453K->349263K(349696K)] 408333K->363434K(466432K), [Metaspace: 2580K->2580K(1056768K)], 0.0369151 secs] [Times: user=0.27 sys=0.00, real=0.04 secs] 
2021-01-18T10:13:08.956-0800: 5.893: [Full GC (Ergonomics) [PSYoungGen: 58880K->12930K(116736K)] [ParOldGen: 349263K->349597K(349696K)] 408143K->362528K(466432K), [Metaspace: 2580K->2580K(1056768K)], 0.0388104 secs] [Times: user=0.28 sys=0.00, real=0.04 secs] 
2021-01-18T10:13:09.000-0800: 5.937: [Full GC (Ergonomics) [PSYoungGen: 58769K->15128K(116736K)] [ParOldGen: 349597K->349671K(349696K)] 408367K->364800K(466432K), [Metaspace: 2580K->2580K(1056768K)], 0.0389727 secs] [Times: user=0.26 sys=0.01, real=0.03 secs] 
2021-01-18T10:13:09.044-0800: 5.982: [Full GC (Ergonomics) [PSYoungGen: 58868K->19049K(116736K)] [ParOldGen: 349671K->349284K(349696K)] 408540K->368333K(466432K), [Metaspace: 2580K->2580K(1056768K)], 0.0343672 secs] [Times: user=0.23 sys=0.00, real=0.03 secs] 
2021-01-18T10:13:09.084-0800: 6.021: [Full GC (Ergonomics) [PSYoungGen: 58717K->20087K(116736K)] [ParOldGen: 349284K->349554K(349696K)] 408001K->369641K(466432K), [Metaspace: 2580K->2580K(1056768K)], 0.0368474 secs] [Times: user=0.26 sys=0.00, real=0.04 secs] 
2021-01-18T10:13:09.126-0800: 6.063: [Full GC (Ergonomics) [PSYoungGen: 58877K->20852K(116736K)] [ParOldGen: 349554K->349526K(349696K)] 408431K->370379K(466432K), [Metaspace: 2580K->2580K(1056768K)], 0.0400055 secs] [Times: user=0.27 sys=0.00, real=0.04 secs] 
2021-01-18T10:13:09.174-0800: 6.111: [Full GC (Ergonomics) [PSYoungGen: 58866K->24323K(116736K)] [ParOldGen: 349526K->348999K(349696K)] 408393K->373322K(466432K), [Metaspace: 2580K->2580K(1056768K)], 0.0427112 secs] [Times: user=0.30 sys=0.01, real=0.04 secs] 
2021-01-18T10:13:09.225-0800: 6.162: [Full GC (Ergonomics) [PSYoungGen: 58764K->25629K(116736K)] [ParOldGen: 348999K->348931K(349696K)] 407763K->374561K(466432K), [Metaspace: 2580K->2580K(1056768K)], 0.0429844 secs] [Times: user=0.29 sys=0.00, real=0.04 secs] 
2021-01-18T10:13:09.276-0800: 6.213: [Full GC (Ergonomics) [PSYoungGen: 58865K->22352K(116736K)] [ParOldGen: 348931K->349480K(349696K)] 407797K->371833K(466432K), [Metaspace: 2580K->2580K(1056768K)], 0.0416523 secs] [Times: user=0.29 sys=0.00, real=0.04 secs] 
2021-01-18T10:13:09.325-0800: 6.262: [Full GC (Ergonomics) [PSYoungGen: 58880K->20865K(116736K)] [ParOldGen: 349480K->349598K(349696K)] 408360K->370463K(466432K), [Metaspace: 2580K->2580K(1056768K)], 0.0466592 secs] [Times: user=0.29 sys=0.01, real=0.05 secs] 
2021-01-18T10:13:09.381-0800: 6.318: [Full GC (Ergonomics) [PSYoungGen: 58715K->18612K(116736K)] [ParOldGen: 349598K->349507K(349696K)] 408314K->368119K(466432K), [Metaspace: 2580K->2580K(1056768K)], 0.0432255 secs] [Times: user=0.30 sys=0.00, real=0.04 secs] 
2021-01-18T10:13:09.433-0800: 6.371: [Full GC (Ergonomics) [PSYoungGen: 58880K->15872K(116736K)] [ParOldGen: 349507K->349550K(349696K)] 408387K->365422K(466432K), [Metaspace: 2580K->2580K(1056768K)], 0.0414722 secs] [Times: user=0.28 sys=0.00, real=0.04 secs] 
2021-01-18T10:13:09.485-0800: 6.423: [Full GC (Ergonomics) [PSYoungGen: 58880K->15359K(116736K)] [ParOldGen: 349550K->349220K(349696K)] 408430K->364579K(466432K), [Metaspace: 2580K->2580K(1056768K)], 0.0434806 secs] [Times: user=0.29 sys=0.01, real=0.04 secs] 
2021-01-18T10:13:09.537-0800: 6.475: [Full GC (Ergonomics) [PSYoungGen: 58880K->12532K(116736K)] [ParOldGen: 349220K->349584K(349696K)] 408100K->362116K(466432K), [Metaspace: 2580K->2580K(1056768K)], 0.0429779 secs] [Times: user=0.30 sys=0.00, real=0.05 secs] 
2021-01-18T10:13:09.590-0800: 6.527: [Full GC (Ergonomics) [PSYoungGen: 58547K->15313K(116736K)] [ParOldGen: 349584K->349688K(349696K)] 408131K->365002K(466432K), [Metaspace: 2580K->2580K(1056768K)], 0.0433364 secs] [Times: user=0.31 sys=0.00, real=0.04 secs] 
2021-01-18T10:13:09.643-0800: 6.581: [Full GC (Ergonomics) [PSYoungGen: 58754K->15018K(116736K)] [ParOldGen: 349688K->349014K(349696K)] 408442K->364032K(466432K), [Metaspace: 2580K->2580K(1056768K)], 0.0424104 secs] [Times: user=0.28 sys=0.01, real=0.04 secs] 
2021-01-18T10:13:09.695-0800: 6.633: [Full GC (Ergonomics) [PSYoungGen: 58634K->13378K(116736K)] [ParOldGen: 349014K->349552K(349696K)] 407649K->362930K(466432K), [Metaspace: 2580K->2580K(1056768K)], 0.0419704 secs] [Times: user=0.28 sys=0.00, real=0.04 secs] 
2021-01-18T10:13:09.747-0800: 6.684: [Full GC (Ergonomics) [PSYoungGen: 58880K->16927K(116736K)] [ParOldGen: 349552K->349350K(349696K)] 408432K->366278K(466432K), [Metaspace: 2580K->2580K(1056768K)], 0.0432162 secs] [Times: user=0.31 sys=0.00, real=0.05 secs] 
2021-01-18T10:13:09.798-0800: 6.736: [Full GC (Ergonomics) [PSYoungGen: 58663K->21273K(116736K)] [ParOldGen: 349350K->349156K(349696K)] 408014K->370429K(466432K), [Metaspace: 2580K->2580K(1056768K)], 0.0428131 secs] [Times: user=0.30 sys=0.01, real=0.05 secs] 
2021-01-18T10:13:09.850-0800: 6.787: [Full GC (Ergonomics) [PSYoungGen: 58880K->22773K(116736K)] [ParOldGen: 349156K->349025K(349696K)] 408036K->371799K(466432K), [Metaspace: 2580K->2580K(1056768K)], 0.0413681 secs] [Times: user=0.27 sys=0.00, real=0.04 secs] 
2021-01-18T10:13:09.900-0800: 6.837: [Full GC (Ergonomics) [PSYoungGen: 58588K->19428K(116736K)] [ParOldGen: 349025K->349611K(349696K)] 407614K->369040K(466432K), [Metaspace: 2580K->2580K(1056768K)], 0.0417039 secs] [Times: user=0.29 sys=0.01, real=0.04 secs] 
2021-01-18T10:13:09.949-0800: 6.887: [Full GC (Ergonomics) [PSYoungGen: 58430K->18560K(116736K)] [ParOldGen: 349611K->349396K(349696K)] 408042K->367957K(466432K), [Metaspace: 2580K->2580K(1056768K)], 0.0418610 secs] [Times: user=0.29 sys=0.00, real=0.05 secs] 
2021-01-18T10:13:10.000-0800: 6.937: [Full GC (Ergonomics) [PSYoungGen: 58600K->18648K(116736K)] [ParOldGen: 349396K->349590K(349696K)] 407997K->368238K(466432K), [Metaspace: 2580K->2580K(1056768K)], 0.0469413 secs] [Times: user=0.27 sys=0.00, real=0.04 secs] 
2021-01-18T10:13:10.056-0800: 6.994: [Full GC (Ergonomics) [PSYoungGen: 58779K->19299K(116736K)] [ParOldGen: 349590K->349205K(349696K)] 408369K->368504K(466432K), [Metaspace: 2580K->2580K(1056768K)], 0.0408798 secs] [Times: user=0.29 sys=0.01, real=0.04 secs] 
2021-01-18T10:13:10.108-0800: 7.045: [Full GC (Ergonomics) [PSYoungGen: 58826K->16040K(116736K)] [ParOldGen: 349205K->349544K(349696K)] 408032K->365584K(466432K), [Metaspace: 2580K->2580K(1056768K)], 0.0432550 secs] [Times: user=0.29 sys=0.00, real=0.05 secs] 
2021-01-18T10:13:10.161-0800: 7.098: [Full GC (Ergonomics) [PSYoungGen: 58880K->12486K(116736K)] [ParOldGen: 349544K->349487K(349696K)] 408424K->361973K(466432K), [Metaspace: 2580K->2580K(1056768K)], 0.0416401 secs] [Times: user=0.28 sys=0.00, real=0.04 secs] 
2021-01-18T10:13:10.212-0800: 7.149: [Full GC (Ergonomics) [PSYoungGen: 58874K->16416K(116736K)] [ParOldGen: 349487K->349590K(349696K)] 408362K->366006K(466432K), [Metaspace: 2580K->2580K(1056768K)], 0.0430822 secs] [Times: user=0.30 sys=0.01, real=0.04 secs] 
2021-01-18T10:13:10.264-0800: 7.202: [Full GC (Ergonomics) [PSYoungGen: 58545K->18052K(116736K)] [ParOldGen: 349590K->349688K(349696K)] 408135K->367740K(466432K), [Metaspace: 2580K->2580K(1056768K)], 0.0413708 secs] [Times: user=0.29 sys=0.00, real=0.04 secs] 
2021-01-18T10:13:10.315-0800: 7.253: [Full GC (Ergonomics) [PSYoungGen: 58851K->17687K(116736K)] [ParOldGen: 349688K->349285K(349696K)] 408539K->366973K(466432K), [Metaspace: 2580K->2580K(1056768K)], 0.0428699 secs] [Times: user=0.27 sys=0.00, real=0.04 secs] 
2021-01-18T10:13:10.369-0800: 7.306: [Full GC (Ergonomics) [PSYoungGen: 58829K->16442K(116736K)] [ParOldGen: 349285K->349435K(349696K)] 408115K->365878K(466432K), [Metaspace: 2580K->2580K(1056768K)], 0.0455813 secs] [Times: user=0.29 sys=0.01, real=0.05 secs] 
2021-01-18T10:13:10.427-0800: 7.365: [Full GC (Ergonomics) [PSYoungGen: 58880K->14149K(116736K)] [ParOldGen: 349435K->349595K(349696K)] 408315K->363744K(466432K), [Metaspace: 2580K->2580K(1056768K)], 0.0419835 secs] [Times: user=0.24 sys=0.00, real=0.04 secs] 
2021-01-18T10:13:10.480-0800: 7.418: [Full GC (Ergonomics) [PSYoungGen: 58880K->11715K(116736K)] [ParOldGen: 349595K->349686K(349696K)] 408475K->361401K(466432K), [Metaspace: 2580K->2580K(1056768K)], 0.0453344 secs] [Times: user=0.29 sys=0.00, real=0.04 secs] 
2021-01-18T10:13:10.537-0800: 7.474: [Full GC (Ergonomics) [PSYoungGen: 58470K->5190K(116736K)] [ParOldGen: 349686K->349695K(349696K)] 408156K->354886K(466432K), [Metaspace: 2580K->2580K(1056768K)], 0.0437304 secs] [Times: user=0.30 sys=0.01, real=0.05 secs] 
2021-01-18T10:13:10.592-0800: 7.529: [Full GC (Ergonomics) [PSYoungGen: 58880K->3507K(116736K)] [ParOldGen: 349695K->349010K(349696K)] 408575K->352518K(466432K), [Metaspace: 2580K->2580K(1056768K)], 0.0409764 secs] [Times: user=0.26 sys=0.00, real=0.04 secs] 
2021-01-18T10:13:10.644-0800: 7.582: [Full GC (Ergonomics) [PSYoungGen: 58880K->1464K(116736K)] [ParOldGen: 349010K->349372K(349696K)] 407890K->350836K(466432K), [Metaspace: 2580K->2580K(1056768K)], 0.0425684 secs] [Times: user=0.28 sys=0.01, real=0.04 secs] 
2021-01-18T10:13:10.699-0800: 7.636: [Full GC (Ergonomics) [PSYoungGen: 58786K->4731K(116736K)] [ParOldGen: 349372K->349669K(349696K)] 408158K->354401K(466432K), [Metaspace: 2580K->2580K(1056768K)], 0.0413018 secs] [Times: user=0.28 sys=0.00, real=0.05 secs] 
2021-01-18T10:13:10.751-0800: 7.689: [Full GC (Ergonomics) [PSYoungGen: 58880K->5757K(116736K)] [ParOldGen: 349669K->349580K(349696K)] 408549K->355337K(466432K), [Metaspace: 2580K->2580K(1056768K)], 0.0427268 secs] [Times: user=0.31 sys=0.00, real=0.04 secs] 
2021-01-18T10:13:10.807-0800: 7.745: [Full GC (Ergonomics) [PSYoungGen: 58880K->5786K(116736K)] [ParOldGen: 349580K->349608K(349696K)] 408460K->355395K(466432K), [Metaspace: 2580K->2580K(1056768K)], 0.0418735 secs] [Times: user=0.28 sys=0.01, real=0.04 secs] 
2021-01-18T10:13:10.862-0800: 7.800: [Full GC (Ergonomics) [PSYoungGen: 58880K->5855K(116736K)] [ParOldGen: 349608K->349304K(349696K)] 408488K->355160K(466432K), [Metaspace: 2580K->2580K(1056768K)], 0.0411176 secs] [Times: user=0.28 sys=0.00, real=0.04 secs] 
2021-01-18T10:13:10.915-0800: 7.852: [Full GC (Ergonomics) [PSYoungGen: 58836K->436K(116736K)] [ParOldGen: 349304K->349675K(349696K)] 408140K->350111K(466432K), [Metaspace: 2580K->2580K(1056768K)], 0.0402321 secs] [Times: user=0.29 sys=0.00, real=0.04 secs] 
2021-01-18T10:13:10.968-0800: 7.906: [Full GC (Ergonomics) [PSYoungGen: 58819K->3763K(116736K)] [ParOldGen: 349675K->349428K(349696K)] 408494K->353192K(466432K), [Metaspace: 2580K->2580K(1056768K)], 0.0434110 secs] [Times: user=0.28 sys=0.01, real=0.05 secs] 
2021-01-18T10:13:11.025-0800: 7.962: [Full GC (Ergonomics) [PSYoungGen: 58853K->3806K(116736K)] [ParOldGen: 349428K->349597K(349696K)] 408282K->353403K(466432K), [Metaspace: 2580K->2580K(1056768K)], 0.0452300 secs] [Times: user=0.28 sys=0.00, real=0.05 secs] 
2021-01-18T10:13:11.082-0800: 8.019: [Full GC (Ergonomics) [PSYoungGen: 58734K->4673K(116736K)] [ParOldGen: 349597K->349550K(349696K)] 408331K->354224K(466432K), [Metaspace: 2580K->2580K(1056768K)], 0.0409039 secs] [Times: user=0.29 sys=0.00, real=0.04 secs] 
2021-01-18T10:13:11.135-0800: 8.072: [Full GC (Ergonomics) [PSYoungGen: 58880K->5681K(116736K)] [ParOldGen: 349550K->349592K(349696K)] 408430K->355273K(466432K), [Metaspace: 2580K->2580K(1056768K)], 0.0436942 secs] [Times: user=0.29 sys=0.01, real=0.04 secs] 
2021-01-18T10:13:11.190-0800: 8.127: [Full GC (Ergonomics) [PSYoungGen: 58348K->5823K(116736K)] [ParOldGen: 349592K->349403K(349696K)] 407940K->355227K(466432K), [Metaspace: 2580K->2580K(1056768K)], 0.0419381 secs] [Times: user=0.29 sys=0.00, real=0.04 secs] 
2021-01-18T10:13:11.245-0800: 8.182: [Full GC (Ergonomics) [PSYoungGen: 58255K->8300K(116736K)] [ParOldGen: 349403K->349183K(349696K)] 407658K->357483K(466432K), [Metaspace: 2580K->2580K(1056768K)], 0.0411796 secs] [Times: user=0.28 sys=0.00, real=0.04 secs] 
2021-01-18T10:13:11.297-0800: 8.234: [Full GC (Ergonomics) [PSYoungGen: 58880K->9984K(116736K)] [ParOldGen: 349183K->349490K(349696K)] 408063K->359475K(466432K), [Metaspace: 2580K->2580K(1056768K)], 0.0419373 secs] [Times: user=0.29 sys=0.01, real=0.04 secs] 
2021-01-18T10:13:11.350-0800: 8.287: [Full GC (Ergonomics) [PSYoungGen: 58880K->10775K(116736K)] [ParOldGen: 349490K->349534K(349696K)] 408370K->360310K(466432K), [Metaspace: 2580K->2580K(1056768K)], 0.0431098 secs] [Times: user=0.28 sys=0.00, real=0.04 secs] 
2021-01-18T10:13:11.403-0800: 8.341: [Full GC (Ergonomics) [PSYoungGen: 58880K->15443K(116736K)] [ParOldGen: 349534K->348941K(349696K)] 408414K->364385K(466432K), [Metaspace: 2580K->2580K(1056768K)], 0.0406931 secs] [Times: user=0.28 sys=0.01, real=0.04 secs] 
2021-01-18T10:13:11.455-0800: 8.392: [Full GC (Ergonomics) [PSYoungGen: 58880K->13114K(116736K)] [ParOldGen: 348941K->349449K(349696K)] 407821K->362563K(466432K), [Metaspace: 2580K->2580K(1056768K)], 0.0413480 secs] [Times: user=0.29 sys=0.00, real=0.04 secs] 
2021-01-18T10:13:11.504-0800: 8.442: [Full GC (Ergonomics) [PSYoungGen: 58851K->17827K(116736K)] [ParOldGen: 349449K->349558K(349696K)] 408301K->367385K(466432K), [Metaspace: 2580K->2580K(1056768K)], 0.0432812 secs] [Times: user=0.30 sys=0.00, real=0.04 secs] 
2021-01-18T10:13:11.557-0800: 8.494: [Full GC (Ergonomics) [PSYoungGen: 58739K->14076K(116736K)] [ParOldGen: 349558K->349433K(349696K)] 408297K->363509K(466432K), [Metaspace: 2580K->2580K(1056768K)], 0.0426055 secs] [Times: user=0.27 sys=0.01, real=0.04 secs] 
2021-01-18T10:13:11.609-0800: 8.547: [Full GC (Ergonomics) [PSYoungGen: 58851K->16789K(116736K)] [ParOldGen: 349433K->349437K(349696K)] 408284K->366227K(466432K), [Metaspace: 2580K->2580K(1056768K)], 0.0408833 secs] [Times: user=0.28 sys=0.00, real=0.05 secs] 
2021-01-18T10:13:11.660-0800: 8.597: [Full GC (Ergonomics) [PSYoungGen: 58843K->18354K(116736K)] [ParOldGen: 349437K->349463K(349696K)] 408281K->367817K(466432K), [Metaspace: 2580K->2580K(1056768K)], 0.0458511 secs] [Times: user=0.33 sys=0.00, real=0.04 secs] 
2021-01-18T10:13:11.715-0800: 8.652: [Full GC (Ergonomics) [PSYoungGen: 58508K->17482K(116736K)] [ParOldGen: 349463K->349613K(349696K)] 407971K->367095K(466432K), [Metaspace: 2580K->2580K(1056768K)], 0.0440721 secs] [Times: user=0.31 sys=0.01, real=0.04 secs] 
2021-01-18T10:13:11.768-0800: 8.705: [Full GC (Ergonomics) [PSYoungGen: 58683K->14981K(116736K)] [ParOldGen: 349613K->349500K(349696K)] 408297K->364482K(466432K), [Metaspace: 2580K->2580K(1056768K)], 0.0422803 secs] [Times: user=0.28 sys=0.00, real=0.05 secs] 
2021-01-18T10:13:11.820-0800: 8.758: [Full GC (Ergonomics) [PSYoungGen: 58880K->19272K(116736K)] [ParOldGen: 349500K->349116K(349696K)] 408380K->368389K(466432K), [Metaspace: 2580K->2580K(1056768K)], 0.0444250 secs] [Times: user=0.28 sys=0.00, real=0.04 secs] 
2021-01-18T10:13:11.875-0800: 8.812: [Full GC (Ergonomics) [PSYoungGen: 58724K->17416K(116736K)] [ParOldGen: 349116K->349340K(349696K)] 407841K->366756K(466432K), [Metaspace: 2580K->2580K(1056768K)], 0.0426735 secs] [Times: user=0.28 sys=0.00, real=0.04 secs] 
2021-01-18T10:13:11.927-0800: 8.864: [Full GC (Ergonomics) [PSYoungGen: 58639K->18209K(116736K)] [ParOldGen: 349340K->349490K(349696K)] 407980K->367699K(466432K), [Metaspace: 2580K->2580K(1056768K)], 0.0413796 secs] [Times: user=0.29 sys=0.00, real=0.04 secs] 
2021-01-18T10:13:11.978-0800: 8.915: [Full GC (Ergonomics) [PSYoungGen: 58880K->22332K(116736K)] [ParOldGen: 349490K->349474K(349696K)] 408370K->371807K(466432K), [Metaspace: 2580K->2580K(1056768K)], 0.0447789 secs] [Times: user=0.29 sys=0.00, real=0.05 secs] 
2021-01-18T10:13:12.031-0800: 8.968: [Full GC (Ergonomics) [PSYoungGen: 58880K->23849K(116736K)] [ParOldGen: 349474K->349448K(349696K)] 408354K->373297K(466432K), [Metaspace: 2580K->2580K(1056768K)], 0.0457270 secs] [Times: user=0.29 sys=0.00, real=0.04 secs] 
2021-01-18T10:13:12.084-0800: 9.022: [Full GC (Ergonomics) [PSYoungGen: 58880K->23749K(116736K)] [ParOldGen: 349448K->349453K(349696K)] 408328K->373203K(466432K), [Metaspace: 2580K->2580K(1056768K)], 0.0411591 secs] [Times: user=0.29 sys=0.00, real=0.04 secs] 
2021-01-18T10:13:12.135-0800: 9.072: [Full GC (Ergonomics) [PSYoungGen: 58821K->21746K(116736K)] [ParOldGen: 349453K->349332K(349696K)] 408274K->371079K(466432K), [Metaspace: 2580K->2580K(1056768K)], 0.0411671 secs] [Times: user=0.29 sys=0.01, real=0.04 secs] 
2021-01-18T10:13:12.184-0800: 9.122: [Full GC (Ergonomics) [PSYoungGen: 58824K->22857K(116736K)] [ParOldGen: 349332K->349491K(349696K)] 408156K->372349K(466432K), [Metaspace: 2580K->2580K(1056768K)], 0.0419773 secs] [Times: user=0.30 sys=0.00, real=0.04 secs] 
2021-01-18T10:13:12.235-0800: 9.172: [Full GC (Ergonomics) [PSYoungGen: 58779K->23349K(116736K)] [ParOldGen: 349491K->349534K(349696K)] 408271K->372883K(466432K), [Metaspace: 2580K->2580K(1056768K)], 0.0422537 secs] [Times: user=0.29 sys=0.00, real=0.04 secs] 
2021-01-18T10:13:12.284-0800: 9.221: [Full GC (Ergonomics) [PSYoungGen: 58880K->24232K(116736K)] [ParOldGen: 349534K->349560K(349696K)] 408414K->373792K(466432K), [Metaspace: 2580K->2580K(1056768K)], 0.0426000 secs] [Times: user=0.30 sys=0.01, real=0.04 secs] 
2021-01-18T10:13:12.335-0800: 9.272: [Full GC (Ergonomics) [PSYoungGen: 58756K->23559K(116736K)] [ParOldGen: 349560K->349573K(349696K)] 408316K->373132K(466432K), [Metaspace: 2580K->2580K(1056768K)], 0.0457034 secs] [Times: user=0.29 sys=0.00, real=0.05 secs] 
2021-01-18T10:13:12.389-0800: 9.326: [Full GC (Ergonomics) [PSYoungGen: 58755K->23604K(116736K)] [ParOldGen: 349573K->349583K(349696K)] 408328K->373188K(466432K), [Metaspace: 2580K->2580K(1056768K)], 0.0423890 secs] [Times: user=0.29 sys=0.00, real=0.05 secs] 
2021-01-18T10:13:12.440-0800: 9.377: [Full GC (Ergonomics) [PSYoungGen: 58847K->25658K(116736K)] [ParOldGen: 349583K->349151K(349696K)] 408430K->374810K(466432K), [Metaspace: 2580K->2580K(1056768K)], 0.0419010 secs] [Times: user=0.29 sys=0.01, real=0.04 secs] 
2021-01-18T10:13:12.490-0800: 9.427: [Full GC (Ergonomics) [PSYoungGen: 58880K->23335K(116736K)] [ParOldGen: 349151K->349634K(349696K)] 408031K->372969K(466432K), [Metaspace: 2580K->2580K(1056768K)], 0.0451240 secs] [Times: user=0.31 sys=0.00, real=0.04 secs] 
2021-01-18T10:13:12.543-0800: 9.481: [Full GC (Ergonomics) [PSYoungGen: 58818K->24981K(116736K)] [ParOldGen: 349634K->349536K(349696K)] 408452K->374518K(466432K), [Metaspace: 2580K->2580K(1056768K)], 0.0444364 secs] [Times: user=0.29 sys=0.00, real=0.04 secs] 
2021-01-18T10:13:12.597-0800: 9.534: [Full GC (Ergonomics) [PSYoungGen: 58813K->23091K(116736K)] [ParOldGen: 349536K->349257K(349696K)] 408350K->372349K(466432K), [Metaspace: 2580K->2580K(1056768K)], 0.0436539 secs] [Times: user=0.29 sys=0.01, real=0.05 secs] 
2021-01-18T10:13:12.648-0800: 9.586: [Full GC (Ergonomics) [PSYoungGen: 58858K->25821K(116736K)] [ParOldGen: 349257K->349128K(349696K)] 408116K->374950K(466432K), [Metaspace: 2580K->2580K(1056768K)], 0.0429502 secs] [Times: user=0.30 sys=0.00, real=0.05 secs] 
2021-01-18T10:13:12.699-0800: 9.637: [Full GC (Ergonomics) [PSYoungGen: 58880K->25482K(116736K)] [ParOldGen: 349128K->349204K(349696K)] 408008K->374687K(466432K), [Metaspace: 2580K->2580K(1056768K)], 0.0438069 secs] [Times: user=0.29 sys=0.00, real=0.05 secs] 
2021-01-18T10:13:12.750-0800: 9.688: [Full GC (Ergonomics) [PSYoungGen: 58880K->25395K(116736K)] [ParOldGen: 349204K->349072K(349696K)] 408084K->374468K(466432K), [Metaspace: 2580K->2580K(1056768K)], 0.0440864 secs] [Times: user=0.30 sys=0.01, real=0.04 secs] 
2021-01-18T10:13:12.803-0800: 9.740: [Full GC (Ergonomics) [PSYoungGen: 58880K->24569K(116736K)] [ParOldGen: 349072K->349586K(349696K)] 407952K->374156K(466432K), [Metaspace: 2580K->2580K(1056768K)], 0.0465752 secs] [Times: user=0.30 sys=0.00, real=0.04 secs] 
2021-01-18T10:13:12.857-0800: 9.794: [Full GC (Ergonomics) [PSYoungGen: 58872K->24693K(116736K)] [ParOldGen: 349586K->348712K(349696K)] 408458K->373405K(466432K), [Metaspace: 2580K->2580K(1056768K)], 0.0435949 secs] [Times: user=0.31 sys=0.01, real=0.05 secs] 
2021-01-18T10:13:12.909-0800: 9.846: [Full GC (Ergonomics) [PSYoungGen: 58847K->24694K(116736K)] [ParOldGen: 348712K->349209K(349696K)] 407559K->373903K(466432K), [Metaspace: 2580K->2580K(1056768K)], 0.0439615 secs] [Times: user=0.30 sys=0.00, real=0.05 secs] 
2021-01-18T10:13:12.960-0800: 9.897: [Full GC (Ergonomics) [PSYoungGen: 58665K->25951K(116736K)] [ParOldGen: 349209K->349519K(349696K)] 407874K->375470K(466432K), [Metaspace: 2580K->2580K(1056768K)], 0.0465478 secs] [Times: user=0.31 sys=0.00, real=0.04 secs] 
2021-01-18T10:13:13.015-0800: 9.952: [Full GC (Ergonomics) [PSYoungGen: 58880K->27677K(116736K)] [ParOldGen: 349519K->349118K(349696K)] 408399K->376796K(466432K), [Metaspace: 2580K->2580K(1056768K)], 0.0464236 secs] [Times: user=0.29 sys=0.01, real=0.05 secs] 
2021-01-18T10:13:13.068-0800: 10.006: [Full GC (Ergonomics) [PSYoungGen: 58880K->29288K(116736K)] [ParOldGen: 349118K->349124K(349696K)] 407998K->378412K(466432K), [Metaspace: 2580K->2580K(1056768K)], 0.0425245 secs] [Times: user=0.27 sys=0.00, real=0.05 secs] 
2021-01-18T10:13:13.118-0800: 10.055: [Full GC (Ergonomics) [PSYoungGen: 58794K->31044K(116736K)] [ParOldGen: 349124K->348842K(349696K)] 407918K->379887K(466432K), [Metaspace: 2580K->2580K(1056768K)], 0.0427125 secs] [Times: user=0.29 sys=0.00, real=0.05 secs] 
Heap
 PSYoungGen      total 116736K, used 33036K [0x00000007b5580000, 0x00000007c0000000, 0x00000007c0000000)
  eden space 58880K, 56% used [0x00000007b5580000,0x00000007b75c32f8,0x00000007b8f00000)
  from space 57856K, 0% used [0x00000007bc780000,0x00000007bc780000,0x00000007c0000000)
  to   space 57856K, 0% used [0x00000007b8f00000,0x00000007b8f00000,0x00000007bc780000)
 ParOldGen       total 349696K, used 348842K [0x00000007a0000000, 0x00000007b5580000, 0x00000007b5580000)
  object space 349696K, 99% used [0x00000007a0000000,0x00000007b54aa9d8,0x00000007b5580000)
 Metaspace       used 2587K, capacity 4486K, committed 4864K, reserved 1056768K
  class space    used 278K, capacity 386K, committed 512K, reserved 1048576K
