Java HotSpot(TM) 64-Bit Server VM (25.271-b09) for bsd-amd64 JRE (1.8.0_271-b09), built on Sep 16 2020 16:54:38 by "java_re" with gcc 4.2.1 Compatible Apple LLVM 10.0.0 (clang-1000.11.45.5)
Memory: 4k page, physical 16777216k(129068k free)

/proc/meminfo:

CommandLine flags: -XX:InitialHeapSize=1073741824 -XX:MaxHeapSize=1073741824 -XX:+PrintGC -XX:+PrintGCDateStamps -XX:+PrintGCDetails -XX:+PrintGCTimeStamps -XX:+UseCompressedClassPointers -XX:+UseCompressedOops -XX:+UseParallelGC 
2021-01-18T10:13:28.894-0800: 0.190: [GC (Allocation Failure) [PSYoungGen: 262144K->43507K(305664K)] 262144K->69505K(1005056K), 0.0162100 secs] [Times: user=0.04 sys=0.08, real=0.02 secs] 
2021-01-18T10:13:28.944-0800: 0.240: [GC (Allocation Failure) [PSYoungGen: 305651K->43511K(305664K)] 331649K->151716K(1005056K), 0.0293168 secs] [Times: user=0.05 sys=0.15, real=0.03 secs] 
2021-01-18T10:13:29.007-0800: 0.303: [GC (Allocation Failure) [PSYoungGen: 305655K->43513K(305664K)] 413860K->219334K(1005056K), 0.0234534 secs] [Times: user=0.07 sys=0.09, real=0.03 secs] 
2021-01-18T10:13:29.064-0800: 0.360: [GC (Allocation Failure) [PSYoungGen: 305657K->43516K(305664K)] 481478K->293047K(1005056K), 0.0264336 secs] [Times: user=0.07 sys=0.11, real=0.03 secs] 
2021-01-18T10:13:29.123-0800: 0.419: [GC (Allocation Failure) [PSYoungGen: 305660K->43519K(305664K)] 555191K->366319K(1005056K), 0.0262437 secs] [Times: user=0.07 sys=0.10, real=0.02 secs] 
2021-01-18T10:13:29.180-0800: 0.476: [GC (Allocation Failure) [PSYoungGen: 305663K->43510K(160256K)] 628463K->439762K(859648K), 0.0268003 secs] [Times: user=0.08 sys=0.11, real=0.02 secs] 
2021-01-18T10:13:29.222-0800: 0.518: [GC (Allocation Failure) [PSYoungGen: 160246K->75125K(232960K)] 556498K->476583K(932352K), 0.0091270 secs] [Times: user=0.06 sys=0.00, real=0.01 secs] 
2021-01-18T10:13:29.251-0800: 0.548: [GC (Allocation Failure) [PSYoungGen: 191861K->97046K(232960K)] 593319K->507900K(932352K), 0.0154859 secs] [Times: user=0.06 sys=0.01, real=0.01 secs] 
2021-01-18T10:13:29.285-0800: 0.581: [GC (Allocation Failure) [PSYoungGen: 213678K->109452K(232960K)] 624532K->537451K(932352K), 0.0190510 secs] [Times: user=0.08 sys=0.03, real=0.02 secs] 
2021-01-18T10:13:29.324-0800: 0.620: [GC (Allocation Failure) [PSYoungGen: 226150K->83265K(232960K)] 654150K->574047K(932352K), 0.0256996 secs] [Times: user=0.06 sys=0.09, real=0.02 secs] 
2021-01-18T10:13:29.366-0800: 0.662: [GC (Allocation Failure) [PSYoungGen: 200001K->37756K(232960K)] 690783K->598724K(932352K), 0.0215705 secs] [Times: user=0.04 sys=0.10, real=0.02 secs] 
2021-01-18T10:13:29.402-0800: 0.698: [GC (Allocation Failure) [PSYoungGen: 154492K->37738K(232960K)] 715460K->633893K(932352K), 0.0110422 secs] [Times: user=0.03 sys=0.05, real=0.01 secs] 
2021-01-18T10:13:29.413-0800: 0.709: [Full GC (Ergonomics) [PSYoungGen: 37738K->0K(232960K)] [ParOldGen: 596155K->336373K(699392K)] 633893K->336373K(932352K), [Metaspace: 2580K->2580K(1056768K)], 0.0504405 secs] [Times: user=0.27 sys=0.01, real=0.05 secs] 
2021-01-18T10:13:29.484-0800: 0.780: [GC (Allocation Failure) [PSYoungGen: 116736K->37926K(232960K)] 453109K->374299K(932352K), 0.0045802 secs] [Times: user=0.03 sys=0.00, real=0.00 secs] 
2021-01-18T10:13:29.506-0800: 0.802: [GC (Allocation Failure) [PSYoungGen: 154662K->40487K(232960K)] 491035K->409806K(932352K), 0.0081472 secs] [Times: user=0.05 sys=0.01, real=0.01 secs] 
2021-01-18T10:13:29.533-0800: 0.830: [GC (Allocation Failure) [PSYoungGen: 157223K->37527K(232960K)] 526542K->440984K(932352K), 0.0085734 secs] [Times: user=0.04 sys=0.00, real=0.01 secs] 
2021-01-18T10:13:29.560-0800: 0.856: [GC (Allocation Failure) [PSYoungGen: 154263K->40001K(232960K)] 557720K->476585K(932352K), 0.0081928 secs] [Times: user=0.05 sys=0.00, real=0.00 secs] 
2021-01-18T10:13:29.587-0800: 0.883: [GC (Allocation Failure) [PSYoungGen: 156687K->41511K(232960K)] 593271K->513233K(932352K), 0.0085526 secs] [Times: user=0.06 sys=0.00, real=0.01 secs] 
2021-01-18T10:13:29.614-0800: 0.910: [GC (Allocation Failure) [PSYoungGen: 158247K->39031K(232960K)] 629969K->547709K(932352K), 0.0086612 secs] [Times: user=0.07 sys=0.00, real=0.01 secs] 
2021-01-18T10:13:29.641-0800: 0.937: [GC (Allocation Failure) [PSYoungGen: 155767K->39831K(232960K)] 664445K->585355K(932352K), 0.0099177 secs] [Times: user=0.07 sys=0.00, real=0.01 secs] 
2021-01-18T10:13:29.670-0800: 0.966: [GC (Allocation Failure) [PSYoungGen: 156494K->41146K(232960K)] 702017K->625008K(932352K), 0.0092015 secs] [Times: user=0.06 sys=0.00, real=0.00 secs] 
2021-01-18T10:13:29.699-0800: 0.995: [GC (Allocation Failure) [PSYoungGen: 157735K->35981K(232960K)] 741597K->656236K(932352K), 0.0137297 secs] [Times: user=0.04 sys=0.04, real=0.02 secs] 
2021-01-18T10:13:29.731-0800: 1.027: [GC (Allocation Failure) [PSYoungGen: 152717K->38932K(232960K)] 772972K->691145K(932352K), 0.0124011 secs] [Times: user=0.04 sys=0.04, real=0.01 secs] 
2021-01-18T10:13:29.743-0800: 1.039: [Full GC (Ergonomics) [PSYoungGen: 38932K->0K(232960K)] [ParOldGen: 652213K->365846K(699392K)] 691145K->365846K(932352K), [Metaspace: 2580K->2580K(1056768K)], 0.0457964 secs] [Times: user=0.25 sys=0.01, real=0.04 secs] 
2021-01-18T10:13:29.813-0800: 1.109: [GC (Allocation Failure) [PSYoungGen: 116678K->40740K(232960K)] 482525K->406586K(932352K), 0.0055594 secs] [Times: user=0.03 sys=0.00, real=0.00 secs] 
2021-01-18T10:13:29.839-0800: 1.135: [GC (Allocation Failure) [PSYoungGen: 156951K->32117K(232960K)] 522797K->436019K(932352K), 0.0088342 secs] [Times: user=0.06 sys=0.00, real=0.01 secs] 
2021-01-18T10:13:29.868-0800: 1.164: [GC (Allocation Failure) [PSYoungGen: 148853K->38448K(232960K)] 552755K->470214K(932352K), 0.0080184 secs] [Times: user=0.04 sys=0.00, real=0.01 secs] 
2021-01-18T10:13:29.897-0800: 1.193: [GC (Allocation Failure) [PSYoungGen: 155184K->39406K(234496K)] 586950K->504039K(933888K), 0.0090303 secs] [Times: user=0.06 sys=0.00, real=0.01 secs] 
2021-01-18T10:13:29.924-0800: 1.220: [GC (Allocation Failure) [PSYoungGen: 157678K->47345K(232960K)] 622311K->547389K(932352K), 0.0107178 secs] [Times: user=0.06 sys=0.00, real=0.01 secs] 
2021-01-18T10:13:29.955-0800: 1.251: [GC (Allocation Failure) [PSYoungGen: 165617K->44558K(245248K)] 665661K->585739K(944640K), 0.0101253 secs] [Times: user=0.07 sys=0.00, real=0.01 secs] 
2021-01-18T10:13:29.989-0800: 1.285: [GC (Allocation Failure) [PSYoungGen: 180750K->45080K(240128K)] 721931K->624549K(939520K), 0.0104348 secs] [Times: user=0.07 sys=0.00, real=0.01 secs] 
2021-01-18T10:13:30.024-0800: 1.321: [GC (Allocation Failure) [PSYoungGen: 181272K->39331K(253440K)] 760741K->659732K(952832K), 0.0100355 secs] [Times: user=0.07 sys=0.00, real=0.01 secs] 
2021-01-18T10:13:30.054-0800: 1.350: [GC (Allocation Failure) [PSYoungGen: 193443K->58632K(249856K)] 813844K->713307K(949248K), 0.0108189 secs] [Times: user=0.07 sys=0.01, real=0.01 secs] 
2021-01-18T10:13:30.065-0800: 1.361: [Full GC (Ergonomics) [PSYoungGen: 58632K->0K(249856K)] [ParOldGen: 654675K->376031K(699392K)] 713307K->376031K(949248K), [Metaspace: 2580K->2580K(1056768K)], 0.0425981 secs] [Times: user=0.27 sys=0.00, real=0.04 secs] 
2021-01-18T10:13:30.127-0800: 1.423: [GC (Allocation Failure) [PSYoungGen: 154112K->52581K(257536K)] 530143K->428613K(956928K), 0.0065614 secs] [Times: user=0.03 sys=0.00, real=0.01 secs] 
2021-01-18T10:13:30.155-0800: 1.451: [GC (Allocation Failure) [PSYoungGen: 214885K->51495K(253952K)] 590917K->472524K(953344K), 0.0110341 secs] [Times: user=0.06 sys=0.00, real=0.01 secs] 
2021-01-18T10:13:30.190-0800: 1.486: [GC (Allocation Failure) [PSYoungGen: 213664K->55530K(262656K)] 634693K->520046K(962048K), 0.0114888 secs] [Times: user=0.08 sys=0.01, real=0.01 secs] 
2021-01-18T10:13:30.224-0800: 1.520: [GC (Allocation Failure) [PSYoungGen: 230122K->55819K(261120K)] 694638K->566614K(960512K), 0.0112723 secs] [Times: user=0.08 sys=0.00, real=0.01 secs] 
2021-01-18T10:13:30.255-0800: 1.551: [GC (Allocation Failure) [PSYoungGen: 229909K->58819K(264704K)] 740705K->617448K(964096K), 0.0118043 secs] [Times: user=0.08 sys=0.00, real=0.01 secs] 
2021-01-18T10:13:30.286-0800: 1.582: [GC (Allocation Failure) [PSYoungGen: 238531K->64190K(244224K)] 797160K->672692K(943616K), 0.0123408 secs] [Times: user=0.09 sys=0.00, real=0.01 secs] 
2021-01-18T10:13:30.324-0800: 1.620: [GC (Allocation Failure) [PSYoungGen: 243902K->57657K(264704K)] 852404K->719534K(964096K), 0.0137969 secs] [Times: user=0.09 sys=0.01, real=0.01 secs] 
2021-01-18T10:13:30.338-0800: 1.634: [Full GC (Ergonomics) [PSYoungGen: 57657K->0K(264704K)] [ParOldGen: 661877K->388257K(699392K)] 719534K->388257K(964096K), [Metaspace: 2580K->2580K(1056768K)], 0.0507706 secs] [Times: user=0.33 sys=0.01, real=0.05 secs] 
2021-01-18T10:13:30.424-0800: 1.720: [GC (Allocation Failure) [PSYoungGen: 178688K->56732K(263168K)] 566945K->444989K(962560K), 0.0076687 secs] [Times: user=0.05 sys=0.00, real=0.01 secs] 
2021-01-18T10:13:30.456-0800: 1.752: [GC (Allocation Failure) [PSYoungGen: 235064K->61699K(265728K)] 623321K->497274K(965120K), 0.0135378 secs] [Times: user=0.08 sys=0.00, real=0.02 secs] 
2021-01-18T10:13:30.499-0800: 1.796: [GC (Allocation Failure) [PSYoungGen: 244995K->53177K(266240K)] 680570K->542431K(965632K), 0.0127981 secs] [Times: user=0.08 sys=0.01, real=0.02 secs] 
2021-01-18T10:13:30.541-0800: 1.837: [GC (Allocation Failure) [PSYoungGen: 236473K->64374K(266752K)] 725727K->599456K(966144K), 0.0133830 secs] [Times: user=0.08 sys=0.00, real=0.01 secs] 
2021-01-18T10:13:30.583-0800: 1.880: [GC (Allocation Failure) [PSYoungGen: 250723K->61591K(267776K)] 785805K->647511K(967168K), 0.0137209 secs] [Times: user=0.09 sys=0.00, real=0.01 secs] 
2021-01-18T10:13:30.625-0800: 1.921: [GC (Allocation Failure) [PSYoungGen: 247959K->62286K(268288K)] 833879K->698815K(967680K), 0.0134927 secs] [Times: user=0.10 sys=0.00, real=0.01 secs] 
2021-01-18T10:13:30.639-0800: 1.935: [Full GC (Ergonomics) [PSYoungGen: 62286K->0K(268288K)] [ParOldGen: 636529K->383245K(699392K)] 698815K->383245K(967680K), [Metaspace: 2580K->2580K(1056768K)], 0.0498173 secs] [Times: user=0.29 sys=0.01, real=0.05 secs] 
2021-01-18T10:13:30.726-0800: 2.022: [GC (Allocation Failure) [PSYoungGen: 187392K->60074K(268288K)] 570637K->443319K(967680K), 0.0071677 secs] [Times: user=0.05 sys=0.00, real=0.01 secs] 
2021-01-18T10:13:30.760-0800: 2.056: [GC (Allocation Failure) [PSYoungGen: 247410K->61006K(270336K)] 630656K->495206K(969728K), 0.0128495 secs] [Times: user=0.08 sys=0.00, real=0.01 secs] 
2021-01-18T10:13:30.801-0800: 2.097: [GC (Allocation Failure) [PSYoungGen: 251470K->61810K(269312K)] 685670K->545711K(968704K), 0.0127540 secs] [Times: user=0.09 sys=0.00, real=0.01 secs] 
2021-01-18T10:13:30.844-0800: 2.140: [GC (Allocation Failure) [PSYoungGen: 252274K->58321K(272384K)] 736175K->596854K(971776K), 0.0127081 secs] [Times: user=0.09 sys=0.00, real=0.01 secs] 
2021-01-18T10:13:30.886-0800: 2.182: [GC (Allocation Failure) [PSYoungGen: 252369K->59205K(270848K)] 790902K->643228K(970240K), 0.0119686 secs] [Times: user=0.08 sys=0.00, real=0.01 secs] 
2021-01-18T10:13:30.928-0800: 2.224: [GC (Allocation Failure) [PSYoungGen: 252849K->62877K(273920K)] 836873K->695322K(973312K), 0.0130902 secs] [Times: user=0.09 sys=0.00, real=0.02 secs] 
2021-01-18T10:13:30.941-0800: 2.238: [Full GC (Ergonomics) [PSYoungGen: 62877K->0K(273920K)] [ParOldGen: 632444K->367952K(699392K)] 695322K->367952K(973312K), [Metaspace: 2580K->2580K(1056768K)], 0.0475997 secs] [Times: user=0.29 sys=0.00, real=0.04 secs] 
2021-01-18T10:13:31.025-0800: 2.322: [GC (Allocation Failure) [PSYoungGen: 198656K->62659K(273920K)] 566608K->430612K(973312K), 0.0071035 secs] [Times: user=0.05 sys=0.00, real=0.01 secs] 
2021-01-18T10:13:31.062-0800: 2.358: [GC (Allocation Failure) [PSYoungGen: 261315K->68717K(269824K)] 629268K->487743K(969216K), 0.0129933 secs] [Times: user=0.10 sys=0.00, real=0.01 secs] 
2021-01-18T10:13:31.105-0800: 2.401: [GC (Allocation Failure) [PSYoungGen: 263277K->66351K(261120K)] 682303K->543533K(960512K), 0.0144016 secs] [Times: user=0.10 sys=0.01, real=0.01 secs] 
2021-01-18T10:13:31.148-0800: 2.444: [GC (Allocation Failure) [PSYoungGen: 260911K->64327K(271360K)] 738093K->596618K(970752K), 0.0136686 secs] [Times: user=0.10 sys=0.00, real=0.02 secs] 
2021-01-18T10:13:31.189-0800: 2.485: [GC (Allocation Failure) [PSYoungGen: 257863K->66734K(260608K)] 790154K->652743K(960000K), 0.0144225 secs] [Times: user=0.11 sys=0.00, real=0.02 secs] 
2021-01-18T10:13:31.234-0800: 2.530: [GC (Allocation Failure) [PSYoungGen: 260270K->64364K(271360K)] 846279K->705171K(970752K), 0.0137212 secs] [Times: user=0.10 sys=0.00, real=0.01 secs] 
2021-01-18T10:13:31.247-0800: 2.544: [Full GC (Ergonomics) [PSYoungGen: 64364K->0K(271360K)] [ParOldGen: 640807K->382001K(699392K)] 705171K->382001K(970752K), [Metaspace: 2580K->2580K(1056768K)], 0.0468903 secs] [Times: user=0.31 sys=0.00, real=0.05 secs] 
2021-01-18T10:13:31.328-0800: 2.624: [GC (Allocation Failure) [PSYoungGen: 193024K->67265K(270848K)] 575025K->449266K(970240K), 0.0082562 secs] [Times: user=0.06 sys=0.00, real=0.01 secs] 
2021-01-18T10:13:31.365-0800: 2.661: [GC (Allocation Failure) [PSYoungGen: 260100K->59797K(272384K)] 642101K->500868K(971776K), 0.0129914 secs] [Times: user=0.09 sys=0.00, real=0.01 secs] 
2021-01-18T10:13:31.407-0800: 2.703: [GC (Allocation Failure) [PSYoungGen: 254357K->66282K(271360K)] 695428K->559106K(970752K), 0.0135526 secs] [Times: user=0.10 sys=0.01, real=0.02 secs] 
2021-01-18T10:13:31.450-0800: 2.746: [GC (Allocation Failure) [PSYoungGen: 260842K->62790K(273408K)] 753666K->608291K(972800K), 0.0138454 secs] [Times: user=0.09 sys=0.00, real=0.01 secs] 
2021-01-18T10:13:31.492-0800: 2.788: [GC (Allocation Failure) [PSYoungGen: 259398K->65869K(272384K)] 804899K->664367K(971776K), 0.0136719 secs] [Times: user=0.09 sys=0.00, real=0.01 secs] 
2021-01-18T10:13:31.537-0800: 2.833: [GC (Allocation Failure) [PSYoungGen: 262477K->62185K(274432K)] 860975K->717318K(973824K), 0.0135222 secs] [Times: user=0.10 sys=0.00, real=0.02 secs] 
2021-01-18T10:13:31.551-0800: 2.847: [Full GC (Ergonomics) [PSYoungGen: 62185K->0K(274432K)] [ParOldGen: 655133K->380343K(699392K)] 717318K->380343K(973824K), [Metaspace: 2580K->2580K(1056768K)], 0.0479771 secs] [Times: user=0.32 sys=0.00, real=0.04 secs] 
2021-01-18T10:13:31.634-0800: 2.930: [GC (Allocation Failure) [PSYoungGen: 198656K->63984K(273408K)] 578999K->444327K(972800K), 0.0078813 secs] [Times: user=0.05 sys=0.00, real=0.01 secs] 
2021-01-18T10:13:31.670-0800: 2.966: [GC (Allocation Failure) [PSYoungGen: 262640K->63748K(275968K)] 642983K->496586K(975360K), 0.0141182 secs] [Times: user=0.10 sys=0.01, real=0.01 secs] 
2021-01-18T10:13:31.715-0800: 3.011: [GC (Allocation Failure) [PSYoungGen: 265988K->68956K(271360K)] 698826K->553749K(970752K), 0.0134292 secs] [Times: user=0.10 sys=0.00, real=0.01 secs] 
2021-01-18T10:13:31.756-0800: 3.052: [GC (Allocation Failure) [PSYoungGen: 271196K->69052K(272896K)] 755989K->610650K(972288K), 0.0142827 secs] [Times: user=0.10 sys=0.00, real=0.02 secs] 
2021-01-18T10:13:31.800-0800: 3.096: [GC (Allocation Failure) [PSYoungGen: 267708K->66884K(273920K)] 809306K->667772K(973312K), 0.0154369 secs] [Times: user=0.09 sys=0.00, real=0.01 secs] 
2021-01-18T10:13:31.847-0800: 3.144: [GC (Allocation Failure) [PSYoungGen: 265540K->63395K(274944K)] 866428K->718889K(974336K), 0.0148492 secs] [Times: user=0.08 sys=0.00, real=0.02 secs] 
2021-01-18T10:13:31.862-0800: 3.158: [Full GC (Ergonomics) [PSYoungGen: 63395K->0K(274944K)] [ParOldGen: 655493K->361620K(699392K)] 718889K->361620K(974336K), [Metaspace: 2580K->2580K(1056768K)], 0.0455606 secs] [Times: user=0.28 sys=0.01, real=0.04 secs] 
2021-01-18T10:13:31.945-0800: 3.241: [GC (Allocation Failure) [PSYoungGen: 199680K->61710K(273920K)] 561300K->423330K(973312K), 0.0071187 secs] [Times: user=0.05 sys=0.00, real=0.01 secs] 
2021-01-18T10:13:31.981-0800: 3.277: [GC (Allocation Failure) [PSYoungGen: 261390K->67649K(274432K)] 623010K->480298K(973824K), 0.0135328 secs] [Times: user=0.09 sys=0.00, real=0.01 secs] 
2021-01-18T10:13:32.027-0800: 3.323: [GC (Allocation Failure) [PSYoungGen: 268353K->61931K(274944K)] 681002K->528444K(974336K), 0.0139988 secs] [Times: user=0.08 sys=0.00, real=0.02 secs] 
2021-01-18T10:13:32.072-0800: 3.368: [GC (Allocation Failure) [PSYoungGen: 262635K->66227K(275456K)] 729148K->579707K(974848K), 0.0129831 secs] [Times: user=0.09 sys=0.01, real=0.01 secs] 
2021-01-18T10:13:32.117-0800: 3.413: [GC (Allocation Failure) [PSYoungGen: 267955K->70320K(272384K)] 781435K->639269K(971776K), 0.0146780 secs] [Times: user=0.08 sys=0.00, real=0.02 secs] 
2021-01-18T10:13:32.164-0800: 3.460: [GC (Allocation Failure) [PSYoungGen: 271919K->69445K(273408K)] 840867K->696777K(972800K), 0.0144600 secs] [Times: user=0.08 sys=0.00, real=0.01 secs] 
2021-01-18T10:13:32.178-0800: 3.474: [Full GC (Ergonomics) [PSYoungGen: 69445K->0K(273408K)] [ParOldGen: 627331K->378528K(699392K)] 696777K->378528K(972800K), [Metaspace: 2580K->2580K(1056768K)], 0.0484420 secs] [Times: user=0.27 sys=0.01, real=0.05 secs] 
2021-01-18T10:13:32.261-0800: 3.557: [GC (Allocation Failure) [PSYoungGen: 198656K->67623K(273920K)] 577184K->446152K(973312K), 0.0083688 secs] [Times: user=0.06 sys=0.00, real=0.00 secs] 
2021-01-18T10:13:32.297-0800: 3.594: [GC (Allocation Failure) [PSYoungGen: 266279K->62027K(274432K)] 644808K->493487K(973824K), 0.0122570 secs] [Times: user=0.06 sys=0.00, real=0.02 secs] 
2021-01-18T10:13:32.339-0800: 3.635: [GC (Allocation Failure) [PSYoungGen: 261195K->66932K(273920K)] 692655K->547010K(973312K), 0.0129233 secs] [Times: user=0.09 sys=0.00, real=0.02 secs] 
2021-01-18T10:13:32.381-0800: 3.677: [GC (Allocation Failure) [PSYoungGen: 265955K->69087K(273408K)] 746034K->604704K(972800K), 0.0144974 secs] [Times: user=0.10 sys=0.00, real=0.01 secs] 
2021-01-18T10:13:32.426-0800: 3.722: [GC (Allocation Failure) [PSYoungGen: 267743K->64637K(273920K)] 803360K->657514K(973312K), 0.0137725 secs] [Times: user=0.10 sys=0.00, real=0.02 secs] 
2021-01-18T10:13:32.471-0800: 3.767: [GC (Allocation Failure) [PSYoungGen: 263208K->58623K(273920K)] 856085K->704499K(973312K), 0.0128080 secs] [Times: user=0.09 sys=0.00, real=0.01 secs] 
2021-01-18T10:13:32.484-0800: 3.780: [Full GC (Ergonomics) [PSYoungGen: 58623K->0K(273920K)] [ParOldGen: 645876K->373096K(699392K)] 704499K->373096K(973312K), [Metaspace: 2580K->2580K(1056768K)], 0.0459783 secs] [Times: user=0.29 sys=0.01, real=0.05 secs] 
2021-01-18T10:13:32.564-0800: 3.860: [GC (Allocation Failure) [PSYoungGen: 199680K->70684K(270848K)] 572776K->443780K(970240K), 0.0087136 secs] [Times: user=0.06 sys=0.00, real=0.01 secs] 
2021-01-18T10:13:32.602-0800: 3.898: [GC (Allocation Failure) [PSYoungGen: 270095K->62649K(273920K)] 643192K->496726K(973312K), 0.0135172 secs] [Times: user=0.10 sys=0.00, real=0.01 secs] 
2021-01-18T10:13:32.646-0800: 3.942: [GC (Allocation Failure) [PSYoungGen: 260793K->65904K(273408K)] 694870K->552337K(972800K), 0.0134918 secs] [Times: user=0.10 sys=0.00, real=0.01 secs] 
2021-01-18T10:13:32.689-0800: 3.985: [GC (Allocation Failure) [PSYoungGen: 263554K->74725K(269312K)] 749987K->614419K(968704K), 0.0144571 secs] [Times: user=0.10 sys=0.00, real=0.02 secs] 
2021-01-18T10:13:32.735-0800: 4.031: [GC (Allocation Failure) [PSYoungGen: 269285K->56221K(250880K)] 808979K->659815K(950272K), 0.0136924 secs] [Times: user=0.10 sys=0.00, real=0.01 secs] 
2021-01-18T10:13:32.779-0800: 4.075: [GC (Allocation Failure) [PSYoungGen: 250781K->69900K(270336K)] 854375K->718770K(969728K), 0.0129369 secs] [Times: user=0.08 sys=0.01, real=0.02 secs] 
2021-01-18T10:13:32.792-0800: 4.088: [Full GC (Ergonomics) [PSYoungGen: 69900K->0K(270336K)] [ParOldGen: 648869K->384370K(699392K)] 718770K->384370K(969728K), [Metaspace: 2580K->2580K(1056768K)], 0.0479297 secs] [Times: user=0.29 sys=0.00, real=0.05 secs] 
2021-01-18T10:13:32.873-0800: 4.169: [GC (Allocation Failure) [PSYoungGen: 192512K->58231K(270848K)] 576882K->442601K(970240K), 0.0067167 secs] [Times: user=0.04 sys=0.00, real=0.00 secs] 
2021-01-18T10:13:32.905-0800: 4.201: [GC (Allocation Failure) [PSYoungGen: 250387K->64219K(271872K)] 634757K->496617K(971264K), 0.0124766 secs] [Times: user=0.09 sys=0.00, real=0.01 secs] 
2021-01-18T10:13:32.946-0800: 4.242: [GC (Allocation Failure) [PSYoungGen: 257481K->59686K(270848K)] 689879K->546462K(970240K), 0.0123156 secs] [Times: user=0.09 sys=0.00, real=0.01 secs] 
2021-01-18T10:13:32.990-0800: 4.286: [GC (Allocation Failure) [PSYoungGen: 253109K->59313K(272896K)] 739884K->595206K(972288K), 0.0131177 secs] [Times: user=0.09 sys=0.01, real=0.01 secs] 
2021-01-18T10:13:33.032-0800: 4.328: [GC (Allocation Failure) [PSYoungGen: 255409K->61014K(272384K)] 791302K->646024K(971776K), 0.0146664 secs] [Times: user=0.08 sys=0.00, real=0.01 secs] 
2021-01-18T10:13:33.077-0800: 4.373: [GC (Allocation Failure) [PSYoungGen: 257110K->61008K(273920K)] 842120K->695963K(973312K), 0.0131391 secs] [Times: user=0.08 sys=0.00, real=0.02 secs] 
2021-01-18T10:13:33.090-0800: 4.386: [Full GC (Ergonomics) [PSYoungGen: 61008K->0K(273920K)] [ParOldGen: 634954K->366474K(699392K)] 695963K->366474K(973312K), [Metaspace: 2589K->2589K(1056768K)], 0.0465866 secs] [Times: user=0.29 sys=0.00, real=0.04 secs] 
2021-01-18T10:13:33.170-0800: 4.466: [GC (Allocation Failure) [PSYoungGen: 198144K->64315K(273408K)] 564618K->430789K(972800K), 0.0072575 secs] [Times: user=0.05 sys=0.01, real=0.00 secs] 
2021-01-18T10:13:33.205-0800: 4.501: [GC (Allocation Failure) [PSYoungGen: 262459K->62689K(275968K)] 628933K->483394K(975360K), 0.0128923 secs] [Times: user=0.09 sys=0.00, real=0.01 secs] 
2021-01-18T10:13:33.246-0800: 4.543: [GC (Allocation Failure) [PSYoungGen: 264417K->66408K(274944K)] 685122K->535946K(974336K), 0.0124743 secs] [Times: user=0.09 sys=0.00, real=0.01 secs] 
2021-01-18T10:13:33.289-0800: 4.585: [GC (Allocation Failure) [PSYoungGen: 268136K->64161K(276480K)] 737674K->588804K(975872K), 0.0131441 secs] [Times: user=0.10 sys=0.00, real=0.02 secs] 
2021-01-18T10:13:33.333-0800: 4.629: [GC (Allocation Failure) [PSYoungGen: 267425K->68311K(271872K)] 792068K->645897K(971264K), 0.0140334 secs] [Times: user=0.10 sys=0.00, real=0.01 secs] 
2021-01-18T10:13:33.379-0800: 4.675: [GC (Allocation Failure) [PSYoungGen: 271575K->59511K(275968K)] 849161K->690993K(975360K), 0.0128552 secs] [Times: user=0.09 sys=0.00, real=0.02 secs] 
2021-01-18T10:13:33.392-0800: 4.688: [Full GC (Ergonomics) [PSYoungGen: 59511K->0K(275968K)] [ParOldGen: 631481K->365902K(699392K)] 690993K->365902K(975360K), [Metaspace: 2589K->2589K(1056768K)], 0.0463306 secs] [Times: user=0.30 sys=0.01, real=0.04 secs] 
2021-01-18T10:13:33.473-0800: 4.769: [GC (Allocation Failure) [PSYoungGen: 202240K->64782K(275456K)] 568142K->430685K(974848K), 0.0083710 secs] [Times: user=0.06 sys=0.00, real=0.01 secs] 
2021-01-18T10:13:33.509-0800: 4.805: [GC (Allocation Failure) [PSYoungGen: 267022K->72468K(271360K)] 632925K->491228K(970752K), 0.0135093 secs] [Times: user=0.10 sys=0.00, real=0.02 secs] 
2021-01-18T10:13:33.552-0800: 4.848: [GC (Allocation Failure) [PSYoungGen: 271124K->67894K(273920K)] 689884K->543919K(973312K), 0.0139428 secs] [Times: user=0.10 sys=0.00, real=0.01 secs] 
2021-01-18T10:13:33.597-0800: 4.893: [GC (Allocation Failure) [PSYoungGen: 266550K->57138K(272896K)] 742575K->589052K(972288K), 0.0128424 secs] [Times: user=0.09 sys=0.00, real=0.02 secs] 
2021-01-18T10:13:33.640-0800: 4.936: [GC (Allocation Failure) [PSYoungGen: 254770K->63632K(273408K)] 786684K->642176K(972800K), 0.0129007 secs] [Times: user=0.09 sys=0.00, real=0.01 secs] 
2021-01-18T10:13:33.683-0800: 4.979: [GC (Allocation Failure) [PSYoungGen: 260962K->63047K(275456K)] 839506K->694851K(974848K), 0.0136755 secs] [Times: user=0.10 sys=0.00, real=0.01 secs] 
2021-01-18T10:13:33.696-0800: 4.992: [Full GC (Ergonomics) [PSYoungGen: 63047K->0K(275456K)] [ParOldGen: 631803K->375765K(699392K)] 694851K->375765K(974848K), [Metaspace: 2589K->2589K(1056768K)], 0.0459188 secs] [Times: user=0.31 sys=0.01, real=0.05 secs] 
2021-01-18T10:13:33.779-0800: 5.075: [GC (Allocation Failure) [PSYoungGen: 200704K->59572K(274432K)] 576469K->435338K(973824K), 0.0067798 secs] [Times: user=0.05 sys=0.00, real=0.01 secs] 
2021-01-18T10:13:33.814-0800: 5.111: [GC (Allocation Failure) [PSYoungGen: 260183K->69440K(273408K)] 635949K->491711K(972800K), 0.0125766 secs] [Times: user=0.09 sys=0.00, real=0.01 secs] 
2021-01-18T10:13:33.856-0800: 5.152: [GC (Allocation Failure) [PSYoungGen: 269120K->72820K(272896K)] 691391K->554792K(972288K), 0.0144633 secs] [Times: user=0.11 sys=0.00, real=0.02 secs] 
2021-01-18T10:13:33.900-0800: 5.196: [GC (Allocation Failure) [PSYoungGen: 272500K->62984K(272896K)] 754472K->601546K(972288K), 0.0140745 secs] [Times: user=0.10 sys=0.00, real=0.01 secs] 
2021-01-18T10:13:33.944-0800: 5.240: [GC (Allocation Failure) [PSYoungGen: 259499K->57390K(272896K)] 798062K->648055K(972288K), 0.0123867 secs] [Times: user=0.09 sys=0.00, real=0.01 secs] 
2021-01-18T10:13:33.984-0800: 5.280: [GC (Allocation Failure) [PSYoungGen: 253998K->63178K(273920K)] 844663K->700944K(973312K), 0.0134349 secs] [Times: user=0.09 sys=0.00, real=0.01 secs] 
2021-01-18T10:13:33.998-0800: 5.294: [Full GC (Ergonomics) [PSYoungGen: 63178K->0K(273920K)] [ParOldGen: 637765K->368625K(699392K)] 700944K->368625K(973312K), [Metaspace: 2589K->2589K(1056768K)], 0.0459702 secs] [Times: user=0.28 sys=0.01, real=0.05 secs] 
2021-01-18T10:13:34.081-0800: 5.377: [GC (Allocation Failure) [PSYoungGen: 197632K->60424K(272896K)] 566257K->429050K(972288K), 0.0068991 secs] [Times: user=0.05 sys=0.00, real=0.00 secs] 
2021-01-18T10:13:34.115-0800: 5.412: [GC (Allocation Failure) [PSYoungGen: 257785K->67687K(273408K)] 626411K->485809K(972800K), 0.0131960 secs] [Times: user=0.09 sys=0.00, real=0.01 secs] 
2021-01-18T10:13:34.157-0800: 5.453: [GC (Allocation Failure) [PSYoungGen: 266309K->68120K(267264K)] 684431K->540386K(966656K), 0.0141121 secs] [Times: user=0.10 sys=0.00, real=0.02 secs] 
2021-01-18T10:13:34.200-0800: 5.496: [GC (Allocation Failure) [PSYoungGen: 266776K->65368K(274432K)] 739042K->595908K(973824K), 0.0139624 secs] [Times: user=0.10 sys=0.00, real=0.01 secs] 
2021-01-18T10:13:34.243-0800: 5.539: [GC (Allocation Failure) [PSYoungGen: 264024K->69986K(273408K)] 794564K->654526K(972800K), 0.0139476 secs] [Times: user=0.08 sys=0.01, real=0.01 secs] 
2021-01-18T10:13:34.286-0800: 5.582: [GC (Allocation Failure) [PSYoungGen: 268642K->61677K(273920K)] 853182K->702958K(973312K), 0.0134165 secs] [Times: user=0.10 sys=0.00, real=0.02 secs] 
2021-01-18T10:13:34.300-0800: 5.596: [Full GC (Ergonomics) [PSYoungGen: 61677K->0K(273920K)] [ParOldGen: 641281K->364258K(699392K)] 702958K->364258K(973312K), [Metaspace: 2589K->2589K(1056768K)], 0.0449097 secs] [Times: user=0.29 sys=0.00, real=0.04 secs] 
2021-01-18T10:13:34.379-0800: 5.675: [GC (Allocation Failure) [PSYoungGen: 198144K->59840K(273408K)] 562402K->424098K(972800K), 0.0066810 secs] [Times: user=0.02 sys=0.00, real=0.01 secs] 
2021-01-18T10:13:34.412-0800: 5.708: [GC (Allocation Failure) [PSYoungGen: 257984K->65271K(274944K)] 622242K->477653K(974336K), 0.0125733 secs] [Times: user=0.08 sys=0.00, real=0.01 secs] 
2021-01-18T10:13:34.454-0800: 5.750: [GC (Allocation Failure) [PSYoungGen: 264951K->64653K(273920K)] 677333K->530159K(973312K), 0.0130952 secs] [Times: user=0.09 sys=0.00, real=0.01 secs] 
2021-01-18T10:13:34.497-0800: 5.793: [GC (Allocation Failure) [PSYoungGen: 264333K->63542K(276480K)] 729839K->584038K(975872K), 0.0133917 secs] [Times: user=0.09 sys=0.01, real=0.02 secs] 
2021-01-18T10:13:34.539-0800: 5.835: [GC (Allocation Failure) [PSYoungGen: 266294K->70059K(272896K)] 786790K->643265K(972288K), 0.0138929 secs] [Times: user=0.09 sys=0.00, real=0.02 secs] 
2021-01-18T10:13:34.584-0800: 5.880: [GC (Allocation Failure) [PSYoungGen: 272811K->66862K(274944K)] 846017K->694352K(974336K), 0.0139444 secs] [Times: user=0.09 sys=0.00, real=0.01 secs] 
2021-01-18T10:13:34.627-0800: 5.923: [GC (Allocation Failure) [PSYoungGen: 267566K->66772K(274944K)] 895056K->749447K(974336K), 0.0172551 secs] [Times: user=0.09 sys=0.04, real=0.02 secs] 
2021-01-18T10:13:34.645-0800: 5.941: [Full GC (Ergonomics) [PSYoungGen: 66772K->0K(274944K)] [ParOldGen: 682674K->371357K(699392K)] 749447K->371357K(974336K), [Metaspace: 2589K->2589K(1056768K)], 0.0452677 secs] [Times: user=0.30 sys=0.00, real=0.05 secs] 
2021-01-18T10:13:34.724-0800: 6.021: [GC (Allocation Failure) [PSYoungGen: 200704K->66544K(275968K)] 572061K->437901K(975360K), 0.0075478 secs] [Times: user=0.06 sys=0.00, real=0.01 secs] 
2021-01-18T10:13:34.761-0800: 6.057: [GC (Allocation Failure) [PSYoungGen: 268784K->65146K(275456K)] 640141K->488359K(974848K), 0.0128015 secs] [Times: user=0.09 sys=0.00, real=0.01 secs] 
2021-01-18T10:13:34.802-0800: 6.098: [GC (Allocation Failure) [PSYoungGen: 267386K->70788K(274432K)] 690599K->543757K(973824K), 0.0133474 secs] [Times: user=0.09 sys=0.00, real=0.01 secs] 
2021-01-18T10:13:34.845-0800: 6.142: [GC (Allocation Failure) [PSYoungGen: 272232K->65564K(275456K)] 745201K->594671K(974848K), 0.0137349 secs] [Times: user=0.10 sys=0.01, real=0.01 secs] 
2021-01-18T10:13:34.891-0800: 6.187: [GC (Allocation Failure) [PSYoungGen: 267099K->68897K(274944K)] 796206K->649144K(974336K), 0.0137923 secs] [Times: user=0.10 sys=0.00, real=0.01 secs] 
2021-01-18T10:13:34.935-0800: 6.231: [GC (Allocation Failure) [PSYoungGen: 270625K->64630K(275456K)] 850872K->699090K(974848K), 0.0136930 secs] [Times: user=0.10 sys=0.00, real=0.01 secs] 
2021-01-18T10:13:34.949-0800: 6.245: [Full GC (Ergonomics) [PSYoungGen: 64630K->0K(275456K)] [ParOldGen: 634459K->372204K(699392K)] 699090K->372204K(974848K), [Metaspace: 2589K->2589K(1056768K)], 0.0465604 secs] [Times: user=0.31 sys=0.00, real=0.05 secs] 
2021-01-18T10:13:35.032-0800: 6.328: [GC (Allocation Failure) [PSYoungGen: 201728K->64630K(276480K)] 573932K->436835K(975872K), 0.0085278 secs] [Times: user=0.05 sys=0.00, real=0.01 secs] 
2021-01-18T10:13:35.069-0800: 6.365: [GC (Allocation Failure) [PSYoungGen: 267894K->64842K(275968K)] 640099K->490476K(975360K), 0.0133324 secs] [Times: user=0.08 sys=0.00, real=0.02 secs] 
2021-01-18T10:13:35.112-0800: 6.408: [GC (Allocation Failure) [PSYoungGen: 268106K->67476K(276992K)] 693740K->543509K(976384K), 0.0136874 secs] [Times: user=0.10 sys=0.00, real=0.01 secs] 
2021-01-18T10:13:35.156-0800: 6.452: [GC (Allocation Failure) [PSYoungGen: 272276K->68530K(273408K)] 748309K->598657K(972800K), 0.0140840 secs] [Times: user=0.10 sys=0.01, real=0.02 secs] 
2021-01-18T10:13:35.199-0800: 6.495: [GC (Allocation Failure) [PSYoungGen: 273330K->64808K(276992K)] 803457K->649503K(976384K), 0.0141469 secs] [Times: user=0.10 sys=0.00, real=0.02 secs] 
2021-01-18T10:13:35.243-0800: 6.539: [GC (Allocation Failure) [PSYoungGen: 269096K->61036K(276480K)] 853791K->696255K(975872K), 0.0139710 secs] [Times: user=0.09 sys=0.00, real=0.01 secs] 
2021-01-18T10:13:35.257-0800: 6.553: [Full GC (Ergonomics) [PSYoungGen: 61036K->0K(276480K)] [ParOldGen: 635218K->369608K(699392K)] 696255K->369608K(975872K), [Metaspace: 2589K->2589K(1056768K)], 0.0446960 secs] [Times: user=0.30 sys=0.00, real=0.05 secs] 
2021-01-18T10:13:35.340-0800: 6.636: [GC (Allocation Failure) [PSYoungGen: 204288K->57228K(275456K)] 573896K->426837K(974848K), 0.0067297 secs] [Times: user=0.04 sys=0.00, real=0.00 secs] 
2021-01-18T10:13:35.376-0800: 6.672: [GC (Allocation Failure) [PSYoungGen: 259887K->61944K(275968K)] 629496K->477378K(975360K), 0.0122369 secs] [Times: user=0.09 sys=0.00, real=0.01 secs] 
2021-01-18T10:13:35.418-0800: 6.714: [GC (Allocation Failure) [PSYoungGen: 264696K->56842K(275456K)] 680130K->525654K(974848K), 0.0123225 secs] [Times: user=0.09 sys=0.01, real=0.02 secs] 
2021-01-18T10:13:35.461-0800: 6.757: [GC (Allocation Failure) [PSYoungGen: 259594K->66394K(275968K)] 728406K->581829K(975360K), 0.0126882 secs] [Times: user=0.09 sys=0.00, real=0.01 secs] 
2021-01-18T10:13:35.504-0800: 6.800: [GC (Allocation Failure) [PSYoungGen: 269146K->67202K(274944K)] 784581K->635785K(974336K), 0.0134585 secs] [Times: user=0.09 sys=0.00, real=0.01 secs] 
2021-01-18T10:13:35.545-0800: 6.841: [GC (Allocation Failure) [PSYoungGen: 268930K->65241K(275456K)] 837513K->689576K(974848K), 0.0140032 secs] [Times: user=0.10 sys=0.00, real=0.02 secs] 
2021-01-18T10:13:35.589-0800: 6.885: [GC (Allocation Failure) [PSYoungGen: 266969K->68755K(274944K)] 891304K->747820K(974336K), 0.0142313 secs] [Times: user=0.10 sys=0.00, real=0.02 secs] 
2021-01-18T10:13:35.604-0800: 6.900: [Full GC (Ergonomics) [PSYoungGen: 68755K->0K(274944K)] [ParOldGen: 679065K->372648K(699392K)] 747820K->372648K(974336K), [Metaspace: 2589K->2589K(1056768K)], 0.0476940 secs] [Times: user=0.27 sys=0.00, real=0.05 secs] 
2021-01-18T10:13:35.687-0800: 6.983: [GC (Allocation Failure) [PSYoungGen: 201728K->65221K(275456K)] 574376K->437870K(974848K), 0.0080313 secs] [Times: user=0.05 sys=0.01, real=0.01 secs] 
2021-01-18T10:13:35.724-0800: 7.020: [GC (Allocation Failure) [PSYoungGen: 266949K->59677K(275968K)] 639598K->483229K(975360K), 0.0119951 secs] [Times: user=0.08 sys=0.00, real=0.01 secs] 
2021-01-18T10:13:35.767-0800: 7.063: [GC (Allocation Failure) [PSYoungGen: 262429K->61616K(275968K)] 685981K->534616K(975360K), 0.0140135 secs] [Times: user=0.09 sys=0.00, real=0.02 secs] 
2021-01-18T10:13:35.820-0800: 7.116: [GC (Allocation Failure) [PSYoungGen: 264368K->68344K(274432K)] 737368K->589785K(973824K), 0.0147778 secs] [Times: user=0.08 sys=0.00, real=0.01 secs] 
2021-01-18T10:13:35.870-0800: 7.166: [GC (Allocation Failure) [PSYoungGen: 270072K->63553K(275456K)] 791513K->636632K(974848K), 0.0134531 secs] [Times: user=0.08 sys=0.00, real=0.01 secs] 
2021-01-18T10:13:35.917-0800: 7.213: [GC (Allocation Failure) [PSYoungGen: 265281K->66562K(276480K)] 838360K->691695K(975872K), 0.0137752 secs] [Times: user=0.11 sys=0.00, real=0.02 secs] 
2021-01-18T10:13:35.961-0800: 7.257: [GC (Allocation Failure) [PSYoungGen: 270338K->70769K(274944K)] 895471K->752353K(974336K), 0.0144387 secs] [Times: user=0.10 sys=0.00, real=0.01 secs] 
2021-01-18T10:13:35.976-0800: 7.272: [Full GC (Ergonomics) [PSYoungGen: 70769K->0K(274944K)] [ParOldGen: 681583K->365393K(699392K)] 752353K->365393K(974336K), [Metaspace: 2589K->2589K(1056768K)], 0.0463033 secs] [Times: user=0.30 sys=0.01, real=0.05 secs] 
2021-01-18T10:13:36.060-0800: 7.356: [GC (Allocation Failure) [PSYoungGen: 203776K->69641K(272896K)] 569169K->435035K(972288K), 0.0082463 secs] [Times: user=0.06 sys=0.00, real=0.00 secs] 
2021-01-18T10:13:36.096-0800: 7.392: [GC (Allocation Failure) [PSYoungGen: 268297K->67906K(273920K)] 633691K->490185K(973312K), 0.0142145 secs] [Times: user=0.10 sys=0.00, real=0.02 secs] 
2021-01-18T10:13:36.142-0800: 7.438: [GC (Allocation Failure) [PSYoungGen: 266562K->61134K(274432K)] 688841K->539134K(973824K), 0.0139735 secs] [Times: user=0.09 sys=0.00, real=0.01 secs] 
2021-01-18T10:13:36.189-0800: 7.485: [GC (Allocation Failure) [PSYoungGen: 260814K->66431K(274432K)] 738814K->592038K(973824K), 0.0144239 secs] [Times: user=0.09 sys=0.01, real=0.02 secs] 
2021-01-18T10:13:36.237-0800: 7.533: [GC (Allocation Failure) [PSYoungGen: 266111K->59766K(274944K)] 791718K->641266K(974336K), 0.0142570 secs] [Times: user=0.10 sys=0.00, real=0.02 secs] 
2021-01-18T10:13:36.281-0800: 7.577: [GC (Allocation Failure) [PSYoungGen: 260470K->68812K(269824K)] 841970K->700537K(969216K), 0.0136751 secs] [Times: user=0.09 sys=0.00, real=0.01 secs] 
2021-01-18T10:13:36.295-0800: 7.591: [Full GC (Ergonomics) [PSYoungGen: 68812K->0K(269824K)] [ParOldGen: 631724K->381013K(699392K)] 700537K->381013K(969216K), [Metaspace: 2589K->2589K(1056768K)], 0.0482262 secs] [Times: user=0.32 sys=0.00, real=0.05 secs] 
2021-01-18T10:13:36.377-0800: 7.673: [GC (Allocation Failure) [PSYoungGen: 200704K->65906K(274944K)] 581717K->446920K(974336K), 0.0074441 secs] [Times: user=0.05 sys=0.00, real=0.01 secs] 
2021-01-18T10:13:36.413-0800: 7.709: [GC (Allocation Failure) [PSYoungGen: 266098K->68993K(274432K)] 647112K->508183K(973824K), 0.0144055 secs] [Times: user=0.09 sys=0.00, real=0.01 secs] 
2021-01-18T10:13:36.456-0800: 7.752: [GC (Allocation Failure) [PSYoungGen: 269185K->64834K(274944K)] 708375K->564450K(974336K), 0.0137415 secs] [Times: user=0.09 sys=0.00, real=0.02 secs] 
2021-01-18T10:13:36.500-0800: 7.796: [GC (Allocation Failure) [PSYoungGen: 265026K->66881K(274432K)] 764642K->618963K(973824K), 0.0138956 secs] [Times: user=0.10 sys=0.00, real=0.01 secs] 
2021-01-18T10:13:36.544-0800: 7.840: [GC (Allocation Failure) [PSYoungGen: 267073K->62284K(275456K)] 819155K->668377K(974848K), 0.0136504 secs] [Times: user=0.10 sys=0.00, real=0.01 secs] 
2021-01-18T10:13:36.590-0800: 7.886: [GC (Allocation Failure) [PSYoungGen: 264012K->63902K(275456K)] 870105K->722542K(974848K), 0.0147564 secs] [Times: user=0.11 sys=0.00, real=0.01 secs] 
2021-01-18T10:13:36.605-0800: 7.901: [Full GC (Ergonomics) [PSYoungGen: 63902K->0K(275456K)] [ParOldGen: 658639K->379942K(699392K)] 722542K->379942K(974848K), [Metaspace: 2589K->2589K(1056768K)], 0.0465704 secs] [Times: user=0.30 sys=0.01, real=0.05 secs] 
2021-01-18T10:13:36.687-0800: 7.983: [GC (Allocation Failure) [PSYoungGen: 201728K->63824K(276480K)] 581670K->443767K(975872K), 0.0074338 secs] [Times: user=0.05 sys=0.00, real=0.01 secs] 
2021-01-18T10:13:36.723-0800: 8.019: [GC (Allocation Failure) [PSYoungGen: 267088K->66897K(275968K)] 647031K->498592K(975360K), 0.0130346 secs] [Times: user=0.09 sys=0.00, real=0.01 secs] 
2021-01-18T10:13:36.767-0800: 8.063: [GC (Allocation Failure) [PSYoungGen: 270161K->67011K(276992K)] 701856K->551492K(976384K), 0.0139028 secs] [Times: user=0.08 sys=0.00, real=0.02 secs] 
2021-01-18T10:13:36.813-0800: 8.109: [GC (Allocation Failure) [PSYoungGen: 271761K->60768K(265728K)] 756241K->601112K(965120K), 0.0143698 secs] [Times: user=0.08 sys=0.00, real=0.01 secs] 
2021-01-18T10:13:36.859-0800: 8.155: [GC (Allocation Failure) [PSYoungGen: 265568K->71982K(273408K)] 805912K->662977K(972800K), 0.0149971 secs] [Times: user=0.09 sys=0.01, real=0.02 secs] 
2021-01-18T10:13:36.907-0800: 8.203: [GC (Allocation Failure) [PSYoungGen: 272686K->61934K(274944K)] 863681K->713371K(974336K), 0.0149277 secs] [Times: user=0.09 sys=0.00, real=0.02 secs] 
2021-01-18T10:13:36.922-0800: 8.218: [Full GC (Ergonomics) [PSYoungGen: 61934K->0K(274944K)] [ParOldGen: 651436K->375448K(699392K)] 713371K->375448K(974336K), [Metaspace: 2589K->2589K(1056768K)], 0.0482406 secs] [Times: user=0.26 sys=0.00, real=0.05 secs] 
2021-01-18T10:13:37.003-0800: 8.299: [GC (Allocation Failure) [PSYoungGen: 200704K->65387K(275968K)] 576152K->440836K(975360K), 0.0083270 secs] [Times: user=0.05 sys=0.00, real=0.01 secs] 
2021-01-18T10:13:37.040-0800: 8.336: [GC (Allocation Failure) [PSYoungGen: 267115K->68984K(274944K)] 642564K->499439K(974336K), 0.0136089 secs] [Times: user=0.10 sys=0.00, real=0.01 secs] 
2021-01-18T10:13:37.083-0800: 8.379: [GC (Allocation Failure) [PSYoungGen: 270712K->70719K(273408K)] 701167K->553735K(972800K), 0.0145658 secs] [Times: user=0.10 sys=0.00, real=0.01 secs] 
2021-01-18T10:13:37.127-0800: 8.423: [GC (Allocation Failure) [PSYoungGen: 270399K->61472K(274432K)] 753415K->601418K(973824K), 0.0133169 secs] [Times: user=0.09 sys=0.00, real=0.02 secs] 
2021-01-18T10:13:37.171-0800: 8.467: [GC (Allocation Failure) [PSYoungGen: 261152K->62613K(274432K)] 801098K->654905K(973824K), 0.0138936 secs] [Times: user=0.09 sys=0.00, real=0.01 secs] 
2021-01-18T10:13:37.216-0800: 8.512: [GC (Allocation Failure) [PSYoungGen: 262293K->67931K(274432K)] 854585K->715612K(973824K), 0.0139379 secs] [Times: user=0.09 sys=0.00, real=0.02 secs] 
2021-01-18T10:13:37.230-0800: 8.526: [Full GC (Ergonomics) [PSYoungGen: 67931K->0K(274432K)] [ParOldGen: 647681K->366546K(699392K)] 715612K->366546K(973824K), [Metaspace: 2589K->2589K(1056768K)], 0.0464378 secs] [Times: user=0.26 sys=0.01, real=0.04 secs] 
2021-01-18T10:13:37.315-0800: 8.611: [GC (Allocation Failure) [PSYoungGen: 199680K->59717K(274432K)] 566226K->426263K(973824K), 0.0072178 secs] [Times: user=0.03 sys=0.00, real=0.01 secs] 
2021-01-18T10:13:37.350-0800: 8.646: [GC (Allocation Failure) [PSYoungGen: 259397K->59860K(274432K)] 625943K->477831K(973824K), 0.0141854 secs] [Times: user=0.08 sys=0.00, real=0.01 secs] 
2021-01-18T10:13:37.395-0800: 8.691: [GC (Allocation Failure) [PSYoungGen: 259540K->59496K(274432K)] 677511K->529198K(973824K), 0.0126379 secs] [Times: user=0.08 sys=0.00, real=0.01 secs] 
2021-01-18T10:13:37.438-0800: 8.734: [GC (Allocation Failure) [PSYoungGen: 258827K->64750K(274432K)] 728529K->584328K(973824K), 0.0141981 secs] [Times: user=0.08 sys=0.01, real=0.02 secs] 
2021-01-18T10:13:37.483-0800: 8.779: [GC (Allocation Failure) [PSYoungGen: 264430K->66677K(275456K)] 784008K->640315K(974848K), 0.0140900 secs] [Times: user=0.10 sys=0.00, real=0.01 secs] 
2021-01-18T10:13:37.530-0800: 8.826: [GC (Allocation Failure) [PSYoungGen: 268311K->73506K(275456K)] 841950K->701102K(974848K), 0.0151433 secs] [Times: user=0.09 sys=0.00, real=0.01 secs] 
2021-01-18T10:13:37.576-0800: 8.872: [GC (Allocation Failure) [PSYoungGen: 275234K->63750K(272384K)] 902830K->753118K(971776K), 0.0167567 secs] [Times: user=0.09 sys=0.01, real=0.02 secs] 
2021-01-18T10:13:37.593-0800: 8.889: [Full GC (Ergonomics) [PSYoungGen: 63750K->0K(272384K)] [ParOldGen: 689368K->387966K(699392K)] 753118K->387966K(971776K), [Metaspace: 2589K->2589K(1056768K)], 0.0480854 secs] [Times: user=0.32 sys=0.01, real=0.05 secs] 
2021-01-18T10:13:37.677-0800: 8.973: [GC (Allocation Failure) [PSYoungGen: 198656K->63592K(273920K)] 586622K->451559K(973312K), 0.0082799 secs] [Times: user=0.05 sys=0.00, real=0.01 secs] 
2021-01-18T10:13:37.714-0800: 9.010: [GC (Allocation Failure) [PSYoungGen: 262248K->62846K(274944K)] 650215K->505750K(974336K), 0.0134920 secs] [Times: user=0.09 sys=0.00, real=0.01 secs] 
2021-01-18T10:13:37.760-0800: 9.056: [GC (Allocation Failure) [PSYoungGen: 263038K->65791K(274432K)] 705942K->561714K(973824K), 0.0130277 secs] [Times: user=0.09 sys=0.00, real=0.01 secs] 
2021-01-18T10:13:37.803-0800: 9.099: [GC (Allocation Failure) [PSYoungGen: 265983K->68772K(274432K)] 761906K->615361K(973824K), 0.0150352 secs] [Times: user=0.11 sys=0.00, real=0.01 secs] 
2021-01-18T10:13:37.850-0800: 9.146: [GC (Allocation Failure) [PSYoungGen: 269476K->56111K(257024K)] 816065K->663467K(956416K), 0.0132771 secs] [Times: user=0.09 sys=0.00, real=0.01 secs] 
2021-01-18T10:13:37.896-0800: 9.192: [GC (Allocation Failure) [PSYoungGen: 256815K->61953K(274944K)] 864171K->714338K(974336K), 0.0121515 secs] [Times: user=0.09 sys=0.00, real=0.01 secs] 
2021-01-18T10:13:37.908-0800: 9.204: [Full GC (Ergonomics) [PSYoungGen: 61953K->0K(274944K)] [ParOldGen: 652385K->385283K(699392K)] 714338K->385283K(974336K), [Metaspace: 2589K->2589K(1056768K)], 0.0481909 secs] [Times: user=0.32 sys=0.00, real=0.05 secs] 
2021-01-18T10:13:37.993-0800: 9.289: [GC (Allocation Failure) [PSYoungGen: 200192K->67271K(274432K)] 585475K->452554K(973824K), 0.0081275 secs] [Times: user=0.05 sys=0.00, real=0.01 secs] 
2021-01-18T10:13:38.030-0800: 9.326: [GC (Allocation Failure) [PSYoungGen: 267463K->68757K(272896K)] 652746K->509915K(972288K), 0.0146718 secs] [Times: user=0.10 sys=0.00, real=0.01 secs] 
2021-01-18T10:13:38.075-0800: 9.371: [GC (Allocation Failure) [PSYoungGen: 267237K->59009K(273920K)] 708396K->560647K(973312K), 0.0139744 secs] [Times: user=0.10 sys=0.00, real=0.01 secs] 
2021-01-18T10:13:38.120-0800: 9.416: [GC (Allocation Failure) [PSYoungGen: 257665K->61730K(274944K)] 759303K->613117K(974336K), 0.0128945 secs] [Times: user=0.08 sys=0.00, real=0.01 secs] 
2021-01-18T10:13:38.161-0800: 9.457: [GC (Allocation Failure) [PSYoungGen: 261410K->66173K(273920K)] 812797K->670266K(973312K), 0.0135589 secs] [Times: user=0.10 sys=0.00, real=0.01 secs] 
2021-01-18T10:13:38.203-0800: 9.499: [GC (Allocation Failure) [PSYoungGen: 265760K->66099K(275456K)] 869853K->721764K(974848K), 0.0134492 secs] [Times: user=0.09 sys=0.00, real=0.01 secs] 
2021-01-18T10:13:38.217-0800: 9.513: [Full GC (Ergonomics) [PSYoungGen: 66099K->0K(275456K)] [ParOldGen: 655665K->374625K(699392K)] 721764K->374625K(974848K), [Metaspace: 2589K->2589K(1056768K)], 0.0465460 secs] [Times: user=0.31 sys=0.00, real=0.05 secs] 
2021-01-18T10:13:38.300-0800: 9.596: [GC (Allocation Failure) [PSYoungGen: 201216K->73673K(274944K)] 575841K->449526K(974336K), 0.0089614 secs] [Times: user=0.06 sys=0.00, real=0.00 secs] 
2021-01-18T10:13:38.337-0800: 9.633: [GC (Allocation Failure) [PSYoungGen: 274889K->68411K(270848K)] 650742K->507681K(970240K), 0.0152918 secs] [Times: user=0.10 sys=0.00, real=0.02 secs] 
2021-01-18T10:13:38.382-0800: 9.678: [GC (Allocation Failure) [PSYoungGen: 265019K->64534K(272896K)] 704289K->560607K(972288K), 0.0132853 secs] [Times: user=0.10 sys=0.00, real=0.01 secs] 
2021-01-18T10:13:38.425-0800: 9.721: [GC (Allocation Failure) [PSYoungGen: 261142K->69873K(272384K)] 757215K->616822K(971776K), 0.0138523 secs] [Times: user=0.09 sys=0.01, real=0.01 secs] 
2021-01-18T10:13:38.468-0800: 9.764: [GC (Allocation Failure) [PSYoungGen: 266481K->66381K(272896K)] 813430K->672646K(972288K), 0.0139115 secs] [Times: user=0.10 sys=0.00, real=0.02 secs] 
2021-01-18T10:13:38.509-0800: 9.805: [GC (Allocation Failure) [PSYoungGen: 262989K->66197K(274432K)] 869254K->728400K(973824K), 0.0141695 secs] [Times: user=0.10 sys=0.00, real=0.02 secs] 
2021-01-18T10:13:38.524-0800: 9.820: [Full GC (Ergonomics) [PSYoungGen: 66197K->0K(274432K)] [ParOldGen: 662202K->393740K(699392K)] 728400K->393740K(973824K), [Metaspace: 2589K->2589K(1056768K)], 0.0476721 secs] [Times: user=0.33 sys=0.00, real=0.05 secs] 
2021-01-18T10:13:38.607-0800: 9.903: [GC (Allocation Failure) [PSYoungGen: 199168K->63846K(273920K)] 592908K->457587K(973312K), 0.0071773 secs] [Times: user=0.05 sys=0.00, real=0.01 secs] 
2021-01-18T10:13:38.643-0800: 9.939: [GC (Allocation Failure) [PSYoungGen: 263014K->57651K(273920K)] 656755K->503871K(973312K), 0.0121297 secs] [Times: user=0.09 sys=0.00, real=0.01 secs] 
2021-01-18T10:13:38.686-0800: 9.982: [GC (Allocation Failure) [PSYoungGen: 257331K->67766K(274432K)] 703551K->561849K(973824K), 0.0130956 secs] [Times: user=0.08 sys=0.01, real=0.02 secs] 
2021-01-18T10:13:38.728-0800: 10.024: [GC (Allocation Failure) [PSYoungGen: 267441K->67909K(274432K)] 761524K->617115K(973824K), 0.0141321 secs] [Times: user=0.10 sys=0.00, real=0.02 secs] 
Heap
 PSYoungGen      total 274432K, used 202212K [0x00000007aab00000, 0x00000007c0000000, 0x00000007c0000000)
  eden space 199680K, 67% used [0x00000007aab00000,0x00000007b2e27cf0,0x00000007b6e00000)
  from space 74752K, 90% used [0x00000007bb700000,0x00000007bf9514a8,0x00000007c0000000)
  to   space 74752K, 0% used [0x00000007b6e00000,0x00000007b6e00000,0x00000007bb700000)
 ParOldGen       total 699392K, used 549206K [0x0000000780000000, 0x00000007aab00000, 0x00000007aab00000)
  object space 699392K, 78% used [0x0000000780000000,0x00000007a1855810,0x00000007aab00000)
 Metaspace       used 2595K, capacity 4490K, committed 4864K, reserved 1056768K
  class space    used 278K, capacity 386K, committed 512K, reserved 1048576K
