Java HotSpot(TM) 64-Bit Server VM (25.271-b09) for bsd-amd64 JRE (1.8.0_271-b09), built on Sep 16 2020 16:54:38 by "java_re" with gcc 4.2.1 Compatible Apple LLVM 10.0.0 (clang-1000.11.45.5)
Memory: 4k page, physical 16777216k(107076k free)

/proc/meminfo:

CommandLine flags: -XX:InitialHeapSize=2147483648 -XX:MaxHeapSize=2147483648 -XX:+PrintGC -XX:+PrintGCDateStamps -XX:+PrintGCDetails -XX:+PrintGCTimeStamps -XX:+UseCompressedClassPointers -XX:+UseCompressedOops -XX:+UseParallelGC 
2021-01-18T10:13:48.566-0800: 0.320: [GC (Allocation Failure) [PSYoungGen: 524800K->87031K(611840K)] 524800K->142205K(2010112K), 0.0325694 secs] [Times: user=0.07 sys=0.18, real=0.03 secs] 
2021-01-18T10:13:48.673-0800: 0.426: [GC (Allocation Failure) [PSYoungGen: 611831K->87039K(611840K)] 667005K->257284K(2010112K), 0.0455356 secs] [Times: user=0.09 sys=0.25, real=0.04 secs] 
2021-01-18T10:13:48.785-0800: 0.539: [GC (Allocation Failure) [PSYoungGen: 611839K->87030K(611840K)] 782084K->369056K(2010112K), 0.0464328 secs] [Times: user=0.12 sys=0.18, real=0.05 secs] 
2021-01-18T10:13:48.898-0800: 0.652: [GC (Allocation Failure) [PSYoungGen: 611830K->87036K(611840K)] 893856K->480306K(2010112K), 0.0448548 secs] [Times: user=0.12 sys=0.17, real=0.05 secs] 
2021-01-18T10:13:49.008-0800: 0.762: [GC (Allocation Failure) [PSYoungGen: 611836K->87039K(611840K)] 1005106K->592054K(2010112K), 0.0464420 secs] [Times: user=0.12 sys=0.18, real=0.05 secs] 
2021-01-18T10:13:49.118-0800: 0.872: [GC (Allocation Failure) [PSYoungGen: 611839K->87038K(321024K)] 1116854K->707291K(1719296K), 0.0439740 secs] [Times: user=0.13 sys=0.18, real=0.05 secs] 
2021-01-18T10:13:49.189-0800: 0.943: [GC (Allocation Failure) [PSYoungGen: 321022K->134993K(369152K)] 941275K->761082K(1767424K), 0.0163206 secs] [Times: user=0.10 sys=0.01, real=0.02 secs] 
2021-01-18T10:13:49.241-0800: 0.994: [GC (Allocation Failure) [PSYoungGen: 368977K->175670K(465920K)] 995066K->813643K(1864192K), 0.0219954 secs] [Times: user=0.14 sys=0.02, real=0.02 secs] 
2021-01-18T10:13:49.301-0800: 1.055: [GC (Allocation Failure) [PSYoungGen: 408630K->171455K(465920K)] 1046603K->844027K(1864192K), 0.0292703 secs] [Times: user=0.14 sys=0.06, real=0.03 secs] 
2021-01-18T10:13:49.364-0800: 1.118: [GC (Allocation Failure) [PSYoungGen: 404415K->126396K(462336K)] 1076987K->883410K(1860608K), 0.0302787 secs] [Times: user=0.09 sys=0.12, real=0.03 secs] 
2021-01-18T10:13:49.424-0800: 1.178: [GC (Allocation Failure) [PSYoungGen: 359356K->79989K(465920K)] 1116370K->937668K(1864192K), 0.0291013 secs] [Times: user=0.07 sys=0.13, real=0.03 secs] 
2021-01-18T10:13:49.479-0800: 1.233: [GC (Allocation Failure) [PSYoungGen: 312949K->70026K(465920K)] 1170628K->992415K(1864192K), 0.0204892 secs] [Times: user=0.06 sys=0.07, real=0.03 secs] 
2021-01-18T10:13:49.526-0800: 1.280: [GC (Allocation Failure) [PSYoungGen: 302986K->71350K(465920K)] 1225375K->1050341K(1864192K), 0.0180480 secs] [Times: user=0.06 sys=0.07, real=0.02 secs] 
2021-01-18T10:13:49.571-0800: 1.325: [GC (Allocation Failure) [PSYoungGen: 304310K->69906K(465920K)] 1283301K->1106049K(1864192K), 0.0193265 secs] [Times: user=0.06 sys=0.08, real=0.02 secs] 
2021-01-18T10:13:49.617-0800: 1.371: [GC (Allocation Failure) [PSYoungGen: 302866K->75957K(465920K)] 1339009K->1168357K(1864192K), 0.0194821 secs] [Times: user=0.06 sys=0.07, real=0.02 secs] 
2021-01-18T10:13:49.663-0800: 1.417: [GC (Allocation Failure) [PSYoungGen: 308917K->72150K(465920K)] 1401317K->1225785K(1864192K), 0.0207968 secs] [Times: user=0.06 sys=0.08, real=0.02 secs] 
2021-01-18T10:13:49.708-0800: 1.462: [GC (Allocation Failure) [PSYoungGen: 305110K->76042K(465920K)] 1458745K->1285718K(1864192K), 0.0193855 secs] [Times: user=0.06 sys=0.08, real=0.02 secs] 
2021-01-18T10:13:49.754-0800: 1.508: [GC (Allocation Failure) [PSYoungGen: 309002K->76247K(465920K)] 1518678K->1345558K(1864192K), 0.0208038 secs] [Times: user=0.06 sys=0.07, real=0.02 secs] 
2021-01-18T10:13:49.801-0800: 1.554: [GC (Allocation Failure) [PSYoungGen: 309207K->75522K(465920K)] 1578518K->1405587K(1864192K), 0.0206539 secs] [Times: user=0.06 sys=0.08, real=0.02 secs] 
2021-01-18T10:13:49.821-0800: 1.575: [Full GC (Ergonomics) [PSYoungGen: 75522K->0K(465920K)] [ParOldGen: 1330064K->372190K(1398272K)] 1405587K->372190K(1864192K), [Metaspace: 2580K->2580K(1056768K)], 0.0720148 secs] [Times: user=0.33 sys=0.03, real=0.07 secs] 
2021-01-18T10:13:49.924-0800: 1.678: [GC (Allocation Failure) [PSYoungGen: 232960K->66231K(465920K)] 605150K->438421K(1864192K), 0.0078276 secs] [Times: user=0.06 sys=0.00, real=0.01 secs] 
2021-01-18T10:13:49.965-0800: 1.719: [GC (Allocation Failure) [PSYoungGen: 299191K->69772K(465920K)] 671381K->496085K(1864192K), 0.0132466 secs] [Times: user=0.10 sys=0.00, real=0.01 secs] 
2021-01-18T10:13:50.014-0800: 1.768: [GC (Allocation Failure) [PSYoungGen: 302732K->80574K(476672K)] 729045K->563604K(1874944K), 0.0152446 secs] [Times: user=0.11 sys=0.00, real=0.01 secs] 
2021-01-18T10:13:50.068-0800: 1.821: [GC (Allocation Failure) [PSYoungGen: 326846K->79717K(468480K)] 809876K->627295K(1866752K), 0.0163939 secs] [Times: user=0.11 sys=0.01, real=0.02 secs] 
2021-01-18T10:13:50.122-0800: 1.876: [GC (Allocation Failure) [PSYoungGen: 325989K->79509K(492544K)] 873567K->688245K(1890816K), 0.0158638 secs] [Times: user=0.11 sys=0.00, real=0.01 secs] 
2021-01-18T10:13:50.180-0800: 1.934: [GC (Allocation Failure) [PSYoungGen: 358037K->92877K(484864K)] 966773K->758889K(1883136K), 0.0170873 secs] [Times: user=0.12 sys=0.00, real=0.01 secs] 
2021-01-18T10:13:50.239-0800: 1.992: [GC (Allocation Failure) [PSYoungGen: 371405K->89768K(510976K)] 1037417K->828578K(1909248K), 0.0186349 secs] [Times: user=0.14 sys=0.00, real=0.02 secs] 
2021-01-18T10:13:50.303-0800: 2.056: [GC (Allocation Failure) [PSYoungGen: 404648K->100380K(502784K)] 1143458K->909581K(1901056K), 0.0193401 secs] [Times: user=0.14 sys=0.00, real=0.02 secs] 
2021-01-18T10:13:50.369-0800: 2.123: [GC (Allocation Failure) [PSYoungGen: 415260K->100482K(525824K)] 1224461K->984925K(1924096K), 0.0202969 secs] [Times: user=0.15 sys=0.00, real=0.02 secs] 
2021-01-18T10:13:50.439-0800: 2.193: [GC (Allocation Failure) [PSYoungGen: 446594K->105549K(519168K)] 1331037K->1060839K(1917440K), 0.0204403 secs] [Times: user=0.15 sys=0.01, real=0.03 secs] 
2021-01-18T10:13:50.509-0800: 2.263: [GC (Allocation Failure) [PSYoungGen: 451661K->103810K(535552K)] 1406951K->1134248K(1933824K), 0.0209730 secs] [Times: user=0.14 sys=0.00, real=0.03 secs] 
2021-01-18T10:13:50.583-0800: 2.337: [GC (Allocation Failure) [PSYoungGen: 470914K->114642K(530432K)] 1501352K->1218031K(1928704K), 0.0221691 secs] [Times: user=0.17 sys=0.00, real=0.02 secs] 
2021-01-18T10:13:50.656-0800: 2.410: [GC (Allocation Failure) [PSYoungGen: 481746K->107512K(539648K)] 1585135K->1297124K(1937920K), 0.0232087 secs] [Times: user=0.17 sys=0.00, real=0.03 secs] 
2021-01-18T10:13:50.735-0800: 2.489: [GC (Allocation Failure) [PSYoungGen: 484344K->111286K(536064K)] 1673956K->1376687K(1934336K), 0.0222431 secs] [Times: user=0.16 sys=0.00, real=0.02 secs] 
2021-01-18T10:13:50.811-0800: 2.565: [GC (Allocation Failure) [PSYoungGen: 488118K->119335K(539648K)] 1753519K->1460831K(1937920K), 0.0259230 secs] [Times: user=0.14 sys=0.03, real=0.02 secs] 
2021-01-18T10:13:50.837-0800: 2.591: [Full GC (Ergonomics) [PSYoungGen: 119335K->0K(539648K)] [ParOldGen: 1341496K->375383K(1398272K)] 1460831K->375383K(1937920K), [Metaspace: 2580K->2580K(1056768K)], 0.0532111 secs] [Times: user=0.33 sys=0.01, real=0.06 secs] 
2021-01-18T10:13:50.948-0800: 2.702: [GC (Allocation Failure) [PSYoungGen: 382464K->122756K(505344K)] 757847K->498139K(1903616K), 0.0128942 secs] [Times: user=0.08 sys=0.00, real=0.02 secs] 
2021-01-18T10:13:51.013-0800: 2.767: [GC (Allocation Failure) [PSYoungGen: 505220K->118729K(539648K)] 880603K->575762K(1937920K), 0.0226687 secs] [Times: user=0.15 sys=0.00, real=0.02 secs] 
2021-01-18T10:13:51.092-0800: 2.845: [GC (Allocation Failure) [PSYoungGen: 498416K->119096K(539136K)] 955449K->657755K(1937408K), 0.0223027 secs] [Times: user=0.16 sys=0.00, real=0.02 secs] 
2021-01-18T10:13:51.168-0800: 2.922: [GC (Allocation Failure) [PSYoungGen: 499000K->119118K(541184K)] 1037659K->743681K(1939456K), 0.0229406 secs] [Times: user=0.17 sys=0.00, real=0.03 secs] 
2021-01-18T10:13:51.260-0800: 3.014: [GC (Allocation Failure) [PSYoungGen: 501463K->117281K(540672K)] 1126026K->820839K(1938944K), 0.0232842 secs] [Times: user=0.15 sys=0.00, real=0.02 secs] 
2021-01-18T10:13:51.340-0800: 3.094: [GC (Allocation Failure) [PSYoungGen: 500257K->114661K(546304K)] 1203815K->901683K(1944576K), 0.0229018 secs] [Times: user=0.16 sys=0.00, real=0.02 secs] 
2021-01-18T10:13:51.420-0800: 3.174: [GC (Allocation Failure) [PSYoungGen: 505317K->119730K(543232K)] 1292339K->990427K(1941504K), 0.0235037 secs] [Times: user=0.15 sys=0.00, real=0.02 secs] 
2021-01-18T10:13:51.501-0800: 3.255: [GC (Allocation Failure) [PSYoungGen: 510386K->117751K(548864K)] 1381083K->1070924K(1947136K), 0.0229760 secs] [Times: user=0.16 sys=0.00, real=0.02 secs] 
2021-01-18T10:13:51.578-0800: 3.332: [GC (Allocation Failure) [PSYoungGen: 514551K->120363K(546816K)] 1467724K->1152056K(1945088K), 0.0233304 secs] [Times: user=0.17 sys=0.01, real=0.03 secs] 
2021-01-18T10:13:51.656-0800: 3.410: [GC (Allocation Failure) [PSYoungGen: 517163K->115684K(551936K)] 1548856K->1231878K(1950208K), 0.0228624 secs] [Times: user=0.17 sys=0.00, real=0.02 secs] 
2021-01-18T10:13:51.737-0800: 3.490: [GC (Allocation Failure) [PSYoungGen: 518116K->118012K(549376K)] 1634310K->1317555K(1947648K), 0.0237887 secs] [Times: user=0.16 sys=0.00, real=0.03 secs] 
2021-01-18T10:13:51.822-0800: 3.576: [GC (Allocation Failure) [PSYoungGen: 520444K->113145K(556544K)] 1719987K->1399228K(1954816K), 0.0239350 secs] [Times: user=0.18 sys=0.00, real=0.02 secs] 
2021-01-18T10:13:51.903-0800: 3.656: [GC (Allocation Failure) [PSYoungGen: 524281K->119743K(553472K)] 1810364K->1481528K(1951744K), 0.0252413 secs] [Times: user=0.13 sys=0.04, real=0.02 secs] 
2021-01-18T10:13:51.928-0800: 3.682: [Full GC (Ergonomics) [PSYoungGen: 119743K->0K(553472K)] [ParOldGen: 1361785K->386204K(1398272K)] 1481528K->386204K(1951744K), [Metaspace: 2580K->2580K(1056768K)], 0.0524335 secs] [Times: user=0.34 sys=0.01, real=0.06 secs] 
2021-01-18T10:13:52.043-0800: 3.796: [GC (Allocation Failure) [PSYoungGen: 411136K->121199K(557568K)] 797340K->507403K(1955840K), 0.0130062 secs] [Times: user=0.09 sys=0.00, real=0.01 secs] 
2021-01-18T10:13:52.111-0800: 3.865: [GC (Allocation Failure) [PSYoungGen: 536943K->121981K(557056K)] 923147K->594797K(1955328K), 0.0223544 secs] [Times: user=0.16 sys=0.00, real=0.02 secs] 
2021-01-18T10:13:52.193-0800: 3.946: [GC (Allocation Failure) [PSYoungGen: 537725K->123216K(556544K)] 1010541K->679450K(1954816K), 0.0226119 secs] [Times: user=0.16 sys=0.00, real=0.02 secs] 
2021-01-18T10:13:52.274-0800: 4.028: [GC (Allocation Failure) [PSYoungGen: 538448K->129229K(544768K)] 1094682K->762903K(1943040K), 0.0225416 secs] [Times: user=0.16 sys=0.01, real=0.02 secs] 
2021-01-18T10:13:52.360-0800: 4.114: [GC (Allocation Failure) [PSYoungGen: 544461K->124904K(555008K)] 1178135K->844929K(1953280K), 0.0236340 secs] [Times: user=0.17 sys=0.00, real=0.02 secs] 
2021-01-18T10:13:52.441-0800: 4.194: [GC (Allocation Failure) [PSYoungGen: 536040K->119905K(555008K)] 1256065K->928064K(1953280K), 0.0231652 secs] [Times: user=0.16 sys=0.00, real=0.02 secs] 
2021-01-18T10:13:52.522-0800: 4.276: [GC (Allocation Failure) [PSYoungGen: 531041K->122465K(557568K)] 1339200K->1008003K(1955840K), 0.0223410 secs] [Times: user=0.16 sys=0.00, real=0.02 secs] 
2021-01-18T10:13:52.604-0800: 4.357: [GC (Allocation Failure) [PSYoungGen: 538209K->114015K(557056K)] 1423747K->1084613K(1955328K), 0.0228908 secs] [Times: user=0.16 sys=0.00, real=0.02 secs] 
2021-01-18T10:13:52.684-0800: 4.438: [GC (Allocation Failure) [PSYoungGen: 529759K->125446K(558080K)] 1500357K->1168732K(1956352K), 0.0228260 secs] [Times: user=0.16 sys=0.01, real=0.02 secs] 
2021-01-18T10:13:52.768-0800: 4.522: [GC (Allocation Failure) [PSYoungGen: 543750K->115682K(558592K)] 1587036K->1252176K(1956864K), 0.0243147 secs] [Times: user=0.18 sys=0.00, real=0.03 secs] 
2021-01-18T10:13:52.852-0800: 4.605: [GC (Allocation Failure) [PSYoungGen: 533986K->123034K(560640K)] 1670480K->1336634K(1958912K), 0.0233428 secs] [Times: user=0.17 sys=0.00, real=0.02 secs] 
2021-01-18T10:13:52.933-0800: 4.687: [GC (Allocation Failure) [PSYoungGen: 544922K->124355K(560128K)] 1758522K->1427298K(1958400K), 0.0249927 secs] [Times: user=0.18 sys=0.00, real=0.02 secs] 
2021-01-18T10:13:52.959-0800: 4.712: [Full GC (Ergonomics) [PSYoungGen: 124355K->0K(560128K)] [ParOldGen: 1302943K->383465K(1398272K)] 1427298K->383465K(1958400K), [Metaspace: 2589K->2589K(1056768K)], 0.0513005 secs] [Times: user=0.33 sys=0.01, real=0.06 secs] 
2021-01-18T10:13:53.074-0800: 4.827: [GC (Allocation Failure) [PSYoungGen: 421888K->122114K(561664K)] 805353K->505579K(1959936K), 0.0129805 secs] [Times: user=0.09 sys=0.00, real=0.01 secs] 
2021-01-18T10:13:53.140-0800: 4.894: [GC (Allocation Failure) [PSYoungGen: 545538K->127032K(560640K)] 929003K->592238K(1958912K), 0.0222889 secs] [Times: user=0.17 sys=0.00, real=0.02 secs] 
2021-01-18T10:13:53.223-0800: 4.977: [GC (Allocation Failure) [PSYoungGen: 550456K->121279K(562176K)] 1015662K->668945K(1960448K), 0.0219256 secs] [Times: user=0.16 sys=0.00, real=0.02 secs] 
2021-01-18T10:13:53.303-0800: 5.057: [GC (Allocation Failure) [PSYoungGen: 545215K->126567K(560640K)] 1092881K->754948K(1958912K), 0.0224134 secs] [Times: user=0.16 sys=0.00, real=0.02 secs] 
2021-01-18T10:13:53.386-0800: 5.140: [GC (Allocation Failure) [PSYoungGen: 550503K->129985K(558592K)] 1178884K->847685K(1956864K), 0.0240742 secs] [Times: user=0.18 sys=0.00, real=0.03 secs] 
2021-01-18T10:13:53.470-0800: 5.224: [GC (Allocation Failure) [PSYoungGen: 551361K->116745K(560128K)] 1269061K->926402K(1958400K), 0.0233547 secs] [Times: user=0.17 sys=0.01, real=0.02 secs] 
2021-01-18T10:13:53.554-0800: 5.308: [GC (Allocation Failure) [PSYoungGen: 538121K->113867K(561152K)] 1347778K->1000406K(1959424K), 0.0216230 secs] [Times: user=0.16 sys=0.00, real=0.02 secs] 
2021-01-18T10:13:53.633-0800: 5.387: [GC (Allocation Failure) [PSYoungGen: 536779K->126069K(560640K)] 1423318K->1087243K(1958912K), 0.0225086 secs] [Times: user=0.17 sys=0.00, real=0.02 secs] 
2021-01-18T10:13:53.715-0800: 5.469: [GC (Allocation Failure) [PSYoungGen: 548981K->117706K(561664K)] 1510155K->1160251K(1959936K), 0.0228741 secs] [Times: user=0.16 sys=0.00, real=0.02 secs] 
2021-01-18T10:13:53.797-0800: 5.551: [GC (Allocation Failure) [PSYoungGen: 541130K->135549K(559104K)] 1583675K->1254644K(1957376K), 0.0245741 secs] [Times: user=0.18 sys=0.00, real=0.03 secs] 
2021-01-18T10:13:53.881-0800: 5.635: [GC (Allocation Failure) [PSYoungGen: 558973K->132616K(552960K)] 1678068K->1342830K(1951232K), 0.0257843 secs] [Times: user=0.19 sys=0.01, real=0.02 secs] 
2021-01-18T10:13:53.966-0800: 5.719: [GC (Allocation Failure) [PSYoungGen: 545800K->120941K(556032K)] 1756014K->1417437K(1954304K), 0.0246666 secs] [Times: user=0.17 sys=0.00, real=0.03 secs] 
2021-01-18T10:13:53.990-0800: 5.744: [Full GC (Ergonomics) [PSYoungGen: 120941K->0K(556032K)] [ParOldGen: 1296496K->376917K(1398272K)] 1417437K->376917K(1954304K), [Metaspace: 2589K->2589K(1056768K)], 0.0513748 secs] [Times: user=0.24 sys=0.00, real=0.05 secs] 
2021-01-18T10:13:54.103-0800: 5.857: [GC (Allocation Failure) [PSYoungGen: 413184K->120231K(558592K)] 790101K->497149K(1956864K), 0.0130410 secs] [Times: user=0.09 sys=0.01, real=0.01 secs] 
2021-01-18T10:13:54.170-0800: 5.924: [GC (Allocation Failure) [PSYoungGen: 537511K->126165K(557568K)] 914429K->590580K(1955840K), 0.0226744 secs] [Times: user=0.17 sys=0.00, real=0.02 secs] 
2021-01-18T10:13:54.250-0800: 6.004: [GC (Allocation Failure) [PSYoungGen: 543445K->125938K(559616K)] 1007860K->677507K(1957888K), 0.0232393 secs] [Times: user=0.16 sys=0.00, real=0.02 secs] 
2021-01-18T10:13:54.332-0800: 6.086: [GC (Allocation Failure) [PSYoungGen: 545778K->128840K(559104K)] 1097347K->760569K(1957376K), 0.0227734 secs] [Times: user=0.16 sys=0.00, real=0.02 secs] 
2021-01-18T10:13:54.415-0800: 6.168: [GC (Allocation Failure) [PSYoungGen: 548680K->121120K(560640K)] 1180409K->843120K(1958912K), 0.0239272 secs] [Times: user=0.18 sys=0.00, real=0.02 secs] 
2021-01-18T10:13:54.499-0800: 6.253: [GC (Allocation Failure) [PSYoungGen: 542496K->122828K(559616K)] 1264496K->926010K(1957888K), 0.0229546 secs] [Times: user=0.16 sys=0.01, real=0.03 secs] 
2021-01-18T10:13:54.583-0800: 6.336: [GC (Allocation Failure) [PSYoungGen: 544204K->122386K(562688K)] 1347386K->1004975K(1960960K), 0.0226854 secs] [Times: user=0.17 sys=0.00, real=0.02 secs] 
2021-01-18T10:13:54.664-0800: 6.418: [GC (Allocation Failure) [PSYoungGen: 547858K->124518K(561664K)] 1430447K->1092831K(1959936K), 0.0239447 secs] [Times: user=0.18 sys=0.00, real=0.02 secs] 
2021-01-18T10:13:54.748-0800: 6.502: [GC (Allocation Failure) [PSYoungGen: 549990K->133928K(558592K)] 1518303K->1182603K(1956864K), 0.0242415 secs] [Times: user=0.18 sys=0.00, real=0.03 secs] 
2021-01-18T10:13:54.830-0800: 6.584: [GC (Allocation Failure) [PSYoungGen: 557352K->129591K(553472K)] 1606027K->1268126K(1951744K), 0.0254472 secs] [Times: user=0.18 sys=0.00, real=0.02 secs] 
2021-01-18T10:13:54.914-0800: 6.667: [GC (Allocation Failure) [PSYoungGen: 553015K->123249K(561664K)] 1691550K->1353117K(1959936K), 0.0250432 secs] [Times: user=0.18 sys=0.01, real=0.02 secs] 
2021-01-18T10:13:54.997-0800: 6.751: [GC (Allocation Failure) [PSYoungGen: 546673K->129081K(560640K)] 1776541K->1436936K(1958912K), 0.0245402 secs] [Times: user=0.17 sys=0.00, real=0.03 secs] 
2021-01-18T10:13:55.022-0800: 6.775: [Full GC (Ergonomics) [PSYoungGen: 129081K->0K(560640K)] [ParOldGen: 1307854K->395876K(1398272K)] 1436936K->395876K(1958912K), [Metaspace: 2589K->2589K(1056768K)], 0.0526703 secs] [Times: user=0.30 sys=0.00, real=0.05 secs] 
2021-01-18T10:13:55.136-0800: 6.890: [GC (Allocation Failure) [PSYoungGen: 423424K->116944K(561152K)] 819300K->512820K(1959424K), 0.0125567 secs] [Times: user=0.09 sys=0.00, real=0.01 secs] 
2021-01-18T10:13:55.204-0800: 6.958: [GC (Allocation Failure) [PSYoungGen: 540368K->125377K(561152K)] 936244K->601069K(1959424K), 0.0223882 secs] [Times: user=0.16 sys=0.01, real=0.02 secs] 
2021-01-18T10:13:55.284-0800: 7.038: [GC (Allocation Failure) [PSYoungGen: 548801K->125288K(562688K)] 1024493K->685157K(1960960K), 0.0228676 secs] [Times: user=0.16 sys=0.00, real=0.02 secs] 
2021-01-18T10:13:55.365-0800: 7.119: [GC (Allocation Failure) [PSYoungGen: 551272K->130486K(556544K)] 1111141K->770563K(1954816K), 0.0235279 secs] [Times: user=0.17 sys=0.00, real=0.02 secs] 
2021-01-18T10:13:55.448-0800: 7.201: [GC (Allocation Failure) [PSYoungGen: 556470K->124238K(562688K)] 1196547K->849546K(1960960K), 0.0233019 secs] [Times: user=0.17 sys=0.00, real=0.03 secs] 
2021-01-18T10:13:55.532-0800: 7.286: [GC (Allocation Failure) [PSYoungGen: 549710K->113268K(561664K)] 1275018K->926350K(1959936K), 0.0224752 secs] [Times: user=0.16 sys=0.00, real=0.02 secs] 
2021-01-18T10:13:55.613-0800: 7.367: [GC (Allocation Failure) [PSYoungGen: 538322K->122152K(562688K)] 1351404K->1010924K(1960960K), 0.0230550 secs] [Times: user=0.16 sys=0.01, real=0.02 secs] 
2021-01-18T10:13:55.694-0800: 7.448: [GC (Allocation Failure) [PSYoungGen: 547624K->119302K(561664K)] 1436396K->1088154K(1959936K), 0.0222737 secs] [Times: user=0.16 sys=0.00, real=0.02 secs] 
2021-01-18T10:13:55.774-0800: 7.528: [GC (Allocation Failure) [PSYoungGen: 544774K->131017K(560128K)] 1513626K->1174958K(1958400K), 0.0236712 secs] [Times: user=0.17 sys=0.00, real=0.02 secs] 
2021-01-18T10:13:55.856-0800: 7.609: [GC (Allocation Failure) [PSYoungGen: 555465K->137174K(561664K)] 1599406K->1261091K(1959936K), 0.0250033 secs] [Times: user=0.19 sys=0.00, real=0.03 secs] 
2021-01-18T10:13:55.939-0800: 7.693: [GC (Allocation Failure) [PSYoungGen: 561606K->120034K(555520K)] 1685524K->1333118K(1953792K), 0.0250287 secs] [Times: user=0.16 sys=0.00, real=0.03 secs] 
2021-01-18T10:13:56.020-0800: 7.774: [GC (Allocation Failure) [PSYoungGen: 538338K->126245K(558592K)] 1751422K->1421649K(1956864K), 0.0264068 secs] [Times: user=0.18 sys=0.01, real=0.02 secs] 
2021-01-18T10:13:56.104-0800: 7.858: [GC (Allocation Failure) [PSYoungGen: 544549K->128211K(560128K)] 1839953K->1500872K(1958400K), 0.0260723 secs] [Times: user=0.16 sys=0.02, real=0.03 secs] 
2021-01-18T10:13:56.130-0800: 7.884: [Full GC (Ergonomics) [PSYoungGen: 128211K->0K(560128K)] [ParOldGen: 1372660K->373291K(1398272K)] 1500872K->373291K(1958400K), [Metaspace: 2589K->2589K(1056768K)], 0.0494537 secs] [Times: user=0.32 sys=0.01, real=0.05 secs] 
2021-01-18T10:13:56.238-0800: 7.992: [GC (Allocation Failure) [PSYoungGen: 420864K->127909K(559616K)] 794155K->501201K(1957888K), 0.0130671 secs] [Times: user=0.07 sys=0.00, real=0.02 secs] 
2021-01-18T10:13:56.304-0800: 8.057: [GC (Allocation Failure) [PSYoungGen: 548773K->133238K(557056K)] 922065K->592792K(1955328K), 0.0247977 secs] [Times: user=0.17 sys=0.00, real=0.02 secs] 
2021-01-18T10:13:56.388-0800: 8.141: [GC (Allocation Failure) [PSYoungGen: 551542K->130018K(558592K)] 1011096K->677274K(1956864K), 0.0237810 secs] [Times: user=0.17 sys=0.00, real=0.03 secs] 
2021-01-18T10:13:56.471-0800: 8.225: [GC (Allocation Failure) [PSYoungGen: 548322K->117668K(558592K)] 1095578K->749478K(1956864K), 0.0223991 secs] [Times: user=0.17 sys=0.00, real=0.02 secs] 
2021-01-18T10:13:56.553-0800: 8.307: [GC (Allocation Failure) [PSYoungGen: 535972K->123705K(558592K)] 1167782K->834957K(1956864K), 0.0230258 secs] [Times: user=0.16 sys=0.01, real=0.02 secs] 
2021-01-18T10:13:56.638-0800: 8.392: [GC (Allocation Failure) [PSYoungGen: 542009K->115813K(558592K)] 1253261K->912649K(1956864K), 0.0225201 secs] [Times: user=0.17 sys=0.00, real=0.03 secs] 
2021-01-18T10:13:56.717-0800: 8.471: [GC (Allocation Failure) [PSYoungGen: 535141K->126402K(559104K)] 1331977K->1001264K(1957376K), 0.0229782 secs] [Times: user=0.17 sys=0.00, real=0.03 secs] 
2021-01-18T10:13:56.799-0800: 8.553: [GC (Allocation Failure) [PSYoungGen: 545730K->123323K(561152K)] 1420592K->1074732K(1959424K), 0.0234364 secs] [Times: user=0.16 sys=0.00, real=0.03 secs] 
2021-01-18T10:13:56.880-0800: 8.634: [GC (Allocation Failure) [PSYoungGen: 545723K->123239K(560128K)] 1497132K->1156649K(1958400K), 0.0234783 secs] [Times: user=0.18 sys=0.00, real=0.02 secs] 
2021-01-18T10:13:56.962-0800: 8.715: [GC (Allocation Failure) [PSYoungGen: 545639K->121078K(562688K)] 1579049K->1232919K(1960960K), 0.0234737 secs] [Times: user=0.18 sys=0.00, real=0.02 secs] 
2021-01-18T10:13:57.045-0800: 8.799: [GC (Allocation Failure) [PSYoungGen: 547062K->127053K(562176K)] 1658903K->1318891K(1960448K), 0.0242983 secs] [Times: user=0.18 sys=0.00, real=0.02 secs] 
2021-01-18T10:13:57.129-0800: 8.883: [GC (Allocation Failure) [PSYoungGen: 553037K->122157K(563712K)] 1744875K->1399767K(1961984K), 0.0244723 secs] [Times: user=0.18 sys=0.00, real=0.03 secs] 
2021-01-18T10:13:57.213-0800: 8.966: [GC (Allocation Failure) [PSYoungGen: 549677K->120699K(562688K)] 1827287K->1479595K(1960960K), 0.0238096 secs] [Times: user=0.17 sys=0.00, real=0.02 secs] 
2021-01-18T10:13:57.236-0800: 8.990: [Full GC (Ergonomics) [PSYoungGen: 120699K->0K(562688K)] [ParOldGen: 1358896K->370420K(1398272K)] 1479595K->370420K(1960960K), [Metaspace: 2589K->2589K(1056768K)], 0.0485881 secs] [Times: user=0.30 sys=0.00, real=0.05 secs] 
2021-01-18T10:13:57.350-0800: 9.104: [GC (Allocation Failure) [PSYoungGen: 427520K->116544K(563200K)] 797940K->486965K(1961472K), 0.0133926 secs] [Times: user=0.10 sys=0.00, real=0.01 secs] 
2021-01-18T10:13:57.419-0800: 9.173: [GC (Allocation Failure) [PSYoungGen: 545088K->121898K(563712K)] 915509K->564943K(1961984K), 0.0211501 secs] [Times: user=0.15 sys=0.00, real=0.03 secs] 
2021-01-18T10:13:57.497-0800: 9.251: [GC (Allocation Failure) [PSYoungGen: 550442K->118491K(565248K)] 993487K->641409K(1963520K), 0.0222663 secs] [Times: user=0.16 sys=0.00, real=0.02 secs] 
2021-01-18T10:13:57.578-0800: 9.332: [GC (Allocation Failure) [PSYoungGen: 549595K->126399K(564736K)] 1072513K->733048K(1963008K), 0.0236321 secs] [Times: user=0.17 sys=0.00, real=0.03 secs] 
2021-01-18T10:13:57.665-0800: 9.418: [GC (Allocation Failure) [PSYoungGen: 557503K->118621K(565248K)] 1164152K->808025K(1963520K), 0.0225008 secs] [Times: user=0.17 sys=0.00, real=0.02 secs] 
2021-01-18T10:13:57.745-0800: 9.498: [GC (Allocation Failure) [PSYoungGen: 549725K->130421K(561664K)] 1239129K->898545K(1959936K), 0.0234218 secs] [Times: user=0.17 sys=0.01, real=0.02 secs] 
2021-01-18T10:13:57.827-0800: 9.581: [GC (Allocation Failure) [PSYoungGen: 561525K->122905K(564736K)] 1329649K->976642K(1963008K), 0.0234435 secs] [Times: user=0.17 sys=0.00, real=0.03 secs] 
2021-01-18T10:13:57.909-0800: 9.663: [GC (Allocation Failure) [PSYoungGen: 551961K->133195K(562688K)] 1405698K->1066290K(1960960K), 0.0238816 secs] [Times: user=0.17 sys=0.00, real=0.03 secs] 
2021-01-18T10:13:57.993-0800: 9.746: [GC (Allocation Failure) [PSYoungGen: 562251K->123163K(563200K)] 1495346K->1141057K(1961472K), 0.0236380 secs] [Times: user=0.17 sys=0.00, real=0.02 secs] 
2021-01-18T10:13:58.076-0800: 9.829: [GC (Allocation Failure) [PSYoungGen: 550171K->120100K(562688K)] 1568065K->1222882K(1960960K), 0.0236517 secs] [Times: user=0.17 sys=0.00, real=0.02 secs] 
2021-01-18T10:13:58.159-0800: 9.912: [GC (Allocation Failure) [PSYoungGen: 547108K->122913K(564224K)] 1649890K->1308040K(1962496K), 0.0238832 secs] [Times: user=0.18 sys=0.01, real=0.03 secs] 
2021-01-18T10:13:58.242-0800: 9.996: [GC (Allocation Failure) [PSYoungGen: 551457K->119116K(563200K)] 1736584K->1383932K(1961472K), 0.0239214 secs] [Times: user=0.17 sys=0.00, real=0.02 secs] 
Heap
 PSYoungGen      total 563200K, used 387506K [0x0000000795580000, 0x00000007c0000000, 0x00000007c0000000)
  eden space 428544K, 62% used [0x0000000795580000,0x00000007a5b99a78,0x00000007af800000)
  from space 134656K, 88% used [0x00000007af800000,0x00000007b6c530b8,0x00000007b7b80000)
  to   space 134144K, 0% used [0x00000007b7d00000,0x00000007b7d00000,0x00000007c0000000)
 ParOldGen       total 1398272K, used 1264816K [0x0000000740000000, 0x0000000795580000, 0x0000000795580000)
  object space 1398272K, 90% used [0x0000000740000000,0x000000078d32c0f0,0x0000000795580000)
 Metaspace       used 2595K, capacity 4490K, committed 4864K, reserved 1056768K
  class space    used 278K, capacity 386K, committed 512K, reserved 1048576K
