Java HotSpot(TM) 64-Bit Server VM (25.271-b09) for bsd-amd64 JRE (1.8.0_271-b09), built on Sep 16 2020 16:54:38 by "java_re" with gcc 4.2.1 Compatible Apple LLVM 10.0.0 (clang-1000.11.45.5)
Memory: 4k page, physical 16777216k(1085632k free)

/proc/meminfo:

CommandLine flags: -XX:InitialHeapSize=8589934592 -XX:MaxHeapSize=8589934592 -XX:+PrintGC -XX:+PrintGCDateStamps -XX:+PrintGCDetails -XX:+PrintGCTimeStamps -XX:+UseCompressedClassPointers -XX:+UseCompressedOops -XX:+UseParallelGC 
2021-01-19T13:38:15.485-0800: 1.244: [GC (Allocation Failure) [PSYoungGen: 2097664K->333278K(2446848K)] 2097664K->333286K(8039424K), 0.1553360 secs] [Times: user=0.17 sys=0.36, real=0.16 secs] 
2021-01-19T13:38:16.046-0800: 1.805: [GC (Allocation Failure) [PSYoungGen: 2430942K->349175K(2446848K)] 2430950K->371452K(8039424K), 0.1610227 secs] [Times: user=0.17 sys=0.40, real=0.16 secs] 
2021-01-19T13:38:16.487-0800: 2.246: [GC (Allocation Failure) [PSYoungGen: 2446839K->349181K(2446848K)] 2469116K->394536K(8039424K), 0.0548770 secs] [Times: user=0.28 sys=0.08, real=0.06 secs] 
2021-01-19T13:38:16.824-0800: 2.583: [GC (Allocation Failure) [PSYoungGen: 2446845K->349183K(2446848K)] 2492200K->408516K(8039424K), 0.0399953 secs] [Times: user=0.27 sys=0.02, real=0.04 secs] 
2021-01-19T13:38:17.125-0800: 2.884: [GC (Allocation Failure) [PSYoungGen: 2446847K->349166K(2446848K)] 2506180K->429640K(8039424K), 0.0525009 secs] [Times: user=0.28 sys=0.06, real=0.05 secs] 
2021-01-19T13:38:17.457-0800: 3.216: [GC (Allocation Failure) [PSYoungGen: 2446830K->349174K(2356736K)] 2527304K->456262K(7949312K), 0.0589079 secs] [Times: user=0.30 sys=0.06, real=0.06 secs] 
2021-01-19T13:38:17.765-0800: 3.525: [GC (Allocation Failure) [PSYoungGen: 2356726K->369608K(2401792K)] 2463814K->477061K(7994368K), 0.0412222 secs] [Times: user=0.25 sys=0.00, real=0.04 secs] 
2021-01-19T13:38:18.087-0800: 3.846: [GC (Allocation Failure) [PSYoungGen: 2377160K->365562K(2404864K)] 2484613K->473015K(7997440K), 0.0412673 secs] [Times: user=0.27 sys=0.01, real=0.04 secs] 
2021-01-19T13:38:18.407-0800: 4.166: [GC (Allocation Failure) [PSYoungGen: 2376698K->382827K(2394112K)] 2484151K->490398K(7986688K), 0.0431658 secs] [Times: user=0.30 sys=0.00, real=0.05 secs] 
2021-01-19T13:38:18.732-0800: 4.491: [GC (Allocation Failure) [PSYoungGen: 2393963K->368407K(2401792K)] 2501534K->485535K(7994368K), 0.0437909 secs] [Times: user=0.26 sys=0.02, real=0.04 secs] 
2021-01-19T13:38:19.052-0800: 4.811: [GC (Allocation Failure) [PSYoungGen: 2373911K->319272K(2324992K)] 2491039K->485206K(7917568K), 0.0479948 secs] [Times: user=0.18 sys=0.07, real=0.05 secs] 
2021-01-19T13:38:19.361-0800: 5.120: [GC (Allocation Failure) [PSYoungGen: 2324776K->314283K(2388480K)] 2490710K->528005K(7981056K), 0.0483472 secs] [Times: user=0.17 sys=0.07, real=0.04 secs] 
2021-01-19T13:38:19.692-0800: 5.451: [GC (Allocation Failure) [PSYoungGen: 2303403K->322023K(2311168K)] 2517125K->582382K(7903744K), 0.0460655 secs] [Times: user=0.19 sys=0.07, real=0.04 secs] 
2021-01-19T13:38:19.998-0800: 5.757: [GC (Allocation Failure) [PSYoungGen: 2311143K->327834K(2392576K)] 2571502K->629375K(7985152K), 0.0477572 secs] [Times: user=0.17 sys=0.05, real=0.05 secs] 
2021-01-19T13:38:20.318-0800: 6.077: [GC (Allocation Failure) [PSYoungGen: 2315930K->307763K(2296320K)] 2617471K->662211K(7888896K), 0.0534362 secs] [Times: user=0.16 sys=0.08, real=0.06 secs] 
2021-01-19T13:38:20.636-0800: 6.395: [GC (Allocation Failure) [PSYoungGen: 2295859K->324612K(2392576K)] 2650307K->723253K(7985152K), 0.0519304 secs] [Times: user=0.18 sys=0.06, real=0.05 secs] 
2021-01-19T13:38:20.951-0800: 6.710: [GC (Allocation Failure) [PSYoungGen: 2311684K->307716K(2390528K)] 2710325K->754989K(7983104K), 0.0461046 secs] [Times: user=0.18 sys=0.07, real=0.04 secs] 
2021-01-19T13:38:21.263-0800: 7.022: [GC (Allocation Failure) [PSYoungGen: 2294788K->329103K(2396672K)] 2742061K->821298K(7989248K), 0.0481887 secs] [Times: user=0.19 sys=0.07, real=0.05 secs] 
2021-01-19T13:38:21.563-0800: 7.323: [GC (Allocation Failure) [PSYoungGen: 2322319K->319855K(2392576K)] 2814514K->863465K(7985152K), 0.0987069 secs] [Times: user=0.17 sys=0.09, real=0.10 secs] 
2021-01-19T13:38:22.071-0800: 7.831: [GC (Allocation Failure) [PSYoungGen: 2313071K->316559K(2401792K)] 2856681K->914579K(7994368K), 0.1080373 secs] [Times: user=0.19 sys=0.10, real=0.11 secs] 
2021-01-19T13:38:22.437-0800: 8.196: [GC (Allocation Failure) [PSYoungGen: 2321551K->318482K(2399232K)] 2919571K->967527K(7991808K), 0.0659886 secs] [Times: user=0.20 sys=0.12, real=0.07 secs] 
2021-01-19T13:38:22.786-0800: 8.545: [GC (Allocation Failure) [PSYoungGen: 2323474K->324315K(2408960K)] 2972519K->1017607K(8001536K), 0.0545157 secs] [Times: user=0.21 sys=0.09, real=0.06 secs] 
2021-01-19T13:38:23.101-0800: 8.860: [GC (Allocation Failure) [PSYoungGen: 2342107K->308706K(2404864K)] 3035399K->1049931K(7997440K), 0.0554607 secs] [Times: user=0.21 sys=0.09, real=0.05 secs] 
2021-01-19T13:38:23.420-0800: 9.180: [GC (Allocation Failure) [PSYoungGen: 2326498K->321000K(2414080K)] 3067723K->1101017K(8006656K), 0.0507776 secs] [Times: user=0.22 sys=0.08, real=0.05 secs] 
2021-01-19T13:38:23.728-0800: 9.487: [GC (Allocation Failure) [PSYoungGen: 2349544K->319136K(2410496K)] 3129561K->1143963K(8003072K), 0.0564148 secs] [Times: user=0.21 sys=0.09, real=0.06 secs] 
2021-01-19T13:38:24.048-0800: 9.807: [GC (Allocation Failure) [PSYoungGen: 2347680K->325410K(2422272K)] 3172507K->1195958K(8014848K), 0.0558044 secs] [Times: user=0.19 sys=0.08, real=0.06 secs] 
2021-01-19T13:38:24.385-0800: 10.144: [GC (Allocation Failure) [PSYoungGen: 2369314K->327332K(2417664K)] 3239862K->1245758K(8010240K), 0.0578988 secs] [Times: user=0.22 sys=0.09, real=0.06 secs] 
2021-01-19T13:38:24.710-0800: 10.469: [GC (Allocation Failure) [PSYoungGen: 2371236K->320817K(2429440K)] 3289662K->1284250K(8022016K), 0.0621184 secs] [Times: user=0.22 sys=0.08, real=0.06 secs] 
2021-01-19T13:38:25.023-0800: 10.782: [GC (Allocation Failure) [PSYoungGen: 2381105K->314379K(2426880K)] 3344538K->1325180K(8019456K), 0.0544075 secs] [Times: user=0.19 sys=0.08, real=0.05 secs] 
2021-01-19T13:38:25.338-0800: 11.097: [GC (Allocation Failure) [PSYoungGen: 2374667K->322442K(2434560K)] 3385468K->1374719K(8027136K), 0.0635619 secs] [Times: user=0.18 sys=0.06, real=0.07 secs] 
2021-01-19T13:38:25.681-0800: 11.440: [GC (Allocation Failure) [PSYoungGen: 2392458K->321771K(2431488K)] 3444735K->1418668K(8024064K), 0.0629084 secs] [Times: user=0.16 sys=0.05, real=0.06 secs] 
2021-01-19T13:38:26.017-0800: 11.776: [GC (Allocation Failure) [PSYoungGen: 2391787K->331924K(2438144K)] 3488684K->1471215K(8030720K), 0.0624261 secs] [Times: user=0.17 sys=0.06, real=0.07 secs] 
2021-01-19T13:38:26.343-0800: 12.102: [GC (Allocation Failure) [PSYoungGen: 2411668K->335652K(2437632K)] 3550959K->1523268K(8030208K), 0.0855028 secs] [Times: user=0.20 sys=0.08, real=0.08 secs] 
2021-01-19T13:38:26.693-0800: 12.452: [GC (Allocation Failure) [PSYoungGen: 2415396K->329717K(2439680K)] 3603012K->1567340K(8032256K), 0.0644709 secs] [Times: user=0.18 sys=0.07, real=0.06 secs] 
2021-01-19T13:38:27.036-0800: 12.796: [GC (Allocation Failure) [PSYoungGen: 2410997K->335033K(2437632K)] 3648620K->1613493K(8030208K), 0.0458740 secs] [Times: user=0.21 sys=0.08, real=0.05 secs] 
2021-01-19T13:38:27.355-0800: 13.114: [GC (Allocation Failure) [PSYoungGen: 2416313K->329541K(2442240K)] 3694773K->1651908K(8034816K), 0.0509703 secs] [Times: user=0.19 sys=0.06, real=0.05 secs] 
2021-01-19T13:38:27.680-0800: 13.439: [GC (Allocation Failure) [PSYoungGen: 2415429K->318339K(2439680K)] 3737796K->1683185K(8032256K), 0.0479994 secs] [Times: user=0.20 sys=0.06, real=0.04 secs] 
2021-01-19T13:38:27.994-0800: 13.753: [GC (Allocation Failure) [PSYoungGen: 2404227K->335935K(2441728K)] 3769073K->1745839K(8034304K), 0.0521207 secs] [Times: user=0.19 sys=0.06, real=0.05 secs] 
2021-01-19T13:38:28.330-0800: 14.089: [GC (Allocation Failure) [PSYoungGen: 2424383K->321016K(2442240K)] 3834287K->1778640K(8034816K), 0.0482511 secs] [Times: user=0.20 sys=0.06, real=0.04 secs] 
2021-01-19T13:38:28.657-0800: 14.417: [GC (Allocation Failure) [PSYoungGen: 2409464K->326582K(2445824K)] 3867088K->1829226K(8038400K), 0.0477446 secs] [Times: user=0.18 sys=0.06, real=0.05 secs] 
2021-01-19T13:38:28.988-0800: 14.747: [GC (Allocation Failure) [PSYoungGen: 2420150K->324859K(2443776K)] 3922794K->1869698K(8036352K), 0.0472169 secs] [Times: user=0.19 sys=0.06, real=0.05 secs] 
2021-01-19T13:38:29.312-0800: 15.071: [GC (Allocation Failure) [PSYoungGen: 2418427K->328563K(2449408K)] 3963266K->1907372K(8041984K), 0.0454879 secs] [Times: user=0.22 sys=0.05, real=0.04 secs] 
2021-01-19T13:38:29.624-0800: 15.383: [GC (Allocation Failure) [PSYoungGen: 2429811K->324118K(2447872K)] 4008620K->1939219K(8040448K), 0.0483645 secs] [Times: user=0.22 sys=0.06, real=0.05 secs] 
2021-01-19T13:38:29.951-0800: 15.710: [GC (Allocation Failure) [PSYoungGen: 2425366K->316447K(2450944K)] 4040467K->1972821K(8043520K), 0.0449704 secs] [Times: user=0.19 sys=0.06, real=0.04 secs] 
2021-01-19T13:38:30.272-0800: 16.032: [GC (Allocation Failure) [PSYoungGen: 2422303K->320385K(2450944K)] 4078677K->2019470K(8043520K), 0.0446690 secs] [Times: user=0.21 sys=0.07, real=0.04 secs] 
2021-01-19T13:38:30.591-0800: 16.350: [GC (Allocation Failure) [PSYoungGen: 2426241K->328629K(2452480K)] 4125326K->2066643K(8045056K), 0.0867639 secs] [Times: user=0.15 sys=0.04, real=0.08 secs] 
2021-01-19T13:38:30.954-0800: 16.713: [GC (Allocation Failure) [PSYoungGen: 2437045K->337667K(2446336K)] 4175059K->2119653K(8038912K), 0.0574489 secs] [Times: user=0.19 sys=0.05, real=0.06 secs] 
2021-01-19T13:38:31.295-0800: 17.054: [GC (Allocation Failure) [PSYoungGen: 2446083K->328318K(2450944K)] 4228069K->2159891K(8043520K), 0.0483677 secs] [Times: user=0.22 sys=0.08, real=0.05 secs] 
2021-01-19T13:38:31.617-0800: 17.376: [GC (Allocation Failure) [PSYoungGen: 2433150K->327880K(2449920K)] 4264723K->2206982K(8042496K), 0.0526537 secs] [Times: user=0.19 sys=0.06, real=0.06 secs] 
2021-01-19T13:38:31.932-0800: 17.691: [GC (Allocation Failure) [PSYoungGen: 2432712K->324476K(2453504K)] 4311814K->2251267K(8046080K), 0.0480039 secs] [Times: user=0.20 sys=0.06, real=0.05 secs] 
2021-01-19T13:38:32.237-0800: 17.997: [GC (Allocation Failure) [PSYoungGen: 2434428K->322358K(2452480K)] 4361219K->2293611K(8045056K), 0.0498849 secs] [Times: user=0.23 sys=0.07, real=0.05 secs] 
2021-01-19T13:38:32.550-0800: 18.309: [GC (Allocation Failure) [PSYoungGen: 2432310K->337348K(2449408K)] 4403563K->2344705K(8041984K), 0.0474235 secs] [Times: user=0.22 sys=0.06, real=0.04 secs] 
2021-01-19T13:38:32.871-0800: 18.631: [GC (Allocation Failure) [PSYoungGen: 2445252K->321588K(2451968K)] 4452609K->2375195K(8044544K), 0.0513443 secs] [Times: user=0.20 sys=0.05, real=0.05 secs] 
2021-01-19T13:38:33.217-0800: 18.976: [GC (Allocation Failure) [PSYoungGen: 2429492K->308638K(2449408K)] 4483099K->2409132K(8041984K), 0.0517598 secs] [Times: user=0.16 sys=0.05, real=0.05 secs] 
2021-01-19T13:38:33.541-0800: 19.301: [GC (Allocation Failure) [PSYoungGen: 2414494K->324317K(2450944K)] 4514988K->2468221K(8043520K), 0.0622794 secs] [Times: user=0.16 sys=0.05, real=0.06 secs] 
2021-01-19T13:38:33.844-0800: 19.603: [GC (Allocation Failure) [PSYoungGen: 2430173K->330224K(2452992K)] 4574077K->2518510K(8045568K), 0.0480585 secs] [Times: user=0.16 sys=0.04, real=0.05 secs] 
2021-01-19T13:38:34.134-0800: 19.894: [GC (Allocation Failure) [PSYoungGen: 2440176K->339111K(2449408K)] 4628462K->2568874K(8041984K), 0.0551566 secs] [Times: user=0.16 sys=0.04, real=0.06 secs] 
2021-01-19T13:38:34.442-0800: 20.201: [GC (Allocation Failure) [PSYoungGen: 2449063K->323639K(2450944K)] 4678826K->2593678K(8043520K), 0.0605111 secs] [Times: user=0.16 sys=0.04, real=0.06 secs] 
2021-01-19T13:38:34.793-0800: 20.553: [GC (Allocation Failure) [PSYoungGen: 2427959K->318865K(2449408K)] 4697998K->2633935K(8041984K), 0.0656740 secs] [Times: user=0.17 sys=0.07, real=0.06 secs] 
2021-01-19T13:38:35.140-0800: 20.899: [GC (Allocation Failure) [PSYoungGen: 2423185K->315312K(2451456K)] 4738255K->2680708K(8044032K), 0.0686532 secs] [Times: user=0.17 sys=0.06, real=0.06 secs] 
2021-01-19T13:38:35.495-0800: 21.254: [GC (Allocation Failure) [PSYoungGen: 2422192K->323491K(2451456K)] 4787588K->2728366K(8044032K), 0.0572392 secs] [Times: user=0.17 sys=0.04, real=0.06 secs] 
2021-01-19T13:38:35.837-0800: 21.596: [GC (Allocation Failure) [PSYoungGen: 2430371K->333528K(2450944K)] 4835246K->2778370K(8043520K), 0.0512822 secs] [Times: user=0.20 sys=0.04, real=0.05 secs] 
2021-01-19T13:38:36.177-0800: 21.936: [GC (Allocation Failure) [PSYoungGen: 2441432K->330373K(2451968K)] 4886274K->2817604K(8044544K), 0.0512860 secs] [Times: user=0.20 sys=0.05, real=0.05 secs] 
2021-01-19T13:38:36.510-0800: 22.269: [GC (Allocation Failure) [PSYoungGen: 2438277K->323110K(2452992K)] 4925508K->2856553K(8045568K), 0.0603540 secs] [Times: user=0.20 sys=0.07, real=0.06 secs] 
2021-01-19T13:38:36.853-0800: 22.613: [GC (Allocation Failure) [PSYoungGen: 2432038K->323371K(2451968K)] 4965481K->2900360K(8044544K), 0.0546674 secs] [Times: user=0.23 sys=0.07, real=0.05 secs] 
2021-01-19T13:38:37.213-0800: 22.972: [GC (Allocation Failure) [PSYoungGen: 2432299K->333091K(2451456K)] 5009288K->2960407K(8044032K), 0.0508537 secs] [Times: user=0.22 sys=0.06, real=0.05 secs] 
2021-01-19T13:38:37.523-0800: 23.283: [GC (Allocation Failure) [PSYoungGen: 2443043K->319616K(2452992K)] 5070359K->2991558K(8045568K), 0.0457000 secs] [Times: user=0.23 sys=0.07, real=0.04 secs] 
2021-01-19T13:38:37.815-0800: 23.574: [GC (Allocation Failure) [PSYoungGen: 2429568K->331502K(2452480K)] 5101510K->3047512K(8045056K), 0.0475907 secs] [Times: user=0.22 sys=0.06, real=0.05 secs] 
2021-01-19T13:38:38.132-0800: 23.891: [GC (Allocation Failure) [PSYoungGen: 2441454K->335247K(2445312K)] 5157464K->3088257K(8037888K), 0.0489389 secs] [Times: user=0.25 sys=0.06, real=0.05 secs] 
2021-01-19T13:38:38.455-0800: 24.214: [GC (Allocation Failure) [PSYoungGen: 2445199K->326203K(2452992K)] 5198209K->3129283K(8045568K), 0.0616168 secs] [Times: user=0.22 sys=0.08, real=0.06 secs] 
2021-01-19T13:38:38.788-0800: 24.547: [GC (Allocation Failure) [PSYoungGen: 2434619K->330415K(2451456K)] 5237699K->3174154K(8044032K), 0.0508851 secs] [Times: user=0.24 sys=0.05, real=0.05 secs] 
2021-01-19T13:38:39.119-0800: 24.878: [GC (Allocation Failure) [PSYoungGen: 2438831K->328615K(2454528K)] 5282570K->3215637K(8047104K), 0.0489768 secs] [Times: user=0.26 sys=0.06, real=0.05 secs] 
2021-01-19T13:38:39.447-0800: 25.206: [GC (Allocation Failure) [PSYoungGen: 2440615K->337430K(2449920K)] 5327637K->3262100K(8042496K), 0.0622204 secs] [Times: user=0.24 sys=0.06, real=0.06 secs] 
2021-01-19T13:38:39.788-0800: 25.547: [GC (Allocation Failure) [PSYoungGen: 2449430K->340317K(2446848K)] 5374100K->3309534K(8039424K), 0.0670909 secs] [Times: user=0.25 sys=0.09, real=0.07 secs] 
2021-01-19T13:38:40.135-0800: 25.895: [GC (Allocation Failure) [PSYoungGen: 2443101K->317889K(2420736K)] 5412318K->3329848K(8013312K), 0.0628285 secs] [Times: user=0.25 sys=0.08, real=0.07 secs] 
2021-01-19T13:38:40.479-0800: 26.238: [GC (Allocation Failure) [PSYoungGen: 2420673K->319594K(2449408K)] 5432632K->3376300K(8041984K), 0.0649998 secs] [Times: user=0.24 sys=0.08, real=0.07 secs] 
2021-01-19T13:38:40.815-0800: 26.575: [GC (Allocation Failure) [PSYoungGen: 2421866K->317424K(2448896K)] 5478572K->3415485K(8041472K), 0.0572480 secs] [Times: user=0.23 sys=0.08, real=0.06 secs] 
2021-01-19T13:38:41.144-0800: 26.903: [GC (Allocation Failure) [PSYoungGen: 2419696K->315584K(2449408K)] 5517757K->3452757K(8041984K), 0.0595133 secs] [Times: user=0.26 sys=0.07, real=0.06 secs] 
2021-01-19T13:38:41.471-0800: 27.231: [GC (Allocation Failure) [PSYoungGen: 2418368K->318578K(2449408K)] 5555541K->3504006K(8041984K), 0.0672123 secs] [Times: user=0.26 sys=0.09, real=0.06 secs] 
2021-01-19T13:38:41.813-0800: 27.572: [GC (Allocation Failure) [PSYoungGen: 2421362K->321971K(2451968K)] 5606790K->3551160K(8044544K), 0.0619152 secs] [Times: user=0.24 sys=0.08, real=0.06 secs] 
2021-01-19T13:38:42.147-0800: 27.907: [GC (Allocation Failure) [PSYoungGen: 2428339K->320572K(2450432K)] 5657528K->3593089K(8043008K), 0.0624587 secs] [Times: user=0.26 sys=0.08, real=0.07 secs] 
2021-01-19T13:38:42.470-0800: 28.230: [GC (Allocation Failure) [PSYoungGen: 2426940K->339479K(2445312K)] 5699457K->3651339K(8037888K), 0.0617937 secs] [Times: user=0.24 sys=0.08, real=0.06 secs] 
2021-01-19T13:38:42.815-0800: 28.574: [GC (Allocation Failure) [PSYoungGen: 2442263K->318687K(2449408K)] 5754123K->3677935K(8041984K), 0.0627433 secs] [Times: user=0.25 sys=0.09, real=0.06 secs] 
2021-01-19T13:38:43.145-0800: 28.905: [GC (Allocation Failure) [PSYoungGen: 2421471K->327697K(2451456K)] 5780719K->3728015K(8044032K), 0.0603744 secs] [Times: user=0.28 sys=0.08, real=0.06 secs] 
2021-01-19T13:38:43.467-0800: 29.227: [GC (Allocation Failure) [PSYoungGen: 2433553K->319748K(2450432K)] 5833871K->3766519K(8043008K), 0.0638140 secs] [Times: user=0.22 sys=0.07, real=0.07 secs] 
2021-01-19T13:38:43.795-0800: 29.555: [GC (Allocation Failure) [PSYoungGen: 2425604K->320378K(2453504K)] 5872375K->3816740K(8046080K), 0.0623812 secs] [Times: user=0.27 sys=0.10, real=0.06 secs] 
2021-01-19T13:38:44.107-0800: 29.867: [GC (Allocation Failure) [PSYoungGen: 2430330K->314222K(2452480K)] 5926692K->3850941K(8045056K), 0.0569520 secs] [Times: user=0.25 sys=0.08, real=0.06 secs] 
2021-01-19T13:38:44.416-0800: 30.175: [GC (Allocation Failure) [PSYoungGen: 2424174K->318182K(2454528K)] 5960893K->3894765K(8047104K), 0.0615106 secs] [Times: user=0.27 sys=0.08, real=0.06 secs] 
2021-01-19T13:38:44.741-0800: 30.501: [GC (Allocation Failure) [PSYoungGen: 2430182K->324926K(2453504K)] 6006765K->3940924K(8046080K), 0.0630806 secs] [Times: user=0.28 sys=0.08, real=0.06 secs] 
2021-01-19T13:38:45.083-0800: 30.842: [GC (Allocation Failure) [PSYoungGen: 2436926K->320824K(2457088K)] 6052924K->3982890K(8049664K), 0.0642619 secs] [Times: user=0.28 sys=0.10, real=0.06 secs] 
2021-01-19T13:38:45.420-0800: 31.179: [GC (Allocation Failure) [PSYoungGen: 2437432K->332237K(2448896K)] 6099498K->4031910K(8041472K), 0.0593290 secs] [Times: user=0.28 sys=0.07, real=0.05 secs] 
2021-01-19T13:38:45.753-0800: 31.512: [GC (Allocation Failure) [PSYoungGen: 2448845K->334176K(2450944K)] 6148518K->4078635K(8043520K), 0.0663935 secs] [Times: user=0.27 sys=0.09, real=0.07 secs] 
2021-01-19T13:38:46.093-0800: 31.852: [GC (Allocation Failure) [PSYoungGen: 2444128K->321145K(2452992K)] 6188587K->4115960K(8045568K), 0.0663429 secs] [Times: user=0.26 sys=0.10, real=0.06 secs] 
2021-01-19T13:38:46.453-0800: 32.212: [GC (Allocation Failure) [PSYoungGen: 2431097K->333284K(2450944K)] 6225912K->4169097K(8043520K), 0.0615161 secs] [Times: user=0.29 sys=0.09, real=0.06 secs] 
2021-01-19T13:38:46.801-0800: 32.560: [GC (Allocation Failure) [PSYoungGen: 2442212K->319065K(2452480K)] 6278025K->4196855K(8045056K), 0.0585071 secs] [Times: user=0.26 sys=0.08, real=0.06 secs] 
2021-01-19T13:38:47.130-0800: 32.890: [GC (Allocation Failure) [PSYoungGen: 2427993K->331046K(2451456K)] 6305783K->4251714K(8044032K), 0.0634111 secs] [Times: user=0.28 sys=0.07, real=0.06 secs] 
2021-01-19T13:38:47.481-0800: 33.241: [GC (Allocation Failure) [PSYoungGen: 2439974K->319524K(2452480K)] 6360642K->4288895K(8045056K), 0.0662395 secs] [Times: user=0.28 sys=0.08, real=0.06 secs] 
2021-01-19T13:38:47.840-0800: 33.600: [GC (Allocation Failure) [PSYoungGen: 2428452K->324956K(2455040K)] 6397823K->4337313K(8047616K), 0.0665770 secs] [Times: user=0.25 sys=0.08, real=0.06 secs] 
2021-01-19T13:38:48.190-0800: 33.949: [GC (Allocation Failure) [PSYoungGen: 2437468K->315694K(2453504K)] 6449825K->4373291K(8046080K), 0.0638330 secs] [Times: user=0.28 sys=0.09, real=0.06 secs] 
2021-01-19T13:38:48.530-0800: 34.289: [GC (Allocation Failure) [PSYoungGen: 2428206K->321155K(2456576K)] 6485803K->4421039K(8049152K), 0.0624413 secs] [Times: user=0.29 sys=0.08, real=0.06 secs] 
2021-01-19T13:38:48.881-0800: 34.640: [GC (Allocation Failure) [PSYoungGen: 2436739K->337547K(2453504K)] 6536623K->4483661K(8046080K), 0.0707755 secs] [Times: user=0.31 sys=0.09, real=0.07 secs] 
2021-01-19T13:38:49.249-0800: 35.009: [GC (Allocation Failure) [PSYoungGen: 2453131K->324861K(2454528K)] 6599245K->4511731K(8047104K), 0.0616532 secs] [Times: user=0.29 sys=0.08, real=0.07 secs] 
2021-01-19T13:38:49.597-0800: 35.357: [GC (Allocation Failure) [PSYoungGen: 2436861K->336751K(2448896K)] 6623731K->4565653K(8041472K), 0.0642388 secs] [Times: user=0.31 sys=0.08, real=0.07 secs] 
2021-01-19T13:38:49.951-0800: 35.711: [GC (Allocation Failure) [PSYoungGen: 2448751K->320163K(2452480K)] 6677653K->4593363K(8045056K), 0.0645505 secs] [Times: user=0.28 sys=0.09, real=0.06 secs] 
2021-01-19T13:38:50.289-0800: 36.049: [GC (Allocation Failure) [PSYoungGen: 2428579K->326959K(2451968K)] 6701779K->4643271K(8044544K), 0.0622671 secs] [Times: user=0.28 sys=0.08, real=0.07 secs] 
2021-01-19T13:38:50.640-0800: 36.400: [GC (Allocation Failure) [PSYoungGen: 2435375K->316591K(2454016K)] 6751687K->4684660K(8046592K), 0.0682496 secs] [Times: user=0.26 sys=0.09, real=0.06 secs] 
2021-01-19T13:38:50.996-0800: 36.755: [GC (Allocation Failure) [PSYoungGen: 2428591K->312661K(2424832K)] 6796660K->4725190K(8017408K), 0.0641831 secs] [Times: user=0.26 sys=0.08, real=0.07 secs] 
2021-01-19T13:38:51.318-0800: 37.078: [GC (Allocation Failure) [PSYoungGen: 2424661K->330479K(2452480K)] 6837190K->4785409K(8045056K), 0.0642908 secs] [Times: user=0.29 sys=0.09, real=0.07 secs] 
2021-01-19T13:38:51.677-0800: 37.437: [GC (Allocation Failure) [PSYoungGen: 2440431K->317590K(2452992K)] 6895361K->4816859K(8045568K), 0.0621425 secs] [Times: user=0.27 sys=0.08, real=0.07 secs] 
2021-01-19T13:38:52.027-0800: 37.787: [GC (Allocation Failure) [PSYoungGen: 2427542K->326293K(2454528K)] 6926811K->4866303K(8047104K), 0.0652843 secs] [Times: user=0.28 sys=0.07, real=0.07 secs] 
2021-01-19T13:38:52.388-0800: 38.148: [GC (Allocation Failure) [PSYoungGen: 2438293K->324338K(2453504K)] 6978303K->4908107K(8046080K), 0.0701099 secs] [Times: user=0.24 sys=0.07, real=0.07 secs] 
2021-01-19T13:38:52.728-0800: 38.488: [GC (Allocation Failure) [PSYoungGen: 2436338K->324437K(2457600K)] 7020107K->4948401K(8050176K), 0.0521068 secs] [Times: user=0.30 sys=0.06, real=0.06 secs] 
2021-01-19T13:38:53.047-0800: 38.806: [GC (Allocation Failure) [PSYoungGen: 2442069K->328199K(2456064K)] 7066033K->5004061K(8048640K), 0.0544713 secs] [Times: user=0.28 sys=0.08, real=0.06 secs] 
2021-01-19T13:38:53.394-0800: 39.154: [GC (Allocation Failure) [PSYoungGen: 2445831K->322923K(2458624K)] 7121693K->5043730K(8051200K), 0.0517792 secs] [Times: user=0.31 sys=0.07, real=0.05 secs] 
2021-01-19T13:38:53.736-0800: 39.496: [GC (Allocation Failure) [PSYoungGen: 2442603K->337361K(2457088K)] 7163410K->5097516K(8049664K), 0.0531995 secs] [Times: user=0.31 sys=0.06, real=0.06 secs] 
2021-01-19T13:38:54.069-0800: 39.828: [GC (Allocation Failure) [PSYoungGen: 2457041K->327125K(2455040K)] 7217196K->5130930K(8047616K), 0.0538618 secs] [Times: user=0.32 sys=0.07, real=0.06 secs] 
2021-01-19T13:38:54.411-0800: 40.171: [GC (Allocation Failure) [PSYoungGen: 2443221K->326597K(2456064K)] 7247026K->5175897K(8048640K), 0.0599594 secs] [Times: user=0.27 sys=0.07, real=0.06 secs] 
2021-01-19T13:38:54.735-0800: 40.495: [GC (Allocation Failure) [PSYoungGen: 2442693K->321785K(2457600K)] 7291993K->5211854K(8050176K), 0.0566732 secs] [Times: user=0.22 sys=0.05, real=0.06 secs] 
2021-01-19T13:38:55.073-0800: 40.833: [GC (Allocation Failure) [PSYoungGen: 2440441K->331648K(2450432K)] 7330510K->5264081K(8043008K), 0.0578954 secs] [Times: user=0.28 sys=0.05, real=0.06 secs] 
2021-01-19T13:38:55.410-0800: 41.169: [GC (Allocation Failure) [PSYoungGen: 2450304K->313638K(2454528K)] 7382737K->5286757K(8047104K), 0.0557824 secs] [Times: user=0.25 sys=0.04, real=0.05 secs] 
2021-01-19T13:38:55.730-0800: 41.489: [GC (Allocation Failure) [PSYoungGen: 2428710K->337340K(2452480K)] 7401829K->5351219K(8045056K), 0.0567959 secs] [Times: user=0.26 sys=0.05, real=0.05 secs] 
2021-01-19T13:38:56.089-0800: 41.848: [GC (Allocation Failure) [PSYoungGen: 2452412K->325582K(2454016K)] 7466291K->5385798K(8046592K), 0.0658370 secs] [Times: user=0.27 sys=0.07, real=0.07 secs] 
2021-01-19T13:38:56.420-0800: 42.179: [GC (Allocation Failure) [PSYoungGen: 2436046K->315874K(2452480K)] 7496262K->5421443K(8045056K), 0.0621209 secs] [Times: user=0.28 sys=0.07, real=0.06 secs] 
2021-01-19T13:38:56.775-0800: 42.535: [GC (Allocation Failure) [PSYoungGen: 2426338K->319803K(2455040K)] 7531907K->5468917K(8047616K), 0.0603713 secs] [Times: user=0.29 sys=0.07, real=0.06 secs] 
2021-01-19T13:38:57.114-0800: 42.874: [GC (Allocation Failure) [PSYoungGen: 2432827K->306512K(2419712K)] 7581941K->5509478K(8012288K), 0.0782427 secs] [Times: user=0.32 sys=0.10, real=0.08 secs] 
2021-01-19T13:38:57.453-0800: 43.213: [GC (Allocation Failure) [PSYoungGen: 2419536K->326313K(2454016K)] 7622502K->5572288K(8046592K), 0.0748954 secs] [Times: user=0.30 sys=0.08, real=0.07 secs] 
2021-01-19T13:38:57.798-0800: 43.557: [GC (Allocation Failure) [PSYoungGen: 2437801K->317048K(2453504K)] 7683776K->5603862K(8046080K), 0.0534698 secs] [Times: user=0.32 sys=0.06, real=0.06 secs] 
2021-01-19T13:38:58.130-0800: 43.890: [GC (Allocation Failure) [PSYoungGen: 2428536K->317696K(2456064K)] 7715350K->5645905K(8048640K), 0.0537578 secs] [Times: user=0.33 sys=0.06, real=0.05 secs] 
2021-01-19T13:38:58.473-0800: 44.232: [GC (Allocation Failure) [PSYoungGen: 2432768K->324442K(2455040K)] 7760977K->5702319K(8047616K), 0.0544168 secs] [Times: user=0.32 sys=0.08, real=0.05 secs] 
2021-01-19T13:38:58.806-0800: 44.565: [GC (Allocation Failure) [PSYoungGen: 2439514K->312067K(2456064K)] 7817391K->5734635K(8048640K), 0.0541625 secs] [Times: user=0.31 sys=0.07, real=0.06 secs] 
2021-01-19T13:38:59.154-0800: 44.914: [GC (Allocation Failure) [PSYoungGen: 2429187K->334718K(2451968K)] 7851755K->5795578K(8044544K), 0.0555393 secs] [Times: user=0.34 sys=0.07, real=0.06 secs] 
2021-01-19T13:38:59.488-0800: 45.248: [GC (Allocation Failure) [PSYoungGen: 2451838K->334448K(2448384K)] 7912698K->5831844K(8040960K), 0.0649951 secs] [Times: user=0.32 sys=0.07, real=0.07 secs] 
2021-01-19T13:38:59.832-0800: 45.592: [GC (Allocation Failure) [PSYoungGen: 2440304K->323796K(2450944K)] 7937700K->5867497K(8043520K), 0.0670531 secs] [Times: user=0.32 sys=0.08, real=0.06 secs] 
2021-01-19T13:38:59.899-0800: 45.659: [Full GC (Ergonomics) [PSYoungGen: 323796K->0K(2450944K)] [ParOldGen: 5543701K->375626K(5592576K)] 5867497K->375626K(8043520K), [Metaspace: 2589K->2589K(1056768K)], 0.4391856 secs] [Times: user=0.28 sys=1.15, real=0.44 secs] 
2021-01-19T13:39:00.606-0800: 46.366: [GC (Allocation Failure) [PSYoungGen: 2105856K->327331K(2453504K)] 2481482K->702958K(8046080K), 0.0440898 secs] [Times: user=0.21 sys=0.00, real=0.05 secs] 
2021-01-19T13:39:00.936-0800: 46.696: [GC (Allocation Failure) [PSYoungGen: 2437795K->323939K(2452992K)] 2813422K->740834K(8045568K), 0.0539083 secs] [Times: user=0.19 sys=0.11, real=0.06 secs] 
2021-01-19T13:39:01.262-0800: 47.021: [GC (Allocation Failure) [PSYoungGen: 2434403K->319231K(2456064K)] 2851298K->780280K(8048640K), 0.0482806 secs] [Times: user=0.17 sys=0.14, real=0.05 secs] 
2021-01-19T13:39:01.593-0800: 47.352: [GC (Allocation Failure) [PSYoungGen: 2434815K->321766K(2455552K)] 2895864K->820697K(8048128K), 0.0459664 secs] [Times: user=0.16 sys=0.13, real=0.04 secs] 
2021-01-19T13:39:01.924-0800: 47.683: [GC (Allocation Failure) [PSYoungGen: 2437350K->315828K(2457600K)] 2936281K->857842K(8050176K), 0.0475282 secs] [Times: user=0.17 sys=0.15, real=0.05 secs] 
2021-01-19T13:39:02.245-0800: 48.005: [GC (Allocation Failure) [PSYoungGen: 2434996K->324775K(2457600K)] 2977010K->912836K(8050176K), 0.0486125 secs] [Times: user=0.14 sys=0.17, real=0.05 secs] 
2021-01-19T13:39:02.585-0800: 48.345: [GC (Allocation Failure) [PSYoungGen: 2443943K->317417K(2459136K)] 3032004K->951077K(8051712K), 0.0507472 secs] [Times: user=0.16 sys=0.16, real=0.05 secs] 
2021-01-19T13:39:02.919-0800: 48.678: [GC (Allocation Failure) [PSYoungGen: 2439145K->322869K(2458624K)] 3072805K->1000915K(8051200K), 0.0513295 secs] [Times: user=0.16 sys=0.17, real=0.06 secs] 
2021-01-19T13:39:03.255-0800: 49.014: [GC (Allocation Failure) [PSYoungGen: 2444597K->313328K(2460160K)] 3122643K->1034059K(8052736K), 0.0490449 secs] [Times: user=0.14 sys=0.14, real=0.05 secs] 
2021-01-19T13:39:03.572-0800: 49.332: [GC (Allocation Failure) [PSYoungGen: 2437616K->315298K(2460160K)] 3158347K->1078200K(8052736K), 0.0509919 secs] [Times: user=0.15 sys=0.14, real=0.05 secs] 
2021-01-19T13:39:03.897-0800: 49.656: [GC (Allocation Failure) [PSYoungGen: 2439586K->333536K(2453504K)] 3202488K->1139693K(8046080K), 0.0571567 secs] [Times: user=0.17 sys=0.16, real=0.06 secs] 
2021-01-19T13:39:04.228-0800: 49.988: [GC (Allocation Failure) [PSYoungGen: 2451680K->328356K(2446848K)] 3257837K->1181579K(8039424K), 0.0558679 secs] [Times: user=0.16 sys=0.17, real=0.06 secs] 
2021-01-19T13:39:04.559-0800: 50.319: [GC (Allocation Failure) [PSYoungGen: 2446500K->329314K(2454528K)] 3299723K->1229152K(8047104K), 0.0526501 secs] [Times: user=0.16 sys=0.17, real=0.06 secs] 
2021-01-19T13:39:04.877-0800: 50.637: [GC (Allocation Failure) [PSYoungGen: 2444386K->327200K(2455552K)] 3344224K->1273585K(8048128K), 0.0597170 secs] [Times: user=0.16 sys=0.15, real=0.06 secs] 
2021-01-19T13:39:05.206-0800: 50.965: [GC (Allocation Failure) [PSYoungGen: 2442272K->309306K(2454016K)] 3388657K->1300718K(8046592K), 0.0611851 secs] [Times: user=0.16 sys=0.14, real=0.06 secs] 
2021-01-19T13:39:05.551-0800: 51.311: [GC (Allocation Failure) [PSYoungGen: 2423354K->329357K(2443776K)] 3414766K->1363581K(8036352K), 0.0622653 secs] [Times: user=0.16 sys=0.13, real=0.06 secs] 
2021-01-19T13:39:05.893-0800: 51.653: [GC (Allocation Failure) [PSYoungGen: 2443405K->341392K(2444288K)] 3477629K->1413918K(8036864K), 0.0630584 secs] [Times: user=0.19 sys=0.14, real=0.06 secs] 
2021-01-19T13:39:06.234-0800: 51.994: [GC (Allocation Failure) [PSYoungGen: 2444176K->324953K(2449408K)] 3516702K->1447525K(8041984K), 0.0683465 secs] [Times: user=0.15 sys=0.18, real=0.07 secs] 
2021-01-19T13:39:06.580-0800: 52.340: [GC (Allocation Failure) [PSYoungGen: 2427737K->315697K(2451968K)] 3550309K->1484732K(8044544K), 0.0615495 secs] [Times: user=0.17 sys=0.14, real=0.06 secs] 
2021-01-19T13:39:06.932-0800: 52.691: [GC (Allocation Failure) [PSYoungGen: 2423089K->312707K(2451456K)] 3592124K->1527367K(8044032K), 0.0536067 secs] [Times: user=0.18 sys=0.12, real=0.05 secs] 
2021-01-19T13:39:07.263-0800: 53.022: [GC (Allocation Failure) [PSYoungGen: 2420099K->318118K(2453504K)] 3634759K->1571741K(8046080K), 0.0472595 secs] [Times: user=0.18 sys=0.13, real=0.05 secs] 
2021-01-19T13:39:07.571-0800: 53.330: [GC (Allocation Failure) [PSYoungGen: 2427558K->326917K(2451968K)] 3681181K->1626645K(8044544K), 0.0501827 secs] [Times: user=0.16 sys=0.15, real=0.05 secs] 
2021-01-19T13:39:07.895-0800: 53.655: [GC (Allocation Failure) [PSYoungGen: 2436357K->312292K(2453504K)] 3736085K->1658162K(8046080K), 0.0505823 secs] [Times: user=0.17 sys=0.13, real=0.05 secs] 
2021-01-19T13:39:08.230-0800: 53.990: [GC (Allocation Failure) [PSYoungGen: 2423268K->321635K(2453504K)] 3769138K->1707752K(8046080K), 0.0473283 secs] [Times: user=0.16 sys=0.14, real=0.04 secs] 
2021-01-19T13:39:08.549-0800: 54.309: [GC (Allocation Failure) [PSYoungGen: 2432611K->322187K(2457600K)] 3818728K->1749644K(8050176K), 0.0486546 secs] [Times: user=0.17 sys=0.14, real=0.05 secs] 
2021-01-19T13:39:08.874-0800: 54.634: [GC (Allocation Failure) [PSYoungGen: 2439307K->336149K(2453504K)] 3866764K->1805575K(8046080K), 0.0522667 secs] [Times: user=0.18 sys=0.12, real=0.05 secs] 
2021-01-19T13:39:09.215-0800: 54.975: [GC (Allocation Failure) [PSYoungGen: 2453269K->321136K(2455040K)] 3922695K->1828479K(8047616K), 0.0462026 secs] [Times: user=0.20 sys=0.11, real=0.05 secs] 
2021-01-19T13:39:09.530-0800: 55.290: [GC (Allocation Failure) [PSYoungGen: 2434160K->324298K(2454016K)] 3941503K->1877258K(8046592K), 0.0515072 secs] [Times: user=0.17 sys=0.13, real=0.05 secs] 
2021-01-19T13:39:09.851-0800: 55.611: [GC (Allocation Failure) [PSYoungGen: 2437322K->314221K(2456576K)] 3990282K->1912727K(8049152K), 0.0503706 secs] [Times: user=0.15 sys=0.16, real=0.05 secs] 
2021-01-19T13:39:10.176-0800: 55.936: [GC (Allocation Failure) [PSYoungGen: 2431341K->335557K(2452992K)] 4029847K->1970260K(8045568K), 0.0592372 secs] [Times: user=0.18 sys=0.12, real=0.06 secs] 
2021-01-19T13:39:10.498-0800: 56.257: [GC (Allocation Failure) [PSYoungGen: 2452677K->333773K(2449408K)] 4087380K->2012662K(8041984K), 0.0639456 secs] [Times: user=0.17 sys=0.15, real=0.07 secs] 
2021-01-19T13:39:10.831-0800: 56.591: [GC (Allocation Failure) [PSYoungGen: 2440653K->318468K(2451456K)] 4119542K->2038510K(8044032K), 0.0648260 secs] [Times: user=0.19 sys=0.14, real=0.06 secs] 
2021-01-19T13:39:11.175-0800: 56.935: [GC (Allocation Failure) [PSYoungGen: 2425348K->324424K(2454016K)] 4145390K->2087315K(8046592K), 0.0684922 secs] [Times: user=0.18 sys=0.12, real=0.07 secs] 
2021-01-19T13:39:11.520-0800: 57.279: [GC (Allocation Failure) [PSYoungGen: 2434888K->330570K(2452480K)] 4197779K->2133998K(8045056K), 0.0635349 secs] [Times: user=0.17 sys=0.12, real=0.06 secs] 
2021-01-19T13:39:11.867-0800: 57.627: [GC (Allocation Failure) [PSYoungGen: 2441034K->333177K(2450432K)] 4244462K->2176126K(8043008K), 0.0625962 secs] [Times: user=0.18 sys=0.13, real=0.07 secs] 
2021-01-19T13:39:12.189-0800: 57.949: [GC (Allocation Failure) [PSYoungGen: 2441081K->316627K(2451968K)] 4284030K->2201452K(8044544K), 0.0589796 secs] [Times: user=0.18 sys=0.13, real=0.06 secs] 
2021-01-19T13:39:12.512-0800: 58.272: [GC (Allocation Failure) [PSYoungGen: 2424531K->325163K(2454016K)] 4309356K->2251478K(8046592K), 0.0620361 secs] [Times: user=0.17 sys=0.12, real=0.06 secs] 
2021-01-19T13:39:12.847-0800: 58.607: [GC (Allocation Failure) [PSYoungGen: 2435627K->317682K(2452480K)] 4361942K->2288098K(8045056K), 0.0632339 secs] [Times: user=0.18 sys=0.13, real=0.07 secs] 
2021-01-19T13:39:13.173-0800: 58.933: [GC (Allocation Failure) [PSYoungGen: 2428146K->339825K(2446336K)] 4398562K->2352496K(8038912K), 0.0615421 secs] [Times: user=0.19 sys=0.14, real=0.06 secs] 
2021-01-19T13:39:13.504-0800: 59.264: [GC (Allocation Failure) [PSYoungGen: 2444657K->332076K(2437120K)] 4457328K->2391680K(8029696K), 0.0774703 secs] [Times: user=0.18 sys=0.19, real=0.08 secs] 
2021-01-19T13:39:13.869-0800: 59.629: [GC (Allocation Failure) [PSYoungGen: 2436908K->326149K(2451968K)] 4496512K->2428769K(8044544K), 0.0668002 secs] [Times: user=0.20 sys=0.13, real=0.07 secs] 
2021-01-19T13:39:14.201-0800: 59.961: [GC (Allocation Failure) [PSYoungGen: 2432005K->335905K(2449920K)] 4534625K->2477118K(8042496K), 0.0514544 secs] [Times: user=0.18 sys=0.14, real=0.05 secs] 
2021-01-19T13:39:14.524-0800: 60.284: [GC (Allocation Failure) [PSYoungGen: 2441761K->316313K(2449920K)] 4582974K->2506950K(8042496K), 0.0584404 secs] [Times: user=0.17 sys=0.17, real=0.06 secs] 
2021-01-19T13:39:14.863-0800: 60.623: [GC (Allocation Failure) [PSYoungGen: 2420121K->311575K(2415616K)] 4610758K->2551256K(8008192K), 0.0645386 secs] [Times: user=0.18 sys=0.16, real=0.06 secs] 
2021-01-19T13:39:15.190-0800: 60.950: [GC (Allocation Failure) [PSYoungGen: 2415383K->323784K(2451456K)] 4655064K->2607771K(8044032K), 0.0676608 secs] [Times: user=0.19 sys=0.14, real=0.06 secs] 
2021-01-19T13:39:15.527-0800: 61.287: [GC (Allocation Failure) [PSYoungGen: 2428616K->320459K(2449408K)] 4712603K->2646042K(8041984K), 0.0641932 secs] [Times: user=0.20 sys=0.13, real=0.07 secs] 
2021-01-19T13:39:15.873-0800: 61.633: [GC (Allocation Failure) [PSYoungGen: 2425291K->320369K(2454016K)] 4750874K->2692303K(8046592K), 0.0573704 secs] [Times: user=0.19 sys=0.12, real=0.06 secs] 
2021-01-19T13:39:16.203-0800: 61.963: [GC (Allocation Failure) [PSYoungGen: 2431345K->331694K(2452992K)] 4803279K->2751278K(8045568K), 0.0551604 secs] [Times: user=0.16 sys=0.16, real=0.05 secs] 
2021-01-19T13:39:16.549-0800: 62.309: [GC (Allocation Failure) [PSYoungGen: 2442670K->323983K(2454528K)] 4862254K->2785423K(8047104K), 0.0538773 secs] [Times: user=0.20 sys=0.14, real=0.06 secs] 
2021-01-19T13:39:16.853-0800: 62.613: [GC (Allocation Failure) [PSYoungGen: 2435471K->325902K(2452992K)] 4896911K->2830782K(8045568K), 0.0508442 secs] [Times: user=0.19 sys=0.14, real=0.05 secs] 
2021-01-19T13:39:17.162-0800: 62.922: [GC (Allocation Failure) [PSYoungGen: 2437390K->327059K(2456576K)] 4942270K->2872110K(8049152K), 0.0514054 secs] [Times: user=0.20 sys=0.13, real=0.05 secs] 
2021-01-19T13:39:17.474-0800: 63.234: [GC (Allocation Failure) [PSYoungGen: 2443667K->331710K(2448384K)] 4988718K->2920487K(8040960K), 0.0510290 secs] [Times: user=0.18 sys=0.15, real=0.05 secs] 
2021-01-19T13:39:17.787-0800: 63.546: [GC (Allocation Failure) [PSYoungGen: 2448318K->319765K(2456064K)] 5037095K->2949350K(8048640K), 0.0509613 secs] [Times: user=0.20 sys=0.14, real=0.05 secs] 
2021-01-19T13:39:18.112-0800: 63.872: [GC (Allocation Failure) [PSYoungGen: 2435349K->326717K(2455552K)] 5064934K->2996520K(8048128K), 0.0508849 secs] [Times: user=0.19 sys=0.12, real=0.05 secs] 
2021-01-19T13:39:18.432-0800: 64.192: [GC (Allocation Failure) [PSYoungGen: 2442301K->326875K(2457600K)] 5112104K->3045715K(8050176K), 0.0530733 secs] [Times: user=0.18 sys=0.15, real=0.05 secs] 
2021-01-19T13:39:18.760-0800: 64.520: [GC (Allocation Failure) [PSYoungGen: 2445019K->322563K(2456576K)] 5163859K->3084781K(8049152K), 0.0543278 secs] [Times: user=0.19 sys=0.15, real=0.05 secs] 
2021-01-19T13:39:19.103-0800: 64.863: [GC (Allocation Failure) [PSYoungGen: 2440707K->329244K(2458112K)] 5202925K->3135545K(8050688K), 0.0525885 secs] [Times: user=0.19 sys=0.13, real=0.05 secs] 
2021-01-19T13:39:19.431-0800: 65.191: [GC (Allocation Failure) [PSYoungGen: 2449436K->314652K(2435072K)] 5255737K->3165857K(8027648K), 0.0538529 secs] [Times: user=0.21 sys=0.15, real=0.05 secs] 
2021-01-19T13:39:19.764-0800: 65.524: [GC (Allocation Failure) [PSYoungGen: 2434844K->329339K(2456576K)] 5286049K->3223438K(8049152K), 0.0604311 secs] [Times: user=0.21 sys=0.13, real=0.06 secs] 
2021-01-19T13:39:20.118-0800: 65.878: [GC (Allocation Failure) [PSYoungGen: 2447483K->334641K(2452992K)] 5341582K->3279931K(8045568K), 0.0724115 secs] [Times: user=0.22 sys=0.16, real=0.08 secs] 
2021-01-19T13:39:20.460-0800: 66.220: [GC (Allocation Failure) [PSYoungGen: 2452785K->325169K(2456064K)] 5398075K->3312808K(8048640K), 0.0623464 secs] [Times: user=0.20 sys=0.13, real=0.06 secs] 
2021-01-19T13:39:20.804-0800: 66.564: [GC (Allocation Failure) [PSYoungGen: 2439729K->313857K(2454528K)] 5427368K->3341979K(8047104K), 0.0810089 secs] [Times: user=0.17 sys=0.07, real=0.08 secs] 
2021-01-19T13:39:21.187-0800: 66.947: [GC (Allocation Failure) [PSYoungGen: 2428417K->330962K(2453504K)] 5456539K->3400555K(8046080K), 0.0655287 secs] [Times: user=0.20 sys=0.12, real=0.07 secs] 
2021-01-19T13:39:21.527-0800: 67.287: [GC (Allocation Failure) [PSYoungGen: 2443986K->332781K(2445824K)] 5513579K->3448562K(8038400K), 0.0709517 secs] [Times: user=0.19 sys=0.16, real=0.07 secs] 
2021-01-19T13:39:21.878-0800: 67.638: [GC (Allocation Failure) [PSYoungGen: 2445805K->320824K(2454016K)] 5561586K->3478436K(8046592K), 0.0669301 secs] [Times: user=0.22 sys=0.14, real=0.07 secs] 
2021-01-19T13:39:22.223-0800: 67.983: [GC (Allocation Failure) [PSYoungGen: 2432312K->318114K(2453504K)] 5589924K->3522162K(8046080K), 0.0684180 secs] [Times: user=0.19 sys=0.14, real=0.07 secs] 
2021-01-19T13:39:22.575-0800: 68.335: [GC (Allocation Failure) [PSYoungGen: 2429602K->329728K(2454528K)] 5633650K->3577202K(8047104K), 0.0701144 secs] [Times: user=0.22 sys=0.12, real=0.07 secs] 
2021-01-19T13:39:22.922-0800: 68.682: [GC (Allocation Failure) [PSYoungGen: 2442752K->318782K(2454528K)] 5690226K->3609065K(8047104K), 0.0586489 secs] [Times: user=0.20 sys=0.14, real=0.06 secs] 
2021-01-19T13:39:23.252-0800: 69.012: [GC (Allocation Failure) [PSYoungGen: 2431806K->315530K(2455040K)] 5722089K->3647717K(8047616K), 0.0666467 secs] [Times: user=0.21 sys=0.11, real=0.06 secs] 
2021-01-19T13:39:23.614-0800: 69.374: [GC (Allocation Failure) [PSYoungGen: 2429578K->320266K(2455040K)] 5761765K->3686004K(8047616K), 0.0613172 secs] [Times: user=0.21 sys=0.11, real=0.06 secs] 
2021-01-19T13:39:23.970-0800: 69.730: [GC (Allocation Failure) [PSYoungGen: 2434314K->326094K(2456576K)] 5800052K->3735886K(8049152K), 0.0728134 secs] [Times: user=0.21 sys=0.10, real=0.07 secs] 
2021-01-19T13:39:24.349-0800: 70.109: [GC (Allocation Failure) [PSYoungGen: 2442702K->322651K(2456064K)] 5852494K->3773944K(8048640K), 0.0653035 secs] [Times: user=0.22 sys=0.13, real=0.07 secs] 
2021-01-19T13:39:24.696-0800: 70.456: [GC (Allocation Failure) [PSYoungGen: 2439259K->321666K(2459136K)] 5890552K->3814580K(8051712K), 0.0644469 secs] [Times: user=0.23 sys=0.13, real=0.07 secs] 
2021-01-19T13:39:25.026-0800: 70.786: [GC (Allocation Failure) [PSYoungGen: 2442882K->325122K(2458112K)] 5935796K->3861840K(8050688K), 0.0683209 secs] [Times: user=0.23 sys=0.14, real=0.07 secs] 
2021-01-19T13:39:25.416-0800: 71.176: [GC (Allocation Failure) [PSYoungGen: 2446338K->327463K(2459648K)] 5983056K->3899558K(8052224K), 0.0670765 secs] [Times: user=0.24 sys=0.11, real=0.07 secs] 
2021-01-19T13:39:25.781-0800: 71.541: [GC (Allocation Failure) [PSYoungGen: 2450727K->328493K(2451968K)] 6022822K->3940259K(8044544K), 0.0648429 secs] [Times: user=0.23 sys=0.13, real=0.06 secs] 
2021-01-19T13:39:26.133-0800: 71.893: [GC (Allocation Failure) [PSYoungGen: 2451757K->320550K(2459648K)] 6063523K->3972865K(8052224K), 0.0627115 secs] [Times: user=0.21 sys=0.13, real=0.06 secs] 
2021-01-19T13:39:26.477-0800: 72.237: [GC (Allocation Failure) [PSYoungGen: 2443302K->324933K(2459136K)] 6095617K->4022388K(8051712K), 0.0674870 secs] [Times: user=0.23 sys=0.15, real=0.07 secs] 
2021-01-19T13:39:26.823-0800: 72.583: [GC (Allocation Failure) [PSYoungGen: 2447685K->320678K(2461184K)] 6145140K->4060941K(8053760K), 0.0648092 secs] [Times: user=0.23 sys=0.14, real=0.06 secs] 
2021-01-19T13:39:27.163-0800: 72.923: [GC (Allocation Failure) [PSYoungGen: 2446502K->318207K(2460672K)] 6186765K->4098047K(8053248K), 0.0726182 secs] [Times: user=0.21 sys=0.11, real=0.07 secs] 
2021-01-19T13:39:27.519-0800: 73.279: [GC (Allocation Failure) [PSYoungGen: 2444031K->327165K(2461184K)] 6223871K->4155618K(8053760K), 0.0743525 secs] [Times: user=0.23 sys=0.14, real=0.08 secs] 
2021-01-19T13:39:27.879-0800: 73.639: [GC (Allocation Failure) [PSYoungGen: 2453501K->326806K(2453504K)] 6281954K->4190634K(8046080K), 0.0648085 secs] [Times: user=0.24 sys=0.11, real=0.07 secs] 
2021-01-19T13:39:28.224-0800: 73.984: [GC (Allocation Failure) [PSYoungGen: 2453142K->318677K(2461184K)] 6316970K->4225974K(8053760K), 0.0638493 secs] [Times: user=0.23 sys=0.13, real=0.06 secs] 
2021-01-19T13:39:28.564-0800: 74.324: [GC (Allocation Failure) [PSYoungGen: 2444501K->308404K(2434560K)] 6351798K->4262195K(8027136K), 0.0680556 secs] [Times: user=0.21 sys=0.14, real=0.07 secs] 
2021-01-19T13:39:28.927-0800: 74.687: [GC (Allocation Failure) [PSYoungGen: 2434228K->331904K(2455552K)] 6388019K->4325697K(8048128K), 0.0647265 secs] [Times: user=0.24 sys=0.13, real=0.07 secs] 
2021-01-19T13:39:29.276-0800: 75.036: [GC (Allocation Failure) [PSYoungGen: 2451072K->331129K(2450432K)] 6444865K->4365279K(8043008K), 0.0658554 secs] [Times: user=0.27 sys=0.12, real=0.07 secs] 
2021-01-19T13:39:29.615-0800: 75.375: [GC (Allocation Failure) [PSYoungGen: 2450297K->330377K(2454016K)] 6484447K->4407166K(8046592K), 0.0640801 secs] [Times: user=0.24 sys=0.12, real=0.06 secs] 
2021-01-19T13:39:29.966-0800: 75.726: [GC (Allocation Failure) [PSYoungGen: 2444425K->338440K(2452992K)] 6521214K->4453500K(8045568K), 0.0680208 secs] [Times: user=0.25 sys=0.12, real=0.07 secs] 
2021-01-19T13:39:30.328-0800: 76.088: [GC (Allocation Failure) [PSYoungGen: 2452488K->306004K(2446848K)] 6567548K->4460836K(8039424K), 0.0643364 secs] [Times: user=0.23 sys=0.11, real=0.07 secs] 
2021-01-19T13:39:30.687-0800: 76.447: [GC (Allocation Failure) [PSYoungGen: 2409812K->322676K(2449920K)] 6564644K->4518878K(8042496K), 0.0695935 secs] [Times: user=0.26 sys=0.12, real=0.07 secs] 
2021-01-19T13:39:31.035-0800: 76.795: [GC (Allocation Failure) [PSYoungGen: 2426484K->313067K(2451968K)] 6622686K->4554769K(8044544K), 0.0636711 secs] [Times: user=0.23 sys=0.13, real=0.07 secs] 
2021-01-19T13:39:31.376-0800: 77.136: [GC (Allocation Failure) [PSYoungGen: 2420971K->324543K(2451968K)] 6662673K->4609540K(8044544K), 0.0655898 secs] [Times: user=0.22 sys=0.10, real=0.07 secs] 
2021-01-19T13:39:31.704-0800: 77.464: [GC (Allocation Failure) [PSYoungGen: 2432447K->342207K(2443264K)] 6717444K->4673032K(8035840K), 0.0689677 secs] [Times: user=0.20 sys=0.13, real=0.07 secs] 
2021-01-19T13:39:32.072-0800: 77.832: [GC (Allocation Failure) [PSYoungGen: 2442943K->322767K(2448384K)] 6773768K->4697828K(8040960K), 0.0693874 secs] [Times: user=0.20 sys=0.11, real=0.07 secs] 
2021-01-19T13:39:32.404-0800: 78.164: [GC (Allocation Failure) [PSYoungGen: 2423503K->328746K(2450944K)] 6798564K->4749057K(8043520K), 0.0690525 secs] [Times: user=0.23 sys=0.13, real=0.07 secs] 
2021-01-19T13:39:32.755-0800: 78.515: [GC (Allocation Failure) [PSYoungGen: 2434090K->329332K(2450432K)] 6854401K->4800931K(8043008K), 0.0712528 secs] [Times: user=0.24 sys=0.16, real=0.07 secs] 
2021-01-19T13:39:33.111-0800: 78.871: [GC (Allocation Failure) [PSYoungGen: 2434676K->327859K(2451968K)] 6906275K->4846612K(8044544K), 0.0698943 secs] [Times: user=0.23 sys=0.15, real=0.07 secs] 
2021-01-19T13:39:33.468-0800: 79.228: [GC (Allocation Failure) [PSYoungGen: 2434739K->320527K(2450944K)] 6953492K->4884436K(8043520K), 0.0696211 secs] [Times: user=0.25 sys=0.13, real=0.07 secs] 
2021-01-19T13:39:33.819-0800: 79.579: [GC (Allocation Failure) [PSYoungGen: 2427407K->319530K(2454016K)] 6991316K->4931416K(8046592K), 0.0724277 secs] [Times: user=0.20 sys=0.12, real=0.08 secs] 
2021-01-19T13:39:34.173-0800: 79.933: [GC (Allocation Failure) [PSYoungGen: 2430506K->314243K(2452992K)] 7042392K->4968568K(8045568K), 0.0557275 secs] [Times: user=0.23 sys=0.08, real=0.05 secs] 
2021-01-19T13:39:34.523-0800: 80.283: [GC (Allocation Failure) [PSYoungGen: 2425219K->334471K(2448896K)] 7079544K->5030818K(8041472K), 0.0514924 secs] [Times: user=0.27 sys=0.08, real=0.05 secs] 
2021-01-19T13:39:34.863-0800: 80.623: [GC (Allocation Failure) [PSYoungGen: 2441351K->340343K(2447360K)] 7137698K->5079583K(8039936K), 0.0533311 secs] [Times: user=0.26 sys=0.10, real=0.05 secs] 
2021-01-19T13:39:35.184-0800: 80.944: [GC (Allocation Failure) [PSYoungGen: 2447223K->321582K(2449408K)] 7186463K->5100314K(8041984K), 0.0544097 secs] [Times: user=0.23 sys=0.13, real=0.05 secs] 
2021-01-19T13:39:35.502-0800: 81.262: [GC (Allocation Failure) [PSYoungGen: 2422830K->316745K(2447872K)] 7201562K->5140670K(8040448K), 0.0560753 secs] [Times: user=0.24 sys=0.14, real=0.05 secs] 
2021-01-19T13:39:35.842-0800: 81.602: [GC (Allocation Failure) [PSYoungGen: 2417993K->319446K(2450944K)] 7241918K->5178562K(8043520K), 0.0526476 secs] [Times: user=0.24 sys=0.12, real=0.05 secs] 
2021-01-19T13:39:36.178-0800: 81.938: [GC (Allocation Failure) [PSYoungGen: 2424278K->330236K(2449920K)] 7283394K->5228599K(8042496K), 0.0547695 secs] [Times: user=0.24 sys=0.13, real=0.06 secs] 
2021-01-19T13:39:36.504-0800: 82.264: [GC (Allocation Failure) [PSYoungGen: 2435068K->327500K(2451968K)] 7333431K->5261958K(8044544K), 0.0523845 secs] [Times: user=0.24 sys=0.09, real=0.05 secs] 
2021-01-19T13:39:36.838-0800: 82.598: [GC (Allocation Failure) [PSYoungGen: 2434380K->316415K(2450944K)] 7368838K->5300041K(8043520K), 0.0539243 secs] [Times: user=0.22 sys=0.13, real=0.06 secs] 
2021-01-19T13:39:37.175-0800: 82.935: [GC (Allocation Failure) [PSYoungGen: 2423295K->325735K(2453504K)] 7406921K->5355764K(8046080K), 0.0529836 secs] [Times: user=0.23 sys=0.13, real=0.05 secs] 
2021-01-19T13:39:37.504-0800: 83.264: [GC (Allocation Failure) [PSYoungGen: 2435687K->319256K(2452480K)] 7465716K->5405805K(8045056K), 0.0700046 secs] [Times: user=0.20 sys=0.16, real=0.07 secs] 
2021-01-19T13:39:37.843-0800: 83.603: [GC (Allocation Failure) [PSYoungGen: 2429208K->327781K(2455040K)] 7515757K->5453614K(8047616K), 0.0646934 secs] [Times: user=0.20 sys=0.09, real=0.06 secs] 
2021-01-19T13:39:38.183-0800: 83.943: [GC (Allocation Failure) [PSYoungGen: 2441317K->316068K(2454528K)] 7567150K->5485175K(8047104K), 0.0675804 secs] [Times: user=0.21 sys=0.10, real=0.07 secs] 
2021-01-19T13:39:38.538-0800: 84.298: [GC (Allocation Failure) [PSYoungGen: 2429604K->340949K(2445824K)] 7598711K->5548385K(8038400K), 0.0621286 secs] [Times: user=0.22 sys=0.08, real=0.07 secs] 
2021-01-19T13:39:38.869-0800: 84.629: [GC (Allocation Failure) [PSYoungGen: 2445781K->323616K(2450432K)] 7653217K->5581957K(8043008K), 0.0690621 secs] [Times: user=0.19 sys=0.13, real=0.07 secs] 
2021-01-19T13:39:39.192-0800: 84.952: [GC (Allocation Failure) [PSYoungGen: 2428448K->341694K(2443776K)] 7686789K->5649158K(8036352K), 0.0713116 secs] [Times: user=0.21 sys=0.12, real=0.07 secs] 
2021-01-19T13:39:39.550-0800: 85.310: [GC (Allocation Failure) [PSYoungGen: 2441406K->320005K(2447872K)] 7748870K->5671649K(8040448K), 0.0741819 secs] [Times: user=0.21 sys=0.09, real=0.07 secs] 
2021-01-19T13:39:39.905-0800: 85.665: [GC (Allocation Failure) [PSYoungGen: 2419717K->319060K(2449920K)] 7771361K->5710175K(8042496K), 0.0664077 secs] [Times: user=0.21 sys=0.11, real=0.07 secs] 
2021-01-19T13:39:40.230-0800: 85.990: [GC (Allocation Failure) [PSYoungGen: 2421844K->315921K(2448896K)] 7812959K->5745208K(8041472K), 0.0656496 secs] [Times: user=0.20 sys=0.11, real=0.06 secs] 
2021-01-19T13:39:40.568-0800: 86.328: [GC (Allocation Failure) [PSYoungGen: 2418705K->313151K(2450432K)] 7847992K->5784966K(8043008K), 0.0683453 secs] [Times: user=0.23 sys=0.11, real=0.07 secs] 
2021-01-19T13:39:40.930-0800: 86.690: [GC (Allocation Failure) [PSYoungGen: 2417471K->316251K(2449920K)] 7889286K->5833022K(8042496K), 0.0590094 secs] [Times: user=0.30 sys=0.06, real=0.05 secs] 
2021-01-19T13:39:41.250-0800: 87.010: [GC (Allocation Failure) [PSYoungGen: 2420571K->331821K(2448384K)] 7937342K->5889937K(8040960K), 0.0578084 secs] [Times: user=0.32 sys=0.04, real=0.05 secs] 
2021-01-19T13:39:41.308-0800: 87.068: [Full GC (Ergonomics) [PSYoungGen: 331821K->0K(2448384K)] [ParOldGen: 5558115K->380167K(5592576K)] 5889937K->380167K(8040960K), [Metaspace: 2589K->2589K(1056768K)], 0.2756355 secs] [Times: user=0.33 sys=0.08, real=0.28 secs] 
2021-01-19T13:39:41.846-0800: 87.606: [GC (Allocation Failure) [PSYoungGen: 2103808K->327547K(2449920K)] 2483975K->707715K(8042496K), 0.0364494 secs] [Times: user=0.27 sys=0.00, real=0.04 secs] 
2021-01-19T13:39:42.289-0800: 88.049: [GC (Allocation Failure) [PSYoungGen: 2431355K->332813K(2448896K)] 2811523K->755572K(8041472K), 0.0938524 secs] [Times: user=0.34 sys=0.01, real=0.10 secs] 
2021-01-19T13:39:43.104-0800: 88.865: [GC (Allocation Failure) [PSYoungGen: 2436621K->305524K(2409472K)] 2859380K->776708K(8002048K), 0.0548734 secs] [Times: user=0.23 sys=0.07, real=0.05 secs] 
2021-01-19T13:39:43.440-0800: 89.200: [GC (Allocation Failure) [PSYoungGen: 2409332K->325763K(2449920K)] 2880516K->838625K(8042496K), 0.0463336 secs] [Times: user=0.24 sys=0.03, real=0.04 secs] 
2021-01-19T13:39:43.759-0800: 89.519: [GC (Allocation Failure) [PSYoungGen: 2428035K->333010K(2448384K)] 2940897K->889312K(8040960K), 0.0478840 secs] [Times: user=0.29 sys=0.02, real=0.05 secs] 
2021-01-19T13:39:44.110-0800: 89.870: [GC (Allocation Failure) [PSYoungGen: 2435282K->323374K(2450944K)] 2991584K->931697K(8043520K), 0.0430329 secs] [Times: user=0.28 sys=0.01, real=0.04 secs] 
2021-01-19T13:39:44.442-0800: 90.203: [GC (Allocation Failure) [PSYoungGen: 2426670K->339378K(2442752K)] 3034993K->990252K(8035328K), 0.0501156 secs] [Times: user=0.31 sys=0.04, real=0.05 secs] 
2021-01-19T13:39:44.757-0800: 90.517: [GC (Allocation Failure) [PSYoungGen: 2442674K->310093K(2446336K)] 3093548K->1012560K(8038912K), 0.0409921 secs] [Times: user=0.30 sys=0.01, real=0.04 secs] 
2021-01-19T13:39:45.084-0800: 90.844: [GC (Allocation Failure) [PSYoungGen: 2407757K->321489K(2446848K)] 3110224K->1072560K(8039424K), 0.0421385 secs] [Times: user=0.29 sys=0.01, real=0.04 secs] 
2021-01-19T13:39:45.409-0800: 91.169: [GC (Allocation Failure) [PSYoungGen: 2419153K->325644K(2450432K)] 3170224K->1123092K(8043008K), 0.0430281 secs] [Times: user=0.31 sys=0.01, real=0.05 secs] 
2021-01-19T13:39:45.749-0800: 91.510: [GC (Allocation Failure) [PSYoungGen: 2428940K->320903K(2448896K)] 3226388K->1158350K(8041472K), 0.0416152 secs] [Times: user=0.30 sys=0.00, real=0.05 secs] 
2021-01-19T13:39:46.081-0800: 91.842: [GC (Allocation Failure) [PSYoungGen: 2424199K->329873K(2451968K)] 3261646K->1211794K(8044544K), 0.0443403 secs] [Times: user=0.29 sys=0.01, real=0.04 secs] 
2021-01-19T13:39:46.452-0800: 92.212: [GC (Allocation Failure) [PSYoungGen: 2437777K->330306K(2438656K)] 3319698K->1254836K(8031232K), 0.0445131 secs] [Times: user=0.32 sys=0.00, real=0.04 secs] 
2021-01-19T13:39:46.788-0800: 92.548: [GC (Allocation Failure) [PSYoungGen: 2438210K->316763K(2451968K)] 3362740K->1283165K(8044544K), 0.0415914 secs] [Times: user=0.29 sys=0.00, real=0.05 secs] 
2021-01-19T13:39:47.144-0800: 92.905: [GC (Allocation Failure) [PSYoungGen: 2424155K->333988K(2441728K)] 3390557K->1337865K(8034304K), 0.0478760 secs] [Times: user=0.26 sys=0.01, real=0.05 secs] 
2021-01-19T13:39:47.492-0800: 93.252: [GC (Allocation Failure) [PSYoungGen: 2441380K->325862K(2451968K)] 3445257K->1374307K(8044544K), 0.0438463 secs] [Times: user=0.30 sys=0.01, real=0.04 secs] 
2021-01-19T13:39:47.819-0800: 93.579: [GC (Allocation Failure) [PSYoungGen: 2432230K->316375K(2450432K)] 3480675K->1406247K(8043008K), 0.0418899 secs] [Times: user=0.30 sys=0.01, real=0.05 secs] 
2021-01-19T13:39:48.142-0800: 93.902: [GC (Allocation Failure) [PSYoungGen: 2422743K->321452K(2454016K)] 3512615K->1452388K(8046592K), 0.0432783 secs] [Times: user=0.30 sys=0.01, real=0.04 secs] 
2021-01-19T13:39:48.470-0800: 94.230: [GC (Allocation Failure) [PSYoungGen: 2431916K->318963K(2452480K)] 3562852K->1493545K(8045056K), 0.0430656 secs] [Times: user=0.29 sys=0.00, real=0.04 secs] 
2021-01-19T13:39:48.769-0800: 94.530: [GC (Allocation Failure) [PSYoungGen: 2429427K->320001K(2456064K)] 3604009K->1544529K(8048640K), 0.0425704 secs] [Times: user=0.23 sys=0.00, real=0.05 secs] 
2021-01-19T13:39:49.066-0800: 94.826: [GC (Allocation Failure) [PSYoungGen: 2435073K->326105K(2455040K)] 3659601K->1595891K(8047616K), 0.0420638 secs] [Times: user=0.26 sys=0.01, real=0.04 secs] 
2021-01-19T13:39:49.355-0800: 95.115: [GC (Allocation Failure) [PSYoungGen: 2441177K->333213K(2452480K)] 3710963K->1645474K(8045056K), 0.0433663 secs] [Times: user=0.26 sys=0.01, real=0.04 secs] 
2021-01-19T13:39:49.653-0800: 95.413: [GC (Allocation Failure) [PSYoungGen: 2446237K->335813K(2448896K)] 3758498K->1694652K(8041472K), 0.0468547 secs] [Times: user=0.25 sys=0.02, real=0.05 secs] 
2021-01-19T13:39:49.959-0800: 95.720: [GC (Allocation Failure) [PSYoungGen: 2448837K->315593K(2451968K)] 3807676K->1719161K(8044544K), 0.0426864 secs] [Times: user=0.26 sys=0.01, real=0.05 secs] 
2021-01-19T13:39:50.294-0800: 96.054: [GC (Allocation Failure) [PSYoungGen: 2423497K->322104K(2451968K)] 3827065K->1766209K(8044544K), 0.0438352 secs] [Times: user=0.29 sys=0.00, real=0.04 secs] 
2021-01-19T13:39:50.618-0800: 96.378: [GC (Allocation Failure) [PSYoungGen: 2430008K->321334K(2455040K)] 3874113K->1809754K(8047616K), 0.0456895 secs] [Times: user=0.28 sys=0.00, real=0.05 secs] 
2021-01-19T13:39:50.958-0800: 96.718: [GC (Allocation Failure) [PSYoungGen: 2433846K->326727K(2453504K)] 3922266K->1860579K(8046080K), 0.0467317 secs] [Times: user=0.32 sys=0.01, real=0.05 secs] 
2021-01-19T13:39:51.295-0800: 97.056: [GC (Allocation Failure) [PSYoungGen: 2439239K->333370K(2452480K)] 3973091K->1909160K(8045056K), 0.0457014 secs] [Times: user=0.31 sys=0.01, real=0.05 secs] 
2021-01-19T13:39:51.617-0800: 97.377: [GC (Allocation Failure) [PSYoungGen: 2445370K->328024K(2454016K)] 4021160K->1952212K(8046592K), 0.0428547 secs] [Times: user=0.27 sys=0.01, real=0.05 secs] 
2021-01-19T13:39:51.927-0800: 97.687: [GC (Allocation Failure) [PSYoungGen: 2440024K->314513K(2453504K)] 4064212K->1976350K(8046080K), 0.0479800 secs] [Times: user=0.22 sys=0.01, real=0.05 secs] 
2021-01-19T13:39:52.266-0800: 98.027: [GC (Allocation Failure) [PSYoungGen: 2426513K->318245K(2454016K)] 4088350K->2026422K(8046592K), 0.0441147 secs] [Times: user=0.30 sys=0.01, real=0.05 secs] 
2021-01-19T13:39:52.595-0800: 98.356: [GC (Allocation Failure) [PSYoungGen: 2430245K->330593K(2452992K)] 4138422K->2081072K(8045568K), 0.0462964 secs] [Times: user=0.32 sys=0.01, real=0.05 secs] 
2021-01-19T13:39:52.922-0800: 98.682: [GC (Allocation Failure) [PSYoungGen: 2442593K->332585K(2444800K)] 4193072K->2125358K(8037376K), 0.0456802 secs] [Times: user=0.32 sys=0.00, real=0.04 secs] 
2021-01-19T13:39:53.254-0800: 99.014: [GC (Allocation Failure) [PSYoungGen: 2444585K->330417K(2451968K)] 4237358K->2163239K(8044544K), 0.0449241 secs] [Times: user=0.30 sys=0.00, real=0.04 secs] 
2021-01-19T13:39:53.600-0800: 99.360: [GC (Allocation Failure) [PSYoungGen: 2439345K->327751K(2452480K)] 4272167K->2204013K(8045056K), 0.0455008 secs] [Times: user=0.29 sys=0.01, real=0.04 secs] 
2021-01-19T13:39:53.922-0800: 99.683: [GC (Allocation Failure) [PSYoungGen: 2436679K->340126K(2446336K)] 4312941K->2260346K(8038912K), 0.0462796 secs] [Times: user=0.29 sys=0.01, real=0.04 secs] 
2021-01-19T13:39:54.278-0800: 100.038: [GC (Allocation Failure) [PSYoungGen: 2443934K->314659K(2449920K)] 4364154K->2287945K(8042496K), 0.0516774 secs] [Times: user=0.32 sys=0.01, real=0.06 secs] 
2021-01-19T13:39:54.612-0800: 100.373: [GC (Allocation Failure) [PSYoungGen: 2418467K->329485K(2450432K)] 4391753K->2346244K(8043008K), 0.0454325 secs] [Times: user=0.33 sys=0.01, real=0.04 secs] 
2021-01-19T13:39:54.957-0800: 100.718: [GC (Allocation Failure) [PSYoungGen: 2433805K->317999K(2449920K)] 4450564K->2381215K(8042496K), 0.0468343 secs] [Times: user=0.31 sys=0.01, real=0.05 secs] 
2021-01-19T13:39:55.293-0800: 101.053: [GC (Allocation Failure) [PSYoungGen: 2422319K->325446K(2452992K)] 4485535K->2427047K(8045568K), 0.0451636 secs] [Times: user=0.32 sys=0.00, real=0.04 secs] 
2021-01-19T13:39:55.631-0800: 101.391: [GC (Allocation Failure) [PSYoungGen: 2433350K->306730K(2450944K)] 4534951K->2452870K(8043520K), 0.0451077 secs] [Times: user=0.32 sys=0.01, real=0.04 secs] 
2021-01-19T13:39:55.966-0800: 101.727: [GC (Allocation Failure) [PSYoungGen: 2414634K->331089K(2449408K)] 4560774K->2522642K(8041984K), 0.0470478 secs] [Times: user=0.32 sys=0.01, real=0.05 secs] 
2021-01-19T13:39:56.302-0800: 102.062: [GC (Allocation Failure) [PSYoungGen: 2435921K->332875K(2438144K)] 4627474K->2564459K(8030720K), 0.0469003 secs] [Times: user=0.34 sys=0.01, real=0.04 secs] 
2021-01-19T13:39:56.645-0800: 102.406: [GC (Allocation Failure) [PSYoungGen: 2437707K->320343K(2450944K)] 4669291K->2597098K(8043520K), 0.0462290 secs] [Times: user=0.30 sys=0.00, real=0.05 secs] 
2021-01-19T13:39:56.966-0800: 102.727: [GC (Allocation Failure) [PSYoungGen: 2424663K->328438K(2449408K)] 4701418K->2647062K(8041984K), 0.0466531 secs] [Times: user=0.31 sys=0.00, real=0.05 secs] 
2021-01-19T13:39:57.324-0800: 103.084: [GC (Allocation Failure) [PSYoungGen: 2432758K->317626K(2451968K)] 4751382K->2682909K(8044544K), 0.0463779 secs] [Times: user=0.33 sys=0.01, real=0.05 secs] 
2021-01-19T13:39:57.669-0800: 103.430: [GC (Allocation Failure) [PSYoungGen: 2425018K->330682K(2451456K)] 4790301K->2740010K(8044032K), 0.0471037 secs] [Times: user=0.33 sys=0.01, real=0.05 secs] 
2021-01-19T13:39:57.992-0800: 103.752: [GC (Allocation Failure) [PSYoungGen: 2438074K->331640K(2450944K)] 4847402K->2785806K(8043520K), 0.0488634 secs] [Times: user=0.31 sys=0.01, real=0.05 secs] 
2021-01-19T13:39:58.358-0800: 104.118: [GC (Allocation Failure) [PSYoungGen: 2438520K->322063K(2451456K)] 4892686K->2813174K(8044032K), 0.0449485 secs] [Times: user=0.32 sys=0.00, real=0.05 secs] 
2021-01-19T13:39:58.680-0800: 104.440: [GC (Allocation Failure) [PSYoungGen: 2428943K->331307K(2451456K)] 4920054K->2864440K(8044032K), 0.0481916 secs] [Times: user=0.34 sys=0.01, real=0.04 secs] 
2021-01-19T13:39:59.005-0800: 104.766: [GC (Allocation Failure) [PSYoungGen: 2439211K->328560K(2451968K)] 4972344K->2908669K(8044544K), 0.0482601 secs] [Times: user=0.32 sys=0.01, real=0.05 secs] 
2021-01-19T13:39:59.350-0800: 105.111: [GC (Allocation Failure) [PSYoungGen: 2436464K->322241K(2454016K)] 5016573K->2948027K(8046592K), 0.0490110 secs] [Times: user=0.30 sys=0.01, real=0.05 secs] 
2021-01-19T13:39:59.678-0800: 105.439: [GC (Allocation Failure) [PSYoungGen: 2433217K->309456K(2420736K)] 5059003K->2982627K(8013312K), 0.0456444 secs] [Times: user=0.33 sys=0.00, real=0.05 secs] 
2021-01-19T13:40:00.022-0800: 105.782: [GC (Allocation Failure) [PSYoungGen: 2420432K->330379K(2452480K)] 5093603K->3043635K(8045056K), 0.0475585 secs] [Times: user=0.33 sys=0.01, real=0.04 secs] 
2021-01-19T13:40:00.368-0800: 106.129: [GC (Allocation Failure) [PSYoungGen: 2439307K->327515K(2452480K)] 5152563K->3095706K(8045056K), 0.0483064 secs] [Times: user=0.35 sys=0.01, real=0.05 secs] 
2021-01-19T13:40:00.699-0800: 106.459: [GC (Allocation Failure) [PSYoungGen: 2436443K->326707K(2454528K)] 5204634K->3132354K(8047104K), 0.0472947 secs] [Times: user=0.32 sys=0.01, real=0.05 secs] 
2021-01-19T13:40:01.026-0800: 106.787: [GC (Allocation Failure) [PSYoungGen: 2438195K->311152K(2452992K)] 5243842K->3160763K(8045568K), 0.0460269 secs] [Times: user=0.33 sys=0.00, real=0.05 secs] 
2021-01-19T13:40:01.380-0800: 107.140: [GC (Allocation Failure) [PSYoungGen: 2422640K->330457K(2452480K)] 5272251K->3223220K(8045056K), 0.0512095 secs] [Times: user=0.32 sys=0.01, real=0.05 secs] 
2021-01-19T13:40:01.712-0800: 107.472: [GC (Allocation Failure) [PSYoungGen: 2440409K->322928K(2452992K)] 5333172K->3254728K(8045568K), 0.0471205 secs] [Times: user=0.32 sys=0.01, real=0.04 secs] 
2021-01-19T13:40:02.028-0800: 107.788: [GC (Allocation Failure) [PSYoungGen: 2432880K->329612K(2453504K)] 5364680K->3309529K(8046080K), 0.0536748 secs] [Times: user=0.33 sys=0.00, real=0.06 secs] 
2021-01-19T13:40:02.374-0800: 108.134: [GC (Allocation Failure) [PSYoungGen: 2441612K->328969K(2454016K)] 5421529K->3348987K(8046592K), 0.0485697 secs] [Times: user=0.35 sys=0.00, real=0.05 secs] 
2021-01-19T13:40:02.688-0800: 108.448: [GC (Allocation Failure) [PSYoungGen: 2440969K->327630K(2455040K)] 5460987K->3385776K(8047616K), 0.0479281 secs] [Times: user=0.35 sys=0.01, real=0.05 secs] 
2021-01-19T13:40:03.036-0800: 108.796: [GC (Allocation Failure) [PSYoungGen: 2441166K->322470K(2454528K)] 5499312K->3417437K(8047104K), 0.0468957 secs] [Times: user=0.33 sys=0.00, real=0.05 secs] 
2021-01-19T13:40:03.378-0800: 109.138: [GC (Allocation Failure) [PSYoungGen: 2436006K->321172K(2457088K)] 5530973K->3458511K(8049664K), 0.0471259 secs] [Times: user=0.33 sys=0.01, real=0.05 secs] 
2021-01-19T13:40:03.702-0800: 109.462: [GC (Allocation Failure) [PSYoungGen: 2438292K->330546K(2456064K)] 5575631K->3518622K(8048640K), 0.0505220 secs] [Times: user=0.36 sys=0.00, real=0.05 secs] 
2021-01-19T13:40:04.066-0800: 109.827: [GC (Allocation Failure) [PSYoungGen: 2447666K->314248K(2455040K)] 5635742K->3545134K(8047616K), 0.0470224 secs] [Times: user=0.34 sys=0.01, real=0.05 secs] 
2021-01-19T13:40:04.403-0800: 110.163: [GC (Allocation Failure) [PSYoungGen: 2429320K->328122K(2455552K)] 5660206K->3599943K(8048128K), 0.0484550 secs] [Times: user=0.36 sys=0.00, real=0.05 secs] 
2021-01-19T13:40:04.749-0800: 110.509: [GC (Allocation Failure) [PSYoungGen: 2443194K->317085K(2456064K)] 5715015K->3631973K(8048640K), 0.0490670 secs] [Times: user=0.35 sys=0.01, real=0.05 secs] 
2021-01-19T13:40:05.074-0800: 110.834: [GC (Allocation Failure) [PSYoungGen: 2433181K->335892K(2452480K)] 5748069K->3695250K(8045056K), 0.0502220 secs] [Times: user=0.35 sys=0.00, real=0.05 secs] 
2021-01-19T13:40:05.409-0800: 111.169: [GC (Allocation Failure) [PSYoungGen: 2451988K->336203K(2448896K)] 5811346K->3740483K(8041472K), 0.0497726 secs] [Times: user=0.36 sys=0.00, real=0.05 secs] 
2021-01-19T13:40:05.744-0800: 111.504: [GC (Allocation Failure) [PSYoungGen: 2442059K->336407K(2442752K)] 5846339K->3788032K(8035328K), 0.0507709 secs] [Times: user=0.35 sys=0.01, real=0.05 secs] 
2021-01-19T13:40:06.070-0800: 111.831: [GC (Allocation Failure) [PSYoungGen: 2442263K->336072K(2446848K)] 5893888K->3830685K(8039424K), 0.0512391 secs] [Times: user=0.34 sys=0.00, real=0.05 secs] 
2021-01-19T13:40:06.410-0800: 112.171: [GC (Allocation Failure) [PSYoungGen: 2435784K->322065K(2447872K)] 5930397K->3860273K(8040448K), 0.0485023 secs] [Times: user=0.35 sys=0.01, real=0.04 secs] 
2021-01-19T13:40:06.729-0800: 112.489: [GC (Allocation Failure) [PSYoungGen: 2421777K->321871K(2449408K)] 5959985K->3901821K(8041984K), 0.0497683 secs] [Times: user=0.35 sys=0.00, real=0.05 secs] 
2021-01-19T13:40:07.065-0800: 112.825: [GC (Allocation Failure) [PSYoungGen: 2423631K->315959K(2448384K)] 6003581K->3942734K(8040960K), 0.0492722 secs] [Times: user=0.36 sys=0.00, real=0.05 secs] 
2021-01-19T13:40:07.395-0800: 113.156: [GC (Allocation Failure) [PSYoungGen: 2417719K->309355K(2447872K)] 6044494K->3978411K(8040448K), 0.0472233 secs] [Times: user=0.33 sys=0.01, real=0.05 secs] 
2021-01-19T13:40:07.728-0800: 113.488: [GC (Allocation Failure) [PSYoungGen: 2411115K->347085K(2448896K)] 6080171K->4060970K(8041472K), 0.0521326 secs] [Times: user=0.37 sys=0.00, real=0.06 secs] 
2021-01-19T13:40:08.082-0800: 113.843: [GC (Allocation Failure) [PSYoungGen: 2448845K->320911K(2439680K)] 6162730K->4082522K(8032256K), 0.0504956 secs] [Times: user=0.36 sys=0.01, real=0.05 secs] 
2021-01-19T13:40:08.439-0800: 114.199: [GC (Allocation Failure) [PSYoungGen: 2413455K->302969K(2395648K)] 6175066K->4114733K(7988224K), 0.0480824 secs] [Times: user=0.34 sys=0.00, real=0.05 secs] 
2021-01-19T13:40:08.783-0800: 114.543: [GC (Allocation Failure) [PSYoungGen: 2395513K->330068K(2443776K)] 6207277K->4179936K(8036352K), 0.0503906 secs] [Times: user=0.35 sys=0.01, real=0.05 secs] 
2021-01-19T13:40:09.120-0800: 114.880: [GC (Allocation Failure) [PSYoungGen: 2421076K->325575K(2443264K)] 6270944K->4222436K(8035840K), 0.0494743 secs] [Times: user=0.34 sys=0.00, real=0.04 secs] 
2021-01-19T13:40:09.472-0800: 115.232: [GC (Allocation Failure) [PSYoungGen: 2416583K->303181K(2443776K)] 6313444K->4248360K(8036352K), 0.0494295 secs] [Times: user=0.35 sys=0.00, real=0.05 secs] 
2021-01-19T13:40:09.793-0800: 115.553: [GC (Allocation Failure) [PSYoungGen: 2396749K->316675K(2444800K)] 6341928K->4309486K(8037376K), 0.0502995 secs] [Times: user=0.35 sys=0.01, real=0.05 secs] 
2021-01-19T13:40:10.120-0800: 115.880: [GC (Allocation Failure) [PSYoungGen: 2410243K->336915K(2440704K)] 6403054K->4370521K(8033280K), 0.0514396 secs] [Times: user=0.37 sys=0.00, real=0.05 secs] 
2021-01-19T13:40:10.453-0800: 116.213: [GC (Allocation Failure) [PSYoungGen: 2428435K->320639K(2443776K)] 6462041K->4393734K(8036352K), 0.0488811 secs] [Times: user=0.35 sys=0.01, real=0.05 secs] 
2021-01-19T13:40:10.781-0800: 116.541: [GC (Allocation Failure) [PSYoungGen: 2412159K->311403K(2446848K)] 6485254K->4430511K(8039424K), 0.0489338 secs] [Times: user=0.35 sys=0.00, real=0.05 secs] 
2021-01-19T13:40:11.124-0800: 116.884: [GC (Allocation Failure) [PSYoungGen: 2408555K->305453K(2446336K)] 6527663K->4466665K(8038912K), 0.0482048 secs] [Times: user=0.36 sys=0.01, real=0.05 secs] 
2021-01-19T13:40:11.454-0800: 117.215: [GC (Allocation Failure) [PSYoungGen: 2402605K->317895K(2449408K)] 6563817K->4516041K(8041984K), 0.0492350 secs] [Times: user=0.35 sys=0.00, real=0.05 secs] 
2021-01-19T13:40:11.785-0800: 117.545: [GC (Allocation Failure) [PSYoungGen: 2418119K->332375K(2446848K)] 6616265K->4579347K(8039424K), 0.0523624 secs] [Times: user=0.38 sys=0.01, real=0.05 secs] 
2021-01-19T13:40:12.151-0800: 117.912: [GC (Allocation Failure) [PSYoungGen: 2432599K->346316K(2434048K)] 6679571K->4636852K(8026624K), 0.0554916 secs] [Times: user=0.40 sys=0.00, real=0.05 secs] 
2021-01-19T13:40:12.491-0800: 118.251: [GC (Allocation Failure) [PSYoungGen: 2431692K->324789K(2440704K)] 6722228K->4660911K(8033280K), 0.0506609 secs] [Times: user=0.37 sys=0.00, real=0.05 secs] 
2021-01-19T13:40:12.835-0800: 118.596: [GC (Allocation Failure) [PSYoungGen: 2410165K->331959K(2442752K)] 6746287K->4713239K(8035328K), 0.0523630 secs] [Times: user=0.38 sys=0.00, real=0.05 secs] 
2021-01-19T13:40:13.175-0800: 118.935: [GC (Allocation Failure) [PSYoungGen: 2422455K->325247K(2443264K)] 6803735K->4754562K(8035840K), 0.0522634 secs] [Times: user=0.37 sys=0.00, real=0.05 secs] 
2021-01-19T13:40:13.499-0800: 119.259: [GC (Allocation Failure) [PSYoungGen: 2415743K->313326K(2446336K)] 6845058K->4791710K(8038912K), 0.0503340 secs] [Times: user=0.36 sys=0.01, real=0.05 secs] 
2021-01-19T13:40:13.818-0800: 119.579: [GC (Allocation Failure) [PSYoungGen: 2409454K->325017K(2445824K)] 6887838K->4846312K(8038400K), 0.0503605 secs] [Times: user=0.35 sys=0.00, real=0.05 secs] 
2021-01-19T13:40:14.140-0800: 119.900: [GC (Allocation Failure) [PSYoungGen: 2421145K->320726K(2450432K)] 6942440K->4882783K(8043008K), 0.0506172 secs] [Times: user=0.36 sys=0.01, real=0.05 secs] 
2021-01-19T13:40:14.451-0800: 120.212: [GC (Allocation Failure) [PSYoungGen: 2423510K->327110K(2448384K)] 6985567K->4928488K(8040960K), 0.0518046 secs] [Times: user=0.36 sys=0.00, real=0.05 secs] 
2021-01-19T13:40:14.776-0800: 120.537: [GC (Allocation Failure) [PSYoungGen: 2429894K->327251K(2451968K)] 7031272K->4974449K(8044544K), 0.0538271 secs] [Times: user=0.37 sys=0.01, real=0.06 secs] 
2021-01-19T13:40:15.099-0800: 120.860: [GC (Allocation Failure) [PSYoungGen: 2434643K->327439K(2451456K)] 7081841K->5028665K(8044032K), 0.0538558 secs] [Times: user=0.36 sys=0.00, real=0.06 secs] 
2021-01-19T13:40:15.433-0800: 121.194: [GC (Allocation Failure) [PSYoungGen: 2434831K->336903K(2446848K)] 7136057K->5082134K(8039424K), 0.0533096 secs] [Times: user=0.39 sys=0.00, real=0.05 secs] 
2021-01-19T13:40:15.779-0800: 121.539: [GC (Allocation Failure) [PSYoungGen: 2440711K->321294K(2449920K)] 7185942K->5115496K(8042496K), 0.0536045 secs] [Times: user=0.37 sys=0.01, real=0.06 secs] 
2021-01-19T13:40:16.120-0800: 121.881: [GC (Allocation Failure) [PSYoungGen: 2425102K->318066K(2451968K)] 7219304K->5161989K(8044544K), 0.0529455 secs] [Times: user=0.37 sys=0.00, real=0.05 secs] 
2021-01-19T13:40:16.461-0800: 122.222: [GC (Allocation Failure) [PSYoungGen: 2425458K->323979K(2451456K)] 7269381K->5207331K(8044032K), 0.0514782 secs] [Times: user=0.37 sys=0.00, real=0.05 secs] 
2021-01-19T13:40:16.800-0800: 122.561: [GC (Allocation Failure) [PSYoungGen: 2431371K->341286K(2444800K)] 7314723K->5268531K(8037376K), 0.0559727 secs] [Times: user=0.35 sys=0.01, real=0.05 secs] 
2021-01-19T13:40:17.133-0800: 122.893: [GC (Allocation Failure) [PSYoungGen: 2444070K->329913K(2449408K)] 7371315K->5300267K(8041984K), 0.0535189 secs] [Times: user=0.38 sys=0.00, real=0.05 secs] 
2021-01-19T13:40:17.468-0800: 123.228: [GC (Allocation Failure) [PSYoungGen: 2432697K->329840K(2450432K)] 7403051K->5347193K(8043008K), 0.0565412 secs] [Times: user=0.39 sys=0.01, real=0.06 secs] 
2021-01-19T13:40:17.815-0800: 123.576: [GC (Allocation Failure) [PSYoungGen: 2434160K->340919K(2445312K)] 7451513K->5398224K(8037888K), 0.0540007 secs] [Times: user=0.38 sys=0.00, real=0.05 secs] 
2021-01-19T13:40:18.159-0800: 123.919: [GC (Allocation Failure) [PSYoungGen: 2445239K->322350K(2448384K)] 7502544K->5426581K(8040960K), 0.0540061 secs] [Times: user=0.38 sys=0.01, real=0.06 secs] 
2021-01-19T13:40:18.517-0800: 124.278: [GC (Allocation Failure) [PSYoungGen: 2422062K->317284K(2447360K)] 7526293K->5461873K(8039936K), 0.0522964 secs] [Times: user=0.36 sys=0.00, real=0.06 secs] 
2021-01-19T13:40:18.833-0800: 124.594: [GC (Allocation Failure) [PSYoungGen: 2416996K->317736K(2448896K)] 7561585K->5507547K(8041472K), 0.0531889 secs] [Times: user=0.37 sys=0.00, real=0.05 secs] 
2021-01-19T13:40:19.178-0800: 124.938: [GC (Allocation Failure) [PSYoungGen: 2418984K->329322K(2448384K)] 7608795K->5562778K(8040960K), 0.0570794 secs] [Times: user=0.38 sys=0.01, real=0.06 secs] 
2021-01-19T13:40:19.530-0800: 125.291: [GC (Allocation Failure) [PSYoungGen: 2430570K->326440K(2451456K)] 7664026K->5605993K(8044032K), 0.0541513 secs] [Times: user=0.39 sys=0.00, real=0.05 secs] 
2021-01-19T13:40:19.872-0800: 125.633: [GC (Allocation Failure) [PSYoungGen: 2431784K->330815K(2449920K)] 7711337K->5658082K(8042496K), 0.0559408 secs] [Times: user=0.39 sys=0.01, real=0.05 secs] 
2021-01-19T13:40:20.224-0800: 125.985: [GC (Allocation Failure) [PSYoungGen: 2436159K->330954K(2451968K)] 7763426K->5699065K(8044544K), 0.0537864 secs] [Times: user=0.40 sys=0.01, real=0.05 secs] 
2021-01-19T13:40:20.563-0800: 126.323: [GC (Allocation Failure) [PSYoungGen: 2438858K->325534K(2451968K)] 7806969K->5734225K(8044544K), 0.0533667 secs] [Times: user=0.39 sys=0.00, real=0.05 secs] 
2021-01-19T13:40:20.896-0800: 126.657: [GC (Allocation Failure) [PSYoungGen: 2433438K->334581K(2450432K)] 7842129K->5784172K(8043008K), 0.0555165 secs] [Times: user=0.38 sys=0.01, real=0.06 secs] 
2021-01-19T13:40:21.237-0800: 126.997: [GC (Allocation Failure) [PSYoungGen: 2442485K->328385K(2451968K)] 7892076K->5823280K(8044544K), 0.0545579 secs] [Times: user=0.35 sys=0.00, real=0.06 secs] 
2021-01-19T13:40:21.591-0800: 127.352: [GC (Allocation Failure) [PSYoungGen: 2436289K->312839K(2451456K)] 7931184K->5848985K(8044032K), 0.0521277 secs] [Times: user=0.31 sys=0.00, real=0.05 secs] 
2021-01-19T13:40:21.927-0800: 127.688: [GC (Allocation Failure) [PSYoungGen: 2421767K->316659K(2452480K)] 7957913K->5892812K(8045056K), 0.0515251 secs] [Times: user=0.29 sys=0.04, real=0.05 secs] 
2021-01-19T13:40:21.979-0800: 127.740: [Full GC (Ergonomics) [PSYoungGen: 316659K->0K(2452480K)] [ParOldGen: 5576153K->362622K(5592576K)] 5892812K->362622K(8045056K), [Metaspace: 2589K->2589K(1056768K)], 0.3312779 secs] [Times: user=0.18 sys=1.00, real=0.34 secs] 
2021-01-19T13:40:22.572-0800: 128.333: [GC (Allocation Failure) [PSYoungGen: 2108928K->325785K(2454016K)] 2471550K->688408K(8046592K), 0.0369867 secs] [Times: user=0.21 sys=0.00, real=0.03 secs] 
2021-01-19T13:40:22.897-0800: 128.658: [GC (Allocation Failure) [PSYoungGen: 2436249K->325875K(2452480K)] 2798872K->733842K(8045056K), 0.2042261 secs] [Times: user=0.12 sys=0.23, real=0.21 secs] 
2021-01-19T13:40:23.416-0800: 129.177: [GC (Allocation Failure) [PSYoungGen: 2436339K->315246K(2454528K)] 2844306K->767761K(8047104K), 0.0647075 secs] [Times: user=0.19 sys=0.06, real=0.07 secs] 
2021-01-19T13:40:23.765-0800: 129.525: [GC (Allocation Failure) [PSYoungGen: 2429294K->332191K(2446336K)] 2881809K->824798K(8038912K), 0.0419070 secs] [Times: user=0.28 sys=0.00, real=0.04 secs] 
2021-01-19T13:40:24.100-0800: 129.861: [GC (Allocation Failure) [PSYoungGen: 2446239K->307430K(2450944K)] 2938846K->843077K(8043520K), 0.0416782 secs] [Times: user=0.30 sys=0.00, real=0.04 secs] 
2021-01-19T13:40:24.452-0800: 130.212: [GC (Allocation Failure) [PSYoungGen: 2416358K->315835K(2452480K)] 2952005K->888131K(8045056K), 0.0390747 secs] [Times: user=0.26 sys=0.00, real=0.04 secs] 
2021-01-19T13:40:24.781-0800: 130.541: [GC (Allocation Failure) [PSYoungGen: 2424763K->322914K(2455040K)] 2997059K->938907K(8047616K), 0.0430693 secs] [Times: user=0.29 sys=0.01, real=0.04 secs] 
2021-01-19T13:40:25.149-0800: 130.909: [GC (Allocation Failure) [PSYoungGen: 2435426K->323288K(2453504K)] 3051419K->982340K(8046080K), 0.0413562 secs] [Times: user=0.29 sys=0.00, real=0.05 secs] 
2021-01-19T13:40:25.500-0800: 131.260: [GC (Allocation Failure) [PSYoungGen: 2435800K->322836K(2458112K)] 3094852K->1024467K(8050688K), 0.0417695 secs] [Times: user=0.30 sys=0.01, real=0.04 secs] 
2021-01-19T13:40:25.817-0800: 131.577: [GC (Allocation Failure) [PSYoungGen: 2441492K->319901K(2456576K)] 3143123K->1062001K(8049152K), 0.0414914 secs] [Times: user=0.29 sys=0.00, real=0.04 secs] 
2021-01-19T13:40:26.146-0800: 131.906: [GC (Allocation Failure) [PSYoungGen: 2438557K->322919K(2460672K)] 3180657K->1101451K(8053248K), 0.0420364 secs] [Times: user=0.30 sys=0.01, real=0.04 secs] 
2021-01-19T13:40:26.477-0800: 132.238: [GC (Allocation Failure) [PSYoungGen: 2446695K->330256K(2459136K)] 3225227K->1149882K(8051712K), 0.0424186 secs] [Times: user=0.29 sys=0.00, real=0.05 secs] 
2021-01-19T13:40:26.798-0800: 132.558: [GC (Allocation Failure) [PSYoungGen: 2454032K->336888K(2419200K)] 3273658K->1200534K(8011776K), 0.0443170 secs] [Times: user=0.31 sys=0.01, real=0.05 secs] 
2021-01-19T13:40:27.145-0800: 132.906: [GC (Allocation Failure) [PSYoungGen: 2419192K->321106K(2439168K)] 3282838K->1231544K(8031744K), 0.0395959 secs] [Times: user=0.28 sys=0.00, real=0.04 secs] 
2021-01-19T13:40:27.458-0800: 133.218: [GC (Allocation Failure) [PSYoungGen: 2403410K->312500K(2440192K)] 3313848K->1267285K(8032768K), 0.0418637 secs] [Times: user=0.29 sys=0.01, real=0.05 secs] 
2021-01-19T13:40:27.778-0800: 133.539: [GC (Allocation Failure) [PSYoungGen: 2396852K->322065K(2440192K)] 3351637K->1321436K(8032768K), 0.0428630 secs] [Times: user=0.31 sys=0.00, real=0.05 secs] 
2021-01-19T13:40:28.097-0800: 133.857: [GC (Allocation Failure) [PSYoungGen: 2406417K->321543K(2444288K)] 3405788K->1369245K(8036864K), 0.0431206 secs] [Times: user=0.30 sys=0.01, real=0.05 secs] 
2021-01-19T13:40:28.429-0800: 134.190: [GC (Allocation Failure) [PSYoungGen: 2412551K->336420K(2442752K)] 3460253K->1425697K(8035328K), 0.0440835 secs] [Times: user=0.32 sys=0.00, real=0.05 secs] 
2021-01-19T13:40:28.759-0800: 134.520: [GC (Allocation Failure) [PSYoungGen: 2427428K->319208K(2444288K)] 3516705K->1448805K(8036864K), 0.0424390 secs] [Times: user=0.28 sys=0.01, real=0.05 secs] 
2021-01-19T13:40:29.104-0800: 134.865: [GC (Allocation Failure) [PSYoungGen: 2410728K->316561K(2443264K)] 3540325K->1488300K(8035840K), 0.0418478 secs] [Times: user=0.30 sys=0.00, real=0.04 secs] 
2021-01-19T13:40:29.446-0800: 135.207: [GC (Allocation Failure) [PSYoungGen: 2408081K->305978K(2444288K)] 3579820K->1523708K(8036864K), 0.0412210 secs] [Times: user=0.29 sys=0.01, real=0.04 secs] 
2021-01-19T13:40:29.780-0800: 135.540: [GC (Allocation Failure) [PSYoungGen: 2399546K->320799K(2444800K)] 3617276K->1578277K(8037376K), 0.0430044 secs] [Times: user=0.32 sys=0.00, real=0.04 secs] 
2021-01-19T13:40:30.123-0800: 135.883: [GC (Allocation Failure) [PSYoungGen: 2414367K->333225K(2444800K)] 3671845K->1630787K(8037376K), 0.0455247 secs] [Times: user=0.27 sys=0.01, real=0.04 secs] 
2021-01-19T13:40:30.462-0800: 136.222: [GC (Allocation Failure) [PSYoungGen: 2428841K->329459K(2445824K)] 3726403K->1676734K(8038400K), 0.0459062 secs] [Times: user=0.33 sys=0.00, real=0.04 secs] 
2021-01-19T13:40:30.784-0800: 136.545: [GC (Allocation Failure) [PSYoungGen: 2425075K->314884K(2447360K)] 3772350K->1704318K(8039936K), 0.0422848 secs] [Times: user=0.28 sys=0.01, real=0.04 secs] 
2021-01-19T13:40:31.118-0800: 136.878: [GC (Allocation Failure) [PSYoungGen: 2412548K->333104K(2446336K)] 3801982K->1770403K(8038912K), 0.0460166 secs] [Times: user=0.32 sys=0.00, real=0.05 secs] 
2021-01-19T13:40:31.452-0800: 137.212: [GC (Allocation Failure) [PSYoungGen: 2430768K->333481K(2444288K)] 3868067K->1818474K(8036864K), 0.0452866 secs] [Times: user=0.33 sys=0.01, real=0.04 secs] 
2021-01-19T13:40:31.785-0800: 137.545: [GC (Allocation Failure) [PSYoungGen: 2428073K->331846K(2445312K)] 3913066K->1859302K(8037888K), 0.0455103 secs] [Times: user=0.32 sys=0.00, real=0.05 secs] 
2021-01-19T13:40:32.145-0800: 137.906: [GC (Allocation Failure) [PSYoungGen: 2426438K->329370K(2446848K)] 3953894K->1904339K(8039424K), 0.0456040 secs] [Times: user=0.32 sys=0.01, real=0.05 secs] 
2021-01-19T13:40:32.472-0800: 138.232: [GC (Allocation Failure) [PSYoungGen: 2425498K->319358K(2445312K)] 4000467K->1940409K(8037888K), 0.0442343 secs] [Times: user=0.32 sys=0.00, real=0.04 secs] 
2021-01-19T13:40:32.823-0800: 138.584: [GC (Allocation Failure) [PSYoungGen: 2415486K->329142K(2448896K)] 4036537K->1994703K(8041472K), 0.0450814 secs] [Times: user=0.31 sys=0.01, real=0.04 secs] 
2021-01-19T13:40:33.161-0800: 138.922: [GC (Allocation Failure) [PSYoungGen: 2429878K->317027K(2447872K)] 4095439K->2035247K(8040448K), 0.0446466 secs] [Times: user=0.33 sys=0.00, real=0.04 secs] 
2021-01-19T13:40:33.483-0800: 139.244: [GC (Allocation Failure) [PSYoungGen: 2417763K->321941K(2450944K)] 4135983K->2086102K(8043520K), 0.0449976 secs] [Times: user=0.31 sys=0.01, real=0.04 secs] 
2021-01-19T13:40:33.793-0800: 139.553: [GC (Allocation Failure) [PSYoungGen: 2426261K->314265K(2449408K)] 4190422K->2123280K(8041984K), 0.0437199 secs] [Times: user=0.31 sys=0.00, real=0.04 secs] 
2021-01-19T13:40:34.133-0800: 139.894: [GC (Allocation Failure) [PSYoungGen: 2418585K->342870K(2441728K)] 4227600K->2196413K(8034304K), 0.0474105 secs] [Times: user=0.34 sys=0.01, real=0.05 secs] 
2021-01-19T13:40:34.485-0800: 140.245: [GC (Allocation Failure) [PSYoungGen: 2439510K->328039K(2446336K)] 4293053K->2227610K(8038912K), 0.0460217 secs] [Times: user=0.33 sys=0.00, real=0.05 secs] 
2021-01-19T13:40:34.817-0800: 140.578: [GC (Allocation Failure) [PSYoungGen: 2424679K->324636K(2449408K)] 4324250K->2267991K(8041984K), 0.0457417 secs] [Times: user=0.33 sys=0.01, real=0.05 secs] 
2021-01-19T13:40:35.172-0800: 140.933: [GC (Allocation Failure) [PSYoungGen: 2425884K->318754K(2447872K)] 4369239K->2306725K(8040448K), 0.0448896 secs] [Times: user=0.31 sys=0.00, real=0.04 secs] 
2021-01-19T13:40:35.507-0800: 141.268: [GC (Allocation Failure) [PSYoungGen: 2420002K->337176K(2445312K)] 4407973K->2371837K(8037888K), 0.0483519 secs] [Times: user=0.34 sys=0.00, real=0.05 secs] 
2021-01-19T13:40:35.829-0800: 141.590: [GC (Allocation Failure) [PSYoungGen: 2436888K->332177K(2447872K)] 4471549K->2417701K(8040448K), 0.0488183 secs] [Times: user=0.31 sys=0.00, real=0.05 secs] 
2021-01-19T13:40:36.171-0800: 141.932: [GC (Allocation Failure) [PSYoungGen: 2431889K->319800K(2448896K)] 4517413K->2450868K(8041472K), 0.0457356 secs] [Times: user=0.33 sys=0.00, real=0.04 secs] 
2021-01-19T13:40:36.491-0800: 142.251: [GC (Allocation Failure) [PSYoungGen: 2420536K->327191K(2447872K)] 4551604K->2499521K(8040448K), 0.0450156 secs] [Times: user=0.29 sys=0.00, real=0.04 secs] 
2021-01-19T13:40:36.781-0800: 142.542: [GC (Allocation Failure) [PSYoungGen: 2427927K->324226K(2451968K)] 4600257K->2540851K(8044544K), 0.0457865 secs] [Times: user=0.29 sys=0.00, real=0.04 secs] 
2021-01-19T13:40:37.083-0800: 142.844: [GC (Allocation Failure) [PSYoungGen: 2430594K->332339K(2450432K)] 4647219K->2590497K(8043008K), 0.0449087 secs] [Times: user=0.27 sys=0.00, real=0.04 secs] 
2021-01-19T13:40:37.384-0800: 143.145: [GC (Allocation Failure) [PSYoungGen: 2438707K->317310K(2451968K)] 4696865K->2624411K(8044544K), 0.0439675 secs] [Times: user=0.29 sys=0.00, real=0.04 secs] 
2021-01-19T13:40:37.672-0800: 143.433: [GC (Allocation Failure) [PSYoungGen: 2424702K->336259K(2443776K)] 4731803K->2679745K(8036352K), 0.0480068 secs] [Times: user=0.28 sys=0.00, real=0.05 secs] 
2021-01-19T13:40:37.986-0800: 143.747: [GC (Allocation Failure) [PSYoungGen: 2443651K->329540K(2450432K)] 4787137K->2720496K(8043008K), 0.0438378 secs] [Times: user=0.27 sys=0.00, real=0.05 secs] 
2021-01-19T13:40:38.322-0800: 144.083: [GC (Allocation Failure) [PSYoungGen: 2433348K->318442K(2449408K)] 4824304K->2758069K(8041984K), 0.0555176 secs] [Times: user=0.30 sys=0.05, real=0.05 secs] 
2021-01-19T13:40:38.661-0800: 144.421: [GC (Allocation Failure) [PSYoungGen: 2422250K->326151K(2452992K)] 4861877K->2807187K(8045568K), 0.0464716 secs] [Times: user=0.30 sys=0.00, real=0.04 secs] 
2021-01-19T13:40:38.978-0800: 144.739: [GC (Allocation Failure) [PSYoungGen: 2434055K->324237K(2450944K)] 4915091K->2848429K(8043520K), 0.0484846 secs] [Times: user=0.31 sys=0.00, real=0.05 secs] 
2021-01-19T13:40:39.318-0800: 145.079: [GC (Allocation Failure) [PSYoungGen: 2432141K->320378K(2454528K)] 4956333K->2889652K(8047104K), 0.0454107 secs] [Times: user=0.32 sys=0.01, real=0.05 secs] 
2021-01-19T13:40:39.648-0800: 145.409: [GC (Allocation Failure) [PSYoungGen: 2432890K->332328K(2445312K)] 5002164K->2948148K(8037888K), 0.0487898 secs] [Times: user=0.33 sys=0.00, real=0.05 secs] 
2021-01-19T13:40:39.985-0800: 145.746: [GC (Allocation Failure) [PSYoungGen: 2444840K->327612K(2455040K)] 5060660K->2996047K(8047616K), 0.0501666 secs] [Times: user=0.32 sys=0.01, real=0.05 secs] 
2021-01-19T13:40:40.323-0800: 146.084: [GC (Allocation Failure) [PSYoungGen: 2440124K->328329K(2453504K)] 5108559K->3037304K(8046080K), 0.0479836 secs] [Times: user=0.30 sys=0.00, real=0.05 secs] 
2021-01-19T13:40:40.646-0800: 146.407: [GC (Allocation Failure) [PSYoungGen: 2440841K->323277K(2456576K)] 5149816K->3074250K(8049152K), 0.0485063 secs] [Times: user=0.27 sys=0.01, real=0.05 secs] 
2021-01-19T13:40:40.996-0800: 146.756: [GC (Allocation Failure) [PSYoungGen: 2439373K->316021K(2455552K)] 5190346K->3106010K(8048128K), 0.0471291 secs] [Times: user=0.28 sys=0.01, real=0.05 secs] 
2021-01-19T13:40:41.335-0800: 147.096: [GC (Allocation Failure) [PSYoungGen: 2432117K->330166K(2455040K)] 5222106K->3164853K(8047616K), 0.0490415 secs] [Times: user=0.31 sys=0.00, real=0.05 secs] 
2021-01-19T13:40:41.659-0800: 147.420: [GC (Allocation Failure) [PSYoungGen: 2445238K->320710K(2455552K)] 5279925K->3196035K(8048128K), 0.0476667 secs] [Times: user=0.34 sys=0.01, real=0.05 secs] 
2021-01-19T13:40:42.006-0800: 147.767: [GC (Allocation Failure) [PSYoungGen: 2435782K->325545K(2457600K)] 5311107K->3244045K(8050176K), 0.0494639 secs] [Times: user=0.29 sys=0.00, real=0.05 secs] 
2021-01-19T13:40:42.336-0800: 148.097: [GC (Allocation Failure) [PSYoungGen: 2443177K->325498K(2456064K)] 5361677K->3287772K(8048640K), 0.0475564 secs] [Times: user=0.29 sys=0.00, real=0.05 secs] 
2021-01-19T13:40:42.689-0800: 148.450: [GC (Allocation Failure) [PSYoungGen: 2443130K->317441K(2458624K)] 5405404K->3324277K(8051200K), 0.0454975 secs] [Times: user=0.29 sys=0.00, real=0.05 secs] 
2021-01-19T13:40:43.013-0800: 148.774: [GC (Allocation Failure) [PSYoungGen: 2438657K->331980K(2453504K)] 5445493K->3380044K(8046080K), 0.0470893 secs] [Times: user=0.27 sys=0.00, real=0.05 secs] 
2021-01-19T13:40:43.348-0800: 149.109: [GC (Allocation Failure) [PSYoungGen: 2453196K->325538K(2458112K)] 5501260K->3416231K(8050688K), 0.0468392 secs] [Times: user=0.28 sys=0.00, real=0.05 secs] 
2021-01-19T13:40:43.664-0800: 149.425: [GC (Allocation Failure) [PSYoungGen: 2444706K->319617K(2457088K)] 5535399K->3457788K(8049664K), 0.0513090 secs] [Times: user=0.27 sys=0.00, real=0.05 secs] 
2021-01-19T13:40:43.978-0800: 149.739: [GC (Allocation Failure) [PSYoungGen: 2438785K->322533K(2459648K)] 5576956K->3502867K(8052224K), 0.0510999 secs] [Times: user=0.28 sys=0.00, real=0.05 secs] 
2021-01-19T13:40:44.326-0800: 150.087: [GC (Allocation Failure) [PSYoungGen: 2444773K->335082K(2457600K)] 5625107K->3554217K(8050176K), 0.0486126 secs] [Times: user=0.31 sys=0.00, real=0.05 secs] 
2021-01-19T13:40:44.634-0800: 150.395: [GC (Allocation Failure) [PSYoungGen: 2457322K->329227K(2455552K)] 5676457K->3588845K(8048128K), 0.0478022 secs] [Times: user=0.25 sys=0.00, real=0.05 secs] 
2021-01-19T13:40:44.939-0800: 150.700: [GC (Allocation Failure) [PSYoungGen: 2446347K->332362K(2449920K)] 5705965K->3634261K(8042496K), 0.0501517 secs] [Times: user=0.30 sys=0.00, real=0.05 secs] 
2021-01-19T13:40:45.248-0800: 151.009: [GC (Allocation Failure) [PSYoungGen: 2449482K->324713K(2456576K)] 5751381K->3670394K(8049152K), 0.0482744 secs] [Times: user=0.34 sys=0.00, real=0.05 secs] 
2021-01-19T13:40:45.562-0800: 151.323: [GC (Allocation Failure) [PSYoungGen: 2440809K->330427K(2455552K)] 5786490K->3716522K(8048128K), 0.0491468 secs] [Times: user=0.34 sys=0.00, real=0.05 secs] 
2021-01-19T13:40:45.898-0800: 151.659: [GC (Allocation Failure) [PSYoungGen: 2446523K->328487K(2457088K)] 5832618K->3758012K(8049664K), 0.0501595 secs] [Times: user=0.33 sys=0.01, real=0.05 secs] 
2021-01-19T13:40:46.219-0800: 151.980: [GC (Allocation Failure) [PSYoungGen: 2446119K->319014K(2456576K)] 5875644K->3796088K(8049152K), 0.0492660 secs] [Times: user=0.31 sys=0.00, real=0.05 secs] 
2021-01-19T13:40:46.558-0800: 152.319: [GC (Allocation Failure) [PSYoungGen: 2436646K->326405K(2458112K)] 5913720K->3845600K(8050688K), 0.0484680 secs] [Times: user=0.34 sys=0.01, real=0.05 secs] 
2021-01-19T13:40:46.870-0800: 152.631: [GC (Allocation Failure) [PSYoungGen: 2445573K->325023K(2457088K)] 5964768K->3886553K(8049664K), 0.0495009 secs] [Times: user=0.33 sys=0.00, real=0.04 secs] 
2021-01-19T13:40:47.203-0800: 152.964: [GC (Allocation Failure) [PSYoungGen: 2444191K->309845K(2455040K)] 6005721K->3918316K(8047616K), 0.0604068 secs] [Times: user=0.22 sys=0.13, real=0.06 secs] 
2021-01-19T13:40:47.542-0800: 153.303: [GC (Allocation Failure) [PSYoungGen: 2427989K->332255K(2450432K)] 6036460K->3978555K(8043008K), 0.0622949 secs] [Times: user=0.22 sys=0.11, real=0.06 secs] 
2021-01-19T13:40:47.882-0800: 153.643: [GC (Allocation Failure) [PSYoungGen: 2450399K->325502K(2457088K)] 6096699K->4022429K(8049664K), 0.0792845 secs] [Times: user=0.21 sys=0.16, real=0.08 secs] 
2021-01-19T13:40:48.228-0800: 153.989: [GC (Allocation Failure) [PSYoungGen: 2442622K->314231K(2456064K)] 6139549K->4047524K(8048640K), 0.0612064 secs] [Times: user=0.22 sys=0.12, real=0.07 secs] 
2021-01-19T13:40:48.552-0800: 154.313: [GC (Allocation Failure) [PSYoungGen: 2431351K->326041K(2457600K)] 6164644K->4097941K(8050176K), 0.0654549 secs] [Times: user=0.23 sys=0.12, real=0.06 secs] 
2021-01-19T13:40:48.914-0800: 154.675: [GC (Allocation Failure) [PSYoungGen: 2444185K->326120K(2456576K)] 6216085K->4139401K(8049152K), 0.0647486 secs] [Times: user=0.22 sys=0.12, real=0.06 secs] 
2021-01-19T13:40:49.268-0800: 155.028: [GC (Allocation Failure) [PSYoungGen: 2444264K->337907K(2450944K)] 6257545K->4192698K(8043520K), 0.0751125 secs] [Times: user=0.20 sys=0.09, real=0.08 secs] 
2021-01-19T13:40:49.609-0800: 155.370: [GC (Allocation Failure) [PSYoungGen: 2450931K->335610K(2448896K)] 6305722K->4236471K(8041472K), 0.0697046 secs] [Times: user=0.24 sys=0.10, real=0.07 secs] 
2021-01-19T13:40:50.005-0800: 155.766: [GC (Allocation Failure) [PSYoungGen: 2448634K->338255K(2447360K)] 6349495K->4285205K(8039936K), 0.0655541 secs] [Times: user=0.22 sys=0.07, real=0.07 secs] 
2021-01-19T13:40:50.326-0800: 156.087: [GC (Allocation Failure) [PSYoungGen: 2442063K->319445K(2449920K)] 6389013K->4313590K(8042496K), 0.0495947 secs] [Times: user=0.26 sys=0.07, real=0.05 secs] 
2021-01-19T13:40:50.664-0800: 156.425: [GC (Allocation Failure) [PSYoungGen: 2423253K->325518K(2451968K)] 6417398K->4363843K(8044544K), 0.0508000 secs] [Times: user=0.35 sys=0.01, real=0.05 secs] 
2021-01-19T13:40:50.990-0800: 156.751: [GC (Allocation Failure) [PSYoungGen: 2431886K->320821K(2450432K)] 6470211K->4396628K(8043008K), 0.0517706 secs] [Times: user=0.34 sys=0.00, real=0.05 secs] 
2021-01-19T13:40:51.336-0800: 157.097: [GC (Allocation Failure) [PSYoungGen: 2427189K->319911K(2452992K)] 6502996K->4439730K(8045568K), 0.0526974 secs] [Times: user=0.34 sys=0.01, real=0.05 secs] 
2021-01-19T13:40:51.670-0800: 157.431: [GC (Allocation Failure) [PSYoungGen: 2429351K->319594K(2452480K)] 6549170K->4482554K(8045056K), 0.0516745 secs] [Times: user=0.33 sys=0.00, real=0.05 secs] 
2021-01-19T13:40:51.993-0800: 157.754: [GC (Allocation Failure) [PSYoungGen: 2429034K->326528K(2455040K)] 6591994K->4532457K(8047616K), 0.0556350 secs] [Times: user=0.32 sys=0.01, real=0.05 secs] 
2021-01-19T13:40:52.322-0800: 158.083: [GC (Allocation Failure) [PSYoungGen: 2439040K->335446K(2448384K)] 6644969K->4585725K(8040960K), 0.0526124 secs] [Times: user=0.36 sys=0.00, real=0.05 secs] 
2021-01-19T13:40:52.643-0800: 158.404: [GC (Allocation Failure) [PSYoungGen: 2447958K->330349K(2452992K)] 6698237K->4626026K(8045568K), 0.0522690 secs] [Times: user=0.35 sys=0.01, real=0.05 secs] 
2021-01-19T13:40:52.981-0800: 158.742: [GC (Allocation Failure) [PSYoungGen: 2439789K->315001K(2452480K)] 6735466K->4658206K(8045056K), 0.0501142 secs] [Times: user=0.33 sys=0.00, real=0.05 secs] 
2021-01-19T13:40:53.309-0800: 159.070: [GC (Allocation Failure) [PSYoungGen: 2424441K->338005K(2446336K)] 6767646K->4723327K(8038912K), 0.0548857 secs] [Times: user=0.39 sys=0.01, real=0.06 secs] 
2021-01-19T13:40:53.641-0800: 159.402: [GC (Allocation Failure) [PSYoungGen: 2440789K->332362K(2449408K)] 6826111K->4761995K(8041984K), 0.0541627 secs] [Times: user=0.35 sys=0.00, real=0.05 secs] 
2021-01-19T13:40:54.002-0800: 159.763: [GC (Allocation Failure) [PSYoungGen: 2435146K->330742K(2449920K)] 6864779K->4806464K(8042496K), 0.0476324 secs] [Times: user=0.31 sys=0.01, real=0.05 secs] 
2021-01-19T13:40:54.333-0800: 160.094: [GC (Allocation Failure) [PSYoungGen: 2434038K->320780K(2449408K)] 6909760K->4837724K(8041984K), 0.0504758 secs] [Times: user=0.36 sys=0.00, real=0.05 secs] 
2021-01-19T13:40:54.684-0800: 160.445: [GC (Allocation Failure) [PSYoungGen: 2424076K->335591K(2447872K)] 6941020K->4899828K(8040448K), 0.0540645 secs] [Times: user=0.37 sys=0.01, real=0.05 secs] 
2021-01-19T13:40:55.047-0800: 160.808: [GC (Allocation Failure) [PSYoungGen: 2438375K->324146K(2449408K)] 7002612K->4936867K(8041984K), 0.0531583 secs] [Times: user=0.38 sys=0.00, real=0.06 secs] 
2021-01-19T13:40:55.391-0800: 161.152: [GC (Allocation Failure) [PSYoungGen: 2426930K->327488K(2452480K)] 7039651K->4972784K(8045056K), 0.0616417 secs] [Times: user=0.29 sys=0.01, real=0.06 secs] 
2021-01-19T13:40:55.733-0800: 161.494: [GC (Allocation Failure) [PSYoungGen: 2434368K->336444K(2450432K)] 7079664K->5019492K(8043008K), 0.0595823 secs] [Times: user=0.30 sys=0.01, real=0.06 secs] 
2021-01-19T13:40:56.099-0800: 161.860: [GC (Allocation Failure) [PSYoungGen: 2443324K->318631K(2450432K)] 7126372K->5048999K(8043008K), 0.0533506 secs] [Times: user=0.39 sys=0.01, real=0.06 secs] 
2021-01-19T13:40:56.458-0800: 162.219: [GC (Allocation Failure) [PSYoungGen: 2423463K->329538K(2450432K)] 7153831K->5098955K(8043008K), 0.0740906 secs] [Times: user=0.25 sys=0.10, real=0.08 secs] 
2021-01-19T13:40:56.807-0800: 162.568: [GC (Allocation Failure) [PSYoungGen: 2434370K->331064K(2451968K)] 7203787K->5143059K(8044544K), 0.0731595 secs] [Times: user=0.26 sys=0.10, real=0.08 secs] 
2021-01-19T13:40:57.158-0800: 162.919: [GC (Allocation Failure) [PSYoungGen: 2438456K->318464K(2451456K)] 7250451K->5176335K(8044032K), 0.0606421 secs] [Times: user=0.24 sys=0.13, real=0.06 secs] 
2021-01-19T13:40:57.497-0800: 163.258: [GC (Allocation Failure) [PSYoungGen: 2425856K->312273K(2449920K)] 7283727K->5213747K(8042496K), 0.0511080 secs] [Times: user=0.37 sys=0.00, real=0.05 secs] 
2021-01-19T13:40:57.842-0800: 163.603: [GC (Allocation Failure) [PSYoungGen: 2418129K->330661K(2450944K)] 7319603K->5273016K(8043520K), 0.0530839 secs] [Times: user=0.37 sys=0.01, real=0.05 secs] 
2021-01-19T13:40:58.177-0800: 163.938: [GC (Allocation Failure) [PSYoungGen: 2436517K->316509K(2451456K)] 7378872K->5300964K(8044032K), 0.0518240 secs] [Times: user=0.37 sys=0.01, real=0.05 secs] 
2021-01-19T13:40:58.519-0800: 164.280: [GC (Allocation Failure) [PSYoungGen: 2422877K->314025K(2450944K)] 7407332K->5337070K(8043520K), 0.0509992 secs] [Times: user=0.37 sys=0.00, real=0.06 secs] 
2021-01-19T13:40:58.859-0800: 164.620: [GC (Allocation Failure) [PSYoungGen: 2420393K->332763K(2449408K)] 7443438K->5394169K(8041984K), 0.0528614 secs] [Times: user=0.37 sys=0.01, real=0.06 secs] 
2021-01-19T13:40:59.185-0800: 164.946: [GC (Allocation Failure) [PSYoungGen: 2437595K->331759K(2436608K)] 7499001K->5433722K(8029184K), 0.0535639 secs] [Times: user=0.37 sys=0.01, real=0.05 secs] 
2021-01-19T13:40:59.519-0800: 165.280: [GC (Allocation Failure) [PSYoungGen: 2436591K->325784K(2451456K)] 7538554K->5470577K(8044032K), 0.0533277 secs] [Times: user=0.39 sys=0.00, real=0.06 secs] 
2021-01-19T13:40:59.864-0800: 165.625: [GC (Allocation Failure) [PSYoungGen: 2431128K->342839K(2448384K)] 7575921K->5529123K(8040960K), 0.0560691 secs] [Times: user=0.39 sys=0.01, real=0.06 secs] 
2021-01-19T13:41:00.204-0800: 165.965: [GC (Allocation Failure) [PSYoungGen: 2448183K->328786K(2448896K)] 7634467K->5561669K(8041472K), 0.0549150 secs] [Times: user=0.40 sys=0.01, real=0.05 secs] 
2021-01-19T13:41:00.537-0800: 166.298: [GC (Allocation Failure) [PSYoungGen: 2430034K->318271K(2448384K)] 7662917K->5593700K(8040960K), 0.0515954 secs] [Times: user=0.37 sys=0.00, real=0.05 secs] 
2021-01-19T13:41:00.877-0800: 166.638: [GC (Allocation Failure) [PSYoungGen: 2419519K->328325K(2450432K)] 7694948K->5647662K(8043008K), 0.0546091 secs] [Times: user=0.38 sys=0.01, real=0.06 secs] 
2021-01-19T13:41:01.207-0800: 166.968: [GC (Allocation Failure) [PSYoungGen: 2431621K->334840K(2448896K)] 7750958K->5698534K(8041472K), 0.0549249 secs] [Times: user=0.40 sys=0.01, real=0.06 secs] 
2021-01-19T13:41:01.541-0800: 167.302: [GC (Allocation Failure) [PSYoungGen: 2438136K->338361K(2445312K)] 7801830K->5743936K(8037888K), 0.0544696 secs] [Times: user=0.40 sys=0.00, real=0.05 secs] 
2021-01-19T13:41:01.865-0800: 167.626: [GC (Allocation Failure) [PSYoungGen: 2437049K->305849K(2404864K)] 7842624K->5759050K(7997440K), 0.0528611 secs] [Times: user=0.37 sys=0.01, real=0.05 secs] 
2021-01-19T13:41:02.193-0800: 167.954: [GC (Allocation Failure) [PSYoungGen: 2404537K->320722K(2446848K)] 7857738K->5813324K(8039424K), 0.0547892 secs] [Times: user=0.38 sys=0.02, real=0.05 secs] 
2021-01-19T13:41:02.561-0800: 168.322: [GC (Allocation Failure) [PSYoungGen: 2416850K->315872K(2445312K)] 7909452K->5853015K(8037888K), 0.1384101 secs] [Times: user=0.24 sys=0.19, real=0.14 secs] 
2021-01-19T13:41:02.981-0800: 168.742: [GC (Allocation Failure) [PSYoungGen: 2412000K->331429K(2447360K)] 7949143K->5915927K(8039936K), 0.0657985 secs] [Times: user=0.37 sys=0.05, real=0.06 secs] 
2021-01-19T13:41:03.047-0800: 168.808: [Full GC (Ergonomics) [PSYoungGen: 331429K->0K(2447360K)] [ParOldGen: 5584498K->385003K(5592576K)] 5915927K->385003K(8039936K), [Metaspace: 2589K->2589K(1056768K)], 0.2120223 secs] [Times: user=0.37 sys=0.08, real=0.21 secs] 
2021-01-19T13:41:03.507-0800: 169.268: [GC (Allocation Failure) [PSYoungGen: 2098688K->329228K(2447360K)] 2483691K->714232K(8039936K), 0.0366610 secs] [Times: user=0.27 sys=0.00, real=0.04 secs] 
2021-01-19T13:41:03.827-0800: 169.588: [GC (Allocation Failure) [PSYoungGen: 2427916K->319066K(2449408K)] 2812920K->756762K(8041984K), 0.0432842 secs] [Times: user=0.30 sys=0.00, real=0.05 secs] 
2021-01-19T13:41:04.153-0800: 169.914: [GC (Allocation Failure) [PSYoungGen: 2420826K->320404K(2448384K)] 2858522K->803139K(8040960K), 0.0409086 secs] [Times: user=0.28 sys=0.00, real=0.04 secs] 
2021-01-19T13:41:04.466-0800: 170.227: [GC (Allocation Failure) [PSYoungGen: 2422164K->319188K(2451456K)] 2904899K->851143K(8044032K), 0.0394386 secs] [Times: user=0.29 sys=0.00, real=0.04 secs] 
2021-01-19T13:41:04.776-0800: 170.537: [GC (Allocation Failure) [PSYoungGen: 2425044K->325182K(2450432K)] 2956999K->903536K(8043008K), 0.0427485 secs] [Times: user=0.30 sys=0.00, real=0.04 secs] 
2021-01-19T13:41:05.114-0800: 170.875: [GC (Allocation Failure) [PSYoungGen: 2431038K->312582K(2452480K)] 3009392K->934365K(8045056K), 0.0407392 secs] [Times: user=0.27 sys=0.01, real=0.04 secs] 
2021-01-19T13:41:05.429-0800: 171.190: [GC (Allocation Failure) [PSYoungGen: 2422534K->319615K(2452992K)] 3044317K->982080K(8045568K), 0.0413859 secs] [Times: user=0.27 sys=0.00, real=0.05 secs] 
2021-01-19T13:41:05.754-0800: 171.515: [GC (Allocation Failure) [PSYoungGen: 2429567K->334281K(2449408K)] 3092032K->1036219K(8041984K), 0.0428640 secs] [Times: user=0.30 sys=0.01, real=0.04 secs] 
2021-01-19T13:41:06.082-0800: 171.843: [GC (Allocation Failure) [PSYoungGen: 2442185K->317991K(2451968K)] 3144123K->1067820K(8044544K), 0.0446438 secs] [Times: user=0.24 sys=0.00, real=0.04 secs] 
2021-01-19T13:41:06.417-0800: 172.178: [GC (Allocation Failure) [PSYoungGen: 2425895K->321780K(2454528K)] 3175724K->1113702K(8047104K), 0.0413010 secs] [Times: user=0.28 sys=0.00, real=0.04 secs] 
2021-01-19T13:41:06.775-0800: 172.536: [GC (Allocation Failure) [PSYoungGen: 2433268K->330182K(2452992K)] 3225190K->1168335K(8045568K), 0.0435795 secs] [Times: user=0.29 sys=0.00, real=0.04 secs] 
2021-01-19T13:41:07.112-0800: 172.874: [GC (Allocation Failure) [PSYoungGen: 2441670K->324961K(2455552K)] 3279823K->1203658K(8048128K), 0.0485471 secs] [Times: user=0.25 sys=0.00, real=0.05 secs] 
2021-01-19T13:41:07.457-0800: 173.218: [GC (Allocation Failure) [PSYoungGen: 2438497K->322571K(2454016K)] 3317194K->1242273K(8046592K), 0.0417909 secs] [Times: user=0.28 sys=0.00, real=0.04 secs] 
2021-01-19T13:41:07.798-0800: 173.560: [GC (Allocation Failure) [PSYoungGen: 2436107K->326890K(2457088K)] 3355809K->1285276K(8049664K), 0.0421849 secs] [Times: user=0.29 sys=0.00, real=0.05 secs] 
2021-01-19T13:41:08.131-0800: 173.892: [GC (Allocation Failure) [PSYoungGen: 2444522K->336840K(2454528K)] 3402908K->1343009K(8047104K), 0.0439932 secs] [Times: user=0.29 sys=0.00, real=0.04 secs] 
2021-01-19T13:41:08.457-0800: 174.218: [GC (Allocation Failure) [PSYoungGen: 2454472K->339935K(2445312K)] 3460641K->1387029K(8037888K), 0.0438554 secs] [Times: user=0.28 sys=0.00, real=0.05 secs] 
2021-01-19T13:41:08.787-0800: 174.548: [GC (Allocation Failure) [PSYoungGen: 2443743K->307030K(2411008K)] 3490837K->1403231K(8003584K), 0.0424474 secs] [Times: user=0.30 sys=0.00, real=0.05 secs] 
2021-01-19T13:41:09.121-0800: 174.882: [GC (Allocation Failure) [PSYoungGen: 2410838K->318185K(2449920K)] 3507039K->1454979K(8042496K), 0.0391796 secs] [Times: user=0.28 sys=0.00, real=0.04 secs] 
2021-01-19T13:41:09.449-0800: 175.210: [GC (Allocation Failure) [PSYoungGen: 2420969K->324112K(2448896K)] 3557763K->1498645K(8041472K), 0.0396830 secs] [Times: user=0.29 sys=0.00, real=0.04 secs] 
2021-01-19T13:41:09.753-0800: 175.514: [GC (Allocation Failure) [PSYoungGen: 2426896K->326090K(2452992K)] 3601429K->1547165K(8045568K), 0.0439744 secs] [Times: user=0.29 sys=0.00, real=0.04 secs] 
2021-01-19T13:41:10.079-0800: 175.841: [GC (Allocation Failure) [PSYoungGen: 2435018K->324895K(2451968K)] 3656093K->1588889K(8044544K), 0.0437119 secs] [Times: user=0.27 sys=0.01, real=0.05 secs] 
2021-01-19T13:41:10.421-0800: 176.182: [GC (Allocation Failure) [PSYoungGen: 2433823K->328928K(2455040K)] 3697817K->1634944K(8047616K), 0.0450595 secs] [Times: user=0.27 sys=0.00, real=0.04 secs] 
2021-01-19T13:41:10.746-0800: 176.507: [GC (Allocation Failure) [PSYoungGen: 2442976K->326540K(2455040K)] 3748992K->1680804K(8047616K), 0.0448803 secs] [Times: user=0.31 sys=0.00, real=0.05 secs] 
2021-01-19T13:41:11.069-0800: 176.830: [GC (Allocation Failure) [PSYoungGen: 2440588K->333172K(2453504K)] 3794852K->1729223K(8046080K), 0.0446148 secs] [Times: user=0.29 sys=0.00, real=0.05 secs] 
2021-01-19T13:41:11.387-0800: 177.148: [GC (Allocation Failure) [PSYoungGen: 2446196K->318688K(2454528K)] 3842247K->1755977K(8047104K), 0.0427438 secs] [Times: user=0.29 sys=0.00, real=0.05 secs] 
2021-01-19T13:41:11.713-0800: 177.474: [GC (Allocation Failure) [PSYoungGen: 2431712K->331143K(2453504K)] 3869001K->1810132K(8046080K), 0.0452003 secs] [Times: user=0.30 sys=0.00, real=0.04 secs] 
2021-01-19T13:41:12.048-0800: 177.810: [GC (Allocation Failure) [PSYoungGen: 2443143K->330926K(2443264K)] 3922132K->1859995K(8035840K), 0.0532550 secs] [Times: user=0.23 sys=0.00, real=0.06 secs] 
2021-01-19T13:41:12.455-0800: 178.216: [GC (Allocation Failure) [PSYoungGen: 2442926K->336162K(2449408K)] 3971995K->1906219K(8041984K), 0.0418040 secs] [Times: user=0.31 sys=0.00, real=0.04 secs] 
2021-01-19T13:41:12.773-0800: 178.535: [GC (Allocation Failure) [PSYoungGen: 2443042K->328135K(2451456K)] 4013099K->1943572K(8044032K), 0.0451200 secs] [Times: user=0.33 sys=0.00, real=0.04 secs] 
2021-01-19T13:41:13.123-0800: 178.884: [GC (Allocation Failure) [PSYoungGen: 2435015K->321090K(2453504K)] 4050452K->1979271K(8046080K), 0.0433362 secs] [Times: user=0.30 sys=0.01, real=0.04 secs] 
2021-01-19T13:41:13.455-0800: 179.216: [GC (Allocation Failure) [PSYoungGen: 2431554K->342506K(2452992K)] 4089735K->2046560K(8045568K), 0.0462972 secs] [Times: user=0.31 sys=0.00, real=0.05 secs] 
2021-01-19T13:41:13.781-0800: 179.542: [GC (Allocation Failure) [PSYoungGen: 2452970K->325989K(2415104K)] 4157024K->2076092K(8007680K), 0.0447973 secs] [Times: user=0.30 sys=0.00, real=0.04 secs] 
2021-01-19T13:41:14.135-0800: 179.896: [GC (Allocation Failure) [PSYoungGen: 2398053K->307643K(2379776K)] 4148156K->2103087K(7972352K), 0.0441846 secs] [Times: user=0.30 sys=0.00, real=0.04 secs] 
2021-01-19T13:41:14.474-0800: 180.235: [GC (Allocation Failure) [PSYoungGen: 2379707K->329353K(2436096K)] 4175151K->2168324K(8028672K), 0.0462486 secs] [Times: user=0.31 sys=0.01, real=0.05 secs] 
2021-01-19T13:41:14.792-0800: 180.553: [GC (Allocation Failure) [PSYoungGen: 2402441K->330981K(2433024K)] 4241412K->2217736K(8025600K), 0.0459060 secs] [Times: user=0.32 sys=0.00, real=0.04 secs] 
2021-01-19T13:41:15.125-0800: 180.886: [GC (Allocation Failure) [PSYoungGen: 2404069K->316147K(2439168K)] 4290824K->2254731K(8031744K), 0.0444104 secs] [Times: user=0.28 sys=0.00, real=0.04 secs] 
2021-01-19T13:41:15.447-0800: 181.208: [GC (Allocation Failure) [PSYoungGen: 2397939K->324826K(2438656K)] 4336523K->2305040K(8031232K), 0.0438951 secs] [Times: user=0.31 sys=0.00, real=0.05 secs] 
2021-01-19T13:41:15.788-0800: 181.549: [GC (Allocation Failure) [PSYoungGen: 2406618K->326335K(2443776K)] 4386832K->2353665K(8036352K), 0.0456705 secs] [Times: user=0.30 sys=0.00, real=0.05 secs] 
2021-01-19T13:41:16.108-0800: 181.869: [GC (Allocation Failure) [PSYoungGen: 2415295K->302003K(2441216K)] 4442625K->2385433K(8033792K), 0.0441585 secs] [Times: user=0.30 sys=0.00, real=0.05 secs] 
2021-01-19T13:41:16.426-0800: 182.187: [GC (Allocation Failure) [PSYoungGen: 2390963K->326571K(2444288K)] 4474393K->2452974K(8036864K), 0.0526174 secs] [Times: user=0.30 sys=0.01, real=0.05 secs] 
2021-01-19T13:41:16.750-0800: 182.511: [GC (Allocation Failure) [PSYoungGen: 2416555K->323083K(2441728K)] 4542958K->2492305K(8034304K), 0.0447623 secs] [Times: user=0.31 sys=0.00, real=0.04 secs] 
2021-01-19T13:41:17.075-0800: 182.836: [GC (Allocation Failure) [PSYoungGen: 2413067K->345668K(2436096K)] 4582289K->2555626K(8028672K), 0.0489137 secs] [Times: user=0.33 sys=0.01, real=0.05 secs] 
2021-01-19T13:41:17.429-0800: 183.190: [GC (Allocation Failure) [PSYoungGen: 2432068K->313634K(2441216K)] 4642026K->2573920K(8033792K), 0.0457190 secs] [Times: user=0.30 sys=0.00, real=0.05 secs] 
2021-01-19T13:41:17.749-0800: 183.510: [GC (Allocation Failure) [PSYoungGen: 2400034K->312619K(2442240K)] 4660320K->2614194K(8034816K), 0.0444202 secs] [Times: user=0.30 sys=0.00, real=0.05 secs] 
2021-01-19T13:41:18.059-0800: 183.820: [GC (Allocation Failure) [PSYoungGen: 2400555K->308240K(2441728K)] 4702130K->2651504K(8034304K), 0.0439675 secs] [Times: user=0.31 sys=0.00, real=0.05 secs] 
2021-01-19T13:41:18.406-0800: 184.167: [GC (Allocation Failure) [PSYoungGen: 2396176K->322455K(2445312K)] 4739440K->2712183K(8037888K), 0.0457608 secs] [Times: user=0.30 sys=0.00, real=0.05 secs] 
2021-01-19T13:41:18.733-0800: 184.495: [GC (Allocation Failure) [PSYoungGen: 2413975K->328598K(2442240K)] 4803703K->2759258K(8034816K), 0.0459725 secs] [Times: user=0.31 sys=0.00, real=0.04 secs] 
2021-01-19T13:41:19.062-0800: 184.824: [GC (Allocation Failure) [PSYoungGen: 2420118K->324809K(2447872K)] 4850778K->2801952K(8040448K), 0.0464936 secs] [Times: user=0.32 sys=0.01, real=0.04 secs] 
2021-01-19T13:41:19.399-0800: 185.160: [GC (Allocation Failure) [PSYoungGen: 2422473K->315164K(2445824K)] 4899616K->2834846K(8038400K), 0.0463125 secs] [Times: user=0.28 sys=0.00, real=0.05 secs] 
2021-01-19T13:41:19.725-0800: 185.486: [GC (Allocation Failure) [PSYoungGen: 2412828K->317179K(2450432K)] 4932510K->2886725K(8043008K), 0.0463958 secs] [Times: user=0.32 sys=0.01, real=0.05 secs] 
2021-01-19T13:41:20.056-0800: 185.817: [GC (Allocation Failure) [PSYoungGen: 2420475K->309417K(2448896K)] 4990021K->2925241K(8041472K), 0.0453474 secs] [Times: user=0.31 sys=0.00, real=0.05 secs] 
2021-01-19T13:41:20.378-0800: 186.139: [GC (Allocation Failure) [PSYoungGen: 2412713K->326882K(2450944K)] 5028537K->2983460K(8043520K), 0.0478717 secs] [Times: user=0.33 sys=0.01, real=0.05 secs] 
2021-01-19T13:41:20.684-0800: 186.445: [GC (Allocation Failure) [PSYoungGen: 2432226K->310206K(2450432K)] 5088804K->3014737K(8043008K), 0.0456724 secs] [Times: user=0.32 sys=0.00, real=0.05 secs] 
2021-01-19T13:41:21.016-0800: 186.777: [GC (Allocation Failure) [PSYoungGen: 2415550K->318387K(2453504K)] 5120081K->3065840K(8046080K), 0.0467381 secs] [Times: user=0.31 sys=0.00, real=0.05 secs] 
2021-01-19T13:41:21.347-0800: 187.108: [GC (Allocation Failure) [PSYoungGen: 2427315K->328799K(2451456K)] 5174768K->3126460K(8044032K), 0.0493856 secs] [Times: user=0.35 sys=0.00, real=0.05 secs] 
2021-01-19T13:41:21.670-0800: 187.431: [GC (Allocation Failure) [PSYoungGen: 2437727K->309007K(2452480K)] 5235388K->3147146K(8045056K), 0.0461178 secs] [Times: user=0.27 sys=0.01, real=0.04 secs] 
2021-01-19T13:41:22.005-0800: 187.766: [GC (Allocation Failure) [PSYoungGen: 2417935K->325688K(2452480K)] 5256074K->3212909K(8045056K), 0.0438712 secs] [Times: user=0.30 sys=0.00, real=0.04 secs] 
2021-01-19T13:41:22.313-0800: 188.074: [GC (Allocation Failure) [PSYoungGen: 2434616K->326860K(2452480K)] 5321837K->3257904K(8045056K), 0.0426436 secs] [Times: user=0.31 sys=0.00, real=0.04 secs] 
2021-01-19T13:41:22.632-0800: 188.393: [GC (Allocation Failure) [PSYoungGen: 2435788K->308889K(2452480K)] 5366832K->3294270K(8045056K), 0.0423968 secs] [Times: user=0.30 sys=0.01, real=0.04 secs] 
2021-01-19T13:41:22.941-0800: 188.703: [GC (Allocation Failure) [PSYoungGen: 2417817K->314376K(2454016K)] 5403198K->3341381K(8046592K), 0.0464573 secs] [Times: user=0.28 sys=0.00, real=0.04 secs] 
2021-01-19T13:41:23.271-0800: 189.032: [GC (Allocation Failure) [PSYoungGen: 2425352K->336577K(2447872K)] 5452357K->3411726K(8040448K), 0.0505638 secs] [Times: user=0.36 sys=0.01, real=0.05 secs] 
2021-01-19T13:41:23.625-0800: 189.386: [GC (Allocation Failure) [PSYoungGen: 2447553K->312313K(2450944K)] 5522702K->3432632K(8043520K), 0.0464300 secs] [Times: user=0.31 sys=0.00, real=0.05 secs] 
2021-01-19T13:41:23.954-0800: 189.716: [GC (Allocation Failure) [PSYoungGen: 2417145K->310832K(2449920K)] 5537464K->3471154K(8042496K), 0.0415620 secs] [Times: user=0.28 sys=0.01, real=0.04 secs] 
2021-01-19T13:41:24.269-0800: 190.030: [GC (Allocation Failure) [PSYoungGen: 2415664K->322093K(2453504K)] 5575986K->3525551K(8046080K), 0.0436262 secs] [Times: user=0.31 sys=0.00, real=0.05 secs] 
2021-01-19T13:41:24.592-0800: 190.354: [GC (Allocation Failure) [PSYoungGen: 2431533K->323340K(2451968K)] 5634991K->3574526K(8044544K), 0.0430531 secs] [Times: user=0.29 sys=0.00, real=0.04 secs] 
2021-01-19T13:41:24.904-0800: 190.665: [GC (Allocation Failure) [PSYoungGen: 2432780K->329873K(2450944K)] 5683966K->3619992K(8043520K), 0.0433852 secs] [Times: user=0.31 sys=0.00, real=0.04 secs] 
2021-01-19T13:41:25.203-0800: 190.964: [GC (Allocation Failure) [PSYoungGen: 2438801K->328086K(2437120K)] 5728920K->3658119K(8029696K), 0.0429015 secs] [Times: user=0.31 sys=0.00, real=0.04 secs] 
2021-01-19T13:41:25.530-0800: 191.291: [GC (Allocation Failure) [PSYoungGen: 2437014K->320660K(2454016K)] 5767047K->3696242K(8046592K), 0.0436700 secs] [Times: user=0.31 sys=0.01, real=0.04 secs] 
2021-01-19T13:41:25.834-0800: 191.596: [GC (Allocation Failure) [PSYoungGen: 2430612K->321032K(2451968K)] 5806194K->3740280K(8044544K), 0.0477924 secs] [Times: user=0.30 sys=0.00, real=0.05 secs] 
2021-01-19T13:41:26.161-0800: 191.923: [GC (Allocation Failure) [PSYoungGen: 2430984K->321070K(2458112K)] 5850232K->3788346K(8050688K), 0.0493734 secs] [Times: user=0.33 sys=0.01, real=0.05 secs] 
2021-01-19T13:41:26.502-0800: 192.263: [GC (Allocation Failure) [PSYoungGen: 2439214K->321205K(2456064K)] 5906490K->3835210K(8048640K), 0.0490131 secs] [Times: user=0.33 sys=0.00, real=0.05 secs] 
2021-01-19T13:41:26.833-0800: 192.594: [GC (Allocation Failure) [PSYoungGen: 2439349K->317006K(2460160K)] 5953354K->3875680K(8052736K), 0.0503354 secs] [Times: user=0.36 sys=0.00, real=0.05 secs] 
2021-01-19T13:41:27.198-0800: 192.959: [GC (Allocation Failure) [PSYoungGen: 2440782K->335426K(2459648K)] 5999456K->3932506K(8052224K), 0.0500212 secs] [Times: user=0.34 sys=0.00, real=0.05 secs] 
2021-01-19T13:41:27.532-0800: 193.294: [GC (Allocation Failure) [PSYoungGen: 2459202K->329903K(2450432K)] 6056282K->3976839K(8043008K), 0.0499521 secs] [Times: user=0.36 sys=0.00, real=0.05 secs] 
2021-01-19T13:41:27.867-0800: 193.628: [GC (Allocation Failure) [PSYoungGen: 2443951K->326738K(2455040K)] 6090887K->4014225K(8047616K), 0.0501237 secs] [Times: user=0.33 sys=0.00, real=0.05 secs] 
2021-01-19T13:41:28.207-0800: 193.968: [GC (Allocation Failure) [PSYoungGen: 2440786K->313372K(2455552K)] 6128273K->4053029K(8048128K), 0.0494917 secs] [Times: user=0.35 sys=0.01, real=0.05 secs] 
2021-01-19T13:41:28.522-0800: 194.284: [GC (Allocation Failure) [PSYoungGen: 2428444K->326029K(2455552K)] 6168101K->4109439K(8048128K), 0.0499591 secs] [Times: user=0.37 sys=0.00, real=0.05 secs] 
2021-01-19T13:41:28.849-0800: 194.611: [GC (Allocation Failure) [PSYoungGen: 2441101K->327115K(2456064K)] 6224511K->4150009K(8048640K), 0.0501622 secs] [Times: user=0.36 sys=0.00, real=0.06 secs] 
2021-01-19T13:41:29.182-0800: 194.944: [GC (Allocation Failure) [PSYoungGen: 2443211K->319932K(2456064K)] 6266105K->4185291K(8048640K), 0.0489995 secs] [Times: user=0.33 sys=0.00, real=0.05 secs] 
2021-01-19T13:41:29.530-0800: 195.292: [GC (Allocation Failure) [PSYoungGen: 2436028K->323337K(2458624K)] 6301387K->4226573K(8051200K), 0.0496634 secs] [Times: user=0.36 sys=0.00, real=0.05 secs] 
2021-01-19T13:41:29.869-0800: 195.630: [GC (Allocation Failure) [PSYoungGen: 2443017K->322291K(2457088K)] 6346253K->4275200K(8049664K), 0.0448429 secs] [Times: user=0.32 sys=0.00, real=0.05 secs] 
2021-01-19T13:41:30.175-0800: 195.936: [GC (Allocation Failure) [PSYoungGen: 2441971K->330914K(2456064K)] 6394880K->4329311K(8048640K), 0.0538877 secs] [Times: user=0.35 sys=0.00, real=0.05 secs] 
2021-01-19T13:41:30.504-0800: 196.265: [GC (Allocation Failure) [PSYoungGen: 2451106K->330397K(2450944K)] 6449503K->4372809K(8043520K), 0.0507683 secs] [Times: user=0.38 sys=0.00, real=0.05 secs] 
2021-01-19T13:41:30.862-0800: 196.623: [GC (Allocation Failure) [PSYoungGen: 2450589K->312831K(2456064K)] 6493001K->4399789K(8048640K), 0.0489812 secs] [Times: user=0.34 sys=0.00, real=0.05 secs] 
2021-01-19T13:41:31.195-0800: 196.956: [GC (Allocation Failure) [PSYoungGen: 2429951K->320943K(2456576K)] 6516909K->4452478K(8049152K), 0.0503682 secs] [Times: user=0.36 sys=0.00, real=0.05 secs] 
2021-01-19T13:41:31.539-0800: 197.300: [GC (Allocation Failure) [PSYoungGen: 2438063K->320813K(2459136K)] 6569598K->4500892K(8051712K), 0.0514108 secs] [Times: user=0.36 sys=0.00, real=0.06 secs] 
2021-01-19T13:41:31.873-0800: 197.634: [GC (Allocation Failure) [PSYoungGen: 2441517K->326061K(2457600K)] 6621596K->4551450K(8050176K), 0.0454065 secs] [Times: user=0.31 sys=0.00, real=0.04 secs] 
2021-01-19T13:41:32.203-0800: 197.965: [GC (Allocation Failure) [PSYoungGen: 2446765K->318445K(2459648K)] 6672154K->4590782K(8052224K), 0.0515837 secs] [Times: user=0.36 sys=0.00, real=0.05 secs] 
2021-01-19T13:41:32.535-0800: 198.296: [GC (Allocation Failure) [PSYoungGen: 2441197K->321525K(2459136K)] 6713534K->4637877K(8051712K), 0.0506080 secs] [Times: user=0.37 sys=0.00, real=0.05 secs] 
2021-01-19T13:41:32.886-0800: 198.648: [GC (Allocation Failure) [PSYoungGen: 2444277K->313230K(2460672K)] 6760629K->4673037K(8053248K), 0.0495169 secs] [Times: user=0.36 sys=0.00, real=0.05 secs] 
2021-01-19T13:41:33.208-0800: 198.969: [GC (Allocation Failure) [PSYoungGen: 2438542K->330843K(2456576K)] 6798349K->4732752K(8049152K), 0.0517189 secs] [Times: user=0.34 sys=0.01, real=0.05 secs] 
2021-01-19T13:41:33.533-0800: 199.294: [GC (Allocation Failure) [PSYoungGen: 2456155K->322720K(2459648K)] 6858064K->4765357K(8052224K), 0.0500231 secs] [Times: user=0.38 sys=0.00, real=0.05 secs] 
2021-01-19T13:41:33.880-0800: 199.642: [GC (Allocation Failure) [PSYoungGen: 2444960K->323674K(2458624K)] 6887597K->4805251K(8051200K), 0.0512416 secs] [Times: user=0.35 sys=0.01, real=0.05 secs] 
2021-01-19T13:41:34.212-0800: 199.973: [GC (Allocation Failure) [PSYoungGen: 2445914K->310358K(2459648K)] 6927491K->4837365K(8052224K), 0.0506558 secs] [Times: user=0.35 sys=0.00, real=0.05 secs] 
2021-01-19T13:41:34.531-0800: 200.292: [GC (Allocation Failure) [PSYoungGen: 2434646K->324007K(2460160K)] 6961653K->4888458K(8052736K), 0.0505133 secs] [Times: user=0.37 sys=0.00, real=0.05 secs] 
2021-01-19T13:41:34.892-0800: 200.653: [GC (Allocation Failure) [PSYoungGen: 2448295K->311889K(2459648K)] 7012746K->4920262K(8052224K), 0.0500205 secs] [Times: user=0.36 sys=0.00, real=0.05 secs] 
2021-01-19T13:41:35.214-0800: 200.976: [GC (Allocation Failure) [PSYoungGen: 2436177K->332552K(2457088K)] 7044550K->4979363K(8049664K), 0.0515368 secs] [Times: user=0.36 sys=0.00, real=0.05 secs] 
2021-01-19T13:41:35.551-0800: 201.312: [GC (Allocation Failure) [PSYoungGen: 2456840K->316724K(2458112K)] 7103651K->5007575K(8050688K), 0.0515617 secs] [Times: user=0.38 sys=0.00, real=0.05 secs] 
2021-01-19T13:41:35.907-0800: 201.668: [GC (Allocation Failure) [PSYoungGen: 2435892K->329275K(2448896K)] 7126743K->5066090K(8041472K), 0.0539454 secs] [Times: user=0.33 sys=0.00, real=0.06 secs] 
2021-01-19T13:41:36.247-0800: 202.009: [GC (Allocation Failure) [PSYoungGen: 2448443K->329452K(2454528K)] 7185258K->5112223K(8047104K), 0.0528766 secs] [Times: user=0.38 sys=0.01, real=0.06 secs] 
2021-01-19T13:41:36.593-0800: 202.354: [GC (Allocation Failure) [PSYoungGen: 2444524K->317490K(2455552K)] 7227295K->5144713K(8048128K), 0.0516216 secs] [Times: user=0.35 sys=0.00, real=0.05 secs] 
2021-01-19T13:41:36.934-0800: 202.696: [GC (Allocation Failure) [PSYoungGen: 2432562K->316678K(2457088K)] 7259785K->5184452K(8049664K), 0.0503380 secs] [Times: user=0.35 sys=0.01, real=0.05 secs] 
2021-01-19T13:41:37.263-0800: 203.025: [GC (Allocation Failure) [PSYoungGen: 2434310K->315633K(2456576K)] 7302084K->5230404K(8049152K), 0.0530337 secs] [Times: user=0.36 sys=0.00, real=0.05 secs] 
2021-01-19T13:41:37.601-0800: 203.363: [GC (Allocation Failure) [PSYoungGen: 2433265K->317648K(2459136K)] 7348036K->5274752K(8051712K), 0.0524875 secs] [Times: user=0.35 sys=0.01, real=0.05 secs] 
2021-01-19T13:41:37.936-0800: 203.697: [GC (Allocation Failure) [PSYoungGen: 2438864K->326985K(2458112K)] 7395968K->5323758K(8050688K), 0.0530527 secs] [Times: user=0.36 sys=0.00, real=0.05 secs] 
2021-01-19T13:41:38.288-0800: 204.050: [GC (Allocation Failure) [PSYoungGen: 2448201K->332646K(2452992K)] 7444974K->5374666K(8045568K), 0.0548823 secs] [Times: user=0.38 sys=0.01, real=0.06 secs] 
2021-01-19T13:41:38.621-0800: 204.383: [GC (Allocation Failure) [PSYoungGen: 2447718K->315312K(2455552K)] 7489738K->5401764K(8048128K), 0.0539392 secs] [Times: user=0.37 sys=0.00, real=0.05 secs] 
2021-01-19T13:41:38.945-0800: 204.707: [GC (Allocation Failure) [PSYoungGen: 2430384K->325427K(2456576K)] 7516836K->5455418K(8049152K), 0.0524019 secs] [Times: user=0.37 sys=0.00, real=0.05 secs] 
2021-01-19T13:41:39.289-0800: 205.051: [GC (Allocation Failure) [PSYoungGen: 2442035K->324698K(2456064K)] 7572026K->5501152K(8048640K), 0.0538547 secs] [Times: user=0.36 sys=0.01, real=0.06 secs] 
2021-01-19T13:41:39.620-0800: 205.382: [GC (Allocation Failure) [PSYoungGen: 2441306K->331568K(2453504K)] 7617760K->5547561K(8046080K), 0.0546288 secs] [Times: user=0.35 sys=0.00, real=0.05 secs] 
2021-01-19T13:41:39.969-0800: 205.731: [GC (Allocation Failure) [PSYoungGen: 2446640K->334375K(2449920K)] 7662633K->5597214K(8042496K), 0.0494860 secs] [Times: user=0.31 sys=0.01, real=0.05 secs] 
2021-01-19T13:41:40.303-0800: 206.064: [GC (Allocation Failure) [PSYoungGen: 2449447K->334794K(2449408K)] 7712286K->5642653K(8041984K), 0.0548107 secs] [Times: user=0.31 sys=0.00, real=0.05 secs] 
2021-01-19T13:41:40.635-0800: 206.396: [GC (Allocation Failure) [PSYoungGen: 2441674K->320415K(2451456K)] 7749533K->5669281K(8044032K), 0.0525958 secs] [Times: user=0.30 sys=0.01, real=0.05 secs] 
2021-01-19T13:41:40.980-0800: 206.742: [GC (Allocation Failure) [PSYoungGen: 2427295K->314740K(2452480K)] 7776161K->5708401K(8045056K), 0.0533627 secs] [Times: user=0.31 sys=0.00, real=0.05 secs] 
2021-01-19T13:41:41.293-0800: 207.055: [GC (Allocation Failure) [PSYoungGen: 2423668K->336588K(2445824K)] 7817329K->5772227K(8038400K), 0.0537511 secs] [Times: user=0.34 sys=0.01, real=0.05 secs] 
2021-01-19T13:41:41.593-0800: 207.355: [GC (Allocation Failure) [PSYoungGen: 2445516K->315407K(2449920K)] 7881155K->5798757K(8042496K), 0.0516137 secs] [Times: user=0.29 sys=0.00, real=0.05 secs] 
2021-01-19T13:41:41.923-0800: 207.684: [GC (Allocation Failure) [PSYoungGen: 2418703K->328458K(2449408K)] 7902053K->5858511K(8041984K), 0.0543280 secs] [Times: user=0.37 sys=0.01, real=0.05 secs] 
2021-01-19T13:41:42.264-0800: 208.026: [GC (Allocation Failure) [PSYoungGen: 2431754K->321506K(2451968K)] 7961807K->5891509K(8044544K), 0.0545940 secs] [Times: user=0.35 sys=0.00, real=0.05 secs] 
2021-01-19T13:41:42.319-0800: 208.081: [Full GC (Ergonomics) [PSYoungGen: 321506K->0K(2451968K)] [ParOldGen: 5570003K->367992K(5592576K)] 5891509K->367992K(8044544K), [Metaspace: 2589K->2589K(1056768K)], 0.0596942 secs] [Times: user=0.28 sys=0.01, real=0.06 secs] 
2021-01-19T13:41:42.652-0800: 208.413: [GC (Allocation Failure) [PSYoungGen: 2106368K->320121K(2450432K)] 2474360K->688114K(8043008K), 0.0371315 secs] [Times: user=0.24 sys=0.01, real=0.03 secs] 
2021-01-19T13:41:42.970-0800: 208.732: [GC (Allocation Failure) [PSYoungGen: 2426489K->336873K(2447360K)] 2794482K->741783K(8039936K), 0.0435878 secs] [Times: user=0.27 sys=0.00, real=0.04 secs] 
2021-01-19T13:41:43.302-0800: 209.064: [GC (Allocation Failure) [PSYoungGen: 2441705K->331370K(2436608K)] 2846615K->785141K(8029184K), 0.0433022 secs] [Times: user=0.30 sys=0.01, real=0.04 secs] 
2021-01-19T13:41:43.625-0800: 209.387: [GC (Allocation Failure) [PSYoungGen: 2436202K->317470K(2450944K)] 2889973K->822040K(8043520K), 0.0431051 secs] [Times: user=0.29 sys=0.00, real=0.04 secs] 
2021-01-19T13:41:43.959-0800: 209.721: [GC (Allocation Failure) [PSYoungGen: 2422302K->330952K(2449920K)] 2926872K->875445K(8042496K), 0.0506432 secs] [Times: user=0.24 sys=0.04, real=0.06 secs] 
2021-01-19T13:41:44.291-0800: 210.052: [GC (Allocation Failure) [PSYoungGen: 2435784K->305654K(2447360K)] 2980277K->894188K(8039936K), 0.0640021 secs] [Times: user=0.16 sys=0.12, real=0.06 secs] 
2021-01-19T13:41:44.635-0800: 210.396: [GC (Allocation Failure) [PSYoungGen: 2407414K->334451K(2436608K)] 2995948K->955570K(8029184K), 0.0639773 secs] [Times: user=0.17 sys=0.09, real=0.06 secs] 
2021-01-19T13:41:44.983-0800: 210.745: [GC (Allocation Failure) [PSYoungGen: 2436211K->329436K(2447872K)] 3057330K->1004114K(8040448K), 0.0807887 secs] [Times: user=0.15 sys=0.15, real=0.08 secs] 
2021-01-19T13:41:45.335-0800: 211.096: [GC (Allocation Failure) [PSYoungGen: 2428636K->323595K(2447360K)] 3103314K->1038191K(8039936K), 0.0591716 secs] [Times: user=0.15 sys=0.13, real=0.06 secs] 
2021-01-19T13:41:45.668-0800: 211.429: [GC (Allocation Failure) [PSYoungGen: 2422795K->346086K(2438656K)] 3137391K->1111136K(8031232K), 0.0749127 secs] [Times: user=0.17 sys=0.16, real=0.08 secs] 
2021-01-19T13:41:45.985-0800: 211.746: [GC (Allocation Failure) [PSYoungGen: 2438630K->349649K(2442240K)] 3203680K->1157550K(8034816K), 0.0644865 secs] [Times: user=0.18 sys=0.12, real=0.06 secs] 
2021-01-19T13:41:46.316-0800: 212.078: [GC (Allocation Failure) [PSYoungGen: 2442193K->318430K(2436096K)] 3250094K->1184128K(8028672K), 0.0627194 secs] [Times: user=0.19 sys=0.09, real=0.06 secs] 
2021-01-19T13:41:46.676-0800: 212.438: [GC (Allocation Failure) [PSYoungGen: 2400734K->311751K(2439168K)] 3266432K->1220761K(8031744K), 0.0419281 secs] [Times: user=0.28 sys=0.01, real=0.04 secs] 
2021-01-19T13:41:46.999-0800: 212.760: [GC (Allocation Failure) [PSYoungGen: 2394055K->331290K(2440704K)] 3303065K->1286015K(8033280K), 0.0446073 secs] [Times: user=0.28 sys=0.00, real=0.05 secs] 
2021-01-19T13:41:47.313-0800: 213.074: [GC (Allocation Failure) [PSYoungGen: 2415130K->327714K(2439168K)] 3369855K->1325296K(8031744K), 0.0423280 secs] [Times: user=0.28 sys=0.01, real=0.04 secs] 
2021-01-19T13:41:47.623-0800: 213.384: [GC (Allocation Failure) [PSYoungGen: 2411554K->339802K(2439168K)] 3409136K->1387353K(8031744K), 0.0452770 secs] [Times: user=0.30 sys=0.00, real=0.04 secs] 
2021-01-19T13:41:47.946-0800: 213.707: [GC (Allocation Failure) [PSYoungGen: 2426202K->331168K(2441216K)] 3473753K->1430861K(8033792K), 0.0441781 secs] [Times: user=0.29 sys=0.01, real=0.05 secs] 
2021-01-19T13:41:48.274-0800: 214.036: [GC (Allocation Failure) [PSYoungGen: 2417568K->324186K(2444288K)] 3517261K->1467116K(8036864K), 0.0447925 secs] [Times: user=0.31 sys=0.00, real=0.04 secs] 
2021-01-19T13:41:48.583-0800: 214.344: [GC (Allocation Failure) [PSYoungGen: 2415194K->330743K(2442752K)] 3558124K->1518573K(8035328K), 0.0437236 secs] [Times: user=0.30 sys=0.00, real=0.04 secs] 
2021-01-19T13:41:48.920-0800: 214.682: [GC (Allocation Failure) [PSYoungGen: 2421751K->336581K(2443776K)] 3609581K->1565958K(8036352K), 0.0453028 secs] [Times: user=0.30 sys=0.00, real=0.04 secs] 
2021-01-19T13:41:49.255-0800: 215.017: [GC (Allocation Failure) [PSYoungGen: 2430149K->320194K(2444800K)] 3659526K->1590863K(8037376K), 0.0420156 secs] [Times: user=0.29 sys=0.00, real=0.04 secs] 
2021-01-19T13:41:49.617-0800: 215.379: [GC (Allocation Failure) [PSYoungGen: 2413762K->324284K(2446848K)] 3684431K->1641021K(8039424K), 0.0435216 secs] [Times: user=0.29 sys=0.00, real=0.05 secs] 
2021-01-19T13:41:49.929-0800: 215.690: [GC (Allocation Failure) [PSYoungGen: 2420412K->331348K(2445312K)] 3737149K->1689925K(8037888K), 0.0435960 secs] [Times: user=0.28 sys=0.00, real=0.05 secs] 
2021-01-19T13:41:50.251-0800: 216.013: [GC (Allocation Failure) [PSYoungGen: 2427476K->321869K(2448896K)] 3786053K->1727564K(8041472K), 0.0445032 secs] [Times: user=0.31 sys=0.01, real=0.04 secs] 
2021-01-19T13:41:50.562-0800: 216.324: [GC (Allocation Failure) [PSYoungGen: 2422605K->324824K(2447872K)] 3828300K->1776858K(8040448K), 0.0439391 secs] [Times: user=0.31 sys=0.00, real=0.04 secs] 
2021-01-19T13:41:50.896-0800: 216.658: [GC (Allocation Failure) [PSYoungGen: 2425560K->326455K(2451968K)] 3877594K->1821218K(8044544K), 0.0450789 secs] [Times: user=0.28 sys=0.01, real=0.05 secs] 
2021-01-19T13:41:51.223-0800: 216.985: [GC (Allocation Failure) [PSYoungGen: 2432311K->330738K(2449920K)] 3927074K->1868815K(8042496K), 0.0531176 secs] [Times: user=0.22 sys=0.00, real=0.05 secs] 
2021-01-19T13:41:51.566-0800: 217.327: [GC (Allocation Failure) [PSYoungGen: 2436594K->322351K(2452992K)] 3974671K->1900714K(8045568K), 0.0435527 secs] [Times: user=0.31 sys=0.01, real=0.04 secs] 
2021-01-19T13:41:51.914-0800: 217.676: [GC (Allocation Failure) [PSYoungGen: 2431279K->310065K(2419200K)] 4009642K->1932555K(8011776K), 0.0448497 secs] [Times: user=0.28 sys=0.00, real=0.04 secs] 
2021-01-19T13:41:52.238-0800: 218.000: [GC (Allocation Failure) [PSYoungGen: 2418993K->326625K(2452992K)] 4041483K->1992900K(8045568K), 0.0450796 secs] [Times: user=0.32 sys=0.00, real=0.05 secs] 
2021-01-19T13:41:52.582-0800: 218.344: [GC (Allocation Failure) [PSYoungGen: 2435041K->334716K(2451456K)] 4101316K->2041620K(8044032K), 0.0455011 secs] [Times: user=0.32 sys=0.00, real=0.04 secs] 
2021-01-19T13:41:52.899-0800: 218.660: [GC (Allocation Failure) [PSYoungGen: 2443132K->338393K(2446336K)] 4150036K->2091620K(8038912K), 0.0476100 secs] [Times: user=0.31 sys=0.00, real=0.05 secs] 
2021-01-19T13:41:53.250-0800: 219.011: [GC (Allocation Failure) [PSYoungGen: 2440153K->324879K(2448896K)] 4193380K->2113919K(8041472K), 0.0445554 secs] [Times: user=0.31 sys=0.01, real=0.04 secs] 
2021-01-19T13:41:53.574-0800: 219.336: [GC (Allocation Failure) [PSYoungGen: 2426639K->323268K(2451456K)] 4215679K->2153007K(8044032K), 0.0409592 secs] [Times: user=0.29 sys=0.00, real=0.04 secs] 
2021-01-19T13:41:53.901-0800: 219.663: [GC (Allocation Failure) [PSYoungGen: 2429124K->335276K(2441216K)] 4258863K->2214161K(8033792K), 0.0517992 secs] [Times: user=0.34 sys=0.01, real=0.05 secs] 
2021-01-19T13:41:54.255-0800: 220.017: [GC (Allocation Failure) [PSYoungGen: 2441132K->302857K(2444800K)] 4320017K->2226367K(8037376K), 0.0426807 secs] [Times: user=0.31 sys=0.00, real=0.04 secs] 
2021-01-19T13:41:54.610-0800: 220.372: [GC (Allocation Failure) [PSYoungGen: 2401545K->323217K(2447360K)] 4325055K->2298513K(8039936K), 0.0460812 secs] [Times: user=0.33 sys=0.01, real=0.04 secs] 
2021-01-19T13:41:54.942-0800: 220.704: [GC (Allocation Failure) [PSYoungGen: 2421905K->319556K(2450432K)] 4397201K->2335516K(8043008K), 0.0440091 secs] [Times: user=0.31 sys=0.00, real=0.04 secs] 
2021-01-19T13:41:55.278-0800: 221.039: [GC (Allocation Failure) [PSYoungGen: 2423364K->319303K(2449408K)] 4439324K->2378787K(8041984K), 0.0463773 secs] [Times: user=0.34 sys=0.01, real=0.05 secs] 
2021-01-19T13:41:55.614-0800: 221.375: [GC (Allocation Failure) [PSYoungGen: 2423111K->308345K(2449920K)] 4482595K->2407604K(8042496K), 0.0502930 secs] [Times: user=0.25 sys=0.01, real=0.05 secs] 
2021-01-19T13:41:56.009-0800: 221.771: [GC (Allocation Failure) [PSYoungGen: 2414201K->330629K(2436608K)] 4513460K->2469494K(8029184K), 0.0553124 secs] [Times: user=0.26 sys=0.03, real=0.06 secs] 
2021-01-19T13:41:56.372-0800: 222.134: [GC (Allocation Failure) [PSYoungGen: 2436485K->327857K(2450944K)] 4575350K->2508813K(8043520K), 0.0478079 secs] [Times: user=0.29 sys=0.01, real=0.05 secs] 
2021-01-19T13:41:56.727-0800: 222.489: [GC (Allocation Failure) [PSYoungGen: 2433201K->326764K(2450432K)] 4614157K->2553325K(8043008K), 0.0511337 secs] [Times: user=0.32 sys=0.01, real=0.05 secs] 
2021-01-19T13:41:57.075-0800: 222.837: [GC (Allocation Failure) [PSYoungGen: 2432108K->339746K(2443776K)] 4658669K->2606462K(8036352K), 0.0498779 secs] [Times: user=0.31 sys=0.00, real=0.05 secs] 
2021-01-19T13:41:57.427-0800: 223.188: [GC (Allocation Failure) [PSYoungGen: 2439458K->310005K(2409984K)] 4706174K->2622940K(8002560K), 0.0464970 secs] [Times: user=0.29 sys=0.01, real=0.05 secs] 
2021-01-19T13:41:57.770-0800: 223.532: [GC (Allocation Failure) [PSYoungGen: 2409717K->331700K(2447360K)] 4722652K->2692822K(8039936K), 0.0491647 secs] [Times: user=0.31 sys=0.00, real=0.05 secs] 
2021-01-19T13:41:58.112-0800: 223.874: [GC (Allocation Failure) [PSYoungGen: 2430388K->330402K(2447360K)] 4791510K->2739375K(8039936K), 0.0499090 secs] [Times: user=0.33 sys=0.01, real=0.05 secs] 
2021-01-19T13:41:58.434-0800: 224.196: [GC (Allocation Failure) [PSYoungGen: 2429090K->330503K(2447872K)] 4838063K->2787876K(8040448K), 0.0500560 secs] [Times: user=0.31 sys=0.00, real=0.05 secs] 
2021-01-19T13:41:58.783-0800: 224.544: [GC (Allocation Failure) [PSYoungGen: 2429703K->323365K(2447360K)] 4887076K->2824350K(8039936K), 0.0470684 secs] [Times: user=0.34 sys=0.01, real=0.05 secs] 
2021-01-19T13:41:59.103-0800: 224.865: [GC (Allocation Failure) [PSYoungGen: 2422565K->314975K(2449920K)] 4923550K->2861686K(8042496K), 0.0462642 secs] [Times: user=0.33 sys=0.00, real=0.05 secs] 
2021-01-19T13:41:59.451-0800: 225.213: [GC (Allocation Failure) [PSYoungGen: 2418271K->332615K(2436096K)] 4964982K->2922628K(8028672K), 0.0482490 secs] [Times: user=0.34 sys=0.01, real=0.05 secs] 
2021-01-19T13:41:59.793-0800: 225.555: [GC (Allocation Failure) [PSYoungGen: 2435911K->311804K(2448896K)] 5025924K->2947990K(8041472K), 0.0465472 secs] [Times: user=0.31 sys=0.00, real=0.05 secs] 
2021-01-19T13:42:00.120-0800: 225.881: [GC (Allocation Failure) [PSYoungGen: 2413564K->343614K(2445824K)] 5049750K->3018478K(8038400K), 0.0505201 secs] [Times: user=0.31 sys=0.00, real=0.05 secs] 
2021-01-19T13:42:00.458-0800: 226.219: [GC (Allocation Failure) [PSYoungGen: 2445374K->327812K(2445824K)] 5120238K->3044884K(8038400K), 0.0484911 secs] [Times: user=0.34 sys=0.00, real=0.05 secs] 
2021-01-19T13:42:00.820-0800: 226.582: [GC (Allocation Failure) [PSYoungGen: 2423428K->317972K(2445824K)] 5140500K->3078819K(8038400K), 0.0467438 secs] [Times: user=0.32 sys=0.00, real=0.04 secs] 
2021-01-19T13:42:01.136-0800: 226.898: [GC (Allocation Failure) [PSYoungGen: 2413588K->330043K(2447360K)] 5174435K->3130259K(8039936K), 0.0484636 secs] [Times: user=0.33 sys=0.00, real=0.05 secs] 
2021-01-19T13:42:01.508-0800: 227.270: [GC (Allocation Failure) [PSYoungGen: 2428219K->328489K(2446848K)] 5228435K->3169107K(8039424K), 0.0479659 secs] [Times: user=0.36 sys=0.00, real=0.05 secs] 
2021-01-19T13:42:01.833-0800: 227.595: [GC (Allocation Failure) [PSYoungGen: 2426665K->322430K(2449920K)] 5267283K->3208040K(8042496K), 0.0474353 secs] [Times: user=0.33 sys=0.00, real=0.05 secs] 
2021-01-19T13:42:02.158-0800: 227.919: [GC (Allocation Failure) [PSYoungGen: 2425214K->326776K(2448896K)] 5310824K->3254492K(8041472K), 0.0480252 secs] [Times: user=0.35 sys=0.00, real=0.05 secs] 
2021-01-19T13:42:02.496-0800: 228.258: [GC (Allocation Failure) [PSYoungGen: 2429560K->324500K(2453504K)] 5357276K->3298070K(8046080K), 0.0526912 secs] [Times: user=0.23 sys=0.07, real=0.05 secs] 
2021-01-19T13:42:02.827-0800: 228.588: [GC (Allocation Failure) [PSYoungGen: 2433940K->336339K(2445824K)] 5407510K->3353390K(8038400K), 0.0531481 secs] [Times: user=0.22 sys=0.13, real=0.06 secs] 
2021-01-19T13:42:03.150-0800: 228.911: [GC (Allocation Failure) [PSYoungGen: 2445779K->313216K(2449920K)] 5462830K->3377814K(8042496K), 0.0537005 secs] [Times: user=0.19 sys=0.17, real=0.05 secs] 
2021-01-19T13:42:03.478-0800: 229.240: [GC (Allocation Failure) [PSYoungGen: 2418048K->327253K(2450432K)] 5482646K->3435027K(8043008K), 0.0529105 secs] [Times: user=0.20 sys=0.15, real=0.06 secs] 
2021-01-19T13:42:03.806-0800: 229.567: [GC (Allocation Failure) [PSYoungGen: 2432085K->326569K(2453504K)] 5539859K->3473904K(8046080K), 0.0515182 secs] [Times: user=0.20 sys=0.09, real=0.05 secs] 
2021-01-19T13:42:04.152-0800: 229.913: [GC (Allocation Failure) [PSYoungGen: 2436009K->316207K(2451968K)] 5583344K->3511386K(8044544K), 0.0503223 secs] [Times: user=0.18 sys=0.14, real=0.05 secs] 
2021-01-19T13:42:04.478-0800: 230.239: [GC (Allocation Failure) [PSYoungGen: 2425647K->321629K(2454528K)] 5620826K->3564632K(8047104K), 0.0514233 secs] [Times: user=0.20 sys=0.13, real=0.05 secs] 
2021-01-19T13:42:04.790-0800: 230.552: [GC (Allocation Failure) [PSYoungGen: 2433629K->329686K(2453504K)] 5676632K->3621349K(8046080K), 0.0640965 secs] [Times: user=0.19 sys=0.09, real=0.06 secs] 
2021-01-19T13:42:05.131-0800: 230.893: [GC (Allocation Failure) [PSYoungGen: 2441686K->328823K(2454528K)] 5733349K->3662960K(8047104K), 0.0681325 secs] [Times: user=0.23 sys=0.15, real=0.06 secs] 
2021-01-19T13:42:05.514-0800: 231.275: [GC (Allocation Failure) [PSYoungGen: 2441847K->318683K(2454528K)] 5775984K->3700629K(8047104K), 0.0730135 secs] [Times: user=0.22 sys=0.16, real=0.07 secs] 
2021-01-19T13:42:05.865-0800: 231.627: [GC (Allocation Failure) [PSYoungGen: 2431707K->329677K(2455040K)] 5813653K->3752075K(8047616K), 0.0658576 secs] [Times: user=0.21 sys=0.09, real=0.07 secs] 
2021-01-19T13:42:06.199-0800: 231.960: [GC (Allocation Failure) [PSYoungGen: 2443725K->322254K(2455040K)] 5866123K->3789635K(8047616K), 0.0531903 secs] [Times: user=0.20 sys=0.13, real=0.06 secs] 
2021-01-19T13:42:06.534-0800: 232.295: [GC (Allocation Failure) [PSYoungGen: 2436302K->322183K(2457088K)] 5903683K->3833955K(8049664K), 0.0597309 secs] [Times: user=0.16 sys=0.06, real=0.06 secs] 
2021-01-19T13:42:06.865-0800: 232.627: [GC (Allocation Failure) [PSYoungGen: 2439303K->334375K(2451968K)] 5951075K->3883065K(8044544K), 0.0507792 secs] [Times: user=0.31 sys=0.01, real=0.05 secs] 
2021-01-19T13:42:07.184-0800: 232.946: [GC (Allocation Failure) [PSYoungGen: 2451495K->324336K(2456064K)] 6000185K->3917903K(8048640K), 0.0502087 secs] [Times: user=0.33 sys=0.00, real=0.05 secs] 
2021-01-19T13:42:07.518-0800: 233.280: [GC (Allocation Failure) [PSYoungGen: 2438896K->323011K(2454528K)] 6032463K->3960574K(8047104K), 0.0485512 secs] [Times: user=0.32 sys=0.00, real=0.05 secs] 
2021-01-19T13:42:07.861-0800: 233.623: [GC (Allocation Failure) [PSYoungGen: 2437571K->311790K(2455040K)] 6075134K->3989953K(8047616K), 0.0475845 secs] [Times: user=0.32 sys=0.01, real=0.04 secs] 
2021-01-19T13:42:08.184-0800: 233.946: [GC (Allocation Failure) [PSYoungGen: 2427886K->325085K(2456064K)] 6106049K->4050145K(8048640K), 0.0504556 secs] [Times: user=0.34 sys=0.00, real=0.05 secs] 
2021-01-19T13:42:08.514-0800: 234.276: [GC (Allocation Failure) [PSYoungGen: 2441181K->332231K(2454016K)] 6166241K->4104376K(8046592K), 0.0539041 secs] [Times: user=0.25 sys=0.01, real=0.05 secs] 
2021-01-19T13:42:08.849-0800: 234.610: [GC (Allocation Failure) [PSYoungGen: 2447303K->316057K(2455552K)] 6219448K->4133358K(8048128K), 0.0443364 secs] [Times: user=0.30 sys=0.00, real=0.05 secs] 
2021-01-19T13:42:09.171-0800: 234.932: [GC (Allocation Failure) [PSYoungGen: 2431129K->332549K(2452480K)] 6248430K->4185022K(8045056K), 0.0500894 secs] [Times: user=0.35 sys=0.00, real=0.05 secs] 
2021-01-19T13:42:09.492-0800: 235.254: [GC (Allocation Failure) [PSYoungGen: 2444549K->331562K(2443776K)] 6297022K->4231312K(8036352K), 0.0519222 secs] [Times: user=0.37 sys=0.00, real=0.05 secs] 
2021-01-19T13:42:09.839-0800: 235.601: [GC (Allocation Failure) [PSYoungGen: 2443562K->329881K(2453504K)] 6343312K->4272567K(8046080K), 0.0533779 secs] [Times: user=0.34 sys=0.00, real=0.06 secs] 
2021-01-19T13:42:10.176-0800: 235.938: [GC (Allocation Failure) [PSYoungGen: 2440857K->325248K(2453504K)] 6383543K->4313097K(8046080K), 0.0509471 secs] [Times: user=0.34 sys=0.01, real=0.05 secs] 
2021-01-19T13:42:10.513-0800: 236.275: [GC (Allocation Failure) [PSYoungGen: 2436224K->319564K(2455552K)] 6424073K->4350523K(8048128K), 0.0447973 secs] [Times: user=0.31 sys=0.00, real=0.04 secs] 
2021-01-19T13:42:10.830-0800: 236.592: [GC (Allocation Failure) [PSYoungGen: 2434124K->318590K(2455040K)] 6465083K->4386555K(8047616K), 0.0506973 secs] [Times: user=0.34 sys=0.01, real=0.05 secs] 
2021-01-19T13:42:11.166-0800: 236.927: [GC (Allocation Failure) [PSYoungGen: 2433150K->328171K(2456064K)] 6501115K->4444388K(8048640K), 0.0552927 secs] [Times: user=0.36 sys=0.00, real=0.06 secs] 
2021-01-19T13:42:11.483-0800: 237.245: [GC (Allocation Failure) [PSYoungGen: 2443755K->332927K(2448896K)] 6559972K->4497877K(8041472K), 0.0539190 secs] [Times: user=0.36 sys=0.01, real=0.05 secs] 
2021-01-19T13:42:11.812-0800: 237.574: [GC (Allocation Failure) [PSYoungGen: 2448511K->316652K(2454528K)] 6613461K->4532111K(8047104K), 0.0526192 secs] [Times: user=0.29 sys=0.01, real=0.05 secs] 
2021-01-19T13:42:12.164-0800: 237.925: [GC (Allocation Failure) [PSYoungGen: 2429676K->322121K(2454528K)] 6645135K->4576469K(8047104K), 0.0531390 secs] [Times: user=0.33 sys=0.01, real=0.05 secs] 
2021-01-19T13:42:12.518-0800: 238.280: [GC (Allocation Failure) [PSYoungGen: 2435145K->332215K(2453504K)] 6689493K->4632714K(8046080K), 0.0514837 secs] [Times: user=0.32 sys=0.00, real=0.05 secs] 
2021-01-19T13:42:12.856-0800: 238.618: [GC (Allocation Failure) [PSYoungGen: 2445239K->323159K(2454528K)] 6745738K->4660793K(8047104K), 0.0501279 secs] [Times: user=0.33 sys=0.01, real=0.05 secs] 
2021-01-19T13:42:13.181-0800: 238.943: [GC (Allocation Failure) [PSYoungGen: 2436183K->320443K(2456576K)] 6773817K->4699862K(8049152K), 0.0500182 secs] [Times: user=0.34 sys=0.01, real=0.05 secs] 
2021-01-19T13:42:13.505-0800: 239.267: [GC (Allocation Failure) [PSYoungGen: 2436539K->329284K(2455552K)] 6815958K->4752127K(8048128K), 0.0521748 secs] [Times: user=0.38 sys=0.00, real=0.05 secs] 
2021-01-19T13:42:13.853-0800: 239.614: [GC (Allocation Failure) [PSYoungGen: 2445380K->309472K(2454016K)] 6868223K->4774721K(8046592K), 0.0485471 secs] [Times: user=0.33 sys=0.00, real=0.05 secs] 
2021-01-19T13:42:14.198-0800: 239.960: [GC (Allocation Failure) [PSYoungGen: 2423520K->319709K(2455040K)] 6888769K->4825781K(8047616K), 0.0502173 secs] [Times: user=0.34 sys=0.01, real=0.05 secs] 
2021-01-19T13:42:14.519-0800: 240.281: [GC (Allocation Failure) [PSYoungGen: 2433757K->324765K(2457088K)] 6939829K->4871308K(8049664K), 0.0511464 secs] [Times: user=0.36 sys=0.00, real=0.06 secs] 
2021-01-19T13:42:14.869-0800: 240.631: [GC (Allocation Failure) [PSYoungGen: 2441885K->324263K(2456064K)] 6988428K->4923420K(8048640K), 0.0520024 secs] [Times: user=0.34 sys=0.00, real=0.06 secs] 
2021-01-19T13:42:15.209-0800: 240.971: [GC (Allocation Failure) [PSYoungGen: 2441383K->336704K(2450944K)] 7040540K->4984631K(8043520K), 0.0550195 secs] [Times: user=0.36 sys=0.01, real=0.06 secs] 
2021-01-19T13:42:15.526-0800: 241.288: [GC (Allocation Failure) [PSYoungGen: 2449728K->319165K(2454528K)] 7097655K->5007308K(8047104K), 0.0505579 secs] [Times: user=0.33 sys=0.00, real=0.05 secs] 
2021-01-19T13:42:15.854-0800: 241.616: [GC (Allocation Failure) [PSYoungGen: 2432189K->326570K(2456064K)] 7120332K->5060737K(8048640K), 0.0529872 secs] [Times: user=0.36 sys=0.01, real=0.05 secs] 
2021-01-19T13:42:16.186-0800: 241.948: [GC (Allocation Failure) [PSYoungGen: 2442154K->324256K(2455552K)] 7176321K->5100750K(8048128K), 0.0525158 secs] [Times: user=0.34 sys=0.01, real=0.05 secs] 
2021-01-19T13:42:16.521-0800: 242.283: [GC (Allocation Failure) [PSYoungGen: 2439840K->334904K(2452480K)] 7216334K->5154207K(8045056K), 0.0543687 secs] [Times: user=0.37 sys=0.00, real=0.05 secs] 
2021-01-19T13:42:16.875-0800: 242.637: [GC (Allocation Failure) [PSYoungGen: 2448952K->327678K(2455040K)] 7268255K->5185081K(8047616K), 0.0531726 secs] [Times: user=0.37 sys=0.01, real=0.05 secs] 
2021-01-19T13:42:17.222-0800: 242.984: [GC (Allocation Failure) [PSYoungGen: 2441726K->329596K(2456064K)] 7299129K->5229147K(8048640K), 0.0533768 secs] [Times: user=0.39 sys=0.00, real=0.05 secs] 
2021-01-19T13:42:17.551-0800: 243.313: [GC (Allocation Failure) [PSYoungGen: 2445692K->331842K(2448384K)] 7345243K->5276462K(8040960K), 0.0558109 secs] [Times: user=0.34 sys=0.01, real=0.05 secs] 
2021-01-19T13:42:17.892-0800: 243.654: [GC (Allocation Failure) [PSYoungGen: 2447938K->327245K(2456064K)] 7392558K->5320524K(8048640K), 0.0551014 secs] [Times: user=0.40 sys=0.00, real=0.05 secs] 
2021-01-19T13:42:18.220-0800: 243.982: [GC (Allocation Failure) [PSYoungGen: 2442317K->312695K(2455040K)] 7435596K->5351453K(8047616K), 0.0508776 secs] [Times: user=0.35 sys=0.00, real=0.05 secs] 
2021-01-19T13:42:18.556-0800: 244.318: [GC (Allocation Failure) [PSYoungGen: 2427767K->324582K(2456576K)] 7466525K->5407785K(8049152K), 0.0543955 secs] [Times: user=0.38 sys=0.00, real=0.06 secs] 
2021-01-19T13:42:18.893-0800: 244.655: [GC (Allocation Failure) [PSYoungGen: 2440166K->327957K(2455040K)] 7523369K->5454023K(8047616K), 0.0526981 secs] [Times: user=0.35 sys=0.01, real=0.05 secs] 
2021-01-19T13:42:19.228-0800: 244.990: [GC (Allocation Failure) [PSYoungGen: 2443541K->337449K(2450944K)] 7569607K->5506636K(8043520K), 0.0545105 secs] [Times: user=0.41 sys=0.00, real=0.06 secs] 
2021-01-19T13:42:19.576-0800: 245.338: [GC (Allocation Failure) [PSYoungGen: 2449449K->307241K(2419712K)] 7618636K->5522195K(8012288K), 0.0512141 secs] [Times: user=0.38 sys=0.01, real=0.05 secs] 
2021-01-19T13:42:19.905-0800: 245.667: [GC (Allocation Failure) [PSYoungGen: 2419241K->330140K(2451968K)] 7634195K->5583754K(8044544K), 0.0535588 secs] [Times: user=0.39 sys=0.00, real=0.05 secs] 
2021-01-19T13:42:20.239-0800: 246.001: [GC (Allocation Failure) [PSYoungGen: 2438044K->324162K(2451968K)] 7691658K->5621737K(8044544K), 0.0528143 secs] [Times: user=0.38 sys=0.01, real=0.06 secs] 
2021-01-19T13:42:20.574-0800: 246.336: [GC (Allocation Failure) [PSYoungGen: 2432066K->311674K(2452480K)] 7729641K->5653959K(8045056K), 0.0523795 secs] [Times: user=0.38 sys=0.00, real=0.05 secs] 
2021-01-19T13:42:20.912-0800: 246.674: [GC (Allocation Failure) [PSYoungGen: 2421626K->328719K(2452992K)] 7763911K->5709295K(8045568K), 0.0528669 secs] [Times: user=0.39 sys=0.00, real=0.05 secs] 
2021-01-19T13:42:21.254-0800: 247.016: [GC (Allocation Failure) [PSYoungGen: 2438671K->322928K(2454528K)] 7819247K->5751465K(8047104K), 0.0545065 secs] [Times: user=0.39 sys=0.00, real=0.05 secs] 
2021-01-19T13:42:21.601-0800: 247.362: [GC (Allocation Failure) [PSYoungGen: 2434416K->320217K(2452992K)] 7862953K->5790867K(8045568K), 0.0544520 secs] [Times: user=0.40 sys=0.00, real=0.05 secs] 
2021-01-19T13:42:21.932-0800: 247.694: [GC (Allocation Failure) [PSYoungGen: 2431705K->315666K(2456064K)] 7902355K->5826815K(8048640K), 0.0521166 secs] [Times: user=0.38 sys=0.00, real=0.05 secs] 
2021-01-19T13:42:22.289-0800: 248.051: [GC (Allocation Failure) [PSYoungGen: 2431250K->307917K(2423808K)] 7942399K->5855532K(8016384K), 0.0512784 secs] [Times: user=0.38 sys=0.00, real=0.06 secs] 
2021-01-19T13:42:22.340-0800: 248.102: [Full GC (Ergonomics) [PSYoungGen: 307917K->0K(2423808K)] [ParOldGen: 5547614K->349503K(5592576K)] 5855532K->349503K(8016384K), [Metaspace: 2589K->2589K(1056768K)], 0.0852918 secs] [Times: user=0.37 sys=0.02, real=0.08 secs] 
2021-01-19T13:42:22.702-0800: 248.464: [GC (Allocation Failure) [PSYoungGen: 2115584K->336885K(2447872K)] 2465087K->686388K(8040448K), 0.0384962 secs] [Times: user=0.27 sys=0.01, real=0.04 secs] 
2021-01-19T13:42:23.029-0800: 248.791: [GC (Allocation Failure) [PSYoungGen: 2443765K->316585K(2451456K)] 2793268K->709043K(8044032K), 0.0409383 secs] [Times: user=0.28 sys=0.00, real=0.05 secs] 
2021-01-19T13:42:23.372-0800: 249.134: [GC (Allocation Failure) [PSYoungGen: 2423465K->307655K(2451456K)] 2815923K->743168K(8044032K), 0.0391713 secs] [Times: user=0.28 sys=0.00, real=0.04 secs] 
2021-01-19T13:42:23.709-0800: 249.471: [GC (Allocation Failure) [PSYoungGen: 2415559K->325479K(2451968K)] 2851072K->800377K(8044544K), 0.0413041 secs] [Times: user=0.30 sys=0.00, real=0.05 secs] 
2021-01-19T13:42:24.029-0800: 249.791: [GC (Allocation Failure) [PSYoungGen: 2433383K->320142K(2454528K)] 2908281K->845133K(8047104K), 0.0393556 secs] [Times: user=0.29 sys=0.00, real=0.04 secs] 
2021-01-19T13:42:24.340-0800: 250.102: [GC (Allocation Failure) [PSYoungGen: 2431118K->320746K(2452480K)] 2956109K->890884K(8045056K), 0.0393997 secs] [Times: user=0.28 sys=0.00, real=0.03 secs] 
2021-01-19T13:42:24.651-0800: 250.413: [GC (Allocation Failure) [PSYoungGen: 2431722K->318716K(2458112K)] 3001860K->930374K(8050688K), 0.0412394 secs] [Times: user=0.29 sys=0.00, real=0.04 secs] 
2021-01-19T13:42:24.981-0800: 250.743: [GC (Allocation Failure) [PSYoungGen: 2437372K->318621K(2456576K)] 3049030K->970866K(8049152K), 0.0413298 secs] [Times: user=0.28 sys=0.01, real=0.04 secs] 
2021-01-19T13:42:25.336-0800: 251.098: [GC (Allocation Failure) [PSYoungGen: 2437277K->331733K(2454016K)] 3089522K->1027785K(8046592K), 0.0430933 secs] [Times: user=0.31 sys=0.00, real=0.04 secs] 
2021-01-19T13:42:25.676-0800: 251.438: [GC (Allocation Failure) [PSYoungGen: 2448853K->325252K(2456576K)] 3144905K->1065478K(8049152K), 0.0418162 secs] [Times: user=0.29 sys=0.01, real=0.04 secs] 
2021-01-19T13:42:25.994-0800: 251.756: [GC (Allocation Failure) [PSYoungGen: 2442372K->333636K(2451968K)] 3182598K->1124010K(8044544K), 0.0447611 secs] [Times: user=0.29 sys=0.00, real=0.04 secs] 
2021-01-19T13:42:26.328-0800: 252.090: [GC (Allocation Failure) [PSYoungGen: 2446660K->322554K(2454528K)] 3237034K->1151532K(8047104K), 0.0414993 secs] [Times: user=0.29 sys=0.01, real=0.05 secs] 
2021-01-19T13:42:26.674-0800: 252.436: [GC (Allocation Failure) [PSYoungGen: 2435578K->323163K(2457600K)] 3264556K->1190848K(8050176K), 0.0413313 secs] [Times: user=0.29 sys=0.00, real=0.04 secs] 
2021-01-19T13:42:27.009-0800: 252.771: [GC (Allocation Failure) [PSYoungGen: 2440795K->338427K(2456064K)] 3308480K->1264015K(8048640K), 0.0461164 secs] [Times: user=0.30 sys=0.01, real=0.05 secs] 
2021-01-19T13:42:27.335-0800: 253.097: [GC (Allocation Failure) [PSYoungGen: 2456059K->321470K(2412032K)] 3381647K->1292921K(8004608K), 0.0428177 secs] [Times: user=0.31 sys=0.00, real=0.04 secs] 
2021-01-19T13:42:27.664-0800: 253.427: [GC (Allocation Failure) [PSYoungGen: 2393534K->329546K(2434048K)] 3364985K->1352750K(8026624K), 0.0494832 secs] [Times: user=0.33 sys=0.00, real=0.05 secs] 
2021-01-19T13:42:27.981-0800: 253.743: [GC (Allocation Failure) [PSYoungGen: 2401610K->318769K(2438144K)] 3424814K->1388200K(8030720K), 0.0424509 secs] [Times: user=0.29 sys=0.00, real=0.04 secs] 
2021-01-19T13:42:28.315-0800: 254.077: [GC (Allocation Failure) [PSYoungGen: 2398001K->324116K(2437120K)] 3467432K->1439469K(8029696K), 0.0428897 secs] [Times: user=0.31 sys=0.00, real=0.04 secs] 
2021-01-19T13:42:28.654-0800: 254.416: [GC (Allocation Failure) [PSYoungGen: 2403348K->324214K(2442240K)] 3518701K->1486736K(8034816K), 0.0499251 secs] [Times: user=0.33 sys=0.00, real=0.05 secs] 
2021-01-19T13:42:28.976-0800: 254.738: [GC (Allocation Failure) [PSYoungGen: 2410614K->334361K(2440192K)] 3573136K->1543301K(8032768K), 0.0449467 secs] [Times: user=0.31 sys=0.00, real=0.05 secs] 
2021-01-19T13:42:29.308-0800: 255.070: [GC (Allocation Failure) [PSYoungGen: 2420761K->323299K(2444288K)] 3629701K->1577962K(8036864K), 0.0440053 secs] [Times: user=0.32 sys=0.00, real=0.05 secs] 
2021-01-19T13:42:29.625-0800: 255.387: [GC (Allocation Failure) [PSYoungGen: 2414307K->315328K(2442752K)] 3668970K->1615407K(8035328K), 0.0396471 secs] [Times: user=0.29 sys=0.00, real=0.04 secs] 
2021-01-19T13:42:29.944-0800: 255.706: [GC (Allocation Failure) [PSYoungGen: 2406336K->330786K(2445312K)] 3706415K->1676528K(8037888K), 0.0413759 secs] [Times: user=0.30 sys=0.00, real=0.04 secs] 
2021-01-19T13:42:30.256-0800: 256.018: [GC (Allocation Failure) [PSYoungGen: 2424354K->328585K(2444288K)] 3770096K->1726449K(8036864K), 0.0417288 secs] [Times: user=0.30 sys=0.00, real=0.04 secs] 
2021-01-19T13:42:30.576-0800: 256.338: [GC (Allocation Failure) [PSYoungGen: 2422153K->334696K(2445312K)] 3820017K->1774757K(8037888K), 0.0417415 secs] [Times: user=0.30 sys=0.01, real=0.04 secs] 
2021-01-19T13:42:30.887-0800: 256.649: [GC (Allocation Failure) [PSYoungGen: 2431336K->322166K(2446336K)] 3871397K->1813596K(8038912K), 0.0411312 secs] [Times: user=0.30 sys=0.00, real=0.04 secs] 
2021-01-19T13:42:31.217-0800: 256.979: [GC (Allocation Failure) [PSYoungGen: 2418806K->317196K(2447872K)] 3910236K->1852803K(8040448K), 0.0439986 secs] [Times: user=0.24 sys=0.06, real=0.05 secs] 
2021-01-19T13:42:31.541-0800: 257.303: [GC (Allocation Failure) [PSYoungGen: 2416908K->317259K(2447872K)] 3952515K->1899343K(8040448K), 0.0413320 secs] [Times: user=0.27 sys=0.01, real=0.04 secs] 
2021-01-19T13:42:31.865-0800: 257.627: [GC (Allocation Failure) [PSYoungGen: 2416971K->311592K(2448384K)] 3999055K->1935968K(8040960K), 0.0432281 secs] [Times: user=0.31 sys=0.00, real=0.04 secs] 
2021-01-19T13:42:32.197-0800: 257.959: [GC (Allocation Failure) [PSYoungGen: 2412328K->322657K(2448384K)] 4036704K->1987416K(8040960K), 0.0440530 secs] [Times: user=0.32 sys=0.01, real=0.05 secs] 
2021-01-19T13:42:32.548-0800: 258.310: [GC (Allocation Failure) [PSYoungGen: 2423393K->291189K(2443264K)] 4088152K->1998245K(8035840K), 0.0409624 secs] [Times: user=0.27 sys=0.00, real=0.04 secs] 
2021-01-19T13:42:32.859-0800: 258.621: [GC (Allocation Failure) [PSYoungGen: 2388853K->318868K(2446848K)] 4095909K->2068941K(8039424K), 0.0441727 secs] [Times: user=0.32 sys=0.01, real=0.05 secs] 
2021-01-19T13:42:33.178-0800: 258.940: [GC (Allocation Failure) [PSYoungGen: 2416532K->324585K(2450432K)] 4166605K->2117120K(8043008K), 0.0447248 secs] [Times: user=0.33 sys=0.00, real=0.05 secs] 
2021-01-19T13:42:33.494-0800: 259.256: [GC (Allocation Failure) [PSYoungGen: 2428393K->314528K(2449408K)] 4220928K->2155165K(8041984K), 0.0439205 secs] [Times: user=0.31 sys=0.00, real=0.04 secs] 
2021-01-19T13:42:33.827-0800: 259.589: [GC (Allocation Failure) [PSYoungGen: 2418336K->338420K(2442752K)] 4258973K->2221312K(8035328K), 0.0486649 secs] [Times: user=0.31 sys=0.00, real=0.05 secs] 
2021-01-19T13:42:34.171-0800: 259.933: [GC (Allocation Failure) [PSYoungGen: 2437108K->321740K(2447360K)] 4320000K->2249108K(8039936K), 0.0451104 secs] [Times: user=0.32 sys=0.01, real=0.04 secs] 
2021-01-19T13:42:34.510-0800: 260.272: [GC (Allocation Failure) [PSYoungGen: 2420428K->325215K(2451456K)] 4347796K->2300341K(8044032K), 0.0459288 secs] [Times: user=0.32 sys=0.00, real=0.04 secs] 
2021-01-19T13:42:34.839-0800: 260.601: [GC (Allocation Failure) [PSYoungGen: 2430559K->327562K(2449920K)] 4405685K->2345440K(8042496K), 0.0459532 secs] [Times: user=0.33 sys=0.00, real=0.05 secs] 
2021-01-19T13:42:35.170-0800: 260.932: [GC (Allocation Failure) [PSYoungGen: 2432906K->321659K(2453504K)] 4450784K->2383731K(8046080K), 0.0465889 secs] [Times: user=0.29 sys=0.00, real=0.04 secs] 
2021-01-19T13:42:35.536-0800: 261.298: [GC (Allocation Failure) [PSYoungGen: 2430587K->319210K(2451456K)] 4492659K->2427390K(8044032K), 0.0415362 secs] [Times: user=0.29 sys=0.01, real=0.04 secs] 
2021-01-19T13:42:35.868-0800: 261.630: [GC (Allocation Failure) [PSYoungGen: 2428138K->320675K(2456576K)] 4536318K->2474425K(8049152K), 0.0456769 secs] [Times: user=0.30 sys=0.00, real=0.05 secs] 
2021-01-19T13:42:36.170-0800: 261.932: [GC (Allocation Failure) [PSYoungGen: 2436259K->326776K(2455040K)] 4590009K->2520176K(8047616K), 0.0460932 secs] [Times: user=0.30 sys=0.01, real=0.04 secs] 
2021-01-19T13:42:36.514-0800: 262.276: [GC (Allocation Failure) [PSYoungGen: 2442360K->337112K(2449408K)] 4635760K->2577794K(8041984K), 0.0480687 secs] [Times: user=0.32 sys=0.00, real=0.05 secs] 
2021-01-19T13:42:36.886-0800: 262.648: [GC (Allocation Failure) [PSYoungGen: 2447064K->317364K(2452992K)] 4687746K->2598353K(8045568K), 0.0448751 secs] [Times: user=0.29 sys=0.00, real=0.05 secs] 
2021-01-19T13:42:37.210-0800: 262.972: [GC (Allocation Failure) [PSYoungGen: 2427316K->327078K(2454016K)] 4708305K->2649065K(8046592K), 0.0451196 secs] [Times: user=0.30 sys=0.00, real=0.04 secs] 
2021-01-19T13:42:37.543-0800: 263.305: [GC (Allocation Failure) [PSYoungGen: 2438566K->322881K(2453504K)] 4760553K->2690459K(8046080K), 0.0469451 secs] [Times: user=0.29 sys=0.00, real=0.05 secs] 
2021-01-19T13:42:37.864-0800: 263.627: [GC (Allocation Failure) [PSYoungGen: 2434369K->334282K(2451456K)] 4801947K->2744878K(8044032K), 0.0474998 secs] [Times: user=0.34 sys=0.00, real=0.05 secs] 
2021-01-19T13:42:38.200-0800: 263.962: [GC (Allocation Failure) [PSYoungGen: 2445258K->325529K(2453504K)] 4855854K->2771608K(8046080K), 0.0454182 secs] [Times: user=0.32 sys=0.00, real=0.04 secs] 
2021-01-19T13:42:38.514-0800: 264.276: [GC (Allocation Failure) [PSYoungGen: 2436505K->324939K(2456576K)] 4882584K->2817082K(8049152K), 0.0471628 secs] [Times: user=0.33 sys=0.00, real=0.05 secs] 
2021-01-19T13:42:38.832-0800: 264.594: [GC (Allocation Failure) [PSYoungGen: 2440523K->321778K(2455040K)] 4932666K->2857957K(8047616K), 0.0468373 secs] [Times: user=0.32 sys=0.01, real=0.04 secs] 
2021-01-19T13:42:39.184-0800: 264.947: [GC (Allocation Failure) [PSYoungGen: 2437362K->317711K(2457600K)] 4973541K->2900146K(8050176K), 0.0469324 secs] [Times: user=0.33 sys=0.00, real=0.05 secs] 
2021-01-19T13:42:39.514-0800: 265.276: [GC (Allocation Failure) [PSYoungGen: 2436879K->317197K(2457600K)] 5019314K->2943672K(8050176K), 0.0471269 secs] [Times: user=0.31 sys=0.01, real=0.05 secs] 
2021-01-19T13:42:39.844-0800: 265.606: [GC (Allocation Failure) [PSYoungGen: 2436365K->319104K(2458624K)] 5062840K->2991547K(8051200K), 0.0466144 secs] [Times: user=0.34 sys=0.00, real=0.05 secs] 
2021-01-19T13:42:40.154-0800: 265.916: [GC (Allocation Failure) [PSYoungGen: 2439808K->320500K(2458112K)] 5112251K->3033358K(8050688K), 0.0471780 secs] [Times: user=0.34 sys=0.00, real=0.05 secs] 
2021-01-19T13:42:40.508-0800: 266.270: [GC (Allocation Failure) [PSYoungGen: 2441204K->324241K(2460672K)] 5154062K->3078997K(8053248K), 0.0472750 secs] [Times: user=0.35 sys=0.00, real=0.05 secs] 
2021-01-19T13:42:40.865-0800: 266.627: [GC (Allocation Failure) [PSYoungGen: 2448529K->333533K(2458112K)] 5203285K->3135890K(8050688K), 0.0486966 secs] [Times: user=0.34 sys=0.00, real=0.05 secs] 
2021-01-19T13:42:41.199-0800: 266.961: [GC (Allocation Failure) [PSYoungGen: 2457821K->333151K(2452992K)] 5260178K->3177772K(8045568K), 0.0483084 secs] [Times: user=0.35 sys=0.00, real=0.05 secs] 
2021-01-19T13:42:41.550-0800: 267.312: [GC (Allocation Failure) [PSYoungGen: 2448223K->333462K(2448896K)] 5292844K->3227325K(8041472K), 0.0505042 secs] [Times: user=0.34 sys=0.00, real=0.05 secs] 
2021-01-19T13:42:41.897-0800: 267.659: [GC (Allocation Failure) [PSYoungGen: 2448534K->339281K(2446848K)] 5342397K->3278470K(8039424K), 0.0490342 secs] [Times: user=0.35 sys=0.00, real=0.05 secs] 
2021-01-19T13:42:42.226-0800: 267.988: [GC (Allocation Failure) [PSYoungGen: 2444113K->332440K(2450432K)] 5383302K->3324419K(8043008K), 0.0496509 secs] [Times: user=0.36 sys=0.00, real=0.05 secs] 
2021-01-19T13:42:42.555-0800: 268.317: [GC (Allocation Failure) [PSYoungGen: 2437272K->319317K(2450944K)] 5429251K->3358153K(8043520K), 0.0476231 secs] [Times: user=0.33 sys=0.01, real=0.05 secs] 
2021-01-19T13:42:42.884-0800: 268.647: [GC (Allocation Failure) [PSYoungGen: 2424661K->328544K(2450432K)] 5463497K->3412012K(8043008K), 0.0496420 secs] [Times: user=0.34 sys=0.00, real=0.05 secs] 
2021-01-19T13:42:43.208-0800: 268.970: [GC (Allocation Failure) [PSYoungGen: 2433888K->339985K(2445824K)] 5517356K->3464413K(8038400K), 0.0500880 secs] [Times: user=0.36 sys=0.01, real=0.05 secs] 
2021-01-19T13:42:43.560-0800: 269.322: [GC (Allocation Failure) [PSYoungGen: 2441745K->336380K(2438144K)] 5566173K->3503410K(8030720K), 0.0499264 secs] [Times: user=0.34 sys=0.00, real=0.05 secs] 
2021-01-19T13:42:43.868-0800: 269.631: [GC (Allocation Failure) [PSYoungGen: 2438140K->334626K(2447360K)] 5605170K->3542356K(8039936K), 0.0493272 secs] [Times: user=0.36 sys=0.01, real=0.05 secs] 
2021-01-19T13:42:44.195-0800: 269.957: [GC (Allocation Failure) [PSYoungGen: 2433314K->327967K(2447360K)] 5641044K->3579901K(8039936K), 0.0489740 secs] [Times: user=0.35 sys=0.00, real=0.05 secs] 
2021-01-19T13:42:44.500-0800: 270.262: [GC (Allocation Failure) [PSYoungGen: 2426655K->327482K(2450432K)] 5678589K->3626252K(8043008K), 0.0494823 secs] [Times: user=0.35 sys=0.01, real=0.04 secs] 
2021-01-19T13:42:44.833-0800: 270.595: [GC (Allocation Failure) [PSYoungGen: 2430778K->318992K(2448896K)] 5729548K->3664665K(8041472K), 0.0494711 secs] [Times: user=0.34 sys=0.00, real=0.05 secs] 
2021-01-19T13:42:45.161-0800: 270.923: [GC (Allocation Failure) [PSYoungGen: 2422288K->337848K(2446336K)] 5767961K->3729273K(8038912K), 0.0504690 secs] [Times: user=0.34 sys=0.01, real=0.05 secs] 
2021-01-19T13:42:45.472-0800: 271.234: [GC (Allocation Failure) [PSYoungGen: 2438584K->313233K(2414080K)] 5830009K->3753423K(8006656K), 0.0485498 secs] [Times: user=0.32 sys=0.00, real=0.05 secs] 
2021-01-19T13:42:45.801-0800: 271.563: [GC (Allocation Failure) [PSYoungGen: 2413969K->322566K(2448896K)] 5854159K->3805489K(8041472K), 0.0474172 secs] [Times: user=0.32 sys=0.01, real=0.04 secs] 
2021-01-19T13:42:46.134-0800: 271.896: [GC (Allocation Failure) [PSYoungGen: 2422790K->319483K(2447360K)] 5905713K->3851509K(8039936K), 0.0512264 secs] [Times: user=0.34 sys=0.00, real=0.05 secs] 
2021-01-19T13:42:46.451-0800: 272.214: [GC (Allocation Failure) [PSYoungGen: 2419707K->324278K(2450944K)] 5951733K->3893717K(8043520K), 0.0490200 secs] [Times: user=0.34 sys=0.01, real=0.05 secs] 
2021-01-19T13:42:46.800-0800: 272.562: [GC (Allocation Failure) [PSYoungGen: 2428598K->318951K(2449408K)] 5998037K->3929409K(8041984K), 0.0482437 secs] [Times: user=0.34 sys=0.00, real=0.04 secs] 
2021-01-19T13:42:47.137-0800: 272.899: [GC (Allocation Failure) [PSYoungGen: 2423271K->319429K(2452480K)] 6033729K->3971536K(8045056K), 0.0478221 secs] [Times: user=0.35 sys=0.00, real=0.05 secs] 
2021-01-19T13:42:47.491-0800: 273.253: [GC (Allocation Failure) [PSYoungGen: 2427845K->338478K(2447360K)] 6079952K->4035902K(8039936K), 0.0521955 secs] [Times: user=0.37 sys=0.00, real=0.05 secs] 
2021-01-19T13:42:47.830-0800: 273.592: [GC (Allocation Failure) [PSYoungGen: 2446894K->314412K(2449408K)] 6144318K->4052591K(8041984K), 0.0494823 secs] [Times: user=0.34 sys=0.01, real=0.05 secs] 
2021-01-19T13:42:48.158-0800: 273.920: [GC (Allocation Failure) [PSYoungGen: 2417196K->323414K(2449408K)] 6155375K->4101562K(8041984K), 0.0484245 secs] [Times: user=0.34 sys=0.00, real=0.05 secs] 
2021-01-19T13:42:48.484-0800: 274.246: [GC (Allocation Failure) [PSYoungGen: 2426198K->314728K(2451456K)] 6204346K->4135084K(8044032K), 0.0487976 secs] [Times: user=0.34 sys=0.01, real=0.05 secs] 
2021-01-19T13:42:48.801-0800: 274.564: [GC (Allocation Failure) [PSYoungGen: 2421608K->326260K(2451456K)] 6241964K->4183408K(8044032K), 0.0496949 secs] [Times: user=0.33 sys=0.00, real=0.05 secs] 
2021-01-19T13:42:49.143-0800: 274.905: [GC (Allocation Failure) [PSYoungGen: 2433140K->316802K(2453504K)] 6290288K->4218015K(8046080K), 0.0521838 secs] [Times: user=0.29 sys=0.00, real=0.05 secs] 
2021-01-19T13:42:49.509-0800: 275.271: [GC (Allocation Failure) [PSYoungGen: 2426754K->324934K(2452480K)] 6327967K->4267455K(8045056K), 0.0509512 secs] [Times: user=0.35 sys=0.00, real=0.06 secs] 
2021-01-19T13:42:49.842-0800: 275.604: [GC (Allocation Failure) [PSYoungGen: 2434886K->324846K(2456064K)] 6377407K->4310958K(8048640K), 0.0532482 secs] [Times: user=0.33 sys=0.01, real=0.05 secs] 
2021-01-19T13:42:50.173-0800: 275.936: [GC (Allocation Failure) [PSYoungGen: 2439406K->324495K(2454528K)] 6425518K->4350858K(8047104K), 0.0501988 secs] [Times: user=0.31 sys=0.00, real=0.05 secs] 
2021-01-19T13:42:50.497-0800: 276.259: [GC (Allocation Failure) [PSYoungGen: 2439055K->331000K(2455040K)] 6465418K->4401206K(8047616K), 0.0516461 secs] [Times: user=0.36 sys=0.01, real=0.05 secs] 
2021-01-19T13:42:50.842-0800: 276.604: [GC (Allocation Failure) [PSYoungGen: 2447096K->339790K(2456064K)] 6517302K->4450584K(8048640K), 0.0531155 secs] [Times: user=0.31 sys=0.00, real=0.05 secs] 
2021-01-19T13:42:51.184-0800: 276.947: [GC (Allocation Failure) [PSYoungGen: 2455886K->311956K(2446848K)] 6566680K->4472039K(8039424K), 0.0521131 secs] [Times: user=0.32 sys=0.00, real=0.05 secs] 
2021-01-19T13:42:51.524-0800: 277.287: [GC (Allocation Failure) [PSYoungGen: 2418836K->310952K(2418176K)] 6578919K->4513622K(8010752K), 0.0503477 secs] [Times: user=0.36 sys=0.01, real=0.05 secs] 
2021-01-19T13:42:51.850-0800: 277.612: [GC (Allocation Failure) [PSYoungGen: 2417832K->335639K(2445824K)] 6620502K->4577963K(8038400K), 0.0537621 secs] [Times: user=0.35 sys=0.00, real=0.05 secs] 
2021-01-19T13:42:52.189-0800: 277.951: [GC (Allocation Failure) [PSYoungGen: 2436375K->315116K(2448384K)] 6678699K->4606039K(8040960K), 0.0527289 secs] [Times: user=0.33 sys=0.00, real=0.06 secs] 
2021-01-19T13:42:52.525-0800: 278.288: [GC (Allocation Failure) [PSYoungGen: 2415852K->317358K(2450432K)] 6706775K->4656890K(8043008K), 0.0504716 secs] [Times: user=0.33 sys=0.01, real=0.05 secs] 
2021-01-19T13:42:52.851-0800: 278.613: [GC (Allocation Failure) [PSYoungGen: 2421166K->331772K(2449408K)] 6760698K->4712487K(8041984K), 0.0527914 secs] [Times: user=0.37 sys=0.00, real=0.05 secs] 
2021-01-19T13:42:53.182-0800: 278.944: [GC (Allocation Failure) [PSYoungGen: 2435580K->320334K(2450944K)] 6816295K->4744247K(8043520K), 0.0520495 secs] [Times: user=0.35 sys=0.00, real=0.05 secs] 
2021-01-19T13:42:53.512-0800: 279.274: [GC (Allocation Failure) [PSYoungGen: 2424654K->317378K(2449408K)] 6848567K->4784724K(8041984K), 0.0517591 secs] [Times: user=0.35 sys=0.01, real=0.05 secs] 
2021-01-19T13:42:53.834-0800: 279.596: [GC (Allocation Failure) [PSYoungGen: 2421698K->305905K(2450944K)] 6889044K->4817475K(8043520K), 0.0491616 secs] [Times: user=0.31 sys=0.00, real=0.05 secs] 
2021-01-19T13:42:54.166-0800: 279.928: [GC (Allocation Failure) [PSYoungGen: 2412785K->330663K(2437632K)] 6924355K->4883191K(8030208K), 0.0520931 secs] [Times: user=0.38 sys=0.01, real=0.05 secs] 
2021-01-19T13:42:54.503-0800: 280.266: [GC (Allocation Failure) [PSYoungGen: 2437543K->317877K(2451968K)] 6990071K->4919554K(8044544K), 0.0522142 secs] [Times: user=0.36 sys=0.00, real=0.05 secs] 
2021-01-19T13:42:54.852-0800: 280.614: [GC (Allocation Failure) [PSYoungGen: 2424245K->323529K(2450432K)] 7025922K->4964976K(8043008K), 0.0523025 secs] [Times: user=0.34 sys=0.01, real=0.05 secs] 
2021-01-19T13:42:55.186-0800: 280.949: [GC (Allocation Failure) [PSYoungGen: 2429897K->313092K(2454016K)] 7071344K->5000062K(8046592K), 0.0465301 secs] [Times: user=0.29 sys=0.01, real=0.05 secs] 
2021-01-19T13:42:55.516-0800: 281.279: [GC (Allocation Failure) [PSYoungGen: 2424580K->334203K(2445824K)] 7111550K->5065006K(8038400K), 0.0472910 secs] [Times: user=0.30 sys=0.00, real=0.05 secs] 
2021-01-19T13:42:55.834-0800: 281.597: [GC (Allocation Failure) [PSYoungGen: 2445691K->316985K(2452480K)] 7176494K->5097219K(8045056K), 0.0534222 secs] [Times: user=0.37 sys=0.01, real=0.05 secs] 
2021-01-19T13:42:56.159-0800: 281.921: [GC (Allocation Failure) [PSYoungGen: 2424377K->326822K(2450944K)] 7204611K->5150748K(8043520K), 0.0545959 secs] [Times: user=0.37 sys=0.00, real=0.06 secs] 
2021-01-19T13:42:56.492-0800: 282.255: [GC (Allocation Failure) [PSYoungGen: 2434214K->330549K(2450944K)] 7258140K->5196889K(8043520K), 0.0537693 secs] [Times: user=0.39 sys=0.00, real=0.05 secs] 
2021-01-19T13:42:56.838-0800: 282.600: [GC (Allocation Failure) [PSYoungGen: 2438453K->337017K(2445312K)] 7304793K->5242608K(8037888K), 0.0541612 secs] [Times: user=0.38 sys=0.00, real=0.06 secs] 
2021-01-19T13:42:57.166-0800: 282.928: [GC (Allocation Failure) [PSYoungGen: 2444921K->330428K(2448896K)] 7350512K->5282712K(8041472K), 0.0591976 secs] [Times: user=0.35 sys=0.01, real=0.06 secs] 
2021-01-19T13:42:57.599-0800: 283.361: [GC (Allocation Failure) [PSYoungGen: 2432188K->315866K(2448896K)] 7384472K->5314879K(8041472K), 0.0532338 secs] [Times: user=0.36 sys=0.01, real=0.06 secs] 
2021-01-19T13:42:57.919-0800: 283.682: [GC (Allocation Failure) [PSYoungGen: 2417626K->323690K(2451456K)] 7416639K->5366367K(8044032K), 0.0639537 secs] [Times: user=0.34 sys=0.04, real=0.07 secs] 
2021-01-19T13:42:58.278-0800: 284.041: [GC (Allocation Failure) [PSYoungGen: 2428522K->333051K(2449408K)] 7471199K->5425109K(8041984K), 0.0553133 secs] [Times: user=0.41 sys=0.01, real=0.06 secs] 
2021-01-19T13:42:58.619-0800: 284.382: [GC (Allocation Failure) [PSYoungGen: 2437883K->317529K(2450944K)] 7529941K->5450790K(8043520K), 0.0513677 secs] [Times: user=0.37 sys=0.00, real=0.06 secs] 
2021-01-19T13:42:58.959-0800: 284.722: [GC (Allocation Failure) [PSYoungGen: 2422873K->324096K(2450432K)] 7556134K->5492350K(8043008K), 0.0530330 secs] [Times: user=0.37 sys=0.01, real=0.06 secs] 
2021-01-19T13:42:59.312-0800: 285.074: [GC (Allocation Failure) [PSYoungGen: 2429440K->316366K(2453504K)] 7597694K->5530571K(8046080K), 0.0529857 secs] [Times: user=0.38 sys=0.00, real=0.05 secs] 
2021-01-19T13:42:59.636-0800: 285.399: [GC (Allocation Failure) [PSYoungGen: 2426830K->303228K(2414080K)] 7641035K->5559685K(8006656K), 0.0521085 secs] [Times: user=0.30 sys=0.00, real=0.05 secs] 
2021-01-19T13:42:59.957-0800: 285.719: [GC (Allocation Failure) [PSYoungGen: 2413692K->330645K(2449920K)] 7670149K->5630555K(8042496K), 0.0547189 secs] [Times: user=0.37 sys=0.02, real=0.06 secs] 
2021-01-19T13:43:00.324-0800: 286.086: [GC (Allocation Failure) [PSYoungGen: 2436501K->315940K(2450944K)] 7736411K->5662683K(8043520K), 0.0535934 secs] [Times: user=0.37 sys=0.01, real=0.05 secs] 
2021-01-19T13:43:00.661-0800: 286.423: [GC (Allocation Failure) [PSYoungGen: 2421796K->336980K(2444800K)] 7768539K->5724714K(8037376K), 0.0559519 secs] [Times: user=0.35 sys=0.01, real=0.05 secs] 
2021-01-19T13:43:01.011-0800: 286.774: [GC (Allocation Failure) [PSYoungGen: 2437716K->324751K(2448384K)] 7825450K->5756436K(8040960K), 0.0560129 secs] [Times: user=0.37 sys=0.00, real=0.05 secs] 
2021-01-19T13:43:01.329-0800: 287.091: [GC (Allocation Failure) [PSYoungGen: 2425487K->320190K(2451968K)] 7857172K->5792389K(8044544K), 0.0546985 secs] [Times: user=0.34 sys=0.05, real=0.06 secs] 
2021-01-19T13:43:01.654-0800: 287.417: [GC (Allocation Failure) [PSYoungGen: 2426558K->327819K(2450432K)] 7898757K->5843668K(8043008K), 0.0560653 secs] [Times: user=0.36 sys=0.00, real=0.06 secs] 
2021-01-19T13:43:01.991-0800: 287.753: [GC (Allocation Failure) [PSYoungGen: 2434187K->325162K(2453504K)] 7950036K->5882722K(8046080K), 0.0558679 secs] [Times: user=0.33 sys=0.06, real=0.05 secs] 
2021-01-19T13:43:02.047-0800: 287.809: [Full GC (Ergonomics) [PSYoungGen: 325162K->0K(2453504K)] [ParOldGen: 5557560K->373642K(5592576K)] 5882722K->373642K(8046080K), [Metaspace: 2589K->2589K(1056768K)], 0.0626174 secs] [Times: user=0.30 sys=0.02, real=0.06 secs] 
2021-01-19T13:43:02.372-0800: 288.134: [GC (Allocation Failure) [PSYoungGen: 2109952K->317498K(2452480K)] 2483594K->691140K(8045056K), 0.0353493 secs] [Times: user=0.24 sys=0.01, real=0.03 secs] 
2021-01-19T13:43:02.712-0800: 288.474: [GC (Allocation Failure) [PSYoungGen: 2427450K->314500K(2455040K)] 2801092K->726759K(8047616K), 0.0401860 secs] [Times: user=0.27 sys=0.01, real=0.04 secs] 
2021-01-19T13:43:03.052-0800: 288.815: [GC (Allocation Failure) [PSYoungGen: 2428036K->331800K(2445824K)] 2840295K->792781K(8038400K), 0.0424447 secs] [Times: user=0.30 sys=0.00, real=0.04 secs] 
2021-01-19T13:43:03.394-0800: 289.156: [GC (Allocation Failure) [PSYoungGen: 2445336K->326743K(2454016K)] 2906317K->833489K(8046592K), 0.0418807 secs] [Times: user=0.29 sys=0.01, real=0.04 secs] 
2021-01-19T13:43:03.735-0800: 289.498: [GC (Allocation Failure) [PSYoungGen: 2437719K->323631K(2452992K)] 2944465K->870804K(8045568K), 0.0406275 secs] [Times: user=0.27 sys=0.00, real=0.04 secs] 
2021-01-19T13:43:04.058-0800: 289.821: [GC (Allocation Failure) [PSYoungGen: 2434607K->326033K(2456576K)] 2981780K->919131K(8049152K), 0.0393210 secs] [Times: user=0.27 sys=0.01, real=0.04 secs] 
2021-01-19T13:43:04.367-0800: 290.130: [GC (Allocation Failure) [PSYoungGen: 2442129K->328494K(2455552K)] 3035227K->959242K(8048128K), 0.0397337 secs] [Times: user=0.28 sys=0.00, real=0.04 secs] 
2021-01-19T13:43:04.684-0800: 290.446: [GC (Allocation Failure) [PSYoungGen: 2444590K->309769K(2454016K)] 3075338K->989825K(8046592K), 0.0380832 secs] [Times: user=0.26 sys=0.00, real=0.04 secs] 
2021-01-19T13:43:04.973-0800: 290.736: [GC (Allocation Failure) [PSYoungGen: 2423817K->335966K(2450432K)] 3103873K->1052636K(8043008K), 0.0418299 secs] [Times: user=0.28 sys=0.00, real=0.04 secs] 
2021-01-19T13:43:05.297-0800: 291.059: [GC (Allocation Failure) [PSYoungGen: 2450014K->326348K(2453504K)] 3166684K->1087001K(8046080K), 0.0420353 secs] [Times: user=0.29 sys=0.00, real=0.04 secs] 
2021-01-19T13:43:05.635-0800: 291.397: [GC (Allocation Failure) [PSYoungGen: 2435788K->338395K(2447872K)] 3196441K->1145022K(8040448K), 0.0436922 secs] [Times: user=0.29 sys=0.01, real=0.04 secs] 
2021-01-19T13:43:05.966-0800: 291.729: [GC (Allocation Failure) [PSYoungGen: 2447835K->330778K(2449920K)] 3254462K->1183249K(8042496K), 0.0433958 secs] [Times: user=0.29 sys=0.00, real=0.05 secs] 
2021-01-19T13:43:06.302-0800: 292.064: [GC (Allocation Failure) [PSYoungGen: 2434586K->319905K(2449920K)] 3287057K->1215107K(8042496K), 0.0424400 secs] [Times: user=0.30 sys=0.01, real=0.04 secs] 
2021-01-19T13:43:06.628-0800: 292.391: [GC (Allocation Failure) [PSYoungGen: 2423713K->323960K(2452480K)] 3318915K->1262648K(8045056K), 0.0424593 secs] [Times: user=0.27 sys=0.00, real=0.05 secs] 
2021-01-19T13:43:06.959-0800: 292.721: [GC (Allocation Failure) [PSYoungGen: 2431352K->323481K(2450944K)] 3370040K->1304285K(8043520K), 0.0427575 secs] [Times: user=0.27 sys=0.01, real=0.05 secs] 
2021-01-19T13:43:07.280-0800: 293.043: [GC (Allocation Failure) [PSYoungGen: 2430873K->327795K(2454528K)] 3411677K->1358367K(8047104K), 0.0440229 secs] [Times: user=0.28 sys=0.00, real=0.04 secs] 
2021-01-19T13:43:07.608-0800: 293.371: [GC (Allocation Failure) [PSYoungGen: 2440307K->339111K(2451968K)] 3470879K->1416144K(8044544K), 0.0430346 secs] [Times: user=0.26 sys=0.00, real=0.05 secs] 
2021-01-19T13:43:07.935-0800: 293.697: [GC (Allocation Failure) [PSYoungGen: 2451623K->327172K(2452992K)] 3528656K->1449558K(8045568K), 0.0433419 secs] [Times: user=0.28 sys=0.00, real=0.04 secs] 
2021-01-19T13:43:08.244-0800: 294.007: [GC (Allocation Failure) [PSYoungGen: 2436100K->326956K(2451968K)] 3558486K->1491649K(8044544K), 0.0436641 secs] [Times: user=0.26 sys=0.00, real=0.04 secs] 
2021-01-19T13:43:08.569-0800: 294.332: [GC (Allocation Failure) [PSYoungGen: 2435884K->317156K(2453504K)] 3600577K->1528622K(8046080K), 0.0418437 secs] [Times: user=0.29 sys=0.00, real=0.05 secs] 
2021-01-19T13:43:08.876-0800: 294.639: [GC (Allocation Failure) [PSYoungGen: 2429156K->327045K(2454016K)] 3640622K->1586050K(8046592K), 0.0444989 secs] [Times: user=0.27 sys=0.00, real=0.05 secs] 
2021-01-19T13:43:09.218-0800: 294.981: [GC (Allocation Failure) [PSYoungGen: 2439045K->321413K(2456064K)] 3698050K->1621609K(8048640K), 0.0422337 secs] [Times: user=0.29 sys=0.00, real=0.05 secs] 
2021-01-19T13:43:09.529-0800: 295.291: [GC (Allocation Failure) [PSYoungGen: 2436997K->325736K(2455552K)] 3737193K->1666791K(8048128K), 0.0429589 secs] [Times: user=0.28 sys=0.00, real=0.05 secs] 
2021-01-19T13:43:09.863-0800: 295.626: [GC (Allocation Failure) [PSYoungGen: 2441320K->320097K(2457600K)] 3782375K->1702593K(8050176K), 0.0425902 secs] [Times: user=0.26 sys=0.00, real=0.04 secs] 
2021-01-19T13:43:10.207-0800: 295.970: [GC (Allocation Failure) [PSYoungGen: 2439265K->320047K(2457600K)] 3821761K->1739214K(8050176K), 0.0448556 secs] [Times: user=0.22 sys=0.00, real=0.05 secs] 
2021-01-19T13:43:10.553-0800: 296.315: [GC (Allocation Failure) [PSYoungGen: 2439215K->332103K(2455040K)] 3858382K->1790450K(8047616K), 0.0448730 secs] [Times: user=0.30 sys=0.01, real=0.04 secs] 
2021-01-19T13:43:10.880-0800: 296.642: [GC (Allocation Failure) [PSYoungGen: 2449223K->327860K(2456576K)] 3907570K->1833259K(8049152K), 0.0450009 secs] [Times: user=0.31 sys=0.00, real=0.04 secs] 
2021-01-19T13:43:11.214-0800: 296.977: [GC (Allocation Failure) [PSYoungGen: 2444980K->332966K(2454016K)] 3950379K->1874650K(8046592K), 0.0455820 secs] [Times: user=0.29 sys=0.01, real=0.05 secs] 
2021-01-19T13:43:11.531-0800: 297.294: [GC (Allocation Failure) [PSYoungGen: 2448038K->320881K(2455552K)] 3989722K->1911759K(8048128K), 0.0450877 secs] [Times: user=0.29 sys=0.00, real=0.04 secs] 
2021-01-19T13:43:11.878-0800: 297.641: [GC (Allocation Failure) [PSYoungGen: 2435953K->336884K(2450944K)] 4026831K->1966806K(8043520K), 0.0458100 secs] [Times: user=0.32 sys=0.02, real=0.05 secs] 
2021-01-19T13:43:12.195-0800: 297.958: [GC (Allocation Failure) [PSYoungGen: 2447860K->323562K(2453504K)] 4077782K->2001253K(8046080K), 0.0439022 secs] [Times: user=0.30 sys=0.00, real=0.04 secs] 
2021-01-19T13:43:12.514-0800: 298.276: [GC (Allocation Failure) [PSYoungGen: 2434538K->329566K(2454528K)] 4112229K->2047245K(8047104K), 0.0442352 secs] [Times: user=0.32 sys=0.00, real=0.04 secs] 
2021-01-19T13:43:12.857-0800: 298.620: [GC (Allocation Failure) [PSYoungGen: 2442590K->330080K(2454528K)] 4160269K->2087086K(8047104K), 0.0448696 secs] [Times: user=0.32 sys=0.00, real=0.05 secs] 
2021-01-19T13:43:13.203-0800: 298.966: [GC (Allocation Failure) [PSYoungGen: 2443104K->320326K(2455040K)] 4200110K->2123587K(8047616K), 0.0456887 secs] [Times: user=0.34 sys=0.00, real=0.04 secs] 
2021-01-19T13:43:13.539-0800: 299.301: [GC (Allocation Failure) [PSYoungGen: 2434374K->335584K(2449920K)] 4237635K->2177810K(8042496K), 0.0460617 secs] [Times: user=0.31 sys=0.00, real=0.05 secs] 
2021-01-19T13:43:13.865-0800: 299.628: [GC (Allocation Failure) [PSYoungGen: 2449632K->327222K(2454528K)] 4291858K->2211233K(8047104K), 0.0454566 secs] [Times: user=0.33 sys=0.00, real=0.05 secs] 
2021-01-19T13:43:14.186-0800: 299.949: [GC (Allocation Failure) [PSYoungGen: 2438710K->316711K(2452992K)] 4322721K->2244655K(8045568K), 0.0445847 secs] [Times: user=0.32 sys=0.01, real=0.05 secs] 
2021-01-19T13:43:14.529-0800: 300.291: [GC (Allocation Failure) [PSYoungGen: 2428199K->330328K(2454528K)] 4356143K->2296206K(8047104K), 0.0476494 secs] [Times: user=0.32 sys=0.00, real=0.05 secs] 
2021-01-19T13:43:14.839-0800: 300.602: [GC (Allocation Failure) [PSYoungGen: 2443352K->322365K(2454528K)] 4409230K->2335525K(8047104K), 0.0454871 secs] [Times: user=0.32 sys=0.01, real=0.05 secs] 
2021-01-19T13:43:15.182-0800: 300.945: [GC (Allocation Failure) [PSYoungGen: 2435389K->320148K(2455552K)] 4448549K->2381318K(8048128K), 0.0457019 secs] [Times: user=0.32 sys=0.00, real=0.04 secs] 
2021-01-19T13:43:15.524-0800: 301.287: [GC (Allocation Failure) [PSYoungGen: 2434708K->313532K(2455040K)] 4495878K->2420659K(8047616K), 0.0452392 secs] [Times: user=0.30 sys=0.01, real=0.05 secs] 
2021-01-19T13:43:15.866-0800: 301.629: [GC (Allocation Failure) [PSYoungGen: 2428092K->327195K(2455552K)] 4535219K->2481010K(8048128K), 0.0467832 secs] [Times: user=0.33 sys=0.00, real=0.05 secs] 
2021-01-19T13:43:16.190-0800: 301.953: [GC (Allocation Failure) [PSYoungGen: 2441755K->326943K(2455040K)] 4595570K->2523420K(8047616K), 0.0463152 secs] [Times: user=0.32 sys=0.00, real=0.04 secs] 
2021-01-19T13:43:16.510-0800: 302.273: [GC (Allocation Failure) [PSYoungGen: 2441503K->314933K(2456064K)] 4637980K->2555917K(8048640K), 0.0456492 secs] [Times: user=0.33 sys=0.00, real=0.04 secs] 
2021-01-19T13:43:16.828-0800: 302.590: [GC (Allocation Failure) [PSYoungGen: 2431029K->322891K(2456064K)] 4672013K->2604149K(8048640K), 0.0461950 secs] [Times: user=0.30 sys=0.01, real=0.05 secs] 
2021-01-19T13:43:17.164-0800: 302.927: [GC (Allocation Failure) [PSYoungGen: 2438987K->324471K(2458624K)] 4720245K->2649760K(8051200K), 0.0461041 secs] [Times: user=0.32 sys=0.01, real=0.05 secs] 
2021-01-19T13:43:17.487-0800: 303.249: [GC (Allocation Failure) [PSYoungGen: 2444663K->321442K(2457600K)] 4769952K->2687947K(8050176K), 0.0461163 secs] [Times: user=0.30 sys=0.00, real=0.05 secs] 
2021-01-19T13:43:17.817-0800: 303.579: [GC (Allocation Failure) [PSYoungGen: 2441634K->320535K(2460160K)] 4808139K->2733765K(8052736K), 0.0461882 secs] [Times: user=0.32 sys=0.01, real=0.05 secs] 
2021-01-19T13:43:18.151-0800: 303.914: [GC (Allocation Failure) [PSYoungGen: 2444311K->326978K(2459648K)] 4857541K->2785812K(8052224K), 0.0470409 secs] [Times: user=0.31 sys=0.00, real=0.04 secs] 
2021-01-19T13:43:18.496-0800: 304.259: [GC (Allocation Failure) [PSYoungGen: 2450754K->331223K(2457088K)] 4909588K->2826551K(8049664K), 0.0484829 secs] [Times: user=0.34 sys=0.01, real=0.05 secs] 
2021-01-19T13:43:18.836-0800: 304.598: [GC (Allocation Failure) [PSYoungGen: 2452439K->331941K(2453504K)] 4947767K->2872066K(8046080K), 0.0480724 secs] [Times: user=0.33 sys=0.00, real=0.05 secs] 
2021-01-19T13:43:19.183-0800: 304.945: [GC (Allocation Failure) [PSYoungGen: 2453157K->317374K(2457088K)] 4993282K->2907975K(8049664K), 0.0489009 secs] [Times: user=0.32 sys=0.01, real=0.05 secs] 
2021-01-19T13:43:19.508-0800: 305.271: [GC (Allocation Failure) [PSYoungGen: 2435518K->336553K(2455040K)] 5026119K->2970352K(8047616K), 0.0486923 secs] [Times: user=0.36 sys=0.00, real=0.05 secs] 
2021-01-19T13:43:19.850-0800: 305.613: [GC (Allocation Failure) [PSYoungGen: 2454697K->318362K(2454016K)] 5088496K->2997596K(8046592K), 0.0478854 secs] [Times: user=0.33 sys=0.01, real=0.04 secs] 
2021-01-19T13:43:20.183-0800: 305.946: [GC (Allocation Failure) [PSYoungGen: 2431386K->341173K(2454528K)] 5110620K->3056549K(8047104K), 0.0492760 secs] [Times: user=0.32 sys=0.00, real=0.05 secs] 
2021-01-19T13:43:20.507-0800: 306.269: [GC (Allocation Failure) [PSYoungGen: 2454197K->330551K(2446336K)] 5169573K->3083961K(8038912K), 0.0463844 secs] [Times: user=0.34 sys=0.01, real=0.05 secs] 
2021-01-19T13:43:20.837-0800: 306.599: [GC (Allocation Failure) [PSYoungGen: 2435383K->318401K(2450432K)] 5188793K->3118062K(8043008K), 0.0469424 secs] [Times: user=0.33 sys=0.00, real=0.05 secs] 
2021-01-19T13:43:21.154-0800: 306.917: [GC (Allocation Failure) [PSYoungGen: 2423233K->343479K(2441728K)] 5222894K->3188245K(8034304K), 0.0491844 secs] [Times: user=0.35 sys=0.01, real=0.05 secs] 
2021-01-19T13:43:21.482-0800: 307.245: [GC (Allocation Failure) [PSYoungGen: 2440119K->328801K(2446336K)] 5284885K->3219715K(8038912K), 0.0485919 secs] [Times: user=0.34 sys=0.01, real=0.05 secs] 
2021-01-19T13:43:21.816-0800: 307.579: [GC (Allocation Failure) [PSYoungGen: 2425441K->326516K(2449920K)] 5316355K->3255196K(8042496K), 0.0472065 secs] [Times: user=0.31 sys=0.00, real=0.05 secs] 
2021-01-19T13:43:22.155-0800: 307.917: [GC (Allocation Failure) [PSYoungGen: 2428276K->332545K(2447872K)] 5356956K->3304723K(8040448K), 0.0481913 secs] [Times: user=0.34 sys=0.01, real=0.05 secs] 
2021-01-19T13:43:22.488-0800: 308.251: [GC (Allocation Failure) [PSYoungGen: 2434305K->313024K(2447872K)] 5406483K->3323051K(8040448K), 0.0454225 secs] [Times: user=0.31 sys=0.00, real=0.05 secs] 
2021-01-19T13:43:22.818-0800: 308.580: [GC (Allocation Failure) [PSYoungGen: 2414784K->319379K(2448896K)] 5424811K->3373051K(8041472K), 0.0477890 secs] [Times: user=0.33 sys=0.01, real=0.05 secs] 
2021-01-19T13:43:23.130-0800: 308.893: [GC (Allocation Failure) [PSYoungGen: 2421139K->325082K(2451456K)] 5474811K->3421809K(8044032K), 0.0477609 secs] [Times: user=0.34 sys=0.00, real=0.04 secs] 
2021-01-19T13:43:23.446-0800: 309.208: [GC (Allocation Failure) [PSYoungGen: 2430426K->331014K(2449920K)] 5527153K->3474789K(8042496K), 0.0490923 secs] [Times: user=0.34 sys=0.00, real=0.05 secs] 
2021-01-19T13:43:23.795-0800: 309.557: [GC (Allocation Failure) [PSYoungGen: 2436358K->328385K(2452480K)] 5580133K->3513989K(8045056K), 0.0480539 secs] [Times: user=0.35 sys=0.00, real=0.05 secs] 
2021-01-19T13:43:24.117-0800: 309.880: [GC (Allocation Failure) [PSYoungGen: 2436289K->318683K(2451456K)] 5621893K->3553687K(8044032K), 0.0487962 secs] [Times: user=0.35 sys=0.00, real=0.05 secs] 
2021-01-19T13:43:24.429-0800: 310.192: [GC (Allocation Failure) [PSYoungGen: 2426587K->324527K(2454528K)] 5661591K->3604135K(8047104K), 0.0430159 secs] [Times: user=0.31 sys=0.01, real=0.05 secs] 
2021-01-19T13:43:24.762-0800: 310.525: [GC (Allocation Failure) [PSYoungGen: 2436015K->316405K(2452992K)] 5715623K->3640741K(8045568K), 0.0475466 secs] [Times: user=0.34 sys=0.00, real=0.05 secs] 
2021-01-19T13:43:25.083-0800: 310.845: [GC (Allocation Failure) [PSYoungGen: 2427893K->331089K(2452480K)] 5752229K->3699697K(8045056K), 0.0499884 secs] [Times: user=0.35 sys=0.01, real=0.05 secs] 
2021-01-19T13:43:25.412-0800: 311.175: [GC (Allocation Failure) [PSYoungGen: 2442065K->326646K(2453504K)] 5810673K->3737544K(8046080K), 0.0484784 secs] [Times: user=0.34 sys=0.00, real=0.05 secs] 
2021-01-19T13:43:25.738-0800: 311.501: [GC (Allocation Failure) [PSYoungGen: 2437622K->329747K(2455040K)] 5848520K->3784413K(8047616K), 0.0505378 secs] [Times: user=0.35 sys=0.00, real=0.05 secs] 
2021-01-19T13:43:26.087-0800: 311.850: [GC (Allocation Failure) [PSYoungGen: 2443795K->336213K(2450432K)] 5898461K->3830612K(8043008K), 0.0504926 secs] [Times: user=0.33 sys=0.00, real=0.05 secs] 
2021-01-19T13:43:26.423-0800: 312.186: [GC (Allocation Failure) [PSYoungGen: 2450261K->341887K(2445312K)] 5944660K->3877823K(8037888K), 0.0513821 secs] [Times: user=0.35 sys=0.01, real=0.05 secs] 
2021-01-19T13:43:26.753-0800: 312.515: [GC (Allocation Failure) [PSYoungGen: 2443647K->326659K(2448896K)] 5979583K->3904163K(8041472K), 0.0484959 secs] [Times: user=0.33 sys=0.00, real=0.05 secs] 
2021-01-19T13:43:27.086-0800: 312.848: [GC (Allocation Failure) [PSYoungGen: 2428419K->323796K(2451456K)] 6005923K->3944018K(8044032K), 0.0500657 secs] [Times: user=0.31 sys=0.00, real=0.05 secs] 
2021-01-19T13:43:27.412-0800: 313.175: [GC (Allocation Failure) [PSYoungGen: 2429535K->323424K(2450432K)] 6049757K->3990987K(8043008K), 0.0486155 secs] [Times: user=0.34 sys=0.00, real=0.05 secs] 
2021-01-19T13:43:27.733-0800: 313.495: [GC (Allocation Failure) [PSYoungGen: 2429280K->323807K(2452992K)] 6096843K->4037451K(8045568K), 0.0493987 secs] [Times: user=0.35 sys=0.00, real=0.05 secs] 
2021-01-19T13:43:28.061-0800: 313.824: [GC (Allocation Failure) [PSYoungGen: 2432735K->333001K(2451968K)] 6146379K->4091586K(8044544K), 0.0508911 secs] [Times: user=0.37 sys=0.01, real=0.05 secs] 
2021-01-19T13:43:28.394-0800: 314.157: [GC (Allocation Failure) [PSYoungGen: 2441929K->329847K(2452992K)] 6200514K->4128970K(8045568K), 0.0492135 secs] [Times: user=0.35 sys=0.00, real=0.05 secs] 
2021-01-19T13:43:28.715-0800: 314.478: [GC (Allocation Failure) [PSYoungGen: 2439287K->331445K(2452480K)] 6238410K->4177343K(8045056K), 0.0515476 secs] [Times: user=0.35 sys=0.01, real=0.05 secs] 
2021-01-19T13:43:29.056-0800: 314.819: [GC (Allocation Failure) [PSYoungGen: 2440885K->322050K(2453504K)] 6286783K->4219131K(8046080K), 0.0505923 secs] [Times: user=0.36 sys=0.00, real=0.05 secs] 
2021-01-19T13:43:29.386-0800: 315.149: [GC (Allocation Failure) [PSYoungGen: 2433026K->311542K(2422784K)] 6330107K->4251814K(8015360K), 0.0503669 secs] [Times: user=0.35 sys=0.00, real=0.05 secs] 
2021-01-19T13:43:29.715-0800: 315.478: [GC (Allocation Failure) [PSYoungGen: 2422518K->328857K(2452992K)] 6362790K->4313932K(8045568K), 0.0499390 secs] [Times: user=0.35 sys=0.00, real=0.05 secs] 
2021-01-19T13:43:30.055-0800: 315.818: [GC (Allocation Failure) [PSYoungGen: 2438297K->323079K(2452480K)] 6423372K->4355710K(8045056K), 0.0505432 secs] [Times: user=0.35 sys=0.01, real=0.05 secs] 
2021-01-19T13:43:30.401-0800: 316.164: [GC (Allocation Failure) [PSYoungGen: 2432519K->315978K(2454016K)] 6465150K->4390822K(8046592K), 0.0495051 secs] [Times: user=0.33 sys=0.00, real=0.05 secs] 
2021-01-19T13:43:30.726-0800: 316.489: [GC (Allocation Failure) [PSYoungGen: 2427978K->322506K(2454016K)] 6502822K->4443801K(8046592K), 0.0501016 secs] [Times: user=0.34 sys=0.01, real=0.05 secs] 
2021-01-19T13:43:31.068-0800: 316.830: [GC (Allocation Failure) [PSYoungGen: 2434506K->311166K(2453504K)] 6555801K->4476840K(8046080K), 0.0502508 secs] [Times: user=0.34 sys=0.01, real=0.05 secs] 
2021-01-19T13:43:31.389-0800: 317.152: [GC (Allocation Failure) [PSYoungGen: 2424190K->314038K(2454528K)] 6589864K->4522649K(8047104K), 0.0493979 secs] [Times: user=0.36 sys=0.00, real=0.05 secs] 
2021-01-19T13:43:31.737-0800: 317.500: [GC (Allocation Failure) [PSYoungGen: 2427062K->324674K(2456064K)] 6635673K->4576173K(8048640K), 0.0509617 secs] [Times: user=0.36 sys=0.01, real=0.05 secs] 
2021-01-19T13:43:32.069-0800: 317.832: [GC (Allocation Failure) [PSYoungGen: 2439746K->318261K(2455040K)] 6691245K->4615553K(8047616K), 0.0502752 secs] [Times: user=0.35 sys=0.00, real=0.06 secs] 
2021-01-19T13:43:32.388-0800: 318.151: [GC (Allocation Failure) [PSYoungGen: 2433333K->319535K(2458112K)] 6730625K->4658298K(8050688K), 0.0499389 secs] [Times: user=0.33 sys=0.00, real=0.05 secs] 
2021-01-19T13:43:32.708-0800: 318.471: [GC (Allocation Failure) [PSYoungGen: 2438191K->320762K(2456576K)] 6776954K->4706393K(8049152K), 0.0509902 secs] [Times: user=0.36 sys=0.00, real=0.05 secs] 
2021-01-19T13:43:33.034-0800: 318.797: [GC (Allocation Failure) [PSYoungGen: 2439418K->321838K(2460672K)] 6825049K->4753496K(8053248K), 0.0510390 secs] [Times: user=0.36 sys=0.00, real=0.05 secs] 
2021-01-19T13:43:33.361-0800: 319.124: [GC (Allocation Failure) [PSYoungGen: 2446126K->324100K(2459648K)] 6877784K->4802498K(8052224K), 0.0507763 secs] [Times: user=0.35 sys=0.01, real=0.05 secs] 
2021-01-19T13:43:33.691-0800: 319.454: [GC (Allocation Failure) [PSYoungGen: 2448388K->327523K(2460160K)] 6926786K->4848896K(8052736K), 0.0513477 secs] [Times: user=0.36 sys=0.00, real=0.05 secs] 
2021-01-19T13:43:34.022-0800: 319.785: [GC (Allocation Failure) [PSYoungGen: 2452835K->312297K(2437632K)] 6974208K->4877054K(8030208K), 0.0449507 secs] [Times: user=0.28 sys=0.01, real=0.04 secs] 
2021-01-19T13:43:34.332-0800: 320.095: [GC (Allocation Failure) [PSYoungGen: 2437609K->320111K(2461184K)] 7002366K->4934354K(8053760K), 0.0519538 secs] [Times: user=0.35 sys=0.00, real=0.05 secs] 
2021-01-19T13:43:34.682-0800: 320.444: [GC (Allocation Failure) [PSYoungGen: 2445423K->326413K(2460160K)] 7059666K->4982553K(8052736K), 0.0516614 secs] [Times: user=0.36 sys=0.01, real=0.05 secs] 
2021-01-19T13:43:35.024-0800: 320.786: [GC (Allocation Failure) [PSYoungGen: 2451725K->329465K(2457600K)] 7107865K->5028572K(8050176K), 0.0542612 secs] [Times: user=0.36 sys=0.00, real=0.05 secs] 
2021-01-19T13:43:35.361-0800: 321.124: [GC (Allocation Failure) [PSYoungGen: 2451705K->320391K(2459136K)] 7150812K->5064065K(8051712K), 0.0511057 secs] [Times: user=0.36 sys=0.01, real=0.05 secs] 
2021-01-19T13:43:35.713-0800: 321.475: [GC (Allocation Failure) [PSYoungGen: 2442631K->321032K(2461184K)] 7186305K->5112068K(8053760K), 0.0523834 secs] [Times: user=0.35 sys=0.00, real=0.05 secs] 
2021-01-19T13:43:36.045-0800: 321.808: [GC (Allocation Failure) [PSYoungGen: 2446344K->322182K(2460160K)] 7237380K->5156630K(8052736K), 0.0539033 secs] [Times: user=0.36 sys=0.00, real=0.05 secs] 
2021-01-19T13:43:36.378-0800: 322.141: [GC (Allocation Failure) [PSYoungGen: 2447494K->321794K(2463744K)] 7281942K->5202617K(8056320K), 0.0542268 secs] [Times: user=0.38 sys=0.00, real=0.06 secs] 
2021-01-19T13:43:36.716-0800: 322.478: [GC (Allocation Failure) [PSYoungGen: 2452226K->319790K(2462720K)] 7333049K->5252498K(8055296K), 0.0541644 secs] [Times: user=0.38 sys=0.01, real=0.06 secs] 
2021-01-19T13:43:37.064-0800: 322.827: [GC (Allocation Failure) [PSYoungGen: 2450222K->324421K(2464256K)] 7382930K->5302319K(8056832K), 0.0528825 secs] [Times: user=0.36 sys=0.00, real=0.05 secs] 
2021-01-19T13:43:37.410-0800: 323.173: [GC (Allocation Failure) [PSYoungGen: 2456901K->329355K(2462208K)] 7434799K->5348522K(8054784K), 0.0551049 secs] [Times: user=0.35 sys=0.00, real=0.05 secs] 
2021-01-19T13:43:37.742-0800: 323.505: [GC (Allocation Failure) [PSYoungGen: 2461835K->332805K(2457088K)] 7481002K->5396459K(8049664K), 0.0534763 secs] [Times: user=0.37 sys=0.00, real=0.05 secs] 
2021-01-19T13:43:38.087-0800: 323.850: [GC (Allocation Failure) [PSYoungGen: 2456069K->320018K(2459648K)] 7519723K->5424903K(8052224K), 0.0592958 secs] [Times: user=0.37 sys=0.00, real=0.06 secs] 
2021-01-19T13:43:38.418-0800: 324.181: [GC (Allocation Failure) [PSYoungGen: 2443282K->315600K(2460160K)] 7548167K->5459171K(8052736K), 0.0508257 secs] [Times: user=0.34 sys=0.00, real=0.05 secs] 
2021-01-19T13:43:38.757-0800: 324.520: [GC (Allocation Failure) [PSYoungGen: 2439888K->324692K(2460160K)] 7583459K->5509639K(8052736K), 0.0535121 secs] [Times: user=0.38 sys=0.00, real=0.06 secs] 
2021-01-19T13:43:39.099-0800: 324.862: [GC (Allocation Failure) [PSYoungGen: 2448980K->310412K(2458624K)] 7633927K->5538318K(8051200K), 0.0527030 secs] [Times: user=0.37 sys=0.01, real=0.06 secs] 
2021-01-19T13:43:39.460-0800: 325.223: [GC (Allocation Failure) [PSYoungGen: 2433676K->327050K(2450432K)] 7661582K->5595374K(8043008K), 0.0526911 secs] [Times: user=0.33 sys=0.00, real=0.05 secs] 
2021-01-19T13:43:39.818-0800: 325.581: [GC (Allocation Failure) [PSYoungGen: 2450314K->322790K(2460672K)] 7718638K->5629022K(8053248K), 0.0526617 secs] [Times: user=0.37 sys=0.01, real=0.06 secs] 
2021-01-19T13:43:40.145-0800: 325.908: [GC (Allocation Failure) [PSYoungGen: 2446566K->335358K(2459136K)] 7752798K->5688808K(8051712K), 0.0545945 secs] [Times: user=0.38 sys=0.00, real=0.06 secs] 
2021-01-19T13:43:40.476-0800: 326.239: [GC (Allocation Failure) [PSYoungGen: 2459134K->326332K(2456064K)] 7812584K->5729076K(8048640K), 0.0546202 secs] [Times: user=0.39 sys=0.01, real=0.06 secs] 
2021-01-19T13:43:40.816-0800: 326.578: [GC (Allocation Failure) [PSYoungGen: 2445500K->318107K(2457600K)] 7848244K->5761022K(8050176K), 0.0529278 secs] [Times: user=0.36 sys=0.00, real=0.05 secs] 
2021-01-19T13:43:41.163-0800: 326.926: [GC (Allocation Failure) [PSYoungGen: 2437275K->316849K(2458112K)] 7880190K->5803130K(8050688K), 0.0530180 secs] [Times: user=0.38 sys=0.01, real=0.05 secs] 
2021-01-19T13:43:41.503-0800: 327.266: [GC (Allocation Failure) [PSYoungGen: 2437041K->333081K(2453504K)] 7923322K->5857669K(8046080K), 0.0545025 secs] [Times: user=0.37 sys=0.00, real=0.05 secs] 
2021-01-19T13:43:41.850-0800: 327.613: [GC (Allocation Failure) [PSYoungGen: 2453273K->321301K(2457088K)] 7977861K->5890177K(8049664K), 0.0554981 secs] [Times: user=0.33 sys=0.06, real=0.05 secs] 
2021-01-19T13:43:41.906-0800: 327.669: [Full GC (Ergonomics) [PSYoungGen: 321301K->0K(2457088K)] [ParOldGen: 5568876K->370685K(5592576K)] 5890177K->370685K(8049664K), [Metaspace: 2589K->2589K(1056768K)], 0.0632667 secs] [Times: user=0.32 sys=0.01, real=0.06 secs] 
2021-01-19T13:43:42.254-0800: 328.017: [GC (Allocation Failure) [PSYoungGen: 2117120K->322159K(2456064K)] 2487805K->692845K(8048640K), 0.0360592 secs] [Times: user=0.25 sys=0.00, real=0.04 secs] 
2021-01-19T13:43:42.577-0800: 328.340: [GC (Allocation Failure) [PSYoungGen: 2439279K->310687K(2456576K)] 2809965K->732149K(8049152K), 0.0402702 secs] [Times: user=0.29 sys=0.01, real=0.04 secs] 
2021-01-19T13:43:42.916-0800: 328.679: [GC (Allocation Failure) [PSYoungGen: 2429855K->316668K(2457600K)] 2851317K->788887K(8050176K), 0.0418063 secs] [Times: user=0.28 sys=0.00, real=0.04 secs] 
2021-01-19T13:43:43.251-0800: 329.014: [GC (Allocation Failure) [PSYoungGen: 2435836K->335842K(2450432K)] 2908055K->853037K(8043008K), 0.0439527 secs] [Times: user=0.30 sys=0.00, real=0.04 secs] 
2021-01-19T13:43:43.581-0800: 329.344: [GC (Allocation Failure) [PSYoungGen: 2448866K->323482K(2454528K)] 2966061K->884334K(8047104K), 0.0421820 secs] [Times: user=0.29 sys=0.00, real=0.04 secs] 
2021-01-19T13:43:43.909-0800: 329.672: [GC (Allocation Failure) [PSYoungGen: 2436506K->333856K(2451968K)] 2997358K->942905K(8044544K), 0.0437125 secs] [Times: user=0.30 sys=0.00, real=0.05 secs] 
2021-01-19T13:43:44.247-0800: 330.010: [GC (Allocation Failure) [PSYoungGen: 2445856K->332112K(2444288K)] 3054905K->985654K(8036864K), 0.0434448 secs] [Times: user=0.30 sys=0.00, real=0.05 secs] 
2021-01-19T13:43:44.573-0800: 330.336: [GC (Allocation Failure) [PSYoungGen: 2444112K->318385K(2453504K)] 3097654K->1018127K(8046080K), 0.0421825 secs] [Times: user=0.31 sys=0.00, real=0.04 secs] 
2021-01-19T13:43:44.907-0800: 330.670: [GC (Allocation Failure) [PSYoungGen: 2428337K->323128K(2452480K)] 3128079K->1066275K(8045056K), 0.0424713 secs] [Times: user=0.29 sys=0.00, real=0.05 secs] 
2021-01-19T13:43:45.236-0800: 330.998: [GC (Allocation Failure) [PSYoungGen: 2433080K->327564K(2455552K)] 3176227K->1108059K(8048128K), 0.0422209 secs] [Times: user=0.31 sys=0.00, real=0.04 secs] 
2021-01-19T13:43:45.548-0800: 331.311: [GC (Allocation Failure) [PSYoungGen: 2442124K->333976K(2448896K)] 3222619K->1148307K(8041472K), 0.0432947 secs] [Times: user=0.28 sys=0.00, real=0.05 secs] 
2021-01-19T13:43:45.876-0800: 331.639: [GC (Allocation Failure) [PSYoungGen: 2448536K->319752K(2454016K)] 3262867K->1180661K(8046592K), 0.0427922 secs] [Times: user=0.30 sys=0.00, real=0.04 secs] 
2021-01-19T13:43:46.197-0800: 331.960: [GC (Allocation Failure) [PSYoungGen: 2431240K->331869K(2453504K)] 3292149K->1238575K(8046080K), 0.0439682 secs] [Times: user=0.28 sys=0.00, real=0.05 secs] 
2021-01-19T13:43:46.518-0800: 332.281: [GC (Allocation Failure) [PSYoungGen: 2443357K->321727K(2454528K)] 3350063K->1277581K(8047104K), 0.0445005 secs] [Times: user=0.29 sys=0.01, real=0.05 secs] 
2021-01-19T13:43:46.832-0800: 332.595: [GC (Allocation Failure) [PSYoungGen: 2433727K->324650K(2453504K)] 3389581K->1323788K(8046080K), 0.0443135 secs] [Times: user=0.30 sys=0.00, real=0.04 secs] 
2021-01-19T13:43:47.155-0800: 332.918: [GC (Allocation Failure) [PSYoungGen: 2436650K->330121K(2455040K)] 3435788K->1365139K(8047616K), 0.0433409 secs] [Times: user=0.30 sys=0.01, real=0.04 secs] 
2021-01-19T13:43:47.483-0800: 333.246: [GC (Allocation Failure) [PSYoungGen: 2445193K->336998K(2452480K)] 3480211K->1419994K(8045056K), 0.0452536 secs] [Times: user=0.32 sys=0.00, real=0.04 secs] 
2021-01-19T13:43:47.827-0800: 333.590: [GC (Allocation Failure) [PSYoungGen: 2452070K->307252K(2448896K)] 3535066K->1442760K(8041472K), 0.0426800 secs] [Times: user=0.29 sys=0.01, real=0.05 secs] 
2021-01-19T13:43:48.168-0800: 333.931: [GC (Allocation Failure) [PSYoungGen: 2413108K->306158K(2412032K)] 3548616K->1485237K(8004608K), 0.0415683 secs] [Times: user=0.28 sys=0.00, real=0.05 secs] 
2021-01-19T13:43:48.505-0800: 334.268: [GC (Allocation Failure) [PSYoungGen: 2412014K->317487K(2451456K)] 3591093K->1540540K(8044032K), 0.0427826 secs] [Times: user=0.29 sys=0.01, real=0.04 secs] 
2021-01-19T13:43:48.834-0800: 334.597: [GC (Allocation Failure) [PSYoungGen: 2422831K->319636K(2449920K)] 3645884K->1587837K(8042496K), 0.0433608 secs] [Times: user=0.29 sys=0.00, real=0.04 secs] 
2021-01-19T13:43:49.156-0800: 334.919: [GC (Allocation Failure) [PSYoungGen: 2424980K->324345K(2454016K)] 3693181K->1628837K(8046592K), 0.0428912 secs] [Times: user=0.30 sys=0.01, real=0.04 secs] 
2021-01-19T13:43:49.498-0800: 335.261: [GC (Allocation Failure) [PSYoungGen: 2435321K->323857K(2452992K)] 3739813K->1674025K(8045568K), 0.0434399 secs] [Times: user=0.31 sys=0.00, real=0.05 secs] 
2021-01-19T13:43:49.831-0800: 335.594: [GC (Allocation Failure) [PSYoungGen: 2434833K->323820K(2457088K)] 3785001K->1711575K(8049664K), 0.0429229 secs] [Times: user=0.31 sys=0.00, real=0.04 secs] 
2021-01-19T13:43:50.140-0800: 335.903: [GC (Allocation Failure) [PSYoungGen: 2440428K->320064K(2455552K)] 3828183K->1753652K(8048128K), 0.0431424 secs] [Times: user=0.31 sys=0.00, real=0.04 secs] 
2021-01-19T13:43:50.460-0800: 336.223: [GC (Allocation Failure) [PSYoungGen: 2436672K->322182K(2459648K)] 3870260K->1801588K(8052224K), 0.0442838 secs] [Times: user=0.31 sys=0.00, real=0.04 secs] 
2021-01-19T13:43:50.795-0800: 336.558: [GC (Allocation Failure) [PSYoungGen: 2443910K->334961K(2457088K)] 3923316K->1854913K(8049664K), 0.0444068 secs] [Times: user=0.31 sys=0.01, real=0.04 secs] 
2021-01-19T13:43:51.119-0800: 336.882: [GC (Allocation Failure) [PSYoungGen: 2456689K->326973K(2456064K)] 3976641K->1887964K(8048640K), 0.0444618 secs] [Times: user=0.33 sys=0.00, real=0.05 secs] 
2021-01-19T13:43:51.442-0800: 337.205: [GC (Allocation Failure) [PSYoungGen: 2444093K->321374K(2456576K)] 4005084K->1929980K(8049152K), 0.0437240 secs] [Times: user=0.30 sys=0.01, real=0.04 secs] 
2021-01-19T13:43:51.765-0800: 337.528: [GC (Allocation Failure) [PSYoungGen: 2438494K->326030K(2458112K)] 4047100K->1975913K(8050688K), 0.0444306 secs] [Times: user=0.32 sys=0.00, real=0.04 secs] 
2021-01-19T13:43:52.083-0800: 337.846: [GC (Allocation Failure) [PSYoungGen: 2445710K->330229K(2449920K)] 4095593K->2020043K(8042496K), 0.0454670 secs] [Times: user=0.31 sys=0.00, real=0.04 secs] 
2021-01-19T13:43:52.422-0800: 338.185: [GC (Allocation Failure) [PSYoungGen: 2449909K->322266K(2458112K)] 4139723K->2058712K(8050688K), 0.0445656 secs] [Times: user=0.32 sys=0.00, real=0.04 secs] 
2021-01-19T13:43:52.752-0800: 338.515: [GC (Allocation Failure) [PSYoungGen: 2441434K->313162K(2457088K)] 4177880K->2094739K(8049664K), 0.0443476 secs] [Times: user=0.32 sys=0.00, real=0.04 secs] 
2021-01-19T13:43:53.098-0800: 338.861: [GC (Allocation Failure) [PSYoungGen: 2432330K->326573K(2458112K)] 4213907K->2149506K(8050688K), 0.0447977 secs] [Times: user=0.31 sys=0.00, real=0.05 secs] 
2021-01-19T13:43:53.442-0800: 339.205: [GC (Allocation Failure) [PSYoungGen: 2446253K->332523K(2452480K)] 4269186K->2199285K(8045056K), 0.0461877 secs] [Times: user=0.32 sys=0.00, real=0.04 secs] 
2021-01-19T13:43:53.783-0800: 339.546: [GC (Allocation Failure) [PSYoungGen: 2452203K->338703K(2448896K)] 4318965K->2249185K(8041472K), 0.0468499 secs] [Times: user=0.33 sys=0.01, real=0.05 secs] 
2021-01-19T13:43:54.115-0800: 339.878: [GC (Allocation Failure) [PSYoungGen: 2447631K->330100K(2452480K)] 4358113K->2287600K(8045056K), 0.0424347 secs] [Times: user=0.31 sys=0.00, real=0.04 secs] 
2021-01-19T13:43:54.426-0800: 340.189: [GC (Allocation Failure) [PSYoungGen: 2439028K->325493K(2454016K)] 4396528K->2331756K(8046592K), 0.0419405 secs] [Times: user=0.31 sys=0.01, real=0.04 secs] 
2021-01-19T13:43:54.749-0800: 340.512: [GC (Allocation Failure) [PSYoungGen: 2435957K->342003K(2452480K)] 4442220K->2400847K(8045056K), 0.0443540 secs] [Times: user=0.32 sys=0.00, real=0.05 secs] 
2021-01-19T13:43:55.054-0800: 340.817: [GC (Allocation Failure) [PSYoungGen: 2452467K->312964K(2407424K)] 4511311K->2416808K(8000000K), 0.0408960 secs] [Times: user=0.31 sys=0.00, real=0.04 secs] 
2021-01-19T13:43:55.354-0800: 341.117: [GC (Allocation Failure) [PSYoungGen: 2376836K->312687K(2429952K)] 4480680K->2455770K(8022528K), 0.0440984 secs] [Times: user=0.32 sys=0.01, real=0.04 secs] 
2021-01-19T13:43:55.659-0800: 341.422: [GC (Allocation Failure) [PSYoungGen: 2376559K->337624K(2430976K)] 4519642K->2521524K(8023552K), 0.0472183 secs] [Times: user=0.33 sys=0.00, real=0.05 secs] 
2021-01-19T13:43:55.996-0800: 341.759: [GC (Allocation Failure) [PSYoungGen: 2403032K->325269K(2430464K)] 4586932K->2563626K(8023040K), 0.0492169 secs] [Times: user=0.30 sys=0.01, real=0.05 secs] 
2021-01-19T13:43:56.335-0800: 342.098: [GC (Allocation Failure) [PSYoungGen: 2390677K->327462K(2436608K)] 4629034K->2618953K(8029184K), 0.0474856 secs] [Times: user=0.34 sys=0.00, real=0.05 secs] 
2021-01-19T13:43:56.679-0800: 342.442: [GC (Allocation Failure) [PSYoungGen: 2401574K->306868K(2433536K)] 4693065K->2649523K(8026112K), 0.0438976 secs] [Times: user=0.32 sys=0.00, real=0.05 secs] 
2021-01-19T13:43:56.994-0800: 342.757: [GC (Allocation Failure) [PSYoungGen: 2380980K->323261K(2438144K)] 4723635K->2711826K(8030720K), 0.0479204 secs] [Times: user=0.32 sys=0.00, real=0.05 secs] 
2021-01-19T13:43:57.326-0800: 343.089: [GC (Allocation Failure) [PSYoungGen: 2400957K->326139K(2435584K)] 4789522K->2763809K(8028160K), 0.0477917 secs] [Times: user=0.34 sys=0.00, real=0.05 secs] 
2021-01-19T13:43:57.673-0800: 343.436: [GC (Allocation Failure) [PSYoungGen: 2403835K->331992K(2442240K)] 4841505K->2815461K(8034816K), 0.0493164 secs] [Times: user=0.34 sys=0.00, real=0.05 secs] 
2021-01-19T13:43:58.031-0800: 343.794: [GC (Allocation Failure) [PSYoungGen: 2419416K->337738K(2425344K)] 4902885K->2865345K(8017920K), 0.0484845 secs] [Times: user=0.34 sys=0.01, real=0.05 secs] 
2021-01-19T13:43:58.375-0800: 344.138: [GC (Allocation Failure) [PSYoungGen: 2425162K->318658K(2441728K)] 4952769K->2894277K(8034304K), 0.0468350 secs] [Times: user=0.34 sys=0.00, real=0.05 secs] 
2021-01-19T13:43:58.693-0800: 344.456: [GC (Allocation Failure) [PSYoungGen: 2405058K->324176K(2440704K)] 4980677K->2948673K(8033280K), 0.0475422 secs] [Times: user=0.34 sys=0.00, real=0.05 secs] 
2021-01-19T13:43:59.014-0800: 344.777: [GC (Allocation Failure) [PSYoungGen: 2410576K->321134K(2445312K)] 5035073K->2991406K(8037888K), 0.0472234 secs] [Times: user=0.33 sys=0.01, real=0.05 secs] 
2021-01-19T13:43:59.336-0800: 345.099: [GC (Allocation Failure) [PSYoungGen: 2414702K->325678K(2444288K)] 5084974K->3038020K(8036864K), 0.0472465 secs] [Times: user=0.34 sys=0.00, real=0.05 secs] 
2021-01-19T13:43:59.673-0800: 345.437: [GC (Allocation Failure) [PSYoungGen: 2419246K->339658K(2441728K)] 5131588K->3089250K(8034304K), 0.0479911 secs] [Times: user=0.34 sys=0.01, real=0.05 secs] 
2021-01-19T13:43:59.987-0800: 345.750: [GC (Allocation Failure) [PSYoungGen: 2433226K->327656K(2444800K)] 5182818K->3123454K(8037376K), 0.0490584 secs] [Times: user=0.32 sys=0.00, real=0.05 secs] 
2021-01-19T13:44:00.342-0800: 346.105: [GC (Allocation Failure) [PSYoungGen: 2421224K->323663K(2448896K)] 5217022K->3163570K(8041472K), 0.0422820 secs] [Times: user=0.30 sys=0.01, real=0.04 secs] 
2021-01-19T13:44:00.673-0800: 346.436: [GC (Allocation Failure) [PSYoungGen: 2423887K->317159K(2447360K)] 5263794K->3200735K(8039936K), 0.0424018 secs] [Times: user=0.31 sys=0.00, real=0.04 secs] 
2021-01-19T13:44:00.994-0800: 346.757: [GC (Allocation Failure) [PSYoungGen: 2417383K->322889K(2450432K)] 5300959K->3250606K(8043008K), 0.0430787 secs] [Times: user=0.29 sys=0.00, real=0.04 secs] 
2021-01-19T13:44:01.298-0800: 347.061: [GC (Allocation Failure) [PSYoungGen: 2426185K->329240K(2448896K)] 5353902K->3301227K(8041472K), 0.0431350 secs] [Times: user=0.32 sys=0.00, real=0.05 secs] 
2021-01-19T13:44:01.613-0800: 347.377: [GC (Allocation Failure) [PSYoungGen: 2432536K->331338K(2450944K)] 5404523K->3350657K(8043520K), 0.0453824 secs] [Times: user=0.31 sys=0.00, real=0.04 secs] 
2021-01-19T13:44:01.929-0800: 347.692: [GC (Allocation Failure) [PSYoungGen: 2437194K->313524K(2419712K)] 5456513K->3387914K(8012288K), 0.0477503 secs] [Times: user=0.34 sys=0.01, real=0.05 secs] 
2021-01-19T13:44:02.252-0800: 348.015: [GC (Allocation Failure) [PSYoungGen: 2419380K->315133K(2450944K)] 5493770K->3426073K(8043520K), 0.0460639 secs] [Times: user=0.29 sys=0.00, real=0.04 secs] 
2021-01-19T13:44:02.540-0800: 348.303: [GC (Allocation Failure) [PSYoungGen: 2420477K->332191K(2437632K)] 5531417K->3482757K(8030208K), 0.0480747 secs] [Times: user=0.27 sys=0.00, real=0.04 secs] 
2021-01-19T13:44:02.843-0800: 348.606: [GC (Allocation Failure) [PSYoungGen: 2437535K->342501K(2441728K)] 5588101K->3535014K(8034304K), 0.0511402 secs] [Times: user=0.33 sys=0.01, real=0.05 secs] 
2021-01-19T13:44:03.133-0800: 348.896: [GC (Allocation Failure) [PSYoungGen: 2438117K->327432K(2445824K)] 5630630K->3572618K(8038400K), 0.0476062 secs] [Times: user=0.31 sys=0.00, real=0.05 secs] 
2021-01-19T13:44:03.428-0800: 349.192: [GC (Allocation Failure) [PSYoungGen: 2423048K->315050K(2447872K)] 5668234K->3606258K(8040448K), 0.0459175 secs] [Times: user=0.29 sys=0.00, real=0.05 secs] 
2021-01-19T13:44:03.727-0800: 349.490: [GC (Allocation Failure) [PSYoungGen: 2414762K->313714K(2447872K)] 5705970K->3651394K(8040448K), 0.0481859 secs] [Times: user=0.30 sys=0.00, real=0.05 secs] 
2021-01-19T13:44:04.056-0800: 349.819: [GC (Allocation Failure) [PSYoungGen: 2413426K->329089K(2448896K)] 5751106K->3715481K(8041472K), 0.0520900 secs] [Times: user=0.35 sys=0.00, real=0.05 secs] 
2021-01-19T13:44:04.383-0800: 350.146: [GC (Allocation Failure) [PSYoungGen: 2429825K->328768K(2447872K)] 5816217K->3757856K(8040448K), 0.0497155 secs] [Times: user=0.35 sys=0.00, real=0.05 secs] 
2021-01-19T13:44:04.721-0800: 350.484: [GC (Allocation Failure) [PSYoungGen: 2429504K->324696K(2451456K)] 5858592K->3795985K(8044032K), 0.0480218 secs] [Times: user=0.33 sys=0.00, real=0.04 secs] 
2021-01-19T13:44:05.072-0800: 350.836: [GC (Allocation Failure) [PSYoungGen: 2429528K->320573K(2449408K)] 5900817K->3834450K(8041984K), 0.0484796 secs] [Times: user=0.33 sys=0.00, real=0.05 secs] 
2021-01-19T13:44:05.407-0800: 351.170: [GC (Allocation Failure) [PSYoungGen: 2425405K->314577K(2452480K)] 5939282K->3870666K(8045056K), 0.0494880 secs] [Times: user=0.34 sys=0.00, real=0.05 secs] 
2021-01-19T13:44:05.742-0800: 351.505: [GC (Allocation Failure) [PSYoungGen: 2423505K->332812K(2442240K)] 5979594K->3932512K(8034816K), 0.0508800 secs] [Times: user=0.36 sys=0.01, real=0.05 secs] 
2021-01-19T13:44:06.074-0800: 351.838: [GC (Allocation Failure) [PSYoungGen: 2441740K->324124K(2452992K)] 6041440K->3966035K(8045568K), 0.0495957 secs] [Times: user=0.33 sys=0.00, real=0.05 secs] 
2021-01-19T13:44:06.418-0800: 352.181: [GC (Allocation Failure) [PSYoungGen: 2432540K->316502K(2451456K)] 6074451K->4001284K(8044032K), 0.0515960 secs] [Times: user=0.33 sys=0.01, real=0.06 secs] 
2021-01-19T13:44:06.741-0800: 352.504: [GC (Allocation Failure) [PSYoungGen: 2424918K->328558K(2453504K)] 6109700K->4059448K(8046080K), 0.0517033 secs] [Times: user=0.36 sys=0.00, real=0.05 secs] 
2021-01-19T13:44:07.092-0800: 352.855: [GC (Allocation Failure) [PSYoungGen: 2439534K->324556K(2453504K)] 6170424K->4102926K(8046080K), 0.0553621 secs] [Times: user=0.32 sys=0.00, real=0.05 secs] 
2021-01-19T13:44:07.446-0800: 353.210: [GC (Allocation Failure) [PSYoungGen: 2435532K->319985K(2456064K)] 6213902K->4140965K(8048640K), 0.0523905 secs] [Times: user=0.35 sys=0.01, real=0.05 secs] 
2021-01-19T13:44:07.892-0800: 353.655: [GC (Allocation Failure) [PSYoungGen: 2435569K->335042K(2450944K)] 6256549K->4198267K(8043520K), 0.0477210 secs] [Times: user=0.30 sys=0.00, real=0.04 secs] 
2021-01-19T13:44:08.218-0800: 353.981: [GC (Allocation Failure) [PSYoungGen: 2450626K->313041K(2453504K)] 6313851K->4224661K(8046080K), 0.0445256 secs] [Times: user=0.30 sys=0.01, real=0.05 secs] 
2021-01-19T13:44:08.501-0800: 354.264: [GC (Allocation Failure) [PSYoungGen: 2424017K->314299K(2453504K)] 6335637K->4270792K(8046080K), 0.0448315 secs] [Times: user=0.29 sys=0.00, real=0.04 secs] 
2021-01-19T13:44:08.858-0800: 354.621: [GC (Allocation Failure) [PSYoungGen: 2425275K->342527K(2409472K)] 6381768K->4343761K(8002048K), 0.0800490 secs] [Times: user=0.24 sys=0.01, real=0.08 secs] 
2021-01-19T13:44:09.298-0800: 355.061: [GC (Allocation Failure) [PSYoungGen: 2409471K->313648K(2431488K)] 6410705K->4373019K(8024064K), 0.0551212 secs] [Times: user=0.33 sys=0.01, real=0.06 secs] 
2021-01-19T13:44:09.632-0800: 355.395: [GC (Allocation Failure) [PSYoungGen: 2380592K->321975K(2435072K)] 6439963K->4425569K(8027648K), 0.0518804 secs] [Times: user=0.31 sys=0.00, real=0.05 secs] 
2021-01-19T13:44:09.951-0800: 355.714: [GC (Allocation Failure) [PSYoungGen: 2393527K->310704K(2432512K)] 6497121K->4457415K(8025088K), 0.0430644 secs] [Times: user=0.30 sys=0.01, real=0.04 secs] 
2021-01-19T13:44:10.257-0800: 356.020: [GC (Allocation Failure) [PSYoungGen: 2382256K->318826K(2438144K)] 6528967K->4510499K(8030720K), 0.0501750 secs] [Times: user=0.37 sys=0.00, real=0.05 secs] 
2021-01-19T13:44:10.613-0800: 356.377: [GC (Allocation Failure) [PSYoungGen: 2396522K->333970K(2435584K)] 6588195K->4574495K(8028160K), 0.0528756 secs] [Times: user=0.38 sys=0.00, real=0.05 secs] 
2021-01-19T13:44:10.939-0800: 356.702: [GC (Allocation Failure) [PSYoungGen: 2411666K->326451K(2440704K)] 6652191K->4609717K(8033280K), 0.0519475 secs] [Times: user=0.35 sys=0.00, real=0.06 secs] 
2021-01-19T13:44:11.277-0800: 357.040: [GC (Allocation Failure) [PSYoungGen: 2408755K->311048K(2437632K)] 6692021K->4643019K(8030208K), 0.0505494 secs] [Times: user=0.36 sys=0.01, real=0.05 secs] 
2021-01-19T13:44:11.603-0800: 357.366: [GC (Allocation Failure) [PSYoungGen: 2393352K->336241K(2438144K)] 6725323K->4706576K(8030720K), 0.0521935 secs] [Times: user=0.34 sys=0.00, real=0.05 secs] 
2021-01-19T13:44:11.943-0800: 357.707: [GC (Allocation Failure) [PSYoungGen: 2419569K->312051K(2439680K)] 6789904K->4726187K(8032256K), 0.0502100 secs] [Times: user=0.35 sys=0.01, real=0.05 secs] 
2021-01-19T13:44:12.272-0800: 358.035: [GC (Allocation Failure) [PSYoungGen: 2395379K->325965K(2443264K)] 6809515K->4782544K(8035840K), 0.0513927 secs] [Times: user=0.38 sys=0.00, real=0.05 secs] 
2021-01-19T13:44:12.605-0800: 358.369: [GC (Allocation Failure) [PSYoungGen: 2413901K->328958K(2440704K)] 6870480K->4824465K(8033280K), 0.0525896 secs] [Times: user=0.37 sys=0.01, real=0.05 secs] 
2021-01-19T13:44:12.954-0800: 358.717: [GC (Allocation Failure) [PSYoungGen: 2416894K->312844K(2444800K)] 6912401K->4853065K(8037376K), 0.0508381 secs] [Times: user=0.35 sys=0.00, real=0.05 secs] 
2021-01-19T13:44:13.279-0800: 359.042: [GC (Allocation Failure) [PSYoungGen: 2405900K->313212K(2444288K)] 6946121K->4895599K(8036864K), 0.0499616 secs] [Times: user=0.35 sys=0.01, real=0.05 secs] 
2021-01-19T13:44:13.615-0800: 359.378: [GC (Allocation Failure) [PSYoungGen: 2406268K->318615K(2447872K)] 6988655K->4944302K(8040448K), 0.0509968 secs] [Times: user=0.36 sys=0.00, real=0.05 secs] 
2021-01-19T13:44:13.938-0800: 359.701: [GC (Allocation Failure) [PSYoungGen: 2416279K->320070K(2445824K)] 7041966K->4994491K(8038400K), 0.0523312 secs] [Times: user=0.37 sys=0.01, real=0.06 secs] 
2021-01-19T13:44:14.261-0800: 360.024: [GC (Allocation Failure) [PSYoungGen: 2417734K->316506K(2451456K)] 7092155K->5035574K(8044032K), 0.0526734 secs] [Times: user=0.35 sys=0.00, real=0.05 secs] 
2021-01-19T13:44:14.598-0800: 360.361: [GC (Allocation Failure) [PSYoungGen: 2421850K->324435K(2449920K)] 7140918K->5089041K(8042496K), 0.0547234 secs] [Times: user=0.36 sys=0.01, real=0.06 secs] 
2021-01-19T13:44:14.947-0800: 360.710: [GC (Allocation Failure) [PSYoungGen: 2429779K->313308K(2453504K)] 7194385K->5115903K(8046080K), 0.0507078 secs] [Times: user=0.34 sys=0.00, real=0.05 secs] 
2021-01-19T13:44:15.268-0800: 361.031: [GC (Allocation Failure) [PSYoungGen: 2423260K->322671K(2452480K)] 7225855K->5166281K(8045056K), 0.0513709 secs] [Times: user=0.38 sys=0.01, real=0.05 secs] 
2021-01-19T13:44:15.792-0800: 361.555: [GC (Allocation Failure) [PSYoungGen: 2432623K->315121K(2456064K)] 7276233K->5195215K(8048640K), 0.0474889 secs] [Times: user=0.30 sys=0.01, real=0.04 secs] 
2021-01-19T13:44:16.141-0800: 361.904: [GC (Allocation Failure) [PSYoungGen: 2430193K->328210K(2455040K)] 7310287K->5253701K(8047616K), 0.0635836 secs] [Times: user=0.27 sys=0.00, real=0.06 secs] 
2021-01-19T13:44:16.526-0800: 362.289: [GC (Allocation Failure) [PSYoungGen: 2443282K->323305K(2456064K)] 7368773K->5290822K(8048640K), 0.0514914 secs] [Times: user=0.29 sys=0.00, real=0.05 secs] 
2021-01-19T13:44:16.981-0800: 362.744: [GC (Allocation Failure) [PSYoungGen: 2438377K->316480K(2455040K)] 7405894K->5330023K(8047616K), 0.0547431 secs] [Times: user=0.26 sys=0.00, real=0.05 secs] 
2021-01-19T13:44:17.337-0800: 363.100: [GC (Allocation Failure) [PSYoungGen: 2431552K->317266K(2458112K)] 7445095K->5374344K(8050688K), 0.0547206 secs] [Times: user=0.28 sys=0.01, real=0.06 secs] 
2021-01-19T13:44:17.765-0800: 363.528: [GC (Allocation Failure) [PSYoungGen: 2436434K->331112K(2450432K)] 7493512K->5428358K(8043008K), 0.0647952 secs] [Times: user=0.27 sys=0.01, real=0.07 secs] 
2021-01-19T13:44:18.152-0800: 363.916: [GC (Allocation Failure) [PSYoungGen: 2450280K->339895K(2445824K)] 7547526K->5489645K(8038400K), 0.0556366 secs] [Times: user=0.38 sys=0.00, real=0.05 secs] 
2021-01-19T13:44:18.491-0800: 364.255: [GC (Allocation Failure) [PSYoungGen: 2445751K->328979K(2450944K)] 7595501K->5522647K(8043520K), 0.0543476 secs] [Times: user=0.37 sys=0.01, real=0.05 secs] 
2021-01-19T13:44:18.820-0800: 364.583: [GC (Allocation Failure) [PSYoungGen: 2434835K->329869K(2450944K)] 7628503K->5562469K(8043520K), 0.0518678 secs] [Times: user=0.31 sys=0.00, real=0.05 secs] 
2021-01-19T13:44:19.125-0800: 364.888: [GC (Allocation Failure) [PSYoungGen: 2435725K->321387K(2450944K)] 7668325K->5601017K(8043520K), 0.0519158 secs] [Times: user=0.31 sys=0.01, real=0.05 secs] 
2021-01-19T13:44:19.427-0800: 365.190: [GC (Allocation Failure) [PSYoungGen: 2427243K->317676K(2453504K)] 7706873K->5650449K(8046080K), 0.0541841 secs] [Times: user=0.34 sys=0.00, real=0.06 secs] 
2021-01-19T13:44:19.758-0800: 365.522: [GC (Allocation Failure) [PSYoungGen: 2427628K->323377K(2452480K)] 7760401K->5696488K(8045056K), 0.0525377 secs] [Times: user=0.34 sys=0.01, real=0.06 secs] 
2021-01-19T13:44:20.063-0800: 365.827: [GC (Allocation Failure) [PSYoungGen: 2433329K->323299K(2456576K)] 7806440K->5736456K(8049152K), 0.0538552 secs] [Times: user=0.33 sys=0.00, real=0.05 secs] 
2021-01-19T13:44:20.390-0800: 366.154: [GC (Allocation Failure) [PSYoungGen: 2438883K->327749K(2455040K)] 7852040K->5773525K(8047616K), 0.0528299 secs] [Times: user=0.36 sys=0.01, real=0.05 secs] 
2021-01-19T13:44:20.711-0800: 366.474: [GC (Allocation Failure) [PSYoungGen: 2443333K->329854K(2455552K)] 7889109K->5825533K(8048128K), 0.0588026 secs] [Times: user=0.34 sys=0.00, real=0.06 secs] 
2021-01-19T13:44:21.066-0800: 366.829: [GC (Allocation Failure) [PSYoungGen: 2445950K->320954K(2456064K)] 7941629K->5858653K(8048640K), 0.0571926 secs] [Times: user=0.29 sys=0.00, real=0.06 secs] 
2021-01-19T13:44:21.123-0800: 366.887: [Full GC (Ergonomics) [PSYoungGen: 320954K->0K(2456064K)] [ParOldGen: 5537698K->371148K(5592576K)] 5858653K->371148K(8048640K), [Metaspace: 2589K->2589K(1056768K)], 0.0992241 secs] [Times: user=0.33 sys=0.02, real=0.10 secs] 
2021-01-19T13:44:21.559-0800: 367.322: [GC (Allocation Failure) [PSYoungGen: 2116096K->320638K(2458112K)] 2487244K->691786K(8050688K), 0.0404984 secs] [Times: user=0.21 sys=0.01, real=0.05 secs] 
2021-01-19T13:44:21.917-0800: 367.681: [GC (Allocation Failure) [PSYoungGen: 2439806K->329971K(2457088K)] 2810954K->747974K(8049664K), 0.0440434 secs] [Times: user=0.23 sys=0.01, real=0.05 secs] 
2021-01-19T13:44:22.257-0800: 368.021: [GC (Allocation Failure) [PSYoungGen: 2449139K->336571K(2450944K)] 2867142K->801560K(8043520K), 0.0421668 secs] [Times: user=0.28 sys=0.01, real=0.05 secs] 
2021-01-19T13:44:22.562-0800: 368.325: [GC (Allocation Failure) [PSYoungGen: 2448571K->326615K(2454016K)] 2913560K->838093K(8046592K), 0.0528671 secs] [Times: user=0.21 sys=0.00, real=0.05 secs] 
2021-01-19T13:44:22.895-0800: 368.659: [GC (Allocation Failure) [PSYoungGen: 2438615K->331487K(2454016K)] 2950093K->884103K(8046592K), 0.0460676 secs] [Times: user=0.22 sys=0.00, real=0.05 secs] 
2021-01-19T13:44:23.362-0800: 369.126: [GC (Allocation Failure) [PSYoungGen: 2444511K->308745K(2422272K)] 2997127K->908942K(8014848K), 0.0528258 secs] [Times: user=0.23 sys=0.01, real=0.05 secs] 
2021-01-19T13:44:23.768-0800: 369.532: [GC (Allocation Failure) [PSYoungGen: 2421769K->323744K(2454528K)] 3021966K->966806K(8047104K), 0.0538863 secs] [Times: user=0.22 sys=0.02, real=0.06 secs] 
2021-01-19T13:44:24.147-0800: 369.911: [GC (Allocation Failure) [PSYoungGen: 2435232K->316204K(2452992K)] 3078294K->1007675K(8045568K), 0.0480529 secs] [Times: user=0.22 sys=0.00, real=0.05 secs] 
2021-01-19T13:44:24.500-0800: 370.263: [GC (Allocation Failure) [PSYoungGen: 2427692K->327773K(2455040K)] 3119163K->1057511K(8047616K), 0.0438319 secs] [Times: user=0.26 sys=0.01, real=0.04 secs] 
2021-01-19T13:44:24.866-0800: 370.630: [GC (Allocation Failure) [PSYoungGen: 2441821K->316335K(2455040K)] 3171559K->1086134K(8047616K), 0.0467358 secs] [Times: user=0.21 sys=0.01, real=0.05 secs] 
2021-01-19T13:44:25.214-0800: 370.977: [GC (Allocation Failure) [PSYoungGen: 2430383K->332828K(2451456K)] 3200182K->1148772K(8044032K), 0.0477149 secs] [Times: user=0.20 sys=0.01, real=0.05 secs] 
2021-01-19T13:44:25.548-0800: 371.312: [GC (Allocation Failure) [PSYoungGen: 2443804K->316728K(2453504K)] 3259748K->1181661K(8046080K), 0.0440284 secs] [Times: user=0.22 sys=0.01, real=0.05 secs] 
2021-01-19T13:44:25.878-0800: 371.641: [GC (Allocation Failure) [PSYoungGen: 2427704K->331121K(2451968K)] 3292637K->1240445K(8044544K), 0.0464700 secs] [Times: user=0.25 sys=0.00, real=0.05 secs] 
2021-01-19T13:44:26.258-0800: 372.022: [GC (Allocation Failure) [PSYoungGen: 2441073K->322399K(2452992K)] 3350397K->1272275K(8045568K), 0.0762404 secs] [Times: user=0.16 sys=0.01, real=0.08 secs] 
2021-01-19T13:44:26.689-0800: 372.453: [GC (Allocation Failure) [PSYoungGen: 2432351K->335878K(2449408K)] 3382227K->1326255K(8041984K), 0.0472906 secs] [Times: user=0.22 sys=0.01, real=0.05 secs] 
2021-01-19T13:44:27.008-0800: 372.772: [GC (Allocation Failure) [PSYoungGen: 2443782K->328703K(2451968K)] 3434159K->1362610K(8044544K), 0.0463344 secs] [Times: user=0.22 sys=0.01, real=0.05 secs] 
2021-01-19T13:44:27.307-0800: 373.071: [GC (Allocation Failure) [PSYoungGen: 2436607K->331535K(2451456K)] 3470514K->1405870K(8044032K), 0.0422143 secs] [Times: user=0.27 sys=0.00, real=0.04 secs] 
2021-01-19T13:44:27.633-0800: 373.397: [GC (Allocation Failure) [PSYoungGen: 2439439K->331794K(2451968K)] 3513774K->1448084K(8044544K), 0.0437002 secs] [Times: user=0.31 sys=0.01, real=0.04 secs] 
2021-01-19T13:44:27.951-0800: 373.715: [GC (Allocation Failure) [PSYoungGen: 2439698K->343892K(2442752K)] 3555988K->1502981K(8035328K), 0.0451845 secs] [Times: user=0.32 sys=0.00, real=0.04 secs] 
2021-01-19T13:44:28.287-0800: 374.050: [GC (Allocation Failure) [PSYoungGen: 2442580K->332959K(2447360K)] 3601669K->1538517K(8039936K), 0.0449484 secs] [Times: user=0.32 sys=0.01, real=0.05 secs] 
2021-01-19T13:44:28.614-0800: 374.377: [GC (Allocation Failure) [PSYoungGen: 2431647K->334277K(2447360K)] 3637205K->1586112K(8039936K), 0.0449758 secs] [Times: user=0.27 sys=0.00, real=0.04 secs] 
2021-01-19T13:44:28.933-0800: 374.696: [GC (Allocation Failure) [PSYoungGen: 2432965K->322736K(2447360K)] 3684800K->1620970K(8039936K), 0.0442518 secs] [Times: user=0.30 sys=0.00, real=0.04 secs] 
2021-01-19T13:44:29.257-0800: 375.020: [GC (Allocation Failure) [PSYoungGen: 2421424K->323656K(2449408K)] 3719658K->1664556K(8041984K), 0.0439926 secs] [Times: user=0.31 sys=0.01, real=0.05 secs] 
2021-01-19T13:44:29.571-0800: 375.334: [GC (Allocation Failure) [PSYoungGen: 2425416K->343332K(2445312K)] 3766316K->1724752K(8037888K), 0.0461518 secs] [Times: user=0.32 sys=0.00, real=0.04 secs] 
2021-01-19T13:44:29.896-0800: 375.659: [GC (Allocation Failure) [PSYoungGen: 2445092K->330096K(2447360K)] 3826512K->1760550K(8039936K), 0.0459848 secs] [Times: user=0.29 sys=0.02, real=0.05 secs] 
2021-01-19T13:44:30.232-0800: 375.995: [GC (Allocation Failure) [PSYoungGen: 2426736K->332528K(2445312K)] 3857190K->1806545K(8037888K), 0.0455709 secs] [Times: user=0.31 sys=0.01, real=0.04 secs] 
2021-01-19T13:44:30.563-0800: 376.326: [GC (Allocation Failure) [PSYoungGen: 2429168K->311995K(2445312K)] 3903185K->1832311K(8037888K), 0.0466060 secs] [Times: user=0.24 sys=0.07, real=0.05 secs] 
2021-01-19T13:44:30.897-0800: 376.660: [GC (Allocation Failure) [PSYoungGen: 2409659K->324153K(2446848K)] 3929975K->1887440K(8039424K), 0.0440020 secs] [Times: user=0.31 sys=0.00, real=0.05 secs] 
2021-01-19T13:44:31.221-0800: 376.985: [GC (Allocation Failure) [PSYoungGen: 2421817K->310239K(2446336K)] 3985104K->1919251K(8038912K), 0.0426551 secs] [Times: user=0.29 sys=0.01, real=0.04 secs] 
2021-01-19T13:44:31.551-0800: 377.314: [GC (Allocation Failure) [PSYoungGen: 2408927K->314484K(2447360K)] 4017939K->1958377K(8039936K), 0.0431569 secs] [Times: user=0.28 sys=0.00, real=0.04 secs] 
2021-01-19T13:44:31.883-0800: 377.646: [GC (Allocation Failure) [PSYoungGen: 2413172K->309205K(2447360K)] 4057065K->1997382K(8039936K), 0.0431128 secs] [Times: user=0.28 sys=0.01, real=0.04 secs] 
2021-01-19T13:44:32.201-0800: 377.965: [GC (Allocation Failure) [PSYoungGen: 2407893K->330791K(2429952K)] 4096070K->2059318K(8022528K), 0.0453700 secs] [Times: user=0.32 sys=0.00, real=0.04 secs] 
2021-01-19T13:44:32.533-0800: 378.297: [GC (Allocation Failure) [PSYoungGen: 2429479K->327785K(2447872K)] 4158006K->2100543K(8040448K), 0.0459609 secs] [Times: user=0.29 sys=0.00, real=0.04 secs] 
2021-01-19T13:44:32.887-0800: 378.650: [GC (Allocation Failure) [PSYoungGen: 2426473K->328409K(2446848K)] 4199231K->2137853K(8039424K), 0.0450194 secs] [Times: user=0.32 sys=0.01, real=0.05 secs] 
2021-01-19T13:44:33.209-0800: 378.972: [GC (Allocation Failure) [PSYoungGen: 2427097K->328813K(2449920K)] 4236541K->2182261K(8042496K), 0.0456563 secs] [Times: user=0.32 sys=0.00, real=0.05 secs] 
2021-01-19T13:44:33.531-0800: 379.294: [GC (Allocation Failure) [PSYoungGen: 2431597K->333712K(2436608K)] 4285045K->2232075K(8029184K), 0.0462370 secs] [Times: user=0.32 sys=0.01, real=0.04 secs] 
2021-01-19T13:44:33.869-0800: 379.632: [GC (Allocation Failure) [PSYoungGen: 2436496K->323190K(2450432K)] 4334859K->2265368K(8043008K), 0.0451984 secs] [Times: user=0.31 sys=0.00, real=0.05 secs] 
2021-01-19T13:44:34.199-0800: 379.962: [GC (Allocation Failure) [PSYoungGen: 2425974K->328020K(2448384K)] 4368152K->2314891K(8040960K), 0.0474211 secs] [Times: user=0.31 sys=0.00, real=0.05 secs] 
2021-01-19T13:44:34.534-0800: 380.297: [GC (Allocation Failure) [PSYoungGen: 2430804K->329542K(2451968K)] 4417675K->2359535K(8044544K), 0.0467637 secs] [Times: user=0.31 sys=0.01, real=0.05 secs] 
2021-01-19T13:44:34.874-0800: 380.637: [GC (Allocation Failure) [PSYoungGen: 2436934K->307942K(2415616K)] 4466927K->2382081K(8008192K), 0.0459154 secs] [Times: user=0.27 sys=0.05, real=0.05 secs] 
2021-01-19T13:44:35.195-0800: 380.958: [GC (Allocation Failure) [PSYoungGen: 2415334K->338740K(2444288K)] 4489473K->2447635K(8036864K), 0.0462923 secs] [Times: user=0.33 sys=0.00, real=0.05 secs] 
2021-01-19T13:44:35.530-0800: 381.293: [GC (Allocation Failure) [PSYoungGen: 2437428K->322655K(2447360K)] 4546323K->2483587K(8039936K), 0.0577193 secs] [Times: user=0.29 sys=0.01, real=0.05 secs] 
2021-01-19T13:44:35.886-0800: 381.649: [GC (Allocation Failure) [PSYoungGen: 2421343K->321669K(2450432K)] 4582275K->2524291K(8043008K), 0.0485886 secs] [Times: user=0.28 sys=0.01, real=0.05 secs] 
2021-01-19T13:44:36.255-0800: 382.018: [GC (Allocation Failure) [PSYoungGen: 2424965K->321501K(2448896K)] 4627587K->2569574K(8041472K), 0.0583648 secs] [Times: user=0.27 sys=0.06, real=0.06 secs] 
2021-01-19T13:44:36.607-0800: 382.371: [GC (Allocation Failure) [PSYoungGen: 2424797K->325740K(2453504K)] 4672870K->2619136K(8046080K), 0.0465711 secs] [Times: user=0.33 sys=0.00, real=0.05 secs] 
2021-01-19T13:44:36.954-0800: 382.718: [GC (Allocation Failure) [PSYoungGen: 2435180K->329485K(2451968K)] 4728576K->2661611K(8044544K), 0.0484700 secs] [Times: user=0.30 sys=0.00, real=0.05 secs] 
2021-01-19T13:44:37.285-0800: 383.048: [GC (Allocation Failure) [PSYoungGen: 2438925K->342519K(2444288K)] 4771051K->2721340K(8036864K), 0.0488278 secs] [Times: user=0.35 sys=0.01, real=0.05 secs] 
2021-01-19T13:44:37.612-0800: 383.376: [GC (Allocation Failure) [PSYoungGen: 2444279K->323122K(2448896K)] 4823100K->2742635K(8041472K), 0.0461976 secs] [Times: user=0.31 sys=0.00, real=0.04 secs] 
2021-01-19T13:44:37.937-0800: 383.700: [GC (Allocation Failure) [PSYoungGen: 2424882K->330566K(2450432K)] 4844395K->2796982K(8043008K), 0.0494560 secs] [Times: user=0.30 sys=0.04, real=0.05 secs] 
2021-01-19T13:44:38.268-0800: 384.031: [GC (Allocation Failure) [PSYoungGen: 2434886K->322559K(2449920K)] 4901302K->2835047K(8042496K), 0.0480791 secs] [Times: user=0.33 sys=0.00, real=0.05 secs] 
2021-01-19T13:44:38.586-0800: 384.350: [GC (Allocation Failure) [PSYoungGen: 2426879K->333278K(2450432K)] 4939367K->2884368K(8043008K), 0.0459571 secs] [Times: user=0.28 sys=0.00, real=0.05 secs] 
2021-01-19T13:44:38.914-0800: 384.678: [GC (Allocation Failure) [PSYoungGen: 2439134K->332393K(2450944K)] 4990224K->2930740K(8043520K), 0.0464346 secs] [Times: user=0.29 sys=0.00, real=0.05 secs] 
2021-01-19T13:44:39.226-0800: 384.990: [GC (Allocation Failure) [PSYoungGen: 2438249K->344377K(2441728K)] 5036596K->2988189K(8034304K), 0.0482971 secs] [Times: user=0.28 sys=0.00, real=0.05 secs] 
2021-01-19T13:44:39.538-0800: 385.301: [GC (Allocation Failure) [PSYoungGen: 2441017K->332767K(2446336K)] 5084829K->3019440K(8038912K), 0.0492307 secs] [Times: user=0.24 sys=0.00, real=0.05 secs] 
2021-01-19T13:44:39.871-0800: 385.635: [GC (Allocation Failure) [PSYoungGen: 2429407K->320446K(2447360K)] 5116080K->3058080K(8039936K), 0.0516938 secs] [Times: user=0.25 sys=0.03, real=0.05 secs] 
2021-01-19T13:44:40.198-0800: 385.961: [GC (Allocation Failure) [PSYoungGen: 2419134K->322908K(2447360K)] 5156768K->3106899K(8039936K), 0.0464637 secs] [Times: user=0.31 sys=0.00, real=0.05 secs] 
2021-01-19T13:44:40.519-0800: 386.282: [GC (Allocation Failure) [PSYoungGen: 2421596K->317821K(2448384K)] 5205587K->3145189K(8040960K), 0.0468259 secs] [Times: user=0.31 sys=0.00, real=0.05 secs] 
2021-01-19T13:44:40.839-0800: 386.603: [GC (Allocation Failure) [PSYoungGen: 2418557K->327703K(2448384K)] 5245925K->3194499K(8040960K), 0.0478737 secs] [Times: user=0.34 sys=0.01, real=0.05 secs] 
2021-01-19T13:44:41.169-0800: 386.932: [GC (Allocation Failure) [PSYoungGen: 2428439K->326286K(2451968K)] 5295235K->3243752K(8044544K), 0.0489478 secs] [Times: user=0.35 sys=0.00, real=0.05 secs] 
2021-01-19T13:44:41.521-0800: 387.285: [GC (Allocation Failure) [PSYoungGen: 2432654K->323218K(2450432K)] 5350120K->3285548K(8043008K), 0.0472754 secs] [Times: user=0.32 sys=0.01, real=0.04 secs] 
2021-01-19T13:44:41.849-0800: 387.612: [GC (Allocation Failure) [PSYoungGen: 2429586K->321240K(2453504K)] 5391916K->3329104K(8046080K), 0.0479031 secs] [Times: user=0.32 sys=0.00, real=0.05 secs] 
2021-01-19T13:44:42.190-0800: 387.953: [GC (Allocation Failure) [PSYoungGen: 2431704K->320482K(2452992K)] 5439568K->3372834K(8045568K), 0.0492542 secs] [Times: user=0.30 sys=0.00, real=0.04 secs] 
2021-01-19T13:44:42.510-0800: 388.273: [GC (Allocation Failure) [PSYoungGen: 2430946K->341421K(2445824K)] 5483298K->3435494K(8038400K), 0.0512900 secs] [Times: user=0.34 sys=0.01, real=0.05 secs] 
2021-01-19T13:44:42.821-0800: 388.584: [GC (Allocation Failure) [PSYoungGen: 2445229K->323108K(2449920K)] 5539302K->3463570K(8042496K), 0.0477386 secs] [Times: user=0.34 sys=0.00, real=0.04 secs] 
2021-01-19T13:44:43.154-0800: 388.917: [GC (Allocation Failure) [PSYoungGen: 2426916K->327695K(2452480K)] 5567378K->3513970K(8045056K), 0.0494582 secs] [Times: user=0.36 sys=0.01, real=0.05 secs] 
2021-01-19T13:44:43.478-0800: 389.242: [GC (Allocation Failure) [PSYoungGen: 2435087K->323178K(2450944K)] 5621362K->3552999K(8043520K), 0.0489648 secs] [Times: user=0.31 sys=0.02, real=0.05 secs] 
2021-01-19T13:44:43.815-0800: 389.578: [GC (Allocation Failure) [PSYoungGen: 2430570K->327659K(2454528K)] 5660391K->3604439K(8047104K), 0.0531752 secs] [Times: user=0.20 sys=0.15, real=0.05 secs] 
2021-01-19T13:44:44.121-0800: 389.885: [GC (Allocation Failure) [PSYoungGen: 2439659K->318448K(2453504K)] 5716439K->3639232K(8046080K), 0.0516682 secs] [Times: user=0.19 sys=0.15, real=0.05 secs] 
2021-01-19T13:44:44.450-0800: 390.213: [GC (Allocation Failure) [PSYoungGen: 2430448K->332893K(2451968K)] 5751232K->3704547K(8044544K), 0.0561238 secs] [Times: user=0.19 sys=0.15, real=0.05 secs] 
2021-01-19T13:44:44.741-0800: 390.504: [GC (Allocation Failure) [PSYoungGen: 2443869K->324948K(2453504K)] 5815523K->3746600K(8046080K), 0.0559311 secs] [Times: user=0.20 sys=0.14, real=0.05 secs] 
2021-01-19T13:44:45.040-0800: 390.803: [GC (Allocation Failure) [PSYoungGen: 2435924K->321053K(2455552K)] 5857576K->3779170K(8048128K), 0.0491856 secs] [Times: user=0.20 sys=0.10, real=0.04 secs] 
2021-01-19T13:44:45.328-0800: 391.092: [GC (Allocation Failure) [PSYoungGen: 2435613K->340259K(2455040K)] 5893730K->3836186K(8047616K), 0.0523158 secs] [Times: user=0.20 sys=0.11, real=0.06 secs] 
2021-01-19T13:44:45.627-0800: 391.390: [GC (Allocation Failure) [PSYoungGen: 2454819K->331871K(2447872K)] 5950746K->3873953K(8040448K), 0.0850544 secs] [Times: user=0.20 sys=0.13, real=0.09 secs] 
2021-01-19T13:44:45.951-0800: 391.714: [GC (Allocation Failure) [PSYoungGen: 2438751K->316885K(2451456K)] 5980833K->3908695K(8044032K), 0.0569487 secs] [Times: user=0.17 sys=0.15, real=0.05 secs] 
2021-01-19T13:44:46.254-0800: 392.018: [GC (Allocation Failure) [PSYoungGen: 2423765K->329516K(2451968K)] 6015575K->3966128K(8044544K), 0.0593150 secs] [Times: user=0.20 sys=0.12, real=0.06 secs] 
2021-01-19T13:44:46.584-0800: 392.348: [GC (Allocation Failure) [PSYoungGen: 2436908K->325542K(2451456K)] 6073520K->4006053K(8044032K), 0.0708624 secs] [Times: user=0.18 sys=0.09, real=0.07 secs] 
2021-01-19T13:44:46.909-0800: 392.673: [GC (Allocation Failure) [PSYoungGen: 2432934K->328921K(2454528K)] 6113445K->4056710K(8047104K), 0.0549942 secs] [Times: user=0.20 sys=0.14, real=0.06 secs] 
2021-01-19T13:44:47.234-0800: 392.997: [GC (Allocation Failure) [PSYoungGen: 2440921K->324225K(2453504K)] 6168710K->4093683K(8046080K), 0.0462193 secs] [Times: user=0.31 sys=0.00, real=0.05 secs] 
2021-01-19T13:44:47.550-0800: 393.314: [GC (Allocation Failure) [PSYoungGen: 2436225K->320080K(2455552K)] 6205683K->4137644K(8048128K), 0.0457624 secs] [Times: user=0.31 sys=0.00, real=0.04 secs] 
2021-01-19T13:44:47.870-0800: 393.633: [GC (Allocation Failure) [PSYoungGen: 2434640K->330912K(2455040K)] 6252204K->4190175K(8047616K), 0.0448070 secs] [Times: user=0.32 sys=0.00, real=0.04 secs] 
2021-01-19T13:44:48.195-0800: 393.959: [GC (Allocation Failure) [PSYoungGen: 2445472K->316548K(2455040K)] 6304735K->4219653K(8047616K), 0.0503263 secs] [Times: user=0.34 sys=0.00, real=0.05 secs] 
2021-01-19T13:44:48.540-0800: 394.303: [GC (Allocation Failure) [PSYoungGen: 2430596K->312734K(2426880K)] 6333701K->4256040K(8019456K), 0.0518360 secs] [Times: user=0.33 sys=0.01, real=0.05 secs] 
2021-01-19T13:44:48.872-0800: 394.636: [GC (Allocation Failure) [PSYoungGen: 2426782K->319021K(2455040K)] 6370088K->4296470K(8047616K), 0.0479204 secs] [Times: user=0.32 sys=0.00, real=0.05 secs] 
2021-01-19T13:44:49.186-0800: 394.950: [GC (Allocation Failure) [PSYoungGen: 2432045K->328161K(2454016K)] 6409494K->4348726K(8046592K), 0.0526023 secs] [Times: user=0.38 sys=0.01, real=0.05 secs] 
2021-01-19T13:44:49.515-0800: 395.279: [GC (Allocation Failure) [PSYoungGen: 2441185K->329687K(2454016K)] 6461750K->4398082K(8046592K), 0.0517730 secs] [Times: user=0.35 sys=0.00, real=0.05 secs] 
2021-01-19T13:44:49.842-0800: 395.605: [GC (Allocation Failure) [PSYoungGen: 2442711K->336293K(2449408K)] 6511106K->4447198K(8041984K), 0.0514584 secs] [Times: user=0.36 sys=0.01, real=0.05 secs] 
2021-01-19T13:44:50.171-0800: 395.935: [GC (Allocation Failure) [PSYoungGen: 2449317K->327704K(2452992K)] 6560222K->4483132K(8045568K), 0.0507022 secs] [Times: user=0.34 sys=0.00, real=0.05 secs] 
2021-01-19T13:44:50.533-0800: 396.297: [GC (Allocation Failure) [PSYoungGen: 2436632K->314046K(2451968K)] 6592060K->4517557K(8044544K), 0.0452466 secs] [Times: user=0.29 sys=0.00, real=0.04 secs] 
2021-01-19T13:44:50.841-0800: 396.605: [GC (Allocation Failure) [PSYoungGen: 2422974K->323594K(2454528K)] 6626485K->4563963K(8047104K), 0.0436629 secs] [Times: user=0.29 sys=0.01, real=0.04 secs] 
2021-01-19T13:44:51.149-0800: 396.912: [GC (Allocation Failure) [PSYoungGen: 2435082K->325431K(2452992K)] 6675451K->4614830K(8045568K), 0.0534571 secs] [Times: user=0.38 sys=0.00, real=0.06 secs] 
2021-01-19T13:44:51.525-0800: 397.288: [GC (Allocation Failure) [PSYoungGen: 2436919K->327377K(2456576K)] 6726318K->4660486K(8049152K), 0.0539068 secs] [Times: user=0.33 sys=0.00, real=0.05 secs] 
2021-01-19T13:44:51.885-0800: 397.648: [GC (Allocation Failure) [PSYoungGen: 2443473K->311076K(2455552K)] 6776582K->4694558K(8048128K), 0.0459249 secs] [Times: user=0.28 sys=0.00, real=0.05 secs] 
2021-01-19T13:44:52.208-0800: 397.972: [GC (Allocation Failure) [PSYoungGen: 2427172K->327125K(2456064K)] 6810654K->4750211K(8048640K), 0.0510947 secs] [Times: user=0.36 sys=0.01, real=0.05 secs] 
2021-01-19T13:44:52.566-0800: 398.330: [GC (Allocation Failure) [PSYoungGen: 2442709K->319135K(2455552K)] 6865795K->4782559K(8048128K), 0.0505000 secs] [Times: user=0.35 sys=0.00, real=0.05 secs] 
2021-01-19T13:44:52.917-0800: 398.680: [GC (Allocation Failure) [PSYoungGen: 2434719K->308581K(2454528K)] 6898143K->4818244K(8047104K), 0.0516862 secs] [Times: user=0.25 sys=0.00, real=0.05 secs] 
2021-01-19T13:44:53.245-0800: 399.008: [GC (Allocation Failure) [PSYoungGen: 2423653K->326858K(2455552K)] 6933316K->4878830K(8048128K), 0.0564550 secs] [Times: user=0.30 sys=0.08, real=0.06 secs] 
2021-01-19T13:44:53.593-0800: 399.357: [GC (Allocation Failure) [PSYoungGen: 2441930K->313029K(2455552K)] 6993902K->4910151K(8048128K), 0.0562362 secs] [Times: user=0.30 sys=0.03, real=0.05 secs] 
2021-01-19T13:44:53.925-0800: 399.689: [GC (Allocation Failure) [PSYoungGen: 2428101K->332284K(2447360K)] 7025223K->4974901K(8039936K), 0.0540169 secs] [Times: user=0.33 sys=0.01, real=0.05 secs] 
2021-01-19T13:44:54.262-0800: 400.026: [GC (Allocation Failure) [PSYoungGen: 2447356K->317393K(2454528K)] 7089973K->5002853K(8047104K), 0.0511648 secs] [Times: user=0.35 sys=0.00, real=0.05 secs] 
2021-01-19T13:44:54.595-0800: 400.359: [GC (Allocation Failure) [PSYoungGen: 2429393K->334872K(2447360K)] 7114853K->5068729K(8039936K), 0.0554488 secs] [Times: user=0.39 sys=0.01, real=0.06 secs] 
2021-01-19T13:44:54.941-0800: 400.705: [GC (Allocation Failure) [PSYoungGen: 2446872K->316971K(2452992K)] 7180729K->5095871K(8045568K), 0.0511094 secs] [Times: user=0.33 sys=0.01, real=0.05 secs] 
2021-01-19T13:44:55.264-0800: 401.028: [GC (Allocation Failure) [PSYoungGen: 2425899K->332685K(2441728K)] 7204799K->5151514K(8034304K), 0.0522436 secs] [Times: user=0.37 sys=0.00, real=0.05 secs] 
2021-01-19T13:44:55.602-0800: 401.366: [GC (Allocation Failure) [PSYoungGen: 2441613K->322348K(2452992K)] 7260442K->5176809K(8045568K), 0.0512084 secs] [Times: user=0.37 sys=0.01, real=0.05 secs] 
2021-01-19T13:44:55.933-0800: 401.697: [GC (Allocation Failure) [PSYoungGen: 2430252K->333346K(2450944K)] 7284713K->5226935K(8043520K), 0.0529306 secs] [Times: user=0.37 sys=0.01, real=0.05 secs] 
2021-01-19T13:44:56.270-0800: 402.033: [GC (Allocation Failure) [PSYoungGen: 2441250K->321763K(2452992K)] 7334839K->5263289K(8045568K), 0.0526407 secs] [Times: user=0.38 sys=0.00, real=0.05 secs] 
2021-01-19T13:44:56.612-0800: 402.376: [GC (Allocation Failure) [PSYoungGen: 2430179K->323367K(2451456K)] 7371705K->5303867K(8044032K), 0.0549544 secs] [Times: user=0.36 sys=0.01, real=0.05 secs] 
2021-01-19T13:44:56.957-0800: 402.721: [GC (Allocation Failure) [PSYoungGen: 2431783K->335909K(2449408K)] 7412283K->5360261K(8041984K), 0.0586099 secs] [Times: user=0.29 sys=0.01, real=0.06 secs] 
2021-01-19T13:44:57.298-0800: 403.061: [GC (Allocation Failure) [PSYoungGen: 2443813K->325285K(2451968K)] 7468165K->5390986K(8044544K), 0.0523676 secs] [Times: user=0.39 sys=0.01, real=0.06 secs] 
2021-01-19T13:44:57.635-0800: 403.399: [GC (Allocation Failure) [PSYoungGen: 2433189K->320707K(2454528K)] 7498890K->5424524K(8047104K), 0.0522903 secs] [Times: user=0.38 sys=0.00, real=0.05 secs] 
2021-01-19T13:44:57.975-0800: 403.739: [GC (Allocation Failure) [PSYoungGen: 2433219K->326606K(2454016K)] 7537036K->5468745K(8046592K), 0.0536169 secs] [Times: user=0.37 sys=0.01, real=0.05 secs] 
2021-01-19T13:44:58.298-0800: 404.062: [GC (Allocation Failure) [PSYoungGen: 2439118K->320659K(2456576K)] 7581257K->5507708K(8049152K), 0.0532734 secs] [Times: user=0.39 sys=0.00, real=0.06 secs] 
2021-01-19T13:44:58.629-0800: 404.393: [GC (Allocation Failure) [PSYoungGen: 2436755K->314554K(2455552K)] 7623804K->5540854K(8048128K), 0.0515339 secs] [Times: user=0.36 sys=0.00, real=0.06 secs] 
2021-01-19T13:44:58.954-0800: 404.718: [GC (Allocation Failure) [PSYoungGen: 2430650K->329244K(2455040K)] 7656950K->5601548K(8047616K), 0.0582613 secs] [Times: user=0.34 sys=0.01, real=0.06 secs] 
2021-01-19T13:44:59.294-0800: 405.058: [GC (Allocation Failure) [PSYoungGen: 2444316K->323426K(2455552K)] 7716620K->5637552K(8048128K), 0.0536060 secs] [Times: user=0.37 sys=0.00, real=0.05 secs] 
2021-01-19T13:44:59.638-0800: 405.402: [GC (Allocation Failure) [PSYoungGen: 2438498K->318603K(2457600K)] 7752624K->5671010K(8050176K), 0.0524266 secs] [Times: user=0.38 sys=0.00, real=0.06 secs] 
2021-01-19T13:44:59.982-0800: 405.745: [GC (Allocation Failure) [PSYoungGen: 2437259K->308722K(2427392K)] 7789666K->5711163K(8019968K), 0.0536177 secs] [Times: user=0.36 sys=0.01, real=0.05 secs] 
2021-01-19T13:45:00.336-0800: 406.099: [GC (Allocation Failure) [PSYoungGen: 2427378K->329233K(2454528K)] 7829819K->5773562K(8047104K), 0.0614298 secs] [Times: user=0.33 sys=0.08, real=0.06 secs] 
2021-01-19T13:45:00.678-0800: 406.442: [GC (Allocation Failure) [PSYoungGen: 2444305K->330542K(2445824K)] 7888634K->5818553K(8038400K), 0.0566117 secs] [Times: user=0.37 sys=0.02, real=0.06 secs] 
2021-01-19T13:45:01.016-0800: 406.780: [GC (Allocation Failure) [PSYoungGen: 2445614K->320022K(2455552K)] 7933625K->5857337K(8048128K), 0.0534457 secs] [Times: user=0.37 sys=0.01, real=0.06 secs] 
2021-01-19T13:45:01.362-0800: 407.126: [GC (Allocation Failure) [PSYoungGen: 2434070K->318088K(2454528K)] 7971385K->5899553K(8047104K), 0.0592426 secs] [Times: user=0.20 sys=0.17, real=0.06 secs] 
2021-01-19T13:45:01.421-0800: 407.185: [Full GC (Ergonomics) [PSYoungGen: 318088K->0K(2454528K)] [ParOldGen: 5581464K->370856K(5592576K)] 5899553K->370856K(8047104K), [Metaspace: 2589K->2589K(1056768K)], 0.3306054 secs] [Times: user=0.18 sys=1.02, real=0.33 secs] 
2021-01-19T13:45:02.016-0800: 407.780: [GC (Allocation Failure) [PSYoungGen: 2114048K->331376K(2453504K)] 2484904K->702232K(8046080K), 0.0373804 secs] [Times: user=0.27 sys=0.00, real=0.04 secs] 
2021-01-19T13:45:02.357-0800: 408.121: [GC (Allocation Failure) [PSYoungGen: 2445424K->327366K(2455040K)] 2816280K->734603K(8047616K), 0.0438160 secs] [Times: user=0.26 sys=0.01, real=0.05 secs] 
2021-01-19T13:45:02.706-0800: 408.469: [GC (Allocation Failure) [PSYoungGen: 2441414K->325873K(2456064K)] 2848651K->777259K(8048640K), 0.0513220 secs] [Times: user=0.19 sys=0.12, real=0.05 secs] 
2021-01-19T13:45:03.034-0800: 408.798: [GC (Allocation Failure) [PSYoungGen: 2440945K->314831K(2455040K)] 2892331K->809753K(8047616K), 0.0421926 secs] [Times: user=0.21 sys=0.08, real=0.04 secs] 
2021-01-19T13:45:03.359-0800: 409.123: [GC (Allocation Failure) [PSYoungGen: 2429903K->339917K(2446848K)] 2924825K->878194K(8039424K), 0.0459951 secs] [Times: user=0.26 sys=0.01, real=0.05 secs] 
2021-01-19T13:45:03.678-0800: 409.442: [GC (Allocation Failure) [PSYoungGen: 2446797K->322694K(2451456K)] 2985074K->910217K(8044032K), 0.0428713 secs] [Times: user=0.27 sys=0.01, real=0.05 secs] 
2021-01-19T13:45:04.022-0800: 409.786: [GC (Allocation Failure) [PSYoungGen: 2429574K->321786K(2454528K)] 3017097K->954428K(8047104K), 0.0412345 secs] [Times: user=0.28 sys=0.01, real=0.04 secs] 
2021-01-19T13:45:04.352-0800: 410.116: [GC (Allocation Failure) [PSYoungGen: 2433274K->316822K(2452992K)] 3065916K->998080K(8045568K), 0.0418453 secs] [Times: user=0.29 sys=0.01, real=0.04 secs] 
2021-01-19T13:45:04.685-0800: 410.449: [GC (Allocation Failure) [PSYoungGen: 2428310K->335094K(2449920K)] 3109568K->1057798K(8042496K), 0.0434955 secs] [Times: user=0.30 sys=0.01, real=0.04 secs] 
2021-01-19T13:45:05.010-0800: 410.774: [GC (Allocation Failure) [PSYoungGen: 2444022K->336004K(2445312K)] 3166726K->1104375K(8037888K), 0.0438025 secs] [Times: user=0.31 sys=0.00, real=0.04 secs] 
2021-01-19T13:45:05.347-0800: 411.111: [GC (Allocation Failure) [PSYoungGen: 2444932K->324265K(2451968K)] 3213303K->1136666K(8044544K), 0.0421674 secs] [Times: user=0.29 sys=0.01, real=0.04 secs] 
2021-01-19T13:45:05.682-0800: 411.445: [GC (Allocation Failure) [PSYoungGen: 2430121K->326105K(2449920K)] 3242522K->1184948K(8042496K), 0.0433652 secs] [Times: user=0.29 sys=0.00, real=0.04 secs] 
2021-01-19T13:45:06.001-0800: 411.765: [GC (Allocation Failure) [PSYoungGen: 2431961K->329149K(2454016K)] 3290804K->1237053K(8046592K), 0.0440888 secs] [Times: user=0.29 sys=0.01, real=0.04 secs] 
2021-01-19T13:45:06.314-0800: 412.077: [GC (Allocation Failure) [PSYoungGen: 2440637K->314620K(2453504K)] 3348541K->1270599K(8046080K), 0.0422150 secs] [Times: user=0.31 sys=0.00, real=0.04 secs] 
2021-01-19T13:45:06.631-0800: 412.394: [GC (Allocation Failure) [PSYoungGen: 2426108K->331063K(2452480K)] 3382087K->1328159K(8045056K), 0.0435324 secs] [Times: user=0.31 sys=0.00, real=0.04 secs] 
2021-01-19T13:45:06.963-0800: 412.726: [GC (Allocation Failure) [PSYoungGen: 2441015K->309831K(2420224K)] 3438111K->1350777K(8012800K), 0.0412474 secs] [Times: user=0.28 sys=0.00, real=0.04 secs] 
2021-01-19T13:45:07.307-0800: 413.071: [GC (Allocation Failure) [PSYoungGen: 2419783K->326738K(2452992K)] 3460729K->1405629K(8045568K), 0.0421852 secs] [Times: user=0.29 sys=0.00, real=0.04 secs] 
2021-01-19T13:45:07.616-0800: 413.380: [GC (Allocation Failure) [PSYoungGen: 2435666K->324745K(2451968K)] 3514557K->1440442K(8044544K), 0.0419397 secs] [Times: user=0.28 sys=0.00, real=0.04 secs] 
2021-01-19T13:45:07.941-0800: 413.705: [GC (Allocation Failure) [PSYoungGen: 2433673K->315480K(2455040K)] 3549370K->1474390K(8047616K), 0.0416439 secs] [Times: user=0.28 sys=0.00, real=0.04 secs] 
2021-01-19T13:45:08.259-0800: 414.023: [GC (Allocation Failure) [PSYoungGen: 2429016K->336758K(2450432K)] 3587926K->1537476K(8043008K), 0.0445309 secs] [Times: user=0.28 sys=0.01, real=0.05 secs] 
2021-01-19T13:45:08.587-0800: 414.351: [GC (Allocation Failure) [PSYoungGen: 2450294K->317183K(2452480K)] 3651012K->1570035K(8045056K), 0.0431411 secs] [Times: user=0.29 sys=0.00, real=0.05 secs] 
2021-01-19T13:45:08.912-0800: 414.676: [GC (Allocation Failure) [PSYoungGen: 2425087K->325607K(2451456K)] 3677939K->1623570K(8044032K), 0.0436695 secs] [Times: user=0.30 sys=0.00, real=0.04 secs] 
2021-01-19T13:45:09.233-0800: 414.996: [GC (Allocation Failure) [PSYoungGen: 2433511K->326357K(2454528K)] 3731474K->1669018K(8047104K), 0.0434654 secs] [Times: user=0.30 sys=0.00, real=0.04 secs] 
2021-01-19T13:45:09.567-0800: 415.331: [GC (Allocation Failure) [PSYoungGen: 2438357K->321968K(2453504K)] 3781018K->1706812K(8046080K), 0.0448629 secs] [Times: user=0.31 sys=0.00, real=0.05 secs] 
2021-01-19T13:45:09.900-0800: 415.664: [GC (Allocation Failure) [PSYoungGen: 2433968K->328302K(2456064K)] 3818812K->1757484K(8048640K), 0.0447867 secs] [Times: user=0.31 sys=0.00, real=0.04 secs] 
2021-01-19T13:45:10.226-0800: 415.990: [GC (Allocation Failure) [PSYoungGen: 2444398K->331819K(2448384K)] 3873580K->1801174K(8040960K), 0.0447231 secs] [Times: user=0.27 sys=0.00, real=0.05 secs] 
2021-01-19T13:45:10.551-0800: 416.315: [GC (Allocation Failure) [PSYoungGen: 2447915K->312836K(2453504K)] 3917270K->1821317K(8046080K), 0.0432906 secs] [Times: user=0.25 sys=0.00, real=0.04 secs] 
2021-01-19T13:45:10.867-0800: 416.631: [GC (Allocation Failure) [PSYoungGen: 2424836K->323393K(2454016K)] 3933317K->1874891K(8046592K), 0.0426857 secs] [Times: user=0.25 sys=0.00, real=0.05 secs] 
2021-01-19T13:45:11.193-0800: 416.957: [GC (Allocation Failure) [PSYoungGen: 2435393K->339950K(2446848K)] 3986891K->1931661K(8039424K), 0.0458763 secs] [Times: user=0.29 sys=0.00, real=0.04 secs] 
2021-01-19T13:45:11.511-0800: 417.275: [GC (Allocation Failure) [PSYoungGen: 2446830K->326437K(2451456K)] 4038541K->1970212K(8044032K), 0.0442286 secs] [Times: user=0.26 sys=0.00, real=0.04 secs] 
2021-01-19T13:45:11.829-0800: 417.592: [GC (Allocation Failure) [PSYoungGen: 2433317K->325854K(2454528K)] 4077092K->2018412K(8047104K), 0.0457930 secs] [Times: user=0.31 sys=0.01, real=0.05 secs] 
2021-01-19T13:45:12.154-0800: 417.918: [GC (Allocation Failure) [PSYoungGen: 2437342K->336409K(2448384K)] 4129900K->2068241K(8040960K), 0.0460870 secs] [Times: user=0.33 sys=0.00, real=0.05 secs] 
2021-01-19T13:45:12.488-0800: 418.252: [GC (Allocation Failure) [PSYoungGen: 2447897K->323426K(2453504K)] 4179729K->2101596K(8046080K), 0.0452260 secs] [Times: user=0.30 sys=0.00, real=0.05 secs] 
2021-01-19T13:45:12.796-0800: 418.560: [GC (Allocation Failure) [PSYoungGen: 2433378K->306519K(2416640K)] 4211548K->2133864K(8009216K), 0.0447984 secs] [Times: user=0.30 sys=0.00, real=0.05 secs] 
2021-01-19T13:45:13.118-0800: 418.882: [GC (Allocation Failure) [PSYoungGen: 2416471K->329110K(2451968K)] 4243816K->2200263K(8044544K), 0.0469076 secs] [Times: user=0.32 sys=0.00, real=0.05 secs] 
2021-01-19T13:45:13.442-0800: 419.206: [GC (Allocation Failure) [PSYoungGen: 2436502K->317084K(2451456K)] 4307655K->2240185K(8044032K), 0.0459375 secs] [Times: user=0.33 sys=0.00, real=0.04 secs] 
2021-01-19T13:45:13.784-0800: 419.548: [GC (Allocation Failure) [PSYoungGen: 2424476K->318113K(2453504K)] 4347577K->2291174K(8046080K), 0.0452685 secs] [Times: user=0.32 sys=0.00, real=0.05 secs] 
2021-01-19T13:45:14.111-0800: 419.875: [GC (Allocation Failure) [PSYoungGen: 2428065K->330888K(2452480K)] 4401126K->2347092K(8045056K), 0.0471309 secs] [Times: user=0.31 sys=0.00, real=0.04 secs] 
2021-01-19T13:45:14.438-0800: 420.202: [GC (Allocation Failure) [PSYoungGen: 2440840K->326203K(2453504K)] 4457044K->2391106K(8046080K), 0.0454082 secs] [Times: user=0.32 sys=0.00, real=0.05 secs] 
2021-01-19T13:45:14.762-0800: 420.526: [GC (Allocation Failure) [PSYoungGen: 2436155K->327106K(2452480K)] 4501058K->2430328K(8045056K), 0.0474616 secs] [Times: user=0.31 sys=0.01, real=0.05 secs] 
2021-01-19T13:45:15.101-0800: 420.865: [GC (Allocation Failure) [PSYoungGen: 2437058K->328484K(2454528K)] 4540280K->2483100K(8047104K), 0.0472602 secs] [Times: user=0.32 sys=0.00, real=0.04 secs] 
2021-01-19T13:45:15.420-0800: 421.184: [GC (Allocation Failure) [PSYoungGen: 2441508K->324376K(2454528K)] 4596124K->2527670K(8047104K), 0.0436843 secs] [Times: user=0.26 sys=0.01, real=0.04 secs] 
2021-01-19T13:45:15.729-0800: 421.493: [GC (Allocation Failure) [PSYoungGen: 2437400K->323151K(2457088K)] 4640694K->2570323K(8049664K), 0.0425520 secs] [Times: user=0.22 sys=0.01, real=0.05 secs] 
2021-01-19T13:45:16.032-0800: 421.796: [GC (Allocation Failure) [PSYoungGen: 2440271K->318663K(2456064K)] 4687443K->2601290K(8048640K), 0.0413093 secs] [Times: user=0.25 sys=0.00, real=0.04 secs] 
2021-01-19T13:45:16.336-0800: 422.099: [GC (Allocation Failure) [PSYoungGen: 2435783K->322300K(2458624K)] 4718410K->2645468K(8051200K), 0.0412728 secs] [Times: user=0.25 sys=0.01, real=0.04 secs] 
2021-01-19T13:45:16.631-0800: 422.395: [GC (Allocation Failure) [PSYoungGen: 2442492K->337366K(2457600K)] 4765660K->2697776K(8050176K), 0.0424350 secs] [Times: user=0.29 sys=0.00, real=0.04 secs] 
2021-01-19T13:45:16.942-0800: 422.706: [GC (Allocation Failure) [PSYoungGen: 2457558K->331794K(2450432K)] 4817968K->2734547K(8043008K), 0.0464632 secs] [Times: user=0.31 sys=0.01, real=0.04 secs] 
2021-01-19T13:45:17.280-0800: 423.043: [GC (Allocation Failure) [PSYoungGen: 2443794K->315933K(2454016K)] 4846547K->2768882K(8046592K), 0.0462704 secs] [Times: user=0.32 sys=0.00, real=0.04 secs] 
2021-01-19T13:45:17.611-0800: 423.375: [GC (Allocation Failure) [PSYoungGen: 2427933K->329042K(2454016K)] 4880882K->2824182K(8046592K), 0.0469738 secs] [Times: user=0.32 sys=0.01, real=0.04 secs] 
2021-01-19T13:45:17.948-0800: 423.712: [GC (Allocation Failure) [PSYoungGen: 2441042K->328860K(2454016K)] 4936182K->2863132K(8046592K), 0.0465709 secs] [Times: user=0.32 sys=0.00, real=0.05 secs] 
2021-01-19T13:45:18.282-0800: 424.046: [GC (Allocation Failure) [PSYoungGen: 2440860K->315148K(2454528K)] 4975132K->2890525K(8047104K), 0.0459832 secs] [Times: user=0.33 sys=0.00, real=0.04 secs] 
2021-01-19T13:45:18.615-0800: 424.379: [GC (Allocation Failure) [PSYoungGen: 2428172K->318715K(2454528K)] 5003549K->2943390K(8047104K), 0.0483703 secs] [Times: user=0.32 sys=0.01, real=0.05 secs] 
2021-01-19T13:45:18.961-0800: 424.725: [GC (Allocation Failure) [PSYoungGen: 2431739K->320291K(2456064K)] 5056414K->2984043K(8048640K), 0.0469631 secs] [Times: user=0.33 sys=0.00, real=0.04 secs] 
2021-01-19T13:45:19.316-0800: 425.080: [GC (Allocation Failure) [PSYoungGen: 2435363K->310789K(2455040K)] 5099115K->3019383K(8047616K), 0.0465995 secs] [Times: user=0.28 sys=0.01, real=0.05 secs] 
2021-01-19T13:45:19.647-0800: 425.411: [GC (Allocation Failure) [PSYoungGen: 2425861K->332522K(2451456K)] 5134455K->3082605K(8044032K), 0.0489428 secs] [Times: user=0.29 sys=0.00, real=0.05 secs] 
2021-01-19T13:45:19.983-0800: 425.747: [GC (Allocation Failure) [PSYoungGen: 2443498K->315028K(2453504K)] 5193581K->3114250K(8046080K), 0.0478264 secs] [Times: user=0.32 sys=0.00, real=0.05 secs] 
2021-01-19T13:45:20.318-0800: 426.082: [GC (Allocation Failure) [PSYoungGen: 2426004K->325687K(2454528K)] 5225226K->3166790K(8047104K), 0.0470893 secs] [Times: user=0.33 sys=0.01, real=0.05 secs] 
2021-01-19T13:45:20.651-0800: 426.415: [GC (Allocation Failure) [PSYoungGen: 2438199K->335713K(2448384K)] 5279302K->3220924K(8040960K), 0.0497016 secs] [Times: user=0.30 sys=0.00, real=0.05 secs] 
2021-01-19T13:45:21.038-0800: 426.802: [GC (Allocation Failure) [PSYoungGen: 2448225K->322034K(2453504K)] 5333436K->3250343K(8046080K), 0.0525740 secs] [Times: user=0.27 sys=0.00, real=0.06 secs] 
2021-01-19T13:45:21.621-0800: 427.385: [GC (Allocation Failure) [PSYoungGen: 2431474K->318177K(2451968K)] 5359783K->3287180K(8044544K), 0.0479716 secs] [Times: user=0.21 sys=0.00, real=0.04 secs] 
2021-01-19T13:45:22.079-0800: 427.843: [GC (Allocation Failure) [PSYoungGen: 2427617K->329334K(2454016K)] 5396620K->3340185K(8046592K), 0.0689587 secs] [Times: user=0.24 sys=0.14, real=0.07 secs] 
2021-01-19T13:45:22.417-0800: 428.181: [GC (Allocation Failure) [PSYoungGen: 2441334K->322526K(2454016K)] 5452185K->3380059K(8046592K), 0.0865783 secs] [Times: user=0.21 sys=0.12, real=0.09 secs] 
2021-01-19T13:45:22.794-0800: 428.558: [GC (Allocation Failure) [PSYoungGen: 2434526K->330022K(2453504K)] 5492059K->3432218K(8046080K), 0.0750718 secs] [Times: user=0.19 sys=0.14, real=0.07 secs] 
2021-01-19T13:45:23.192-0800: 428.956: [GC (Allocation Failure) [PSYoungGen: 2443046K->321227K(2454528K)] 5545242K->3471747K(8047104K), 0.0722441 secs] [Times: user=0.16 sys=0.13, real=0.07 secs] 
2021-01-19T13:45:23.521-0800: 429.285: [GC (Allocation Failure) [PSYoungGen: 2434251K->323027K(2457088K)] 5584771K->3522410K(8049664K), 0.0714992 secs] [Times: user=0.17 sys=0.13, real=0.07 secs] 
2021-01-19T13:45:23.866-0800: 429.630: [GC (Allocation Failure) [PSYoungGen: 2440147K->325665K(2456064K)] 5639530K->3564705K(8048640K), 0.0598518 secs] [Times: user=0.23 sys=0.06, real=0.06 secs] 
2021-01-19T13:45:24.216-0800: 429.980: [GC (Allocation Failure) [PSYoungGen: 2442785K->329690K(2457088K)] 5681825K->3612350K(8049664K), 0.0494945 secs] [Times: user=0.33 sys=0.01, real=0.05 secs] 
2021-01-19T13:45:24.553-0800: 430.317: [GC (Allocation Failure) [PSYoungGen: 2448858K->319531K(2457600K)] 5731518K->3645509K(8050176K), 0.0519711 secs] [Times: user=0.30 sys=0.01, real=0.05 secs] 
2021-01-19T13:45:24.901-0800: 430.665: [GC (Allocation Failure) [PSYoungGen: 2438699K->332251K(2454016K)] 5764677K->3700485K(8046592K), 0.0540072 secs] [Times: user=0.30 sys=0.01, real=0.05 secs] 
2021-01-19T13:45:25.231-0800: 430.995: [GC (Allocation Failure) [PSYoungGen: 2448347K->330709K(2446848K)] 5816581K->3745031K(8039424K), 0.0462802 secs] [Times: user=0.30 sys=0.01, real=0.04 secs] 
2021-01-19T13:45:25.591-0800: 431.355: [GC (Allocation Failure) [PSYoungGen: 2446805K->331384K(2454528K)] 5861127K->3790744K(8047104K), 0.0527016 secs] [Times: user=0.31 sys=0.01, real=0.05 secs] 
2021-01-19T13:45:25.924-0800: 431.688: [GC (Allocation Failure) [PSYoungGen: 2445432K->321458K(2455040K)] 5904792K->3826623K(8047616K), 0.0528406 secs] [Times: user=0.31 sys=0.01, real=0.05 secs] 
2021-01-19T13:45:26.275-0800: 432.040: [GC (Allocation Failure) [PSYoungGen: 2435506K->338556K(2449408K)] 5940671K->3885617K(8041984K), 0.0521580 secs] [Times: user=0.29 sys=0.01, real=0.05 secs] 
2021-01-19T13:45:26.619-0800: 432.383: [GC (Allocation Failure) [PSYoungGen: 2447484K->319889K(2452480K)] 5994545K->3917357K(8045056K), 0.0534759 secs] [Times: user=0.32 sys=0.00, real=0.06 secs] 
2021-01-19T13:45:26.968-0800: 432.733: [GC (Allocation Failure) [PSYoungGen: 2428817K->335010K(2448896K)] 6026285K->3974809K(8041472K), 0.0563846 secs] [Times: user=0.30 sys=0.01, real=0.06 secs] 
2021-01-19T13:45:27.325-0800: 433.089: [GC (Allocation Failure) [PSYoungGen: 2440866K->337095K(2443264K)] 6080665K->4019137K(8035840K), 0.0547667 secs] [Times: user=0.31 sys=0.00, real=0.06 secs] 
2021-01-19T13:45:27.660-0800: 433.424: [GC (Allocation Failure) [PSYoungGen: 2442951K->330743K(2449920K)] 6124993K->4058617K(8042496K), 0.0511320 secs] [Times: user=0.34 sys=0.00, real=0.05 secs] 
2021-01-19T13:45:28.003-0800: 433.767: [GC (Allocation Failure) [PSYoungGen: 2434039K->316253K(2449408K)] 6161913K->4091330K(8041984K), 0.0512936 secs] [Times: user=0.35 sys=0.01, real=0.05 secs] 
2021-01-19T13:45:28.349-0800: 434.113: [GC (Allocation Failure) [PSYoungGen: 2419549K->337979K(2445824K)] 6194626K->4159122K(8038400K), 0.0531071 secs] [Times: user=0.34 sys=0.01, real=0.06 secs] 
2021-01-19T13:45:28.673-0800: 434.438: [GC (Allocation Failure) [PSYoungGen: 2437691K->320665K(2447872K)] 6258834K->4187853K(8040448K), 0.0532994 secs] [Times: user=0.32 sys=0.00, real=0.05 secs] 
2021-01-19T13:45:29.004-0800: 434.768: [GC (Allocation Failure) [PSYoungGen: 2420377K->321798K(2449408K)] 6287565K->4230897K(8041984K), 0.0527898 secs] [Times: user=0.33 sys=0.00, real=0.05 secs] 
2021-01-19T13:45:29.322-0800: 435.086: [GC (Allocation Failure) [PSYoungGen: 2423558K->341446K(2443264K)] 6332657K->4295629K(8035840K), 0.0531666 secs] [Times: user=0.37 sys=0.01, real=0.05 secs] 
2021-01-19T13:45:29.651-0800: 435.415: [GC (Allocation Failure) [PSYoungGen: 2443206K->315811K(2445824K)] 6397389K->4314655K(8038400K), 0.0492260 secs] [Times: user=0.35 sys=0.00, real=0.05 secs] 
2021-01-19T13:45:29.983-0800: 435.747: [GC (Allocation Failure) [PSYoungGen: 2411427K->325142K(2445824K)] 6410271K->4362898K(8038400K), 0.0502018 secs] [Times: user=0.34 sys=0.01, real=0.05 secs] 
2021-01-19T13:45:30.329-0800: 436.093: [GC (Allocation Failure) [PSYoungGen: 2420758K->319312K(2448896K)] 6458514K->4404359K(8041472K), 0.0514904 secs] [Times: user=0.37 sys=0.00, real=0.06 secs] 
2021-01-19T13:45:30.663-0800: 436.427: [GC (Allocation Failure) [PSYoungGen: 2420048K->327775K(2447872K)] 6505095K->4452519K(8040448K), 0.0501895 secs] [Times: user=0.36 sys=0.00, real=0.05 secs] 
2021-01-19T13:45:31.005-0800: 436.769: [GC (Allocation Failure) [PSYoungGen: 2428511K->327841K(2451456K)] 6553255K->4494546K(8044032K), 0.0542400 secs] [Times: user=0.38 sys=0.01, real=0.05 secs] 
2021-01-19T13:45:31.344-0800: 437.108: [GC (Allocation Failure) [PSYoungGen: 2433697K->330751K(2450432K)] 6600402K->4544125K(8043008K), 0.0487886 secs] [Times: user=0.31 sys=0.00, real=0.05 secs] 
2021-01-19T13:45:31.662-0800: 437.426: [GC (Allocation Failure) [PSYoungGen: 2436607K->323450K(2452992K)] 6649981K->4579906K(8045568K), 0.0535847 secs] [Times: user=0.34 sys=0.00, real=0.05 secs] 
2021-01-19T13:45:31.998-0800: 437.763: [GC (Allocation Failure) [PSYoungGen: 2432378K->310646K(2451968K)] 6688834K->4610126K(8044544K), 0.0497949 secs] [Times: user=0.28 sys=0.00, real=0.05 secs] 
2021-01-19T13:45:32.325-0800: 438.089: [GC (Allocation Failure) [PSYoungGen: 2419574K->327855K(2452480K)] 6719054K->4668084K(8045056K), 0.0531188 secs] [Times: user=0.35 sys=0.01, real=0.05 secs] 
2021-01-19T13:45:32.657-0800: 438.421: [GC (Allocation Failure) [PSYoungGen: 2436271K->324178K(2451968K)] 6776500K->4705308K(8044544K), 0.1264926 secs] [Times: user=0.37 sys=0.00, real=0.13 secs] 
2021-01-19T13:45:33.067-0800: 438.831: [GC (Allocation Failure) [PSYoungGen: 2432594K->308379K(2451968K)] 6813724K->4729034K(8044544K), 0.0506840 secs] [Times: user=0.32 sys=0.00, real=0.05 secs] 
2021-01-19T13:45:33.411-0800: 439.176: [GC (Allocation Failure) [PSYoungGen: 2418331K->305804K(2416128K)] 6838986K->4772568K(8008704K), 0.0439357 secs] [Times: user=0.31 sys=0.01, real=0.04 secs] 
2021-01-19T13:45:33.718-0800: 439.482: [GC (Allocation Failure) [PSYoungGen: 2415756K->338877K(2443776K)] 6882520K->4845324K(8036352K), 0.0545675 secs] [Times: user=0.34 sys=0.00, real=0.06 secs] 
2021-01-19T13:45:34.055-0800: 439.819: [GC (Allocation Failure) [PSYoungGen: 2438589K->314538K(2447872K)] 6945036K->4869589K(8040448K), 0.0512896 secs] [Times: user=0.37 sys=0.01, real=0.05 secs] 
2021-01-19T13:45:34.392-0800: 440.156: [GC (Allocation Failure) [PSYoungGen: 2414250K->331632K(2446848K)] 6969301K->4928431K(8039424K), 0.0529735 secs] [Times: user=0.37 sys=0.00, real=0.05 secs] 
2021-01-19T13:45:34.725-0800: 440.489: [GC (Allocation Failure) [PSYoungGen: 2431344K->318850K(2447872K)] 7028143K->4956531K(8040448K), 0.0504238 secs] [Times: user=0.36 sys=0.01, real=0.05 secs] 
2021-01-19T13:45:35.058-0800: 440.822: [GC (Allocation Failure) [PSYoungGen: 2418562K->313870K(2450432K)] 7056243K->4995098K(8043008K), 0.0517393 secs] [Times: user=0.34 sys=0.00, real=0.06 secs] 
2021-01-19T13:45:35.399-0800: 441.163: [GC (Allocation Failure) [PSYoungGen: 2417678K->324595K(2449408K)] 7098906K->5049056K(8041984K), 0.0524449 secs] [Times: user=0.37 sys=0.00, real=0.06 secs] 
2021-01-19T13:45:35.727-0800: 441.491: [GC (Allocation Failure) [PSYoungGen: 2428403K->325378K(2452992K)] 7152864K->5097435K(8045568K), 0.0530528 secs] [Times: user=0.37 sys=0.00, real=0.06 secs] 
2021-01-19T13:45:36.050-0800: 441.814: [GC (Allocation Failure) [PSYoungGen: 2433794K->323319K(2451456K)] 7205851K->5143974K(8044032K), 0.0548147 secs] [Times: user=0.33 sys=0.00, real=0.05 secs] 
2021-01-19T13:45:36.402-0800: 442.166: [GC (Allocation Failure) [PSYoungGen: 2431735K->314428K(2455040K)] 7252390K->5183094K(8047616K), 0.0518623 secs] [Times: user=0.38 sys=0.01, real=0.05 secs] 
2021-01-19T13:45:36.727-0800: 442.491: [GC (Allocation Failure) [PSYoungGen: 2427964K->319683K(2454528K)] 7296630K->5230441K(8047104K), 0.0534963 secs] [Times: user=0.36 sys=0.00, real=0.06 secs] 
2021-01-19T13:45:37.052-0800: 442.817: [GC (Allocation Failure) [PSYoungGen: 2433219K->330382K(2453504K)] 7343977K->5283353K(8046080K), 0.0539594 secs] [Times: user=0.36 sys=0.01, real=0.05 secs] 
2021-01-19T13:45:37.375-0800: 443.139: [GC (Allocation Failure) [PSYoungGen: 2444430K->331901K(2446336K)] 7397401K->5335210K(8038912K), 0.0548797 secs] [Times: user=0.35 sys=0.00, real=0.06 secs] 
2021-01-19T13:45:37.715-0800: 443.480: [GC (Allocation Failure) [PSYoungGen: 2445949K->319819K(2454528K)] 7449258K->5368979K(8047104K), 0.0528549 secs] [Times: user=0.36 sys=0.01, real=0.05 secs] 
2021-01-19T13:45:38.050-0800: 443.814: [GC (Allocation Failure) [PSYoungGen: 2431819K->312831K(2453504K)] 7480979K->5408925K(8046080K), 0.0526396 secs] [Times: user=0.36 sys=0.00, real=0.05 secs] 
2021-01-19T13:45:38.394-0800: 444.159: [GC (Allocation Failure) [PSYoungGen: 2424831K->313113K(2455040K)] 7520925K->5455214K(8047616K), 0.0529025 secs] [Times: user=0.38 sys=0.00, real=0.05 secs] 
2021-01-19T13:45:38.724-0800: 444.488: [GC (Allocation Failure) [PSYoungGen: 2426649K->323591K(2454528K)] 7568750K->5510011K(8047104K), 0.0540027 secs] [Times: user=0.36 sys=0.00, real=0.05 secs] 
2021-01-19T13:45:39.056-0800: 444.820: [GC (Allocation Failure) [PSYoungGen: 2437127K->326708K(2456064K)] 7623547K->5554881K(8048640K), 0.0531174 secs] [Times: user=0.38 sys=0.00, real=0.05 secs] 
2021-01-19T13:45:39.402-0800: 445.166: [GC (Allocation Failure) [PSYoungGen: 2442804K->322901K(2456064K)] 7670977K->5597257K(8048640K), 0.0536865 secs] [Times: user=0.37 sys=0.01, real=0.05 secs] 
2021-01-19T13:45:39.732-0800: 445.496: [GC (Allocation Failure) [PSYoungGen: 2438997K->334128K(2451456K)] 7713353K->5643767K(8044032K), 0.0555546 secs] [Times: user=0.38 sys=0.00, real=0.05 secs] 
2021-01-19T13:45:40.081-0800: 445.845: [GC (Allocation Failure) [PSYoungGen: 2447152K->316679K(2454528K)] 7756791K->5675316K(8047104K), 0.0534119 secs] [Times: user=0.38 sys=0.01, real=0.05 secs] 
2021-01-19T13:45:40.415-0800: 446.179: [GC (Allocation Failure) [PSYoungGen: 2429703K->328684K(2455040K)] 7788340K->5728996K(8047616K), 0.0546505 secs] [Times: user=0.40 sys=0.00, real=0.05 secs] 
2021-01-19T13:45:40.757-0800: 446.521: [GC (Allocation Failure) [PSYoungGen: 2442732K->314557K(2455040K)] 7843044K->5758445K(8047616K), 0.0464387 secs] [Times: user=0.33 sys=0.01, real=0.05 secs] 
2021-01-19T13:45:41.066-0800: 446.830: [GC (Allocation Failure) [PSYoungGen: 2428605K->321714K(2457088K)] 7872493K->5806626K(8049664K), 0.0527070 secs] [Times: user=0.34 sys=0.00, real=0.05 secs] 
2021-01-19T13:45:41.391-0800: 447.155: [GC (Allocation Failure) [PSYoungGen: 2437810K->325047K(2455040K)] 7922722K->5849669K(8047616K), 0.0537920 secs] [Times: user=0.37 sys=0.01, real=0.05 secs] 
2021-01-19T13:45:41.727-0800: 447.491: [GC (Allocation Failure) [PSYoungGen: 2441143K->322765K(2459136K)] 7965765K->5892461K(8051712K), 0.0543378 secs] [Times: user=0.39 sys=0.00, real=0.06 secs] 
2021-01-19T13:45:41.781-0800: 447.545: [Full GC (Ergonomics) [PSYoungGen: 322765K->0K(2459136K)] [ParOldGen: 5569696K->372538K(5592576K)] 5892461K->372538K(8051712K), [Metaspace: 2589K->2589K(1056768K)], 0.0877406 secs] [Times: user=0.38 sys=0.02, real=0.08 secs] 
2021-01-19T13:45:42.153-0800: 447.917: [GC (Allocation Failure) [PSYoungGen: 2120704K->336880K(2457600K)] 2493242K->713155K(8050176K), 0.0358123 secs] [Times: user=0.25 sys=0.00, real=0.03 secs] 
2021-01-19T13:45:42.464-0800: 448.228: [GC (Allocation Failure) [PSYoungGen: 2457584K->316945K(2453504K)] 2833859K->741222K(8046080K), 0.0412013 secs] [Times: user=0.27 sys=0.00, real=0.04 secs] 
2021-01-19T13:45:42.798-0800: 448.562: [GC (Allocation Failure) [PSYoungGen: 2432017K->332097K(2447360K)] 2856294K->801605K(8039936K), 0.0434460 secs] [Times: user=0.24 sys=0.00, real=0.05 secs] 
2021-01-19T13:45:43.129-0800: 448.893: [GC (Allocation Failure) [PSYoungGen: 2447169K->318850K(2455040K)] 2916677K->829067K(8047616K), 0.0418728 secs] [Times: user=0.30 sys=0.01, real=0.05 secs] 
2021-01-19T13:45:43.454-0800: 449.218: [GC (Allocation Failure) [PSYoungGen: 2431874K->321805K(2454016K)] 2942091K->874208K(8046592K), 0.0412540 secs] [Times: user=0.29 sys=0.00, real=0.04 secs] 
2021-01-19T13:45:43.774-0800: 449.538: [GC (Allocation Failure) [PSYoungGen: 2434829K->321912K(2457600K)] 2987232K->909330K(8050176K), 0.0407118 secs] [Times: user=0.27 sys=0.01, real=0.04 secs] 
2021-01-19T13:45:44.105-0800: 449.869: [GC (Allocation Failure) [PSYoungGen: 2439544K->319153K(2456064K)] 3026962K->947279K(8048640K), 0.0425733 secs] [Times: user=0.25 sys=0.01, real=0.04 secs] 
2021-01-19T13:45:44.433-0800: 450.197: [GC (Allocation Failure) [PSYoungGen: 2436785K->337407K(2418688K)] 3064911K->1008065K(8011264K), 0.0441078 secs] [Times: user=0.29 sys=0.00, real=0.04 secs] 
2021-01-19T13:45:44.748-0800: 450.512: [GC (Allocation Failure) [PSYoungGen: 2418687K->330606K(2438656K)] 3089345K->1047979K(8031232K), 0.0436396 secs] [Times: user=0.31 sys=0.01, real=0.05 secs] 
2021-01-19T13:45:45.074-0800: 450.838: [GC (Allocation Failure) [PSYoungGen: 2411886K->327302K(2443264K)] 3129259K->1092449K(8035840K), 0.0432741 secs] [Times: user=0.29 sys=0.00, real=0.04 secs] 
2021-01-19T13:45:45.402-0800: 451.166: [GC (Allocation Failure) [PSYoungGen: 2415238K->336247K(2440704K)] 3180385K->1146040K(8033280K), 0.0498830 secs] [Times: user=0.23 sys=0.00, real=0.05 secs] 
2021-01-19T13:45:45.727-0800: 451.491: [GC (Allocation Failure) [PSYoungGen: 2424183K->332923K(2443776K)] 3233976K->1190394K(8036352K), 0.0441893 secs] [Times: user=0.31 sys=0.01, real=0.05 secs] 
2021-01-19T13:45:46.048-0800: 451.812: [GC (Allocation Failure) [PSYoungGen: 2423419K->324626K(2442752K)] 3280890K->1226571K(8035328K), 0.0434696 secs] [Times: user=0.28 sys=0.00, real=0.05 secs] 
2021-01-19T13:45:46.364-0800: 452.129: [GC (Allocation Failure) [PSYoungGen: 2415122K->312397K(2443264K)] 3317067K->1256706K(8035840K), 0.0410751 secs] [Times: user=0.29 sys=0.00, real=0.04 secs] 
2021-01-19T13:45:46.681-0800: 452.445: [GC (Allocation Failure) [PSYoungGen: 2404941K->338081K(2430976K)] 3349250K->1319991K(8023552K), 0.0442074 secs] [Times: user=0.27 sys=0.01, real=0.04 secs] 
2021-01-19T13:45:47.008-0800: 452.773: [GC (Allocation Failure) [PSYoungGen: 2430625K->332343K(2443776K)] 3412535K->1351957K(8036352K), 0.0448203 secs] [Times: user=0.28 sys=0.01, real=0.05 secs] 
2021-01-19T13:45:47.327-0800: 453.091: [GC (Allocation Failure) [PSYoungGen: 2422839K->320263K(2442752K)] 3442453K->1388747K(8035328K), 0.0434428 secs] [Times: user=0.28 sys=0.00, real=0.05 secs] 
2021-01-19T13:45:47.630-0800: 453.395: [GC (Allocation Failure) [PSYoungGen: 2410759K->319269K(2445312K)] 3479243K->1431582K(8037888K), 0.0510080 secs] [Times: user=0.20 sys=0.11, real=0.05 secs] 
2021-01-19T13:45:47.960-0800: 453.724: [GC (Allocation Failure) [PSYoungGen: 2413349K->319468K(2444800K)] 3525662K->1472932K(8037376K), 0.0493431 secs] [Times: user=0.17 sys=0.13, real=0.04 secs] 
2021-01-19T13:45:48.285-0800: 454.049: [GC (Allocation Failure) [PSYoungGen: 2413548K->324035K(2448384K)] 3567012K->1519532K(8040960K), 0.0481485 secs] [Times: user=0.15 sys=0.14, real=0.05 secs] 
2021-01-19T13:45:48.605-0800: 454.369: [GC (Allocation Failure) [PSYoungGen: 2422723K->343401K(2442240K)] 3618220K->1579816K(8034816K), 0.0470222 secs] [Times: user=0.26 sys=0.04, real=0.05 secs] 
2021-01-19T13:45:48.910-0800: 454.674: [GC (Allocation Failure) [PSYoungGen: 2442089K->322745K(2445824K)] 3678504K->1600410K(8038400K), 0.0443894 secs] [Times: user=0.29 sys=0.01, real=0.04 secs] 
2021-01-19T13:45:49.244-0800: 455.009: [GC (Allocation Failure) [PSYoungGen: 2416825K->311698K(2444288K)] 3694490K->1631493K(8036864K), 0.0421320 secs] [Times: user=0.27 sys=0.00, real=0.04 secs] 
2021-01-19T13:45:49.575-0800: 455.339: [GC (Allocation Failure) [PSYoungGen: 2405778K->320981K(2446848K)] 3725573K->1691964K(8039424K), 0.0449775 secs] [Times: user=0.31 sys=0.00, real=0.05 secs] 
2021-01-19T13:45:49.899-0800: 455.663: [GC (Allocation Failure) [PSYoungGen: 2417109K->321536K(2445312K)] 3788092K->1743275K(8037888K), 0.0461576 secs] [Times: user=0.31 sys=0.01, real=0.05 secs] 
2021-01-19T13:45:50.234-0800: 455.999: [GC (Allocation Failure) [PSYoungGen: 2417664K->322134K(2450432K)] 3839403K->1785088K(8043008K), 0.0454481 secs] [Times: user=0.28 sys=0.00, real=0.05 secs] 
2021-01-19T13:45:50.548-0800: 456.312: [GC (Allocation Failure) [PSYoungGen: 2424918K->315106K(2448384K)] 3887872K->1824190K(8040960K), 0.0461707 secs] [Times: user=0.26 sys=0.01, real=0.05 secs] 
2021-01-19T13:45:50.878-0800: 456.643: [GC (Allocation Failure) [PSYoungGen: 2417890K->314858K(2451456K)] 3926974K->1861863K(8044032K), 0.0437947 secs] [Times: user=0.24 sys=0.01, real=0.05 secs] 
2021-01-19T13:45:51.209-0800: 456.974: [GC (Allocation Failure) [PSYoungGen: 2421226K->326139K(2450944K)] 3968231K->1915539K(8043520K), 0.0413782 secs] [Times: user=0.28 sys=0.00, real=0.05 secs] 
2021-01-19T13:45:51.510-0800: 457.275: [GC (Allocation Failure) [PSYoungGen: 2432507K->321225K(2454016K)] 4021907K->1954976K(8046592K), 0.0413334 secs] [Times: user=0.28 sys=0.01, real=0.04 secs] 
2021-01-19T13:45:51.831-0800: 457.595: [GC (Allocation Failure) [PSYoungGen: 2431689K->317231K(2452480K)] 4065440K->2001862K(8045056K), 0.0409167 secs] [Times: user=0.28 sys=0.00, real=0.04 secs] 
2021-01-19T13:45:52.147-0800: 457.911: [GC (Allocation Failure) [PSYoungGen: 2427695K->321337K(2456576K)] 4112326K->2048873K(8049152K), 0.0451158 secs] [Times: user=0.27 sys=0.01, real=0.05 secs] 
2021-01-19T13:45:52.466-0800: 458.230: [GC (Allocation Failure) [PSYoungGen: 2436921K->324241K(2455040K)] 4164457K->2096402K(8047616K), 0.0463328 secs] [Times: user=0.28 sys=0.00, real=0.05 secs] 
2021-01-19T13:45:52.784-0800: 458.548: [GC (Allocation Failure) [PSYoungGen: 2439825K->307071K(2455552K)] 4211986K->2129856K(8048128K), 0.0449638 secs] [Times: user=0.29 sys=0.00, real=0.04 secs] 
2021-01-19T13:45:53.105-0800: 458.870: [GC (Allocation Failure) [PSYoungGen: 2424191K->322640K(2456576K)] 4246976K->2188043K(8049152K), 0.0479168 secs] [Times: user=0.29 sys=0.01, real=0.05 secs] 
2021-01-19T13:45:53.428-0800: 459.192: [GC (Allocation Failure) [PSYoungGen: 2439760K->334597K(2451456K)] 4305163K->2239819K(8044032K), 0.0508165 secs] [Times: user=0.24 sys=0.10, real=0.05 secs] 
2021-01-19T13:45:53.768-0800: 459.533: [GC (Allocation Failure) [PSYoungGen: 2447621K->322387K(2454528K)] 4352843K->2267417K(8047104K), 0.0448351 secs] [Times: user=0.32 sys=0.00, real=0.05 secs] 
2021-01-19T13:45:54.115-0800: 459.879: [GC (Allocation Failure) [PSYoungGen: 2435411K->321068K(2457600K)] 4380441K->2306269K(8050176K), 0.0448065 secs] [Times: user=0.33 sys=0.00, real=0.05 secs] 
2021-01-19T13:45:54.439-0800: 460.204: [GC (Allocation Failure) [PSYoungGen: 2438700K->323423K(2456064K)] 4423901K->2355224K(8048640K), 0.0479885 secs] [Times: user=0.33 sys=0.01, real=0.05 secs] 
2021-01-19T13:45:54.778-0800: 460.543: [GC (Allocation Failure) [PSYoungGen: 2441055K->327139K(2458112K)] 4472856K->2405992K(8050688K), 0.0469361 secs] [Times: user=0.23 sys=0.01, real=0.05 secs] 
2021-01-19T13:45:55.122-0800: 460.887: [GC (Allocation Failure) [PSYoungGen: 2448355K->335684K(2457088K)] 4527208K->2460225K(8049664K), 0.0441326 secs] [Times: user=0.26 sys=0.00, real=0.04 secs] 
2021-01-19T13:45:55.443-0800: 461.207: [GC (Allocation Failure) [PSYoungGen: 2456900K->321849K(2456064K)] 4581441K->2486289K(8048640K), 0.0416482 secs] [Times: user=0.28 sys=0.00, real=0.04 secs] 
2021-01-19T13:45:55.765-0800: 461.529: [GC (Allocation Failure) [PSYoungGen: 2438969K->331740K(2448896K)] 4603409K->2542540K(8041472K), 0.0463097 secs] [Times: user=0.23 sys=0.00, real=0.05 secs] 
2021-01-19T13:45:56.132-0800: 461.896: [GC (Allocation Failure) [PSYoungGen: 2448860K->340991K(2446848K)] 4659660K->2605048K(8039424K), 0.0512608 secs] [Times: user=0.26 sys=0.00, real=0.05 secs] 
2021-01-19T13:45:56.478-0800: 462.242: [GC (Allocation Failure) [PSYoungGen: 2446847K->334704K(2440704K)] 4710904K->2648164K(8033280K), 0.0532290 secs] [Times: user=0.26 sys=0.00, real=0.06 secs] 
2021-01-19T13:45:56.838-0800: 462.602: [GC (Allocation Failure) [PSYoungGen: 2440560K->337786K(2445312K)] 4754020K->2693086K(8037888K), 0.0491511 secs] [Times: user=0.22 sys=0.01, real=0.05 secs] 
2021-01-19T13:45:57.176-0800: 462.941: [GC (Allocation Failure) [PSYoungGen: 2436474K->321801K(2447360K)] 4791774K->2721658K(8039936K), 0.0507928 secs] [Times: user=0.27 sys=0.01, real=0.05 secs] 
2021-01-19T13:45:57.495-0800: 463.259: [GC (Allocation Failure) [PSYoungGen: 2420489K->319830K(2448896K)] 4820346K->2765448K(8041472K), 0.0554634 secs] [Times: user=0.24 sys=0.00, real=0.06 secs] 
2021-01-19T13:45:57.839-0800: 463.604: [GC (Allocation Failure) [PSYoungGen: 2421078K->331131K(2448384K)] 4866696K->2822973K(8040960K), 0.0477596 secs] [Times: user=0.32 sys=0.00, real=0.05 secs] 
2021-01-19T13:45:58.175-0800: 463.940: [GC (Allocation Failure) [PSYoungGen: 2432379K->328396K(2450944K)] 4924221K->2869939K(8043520K), 0.0481349 secs] [Times: user=0.35 sys=0.01, real=0.05 secs] 
2021-01-19T13:45:58.511-0800: 464.275: [GC (Allocation Failure) [PSYoungGen: 2432716K->320627K(2449408K)] 4974259K->2910423K(8041984K), 0.0544986 secs] [Times: user=0.26 sys=0.09, real=0.05 secs] 
2021-01-19T13:45:58.848-0800: 464.612: [GC (Allocation Failure) [PSYoungGen: 2424947K->326883K(2452992K)] 5014743K->2961864K(8045568K), 0.0484793 secs] [Times: user=0.35 sys=0.01, real=0.05 secs] 
2021-01-19T13:45:59.187-0800: 464.951: [GC (Allocation Failure) [PSYoungGen: 2435299K->307479K(2451456K)] 5070280K->2986244K(8044032K), 0.0459925 secs] [Times: user=0.32 sys=0.00, real=0.05 secs] 
2021-01-19T13:45:59.528-0800: 465.292: [GC (Allocation Failure) [PSYoungGen: 2415895K->331776K(2450432K)] 5094660K->3059093K(8043008K), 0.0515273 secs] [Times: user=0.32 sys=0.00, real=0.05 secs] 
2021-01-19T13:45:59.865-0800: 465.629: [GC (Allocation Failure) [PSYoungGen: 2437632K->321431K(2450944K)] 5164949K->3098374K(8043520K), 0.0479911 secs] [Times: user=0.34 sys=0.01, real=0.05 secs] 
2021-01-19T13:46:00.216-0800: 465.981: [GC (Allocation Failure) [PSYoungGen: 2427287K->323790K(2454016K)] 5204230K->3150528K(8046592K), 0.0487058 secs] [Times: user=0.35 sys=0.00, real=0.05 secs] 
2021-01-19T13:46:00.536-0800: 466.301: [GC (Allocation Failure) [PSYoungGen: 2433742K->322482K(2451968K)] 5260480K->3193395K(8044544K), 0.0483768 secs] [Times: user=0.36 sys=0.01, real=0.05 secs] 
2021-01-19T13:46:00.852-0800: 466.617: [GC (Allocation Failure) [PSYoungGen: 2432434K->334441K(2450944K)] 5303347K->3250498K(8043520K), 0.0494473 secs] [Times: user=0.35 sys=0.00, real=0.05 secs] 
2021-01-19T13:46:01.193-0800: 466.958: [GC (Allocation Failure) [PSYoungGen: 2444393K->325873K(2452992K)] 5360450K->3281261K(8045568K), 0.0476254 secs] [Times: user=0.34 sys=0.00, real=0.05 secs] 
2021-01-19T13:46:01.524-0800: 467.288: [GC (Allocation Failure) [PSYoungGen: 2435825K->318542K(2455040K)] 5391213K->3315019K(8047616K), 0.0477363 secs] [Times: user=0.34 sys=0.00, real=0.05 secs] 
2021-01-19T13:46:01.855-0800: 467.619: [GC (Allocation Failure) [PSYoungGen: 2432078K->327382K(2454528K)] 5428555K->3363675K(8047104K), 0.0489260 secs] [Times: user=0.33 sys=0.00, real=0.05 secs] 
2021-01-19T13:46:02.188-0800: 467.952: [GC (Allocation Failure) [PSYoungGen: 2440918K->318745K(2456064K)] 5477211K->3399202K(8048640K), 0.0479022 secs] [Times: user=0.32 sys=0.01, real=0.05 secs] 
2021-01-19T13:46:02.508-0800: 468.272: [GC (Allocation Failure) [PSYoungGen: 2434329K->328737K(2455552K)] 5514786K->3448011K(8048128K), 0.0496901 secs] [Times: user=0.34 sys=0.00, real=0.05 secs] 
2021-01-19T13:46:02.838-0800: 468.602: [GC (Allocation Failure) [PSYoungGen: 2444321K->322715K(2457088K)] 5563595K->3480815K(8049664K), 0.0488803 secs] [Times: user=0.34 sys=0.01, real=0.05 secs] 
2021-01-19T13:46:03.170-0800: 468.934: [GC (Allocation Failure) [PSYoungGen: 2439835K->328390K(2456064K)] 5597935K->3534360K(8048640K), 0.0492869 secs] [Times: user=0.35 sys=0.00, real=0.04 secs] 
2021-01-19T13:46:03.508-0800: 469.272: [GC (Allocation Failure) [PSYoungGen: 2445510K->310434K(2455040K)] 5651480K->3557864K(8047616K), 0.0442195 secs] [Times: user=0.28 sys=0.01, real=0.05 secs] 
2021-01-19T13:46:03.825-0800: 469.590: [GC (Allocation Failure) [PSYoungGen: 2426530K->306326K(2422784K)] 5673960K->3592642K(8015360K), 0.0475428 secs] [Times: user=0.31 sys=0.00, real=0.05 secs] 
2021-01-19T13:46:04.166-0800: 469.930: [GC (Allocation Failure) [PSYoungGen: 2422422K->335681K(2448384K)] 5708738K->3659798K(8040960K), 0.0510898 secs] [Times: user=0.36 sys=0.00, real=0.05 secs] 
2021-01-19T13:46:04.484-0800: 470.249: [GC (Allocation Failure) [PSYoungGen: 2442561K->336591K(2443776K)] 5766678K->3704818K(8036352K), 0.0523650 secs] [Times: user=0.32 sys=0.01, real=0.05 secs] 
2021-01-19T13:46:04.815-0800: 470.579: [GC (Allocation Failure) [PSYoungGen: 2443471K->323778K(2450944K)] 5811698K->3734548K(8043520K), 0.0502489 secs] [Times: user=0.35 sys=0.00, real=0.05 secs] 
2021-01-19T13:46:05.164-0800: 470.928: [GC (Allocation Failure) [PSYoungGen: 2427586K->338498K(2442752K)] 5838356K->3788158K(8035328K), 0.0520166 secs] [Times: user=0.36 sys=0.00, real=0.05 secs] 
2021-01-19T13:46:05.500-0800: 471.265: [GC (Allocation Failure) [PSYoungGen: 2442306K->327996K(2448896K)] 5891966K->3822775K(8041472K), 0.0520332 secs] [Times: user=0.32 sys=0.01, real=0.05 secs] 
2021-01-19T13:46:05.849-0800: 471.613: [GC (Allocation Failure) [PSYoungGen: 2428732K->311729K(2447872K)] 5923511K->3855111K(8040448K), 0.0486096 secs] [Times: user=0.34 sys=0.00, real=0.05 secs] 
2021-01-19T13:46:06.166-0800: 471.931: [GC (Allocation Failure) [PSYoungGen: 2412465K->332720K(2446848K)] 5955847K->3915839K(8039424K), 0.0513003 secs] [Times: user=0.37 sys=0.01, real=0.05 secs] 
2021-01-19T13:46:06.490-0800: 472.255: [GC (Allocation Failure) [PSYoungGen: 2432432K->320497K(2447872K)] 6015551K->3948294K(8040448K), 0.0540256 secs] [Times: user=0.30 sys=0.01, real=0.05 secs] 
2021-01-19T13:46:06.854-0800: 472.618: [GC (Allocation Failure) [PSYoungGen: 2420209K->331047K(2449408K)] 6048006K->4004748K(8041984K), 0.0516682 secs] [Times: user=0.35 sys=0.00, real=0.05 secs] 
2021-01-19T13:46:07.190-0800: 472.954: [GC (Allocation Failure) [PSYoungGen: 2433831K->336022K(2439168K)] 6107532K->4056520K(8031744K), 0.0473095 secs] [Times: user=0.30 sys=0.00, real=0.04 secs] 
2021-01-19T13:46:07.506-0800: 473.271: [GC (Allocation Failure) [PSYoungGen: 2438806K->334830K(2446336K)] 6159304K->4101696K(8038912K), 0.0540057 secs] [Times: user=0.39 sys=0.01, real=0.06 secs] 
2021-01-19T13:46:07.840-0800: 473.605: [GC (Allocation Failure) [PSYoungGen: 2432494K->322546K(2446848K)] 6199360K->4130864K(8039424K), 0.0502892 secs] [Times: user=0.34 sys=0.00, real=0.05 secs] 
2021-01-19T13:46:08.167-0800: 473.932: [GC (Allocation Failure) [PSYoungGen: 2420210K->340679K(2441728K)] 6228528K->4191602K(8034304K), 0.0527307 secs] [Times: user=0.36 sys=0.00, real=0.06 secs] 
2021-01-19T13:46:08.501-0800: 474.265: [GC (Allocation Failure) [PSYoungGen: 2434247K->321612K(2444800K)] 6285170K->4222859K(8037376K), 0.0527448 secs] [Times: user=0.36 sys=0.01, real=0.05 secs] 
2021-01-19T13:46:08.833-0800: 474.598: [GC (Allocation Failure) [PSYoungGen: 2415180K->293963K(2439168K)] 6316427K->4242856K(8031744K), 0.0472375 secs] [Times: user=0.33 sys=0.00, real=0.05 secs] 
2021-01-19T13:46:09.170-0800: 474.934: [GC (Allocation Failure) [PSYoungGen: 2383435K->342809K(2432512K)] 6332328K->4331751K(8025088K), 0.0534198 secs] [Times: user=0.32 sys=0.01, real=0.05 secs] 
2021-01-19T13:46:09.515-0800: 475.279: [GC (Allocation Failure) [PSYoungGen: 2432281K->316609K(2440192K)] 6421223K->4352894K(8032768K), 0.0504149 secs] [Times: user=0.35 sys=0.01, real=0.05 secs] 
2021-01-19T13:46:09.848-0800: 475.613: [GC (Allocation Failure) [PSYoungGen: 2399425K->308829K(2438656K)] 6435710K->4396424K(8031232K), 0.0540011 secs] [Times: user=0.32 sys=0.00, real=0.06 secs] 
2021-01-19T13:46:10.202-0800: 475.966: [GC (Allocation Failure) [PSYoungGen: 2391645K->312630K(2441728K)] 6479240K->4440812K(8034304K), 0.0437697 secs] [Times: user=0.30 sys=0.00, real=0.04 secs] 
2021-01-19T13:46:10.514-0800: 476.279: [GC (Allocation Failure) [PSYoungGen: 2398518K->330358K(2440192K)] 6526700K->4497537K(8032768K), 0.0547059 secs] [Times: user=0.33 sys=0.00, real=0.05 secs] 
2021-01-19T13:46:10.867-0800: 476.631: [GC (Allocation Failure) [PSYoungGen: 2416246K->323492K(2444800K)] 6583425K->4542711K(8037376K), 0.0569287 secs] [Times: user=0.37 sys=0.00, real=0.06 secs] 
2021-01-19T13:46:11.191-0800: 476.955: [GC (Allocation Failure) [PSYoungGen: 2413988K->330867K(2441728K)] 6633207K->4595842K(8034304K), 0.0526053 secs] [Times: user=0.36 sys=0.01, real=0.05 secs] 
2021-01-19T13:46:11.538-0800: 477.303: [GC (Allocation Failure) [PSYoungGen: 2421363K->330493K(2445312K)] 6686338K->4637588K(8037888K), 0.0600851 secs] [Times: user=0.31 sys=0.01, real=0.06 secs] 
2021-01-19T13:46:11.863-0800: 477.628: [GC (Allocation Failure) [PSYoungGen: 2424573K->311818K(2444800K)] 6731668K->4675185K(8037376K), 0.0470537 secs] [Times: user=0.29 sys=0.00, real=0.05 secs] 
2021-01-19T13:46:12.178-0800: 477.942: [GC (Allocation Failure) [PSYoungGen: 2405898K->323607K(2448384K)] 6769265K->4731270K(8040960K), 0.0510125 secs] [Times: user=0.37 sys=0.00, real=0.05 secs] 
2021-01-19T13:46:12.503-0800: 478.268: [GC (Allocation Failure) [PSYoungGen: 2421271K->337279K(2445312K)] 6828934K->4785710K(8037888K), 0.0538745 secs] [Times: user=0.38 sys=0.01, real=0.05 secs] 
2021-01-19T13:46:12.827-0800: 478.592: [GC (Allocation Failure) [PSYoungGen: 2434943K->328428K(2446848K)] 6883374K->4828680K(8039424K), 0.0534945 secs] [Times: user=0.37 sys=0.00, real=0.06 secs] 
2021-01-19T13:46:13.154-0800: 478.918: [GC (Allocation Failure) [PSYoungGen: 2424556K->327314K(2445312K)] 6924808K->4871201K(8037888K), 0.0544078 secs] [Times: user=0.37 sys=0.01, real=0.05 secs] 
2021-01-19T13:46:13.494-0800: 479.258: [GC (Allocation Failure) [PSYoungGen: 2423442K->327853K(2449408K)] 6967329K->4916683K(8041984K), 0.0534663 secs] [Times: user=0.35 sys=0.01, real=0.05 secs] 
2021-01-19T13:46:13.831-0800: 479.595: [GC (Allocation Failure) [PSYoungGen: 2429613K->325016K(2448384K)] 7018443K->4954794K(8040960K), 0.0519147 secs] [Times: user=0.36 sys=0.00, real=0.05 secs] 
2021-01-19T13:46:14.171-0800: 479.936: [GC (Allocation Failure) [PSYoungGen: 2426776K->315271K(2451456K)] 7056554K->4991311K(8044032K), 0.0489237 secs] [Times: user=0.31 sys=0.01, real=0.05 secs] 
2021-01-19T13:46:14.485-0800: 480.250: [GC (Allocation Failure) [PSYoungGen: 2422151K->322283K(2451456K)] 7098191K->5044625K(8044032K), 0.0550808 secs] [Times: user=0.36 sys=0.01, real=0.06 secs] 
2021-01-19T13:46:14.823-0800: 480.588: [GC (Allocation Failure) [PSYoungGen: 2429163K->325316K(2454528K)] 7151505K->5095875K(8047104K), 0.0565122 secs] [Times: user=0.30 sys=0.00, real=0.06 secs] 
2021-01-19T13:46:15.147-0800: 480.911: [GC (Allocation Failure) [PSYoungGen: 2436804K->315662K(2452992K)] 7207363K->5132550K(8045568K), 0.0569046 secs] [Times: user=0.25 sys=0.00, real=0.06 secs] 
2021-01-19T13:46:15.473-0800: 481.237: [GC (Allocation Failure) [PSYoungGen: 2427150K->324609K(2456064K)] 7244038K->5185252K(8048640K), 0.0551906 secs] [Times: user=0.29 sys=0.01, real=0.05 secs] 
2021-01-19T13:46:15.792-0800: 481.556: [GC (Allocation Failure) [PSYoungGen: 2439681K->318500K(2455040K)] 7300324K->5229142K(8047616K), 0.0551441 secs] [Times: user=0.21 sys=0.01, real=0.05 secs] 
2021-01-19T13:46:16.120-0800: 481.885: [GC (Allocation Failure) [PSYoungGen: 2433572K->327659K(2456064K)] 7344214K->5281867K(8048640K), 0.0587510 secs] [Times: user=0.29 sys=0.01, real=0.05 secs] 
2021-01-19T13:46:16.488-0800: 482.253: [GC (Allocation Failure) [PSYoungGen: 2444779K->324288K(2456576K)] 7398987K->5319775K(8049152K), 0.0582628 secs] [Times: user=0.23 sys=0.00, real=0.06 secs] 
2021-01-19T13:46:16.843-0800: 482.608: [GC (Allocation Failure) [PSYoungGen: 2441408K->315562K(2458112K)] 7436895K->5354983K(8050688K), 0.0491221 secs] [Times: user=0.28 sys=0.00, real=0.05 secs] 
2021-01-19T13:46:17.175-0800: 482.939: [GC (Allocation Failure) [PSYoungGen: 2435754K->320395K(2458112K)] 7475175K->5402515K(8050688K), 0.0546652 secs] [Times: user=0.32 sys=0.01, real=0.05 secs] 
2021-01-19T13:46:17.508-0800: 483.273: [GC (Allocation Failure) [PSYoungGen: 2440587K->321527K(2460160K)] 7522707K->5441188K(8052736K), 0.0524297 secs] [Times: user=0.36 sys=0.00, real=0.06 secs] 
2021-01-19T13:46:17.866-0800: 483.630: [GC (Allocation Failure) [PSYoungGen: 2444791K->333168K(2456576K)] 7564452K->5496999K(8049152K), 0.0630429 secs] [Times: user=0.32 sys=0.00, real=0.06 secs] 
2021-01-19T13:46:18.209-0800: 483.973: [GC (Allocation Failure) [PSYoungGen: 2456432K->330127K(2455552K)] 7620263K->5543056K(8048128K), 0.0599546 secs] [Times: user=0.35 sys=0.00, real=0.06 secs] 
2021-01-19T13:46:18.559-0800: 484.324: [GC (Allocation Failure) [PSYoungGen: 2447247K->327314K(2456576K)] 7660176K->5587247K(8049152K), 0.0554918 secs] [Times: user=0.39 sys=0.00, real=0.06 secs] 
2021-01-19T13:46:18.899-0800: 484.664: [GC (Allocation Failure) [PSYoungGen: 2444434K->313004K(2456064K)] 7704367K->5613742K(8048640K), 0.0549376 secs] [Times: user=0.28 sys=0.01, real=0.06 secs] 
2021-01-19T13:46:19.232-0800: 484.997: [GC (Allocation Failure) [PSYoungGen: 2430124K->339424K(2456576K)] 7730862K->5685791K(8049152K), 0.0571795 secs] [Times: user=0.39 sys=0.00, real=0.06 secs] 
2021-01-19T13:46:19.558-0800: 485.322: [GC (Allocation Failure) [PSYoungGen: 2456544K->319954K(2449408K)] 7802911K->5703232K(8041984K), 0.0559925 secs] [Times: user=0.32 sys=0.01, real=0.06 secs] 
2021-01-19T13:46:19.903-0800: 485.667: [GC (Allocation Failure) [PSYoungGen: 2429906K->322090K(2452992K)] 7813184K->5755594K(8045568K), 0.0570985 secs] [Times: user=0.40 sys=0.01, real=0.06 secs] 
2021-01-19T13:46:20.242-0800: 486.007: [GC (Allocation Failure) [PSYoungGen: 2432042K->322177K(2456064K)] 7865546K->5793885K(8048640K), 0.0542839 secs] [Times: user=0.36 sys=0.00, real=0.05 secs] 
2021-01-19T13:46:20.566-0800: 486.331: [GC (Allocation Failure) [PSYoungGen: 2436737K->322247K(2454528K)] 7908445K->5835645K(8047104K), 0.0539711 secs] [Times: user=0.35 sys=0.03, real=0.06 secs] 
2021-01-19T13:46:20.903-0800: 486.668: [GC (Allocation Failure) [PSYoungGen: 2436807K->325754K(2458112K)] 7950205K->5877993K(8050688K), 0.0553244 secs] [Times: user=0.34 sys=0.00, real=0.05 secs] 
2021-01-19T13:46:20.958-0800: 486.723: [Full GC (Ergonomics) [PSYoungGen: 325754K->0K(2458112K)] [ParOldGen: 5552239K->369845K(5592576K)] 5877993K->369845K(8050688K), [Metaspace: 2589K->2589K(1056768K)], 0.0702564 secs] [Times: user=0.25 sys=0.01, real=0.07 secs] 
2021-01-19T13:46:21.320-0800: 487.085: [GC (Allocation Failure) [PSYoungGen: 2119168K->337638K(2457088K)] 2489013K->707484K(8049664K), 0.0383879 secs] [Times: user=0.27 sys=0.01, real=0.03 secs] 
2021-01-19T13:46:21.648-0800: 487.413: [GC (Allocation Failure) [PSYoungGen: 2456806K->338099K(2445824K)] 2826652K->750090K(8038400K), 0.0481078 secs] [Times: user=0.24 sys=0.01, real=0.05 secs] 
2021-01-19T13:46:21.997-0800: 487.762: [GC (Allocation Failure) [PSYoungGen: 2444979K->328992K(2451456K)] 2856970K->789009K(8044032K), 0.0440333 secs] [Times: user=0.28 sys=0.00, real=0.05 secs] 
2021-01-19T13:46:22.339-0800: 488.104: [GC (Allocation Failure) [PSYoungGen: 2435872K->324676K(2453504K)] 2895889K->829397K(8046080K), 0.0429674 secs] [Times: user=0.26 sys=0.00, real=0.05 secs] 
2021-01-19T13:46:22.693-0800: 488.458: [GC (Allocation Failure) [PSYoungGen: 2434116K->342514K(2451968K)] 2938837K->899263K(8044544K), 0.0474477 secs] [Times: user=0.27 sys=0.00, real=0.05 secs] 
2021-01-19T13:46:23.029-0800: 488.793: [GC (Allocation Failure) [PSYoungGen: 2451954K->315598K(2407936K)] 3008703K->921581K(8000512K), 0.0431839 secs] [Times: user=0.26 sys=0.00, real=0.05 secs] 
2021-01-19T13:46:23.348-0800: 489.113: [GC (Allocation Failure) [PSYoungGen: 2379470K->317652K(2429952K)] 2985453K->963272K(8022528K), 0.0429322 secs] [Times: user=0.25 sys=0.01, real=0.05 secs] 
2021-01-19T13:46:23.665-0800: 489.430: [GC (Allocation Failure) [PSYoungGen: 2381524K->307826K(2430976K)] 3027144K->995495K(8023552K), 0.0426026 secs] [Times: user=0.21 sys=0.01, real=0.04 secs] 
2021-01-19T13:46:24.035-0800: 489.800: [GC (Allocation Failure) [PSYoungGen: 2373746K->322707K(2430976K)] 3061415K->1053640K(8023552K), 0.0453538 secs] [Times: user=0.23 sys=0.01, real=0.05 secs] 
2021-01-19T13:46:24.385-0800: 490.149: [GC (Allocation Failure) [PSYoungGen: 2388627K->311494K(2434048K)] 3119560K->1093412K(8026624K), 0.0488282 secs] [Times: user=0.22 sys=0.00, real=0.05 secs] 
2021-01-19T13:46:24.724-0800: 490.488: [GC (Allocation Failure) [PSYoungGen: 2383046K->326376K(2433536K)] 3164964K->1153072K(8026112K), 0.0461137 secs] [Times: user=0.26 sys=0.00, real=0.05 secs] 
2021-01-19T13:46:25.066-0800: 490.831: [GC (Allocation Failure) [PSYoungGen: 2397928K->319978K(2439680K)] 3224624K->1193720K(8032256K), 0.0448411 secs] [Times: user=0.27 sys=0.00, real=0.05 secs] 
2021-01-19T13:46:25.507-0800: 491.272: [GC (Allocation Failure) [PSYoungGen: 2401258K->321069K(2437632K)] 3275000K->1238629K(8030208K), 0.0448997 secs] [Times: user=0.27 sys=0.01, real=0.05 secs] 
2021-01-19T13:46:25.860-0800: 491.625: [GC (Allocation Failure) [PSYoungGen: 2402349K->322671K(2444800K)] 3319909K->1285086K(8037376K), 0.0395487 secs] [Times: user=0.28 sys=0.00, real=0.04 secs] 
2021-01-19T13:46:26.183-0800: 491.947: [GC (Allocation Failure) [PSYoungGen: 2413679K->338644K(2442240K)] 3376094K->1342625K(8034816K), 0.0457401 secs] [Times: user=0.32 sys=0.01, real=0.04 secs] 
2021-01-19T13:46:26.511-0800: 492.276: [GC (Allocation Failure) [PSYoungGen: 2429652K->320216K(2443776K)] 3433633K->1367413K(8036352K), 0.0436633 secs] [Times: user=0.30 sys=0.00, real=0.04 secs] 
2021-01-19T13:46:26.846-0800: 492.611: [GC (Allocation Failure) [PSYoungGen: 2410200K->328174K(2442240K)] 3457397K->1418811K(8034816K), 0.0451171 secs] [Times: user=0.32 sys=0.00, real=0.05 secs] 
2021-01-19T13:46:27.165-0800: 492.930: [GC (Allocation Failure) [PSYoungGen: 2418158K->332418K(2445312K)] 3508795K->1471449K(8037888K), 0.0465410 secs] [Times: user=0.31 sys=0.01, real=0.05 secs] 
2021-01-19T13:46:27.490-0800: 493.255: [GC (Allocation Failure) [PSYoungGen: 2427010K->317050K(2445312K)] 3566041K->1494776K(8037888K), 0.0417828 secs] [Times: user=0.24 sys=0.00, real=0.04 secs] 
2021-01-19T13:46:27.806-0800: 493.571: [GC (Allocation Failure) [PSYoungGen: 2411642K->336024K(2443264K)] 3589368K->1555790K(8035840K), 0.0409471 secs] [Times: user=0.29 sys=0.01, real=0.04 secs] 
2021-01-19T13:46:28.135-0800: 493.900: [GC (Allocation Failure) [PSYoungGen: 2429592K->318679K(2444800K)] 3649358K->1586056K(8037376K), 0.0397588 secs] [Times: user=0.28 sys=0.00, real=0.04 secs] 
2021-01-19T13:46:28.445-0800: 494.210: [GC (Allocation Failure) [PSYoungGen: 2412247K->334289K(2444800K)] 3679624K->1646899K(8037376K), 0.0454787 secs] [Times: user=0.32 sys=0.00, real=0.05 secs] 
2021-01-19T13:46:28.769-0800: 494.533: [GC (Allocation Failure) [PSYoungGen: 2428881K->315772K(2445312K)] 3741491K->1667424K(8037888K), 0.0447753 secs] [Times: user=0.26 sys=0.00, real=0.05 secs] 
2021-01-19T13:46:29.096-0800: 494.861: [GC (Allocation Failure) [PSYoungGen: 2410364K->317766K(2446848K)] 3762016K->1717851K(8039424K), 0.0452207 secs] [Times: user=0.31 sys=0.00, real=0.05 secs] 
2021-01-19T13:46:29.425-0800: 495.190: [GC (Allocation Failure) [PSYoungGen: 2414406K->326045K(2445824K)] 3814491K->1768392K(8038400K), 0.0476935 secs] [Times: user=0.27 sys=0.02, real=0.05 secs] 
2021-01-19T13:46:29.762-0800: 495.527: [GC (Allocation Failure) [PSYoungGen: 2422685K->310956K(2448896K)] 3865032K->1799434K(8041472K), 0.0454642 secs] [Times: user=0.26 sys=0.01, real=0.04 secs] 
2021-01-19T13:46:30.097-0800: 495.862: [GC (Allocation Failure) [PSYoungGen: 2412716K->328126K(2448896K)] 3901194K->1860324K(8041472K), 0.0463091 secs] [Times: user=0.28 sys=0.01, real=0.05 secs] 
2021-01-19T13:46:30.444-0800: 496.208: [GC (Allocation Failure) [PSYoungGen: 2429886K->341658K(2440192K)] 3962084K->1917519K(8032768K), 0.0468586 secs] [Times: user=0.33 sys=0.01, real=0.05 secs] 
2021-01-19T13:46:30.779-0800: 496.544: [GC (Allocation Failure) [PSYoungGen: 2435226K->316723K(2444800K)] 4011087K->1938564K(8037376K), 0.0462653 secs] [Times: user=0.28 sys=0.00, real=0.05 secs] 
2021-01-19T13:46:31.123-0800: 496.888: [GC (Allocation Failure) [PSYoungGen: 2410291K->301111K(2442752K)] 4032132K->1971767K(8035328K), 0.0429966 secs] [Times: user=0.29 sys=0.00, real=0.04 secs] 
2021-01-19T13:46:31.446-0800: 497.210: [GC (Allocation Failure) [PSYoungGen: 2393655K->337989K(2430976K)] 4064311K->2049130K(8023552K), 0.0454928 secs] [Times: user=0.27 sys=0.01, real=0.05 secs] 
2021-01-19T13:46:31.747-0800: 497.512: [GC (Allocation Failure) [PSYoungGen: 2430533K->321086K(2444288K)] 4141674K->2083822K(8036864K), 0.0439306 secs] [Times: user=0.27 sys=0.00, real=0.05 secs] 
2021-01-19T13:46:32.053-0800: 497.818: [GC (Allocation Failure) [PSYoungGen: 2411070K->312790K(2441728K)] 4173806K->2118574K(8034304K), 0.0420554 secs] [Times: user=0.25 sys=0.01, real=0.04 secs] 
2021-01-19T13:46:32.364-0800: 498.129: [GC (Allocation Failure) [PSYoungGen: 2402774K->335727K(2440704K)] 4208558K->2182480K(8033280K), 0.0460012 secs] [Times: user=0.25 sys=0.00, real=0.05 secs] 
2021-01-19T13:46:32.687-0800: 498.452: [GC (Allocation Failure) [PSYoungGen: 2425199K->332927K(2442752K)] 4271952K->2226626K(8035328K), 0.0479674 secs] [Times: user=0.27 sys=0.01, real=0.05 secs] 
2021-01-19T13:46:33.027-0800: 498.791: [GC (Allocation Failure) [PSYoungGen: 2422399K->320469K(2444800K)] 4316098K->2272258K(8037376K), 0.0463921 secs] [Times: user=0.31 sys=0.01, real=0.05 secs] 
2021-01-19T13:46:33.359-0800: 499.124: [GC (Allocation Failure) [PSYoungGen: 2411989K->334307K(2442752K)] 4363778K->2331841K(8035328K), 0.0465550 secs] [Times: user=0.31 sys=0.00, real=0.05 secs] 
2021-01-19T13:46:33.668-0800: 499.433: [GC (Allocation Failure) [PSYoungGen: 2425827K->331076K(2444288K)] 4423361K->2375461K(8036864K), 0.0464929 secs] [Times: user=0.32 sys=0.01, real=0.05 secs] 
2021-01-19T13:46:34.005-0800: 499.770: [GC (Allocation Failure) [PSYoungGen: 2423108K->312633K(2443776K)] 4467493K->2398449K(8036352K), 0.0401592 secs] [Times: user=0.26 sys=0.00, real=0.04 secs] 
2021-01-19T13:46:34.309-0800: 500.074: [GC (Allocation Failure) [PSYoungGen: 2404665K->312500K(2445312K)] 4490481K->2441029K(8037888K), 0.0420795 secs] [Times: user=0.26 sys=0.01, real=0.05 secs] 
2021-01-19T13:46:34.617-0800: 500.382: [GC (Allocation Failure) [PSYoungGen: 2406068K->330916K(2444288K)] 4534597K->2496897K(8036864K), 0.0478320 secs] [Times: user=0.28 sys=0.00, real=0.05 secs] 
2021-01-19T13:46:34.945-0800: 500.710: [GC (Allocation Failure) [PSYoungGen: 2424484K->329022K(2445824K)] 4590465K->2545263K(8038400K), 0.0474467 secs] [Times: user=0.30 sys=0.01, real=0.05 secs] 
2021-01-19T13:46:35.279-0800: 501.044: [GC (Allocation Failure) [PSYoungGen: 2424126K->333710K(2445312K)] 4640367K->2590110K(8037888K), 0.0461056 secs] [Times: user=0.32 sys=0.00, real=0.05 secs] 
2021-01-19T13:46:35.620-0800: 501.385: [GC (Allocation Failure) [PSYoungGen: 2428814K->327035K(2446848K)] 4685214K->2636040K(8039424K), 0.0474632 secs] [Times: user=0.31 sys=0.00, real=0.04 secs] 
2021-01-19T13:46:35.942-0800: 501.707: [GC (Allocation Failure) [PSYoungGen: 2423163K->310156K(2445312K)] 4732168K->2661006K(8037888K), 0.0460364 secs] [Times: user=0.28 sys=0.01, real=0.04 secs] 
2021-01-19T13:46:36.267-0800: 502.032: [GC (Allocation Failure) [PSYoungGen: 2406284K->322349K(2448896K)] 4757134K->2717936K(8041472K), 0.0482576 secs] [Times: user=0.34 sys=0.00, real=0.05 secs] 
2021-01-19T13:46:36.607-0800: 502.372: [GC (Allocation Failure) [PSYoungGen: 2422061K->315099K(2446848K)] 4817648K->2751962K(8039424K), 0.0410352 secs] [Times: user=0.28 sys=0.00, real=0.04 secs] 
2021-01-19T13:46:36.918-0800: 502.683: [GC (Allocation Failure) [PSYoungGen: 2414811K->330116K(2448896K)] 4851674K->2811919K(8041472K), 0.0482607 secs] [Times: user=0.32 sys=0.01, real=0.05 secs] 
2021-01-19T13:46:37.255-0800: 503.020: [GC (Allocation Failure) [PSYoungGen: 2432900K->325353K(2449408K)] 4914703K->2849530K(8041984K), 0.0472644 secs] [Times: user=0.34 sys=0.00, real=0.05 secs] 
2021-01-19T13:46:37.579-0800: 503.343: [GC (Allocation Failure) [PSYoungGen: 2428137K->335497K(2446848K)] 4952314K->2901780K(8039424K), 0.0488595 secs] [Times: user=0.33 sys=0.01, real=0.05 secs] 
2021-01-19T13:46:37.913-0800: 503.677: [GC (Allocation Failure) [PSYoungGen: 2437257K->338929K(2440704K)] 5003540K->2955786K(8033280K), 0.0500639 secs] [Times: user=0.36 sys=0.00, real=0.05 secs] 
2021-01-19T13:46:38.257-0800: 504.022: [GC (Allocation Failure) [PSYoungGen: 2440689K->319177K(2446848K)] 5057546K->2984853K(8039424K), 0.0475201 secs] [Times: user=0.33 sys=0.00, real=0.05 secs] 
2021-01-19T13:46:38.591-0800: 504.356: [GC (Allocation Failure) [PSYoungGen: 2415817K->325297K(2445824K)] 5081493K->3037717K(8038400K), 0.0482208 secs] [Times: user=0.35 sys=0.00, real=0.04 secs] 
2021-01-19T13:46:38.918-0800: 504.683: [GC (Allocation Failure) [PSYoungGen: 2421937K->316948K(2449920K)] 5134357K->3074901K(8042496K), 0.0482901 secs] [Times: user=0.33 sys=0.00, real=0.05 secs] 
2021-01-19T13:46:39.259-0800: 505.024: [GC (Allocation Failure) [PSYoungGen: 2420244K->321350K(2449408K)] 5178197K->3129217K(8041984K), 0.0490099 secs] [Times: user=0.34 sys=0.01, real=0.05 secs] 
2021-01-19T13:46:39.602-0800: 505.367: [GC (Allocation Failure) [PSYoungGen: 2424646K->315382K(2451968K)] 5232513K->3172765K(8044544K), 0.0477804 secs] [Times: user=0.30 sys=0.00, real=0.05 secs] 
2021-01-19T13:46:39.947-0800: 505.712: [GC (Allocation Failure) [PSYoungGen: 2422774K->327935K(2451456K)] 5280157K->3226782K(8044032K), 0.0517462 secs] [Times: user=0.29 sys=0.00, real=0.05 secs] 
2021-01-19T13:46:40.291-0800: 506.056: [GC (Allocation Failure) [PSYoungGen: 2435327K->327382K(2452992K)] 5334174K->3273703K(8045568K), 0.0486528 secs] [Times: user=0.33 sys=0.00, real=0.05 secs] 
2021-01-19T13:46:40.633-0800: 506.398: [GC (Allocation Failure) [PSYoungGen: 2436822K->316534K(2452480K)] 5383143K->3302096K(8045056K), 0.0483947 secs] [Times: user=0.32 sys=0.01, real=0.05 secs] 
2021-01-19T13:46:40.961-0800: 506.726: [GC (Allocation Failure) [PSYoungGen: 2425974K->320153K(2454528K)] 5411536K->3354831K(8047104K), 0.0484238 secs] [Times: user=0.33 sys=0.00, real=0.05 secs] 
2021-01-19T13:46:41.290-0800: 507.055: [GC (Allocation Failure) [PSYoungGen: 2432153K->330404K(2453504K)] 5466831K->3405207K(8046080K), 0.0536028 secs] [Times: user=0.31 sys=0.00, real=0.05 secs] 
2021-01-19T13:46:41.638-0800: 507.403: [GC (Allocation Failure) [PSYoungGen: 2442404K->314950K(2454016K)] 5517207K->3440654K(8046592K), 0.0521557 secs] [Times: user=0.27 sys=0.00, real=0.06 secs] 
2021-01-19T13:46:42.054-0800: 507.819: [GC (Allocation Failure) [PSYoungGen: 2426950K->328555K(2454016K)] 5552654K->3496584K(8046592K), 0.0654937 secs] [Times: user=0.22 sys=0.01, real=0.07 secs] 
2021-01-19T13:46:42.466-0800: 508.231: [GC (Allocation Failure) [PSYoungGen: 2440555K->333157K(2450944K)] 5608584K->3555026K(8043520K), 0.0747878 secs] [Times: user=0.26 sys=0.03, real=0.08 secs] 
2021-01-19T13:46:42.873-0800: 508.638: [GC (Allocation Failure) [PSYoungGen: 2442085K->336993K(2446336K)] 5663954K->3602534K(8038912K), 0.1005687 secs] [Times: user=0.19 sys=0.09, real=0.10 secs] 
2021-01-19T13:46:43.270-0800: 509.035: [GC (Allocation Failure) [PSYoungGen: 2445921K->333007K(2448384K)] 5711462K->3647332K(8040960K), 0.0605752 secs] [Times: user=0.21 sys=0.05, real=0.06 secs] 
2021-01-19T13:46:43.796-0800: 509.561: [GC (Allocation Failure) [PSYoungGen: 2434767K->327352K(2448896K)] 5749092K->3684380K(8041472K), 0.0619967 secs] [Times: user=0.21 sys=0.03, real=0.06 secs] 
2021-01-19T13:46:44.202-0800: 509.967: [GC (Allocation Failure) [PSYoungGen: 2429112K->324263K(2451968K)] 5786140K->3724215K(8044544K), 0.0601196 secs] [Times: user=0.17 sys=0.05, real=0.06 secs] 
2021-01-19T13:46:44.567-0800: 510.332: [GC (Allocation Failure) [PSYoungGen: 2430631K->320471K(2450432K)] 5830583K->3759726K(8043008K), 0.0500671 secs] [Times: user=0.19 sys=0.07, real=0.05 secs] 
2021-01-19T13:46:44.960-0800: 510.725: [GC (Allocation Failure) [PSYoungGen: 2426839K->304858K(2448896K)] 5866094K->3786548K(8041472K), 0.0776351 secs] [Times: user=0.14 sys=0.04, real=0.07 secs] 
2021-01-19T13:46:45.467-0800: 511.232: [GC (Allocation Failure) [PSYoungGen: 2410714K->332408K(2438656K)] 5892404K->3859457K(8031232K), 0.0906256 secs] [Times: user=0.16 sys=0.06, real=0.09 secs] 
2021-01-19T13:46:45.929-0800: 511.694: [GC (Allocation Failure) [PSYoungGen: 2438264K->307802K(2448896K)] 5965313K->3871189K(8041472K), 0.0745571 secs] [Times: user=0.18 sys=0.05, real=0.08 secs] 
2021-01-19T13:46:46.289-0800: 512.054: [GC (Allocation Failure) [PSYoungGen: 2410586K->321617K(2449408K)] 5973973K->3925109K(8041984K), 0.0595021 secs] [Times: user=0.19 sys=0.12, real=0.06 secs] 
2021-01-19T13:46:46.666-0800: 512.431: [GC (Allocation Failure) [PSYoungGen: 2424401K->334427K(2447360K)] 6027893K->3983459K(8039936K), 0.0520679 secs] [Times: user=0.25 sys=0.07, real=0.05 secs] 
2021-01-19T13:46:46.978-0800: 512.743: [GC (Allocation Failure) [PSYoungGen: 2437211K->313065K(2449408K)] 6086243K->4002612K(8041984K), 0.0427383 secs] [Times: user=0.25 sys=0.01, real=0.05 secs] 
2021-01-19T13:46:47.294-0800: 513.059: [GC (Allocation Failure) [PSYoungGen: 2415849K->327132K(2450432K)] 6105396K->4052354K(8043008K), 0.0438765 secs] [Times: user=0.23 sys=0.00, real=0.04 secs] 
2021-01-19T13:46:48.007-0800: 513.772: [GC (Allocation Failure) [PSYoungGen: 2430940K->327550K(2449408K)] 6156162K->4096288K(8041984K), 0.0716449 secs] [Times: user=0.17 sys=0.00, real=0.07 secs] 
2021-01-19T13:46:48.393-0800: 514.158: [GC (Allocation Failure) [PSYoungGen: 2431358K->319810K(2452480K)] 6200096K->4139552K(8045056K), 0.0507164 secs] [Times: user=0.33 sys=0.00, real=0.05 secs] 
2021-01-19T13:46:48.746-0800: 514.511: [GC (Allocation Failure) [PSYoungGen: 2427202K->309367K(2450944K)] 6246944K->4175358K(8043520K), 0.0492764 secs] [Times: user=0.29 sys=0.00, real=0.05 secs] 
2021-01-19T13:46:49.103-0800: 514.868: [GC (Allocation Failure) [PSYoungGen: 2416759K->325199K(2452992K)] 6282750K->4233845K(8045568K), 0.0535273 secs] [Times: user=0.27 sys=0.00, real=0.05 secs] 
2021-01-19T13:46:49.449-0800: 515.214: [GC (Allocation Failure) [PSYoungGen: 2434127K->314142K(2451968K)] 6342773K->4264069K(8044544K), 0.0524621 secs] [Times: user=0.33 sys=0.01, real=0.06 secs] 
2021-01-19T13:46:49.798-0800: 515.563: [GC (Allocation Failure) [PSYoungGen: 2423070K->317135K(2455040K)] 6372997K->4305201K(8047616K), 0.0495269 secs] [Times: user=0.34 sys=0.01, real=0.05 secs] 
2021-01-19T13:46:50.144-0800: 515.909: [GC (Allocation Failure) [PSYoungGen: 2429647K->321992K(2453504K)] 6417713K->4346180K(8046080K), 0.0533882 secs] [Times: user=0.29 sys=0.01, real=0.05 secs] 
2021-01-19T13:46:50.500-0800: 516.265: [GC (Allocation Failure) [PSYoungGen: 2434504K->320675K(2458624K)] 6458692K->4391097K(8051200K), 0.0532759 secs] [Times: user=0.32 sys=0.01, real=0.05 secs] 
2021-01-19T13:46:50.844-0800: 516.609: [GC (Allocation Failure) [PSYoungGen: 2439843K->313030K(2456576K)] 6510265K->4426585K(8049152K), 0.0520292 secs] [Times: user=0.30 sys=0.01, real=0.05 secs] 
2021-01-19T13:46:51.211-0800: 516.976: [GC (Allocation Failure) [PSYoungGen: 2432198K->319060K(2460160K)] 6545753K->4478100K(8052736K), 0.0517098 secs] [Times: user=0.35 sys=0.01, real=0.05 secs] 
2021-01-19T13:46:51.546-0800: 517.311: [GC (Allocation Failure) [PSYoungGen: 2441812K->326115K(2458624K)] 6600852K->4523411K(8051200K), 0.0560143 secs] [Times: user=0.28 sys=0.00, real=0.06 secs] 
2021-01-19T13:46:51.933-0800: 517.698: [GC (Allocation Failure) [PSYoungGen: 2448867K->322189K(2460672K)] 6646163K->4563762K(8053248K), 0.0606998 secs] [Times: user=0.26 sys=0.01, real=0.06 secs] 
2021-01-19T13:46:52.321-0800: 518.086: [GC (Allocation Failure) [PSYoungGen: 2446477K->331612K(2456064K)] 6688050K->4614948K(8048640K), 0.0641950 secs] [Times: user=0.19 sys=0.00, real=0.06 secs] 
2021-01-19T13:46:52.676-0800: 518.441: [GC (Allocation Failure) [PSYoungGen: 2455900K->336726K(2449920K)] 6739236K->4666339K(8042496K), 0.0538298 secs] [Times: user=0.37 sys=0.01, real=0.06 secs] 
2021-01-19T13:46:53.025-0800: 518.790: [GC (Allocation Failure) [PSYoungGen: 2448726K->314379K(2454016K)] 6778339K->4689102K(8046592K), 0.0533638 secs] [Times: user=0.31 sys=0.01, real=0.05 secs] 
2021-01-19T13:46:53.376-0800: 519.141: [GC (Allocation Failure) [PSYoungGen: 2426379K->328895K(2453504K)] 6801102K->4742740K(8046080K), 0.0531329 secs] [Times: user=0.33 sys=0.01, real=0.05 secs] 
2021-01-19T13:46:53.794-0800: 519.559: [GC (Allocation Failure) [PSYoungGen: 2440895K->314855K(2454016K)] 6854740K->4770346K(8046592K), 0.0549985 secs] [Times: user=0.31 sys=0.01, real=0.05 secs] 
2021-01-19T13:46:54.154-0800: 519.919: [GC (Allocation Failure) [PSYoungGen: 2426855K->326782K(2454528K)] 6882346K->4824906K(8047104K), 0.0467988 secs] [Times: user=0.30 sys=0.00, real=0.05 secs] 
2021-01-19T13:46:54.470-0800: 520.235: [GC (Allocation Failure) [PSYoungGen: 2439806K->327208K(2454528K)] 6937930K->4869377K(8047104K), 0.0521282 secs] [Times: user=0.35 sys=0.00, real=0.05 secs] 
2021-01-19T13:46:54.796-0800: 520.561: [GC (Allocation Failure) [PSYoungGen: 2440232K->328497K(2454016K)] 6982401K->4913950K(8046592K), 0.0523459 secs] [Times: user=0.38 sys=0.01, real=0.05 secs] 
2021-01-19T13:46:55.134-0800: 520.899: [GC (Allocation Failure) [PSYoungGen: 2441521K->324745K(2454528K)] 7026974K->4951681K(8047104K), 0.0522216 secs] [Times: user=0.38 sys=0.00, real=0.05 secs] 
2021-01-19T13:46:55.448-0800: 521.213: [GC (Allocation Failure) [PSYoungGen: 2437769K->336586K(2449920K)] 7064705K->5000629K(8042496K), 0.0547948 secs] [Times: user=0.35 sys=0.01, real=0.06 secs] 
2021-01-19T13:46:55.797-0800: 521.562: [GC (Allocation Failure) [PSYoungGen: 2446538K->325554K(2452992K)] 7110581K->5039207K(8045568K), 0.0583966 secs] [Times: user=0.32 sys=0.01, real=0.06 secs] 
2021-01-19T13:46:56.143-0800: 521.909: [GC (Allocation Failure) [PSYoungGen: 2435506K->323237K(2455552K)] 7149159K->5083212K(8048128K), 0.0529283 secs] [Times: user=0.37 sys=0.00, real=0.05 secs] 
2021-01-19T13:46:56.483-0800: 522.248: [GC (Allocation Failure) [PSYoungGen: 2437285K->323075K(2454528K)] 7197260K->5125915K(8047104K), 0.0553799 secs] [Times: user=0.33 sys=0.00, real=0.05 secs] 
2021-01-19T13:46:56.824-0800: 522.589: [GC (Allocation Failure) [PSYoungGen: 2437123K->314732K(2456064K)] 7239963K->5163344K(8048640K), 0.0531734 secs] [Times: user=0.33 sys=0.01, real=0.05 secs] 
2021-01-19T13:46:57.159-0800: 522.924: [GC (Allocation Failure) [PSYoungGen: 2431852K->328001K(2456576K)] 7280464K->5217046K(8049152K), 0.0523113 secs] [Times: user=0.36 sys=0.01, real=0.06 secs] 
2021-01-19T13:46:57.541-0800: 523.306: [GC (Allocation Failure) [PSYoungGen: 2445121K->322768K(2458112K)] 7334166K->5264062K(8050688K), 0.0900460 secs] [Times: user=0.33 sys=0.01, real=0.09 secs] 
2021-01-19T13:46:57.926-0800: 523.691: [GC (Allocation Failure) [PSYoungGen: 2441424K->315399K(2456576K)] 7382718K->5304537K(8049152K), 0.0544474 secs] [Times: user=0.27 sys=0.00, real=0.06 secs] 
2021-01-19T13:46:58.279-0800: 524.044: [GC (Allocation Failure) [PSYoungGen: 2434055K->314838K(2457600K)] 7423193K->5340674K(8050176K), 0.0552167 secs] [Times: user=0.27 sys=0.01, real=0.06 secs] 
2021-01-19T13:46:58.662-0800: 524.427: [GC (Allocation Failure) [PSYoungGen: 2434006K->320738K(2457600K)] 7459842K->5387324K(8050176K), 0.0605096 secs] [Times: user=0.27 sys=0.01, real=0.06 secs] 
2021-01-19T13:46:59.017-0800: 524.782: [GC (Allocation Failure) [PSYoungGen: 2439906K->313724K(2459136K)] 7506492K->5423510K(8051712K), 0.0541184 secs] [Times: user=0.35 sys=0.01, real=0.06 secs] 
2021-01-19T13:46:59.353-0800: 525.118: [GC (Allocation Failure) [PSYoungGen: 2435964K->306698K(2429440K)] 7545750K->5462908K(8022016K), 0.0536226 secs] [Times: user=0.39 sys=0.00, real=0.05 secs] 
2021-01-19T13:46:59.682-0800: 525.447: [GC (Allocation Failure) [PSYoungGen: 2428938K->313905K(2459136K)] 7585148K->5516661K(8051712K), 0.0664330 secs] [Times: user=0.31 sys=0.01, real=0.06 secs] 
2021-01-19T13:47:00.060-0800: 525.825: [GC (Allocation Failure) [PSYoungGen: 2435121K->324193K(2458112K)] 7637877K->5563662K(8050688K), 0.0589305 secs] [Times: user=0.27 sys=0.00, real=0.05 secs] 
2021-01-19T13:47:00.454-0800: 526.219: [GC (Allocation Failure) [PSYoungGen: 2445409K->311875K(2459136K)] 7684878K->5593242K(8051712K), 0.0633939 secs] [Times: user=0.32 sys=0.01, real=0.06 secs] 
2021-01-19T13:47:00.837-0800: 526.602: [GC (Allocation Failure) [PSYoungGen: 2433603K->317754K(2458624K)] 7714970K->5641781K(8051200K), 0.0655729 secs] [Times: user=0.22 sys=0.00, real=0.07 secs] 
2021-01-19T13:47:01.192-0800: 526.957: [GC (Allocation Failure) [PSYoungGen: 2439482K->329653K(2456576K)] 7763509K->5695366K(8049152K), 0.0547133 secs] [Times: user=0.38 sys=0.00, real=0.05 secs] 
2021-01-19T13:47:01.527-0800: 527.292: [GC (Allocation Failure) [PSYoungGen: 2450869K->324885K(2446336K)] 7816582K->5734586K(8038912K), 0.0569923 secs] [Times: user=0.39 sys=0.01, real=0.06 secs] 
2021-01-19T13:47:01.879-0800: 527.644: [GC (Allocation Failure) [PSYoungGen: 2446101K->331064K(2454016K)] 7855802K->5781131K(8046592K), 0.0593352 secs] [Times: user=0.32 sys=0.01, real=0.06 secs] 
2021-01-19T13:47:02.306-0800: 528.071: [GC (Allocation Failure) [PSYoungGen: 2447160K->339958K(2456064K)] 7897227K->5838432K(8048640K), 0.0545902 secs] [Times: user=0.31 sys=0.00, real=0.06 secs] 
2021-01-19T13:47:02.615-0800: 528.381: [GC (Allocation Failure) [PSYoungGen: 2456054K->312333K(2446848K)] 7954528K->5860258K(8039424K), 0.0464751 secs] [Times: user=0.29 sys=0.01, real=0.05 secs] 
2021-01-19T13:47:02.662-0800: 528.427: [Full GC (Ergonomics) [PSYoungGen: 312333K->0K(2446848K)] [ParOldGen: 5547925K->370625K(5592576K)] 5860258K->370625K(8039424K), [Metaspace: 2589K->2589K(1056768K)], 0.0500807 secs] [Times: user=0.23 sys=0.01, real=0.05 secs] 
2021-01-19T13:47:03.019-0800: 528.784: [GC (Allocation Failure) [PSYoungGen: 2106880K->312277K(2451456K)] 2477505K->682902K(8044032K), 0.0344424 secs] [Times: user=0.18 sys=0.00, real=0.04 secs] 
2021-01-19T13:47:03.331-0800: 529.096: [GC (Allocation Failure) [PSYoungGen: 2419157K->320452K(2454016K)] 2789782K->731600K(8046592K), 0.0397154 secs] [Times: user=0.23 sys=0.00, real=0.04 secs] 
2021-01-19T13:47:03.659-0800: 529.424: [GC (Allocation Failure) [PSYoungGen: 2430404K->331724K(2451968K)] 2841552K->786453K(8044544K), 0.0437622 secs] [Times: user=0.19 sys=0.00, real=0.05 secs] 
2021-01-19T13:47:04.004-0800: 529.769: [GC (Allocation Failure) [PSYoungGen: 2441676K->318470K(2453504K)] 2896405K->816720K(8046080K), 0.0491610 secs] [Times: user=0.19 sys=0.09, real=0.05 secs] 
2021-01-19T13:47:04.343-0800: 530.108: [GC (Allocation Failure) [PSYoungGen: 2427910K->337530K(2447360K)] 2926160K->883080K(8039936K), 0.0627857 secs] [Times: user=0.16 sys=0.11, real=0.06 secs] 
2021-01-19T13:47:04.676-0800: 530.442: [GC (Allocation Failure) [PSYoungGen: 2446970K->334068K(2446848K)] 2992520K->931515K(8039424K), 0.0670952 secs] [Times: user=0.18 sys=0.16, real=0.07 secs] 
2021-01-19T13:47:05.031-0800: 530.796: [GC (Allocation Failure) [PSYoungGen: 2434804K->317693K(2448384K)] 3032251K->969277K(8040960K), 0.0535413 secs] [Times: user=0.16 sys=0.14, real=0.05 secs] 
2021-01-19T13:47:05.360-0800: 531.125: [GC (Allocation Failure) [PSYoungGen: 2418429K->331785K(2448384K)] 3070013K->1019989K(8040960K), 0.0580445 secs] [Times: user=0.17 sys=0.08, real=0.05 secs] 
2021-01-19T13:47:05.696-0800: 531.461: [GC (Allocation Failure) [PSYoungGen: 2433545K->319036K(2448896K)] 3121749K->1054960K(8041472K), 0.0451928 secs] [Times: user=0.23 sys=0.00, real=0.05 secs] 
2021-01-19T13:47:06.061-0800: 531.826: [GC (Allocation Failure) [PSYoungGen: 2420796K->313849K(2450432K)] 3156720K->1092107K(8043008K), 0.0416836 secs] [Times: user=0.23 sys=0.00, real=0.04 secs] 
2021-01-19T13:47:06.376-0800: 532.141: [GC (Allocation Failure) [PSYoungGen: 2418169K->329506K(2449920K)] 3196427K->1150888K(8042496K), 0.0503977 secs] [Times: user=0.26 sys=0.05, real=0.05 secs] 
2021-01-19T13:47:06.735-0800: 532.500: [GC (Allocation Failure) [PSYoungGen: 2433826K->333025K(2447360K)] 3255208K->1195513K(8039936K), 0.0727813 secs] [Times: user=0.19 sys=0.12, real=0.07 secs] 
2021-01-19T13:47:07.080-0800: 532.845: [GC (Allocation Failure) [PSYoungGen: 2434785K->338920K(2440704K)] 3297273K->1246548K(8033280K), 0.0683851 secs] [Times: user=0.20 sys=0.15, real=0.06 secs] 
2021-01-19T13:47:07.414-0800: 533.179: [GC (Allocation Failure) [PSYoungGen: 2440680K->324395K(2447872K)] 3348308K->1276743K(8040448K), 0.0692699 secs] [Times: user=0.17 sys=0.11, real=0.07 secs] 
2021-01-19T13:47:07.753-0800: 533.518: [GC (Allocation Failure) [PSYoungGen: 2422059K->327967K(2445824K)] 3374407K->1325456K(8038400K), 0.0744693 secs] [Times: user=0.17 sys=0.12, real=0.07 secs] 
2021-01-19T13:47:08.135-0800: 533.900: [GC (Allocation Failure) [PSYoungGen: 2425631K->335367K(2446336K)] 3423120K->1370605K(8038912K), 0.0613584 secs] [Times: user=0.20 sys=0.11, real=0.06 secs] 
2021-01-19T13:47:08.488-0800: 534.253: [GC (Allocation Failure) [PSYoungGen: 2435079K->322710K(2447872K)] 3470317K->1396188K(8040448K), 0.0698068 secs] [Times: user=0.15 sys=0.06, real=0.07 secs] 
2021-01-19T13:47:08.854-0800: 534.619: [GC (Allocation Failure) [PSYoungGen: 2422422K->321222K(2450432K)] 3495900K->1441990K(8043008K), 0.0510263 secs] [Times: user=0.23 sys=0.02, real=0.05 secs] 
2021-01-19T13:47:09.196-0800: 534.961: [GC (Allocation Failure) [PSYoungGen: 2425030K->314659K(2449408K)] 3545798K->1474819K(8041984K), 0.0429924 secs] [Times: user=0.26 sys=0.00, real=0.04 secs] 
2021-01-19T13:47:09.520-0800: 535.285: [GC (Allocation Failure) [PSYoungGen: 2418467K->319016K(2451456K)] 3578627K->1526672K(8044032K), 0.0434545 secs] [Times: user=0.30 sys=0.01, real=0.04 secs] 
2021-01-19T13:47:09.846-0800: 535.612: [GC (Allocation Failure) [PSYoungGen: 2424872K->323432K(2450432K)] 3632528K->1572394K(8043008K), 0.0494583 secs] [Times: user=0.17 sys=0.12, real=0.05 secs] 
2021-01-19T13:47:10.174-0800: 535.939: [GC (Allocation Failure) [PSYoungGen: 2429288K->317961K(2454016K)] 3678250K->1610868K(8046592K), 0.0522846 secs] [Times: user=0.16 sys=0.12, real=0.05 secs] 
2021-01-19T13:47:10.535-0800: 536.300: [GC (Allocation Failure) [PSYoungGen: 2429449K->329137K(2453504K)] 3722356K->1669651K(8046080K), 0.0598207 secs] [Times: user=0.17 sys=0.14, real=0.06 secs] 
2021-01-19T13:47:10.868-0800: 536.634: [GC (Allocation Failure) [PSYoungGen: 2440625K->323031K(2455552K)] 3781139K->1704685K(8048128K), 0.0565634 secs] [Times: user=0.17 sys=0.11, real=0.06 secs] 
2021-01-19T13:47:11.204-0800: 536.969: [GC (Allocation Failure) [PSYoungGen: 2436567K->327255K(2454016K)] 3818221K->1747823K(8046592K), 0.0567681 secs] [Times: user=0.16 sys=0.10, real=0.06 secs] 
2021-01-19T13:47:11.548-0800: 537.314: [GC (Allocation Failure) [PSYoungGen: 2440791K->326068K(2456576K)] 3861359K->1790452K(8049152K), 0.0484507 secs] [Times: user=0.20 sys=0.13, real=0.05 secs] 
2021-01-19T13:47:11.874-0800: 537.639: [GC (Allocation Failure) [PSYoungGen: 2442676K->339308K(2456064K)] 3907060K->1845317K(8048640K), 0.0499528 secs] [Times: user=0.23 sys=0.08, real=0.05 secs] 
2021-01-19T13:47:12.210-0800: 537.976: [GC (Allocation Failure) [PSYoungGen: 2455916K->318732K(2449920K)] 3961925K->1867805K(8042496K), 0.0485039 secs] [Times: user=0.17 sys=0.14, real=0.04 secs] 
2021-01-19T13:47:12.530-0800: 538.295: [GC (Allocation Failure) [PSYoungGen: 2428684K->336045K(2446336K)] 3977757K->1926423K(8038912K), 0.0498266 secs] [Times: user=0.17 sys=0.15, real=0.05 secs] 
2021-01-19T13:47:12.847-0800: 538.612: [GC (Allocation Failure) [PSYoungGen: 2445997K->343197K(2441728K)] 4036375K->1971872K(8034304K), 0.0672914 secs] [Times: user=0.20 sys=0.11, real=0.07 secs] 
2021-01-19T13:47:13.182-0800: 538.947: [GC (Allocation Failure) [PSYoungGen: 2439837K->342980K(2439680K)] 4068512K->2020324K(8032256K), 0.0721038 secs] [Times: user=0.19 sys=0.14, real=0.07 secs] 
2021-01-19T13:47:13.513-0800: 539.278: [GC (Allocation Failure) [PSYoungGen: 2439620K->320691K(2443776K)] 4116964K->2048286K(8036352K), 0.0653679 secs] [Times: user=0.18 sys=0.16, real=0.06 secs] 
2021-01-19T13:47:13.833-0800: 539.598: [GC (Allocation Failure) [PSYoungGen: 2411699K->326832K(2443264K)] 4139294K->2099233K(8035840K), 0.0626144 secs] [Times: user=0.19 sys=0.14, real=0.06 secs] 
2021-01-19T13:47:14.189-0800: 539.954: [GC (Allocation Failure) [PSYoungGen: 2417840K->318675K(2446336K)] 4190241K->2130159K(8038912K), 0.0620545 secs] [Times: user=0.18 sys=0.13, real=0.07 secs] 
2021-01-19T13:47:14.524-0800: 540.290: [GC (Allocation Failure) [PSYoungGen: 2414803K->315952K(2445824K)] 4226287K->2171130K(8038400K), 0.0625198 secs] [Times: user=0.18 sys=0.14, real=0.06 secs] 
2021-01-19T13:47:14.862-0800: 540.627: [GC (Allocation Failure) [PSYoungGen: 2412080K->313263K(2446848K)] 4267258K->2207172K(8039424K), 0.0538385 secs] [Times: user=0.26 sys=0.04, real=0.05 secs] 
2021-01-19T13:47:15.193-0800: 540.958: [GC (Allocation Failure) [PSYoungGen: 2410927K->333757K(2431488K)] 4304836K->2271710K(8024064K), 0.0726068 secs] [Times: user=0.20 sys=0.12, real=0.07 secs] 
2021-01-19T13:47:15.596-0800: 541.361: [GC (Allocation Failure) [PSYoungGen: 2431421K->328282K(2447360K)] 4369374K->2311251K(8039936K), 0.0606848 secs] [Times: user=0.18 sys=0.10, real=0.06 secs] 
2021-01-19T13:47:15.981-0800: 541.747: [GC (Allocation Failure) [PSYoungGen: 2425434K->319985K(2445824K)] 4408403K->2345675K(8038400K), 0.0843098 secs] [Times: user=0.18 sys=0.09, real=0.08 secs] 
2021-01-19T13:47:16.387-0800: 542.152: [GC (Allocation Failure) [PSYoungGen: 2417137K->323905K(2450432K)] 4442827K->2395032K(8043008K), 0.0729537 secs] [Times: user=0.17 sys=0.08, real=0.08 secs] 
2021-01-19T13:47:16.844-0800: 542.609: [GC (Allocation Failure) [PSYoungGen: 2426689K->317652K(2448384K)] 4497816K->2436908K(8040960K), 0.0792843 secs] [Times: user=0.18 sys=0.07, real=0.08 secs] 
2021-01-19T13:47:17.289-0800: 543.054: [GC (Allocation Failure) [PSYoungGen: 2420436K->318114K(2451968K)] 4539692K->2481838K(8044544K), 0.0731532 secs] [Times: user=0.16 sys=0.09, real=0.08 secs] 
2021-01-19T13:47:17.684-0800: 543.449: [GC (Allocation Failure) [PSYoungGen: 2424994K->322511K(2450944K)] 4588718K->2534917K(8043520K), 0.0554092 secs] [Times: user=0.18 sys=0.11, real=0.05 secs] 
2021-01-19T13:47:18.039-0800: 543.804: [GC (Allocation Failure) [PSYoungGen: 2429391K->329532K(2452992K)] 4641797K->2585515K(8045568K), 0.0727619 secs] [Times: user=0.17 sys=0.12, real=0.08 secs] 
2021-01-19T13:47:18.395-0800: 544.161: [GC (Allocation Failure) [PSYoungGen: 2440508K->316452K(2453504K)] 4696491K->2610768K(8046080K), 0.0495038 secs] [Times: user=0.17 sys=0.10, real=0.05 secs] 
2021-01-19T13:47:18.702-0800: 544.467: [GC (Allocation Failure) [PSYoungGen: 2427428K->320473K(2455040K)] 4721744K->2653370K(8047616K), 0.0575587 secs] [Times: user=0.18 sys=0.09, real=0.06 secs] 
2021-01-19T13:47:19.049-0800: 544.815: [GC (Allocation Failure) [PSYoungGen: 2433497K->327361K(2454016K)] 4766394K->2714580K(8046592K), 0.0644796 secs] [Times: user=0.17 sys=0.12, real=0.07 secs] 
2021-01-19T13:47:19.388-0800: 545.153: [GC (Allocation Failure) [PSYoungGen: 2440385K->324359K(2457088K)] 4827604K->2757026K(8049664K), 0.0550725 secs] [Times: user=0.18 sys=0.08, real=0.06 secs] 
2021-01-19T13:47:19.739-0800: 545.505: [GC (Allocation Failure) [PSYoungGen: 2440967K->309005K(2455552K)] 4873634K->2786902K(8048128K), 0.0633223 secs] [Times: user=0.17 sys=0.11, real=0.07 secs] 
2021-01-19T13:47:20.102-0800: 545.867: [GC (Allocation Failure) [PSYoungGen: 2425613K->325856K(2456064K)] 4903510K->2844198K(8048640K), 0.0585829 secs] [Times: user=0.19 sys=0.10, real=0.06 secs] 
2021-01-19T13:47:20.436-0800: 546.202: [GC (Allocation Failure) [PSYoungGen: 2441952K->319667K(2456064K)] 4960294K->2881305K(8048640K), 0.0602289 secs] [Times: user=0.20 sys=0.07, real=0.06 secs] 
2021-01-19T13:47:20.774-0800: 546.539: [GC (Allocation Failure) [PSYoungGen: 2435763K->311720K(2456576K)] 4997401K->2911696K(8049152K), 0.0516456 secs] [Times: user=0.22 sys=0.07, real=0.05 secs] 
2021-01-19T13:47:21.104-0800: 546.870: [GC (Allocation Failure) [PSYoungGen: 2429864K->330958K(2449408K)] 5029840K->2976682K(8041984K), 0.0728720 secs] [Times: user=0.20 sys=0.15, real=0.07 secs] 
2021-01-19T13:47:21.442-0800: 547.207: [GC (Allocation Failure) [PSYoungGen: 2449102K->316516K(2456064K)] 5094826K->3011090K(8048640K), 0.0779107 secs] [Times: user=0.18 sys=0.13, real=0.08 secs] 
2021-01-19T13:47:21.812-0800: 547.578: [GC (Allocation Failure) [PSYoungGen: 2432100K->334839K(2450432K)] 5126674K->3071297K(8043008K), 0.0624821 secs] [Times: user=0.24 sys=0.10, real=0.06 secs] 
2021-01-19T13:47:22.164-0800: 547.930: [GC (Allocation Failure) [PSYoungGen: 2450423K->320398K(2454528K)] 5186881K->3103891K(8047104K), 0.0756323 secs] [Times: user=0.18 sys=0.14, real=0.08 secs] 
2021-01-19T13:47:22.547-0800: 548.312: [GC (Allocation Failure) [PSYoungGen: 2431886K->322624K(2452992K)] 5215379K->3151669K(8045568K), 0.0802471 secs] [Times: user=0.19 sys=0.12, real=0.08 secs] 
2021-01-19T13:47:22.904-0800: 548.669: [GC (Allocation Failure) [PSYoungGen: 2434112K->318632K(2457600K)] 5263157K->3196892K(8050176K), 0.0830775 secs] [Times: user=0.18 sys=0.17, real=0.08 secs] 
2021-01-19T13:47:23.271-0800: 549.036: [GC (Allocation Failure) [PSYoungGen: 2436776K->317468K(2456576K)] 5315036K->3238061K(8049152K), 0.0690468 secs] [Times: user=0.17 sys=0.08, real=0.07 secs] 
2021-01-19T13:47:23.622-0800: 549.387: [GC (Allocation Failure) [PSYoungGen: 2435612K->319993K(2459648K)] 5356205K->3284132K(8052224K), 0.0806108 secs] [Times: user=0.18 sys=0.09, real=0.08 secs] 
2021-01-19T13:47:23.999-0800: 549.765: [GC (Allocation Failure) [PSYoungGen: 2441721K->328812K(2458112K)] 5405860K->3343612K(8050688K), 0.0872954 secs] [Times: user=0.19 sys=0.13, real=0.09 secs] 
2021-01-19T13:47:24.379-0800: 550.145: [GC (Allocation Failure) [PSYoungGen: 2450540K->322332K(2459648K)] 5465340K->3382145K(8052224K), 0.0720200 secs] [Times: user=0.19 sys=0.15, real=0.08 secs] 
2021-01-19T13:47:24.732-0800: 550.498: [GC (Allocation Failure) [PSYoungGen: 2444060K->320440K(2458112K)] 5503873K->3429653K(8050688K), 0.0728241 secs] [Times: user=0.19 sys=0.18, real=0.07 secs] 
2021-01-19T13:47:25.078-0800: 550.843: [GC (Allocation Failure) [PSYoungGen: 2442168K->335357K(2421760K)] 5551381K->3487211K(8014336K), 0.0823239 secs] [Times: user=0.20 sys=0.13, real=0.09 secs] 
2021-01-19T13:47:25.494-0800: 551.259: [GC (Allocation Failure) [PSYoungGen: 2421757K->310343K(2441216K)] 5573611K->3509858K(8033792K), 0.0625541 secs] [Times: user=0.18 sys=0.15, real=0.06 secs] 
2021-01-19T13:47:25.841-0800: 551.607: [GC (Allocation Failure) [PSYoungGen: 2396743K->309735K(2441216K)] 5596258K->3550849K(8033792K), 0.0616846 secs] [Times: user=0.20 sys=0.07, real=0.06 secs] 
2021-01-19T13:47:26.193-0800: 551.958: [GC (Allocation Failure) [PSYoungGen: 2396135K->321847K(2441216K)] 5637249K->3606960K(8033792K), 0.0517891 secs] [Times: user=0.26 sys=0.01, real=0.05 secs] 
2021-01-19T13:47:26.538-0800: 552.304: [GC (Allocation Failure) [PSYoungGen: 2408247K->331144K(2443776K)] 5693360K->3662215K(8036352K), 0.0542428 secs] [Times: user=0.26 sys=0.00, real=0.06 secs] 
2021-01-19T13:47:26.897-0800: 552.662: [GC (Allocation Failure) [PSYoungGen: 2422664K->326111K(2443776K)] 5753735K->3701224K(8036352K), 0.0520754 secs] [Times: user=0.30 sys=0.01, real=0.05 secs] 
2021-01-19T13:47:27.222-0800: 552.987: [GC (Allocation Failure) [PSYoungGen: 2417631K->330620K(2446848K)] 5792744K->3752161K(8039424K), 0.0535386 secs] [Times: user=0.30 sys=0.01, real=0.05 secs] 
2021-01-19T13:47:27.567-0800: 553.332: [GC (Allocation Failure) [PSYoungGen: 2427772K->323391K(2446336K)] 5849313K->3791405K(8038912K), 0.0507916 secs] [Times: user=0.31 sys=0.00, real=0.05 secs] 
2021-01-19T13:47:27.911-0800: 553.676: [GC (Allocation Failure) [PSYoungGen: 2420543K->306149K(2446336K)] 5888557K->3818354K(8038912K), 0.0517744 secs] [Times: user=0.26 sys=0.00, real=0.05 secs] 
2021-01-19T13:47:28.258-0800: 554.023: [GC (Allocation Failure) [PSYoungGen: 2404837K->333899K(2433024K)] 5917042K->3884034K(8025600K), 0.0503461 secs] [Times: user=0.32 sys=0.00, real=0.05 secs] 
2021-01-19T13:47:28.586-0800: 554.351: [GC (Allocation Failure) [PSYoungGen: 2432587K->340539K(2439168K)] 5982722K->3937355K(8031744K), 0.0541829 secs] [Times: user=0.31 sys=0.00, real=0.06 secs] 
2021-01-19T13:47:28.920-0800: 554.686: [GC (Allocation Failure) [PSYoungGen: 2430011K->330500K(2442752K)] 6026827K->3969926K(8035328K), 0.0506049 secs] [Times: user=0.35 sys=0.01, real=0.05 secs] 
2021-01-19T13:47:29.248-0800: 555.013: [GC (Allocation Failure) [PSYoungGen: 2419972K->307859K(2442752K)] 6059398K->4001061K(8035328K), 0.0490968 secs] [Times: user=0.31 sys=0.00, real=0.05 secs] 
2021-01-19T13:47:29.566-0800: 555.331: [GC (Allocation Failure) [PSYoungGen: 2398355K->325350K(2443264K)] 6091557K->4065257K(8035840K), 0.0530248 secs] [Times: user=0.34 sys=0.00, real=0.05 secs] 
2021-01-19T13:47:29.899-0800: 555.665: [GC (Allocation Failure) [PSYoungGen: 2415846K->325289K(2447872K)] 6155753K->4108311K(8040448K), 0.0503411 secs] [Times: user=0.36 sys=0.01, real=0.06 secs] 
2021-01-19T13:47:30.262-0800: 556.028: [GC (Allocation Failure) [PSYoungGen: 2422953K->320334K(2445824K)] 6205975K->4145478K(8038400K), 0.0493415 secs] [Times: user=0.35 sys=0.01, real=0.05 secs] 
2021-01-19T13:47:30.589-0800: 556.355: [GC (Allocation Failure) [PSYoungGen: 2417998K->325585K(2451456K)] 6243142K->4196860K(8044032K), 0.0522712 secs] [Times: user=0.30 sys=0.00, real=0.06 secs] 
2021-01-19T13:47:30.923-0800: 556.688: [GC (Allocation Failure) [PSYoungGen: 2430417K->327517K(2449408K)] 6301692K->4246807K(8041984K), 0.0548539 secs] [Times: user=0.35 sys=0.00, real=0.05 secs] 
2021-01-19T13:47:31.271-0800: 557.036: [GC (Allocation Failure) [PSYoungGen: 2432349K->328875K(2452480K)] 6351639K->4297793K(8045056K), 0.0558476 secs] [Times: user=0.27 sys=0.00, real=0.05 secs] 
2021-01-19T13:47:31.633-0800: 557.399: [GC (Allocation Failure) [PSYoungGen: 2437291K->312858K(2451968K)] 6406209K->4326744K(8044544K), 0.0540854 secs] [Times: user=0.31 sys=0.00, real=0.06 secs] 
2021-01-19T13:47:31.972-0800: 557.738: [GC (Allocation Failure) [PSYoungGen: 2421274K->336981K(2446848K)] 6435160K->4393784K(8039424K), 0.0585380 secs] [Times: user=0.31 sys=0.00, real=0.06 secs] 
2021-01-19T13:47:32.318-0800: 558.084: [GC (Allocation Failure) [PSYoungGen: 2439765K->319348K(2449408K)] 6496568K->4415616K(8041984K), 0.0533787 secs] [Times: user=0.29 sys=0.00, real=0.06 secs] 
2021-01-19T13:47:32.650-0800: 558.415: [GC (Allocation Failure) [PSYoungGen: 2422132K->338929K(2444288K)] 6518400K->4477402K(8036864K), 0.0578569 secs] [Times: user=0.34 sys=0.00, real=0.05 secs] 
2021-01-19T13:47:32.986-0800: 558.751: [GC (Allocation Failure) [PSYoungGen: 2437617K->311870K(2411008K)] 6576090K->4493182K(8003584K), 0.0503765 secs] [Times: user=0.33 sys=0.00, real=0.05 secs] 
2021-01-19T13:47:33.321-0800: 559.086: [GC (Allocation Failure) [PSYoungGen: 2410558K->319786K(2448896K)] 6591870K->4542318K(8041472K), 0.0541142 secs] [Times: user=0.28 sys=0.01, real=0.05 secs] 
2021-01-19T13:47:33.659-0800: 559.424: [GC (Allocation Failure) [PSYoungGen: 2419498K->316330K(2446848K)] 6642030K->4586229K(8039424K), 0.0541960 secs] [Times: user=0.31 sys=0.01, real=0.06 secs] 
2021-01-19T13:47:34.017-0800: 559.782: [GC (Allocation Failure) [PSYoungGen: 2416042K->320498K(2451456K)] 6685941K->4637484K(8044032K), 0.0572366 secs] [Times: user=0.27 sys=0.01, real=0.06 secs] 
2021-01-19T13:47:34.461-0800: 560.227: [GC (Allocation Failure) [PSYoungGen: 2425330K->329998K(2449408K)] 6742316K->4689858K(8041984K), 0.0561492 secs] [Times: user=0.35 sys=0.01, real=0.05 secs] 
2021-01-19T13:47:34.806-0800: 560.571: [GC (Allocation Failure) [PSYoungGen: 2434830K->328657K(2451456K)] 6794690K->4729926K(8044032K), 0.0540603 secs] [Times: user=0.27 sys=0.01, real=0.06 secs] 
2021-01-19T13:47:35.128-0800: 560.893: [GC (Allocation Failure) [PSYoungGen: 2435025K->324899K(2450944K)] 6836294K->4766719K(8043520K), 0.0521539 secs] [Times: user=0.28 sys=0.00, real=0.06 secs] 
2021-01-19T13:47:35.459-0800: 561.225: [GC (Allocation Failure) [PSYoungGen: 2431267K->334118K(2449920K)] 6873087K->4813055K(8042496K), 0.0584190 secs] [Times: user=0.23 sys=0.00, real=0.06 secs] 
2021-01-19T13:47:35.831-0800: 561.597: [GC (Allocation Failure) [PSYoungGen: 2440998K->325004K(2451456K)] 6919935K->4847960K(8044032K), 0.0664059 secs] [Times: user=0.21 sys=0.00, real=0.06 secs] 
2021-01-19T13:47:36.198-0800: 561.964: [GC (Allocation Failure) [PSYoungGen: 2431884K->332483K(2450944K)] 6954840K->4894179K(8043520K), 0.0554019 secs] [Times: user=0.29 sys=0.00, real=0.06 secs] 
2021-01-19T13:47:36.531-0800: 562.297: [GC (Allocation Failure) [PSYoungGen: 2440387K->335953K(2444288K)] 7002083K->4934960K(8036864K), 0.0551214 secs] [Times: user=0.34 sys=0.01, real=0.05 secs] 
2021-01-19T13:47:36.877-0800: 562.643: [GC (Allocation Failure) [PSYoungGen: 2443857K->313128K(2449408K)] 7042864K->4955475K(8041984K), 0.0521333 secs] [Times: user=0.35 sys=0.01, real=0.05 secs] 
2021-01-19T13:47:37.212-0800: 562.978: [GC (Allocation Failure) [PSYoungGen: 2416936K->324943K(2449920K)] 7059283K->5003978K(8042496K), 0.0519565 secs] [Times: user=0.36 sys=0.00, real=0.05 secs] 
2021-01-19T13:47:37.539-0800: 563.305: [GC (Allocation Failure) [PSYoungGen: 2428751K->325196K(2453504K)] 7107786K->5051700K(8046080K), 0.0537019 secs] [Times: user=0.37 sys=0.01, real=0.06 secs] 
2021-01-19T13:47:37.872-0800: 563.637: [GC (Allocation Failure) [PSYoungGen: 2434124K->328419K(2451456K)] 7160628K->5099560K(8044032K), 0.0597220 secs] [Times: user=0.31 sys=0.01, real=0.06 secs] 
2021-01-19T13:47:38.209-0800: 563.974: [GC (Allocation Failure) [PSYoungGen: 2437347K->331294K(2452992K)] 7208488K->5146629K(8045568K), 0.0600956 secs] [Times: user=0.30 sys=0.01, real=0.06 secs] 
2021-01-19T13:47:38.551-0800: 564.317: [GC (Allocation Failure) [PSYoungGen: 2442270K->333114K(2444288K)] 7257605K->5194394K(8036864K), 0.0530262 secs] [Times: user=0.37 sys=0.00, real=0.05 secs] 
2021-01-19T13:47:38.898-0800: 564.664: [GC (Allocation Failure) [PSYoungGen: 2444090K->335678K(2449408K)] 7305370K->5250346K(8041984K), 0.0497279 secs] [Times: user=0.34 sys=0.00, real=0.05 secs] 
2021-01-19T13:47:39.210-0800: 564.976: [GC (Allocation Failure) [PSYoungGen: 2441534K->322778K(2450944K)] 7356202K->5281768K(8043520K), 0.0545974 secs] [Times: user=0.38 sys=0.00, real=0.05 secs] 
2021-01-19T13:47:39.550-0800: 565.316: [GC (Allocation Failure) [PSYoungGen: 2428634K->343139K(2443776K)] 7387624K->5342178K(8036352K), 0.0566992 secs] [Times: user=0.40 sys=0.00, real=0.05 secs] 
2021-01-19T13:47:39.887-0800: 565.653: [GC (Allocation Failure) [PSYoungGen: 2442851K->327631K(2447872K)] 7441890K->5372739K(8040448K), 0.0533289 secs] [Times: user=0.36 sys=0.01, real=0.06 secs] 
2021-01-19T13:47:40.221-0800: 565.987: [GC (Allocation Failure) [PSYoungGen: 2427343K->332821K(2449920K)] 7472451K->5419712K(8042496K), 0.0543305 secs] [Times: user=0.35 sys=0.00, real=0.05 secs] 
2021-01-19T13:47:40.553-0800: 566.319: [GC (Allocation Failure) [PSYoungGen: 2436117K->318615K(2449408K)] 7523008K->5456894K(8041984K), 0.0537448 secs] [Times: user=0.38 sys=0.01, real=0.05 secs] 
2021-01-19T13:47:40.893-0800: 566.658: [GC (Allocation Failure) [PSYoungGen: 2421911K->318313K(2449920K)] 7560190K->5494627K(8042496K), 0.0535683 secs] [Times: user=0.39 sys=0.00, real=0.05 secs] 
2021-01-19T13:47:41.232-0800: 566.997: [GC (Allocation Failure) [PSYoungGen: 2421609K->329988K(2449408K)] 7597923K->5544885K(8041984K), 0.0537038 secs] [Times: user=0.37 sys=0.01, real=0.05 secs] 
2021-01-19T13:47:41.573-0800: 567.339: [GC (Allocation Failure) [PSYoungGen: 2433284K->331240K(2450944K)] 7648181K->5592234K(8043520K), 0.0537735 secs] [Times: user=0.28 sys=0.01, real=0.05 secs] 
2021-01-19T13:47:41.936-0800: 567.702: [GC (Allocation Failure) [PSYoungGen: 2436584K->327873K(2450432K)] 7697578K->5634107K(8043008K), 0.0503658 secs] [Times: user=0.31 sys=0.00, real=0.05 secs] 
2021-01-19T13:47:42.275-0800: 568.041: [GC (Allocation Failure) [PSYoungGen: 2433217K->332613K(2452480K)] 7739451K->5680215K(8045056K), 0.0533300 secs] [Times: user=0.38 sys=0.01, real=0.05 secs] 
2021-01-19T13:47:42.610-0800: 568.376: [GC (Allocation Failure) [PSYoungGen: 2441541K->321602K(2452480K)] 7789143K->5706205K(8045056K), 0.0525756 secs] [Times: user=0.37 sys=0.00, real=0.05 secs] 
2021-01-19T13:47:42.940-0800: 568.705: [GC (Allocation Failure) [PSYoungGen: 2430530K->324260K(2453504K)] 7815133K->5752014K(8046080K), 0.0550810 secs] [Times: user=0.40 sys=0.01, real=0.05 secs] 
2021-01-19T13:47:43.271-0800: 569.036: [GC (Allocation Failure) [PSYoungGen: 2434724K->335654K(2446336K)] 7862478K->5807110K(8038912K), 0.0549929 secs] [Times: user=0.40 sys=0.00, real=0.05 secs] 
2021-01-19T13:47:43.613-0800: 569.378: [GC (Allocation Failure) [PSYoungGen: 2446118K->317352K(2451968K)] 7917574K->5835287K(8044544K), 0.0535327 secs] [Times: user=0.40 sys=0.00, real=0.05 secs] 
2021-01-19T13:47:43.948-0800: 569.713: [GC (Allocation Failure) [PSYoungGen: 2425256K->333500K(2441728K)] 7943191K->5891840K(8034304K), 0.0569692 secs] [Times: user=0.37 sys=0.03, real=0.06 secs] 
2021-01-19T13:47:44.005-0800: 569.770: [Full GC (Ergonomics) [PSYoungGen: 333500K->0K(2441728K)] [ParOldGen: 5558339K->381960K(5592576K)] 5891840K->381960K(8034304K), [Metaspace: 2589K->2589K(1056768K)], 0.0900987 secs] [Times: user=0.39 sys=0.02, real=0.09 secs] 
2021-01-19T13:47:44.368-0800: 570.134: [GC (Allocation Failure) [PSYoungGen: 2107904K->336290K(2447872K)] 2489864K->718250K(8040448K), 0.0383018 secs] [Times: user=0.27 sys=0.01, real=0.04 secs] 
2021-01-19T13:47:44.680-0800: 570.446: [GC (Allocation Failure) [PSYoungGen: 2439074K->333437K(2449408K)] 2821034K->753339K(8041984K), 0.0422310 secs] [Times: user=0.30 sys=0.00, real=0.04 secs] 
2021-01-19T13:47:45.019-0800: 570.784: [GC (Allocation Failure) [PSYoungGen: 2436221K->325438K(2450944K)] 2856123K->797246K(8043520K), 0.0426567 secs] [Times: user=0.30 sys=0.01, real=0.05 secs] 
2021-01-19T13:47:45.334-0800: 571.100: [GC (Allocation Failure) [PSYoungGen: 2429758K->320122K(2449408K)] 2901566K->842551K(8041984K), 0.0421624 secs] [Times: user=0.31 sys=0.00, real=0.04 secs] 
2021-01-19T13:47:45.658-0800: 571.424: [GC (Allocation Failure) [PSYoungGen: 2424442K->315039K(2449920K)] 2946871K->885669K(8042496K), 0.0428541 secs] [Times: user=0.28 sys=0.00, real=0.05 secs] 
2021-01-19T13:47:45.983-0800: 571.749: [GC (Allocation Failure) [PSYoungGen: 2419871K->299003K(2403840K)] 2990501K->909762K(7996416K), 0.0396282 secs] [Times: user=0.25 sys=0.00, real=0.04 secs] 
2021-01-19T13:47:46.313-0800: 572.079: [GC (Allocation Failure) [PSYoungGen: 2403835K->327254K(2448896K)] 3014594K->979825K(8041472K), 0.0426357 secs] [Times: user=0.30 sys=0.00, real=0.04 secs] 
2021-01-19T13:47:46.638-0800: 572.404: [GC (Allocation Failure) [PSYoungGen: 2427478K->332919K(2447360K)] 3080049K->1031922K(8039936K), 0.0437266 secs] [Times: user=0.31 sys=0.00, real=0.05 secs] 
2021-01-19T13:47:46.961-0800: 572.727: [GC (Allocation Failure) [PSYoungGen: 2433143K->323262K(2449920K)] 3132146K->1068387K(8042496K), 0.0445865 secs] [Times: user=0.25 sys=0.00, real=0.04 secs] 
2021-01-19T13:47:47.302-0800: 573.068: [GC (Allocation Failure) [PSYoungGen: 2425022K->322392K(2447872K)] 3170147K->1117744K(8040448K), 0.0428278 secs] [Times: user=0.30 sys=0.01, real=0.04 secs] 
2021-01-19T13:47:47.630-0800: 573.396: [GC (Allocation Failure) [PSYoungGen: 2424152K->318881K(2452480K)] 3219504K->1166409K(8045056K), 0.0429492 secs] [Times: user=0.31 sys=0.00, real=0.04 secs] 
2021-01-19T13:47:47.956-0800: 573.721: [GC (Allocation Failure) [PSYoungGen: 2426785K->330797K(2451456K)] 3274313K->1215726K(8044032K), 0.0427050 secs] [Times: user=0.30 sys=0.00, real=0.04 secs] 
2021-01-19T13:47:48.273-0800: 574.039: [GC (Allocation Failure) [PSYoungGen: 2438701K->319579K(2452992K)] 3323630K->1247884K(8045568K), 0.0433588 secs] [Times: user=0.27 sys=0.01, real=0.04 secs] 
2021-01-19T13:47:48.604-0800: 574.369: [GC (Allocation Failure) [PSYoungGen: 2428507K->333201K(2442240K)] 3356812K->1309175K(8034816K), 0.0457881 secs] [Times: user=0.32 sys=0.00, real=0.05 secs] 
2021-01-19T13:47:48.924-0800: 574.690: [GC (Allocation Failure) [PSYoungGen: 2442129K->326331K(2452992K)] 3418103K->1342803K(8045568K), 0.0403091 secs] [Times: user=0.28 sys=0.01, real=0.04 secs] 
2021-01-19T13:47:49.233-0800: 574.998: [GC (Allocation Failure) [PSYoungGen: 2434747K->317798K(2451456K)] 3451219K->1374871K(8044032K), 0.0417982 secs] [Times: user=0.28 sys=0.00, real=0.04 secs] 
2021-01-19T13:47:49.559-0800: 575.325: [GC (Allocation Failure) [PSYoungGen: 2426214K->324441K(2455040K)] 3483287K->1425867K(8047616K), 0.0431359 secs] [Times: user=0.26 sys=0.00, real=0.05 secs] 
2021-01-19T13:47:49.891-0800: 575.657: [GC (Allocation Failure) [PSYoungGen: 2436953K->308994K(2453504K)] 3538379K->1451557K(8046080K), 0.0434938 secs] [Times: user=0.27 sys=0.01, real=0.04 secs] 
2021-01-19T13:47:50.212-0800: 575.978: [GC (Allocation Failure) [PSYoungGen: 2421506K->334359K(2449920K)] 3564069K->1524216K(8042496K), 0.0458457 secs] [Times: user=0.30 sys=0.00, real=0.04 secs] 
2021-01-19T13:47:50.528-0800: 576.293: [GC (Allocation Failure) [PSYoungGen: 2442263K->335288K(2443264K)] 3632120K->1572330K(8035840K), 0.0455512 secs] [Times: user=0.32 sys=0.01, real=0.05 secs] 
2021-01-19T13:47:50.858-0800: 576.623: [GC (Allocation Failure) [PSYoungGen: 2443192K->321494K(2450944K)] 3680234K->1605146K(8043520K), 0.0437764 secs] [Times: user=0.31 sys=0.00, real=0.05 secs] 
2021-01-19T13:47:51.181-0800: 576.947: [GC (Allocation Failure) [PSYoungGen: 2426326K->325365K(2449920K)] 3709978K->1654183K(8042496K), 0.0440935 secs] [Times: user=0.28 sys=0.00, real=0.04 secs] 
2021-01-19T13:47:51.503-0800: 577.269: [GC (Allocation Failure) [PSYoungGen: 2430197K->308141K(2450944K)] 3759015K->1687565K(8043520K), 0.0430433 secs] [Times: user=0.29 sys=0.01, real=0.04 secs] 
2021-01-19T13:47:51.821-0800: 577.586: [GC (Allocation Failure) [PSYoungGen: 2416045K->316703K(2451968K)] 3795469K->1737735K(8044544K), 0.0436706 secs] [Times: user=0.28 sys=0.00, real=0.04 secs] 
2021-01-19T13:47:52.141-0800: 577.907: [GC (Allocation Failure) [PSYoungGen: 2424607K->328058K(2452992K)] 3845639K->1793000K(8045568K), 0.0449154 secs] [Times: user=0.31 sys=0.01, real=0.04 secs] 
2021-01-19T13:47:52.467-0800: 578.233: [GC (Allocation Failure) [PSYoungGen: 2438010K->320044K(2452992K)] 3902952K->1835924K(8045568K), 0.0450936 secs] [Times: user=0.30 sys=0.00, real=0.05 secs] 
2021-01-19T13:47:52.788-0800: 578.553: [GC (Allocation Failure) [PSYoungGen: 2429996K->337377K(2447360K)] 3945876K->1893234K(8039936K), 0.0464375 secs] [Times: user=0.33 sys=0.00, real=0.05 secs] 
2021-01-19T13:47:53.112-0800: 578.878: [GC (Allocation Failure) [PSYoungGen: 2443233K->322554K(2450944K)] 3999090K->1916940K(8043520K), 0.0441440 secs] [Times: user=0.28 sys=0.01, real=0.04 secs] 
2021-01-19T13:47:53.440-0800: 579.206: [GC (Allocation Failure) [PSYoungGen: 2428410K->334761K(2448384K)] 4022796K->1967041K(8040960K), 0.0456718 secs] [Times: user=0.30 sys=0.00, real=0.04 secs] 
2021-01-19T13:47:53.766-0800: 579.532: [GC (Allocation Failure) [PSYoungGen: 2439593K->332984K(2438144K)] 4071873K->2011143K(8030720K), 0.0483446 secs] [Times: user=0.29 sys=0.01, real=0.05 secs] 
2021-01-19T13:47:54.089-0800: 579.855: [GC (Allocation Failure) [PSYoungGen: 2437816K->323761K(2451456K)] 4115975K->2041935K(8044032K), 0.0410742 secs] [Times: user=0.30 sys=0.00, real=0.05 secs] 
2021-01-19T13:47:54.417-0800: 580.183: [GC (Allocation Failure) [PSYoungGen: 2428593K->333581K(2449408K)] 4146767K->2093919K(8041984K), 0.0422146 secs] [Times: user=0.30 sys=0.00, real=0.05 secs] 
2021-01-19T13:47:54.724-0800: 580.489: [GC (Allocation Failure) [PSYoungGen: 2438413K->326817K(2451968K)] 4198751K->2125128K(8044544K), 0.0455892 secs] [Times: user=0.32 sys=0.00, real=0.04 secs] 
2021-01-19T13:47:55.052-0800: 580.818: [GC (Allocation Failure) [PSYoungGen: 2433185K->327869K(2450432K)] 4231496K->2163959K(8043008K), 0.0464503 secs] [Times: user=0.32 sys=0.00, real=0.04 secs] 
2021-01-19T13:47:55.379-0800: 581.145: [GC (Allocation Failure) [PSYoungGen: 2434237K->312637K(2451456K)] 4270327K->2195511K(8044032K), 0.0442260 secs] [Times: user=0.27 sys=0.01, real=0.05 secs] 
2021-01-19T13:47:55.705-0800: 581.471: [GC (Allocation Failure) [PSYoungGen: 2421565K->326003K(2452480K)] 4304439K->2252495K(8045056K), 0.0465338 secs] [Times: user=0.28 sys=0.00, real=0.05 secs] 
2021-01-19T13:47:56.045-0800: 581.810: [GC (Allocation Failure) [PSYoungGen: 2434931K->325608K(2455552K)] 4361423K->2291780K(8048128K), 0.0466567 secs] [Times: user=0.28 sys=0.00, real=0.05 secs] 
2021-01-19T13:47:56.382-0800: 582.148: [GC (Allocation Failure) [PSYoungGen: 2439144K->336276K(2449920K)] 4405316K->2339468K(8042496K), 0.0465679 secs] [Times: user=0.31 sys=0.01, real=0.04 secs] 
2021-01-19T13:47:56.719-0800: 582.485: [GC (Allocation Failure) [PSYoungGen: 2449812K->310180K(2450944K)] 4453004K->2358349K(8043520K), 0.0404142 secs] [Times: user=0.28 sys=0.00, real=0.04 secs] 
2021-01-19T13:47:57.032-0800: 582.797: [GC (Allocation Failure) [PSYoungGen: 2418084K->311320K(2419712K)] 4466253K->2404336K(8012288K), 0.0441312 secs] [Times: user=0.30 sys=0.01, real=0.04 secs] 
2021-01-19T13:47:57.364-0800: 583.130: [GC (Allocation Failure) [PSYoungGen: 2419224K->315173K(2451968K)] 4512240K->2444837K(8044544K), 0.0435314 secs] [Times: user=0.29 sys=0.00, real=0.04 secs] 
2021-01-19T13:47:57.702-0800: 583.468: [GC (Allocation Failure) [PSYoungGen: 2422565K->329524K(2451456K)] 4552229K->2498883K(8044032K), 0.0459939 secs] [Times: user=0.33 sys=0.01, real=0.04 secs] 
2021-01-19T13:47:58.032-0800: 583.797: [GC (Allocation Failure) [PSYoungGen: 2436916K->321911K(2453504K)] 4606275K->2534001K(8046080K), 0.0421958 secs] [Times: user=0.28 sys=0.00, real=0.04 secs] 
2021-01-19T13:47:58.369-0800: 584.135: [GC (Allocation Failure) [PSYoungGen: 2430839K->327904K(2451456K)] 4642929K->2586391K(8044032K), 0.0415606 secs] [Times: user=0.25 sys=0.00, real=0.05 secs] 
2021-01-19T13:47:58.663-0800: 584.429: [GC (Allocation Failure) [PSYoungGen: 2436832K->323844K(2455552K)] 4695319K->2628051K(8048128K), 0.0410070 secs] [Times: user=0.25 sys=0.00, real=0.04 secs] 
2021-01-19T13:47:58.945-0800: 584.711: [GC (Allocation Failure) [PSYoungGen: 2436868K->317711K(2453504K)] 4741075K->2665224K(8046080K), 0.0402918 secs] [Times: user=0.25 sys=0.01, real=0.04 secs] 
2021-01-19T13:47:59.232-0800: 584.998: [GC (Allocation Failure) [PSYoungGen: 2430735K->326402K(2456576K)] 4778248K->2715713K(8049152K), 0.0419733 secs] [Times: user=0.25 sys=0.00, real=0.04 secs] 
2021-01-19T13:47:59.546-0800: 585.312: [GC (Allocation Failure) [PSYoungGen: 2443010K->338367K(2455040K)] 4832321K->2777286K(8047616K), 0.0436726 secs] [Times: user=0.27 sys=0.01, real=0.05 secs] 
2021-01-19T13:47:59.863-0800: 585.629: [GC (Allocation Failure) [PSYoungGen: 2454975K->331051K(2448896K)] 4893894K->2818579K(8041472K), 0.0445774 secs] [Times: user=0.27 sys=0.00, real=0.04 secs] 
2021-01-19T13:48:00.192-0800: 585.958: [GC (Allocation Failure) [PSYoungGen: 2438955K->316762K(2451968K)] 4926483K->2849621K(8044544K), 0.0459601 secs] [Times: user=0.31 sys=0.00, real=0.04 secs] 
2021-01-19T13:48:00.507-0800: 586.272: [GC (Allocation Failure) [PSYoungGen: 2424666K->326848K(2453504K)] 4957525K->2900472K(8046080K), 0.0480143 secs] [Times: user=0.28 sys=0.01, real=0.05 secs] 
2021-01-19T13:48:00.846-0800: 586.612: [GC (Allocation Failure) [PSYoungGen: 2436800K->317402K(2452480K)] 5010424K->2938943K(8045056K), 0.0463213 secs] [Times: user=0.31 sys=0.00, real=0.05 secs] 
2021-01-19T13:48:01.161-0800: 586.927: [GC (Allocation Failure) [PSYoungGen: 2427354K->328168K(2454016K)] 5048895K->2995215K(8046592K), 0.0475264 secs] [Times: user=0.33 sys=0.01, real=0.04 secs] 
2021-01-19T13:48:01.474-0800: 587.240: [GC (Allocation Failure) [PSYoungGen: 2440168K->318183K(2454016K)] 5107215K->3026351K(8046592K), 0.0547703 secs] [Times: user=0.28 sys=0.00, real=0.05 secs] 
2021-01-19T13:48:01.813-0800: 587.578: [GC (Allocation Failure) [PSYoungGen: 2430183K->312769K(2454016K)] 5138351K->3061900K(8046592K), 0.0485979 secs] [Times: user=0.33 sys=0.00, real=0.05 secs] 
2021-01-19T13:48:02.142-0800: 587.908: [GC (Allocation Failure) [PSYoungGen: 2425793K->326569K(2454528K)] 5174924K->3117800K(8047104K), 0.0485277 secs] [Times: user=0.35 sys=0.00, real=0.05 secs] 
2021-01-19T13:48:02.474-0800: 588.239: [GC (Allocation Failure) [PSYoungGen: 2439593K->332437K(2451968K)] 5230824K->3169117K(8044544K), 0.0505475 secs] [Times: user=0.28 sys=0.00, real=0.05 secs] 
2021-01-19T13:48:02.808-0800: 588.574: [GC (Allocation Failure) [PSYoungGen: 2443413K->324744K(2453504K)] 5280093K->3207083K(8046080K), 0.0494766 secs] [Times: user=0.36 sys=0.01, real=0.05 secs] 
2021-01-19T13:48:03.127-0800: 588.893: [GC (Allocation Failure) [PSYoungGen: 2435720K->321259K(2456064K)] 5318059K->3243329K(8048640K), 0.0469651 secs] [Times: user=0.33 sys=0.00, real=0.05 secs] 
2021-01-19T13:48:03.443-0800: 589.209: [GC (Allocation Failure) [PSYoungGen: 2436331K->329467K(2455040K)] 5358401K->3293433K(8047616K), 0.0480016 secs] [Times: user=0.33 sys=0.01, real=0.05 secs] 
2021-01-19T13:48:03.779-0800: 589.545: [GC (Allocation Failure) [PSYoungGen: 2444539K->324793K(2457088K)] 5408505K->3329133K(8049664K), 0.0494072 secs] [Times: user=0.29 sys=0.00, real=0.05 secs] 
2021-01-19T13:48:04.104-0800: 589.870: [GC (Allocation Failure) [PSYoungGen: 2441401K->311286K(2455552K)] 5445741K->3359278K(8048128K), 0.0458217 secs] [Times: user=0.29 sys=0.01, real=0.05 secs] 
2021-01-19T13:48:04.399-0800: 590.164: [GC (Allocation Failure) [PSYoungGen: 2427894K->327001K(2456576K)] 5475886K->3420352K(8049152K), 0.0468757 secs] [Times: user=0.29 sys=0.00, real=0.05 secs] 
2021-01-19T13:48:04.705-0800: 590.471: [GC (Allocation Failure) [PSYoungGen: 2443609K->320816K(2456064K)] 5536960K->3455813K(8048640K), 0.0477209 secs] [Times: user=0.31 sys=0.01, real=0.05 secs] 
2021-01-19T13:48:05.000-0800: 590.766: [GC (Allocation Failure) [PSYoungGen: 2437424K->319951K(2458624K)] 5572421K->3492618K(8051200K), 0.0476594 secs] [Times: user=0.27 sys=0.00, real=0.04 secs] 
2021-01-19T13:48:05.310-0800: 591.076: [GC (Allocation Failure) [PSYoungGen: 2440143K->328523K(2457600K)] 5612810K->3544597K(8050176K), 0.0489335 secs] [Times: user=0.30 sys=0.01, real=0.04 secs] 
2021-01-19T13:48:05.634-0800: 591.400: [GC (Allocation Failure) [PSYoungGen: 2448715K->326743K(2458112K)] 5664789K->3586165K(8050688K), 0.0472527 secs] [Times: user=0.28 sys=0.00, real=0.05 secs] 
2021-01-19T13:48:05.942-0800: 591.708: [GC (Allocation Failure) [PSYoungGen: 2446935K->329712K(2449920K)] 5706357K->3634314K(8042496K), 0.0487317 secs] [Times: user=0.31 sys=0.00, real=0.05 secs] 
2021-01-19T13:48:06.264-0800: 592.030: [GC (Allocation Failure) [PSYoungGen: 2449904K->311976K(2456064K)] 5754506K->3666809K(8048640K), 0.0465762 secs] [Times: user=0.29 sys=0.00, real=0.05 secs] 
2021-01-19T13:48:06.569-0800: 592.335: [GC (Allocation Failure) [PSYoungGen: 2429096K->325698K(2456576K)] 5783929K->3722059K(8049152K), 0.0488833 secs] [Times: user=0.30 sys=0.00, real=0.05 secs] 
2021-01-19T13:48:06.885-0800: 592.651: [GC (Allocation Failure) [PSYoungGen: 2442818K->314459K(2457088K)] 5839179K->3759828K(8049664K), 0.0506151 secs] [Times: user=0.32 sys=0.00, real=0.05 secs] 
2021-01-19T13:48:07.241-0800: 593.007: [GC (Allocation Failure) [PSYoungGen: 2432603K->313577K(2457088K)] 5877972K->3803115K(8049664K), 0.0539596 secs] [Times: user=0.29 sys=0.00, real=0.05 secs] 
2021-01-19T13:48:07.621-0800: 593.387: [GC (Allocation Failure) [PSYoungGen: 2431721K->321909K(2459136K)] 5921259K->3849092K(8051712K), 0.0530493 secs] [Times: user=0.28 sys=0.00, real=0.05 secs] 
2021-01-19T13:48:07.993-0800: 593.758: [GC (Allocation Failure) [PSYoungGen: 2442613K->323575K(2457600K)] 5969796K->3892146K(8050176K), 0.0506130 secs] [Times: user=0.31 sys=0.01, real=0.05 secs] 
2021-01-19T13:48:08.426-0800: 594.192: [GC (Allocation Failure) [PSYoungGen: 2444279K->327385K(2458624K)] 6012850K->3938690K(8051200K), 0.0746484 secs] [Times: user=0.27 sys=0.00, real=0.08 secs] 
2021-01-19T13:48:08.944-0800: 594.710: [GC (Allocation Failure) [PSYoungGen: 2449625K->318676K(2459136K)] 6060930K->3971169K(8051712K), 0.0519635 secs] [Times: user=0.32 sys=0.00, real=0.05 secs] 
2021-01-19T13:48:09.292-0800: 595.058: [GC (Allocation Failure) [PSYoungGen: 2440916K->329934K(2456576K)] 6093409K->4022872K(8049152K), 0.0509282 secs] [Times: user=0.34 sys=0.00, real=0.05 secs] 
2021-01-19T13:48:09.696-0800: 595.462: [GC (Allocation Failure) [PSYoungGen: 2450126K->314093K(2458112K)] 6143064K->4054039K(8050688K), 0.0535767 secs] [Times: user=0.27 sys=0.00, real=0.06 secs] 
2021-01-19T13:48:10.041-0800: 595.807: [GC (Allocation Failure) [PSYoungGen: 2434285K->318681K(2459136K)] 6174231K->4101479K(8051712K), 0.0555684 secs] [Times: user=0.28 sys=0.00, real=0.05 secs] 
2021-01-19T13:48:10.430-0800: 596.196: [GC (Allocation Failure) [PSYoungGen: 2439897K->324371K(2458112K)] 6222695K->4149482K(8050688K), 0.0615039 secs] [Times: user=0.28 sys=0.01, real=0.06 secs] 
2021-01-19T13:48:10.815-0800: 596.581: [GC (Allocation Failure) [PSYoungGen: 2445587K->336209K(2452480K)] 6270698K->4201968K(8045056K), 0.0684407 secs] [Times: user=0.23 sys=0.01, real=0.07 secs] 
2021-01-19T13:48:11.397-0800: 597.163: [GC (Allocation Failure) [PSYoungGen: 2452305K->332028K(2448384K)] 6318064K->4237629K(8040960K), 0.0691818 secs] [Times: user=0.22 sys=0.02, real=0.07 secs] 
2021-01-19T13:48:11.800-0800: 597.566: [GC (Allocation Failure) [PSYoungGen: 2448124K->333538K(2450432K)] 6353725K->4283597K(8043008K), 0.0901406 secs] [Times: user=0.21 sys=0.05, real=0.09 secs] 
2021-01-19T13:48:12.263-0800: 598.029: [GC (Allocation Failure) [PSYoungGen: 2442466K->328179K(2452480K)] 6392525K->4330127K(8045056K), 0.0571147 secs] [Times: user=0.21 sys=0.00, real=0.06 secs] 
2021-01-19T13:48:12.605-0800: 598.371: [GC (Allocation Failure) [PSYoungGen: 2437107K->315412K(2453504K)] 6439055K->4356501K(8046080K), 0.0554438 secs] [Times: user=0.29 sys=0.01, real=0.06 secs] 
2021-01-19T13:48:13.070-0800: 598.836: [GC (Allocation Failure) [PSYoungGen: 2426388K->318254K(2453504K)] 6467477K->4397432K(8046080K), 0.0669172 secs] [Times: user=0.23 sys=0.01, real=0.06 secs] 
2021-01-19T13:48:13.415-0800: 599.181: [GC (Allocation Failure) [PSYoungGen: 2429230K->336204K(2448896K)] 6508408K->4449437K(8041472K), 0.0536593 secs] [Times: user=0.33 sys=0.01, real=0.05 secs] 
2021-01-19T13:48:13.754-0800: 599.520: [GC (Allocation Failure) [PSYoungGen: 2443084K->320983K(2451456K)] 6556317K->4480914K(8044032K), 0.0521466 secs] [Times: user=0.37 sys=0.01, real=0.05 secs] 
2021-01-19T13:48:14.102-0800: 599.868: [GC (Allocation Failure) [PSYoungGen: 2427863K->329787K(2452480K)] 6587794K->4529181K(8045056K), 0.0577469 secs] [Times: user=0.35 sys=0.01, real=0.05 secs] 
Heap
 PSYoungGen      total 2452480K, used 1516656K [0x0000000715580000, 0x00000007c0000000, 0x00000007c0000000)
  eden space 2108928K, 56% used [0x0000000715580000,0x000000075dc8d3b0,0x0000000796100000)
  from space 343552K, 95% used [0x00000007ab080000,0x00000007bf28ecd0,0x00000007c0000000)
  to   space 343552K, 0% used [0x0000000796100000,0x0000000796100000,0x00000007ab080000)
 ParOldGen       total 5592576K, used 4199393K [0x00000005c0000000, 0x0000000715580000, 0x0000000715580000)
  object space 5592576K, 75% used [0x00000005c0000000,0x00000006c04f8768,0x0000000715580000)
 Metaspace       used 2595K, capacity 4490K, committed 4864K, reserved 1056768K
  class space    used 278K, capacity 386K, committed 512K, reserved 1048576K
