Java HotSpot(TM) 64-Bit Server VM (25.271-b09) for bsd-amd64 JRE (1.8.0_271-b09), built on Sep 16 2020 16:54:38 by "java_re" with gcc 4.2.1 Compatible Apple LLVM 10.0.0 (clang-1000.11.45.5)
Memory: 4k page, physical 16777216k(3749580k free)

/proc/meminfo:

CommandLine flags: -XX:InitialHeapSize=8589934592 -XX:MaxHeapSize=8589934592 -XX:+PrintGC -XX:+PrintGCDateStamps -XX:+PrintGCDetails -XX:+PrintGCTimeStamps -XX:+UseCompressedClassPointers -XX:+UseCompressedOops -XX:+UseSerialGC 
2021-01-19T14:20:06.073-0800: 1.224: [GC (Allocation Failure) 2021-01-19T14:20:06.073-0800: 1.224: [DefNew: 2236928K->279615K(2516544K), 0.1729894 secs] 2236928K->319509K(8108992K), 0.1730924 secs] [Times: user=0.10 sys=0.08, real=0.17 secs] 
2021-01-19T14:20:06.650-0800: 1.802: [GC (Allocation Failure) 2021-01-19T14:20:06.650-0800: 1.802: [DefNew: 2516543K->279615K(2516544K), 0.2354728 secs] 2556437K->404631K(8108992K), 0.2355814 secs] [Times: user=0.12 sys=0.11, real=0.23 secs] 
2021-01-19T14:20:07.199-0800: 2.350: [GC (Allocation Failure) 2021-01-19T14:20:07.199-0800: 2.350: [DefNew: 2516543K->279615K(2516544K), 0.1076058 secs] 2641559K->476986K(8108992K), 0.1076874 secs] [Times: user=0.09 sys=0.02, real=0.11 secs] 
2021-01-19T14:20:07.605-0800: 2.757: [GC (Allocation Failure) 2021-01-19T14:20:07.605-0800: 2.757: [DefNew: 2516543K->279615K(2516544K), 0.1075974 secs] 2713914K->556487K(8108992K), 0.1076817 secs] [Times: user=0.09 sys=0.02, real=0.11 secs] 
2021-01-19T14:20:08.030-0800: 3.181: [GC (Allocation Failure) 2021-01-19T14:20:08.030-0800: 3.181: [DefNew: 2516543K->279615K(2516544K), 0.0886005 secs] 2793415K->624693K(8108992K), 0.0886922 secs] [Times: user=0.07 sys=0.02, real=0.08 secs] 
2021-01-19T14:20:08.428-0800: 3.579: [GC (Allocation Failure) 2021-01-19T14:20:08.428-0800: 3.580: [DefNew: 2516543K->279615K(2516544K), 0.0930355 secs] 2861621K->703760K(8108992K), 0.0931272 secs] [Times: user=0.07 sys=0.02, real=0.10 secs] 
2021-01-19T14:20:08.817-0800: 3.969: [GC (Allocation Failure) 2021-01-19T14:20:08.817-0800: 3.969: [DefNew: 2516543K->279615K(2516544K), 0.0933582 secs] 2940688K->790874K(8108992K), 0.0934485 secs] [Times: user=0.07 sys=0.02, real=0.10 secs] 
2021-01-19T14:20:09.193-0800: 4.344: [GC (Allocation Failure) 2021-01-19T14:20:09.193-0800: 4.345: [DefNew: 2516543K->279615K(2516544K), 0.0848652 secs] 3027802K->872612K(8108992K), 0.0849543 secs] [Times: user=0.06 sys=0.02, real=0.08 secs] 
2021-01-19T14:20:09.572-0800: 4.723: [GC (Allocation Failure) 2021-01-19T14:20:09.572-0800: 4.723: [DefNew: 2516543K->279615K(2516544K), 0.0888848 secs] 3109540K->958334K(8108992K), 0.0889596 secs] [Times: user=0.07 sys=0.02, real=0.09 secs] 
2021-01-19T14:20:09.935-0800: 5.087: [GC (Allocation Failure) 2021-01-19T14:20:09.935-0800: 5.087: [DefNew: 2516543K->279614K(2516544K), 0.0921831 secs] 3195262K->1043483K(8108992K), 0.0922698 secs] [Times: user=0.07 sys=0.02, real=0.09 secs] 
2021-01-19T14:20:10.320-0800: 5.472: [GC (Allocation Failure) 2021-01-19T14:20:10.320-0800: 5.472: [DefNew: 2516542K->279615K(2516544K), 0.0847712 secs] 3280411K->1114895K(8108992K), 0.0848632 secs] [Times: user=0.07 sys=0.02, real=0.08 secs] 
2021-01-19T14:20:10.664-0800: 5.815: [GC (Allocation Failure) 2021-01-19T14:20:10.664-0800: 5.815: [DefNew: 2516543K->279615K(2516544K), 0.0845492 secs] 3351823K->1199325K(8108992K), 0.0846361 secs] [Times: user=0.06 sys=0.02, real=0.08 secs] 
2021-01-19T14:20:11.026-0800: 6.178: [GC (Allocation Failure) 2021-01-19T14:20:11.026-0800: 6.178: [DefNew: 2516543K->279615K(2516544K), 0.0891550 secs] 3436253K->1292343K(8108992K), 0.0892253 secs] [Times: user=0.07 sys=0.03, real=0.09 secs] 
2021-01-19T14:20:11.380-0800: 6.531: [GC (Allocation Failure) 2021-01-19T14:20:11.380-0800: 6.531: [DefNew: 2516543K->279615K(2516544K), 0.0783983 secs] 3529271K->1364207K(8108992K), 0.0784795 secs] [Times: user=0.06 sys=0.02, real=0.07 secs] 
2021-01-19T14:20:11.727-0800: 6.878: [GC (Allocation Failure) 2021-01-19T14:20:11.727-0800: 6.878: [DefNew: 2516543K->279615K(2516544K), 0.0888164 secs] 3601135K->1452997K(8108992K), 0.0889409 secs] [Times: user=0.06 sys=0.02, real=0.09 secs] 
2021-01-19T14:20:12.123-0800: 7.274: [GC (Allocation Failure) 2021-01-19T14:20:12.123-0800: 7.274: [DefNew: 2516543K->279615K(2516544K), 0.0889293 secs] 3689925K->1537964K(8108992K), 0.0890665 secs] [Times: user=0.07 sys=0.03, real=0.09 secs] 
2021-01-19T14:20:12.488-0800: 7.640: [GC (Allocation Failure) 2021-01-19T14:20:12.488-0800: 7.640: [DefNew: 2516543K->279615K(2516544K), 0.1033044 secs] 3774892K->1624681K(8108992K), 0.1033960 secs] [Times: user=0.07 sys=0.02, real=0.11 secs] 
2021-01-19T14:20:12.905-0800: 8.056: [GC (Allocation Failure) 2021-01-19T14:20:12.905-0800: 8.057: [DefNew: 2516543K->279615K(2516544K), 0.1207737 secs] 3861609K->1692937K(8108992K), 0.1208590 secs] [Times: user=0.07 sys=0.02, real=0.12 secs] 
2021-01-19T14:20:13.364-0800: 8.516: [GC (Allocation Failure) 2021-01-19T14:20:13.364-0800: 8.516: [DefNew: 2516543K->279615K(2516544K), 0.0879905 secs] 3929865K->1778950K(8108992K), 0.0880940 secs] [Times: user=0.07 sys=0.02, real=0.09 secs] 
2021-01-19T14:20:13.753-0800: 8.904: [GC (Allocation Failure) 2021-01-19T14:20:13.753-0800: 8.904: [DefNew: 2516543K->279615K(2516544K), 0.1162166 secs] 4015878K->1859850K(8108992K), 0.1163005 secs] [Times: user=0.07 sys=0.02, real=0.11 secs] 
2021-01-19T14:20:14.164-0800: 9.316: [GC (Allocation Failure) 2021-01-19T14:20:14.164-0800: 9.316: [DefNew: 2516543K->279614K(2516544K), 0.0920516 secs] 4096778K->1938982K(8108992K), 0.0921416 secs] [Times: user=0.07 sys=0.02, real=0.09 secs] 
2021-01-19T14:20:14.529-0800: 9.681: [GC (Allocation Failure) 2021-01-19T14:20:14.530-0800: 9.681: [DefNew: 2516542K->279615K(2516544K), 0.0934802 secs] 4175910K->2033151K(8108992K), 0.0935649 secs] [Times: user=0.07 sys=0.03, real=0.10 secs] 
2021-01-19T14:20:14.898-0800: 10.049: [GC (Allocation Failure) 2021-01-19T14:20:14.898-0800: 10.049: [DefNew: 2516543K->279615K(2516544K), 0.1129875 secs] 4270079K->2107219K(8108992K), 0.1133025 secs] [Times: user=0.07 sys=0.02, real=0.12 secs] 
2021-01-19T14:20:15.329-0800: 10.481: [GC (Allocation Failure) 2021-01-19T14:20:15.329-0800: 10.481: [DefNew: 2516543K->279615K(2516544K), 0.1193340 secs] 4344147K->2184023K(8108992K), 0.1194084 secs] [Times: user=0.08 sys=0.03, real=0.12 secs] 
2021-01-19T14:20:15.741-0800: 10.892: [GC (Allocation Failure) 2021-01-19T14:20:15.741-0800: 10.893: [DefNew: 2516543K->279614K(2516544K), 0.0931741 secs] 4420951K->2271006K(8108992K), 0.0932735 secs] [Times: user=0.07 sys=0.02, real=0.09 secs] 
2021-01-19T14:20:16.118-0800: 11.269: [GC (Allocation Failure) 2021-01-19T14:20:16.118-0800: 11.269: [DefNew: 2516542K->279615K(2516544K), 0.1343807 secs] 4507934K->2358217K(8108992K), 0.1344980 secs] [Times: user=0.09 sys=0.05, real=0.14 secs] 
2021-01-19T14:20:16.539-0800: 11.691: [GC (Allocation Failure) 2021-01-19T14:20:16.539-0800: 11.691: [DefNew: 2516543K->279615K(2516544K), 0.1270284 secs] 4595145K->2442439K(8108992K), 0.1271081 secs] [Times: user=0.08 sys=0.05, real=0.13 secs] 
2021-01-19T14:20:16.963-0800: 12.114: [GC (Allocation Failure) 2021-01-19T14:20:16.963-0800: 12.114: [DefNew: 2516543K->279615K(2516544K), 0.1535354 secs] 4679367K->2545120K(8108992K), 0.1592944 secs] [Times: user=0.09 sys=0.05, real=0.16 secs] 
2021-01-19T14:20:17.407-0800: 12.559: [GC (Allocation Failure) 2021-01-19T14:20:17.407-0800: 12.559: [DefNew: 2516543K->279615K(2516544K), 0.1258965 secs] 4782048K->2634468K(8108992K), 0.1259841 secs] [Times: user=0.08 sys=0.04, real=0.13 secs] 
2021-01-19T14:20:17.829-0800: 12.981: [GC (Allocation Failure) 2021-01-19T14:20:17.829-0800: 12.981: [DefNew: 2516543K->279613K(2516544K), 0.1246449 secs] 4871396K->2710960K(8108992K), 0.1247323 secs] [Times: user=0.08 sys=0.04, real=0.13 secs] 
2021-01-19T14:20:18.259-0800: 13.411: [GC (Allocation Failure) 2021-01-19T14:20:18.259-0800: 13.411: [DefNew: 2516541K->279615K(2516544K), 0.1359103 secs] 4947888K->2798487K(8108992K), 0.1359965 secs] [Times: user=0.08 sys=0.04, real=0.14 secs] 
2021-01-19T14:20:18.730-0800: 13.881: [GC (Allocation Failure) 2021-01-19T14:20:18.730-0800: 13.881: [DefNew: 2516543K->279615K(2516544K), 0.1045533 secs] 5035415K->2873318K(8108992K), 0.1046660 secs] [Times: user=0.07 sys=0.03, real=0.10 secs] 
2021-01-19T14:20:19.130-0800: 14.282: [GC (Allocation Failure) 2021-01-19T14:20:19.130-0800: 14.282: [DefNew: 2516543K->279615K(2516544K), 0.1417536 secs] 5110246K->2959335K(8108992K), 0.1418202 secs] [Times: user=0.09 sys=0.04, real=0.14 secs] 
2021-01-19T14:20:19.542-0800: 14.693: [GC (Allocation Failure) 2021-01-19T14:20:19.542-0800: 14.693: [DefNew: 2516543K->279615K(2516544K), 0.1714752 secs] 5196263K->3040258K(8108992K), 0.1715455 secs] [Times: user=0.08 sys=0.04, real=0.17 secs] 
2021-01-19T14:20:20.027-0800: 15.178: [GC (Allocation Failure) 2021-01-19T14:20:20.027-0800: 15.178: [DefNew: 2516543K->279615K(2516544K), 0.0919232 secs] 5277186K->3104674K(8108992K), 0.0919837 secs] [Times: user=0.06 sys=0.02, real=0.09 secs] 
2021-01-19T14:20:20.400-0800: 15.551: [GC (Allocation Failure) 2021-01-19T14:20:20.400-0800: 15.551: [DefNew: 2516543K->279615K(2516544K), 0.0933202 secs] 5341602K->3180373K(8108992K), 0.0933919 secs] [Times: user=0.07 sys=0.03, real=0.09 secs] 
2021-01-19T14:20:20.763-0800: 15.915: [GC (Allocation Failure) 2021-01-19T14:20:20.763-0800: 15.915: [DefNew: 2516543K->279615K(2516544K), 0.1056521 secs] 5417301K->3268618K(8108992K), 0.1057299 secs] [Times: user=0.07 sys=0.03, real=0.10 secs] 
2021-01-19T14:20:21.175-0800: 16.326: [GC (Allocation Failure) 2021-01-19T14:20:21.175-0800: 16.326: [DefNew: 2516543K->279615K(2516544K), 0.0866598 secs] 5505546K->3346005K(8108992K), 0.0867389 secs] [Times: user=0.07 sys=0.02, real=0.09 secs] 
2021-01-19T14:20:21.543-0800: 16.695: [GC (Allocation Failure) 2021-01-19T14:20:21.543-0800: 16.695: [DefNew: 2516543K->279615K(2516544K), 0.0913981 secs] 5582933K->3422560K(8108992K), 0.0914769 secs] [Times: user=0.06 sys=0.02, real=0.09 secs] 
2021-01-19T14:20:21.910-0800: 17.062: [GC (Allocation Failure) 2021-01-19T14:20:21.910-0800: 17.062: [DefNew: 2516543K->279615K(2516544K), 0.0884544 secs] 5659488K->3488846K(8108992K), 0.0888051 secs] [Times: user=0.06 sys=0.03, real=0.08 secs] 
2021-01-19T14:20:22.269-0800: 17.421: [GC (Allocation Failure) 2021-01-19T14:20:22.269-0800: 17.421: [DefNew: 2516543K->279615K(2516544K), 0.1015598 secs] 5725774K->3577003K(8108992K), 0.1016563 secs] [Times: user=0.07 sys=0.02, real=0.11 secs] 
2021-01-19T14:20:22.678-0800: 17.829: [GC (Allocation Failure) 2021-01-19T14:20:22.678-0800: 17.830: [DefNew: 2516543K->279615K(2516544K), 0.0966418 secs] 5813931K->3658664K(8108992K), 0.0967322 secs] [Times: user=0.07 sys=0.02, real=0.10 secs] 
2021-01-19T14:20:23.069-0800: 18.221: [GC (Allocation Failure) 2021-01-19T14:20:23.069-0800: 18.221: [DefNew: 2516543K->279615K(2516544K), 0.1261955 secs] 5895592K->3736489K(8108992K), 0.1262816 secs] [Times: user=0.08 sys=0.04, real=0.13 secs] 
2021-01-19T14:20:23.508-0800: 18.659: [GC (Allocation Failure) 2021-01-19T14:20:23.508-0800: 18.659: [DefNew: 2516543K->279615K(2516544K), 0.0970146 secs] 5973417K->3826520K(8108992K), 0.0970888 secs] [Times: user=0.07 sys=0.02, real=0.10 secs] 
2021-01-19T14:20:23.893-0800: 19.045: [GC (Allocation Failure) 2021-01-19T14:20:23.893-0800: 19.045: [DefNew: 2516543K->279615K(2516544K), 0.0908581 secs] 6063448K->3916297K(8108992K), 0.0909314 secs] [Times: user=0.07 sys=0.02, real=0.09 secs] 
2021-01-19T14:20:24.267-0800: 19.418: [GC (Allocation Failure) 2021-01-19T14:20:24.267-0800: 19.418: [DefNew: 2516543K->279615K(2516544K), 0.0964183 secs] 6153225K->3996054K(8108992K), 0.0965291 secs] [Times: user=0.07 sys=0.02, real=0.10 secs] 
2021-01-19T14:20:24.642-0800: 19.793: [GC (Allocation Failure) 2021-01-19T14:20:24.642-0800: 19.793: [DefNew: 2516543K->279615K(2516544K), 0.0943632 secs] 6232982K->4071792K(8108992K), 0.0944459 secs] [Times: user=0.07 sys=0.03, real=0.09 secs] 
2021-01-19T14:20:25.023-0800: 20.174: [GC (Allocation Failure) 2021-01-19T14:20:25.023-0800: 20.174: [DefNew: 2516543K->279615K(2516544K), 0.1147149 secs] 6308720K->4154517K(8108992K), 0.1148108 secs] [Times: user=0.08 sys=0.03, real=0.11 secs] 
2021-01-19T14:20:25.423-0800: 20.575: [GC (Allocation Failure) 2021-01-19T14:20:25.424-0800: 20.575: [DefNew: 2516543K->279615K(2516544K), 0.0878002 secs] 6391445K->4238900K(8108992K), 0.0879025 secs] [Times: user=0.07 sys=0.02, real=0.09 secs] 
2021-01-19T14:20:25.795-0800: 20.947: [GC (Allocation Failure) 2021-01-19T14:20:25.795-0800: 20.947: [DefNew: 2516543K->279615K(2516544K), 0.1028902 secs] 6475828K->4332705K(8108992K), 0.1029496 secs] [Times: user=0.07 sys=0.03, real=0.10 secs] 
2021-01-19T14:20:26.176-0800: 21.328: [GC (Allocation Failure) 2021-01-19T14:20:26.177-0800: 21.328: [DefNew: 2516543K->279615K(2516544K), 0.1007299 secs] 6569633K->4409314K(8108992K), 0.1008315 secs] [Times: user=0.06 sys=0.03, real=0.10 secs] 
2021-01-19T14:20:26.590-0800: 21.741: [GC (Allocation Failure) 2021-01-19T14:20:26.590-0800: 21.741: [DefNew: 2516543K->279616K(2516544K), 0.0924462 secs] 6646242K->4492853K(8108992K), 0.0925203 secs] [Times: user=0.07 sys=0.03, real=0.09 secs] 
2021-01-19T14:20:26.969-0800: 22.121: [GC (Allocation Failure) 2021-01-19T14:20:26.969-0800: 22.121: [DefNew: 2516544K->279615K(2516544K), 0.1023480 secs] 6729781K->4577263K(8108992K), 0.1043326 secs] [Times: user=0.07 sys=0.03, real=0.11 secs] 
2021-01-19T14:20:27.360-0800: 22.512: [GC (Allocation Failure) 2021-01-19T14:20:27.360-0800: 22.512: [DefNew: 2516543K->279615K(2516544K), 0.0858541 secs] 6814191K->4648234K(8108992K), 0.0859393 secs] [Times: user=0.07 sys=0.02, real=0.08 secs] 
2021-01-19T14:20:27.755-0800: 22.907: [GC (Allocation Failure) 2021-01-19T14:20:27.756-0800: 22.907: [DefNew: 2516543K->279614K(2516544K), 0.0813241 secs] 6885162K->4709109K(8108992K), 0.0814148 secs] [Times: user=0.06 sys=0.02, real=0.08 secs] 
2021-01-19T14:20:28.124-0800: 23.275: [GC (Allocation Failure) 2021-01-19T14:20:28.124-0800: 23.276: [DefNew: 2516542K->279615K(2516544K), 0.0991032 secs] 6946037K->4808692K(8108992K), 0.0991960 secs] [Times: user=0.07 sys=0.03, real=0.10 secs] 
2021-01-19T14:20:28.504-0800: 23.656: [GC (Allocation Failure) 2021-01-19T14:20:28.504-0800: 23.656: [DefNew: 2516543K->279615K(2516544K), 0.1080869 secs] 7045620K->4895547K(8108992K), 0.1081794 secs] [Times: user=0.07 sys=0.03, real=0.11 secs] 
2021-01-19T14:20:28.888-0800: 24.040: [GC (Allocation Failure) 2021-01-19T14:20:28.888-0800: 24.040: [DefNew: 2516543K->279615K(2516544K), 0.1051490 secs] 7132475K->4986389K(8108992K), 0.1052195 secs] [Times: user=0.07 sys=0.02, real=0.11 secs] 
2021-01-19T14:20:29.280-0800: 24.432: [GC (Allocation Failure) 2021-01-19T14:20:29.280-0800: 24.432: [DefNew: 2516543K->279615K(2516544K), 0.0923551 secs] 7223317K->5068165K(8108992K), 0.0924515 secs] [Times: user=0.06 sys=0.03, real=0.09 secs] 
2021-01-19T14:20:29.658-0800: 24.810: [GC (Allocation Failure) 2021-01-19T14:20:29.658-0800: 24.810: [DefNew: 2516543K->279615K(2516544K), 0.1078160 secs] 7305093K->5155153K(8108992K), 0.1079101 secs] [Times: user=0.07 sys=0.03, real=0.11 secs] 
2021-01-19T14:20:30.045-0800: 25.197: [GC (Allocation Failure) 2021-01-19T14:20:30.045-0800: 25.197: [DefNew: 2516543K->279614K(2516544K), 0.1220116 secs] 7392081K->5251296K(8108992K), 0.1220968 secs] [Times: user=0.08 sys=0.04, real=0.12 secs] 
2021-01-19T14:20:30.445-0800: 25.597: [GC (Allocation Failure) 2021-01-19T14:20:30.445-0800: 25.597: [DefNew: 2516542K->279615K(2516544K), 0.1031773 secs] 7488224K->5341194K(8108992K), 0.1032567 secs] [Times: user=0.07 sys=0.03, real=0.10 secs] 
2021-01-19T14:20:30.869-0800: 26.021: [GC (Allocation Failure) 2021-01-19T14:20:30.869-0800: 26.021: [DefNew: 2516543K->279615K(2516544K), 0.1189015 secs] 7578122K->5428417K(8108992K), 0.1189900 secs] [Times: user=0.08 sys=0.03, real=0.12 secs] 
2021-01-19T14:20:31.286-0800: 26.438: [GC (Allocation Failure) 2021-01-19T14:20:31.286-0800: 26.438: [DefNew: 2516543K->279615K(2516544K), 0.0951640 secs] 7665345K->5512448K(8108992K), 0.0952518 secs] [Times: user=0.07 sys=0.02, real=0.10 secs] 
2021-01-19T14:20:31.649-0800: 26.801: [GC (Allocation Failure) 2021-01-19T14:20:31.649-0800: 26.801: [DefNew: 2516543K->279614K(2516544K), 0.1163347 secs] 7749376K->5607557K(8108992K), 0.1164239 secs] [Times: user=0.08 sys=0.03, real=0.12 secs] 
2021-01-19T14:20:32.058-0800: 27.209: [GC (Allocation Failure) 2021-01-19T14:20:32.058-0800: 27.209: [DefNew: 2516542K->279615K(2516544K), 0.0865892 secs] 7844485K->5675157K(8108992K), 0.0868760 secs] [Times: user=0.06 sys=0.02, real=0.09 secs] 
2021-01-19T14:20:32.421-0800: 27.573: [GC (Allocation Failure) 2021-01-19T14:20:32.421-0800: 27.573: [DefNew: 2516543K->279615K(2516544K), 0.1020817 secs] 7912085K->5769058K(8108992K), 0.1021652 secs] [Times: user=0.07 sys=0.03, real=0.10 secs] 
2021-01-19T14:20:32.816-0800: 27.968: [GC (Allocation Failure) 2021-01-19T14:20:32.816-0800: 27.968: [DefNew: 2516543K->2516543K(2516544K), 0.0000184 secs]2021-01-19T14:20:32.816-0800: 27.968: [Tenured: 5489442K->440707K(5592448K), 0.3953672 secs] 8005986K->440707K(8108992K), [Metaspace: 2589K->2589K(1056768K)], 0.3954864 secs] [Times: user=0.13 sys=0.21, real=0.40 secs] 
2021-01-19T14:20:33.488-0800: 28.640: [GC (Allocation Failure) 2021-01-19T14:20:33.488-0800: 28.640: [DefNew: 2236928K->279615K(2516544K), 0.1002480 secs] 2677635K->774965K(8108992K), 0.1003364 secs] [Times: user=0.06 sys=0.03, real=0.10 secs] 
2021-01-19T14:20:33.876-0800: 29.028: [GC (Allocation Failure) 2021-01-19T14:20:33.876-0800: 29.028: [DefNew: 2516543K->279615K(2516544K), 0.1530081 secs] 3011893K->858788K(8108992K), 0.1531075 secs] [Times: user=0.06 sys=0.06, real=0.15 secs] 
2021-01-19T14:20:34.327-0800: 29.479: [GC (Allocation Failure) 2021-01-19T14:20:34.327-0800: 29.479: [DefNew: 2516543K->279614K(2516544K), 0.1544932 secs] 3095716K->941331K(8108992K), 0.1546380 secs] [Times: user=0.06 sys=0.05, real=0.16 secs] 
2021-01-19T14:20:34.769-0800: 29.921: [GC (Allocation Failure) 2021-01-19T14:20:34.769-0800: 29.921: [DefNew: 2516542K->279615K(2516544K), 0.2517237 secs] 3178259K->1033318K(8108992K), 0.2518156 secs] [Times: user=0.07 sys=0.09, real=0.26 secs] 
2021-01-19T14:20:35.307-0800: 30.458: [GC (Allocation Failure) 2021-01-19T14:20:35.307-0800: 30.458: [DefNew: 2516543K->279615K(2516544K), 0.2207388 secs] 3270246K->1115815K(8108992K), 0.2208171 secs] [Times: user=0.07 sys=0.07, real=0.22 secs] 
2021-01-19T14:20:35.795-0800: 30.947: [GC (Allocation Failure) 2021-01-19T14:20:35.795-0800: 30.947: [DefNew: 2516543K->279615K(2516544K), 0.1201126 secs] 3352743K->1202320K(8108992K), 0.1201842 secs] [Times: user=0.06 sys=0.05, real=0.12 secs] 
2021-01-19T14:20:36.182-0800: 31.334: [GC (Allocation Failure) 2021-01-19T14:20:36.182-0800: 31.334: [DefNew: 2516543K->279615K(2516544K), 0.1206128 secs] 3439248K->1281873K(8108992K), 0.1206849 secs] [Times: user=0.07 sys=0.04, real=0.12 secs] 
2021-01-19T14:20:36.576-0800: 31.728: [GC (Allocation Failure) 2021-01-19T14:20:36.576-0800: 31.728: [DefNew: 2516543K->279615K(2516544K), 0.1443920 secs] 3518801K->1368099K(8108992K), 0.1444726 secs] [Times: user=0.08 sys=0.06, real=0.15 secs] 
2021-01-19T14:20:37.008-0800: 32.160: [GC (Allocation Failure) 2021-01-19T14:20:37.009-0800: 32.160: [DefNew: 2516543K->279615K(2516544K), 0.1157509 secs] 3605027K->1444846K(8108992K), 0.1218216 secs] [Times: user=0.07 sys=0.04, real=0.13 secs] 
2021-01-19T14:20:37.421-0800: 32.573: [GC (Allocation Failure) 2021-01-19T14:20:37.421-0800: 32.573: [DefNew: 2516543K->279615K(2516544K), 0.1233612 secs] 3681774K->1525947K(8108992K), 0.1234454 secs] [Times: user=0.08 sys=0.04, real=0.12 secs] 
2021-01-19T14:20:37.812-0800: 32.963: [GC (Allocation Failure) 2021-01-19T14:20:37.812-0800: 32.963: [DefNew: 2516543K->279615K(2516544K), 0.1200948 secs] 3762875K->1602431K(8108992K), 0.1201749 secs] [Times: user=0.07 sys=0.04, real=0.12 secs] 
2021-01-19T14:20:38.197-0800: 33.349: [GC (Allocation Failure) 2021-01-19T14:20:38.197-0800: 33.349: [DefNew: 2516543K->279615K(2516544K), 0.1200655 secs] 3839359K->1672673K(8108992K), 0.1201614 secs] [Times: user=0.06 sys=0.04, real=0.12 secs] 
2021-01-19T14:20:38.563-0800: 33.715: [GC (Allocation Failure) 2021-01-19T14:20:38.563-0800: 33.715: [DefNew: 2516543K->279615K(2516544K), 0.1192078 secs] 3909601K->1766926K(8108992K), 0.1192808 secs] [Times: user=0.07 sys=0.05, real=0.12 secs] 
2021-01-19T14:20:39.001-0800: 34.153: [GC (Allocation Failure) 2021-01-19T14:20:39.001-0800: 34.153: [DefNew: 2516543K->279615K(2516544K), 0.1224619 secs] 4003854K->1844302K(8108992K), 0.1225330 secs] [Times: user=0.07 sys=0.04, real=0.12 secs] 
2021-01-19T14:20:39.412-0800: 34.564: [GC (Allocation Failure) 2021-01-19T14:20:39.412-0800: 34.564: [DefNew: 2516543K->279614K(2516544K), 0.1206306 secs] 4081230K->1934892K(8108992K), 0.1206983 secs] [Times: user=0.06 sys=0.05, real=0.12 secs] 
2021-01-19T14:20:39.850-0800: 35.002: [GC (Allocation Failure) 2021-01-19T14:20:39.850-0800: 35.002: [DefNew: 2516542K->279615K(2516544K), 0.1338149 secs] 4171820K->2023548K(8108992K), 0.1338736 secs] [Times: user=0.07 sys=0.04, real=0.13 secs] 
2021-01-19T14:20:40.265-0800: 35.417: [GC (Allocation Failure) 2021-01-19T14:20:40.265-0800: 35.417: [DefNew: 2516543K->279615K(2516544K), 0.1243350 secs] 4260476K->2106505K(8108992K), 0.1244091 secs] [Times: user=0.07 sys=0.05, real=0.12 secs] 
2021-01-19T14:20:40.652-0800: 35.804: [GC (Allocation Failure) 2021-01-19T14:20:40.652-0800: 35.804: [DefNew: 2516543K->279614K(2516544K), 0.1132890 secs] 4343433K->2174943K(8108992K), 0.1133474 secs] [Times: user=0.07 sys=0.04, real=0.11 secs] 
2021-01-19T14:20:41.039-0800: 36.191: [GC (Allocation Failure) 2021-01-19T14:20:41.039-0800: 36.191: [DefNew: 2516542K->279615K(2516544K), 0.1267821 secs] 4411871K->2255653K(8108992K), 0.1268414 secs] [Times: user=0.07 sys=0.05, real=0.13 secs] 
2021-01-19T14:20:41.440-0800: 36.592: [GC (Allocation Failure) 2021-01-19T14:20:41.440-0800: 36.592: [DefNew: 2516543K->279615K(2516544K), 0.1257704 secs] 4492581K->2344612K(8108992K), 0.1258291 secs] [Times: user=0.06 sys=0.04, real=0.12 secs] 
2021-01-19T14:20:41.856-0800: 37.008: [GC (Allocation Failure) 2021-01-19T14:20:41.856-0800: 37.008: [DefNew: 2516543K->279615K(2516544K), 0.1160334 secs] 4581540K->2416827K(8108992K), 0.1161657 secs] [Times: user=0.06 sys=0.04, real=0.12 secs] 
2021-01-19T14:20:42.259-0800: 37.411: [GC (Allocation Failure) 2021-01-19T14:20:42.259-0800: 37.411: [DefNew: 2516543K->279615K(2516544K), 0.1098554 secs] 4653755K->2485902K(8108992K), 0.1116778 secs] [Times: user=0.06 sys=0.04, real=0.12 secs] 
2021-01-19T14:20:42.665-0800: 37.817: [GC (Allocation Failure) 2021-01-19T14:20:42.665-0800: 37.817: [DefNew: 2516543K->279615K(2516544K), 0.1068226 secs] 4722830K->2557078K(8108992K), 0.1069204 secs] [Times: user=0.07 sys=0.03, real=0.11 secs] 
2021-01-19T14:20:43.075-0800: 38.227: [GC (Allocation Failure) 2021-01-19T14:20:43.075-0800: 38.227: [DefNew: 2516543K->279615K(2516544K), 0.1330522 secs] 4794006K->2639591K(8108992K), 0.1331379 secs] [Times: user=0.07 sys=0.04, real=0.13 secs] 
2021-01-19T14:20:43.495-0800: 38.647: [GC (Allocation Failure) 2021-01-19T14:20:43.495-0800: 38.647: [DefNew: 2516543K->279615K(2516544K), 0.1322178 secs] 4876519K->2728326K(8108992K), 0.1323031 secs] [Times: user=0.07 sys=0.05, real=0.13 secs] 
2021-01-19T14:20:43.903-0800: 39.054: [GC (Allocation Failure) 2021-01-19T14:20:43.903-0800: 39.055: [DefNew: 2516543K->279615K(2516544K), 0.1332284 secs] 4965254K->2814803K(8108992K), 0.1333068 secs] [Times: user=0.07 sys=0.05, real=0.13 secs] 
2021-01-19T14:20:44.323-0800: 39.475: [GC (Allocation Failure) 2021-01-19T14:20:44.324-0800: 39.475: [DefNew: 2516543K->279615K(2516544K), 0.1206018 secs] 5051731K->2900909K(8108992K), 0.1206821 secs] [Times: user=0.08 sys=0.05, real=0.12 secs] 
2021-01-19T14:20:44.717-0800: 39.868: [GC (Allocation Failure) 2021-01-19T14:20:44.717-0800: 39.869: [DefNew: 2516543K->279615K(2516544K), 0.1163205 secs] 5137837K->2986354K(8108992K), 0.1164089 secs] [Times: user=0.07 sys=0.05, real=0.12 secs] 
2021-01-19T14:20:45.121-0800: 40.273: [GC (Allocation Failure) 2021-01-19T14:20:45.121-0800: 40.273: [DefNew: 2516543K->279615K(2516544K), 0.1121199 secs] 5223282K->3073533K(8108992K), 0.1122422 secs] [Times: user=0.07 sys=0.04, real=0.11 secs] 
2021-01-19T14:20:45.515-0800: 40.667: [GC (Allocation Failure) 2021-01-19T14:20:45.515-0800: 40.667: [DefNew: 2516543K->279615K(2516544K), 0.1087343 secs] 5310461K->3158399K(8108992K), 0.1088290 secs] [Times: user=0.06 sys=0.03, real=0.11 secs] 
2021-01-19T14:20:45.889-0800: 41.040: [GC (Allocation Failure) 2021-01-19T14:20:45.889-0800: 41.041: [DefNew: 2516543K->279614K(2516544K), 0.1075247 secs] 5395327K->3243449K(8108992K), 0.1075959 secs] [Times: user=0.07 sys=0.03, real=0.11 secs] 
2021-01-19T14:20:46.309-0800: 41.461: [GC (Allocation Failure) 2021-01-19T14:20:46.309-0800: 41.461: [DefNew: 2516542K->279615K(2516544K), 0.0877784 secs] 5480377K->3322014K(8108992K), 0.0878740 secs] [Times: user=0.06 sys=0.02, real=0.09 secs] 
2021-01-19T14:20:46.692-0800: 41.844: [GC (Allocation Failure) 2021-01-19T14:20:46.692-0800: 41.844: [DefNew: 2516543K->279615K(2516544K), 0.0956110 secs] 5558942K->3404630K(8108992K), 0.0956663 secs] [Times: user=0.07 sys=0.03, real=0.09 secs] 
2021-01-19T14:20:47.085-0800: 42.237: [GC (Allocation Failure) 2021-01-19T14:20:47.085-0800: 42.237: [DefNew: 2516543K->279615K(2516544K), 0.0981158 secs] 5641558K->3482815K(8108992K), 0.0981786 secs] [Times: user=0.07 sys=0.03, real=0.10 secs] 
2021-01-19T14:20:47.472-0800: 42.624: [GC (Allocation Failure) 2021-01-19T14:20:47.472-0800: 42.624: [DefNew: 2516543K->279615K(2516544K), 0.0915424 secs] 5719743K->3564174K(8108992K), 0.0916209 secs] [Times: user=0.07 sys=0.03, real=0.09 secs] 
2021-01-19T14:20:47.849-0800: 43.000: [GC (Allocation Failure) 2021-01-19T14:20:47.849-0800: 43.001: [DefNew: 2516543K->279615K(2516544K), 0.1018491 secs] 5801102K->3639824K(8108992K), 0.1019082 secs] [Times: user=0.07 sys=0.04, real=0.11 secs] 
2021-01-19T14:20:48.249-0800: 43.401: [GC (Allocation Failure) 2021-01-19T14:20:48.250-0800: 43.401: [DefNew: 2516543K->279615K(2516544K), 0.1092665 secs] 5876752K->3732667K(8108992K), 0.1102779 secs] [Times: user=0.07 sys=0.04, real=0.11 secs] 
2021-01-19T14:20:48.633-0800: 43.785: [GC (Allocation Failure) 2021-01-19T14:20:48.633-0800: 43.785: [DefNew: 2516543K->279615K(2516544K), 0.0754212 secs] 5969595K->3805214K(8108992K), 0.0754846 secs] [Times: user=0.06 sys=0.02, real=0.07 secs] 
2021-01-19T14:20:49.000-0800: 44.152: [GC (Allocation Failure) 2021-01-19T14:20:49.000-0800: 44.152: [DefNew: 2516543K->279615K(2516544K), 0.0958855 secs] 6042142K->3906682K(8108992K), 0.0959843 secs] [Times: user=0.06 sys=0.03, real=0.09 secs] 
2021-01-19T14:20:49.402-0800: 44.554: [GC (Allocation Failure) 2021-01-19T14:20:49.402-0800: 44.554: [DefNew: 2516543K->279615K(2516544K), 0.1138693 secs] 6143610K->3992132K(8108992K), 0.1139523 secs] [Times: user=0.07 sys=0.05, real=0.11 secs] 
2021-01-19T14:20:49.816-0800: 44.968: [GC (Allocation Failure) 2021-01-19T14:20:49.816-0800: 44.968: [DefNew: 2516543K->279616K(2516544K), 0.1243853 secs] 6229060K->4097404K(8108992K), 0.1244652 secs] [Times: user=0.07 sys=0.05, real=0.13 secs] 
2021-01-19T14:20:50.246-0800: 45.398: [GC (Allocation Failure) 2021-01-19T14:20:50.246-0800: 45.398: [DefNew: 2516544K->279615K(2516544K), 0.1076245 secs] 6334332K->4189752K(8108992K), 0.1077044 secs] [Times: user=0.07 sys=0.04, real=0.11 secs] 
2021-01-19T14:20:50.640-0800: 45.792: [GC (Allocation Failure) 2021-01-19T14:20:50.640-0800: 45.792: [DefNew: 2516543K->279615K(2516544K), 0.0891089 secs] 6426680K->4268050K(8108992K), 0.0891831 secs] [Times: user=0.06 sys=0.02, real=0.08 secs] 
2021-01-19T14:20:51.037-0800: 46.189: [GC (Allocation Failure) 2021-01-19T14:20:51.038-0800: 46.189: [DefNew: 2516543K->279616K(2516544K), 0.1349545 secs] 6504978K->4366470K(8108992K), 0.1354329 secs] [Times: user=0.08 sys=0.05, real=0.14 secs] 
2021-01-19T14:20:51.452-0800: 46.604: [GC (Allocation Failure) 2021-01-19T14:20:51.452-0800: 46.604: [DefNew: 2516544K->279615K(2516544K), 0.1253691 secs] 6603398K->4460706K(8108992K), 0.1254801 secs] [Times: user=0.07 sys=0.05, real=0.12 secs] 
2021-01-19T14:20:51.873-0800: 47.025: [GC (Allocation Failure) 2021-01-19T14:20:51.873-0800: 47.025: [DefNew: 2516543K->279615K(2516544K), 0.1323266 secs] 6697634K->4544717K(8108992K), 0.1324090 secs] [Times: user=0.08 sys=0.05, real=0.13 secs] 
2021-01-19T14:20:52.295-0800: 47.447: [GC (Allocation Failure) 2021-01-19T14:20:52.295-0800: 47.447: [DefNew: 2516543K->279614K(2516544K), 0.1406939 secs] 6781645K->4635979K(8108992K), 0.1407769 secs] [Times: user=0.08 sys=0.05, real=0.14 secs] 
2021-01-19T14:20:52.701-0800: 47.853: [GC (Allocation Failure) 2021-01-19T14:20:52.701-0800: 47.853: [DefNew: 2516542K->279615K(2516544K), 0.1525689 secs] 6872907K->4723999K(8108992K), 0.1526359 secs] [Times: user=0.08 sys=0.06, real=0.15 secs] 
2021-01-19T14:20:53.140-0800: 48.292: [GC (Allocation Failure) 2021-01-19T14:20:53.140-0800: 48.292: [DefNew: 2516543K->279615K(2516544K), 0.1385436 secs] 6960927K->4817256K(8108992K), 0.1386221 secs] [Times: user=0.08 sys=0.04, real=0.13 secs] 
2021-01-19T14:20:53.568-0800: 48.720: [GC (Allocation Failure) 2021-01-19T14:20:53.568-0800: 48.720: [DefNew: 2516543K->279615K(2516544K), 0.1323624 secs] 7054184K->4911077K(8108992K), 0.1324415 secs] [Times: user=0.08 sys=0.05, real=0.14 secs] 
2021-01-19T14:20:54.007-0800: 49.159: [GC (Allocation Failure) 2021-01-19T14:20:54.007-0800: 49.159: [DefNew: 2516543K->279615K(2516544K), 0.1394763 secs] 7148005K->5008387K(8108992K), 0.1395469 secs] [Times: user=0.08 sys=0.04, real=0.14 secs] 
2021-01-19T14:20:54.434-0800: 49.586: [GC (Allocation Failure) 2021-01-19T14:20:54.434-0800: 49.586: [DefNew: 2516543K->279614K(2516544K), 0.1242405 secs] 7245315K->5096452K(8108992K), 0.1243374 secs] [Times: user=0.07 sys=0.05, real=0.12 secs] 
2021-01-19T14:20:54.854-0800: 50.006: [GC (Allocation Failure) 2021-01-19T14:20:54.854-0800: 50.006: [DefNew: 2516542K->279615K(2516544K), 0.1259858 secs] 7333380K->5187782K(8108992K), 0.1260675 secs] [Times: user=0.07 sys=0.04, real=0.13 secs] 
2021-01-19T14:20:55.274-0800: 50.426: [GC (Allocation Failure) 2021-01-19T14:20:55.274-0800: 50.426: [DefNew: 2516543K->279615K(2516544K), 0.1204585 secs] 7424710K->5268749K(8108992K), 0.1205277 secs] [Times: user=0.07 sys=0.05, real=0.12 secs] 
2021-01-19T14:20:55.688-0800: 50.840: [GC (Allocation Failure) 2021-01-19T14:20:55.688-0800: 50.840: [DefNew: 2516543K->279615K(2516544K), 0.1195720 secs] 7505677K->5352580K(8108992K), 0.1196413 secs] [Times: user=0.07 sys=0.04, real=0.12 secs] 
2021-01-19T14:20:56.089-0800: 51.241: [GC (Allocation Failure) 2021-01-19T14:20:56.089-0800: 51.241: [DefNew: 2516543K->279615K(2516544K), 0.1107229 secs] 7589508K->5440800K(8108992K), 0.1108000 secs] [Times: user=0.07 sys=0.05, real=0.12 secs] 
2021-01-19T14:20:56.496-0800: 51.648: [GC (Allocation Failure) 2021-01-19T14:20:56.496-0800: 51.648: [DefNew: 2516543K->279615K(2516544K), 0.1082607 secs] 7677728K->5517852K(8108992K), 0.1101141 secs] [Times: user=0.07 sys=0.03, real=0.11 secs] 
2021-01-19T14:20:56.908-0800: 52.060: [GC (Allocation Failure) 2021-01-19T14:20:56.908-0800: 52.060: [DefNew: 2516543K->279615K(2516544K), 0.0981520 secs] 7754780K->5587374K(8108992K), 0.0982282 secs] [Times: user=0.06 sys=0.03, real=0.10 secs] 
2021-01-19T14:20:57.281-0800: 52.433: [GC (Allocation Failure) 2021-01-19T14:20:57.281-0800: 52.433: [DefNew: 2516543K->279615K(2516544K), 0.1258638 secs] 7824302K->5690727K(8108992K), 0.1259879 secs] [Times: user=0.07 sys=0.04, real=0.12 secs] 
2021-01-19T14:20:57.695-0800: 52.847: [GC (Allocation Failure) 2021-01-19T14:20:57.695-0800: 52.847: [DefNew: 2516543K->279615K(2516544K), 0.2253879 secs] 7927655K->5781975K(8108992K), 0.2254770 secs] [Times: user=0.08 sys=0.07, real=0.23 secs] 
2021-01-19T14:20:58.193-0800: 53.345: [GC (Allocation Failure) 2021-01-19T14:20:58.193-0800: 53.345: [DefNew: 2516543K->2516543K(2516544K), 0.0000192 secs]2021-01-19T14:20:58.193-0800: 53.345: [Tenured: 5502359K->475925K(5592448K), 0.0759483 secs] 8018903K->475925K(8108992K), [Metaspace: 2589K->2589K(1056768K)], 0.0760849 secs] [Times: user=0.07 sys=0.00, real=0.07 secs] 
2021-01-19T14:20:58.575-0800: 53.727: [GC (Allocation Failure) 2021-01-19T14:20:58.575-0800: 53.727: [DefNew: 2236928K->279615K(2516544K), 0.0459899 secs] 2712853K->803462K(8108992K), 0.0460983 secs] [Times: user=0.05 sys=0.00, real=0.05 secs] 
2021-01-19T14:20:58.898-0800: 54.050: [GC (Allocation Failure) 2021-01-19T14:20:58.898-0800: 54.050: [DefNew: 2516543K->279616K(2516544K), 0.0506389 secs] 3040390K->887507K(8108992K), 0.0507329 secs] [Times: user=0.05 sys=0.00, real=0.05 secs] 
2021-01-19T14:20:59.241-0800: 54.393: [GC (Allocation Failure) 2021-01-19T14:20:59.241-0800: 54.394: [DefNew: 2516544K->279615K(2516544K), 0.0538516 secs] 3124435K->970959K(8108992K), 0.0539864 secs] [Times: user=0.05 sys=0.00, real=0.05 secs] 
2021-01-19T14:20:59.574-0800: 54.726: [GC (Allocation Failure) 2021-01-19T14:20:59.574-0800: 54.726: [DefNew: 2516543K->279615K(2516544K), 0.0521142 secs] 3207887K->1054740K(8108992K), 0.0522073 secs] [Times: user=0.05 sys=0.00, real=0.05 secs] 
2021-01-19T14:20:59.902-0800: 55.054: [GC (Allocation Failure) 2021-01-19T14:20:59.902-0800: 55.054: [DefNew: 2516543K->279615K(2516544K), 0.0554997 secs] 3291668K->1151665K(8108992K), 0.0555897 secs] [Times: user=0.05 sys=0.00, real=0.05 secs] 
2021-01-19T14:21:00.258-0800: 55.410: [GC (Allocation Failure) 2021-01-19T14:21:00.258-0800: 55.410: [DefNew: 2516543K->279615K(2516544K), 0.0583865 secs] 3388593K->1240545K(8108992K), 0.0584942 secs] [Times: user=0.06 sys=0.00, real=0.06 secs] 
2021-01-19T14:21:00.613-0800: 55.766: [GC (Allocation Failure) 2021-01-19T14:21:00.613-0800: 55.766: [DefNew: 2516543K->279615K(2516544K), 0.0543455 secs] 3477473K->1336464K(8108992K), 0.0544520 secs] [Times: user=0.06 sys=0.00, real=0.05 secs] 
2021-01-19T14:21:00.980-0800: 56.132: [GC (Allocation Failure) 2021-01-19T14:21:00.980-0800: 56.132: [DefNew: 2516543K->279616K(2516544K), 0.0564781 secs] 3573392K->1433368K(8108992K), 0.0565760 secs] [Times: user=0.05 sys=0.00, real=0.05 secs] 
2021-01-19T14:21:01.332-0800: 56.484: [GC (Allocation Failure) 2021-01-19T14:21:01.332-0800: 56.484: [DefNew: 2516544K->279615K(2516544K), 0.0538277 secs] 3670296K->1517410K(8108992K), 0.0540574 secs] [Times: user=0.05 sys=0.00, real=0.05 secs] 
2021-01-19T14:21:01.677-0800: 56.829: [GC (Allocation Failure) 2021-01-19T14:21:01.677-0800: 56.829: [DefNew: 2516543K->279615K(2516544K), 0.0577005 secs] 3754338K->1606060K(8108992K), 0.0577949 secs] [Times: user=0.06 sys=0.00, real=0.06 secs] 
2021-01-19T14:21:02.026-0800: 57.178: [GC (Allocation Failure) 2021-01-19T14:21:02.026-0800: 57.178: [DefNew: 2516543K->279615K(2516544K), 0.0565321 secs] 3842988K->1676918K(8108992K), 0.0566398 secs] [Times: user=0.05 sys=0.00, real=0.06 secs] 
2021-01-19T14:21:02.386-0800: 57.538: [GC (Allocation Failure) 2021-01-19T14:21:02.386-0800: 57.538: [DefNew: 2516543K->279615K(2516544K), 0.0504449 secs] 3913846K->1757414K(8108992K), 0.0505427 secs] [Times: user=0.05 sys=0.00, real=0.05 secs] 
2021-01-19T14:21:02.757-0800: 57.909: [GC (Allocation Failure) 2021-01-19T14:21:02.757-0800: 57.909: [DefNew: 2516543K->279615K(2516544K), 0.0541679 secs] 3994342K->1831236K(8108992K), 0.0542652 secs] [Times: user=0.05 sys=0.00, real=0.06 secs] 
2021-01-19T14:21:03.093-0800: 58.245: [GC (Allocation Failure) 2021-01-19T14:21:03.093-0800: 58.245: [DefNew: 2516543K->279614K(2516544K), 0.0530716 secs] 4068164K->1920319K(8108992K), 0.0531658 secs] [Times: user=0.06 sys=0.00, real=0.05 secs] 
2021-01-19T14:21:03.437-0800: 58.589: [GC (Allocation Failure) 2021-01-19T14:21:03.437-0800: 58.589: [DefNew: 2516542K->279615K(2516544K), 0.0550680 secs] 4157247K->2015381K(8108992K), 0.0551568 secs] [Times: user=0.05 sys=0.00, real=0.06 secs] 
2021-01-19T14:21:03.803-0800: 58.955: [GC (Allocation Failure) 2021-01-19T14:21:03.803-0800: 58.955: [DefNew: 2516543K->279615K(2516544K), 0.0542792 secs] 4252309K->2098814K(8108992K), 0.0543806 secs] [Times: user=0.05 sys=0.00, real=0.05 secs] 
2021-01-19T14:21:04.150-0800: 59.303: [GC (Allocation Failure) 2021-01-19T14:21:04.151-0800: 59.303: [DefNew: 2516543K->279615K(2516544K), 0.0537309 secs] 4335742K->2182358K(8108992K), 0.0538195 secs] [Times: user=0.06 sys=0.00, real=0.05 secs] 
2021-01-19T14:21:04.497-0800: 59.649: [GC (Allocation Failure) 2021-01-19T14:21:04.497-0800: 59.649: [DefNew: 2516543K->279615K(2516544K), 0.0513401 secs] 4419286K->2275488K(8108992K), 0.0514192 secs] [Times: user=0.05 sys=0.00, real=0.05 secs] 
2021-01-19T14:21:04.849-0800: 60.001: [GC (Allocation Failure) 2021-01-19T14:21:04.849-0800: 60.001: [DefNew: 2516543K->279615K(2516544K), 0.0648562 secs] 4512416K->2365556K(8108992K), 0.0652234 secs] [Times: user=0.07 sys=0.00, real=0.07 secs] 
Heap
 def new generation   total 2516544K, used 413951K [0x00000005c0000000, 0x000000066aaa0000, 0x000000066aaa0000)
  eden space 2236928K,   6% used [0x00000005c0000000, 0x00000005c8330038, 0x0000000648880000)
  from space 279616K,  99% used [0x0000000648880000, 0x000000065998fed0, 0x0000000659990000)
  to   space 279616K,   0% used [0x0000000659990000, 0x0000000659990000, 0x000000066aaa0000)
 tenured generation   total 5592448K, used 2085940K [0x000000066aaa0000, 0x00000007c0000000, 0x00000007c0000000)
   the space 5592448K,  37% used [0x000000066aaa0000, 0x00000006e9fad3a0, 0x00000006e9fad400, 0x00000007c0000000)
 Metaspace       used 2595K, capacity 4490K, committed 4864K, reserved 1056768K
  class space    used 278K, capacity 386K, committed 512K, reserved 1048576K
