Java HotSpot(TM) 64-Bit Server VM (25.271-b09) for bsd-amd64 JRE (1.8.0_271-b09), built on Sep 16 2020 16:54:38 by "java_re" with gcc 4.2.1 Compatible Apple LLVM 10.0.0 (clang-1000.11.45.5)
Memory: 4k page, physical 16777216k(104004k free)

/proc/meminfo:

CommandLine flags: -XX:InitialHeapSize=268435456 -XX:MaxHeapSize=268435456 -XX:+PrintGC -XX:+PrintGCDateStamps -XX:+PrintGCDetails -XX:+PrintGCTimeStamps -XX:+UseCompressedClassPointers -XX:+UseCompressedOops -XX:+UseSerialGC 
2021-01-18T10:10:25.298-0800: 0.114: [GC (Allocation Failure) 2021-01-18T10:10:25.298-0800: 0.114: [DefNew: 69952K->8704K(78656K), 0.0127998 secs] 69952K->21105K(253440K), 0.0129240 secs] [Times: user=0.01 sys=0.01, real=0.02 secs] 
2021-01-18T10:10:25.325-0800: 0.141: [GC (Allocation Failure) 2021-01-18T10:10:25.325-0800: 0.141: [DefNew: 78577K->8700K(78656K), 0.0204645 secs] 90978K->42872K(253440K), 0.0205545 secs] [Times: user=0.01 sys=0.01, real=0.02 secs] 
2021-01-18T10:10:25.356-0800: 0.172: [GC (Allocation Failure) 2021-01-18T10:10:25.356-0800: 0.172: [DefNew: 78373K->8703K(78656K), 0.0145571 secs] 112546K->63283K(253440K), 0.0146670 secs] [Times: user=0.01 sys=0.00, real=0.02 secs] 
2021-01-18T10:10:25.380-0800: 0.196: [GC (Allocation Failure) 2021-01-18T10:10:25.380-0800: 0.196: [DefNew: 78518K->8701K(78656K), 0.0155215 secs] 133098K->88196K(253440K), 0.0156404 secs] [Times: user=0.01 sys=0.01, real=0.01 secs] 
2021-01-18T10:10:25.406-0800: 0.222: [GC (Allocation Failure) 2021-01-18T10:10:25.406-0800: 0.222: [DefNew: 78532K->8702K(78656K), 0.0155203 secs] 158027K->111048K(253440K), 0.0156120 secs] [Times: user=0.01 sys=0.01, real=0.02 secs] 
2021-01-18T10:10:25.432-0800: 0.248: [GC (Allocation Failure) 2021-01-18T10:10:25.432-0800: 0.248: [DefNew: 78351K->8703K(78656K), 0.0157822 secs] 180698K->134837K(253440K), 0.0158854 secs] [Times: user=0.01 sys=0.00, real=0.01 secs] 
2021-01-18T10:10:25.457-0800: 0.273: [GC (Allocation Failure) 2021-01-18T10:10:25.457-0800: 0.273: [DefNew: 78544K->8699K(78656K), 0.0166776 secs] 204679K->159628K(253440K), 0.0167651 secs] [Times: user=0.01 sys=0.01, real=0.02 secs] 
2021-01-18T10:10:25.480-0800: 0.297: [GC (Allocation Failure) 2021-01-18T10:10:25.481-0800: 0.297: [DefNew: 78583K->78583K(78656K), 0.0000179 secs]2021-01-18T10:10:25.481-0800: 0.297: [Tenured: 150929K->162850K(174784K), 0.0293929 secs] 229512K->162850K(253440K), [Metaspace: 2580K->2580K(1056768K)], 0.0295135 secs] [Times: user=0.03 sys=0.00, real=0.03 secs] 
2021-01-18T10:10:25.518-0800: 0.335: [GC (Allocation Failure) 2021-01-18T10:10:25.519-0800: 0.335: [DefNew: 69877K->69877K(78656K), 0.0000176 secs]2021-01-18T10:10:25.519-0800: 0.335: [Tenured: 162850K->174708K(174784K), 0.0251898 secs] 232728K->176615K(253440K), [Metaspace: 2580K->2580K(1056768K)], 0.0253070 secs] [Times: user=0.02 sys=0.01, real=0.03 secs] 
2021-01-18T10:10:25.552-0800: 0.369: [Full GC (Allocation Failure) 2021-01-18T10:10:25.553-0800: 0.369: [Tenured: 174708K->174370K(174784K), 0.0222940 secs] 253130K->193396K(253440K), [Metaspace: 2580K->2580K(1056768K)], 0.0223876 secs] [Times: user=0.02 sys=0.00, real=0.02 secs] 
2021-01-18T10:10:25.582-0800: 0.398: [Full GC (Allocation Failure) 2021-01-18T10:10:25.582-0800: 0.399: [Tenured: 174731K->174734K(174784K), 0.0282889 secs] 253342K->196179K(253440K), [Metaspace: 2580K->2580K(1056768K)], 0.0283848 secs] [Times: user=0.03 sys=0.00, real=0.03 secs] 
2021-01-18T10:10:25.617-0800: 0.433: [Full GC (Allocation Failure) 2021-01-18T10:10:25.617-0800: 0.433: [Tenured: 174734K->174738K(174784K), 0.0088783 secs] 252748K->216423K(253440K), [Metaspace: 2580K->2580K(1056768K)], 0.0089630 secs] [Times: user=0.01 sys=0.00, real=0.01 secs] 
2021-01-18T10:10:25.630-0800: 0.446: [Full GC (Allocation Failure) 2021-01-18T10:10:25.630-0800: 0.446: [Tenured: 174738K->174541K(174784K), 0.0197796 secs] 253137K->223614K(253440K), [Metaspace: 2580K->2580K(1056768K)], 0.0199072 secs] [Times: user=0.02 sys=0.00, real=0.02 secs] 
2021-01-18T10:10:25.654-0800: 0.470: [Full GC (Allocation Failure) 2021-01-18T10:10:25.654-0800: 0.470: [Tenured: 174674K->174742K(174784K), 0.0220566 secs] 253252K->226467K(253440K), [Metaspace: 2580K->2580K(1056768K)], 0.0221684 secs] [Times: user=0.02 sys=0.00, real=0.02 secs] 
2021-01-18T10:10:25.679-0800: 0.495: [Full GC (Allocation Failure) 2021-01-18T10:10:25.679-0800: 0.495: [Tenured: 174742K->174746K(174784K), 0.0280534 secs] 253296K->222323K(253440K), [Metaspace: 2580K->2580K(1056768K)], 0.0281456 secs] [Times: user=0.02 sys=0.00, real=0.03 secs] 
2021-01-18T10:10:25.710-0800: 0.526: [Full GC (Allocation Failure) 2021-01-18T10:10:25.710-0800: 0.527: [Tenured: 174746K->174746K(174784K), 0.0064023 secs] 253330K->232871K(253440K), [Metaspace: 2580K->2580K(1056768K)], 0.0064914 secs] [Times: user=0.01 sys=0.00, real=0.00 secs] 
2021-01-18T10:10:25.719-0800: 0.535: [Full GC (Allocation Failure) 2021-01-18T10:10:25.719-0800: 0.535: [Tenured: 174746K->174746K(174784K), 0.0076731 secs] 253337K->240750K(253440K), [Metaspace: 2580K->2580K(1056768K)], 0.0077584 secs] [Times: user=0.00 sys=0.00, real=0.01 secs] 
2021-01-18T10:10:25.728-0800: 0.544: [Full GC (Allocation Failure) 2021-01-18T10:10:25.728-0800: 0.544: [Tenured: 174746K->174746K(174784K), 0.0070417 secs] 252966K->246014K(253440K), [Metaspace: 2580K->2580K(1056768K)], 0.0071247 secs] [Times: user=0.00 sys=0.00, real=0.01 secs] 
2021-01-18T10:10:25.736-0800: 0.552: [Full GC (Allocation Failure) 2021-01-18T10:10:25.736-0800: 0.552: [Tenured: 174746K->174768K(174784K), 0.0285241 secs] 253401K->240285K(253440K), [Metaspace: 2580K->2580K(1056768K)], 0.0285925 secs] [Times: user=0.03 sys=0.00, real=0.03 secs] 
2021-01-18T10:10:25.766-0800: 0.582: [Full GC (Allocation Failure) 2021-01-18T10:10:25.766-0800: 0.582: [Tenured: 174768K->174768K(174784K), 0.0039107 secs] 253249K->242274K(253440K), [Metaspace: 2580K->2580K(1056768K)], 0.0039857 secs] [Times: user=0.01 sys=0.00, real=0.01 secs] 
2021-01-18T10:10:25.771-0800: 0.587: [Full GC (Allocation Failure) 2021-01-18T10:10:25.771-0800: 0.587: [Tenured: 174768K->174768K(174784K), 0.0062269 secs] 253301K->246281K(253440K), [Metaspace: 2580K->2580K(1056768K)], 0.0063215 secs] [Times: user=0.01 sys=0.00, real=0.00 secs] 
2021-01-18T10:10:25.779-0800: 0.595: [Full GC (Allocation Failure) 2021-01-18T10:10:25.779-0800: 0.595: [Tenured: 174768K->174768K(174784K), 0.0044248 secs] 253215K->247700K(253440K), [Metaspace: 2580K->2580K(1056768K)], 0.0045113 secs] [Times: user=0.00 sys=0.00, real=0.01 secs] 
2021-01-18T10:10:25.784-0800: 0.600: [Full GC (Allocation Failure) 2021-01-18T10:10:25.784-0800: 0.600: [Tenured: 174768K->174568K(174784K), 0.0297842 secs] 253370K->244441K(253440K), [Metaspace: 2580K->2580K(1056768K)], 0.0298559 secs] [Times: user=0.03 sys=0.00, real=0.03 secs] 
2021-01-18T10:10:25.815-0800: 0.631: [Full GC (Allocation Failure) 2021-01-18T10:10:25.815-0800: 0.631: [Tenured: 174568K->174568K(174784K), 0.0076762 secs] 253118K->246088K(253440K), [Metaspace: 2580K->2580K(1056768K)], 0.0077749 secs] [Times: user=0.01 sys=0.00, real=0.01 secs] 
2021-01-18T10:10:25.823-0800: 0.640: [Full GC (Allocation Failure) 2021-01-18T10:10:25.824-0800: 0.640: [Tenured: 174694K->174694K(174784K), 0.0018131 secs] 253332K->248134K(253440K), [Metaspace: 2580K->2580K(1056768K)], 0.0018785 secs] [Times: user=0.00 sys=0.00, real=0.00 secs] 
2021-01-18T10:10:25.826-0800: 0.642: [Full GC (Allocation Failure) 2021-01-18T10:10:25.826-0800: 0.642: [Tenured: 174694K->174694K(174784K), 0.0078235 secs] 253279K->250192K(253440K), [Metaspace: 2580K->2580K(1056768K)], 0.0079359 secs] [Times: user=0.01 sys=0.00, real=0.01 secs] 
2021-01-18T10:10:25.835-0800: 0.651: [Full GC (Allocation Failure) 2021-01-18T10:10:25.835-0800: 0.651: [Tenured: 174694K->174211K(174784K), 0.0296646 secs] 253162K->248539K(253440K), [Metaspace: 2580K->2580K(1056768K)], 0.0297332 secs] [Times: user=0.03 sys=0.00, real=0.03 secs] 
2021-01-18T10:10:25.865-0800: 0.681: [Full GC (Allocation Failure) 2021-01-18T10:10:25.865-0800: 0.681: [Tenured: 174670K->174670K(174784K), 0.0015390 secs] 253278K->249741K(253440K), [Metaspace: 2580K->2580K(1056768K)], 0.0015808 secs] [Times: user=0.00 sys=0.00, real=0.00 secs] 
2021-01-18T10:10:25.867-0800: 0.683: [Full GC (Allocation Failure) 2021-01-18T10:10:25.867-0800: 0.683: [Tenured: 174670K->174670K(174784K), 0.0040764 secs] 252989K->250453K(253440K), [Metaspace: 2580K->2580K(1056768K)], 0.0041272 secs] [Times: user=0.01 sys=0.00, real=0.01 secs] 
2021-01-18T10:10:25.872-0800: 0.688: [Full GC (Allocation Failure) 2021-01-18T10:10:25.872-0800: 0.688: [Tenured: 174670K->174670K(174784K), 0.0015718 secs] 253211K->251495K(253440K), [Metaspace: 2580K->2580K(1056768K)], 0.0016194 secs] [Times: user=0.00 sys=0.00, real=0.00 secs] 
2021-01-18T10:10:25.874-0800: 0.690: [Full GC (Allocation Failure) 2021-01-18T10:10:25.874-0800: 0.690: [Tenured: 174670K->174466K(174784K), 0.0251918 secs] 252628K->249634K(253440K), [Metaspace: 2580K->2580K(1056768K)], 0.0252564 secs] [Times: user=0.02 sys=0.00, real=0.02 secs] 
2021-01-18T10:10:25.899-0800: 0.715: [Full GC (Allocation Failure) 2021-01-18T10:10:25.899-0800: 0.715: [Tenured: 174466K->174466K(174784K), 0.0062205 secs] 253082K->250991K(253440K), [Metaspace: 2580K->2580K(1056768K)], 0.0063031 secs] [Times: user=0.01 sys=0.00, real=0.01 secs] 
2021-01-18T10:10:25.906-0800: 0.722: [Full GC (Allocation Failure) 2021-01-18T10:10:25.906-0800: 0.722: [Tenured: 174754K->174754K(174784K), 0.0054099 secs] 253377K->251881K(253440K), [Metaspace: 2580K->2580K(1056768K)], 0.0054874 secs] [Times: user=0.01 sys=0.00, real=0.01 secs] 
2021-01-18T10:10:25.912-0800: 0.728: [Full GC (Allocation Failure) 2021-01-18T10:10:25.912-0800: 0.728: [Tenured: 174754K->174754K(174784K), 0.0015217 secs] 253377K->252183K(253440K), [Metaspace: 2580K->2580K(1056768K)], 0.0015577 secs] [Times: user=0.00 sys=0.00, real=0.00 secs] 
2021-01-18T10:10:25.914-0800: 0.730: [Full GC (Allocation Failure) 2021-01-18T10:10:25.914-0800: 0.730: [Tenured: 174754K->174631K(174784K), 0.0212951 secs] 253241K->251202K(253440K), [Metaspace: 2580K->2580K(1056768K)], 0.0213586 secs] [Times: user=0.02 sys=0.00, real=0.02 secs] 
2021-01-18T10:10:25.936-0800: 0.752: [Full GC (Allocation Failure) 2021-01-18T10:10:25.936-0800: 0.752: [Tenured: 174631K->174631K(174784K), 0.0015571 secs] 253160K->251849K(253440K), [Metaspace: 2580K->2580K(1056768K)], 0.0015937 secs] [Times: user=0.00 sys=0.00, real=0.00 secs] 
2021-01-18T10:10:25.937-0800: 0.753: [Full GC (Allocation Failure) 2021-01-18T10:10:25.937-0800: 0.753: [Tenured: 174715K->174715K(174784K), 0.0060529 secs] 253360K->252914K(253440K), [Metaspace: 2580K->2580K(1056768K)], 0.0061022 secs] [Times: user=0.01 sys=0.00, real=0.01 secs] 
2021-01-18T10:10:25.943-0800: 0.760: [Full GC (Allocation Failure) 2021-01-18T10:10:25.944-0800: 0.760: [Tenured: 174715K->174703K(174784K), 0.0274497 secs] 252914K->252542K(253440K), [Metaspace: 2580K->2580K(1056768K)], 0.0275127 secs] [Times: user=0.02 sys=0.00, real=0.03 secs] 
2021-01-18T10:10:25.971-0800: 0.787: [Full GC (Allocation Failure) 2021-01-18T10:10:25.971-0800: 0.787: [Tenured: 174703K->174703K(174784K), 0.0014464 secs] 252906K->252542K(253440K), [Metaspace: 2580K->2580K(1056768K)], 0.0014821 secs] [Times: user=0.01 sys=0.00, real=0.00 secs] 
2021-01-18T10:10:25.973-0800: 0.789: [Full GC (Allocation Failure) 2021-01-18T10:10:25.973-0800: 0.789: [Tenured: 174703K->174703K(174784K), 0.0010589 secs] 253286K->252542K(253440K), [Metaspace: 2580K->2580K(1056768K)], 0.0010899 secs] [Times: user=0.00 sys=0.00, real=0.00 secs] 
2021-01-18T10:10:25.974-0800: 0.790: [Full GC (Allocation Failure) 2021-01-18T10:10:25.974-0800: 0.790: [Tenured: 174703K->174703K(174784K), 0.0009483 secs] 253184K->252542K(253440K), [Metaspace: 2580K->2580K(1056768K)], 0.0009746 secs] [Times: user=0.00 sys=0.00, real=0.00 secs] 
2021-01-18T10:10:25.975-0800: 0.791: [Full GC (Allocation Failure) 2021-01-18T10:10:25.975-0800: 0.791: [Tenured: 174703K->174703K(174784K), 0.0009651 secs] 252974K->252542K(253440K), [Metaspace: 2580K->2580K(1056768K)], 0.0009924 secs] [Times: user=0.00 sys=0.00, real=0.00 secs] 
2021-01-18T10:10:25.976-0800: 0.792: [Full GC (Allocation Failure) 2021-01-18T10:10:25.976-0800: 0.792: [Tenured: 174703K->174703K(174784K), 0.0024927 secs] 253090K->252972K(253440K), [Metaspace: 2580K->2580K(1056768K)], 0.0025709 secs] [Times: user=0.00 sys=0.00, real=0.00 secs] 
2021-01-18T10:10:25.979-0800: 0.795: [Full GC (Allocation Failure) 2021-01-18T10:10:25.979-0800: 0.795: [Tenured: 174703K->174703K(174784K), 0.0014178 secs] 253235K->252972K(253440K), [Metaspace: 2580K->2580K(1056768K)], 0.0014670 secs] [Times: user=0.00 sys=0.00, real=0.01 secs] 
2021-01-18T10:10:25.980-0800: 0.797: [Full GC (Allocation Failure) 2021-01-18T10:10:25.981-0800: 0.797: [Tenured: 174765K->174765K(174784K), 0.0022971 secs] 253350K->252753K(253440K), [Metaspace: 2580K->2580K(1056768K)], 0.0023544 secs] [Times: user=0.01 sys=0.00, real=0.00 secs] 
2021-01-18T10:10:25.983-0800: 0.799: [Full GC (Allocation Failure) 2021-01-18T10:10:25.983-0800: 0.799: [Tenured: 174765K->174765K(174784K), 0.0022037 secs] 252914K->252753K(253440K), [Metaspace: 2580K->2580K(1056768K)], 0.0022596 secs] [Times: user=0.00 sys=0.00, real=0.00 secs] 
2021-01-18T10:10:25.985-0800: 0.801: [Full GC (Allocation Failure) 2021-01-18T10:10:25.985-0800: 0.801: [Tenured: 174765K->174703K(174784K), 0.0014802 secs] 252753K->252691K(253440K), [Metaspace: 2580K->2580K(1056768K)], 0.0015173 secs] [Times: user=0.00 sys=0.00, real=0.00 secs] 
Heap
 def new generation   total 78656K, used 78083K [0x00000007b0000000, 0x00000007b5550000, 0x00000007b5550000)
  eden space 69952K, 100% used [0x00000007b0000000, 0x00000007b4450000, 0x00000007b4450000)
  from space 8704K,  93% used [0x00000007b4cd0000, 0x00000007b54c0d58, 0x00000007b5550000)
  to   space 8704K,   0% used [0x00000007b4450000, 0x00000007b4450000, 0x00000007b4cd0000)
 tenured generation   total 174784K, used 174703K [0x00000007b5550000, 0x00000007c0000000, 0x00000007c0000000)
   the space 174784K,  99% used [0x00000007b5550000, 0x00000007bffebe30, 0x00000007bffec000, 0x00000007c0000000)
 Metaspace       used 2611K, capacity 4486K, committed 4864K, reserved 1056768K
  class space    used 281K, capacity 386K, committed 512K, reserved 1048576K
