Java HotSpot(TM) 64-Bit Server VM (25.271-b09) for bsd-amd64 JRE (1.8.0_271-b09), built on Sep 16 2020 16:54:38 by "java_re" with gcc 4.2.1 Compatible Apple LLVM 10.0.0 (clang-1000.11.45.5)
Memory: 4k page, physical 16777216k(585832k free)

/proc/meminfo:

CommandLine flags: -XX:InitialHeapSize=536870912 -XX:MaxHeapSize=536870912 -XX:+PrintGC -XX:+PrintGCDateStamps -XX:+PrintGCDetails -XX:+PrintGCTimeStamps -XX:+UseCompressedClassPointers -XX:+UseCompressedOops -XX:+UseSerialGC 
2021-01-18T10:08:45.023-0800: 0.142: [GC (Allocation Failure) 2021-01-18T10:08:45.023-0800: 0.143: [DefNew: 139776K->17472K(157248K), 0.0273660 secs] 139776K->49554K(506816K), 0.0274759 secs] [Times: user=0.02 sys=0.02, real=0.03 secs] 
2021-01-18T10:08:45.070-0800: 0.190: [GC (Allocation Failure) 2021-01-18T10:08:45.070-0800: 0.190: [DefNew: 157248K->17471K(157248K), 0.0352335 secs] 189330K->95726K(506816K), 0.0353191 secs] [Times: user=0.02 sys=0.01, real=0.03 secs] 
2021-01-18T10:08:45.121-0800: 0.241: [GC (Allocation Failure) 2021-01-18T10:08:45.121-0800: 0.241: [DefNew: 157205K->17472K(157248K), 0.0292903 secs] 235459K->144361K(506816K), 0.0293824 secs] [Times: user=0.02 sys=0.01, real=0.03 secs] 
2021-01-18T10:08:45.168-0800: 0.288: [GC (Allocation Failure) 2021-01-18T10:08:45.168-0800: 0.288: [DefNew: 157248K->17471K(157248K), 0.0252119 secs] 284137K->187362K(506816K), 0.0253049 secs] [Times: user=0.02 sys=0.01, real=0.03 secs] 
2021-01-18T10:08:45.210-0800: 0.330: [GC (Allocation Failure) 2021-01-18T10:08:45.210-0800: 0.330: [DefNew: 156491K->17469K(157248K), 0.0251298 secs] 326382K->230497K(506816K), 0.0252218 secs] [Times: user=0.01 sys=0.01, real=0.02 secs] 
2021-01-18T10:08:45.251-0800: 0.371: [GC (Allocation Failure) 2021-01-18T10:08:45.251-0800: 0.371: [DefNew: 157245K->17472K(157248K), 0.0268280 secs] 370273K->276834K(506816K), 0.0269173 secs] [Times: user=0.02 sys=0.01, real=0.02 secs] 
2021-01-18T10:08:45.293-0800: 0.413: [GC (Allocation Failure) 2021-01-18T10:08:45.293-0800: 0.413: [DefNew: 157248K->17471K(157248K), 0.0279770 secs] 416610K->322754K(506816K), 0.0280694 secs] [Times: user=0.02 sys=0.01, real=0.03 secs] 
2021-01-18T10:08:45.337-0800: 0.457: [GC (Allocation Failure) 2021-01-18T10:08:45.337-0800: 0.457: [DefNew: 157247K->157247K(157248K), 0.0000183 secs]2021-01-18T10:08:45.337-0800: 0.457: [Tenured: 305283K->273021K(349568K), 0.0397253 secs] 462530K->273021K(506816K), [Metaspace: 2580K->2580K(1056768K)], 0.0398517 secs] [Times: user=0.04 sys=0.00, real=0.04 secs] 
2021-01-18T10:08:45.397-0800: 0.517: [GC (Allocation Failure) 2021-01-18T10:08:45.397-0800: 0.517: [DefNew: 139776K->17471K(157248K), 0.0071327 secs] 412797K->319087K(506816K), 0.0072363 secs] [Times: user=0.01 sys=0.00, real=0.01 secs] 
2021-01-18T10:08:45.422-0800: 0.542: [GC (Allocation Failure) 2021-01-18T10:08:45.423-0800: 0.542: [DefNew: 157238K->17471K(157248K), 0.0299287 secs] 458853K->367022K(506816K), 0.0300250 secs] [Times: user=0.02 sys=0.01, real=0.03 secs] 
2021-01-18T10:08:45.470-0800: 0.590: [GC (Allocation Failure) 2021-01-18T10:08:45.470-0800: 0.590: [DefNew: 157247K->157247K(157248K), 0.0000179 secs]2021-01-18T10:08:45.470-0800: 0.590: [Tenured: 349551K->305004K(349568K), 0.0428383 secs] 506798K->305004K(506816K), [Metaspace: 2580K->2580K(1056768K)], 0.0429766 secs] [Times: user=0.05 sys=0.00, real=0.04 secs] 
2021-01-18T10:08:45.535-0800: 0.655: [GC (Allocation Failure) 2021-01-18T10:08:45.535-0800: 0.655: [DefNew: 139559K->139559K(157248K), 0.0000216 secs]2021-01-18T10:08:45.535-0800: 0.655: [Tenured: 305004K->313187K(349568K), 0.0450582 secs] 444564K->313187K(506816K), [Metaspace: 2580K->2580K(1056768K)], 0.0452143 secs] [Times: user=0.04 sys=0.00, real=0.05 secs] 
2021-01-18T10:08:45.600-0800: 0.720: [GC (Allocation Failure) 2021-01-18T10:08:45.600-0800: 0.720: [DefNew: 139776K->139776K(157248K), 0.0000222 secs]2021-01-18T10:08:45.600-0800: 0.720: [Tenured: 313187K->302657K(349568K), 0.0472052 secs] 452963K->302657K(506816K), [Metaspace: 2580K->2580K(1056768K)], 0.0473628 secs] [Times: user=0.05 sys=0.00, real=0.04 secs] 
2021-01-18T10:08:45.670-0800: 0.790: [GC (Allocation Failure) 2021-01-18T10:08:45.670-0800: 0.790: [DefNew: 139583K->17471K(157248K), 0.0066706 secs] 442241K->349598K(506816K), 0.0067729 secs] [Times: user=0.01 sys=0.00, real=0.00 secs] 
2021-01-18T10:08:45.696-0800: 0.815: [GC (Allocation Failure) 2021-01-18T10:08:45.696-0800: 0.816: [DefNew: 156586K->156586K(157248K), 0.0000169 secs]2021-01-18T10:08:45.696-0800: 0.816: [Tenured: 332126K->338354K(349568K), 0.0368240 secs] 488712K->338354K(506816K), [Metaspace: 2580K->2580K(1056768K)], 0.0369466 secs] [Times: user=0.03 sys=0.00, real=0.04 secs] 
2021-01-18T10:08:45.752-0800: 0.872: [GC (Allocation Failure) 2021-01-18T10:08:45.752-0800: 0.872: [DefNew: 139776K->139776K(157248K), 0.0000170 secs]2021-01-18T10:08:45.752-0800: 0.872: [Tenured: 338354K->348342K(349568K), 0.0449961 secs] 478130K->348342K(506816K), [Metaspace: 2580K->2580K(1056768K)], 0.0451261 secs] [Times: user=0.05 sys=0.00, real=0.04 secs] 
2021-01-18T10:08:45.819-0800: 0.939: [GC (Allocation Failure) 2021-01-18T10:08:45.819-0800: 0.939: [DefNew: 139776K->139776K(157248K), 0.0000187 secs]2021-01-18T10:08:45.819-0800: 0.939: [Tenured: 348342K->349559K(349568K), 0.0470043 secs] 488118K->355284K(506816K), [Metaspace: 2580K->2580K(1056768K)], 0.0471365 secs] [Times: user=0.04 sys=0.01, real=0.05 secs] 
2021-01-18T10:08:45.891-0800: 1.011: [Full GC (Allocation Failure) 2021-01-18T10:08:45.891-0800: 1.011: [Tenured: 349559K->348819K(349568K), 0.0532065 secs] 506787K->349983K(506816K), [Metaspace: 2580K->2580K(1056768K)], 0.0533170 secs] [Times: user=0.05 sys=0.00, real=0.05 secs] 
2021-01-18T10:08:45.969-0800: 1.089: [Full GC (Allocation Failure) 2021-01-18T10:08:45.969-0800: 1.089: [Tenured: 349532K->349553K(349568K), 0.0324357 secs] 506728K->375203K(506816K), [Metaspace: 2580K->2580K(1056768K)], 0.0325420 secs] [Times: user=0.03 sys=0.00, real=0.04 secs] 
2021-01-18T10:08:46.022-0800: 1.142: [Full GC (Allocation Failure) 2021-01-18T10:08:46.026-0800: 1.146: [Tenured: 349553K->349065K(349568K), 0.0425859 secs] 506576K->372535K(506816K), [Metaspace: 2580K->2580K(1056768K)], 0.0465252 secs] [Times: user=0.04 sys=0.00, real=0.04 secs] 
2021-01-18T10:08:46.090-0800: 1.210: [Full GC (Allocation Failure) 2021-01-18T10:08:46.090-0800: 1.210: [Tenured: 349527K->349512K(349568K), 0.0470174 secs] 506775K->381523K(506816K), [Metaspace: 2580K->2580K(1056768K)], 0.0471343 secs] [Times: user=0.05 sys=0.00, real=0.04 secs] 
2021-01-18T10:08:46.155-0800: 1.275: [Full GC (Allocation Failure) 2021-01-18T10:08:46.155-0800: 1.275: [Tenured: 349512K->349315K(349568K), 0.0528082 secs] 506742K->354825K(506816K), [Metaspace: 2580K->2580K(1056768K)], 0.0529347 secs] [Times: user=0.05 sys=0.00, real=0.05 secs] 
2021-01-18T10:08:46.230-0800: 1.350: [Full GC (Allocation Failure) 2021-01-18T10:08:46.230-0800: 1.350: [Tenured: 349315K->349317K(349568K), 0.0403817 secs] 506275K->368987K(506816K), [Metaspace: 2580K->2580K(1056768K)], 0.0405056 secs] [Times: user=0.04 sys=0.00, real=0.04 secs] 
2021-01-18T10:08:46.291-0800: 1.411: [Full GC (Allocation Failure) 2021-01-18T10:08:46.291-0800: 1.411: [Tenured: 349535K->349488K(349568K), 0.0453176 secs] 506698K->368569K(506816K), [Metaspace: 2580K->2580K(1056768K)], 0.0454518 secs] [Times: user=0.05 sys=0.00, real=0.04 secs] 
2021-01-18T10:08:46.359-0800: 1.478: [Full GC (Allocation Failure) 2021-01-18T10:08:46.359-0800: 1.479: [Tenured: 349488K->349467K(349568K), 0.0483483 secs] 506614K->373411K(506816K), [Metaspace: 2580K->2580K(1056768K)], 0.0484822 secs] [Times: user=0.05 sys=0.00, real=0.05 secs] 
2021-01-18T10:08:46.429-0800: 1.548: [Full GC (Allocation Failure) 2021-01-18T10:08:46.429-0800: 1.548: [Tenured: 349537K->349432K(349568K), 0.0542000 secs] 506783K->357263K(506816K), [Metaspace: 2580K->2580K(1056768K)], 0.0543263 secs] [Times: user=0.05 sys=0.00, real=0.06 secs] 
2021-01-18T10:08:46.506-0800: 1.626: [Full GC (Allocation Failure) 2021-01-18T10:08:46.506-0800: 1.626: [Tenured: 349432K->349396K(349568K), 0.0377627 secs] 506521K->378208K(506816K), [Metaspace: 2580K->2580K(1056768K)], 0.0378902 secs] [Times: user=0.04 sys=0.00, real=0.04 secs] 
2021-01-18T10:08:46.564-0800: 1.684: [Full GC (Allocation Failure) 2021-01-18T10:08:46.564-0800: 1.684: [Tenured: 349557K->349098K(349568K), 0.0468891 secs] 506751K->378670K(506816K), [Metaspace: 2580K->2580K(1056768K)], 0.0469956 secs] [Times: user=0.05 sys=0.00, real=0.05 secs] 
2021-01-18T10:08:46.631-0800: 1.751: [Full GC (Allocation Failure) 2021-01-18T10:08:46.631-0800: 1.751: [Tenured: 349386K->349468K(349568K), 0.0521170 secs] 506496K->389734K(506816K), [Metaspace: 2580K->2580K(1056768K)], 0.0522275 secs] [Times: user=0.05 sys=0.00, real=0.05 secs] 
2021-01-18T10:08:46.702-0800: 1.822: [Full GC (Allocation Failure) 2021-01-18T10:08:46.702-0800: 1.822: [Tenured: 349542K->349431K(349568K), 0.0548198 secs] 506753K->372914K(506816K), [Metaspace: 2580K->2580K(1056768K)], 0.0549306 secs] [Times: user=0.05 sys=0.00, real=0.05 secs] 
2021-01-18T10:08:46.778-0800: 1.898: [Full GC (Allocation Failure) 2021-01-18T10:08:46.778-0800: 1.898: [Tenured: 349431K->349361K(349568K), 0.0398629 secs] 506371K->390409K(506816K), [Metaspace: 2580K->2580K(1056768K)], 0.0399647 secs] [Times: user=0.04 sys=0.00, real=0.04 secs] 
2021-01-18T10:08:46.837-0800: 1.957: [Full GC (Allocation Failure) 2021-01-18T10:08:46.837-0800: 1.957: [Tenured: 349505K->349537K(349568K), 0.0437585 secs] 506624K->384291K(506816K), [Metaspace: 2580K->2580K(1056768K)], 0.0438759 secs] [Times: user=0.05 sys=0.00, real=0.05 secs] 
2021-01-18T10:08:46.900-0800: 2.020: [Full GC (Allocation Failure) 2021-01-18T10:08:46.900-0800: 2.020: [Tenured: 349537K->349467K(349568K), 0.0477440 secs] 506751K->385832K(506816K), [Metaspace: 2580K->2580K(1056768K)], 0.0478477 secs] [Times: user=0.05 sys=0.00, real=0.04 secs] 
2021-01-18T10:08:46.967-0800: 2.086: [Full GC (Allocation Failure) 2021-01-18T10:08:46.967-0800: 2.086: [Tenured: 349467K->349543K(349568K), 0.0556218 secs] 506560K->369007K(506816K), [Metaspace: 2580K->2580K(1056768K)], 0.0557194 secs] [Times: user=0.06 sys=0.00, real=0.06 secs] 
2021-01-18T10:08:47.044-0800: 2.164: [Full GC (Allocation Failure) 2021-01-18T10:08:47.044-0800: 2.164: [Tenured: 349543K->349228K(349568K), 0.0352320 secs] 506634K->382848K(506816K), [Metaspace: 2580K->2580K(1056768K)], 0.0353160 secs] [Times: user=0.03 sys=0.00, real=0.04 secs] 
2021-01-18T10:08:47.100-0800: 2.219: [Full GC (Allocation Failure) 2021-01-18T10:08:47.100-0800: 2.220: [Tenured: 349228K->349539K(349568K), 0.0412378 secs] 506459K->385185K(506816K), [Metaspace: 2580K->2580K(1056768K)], 0.0413404 secs] [Times: user=0.04 sys=0.00, real=0.04 secs] 
2021-01-18T10:08:47.160-0800: 2.280: [Full GC (Allocation Failure) 2021-01-18T10:08:47.160-0800: 2.280: [Tenured: 349539K->349010K(349568K), 0.0471396 secs] 506474K->385462K(506816K), [Metaspace: 2580K->2580K(1056768K)], 0.0472453 secs] [Times: user=0.05 sys=0.00, real=0.04 secs] 
2021-01-18T10:08:47.227-0800: 2.347: [Full GC (Allocation Failure) 2021-01-18T10:08:47.227-0800: 2.347: [Tenured: 349381K->349507K(349568K), 0.0522245 secs] 506477K->362907K(506816K), [Metaspace: 2580K->2580K(1056768K)], 0.0523258 secs] [Times: user=0.05 sys=0.00, real=0.06 secs] 
2021-01-18T10:08:47.301-0800: 2.420: [Full GC (Allocation Failure) 2021-01-18T10:08:47.301-0800: 2.420: [Tenured: 349507K->349431K(349568K), 0.0387928 secs] 506399K->383311K(506816K), [Metaspace: 2580K->2580K(1056768K)], 0.0389027 secs] [Times: user=0.04 sys=0.00, real=0.03 secs] 
2021-01-18T10:08:47.356-0800: 2.476: [Full GC (Allocation Failure) 2021-01-18T10:08:47.357-0800: 2.476: [Tenured: 349431K->349274K(349568K), 0.0453094 secs] 506564K->387057K(506816K), [Metaspace: 2580K->2580K(1056768K)], 0.0454148 secs] [Times: user=0.04 sys=0.00, real=0.05 secs] 
2021-01-18T10:08:47.420-0800: 2.539: [Full GC (Allocation Failure) 2021-01-18T10:08:47.420-0800: 2.539: [Tenured: 349274K->349376K(349568K), 0.0509115 secs] 506385K->395201K(506816K), [Metaspace: 2580K->2580K(1056768K)], 0.0510247 secs] [Times: user=0.05 sys=0.00, real=0.05 secs] 
2021-01-18T10:08:47.488-0800: 2.607: [Full GC (Allocation Failure) 2021-01-18T10:08:47.488-0800: 2.607: [Tenured: 349376K->349475K(349568K), 0.0551659 secs] 506579K->376339K(506816K), [Metaspace: 2580K->2580K(1056768K)], 0.0552753 secs] [Times: user=0.05 sys=0.00, real=0.06 secs] 
2021-01-18T10:08:47.563-0800: 2.683: [Full GC (Allocation Failure) 2021-01-18T10:08:47.563-0800: 2.683: [Tenured: 349475K->349552K(349568K), 0.0327046 secs] 506665K->396691K(506816K), [Metaspace: 2580K->2580K(1056768K)], 0.0328071 secs] [Times: user=0.03 sys=0.00, real=0.03 secs] 
2021-01-18T10:08:47.612-0800: 2.732: [Full GC (Allocation Failure) 2021-01-18T10:08:47.613-0800: 2.732: [Tenured: 349552K->349514K(349568K), 0.0458725 secs] 506677K->399380K(506816K), [Metaspace: 2580K->2580K(1056768K)], 0.0459813 secs] [Times: user=0.05 sys=0.00, real=0.04 secs] 
2021-01-18T10:08:47.675-0800: 2.794: [Full GC (Allocation Failure) 2021-01-18T10:08:47.675-0800: 2.794: [Tenured: 349514K->349315K(349568K), 0.0508925 secs] 506657K->398551K(506816K), [Metaspace: 2580K->2580K(1056768K)], 0.0509941 secs] [Times: user=0.05 sys=0.00, real=0.05 secs] 
2021-01-18T10:08:47.743-0800: 2.863: [Full GC (Allocation Failure) 2021-01-18T10:08:47.743-0800: 2.863: [Tenured: 349459K->349284K(349568K), 0.0563623 secs] 506684K->380649K(506816K), [Metaspace: 2580K->2580K(1056768K)], 0.0564693 secs] [Times: user=0.06 sys=0.00, real=0.05 secs] 
2021-01-18T10:08:47.819-0800: 2.939: [Full GC (Allocation Failure) 2021-01-18T10:08:47.819-0800: 2.939: [Tenured: 349367K->349336K(349568K), 0.0331186 secs] 506547K->395713K(506816K), [Metaspace: 2580K->2580K(1056768K)], 0.0332228 secs] [Times: user=0.04 sys=0.00, real=0.04 secs] 
2021-01-18T10:08:47.868-0800: 2.988: [Full GC (Allocation Failure) 2021-01-18T10:08:47.868-0800: 2.988: [Tenured: 349336K->349465K(349568K), 0.0452232 secs] 506465K->397907K(506816K), [Metaspace: 2580K->2580K(1056768K)], 0.0453198 secs] [Times: user=0.05 sys=0.00, real=0.05 secs] 
2021-01-18T10:08:47.931-0800: 3.051: [Full GC (Allocation Failure) 2021-01-18T10:08:47.931-0800: 3.051: [Tenured: 349503K->349564K(349568K), 0.0492184 secs] 506749K->401044K(506816K), [Metaspace: 2580K->2580K(1056768K)], 0.0493189 secs] [Times: user=0.04 sys=0.00, real=0.05 secs] 
2021-01-18T10:08:47.997-0800: 3.116: [Full GC (Allocation Failure) 2021-01-18T10:08:47.997-0800: 3.116: [Tenured: 349564K->349332K(349568K), 0.0572061 secs] 506803K->384053K(506816K), [Metaspace: 2580K->2580K(1056768K)], 0.0573208 secs] [Times: user=0.06 sys=0.00, real=0.06 secs] 
2021-01-18T10:08:48.072-0800: 3.192: [Full GC (Allocation Failure) 2021-01-18T10:08:48.072-0800: 3.192: [Tenured: 349332K->348978K(349568K), 0.0362792 secs] 506537K->405297K(506816K), [Metaspace: 2580K->2580K(1056768K)], 0.0363830 secs] [Times: user=0.03 sys=0.00, real=0.03 secs] 
2021-01-18T10:08:48.123-0800: 3.243: [Full GC (Allocation Failure) 2021-01-18T10:08:48.123-0800: 3.243: [Tenured: 349487K->349168K(349568K), 0.0464046 secs] 506717K->408641K(506816K), [Metaspace: 2580K->2580K(1056768K)], 0.0464915 secs] [Times: user=0.04 sys=0.00, real=0.05 secs] 
2021-01-18T10:08:48.183-0800: 3.303: [Full GC (Allocation Failure) 2021-01-18T10:08:48.183-0800: 3.303: [Tenured: 349552K->349476K(349568K), 0.0488631 secs] 506797K->405575K(506816K), [Metaspace: 2580K->2580K(1056768K)], 0.0489654 secs] [Times: user=0.04 sys=0.00, real=0.05 secs] 
2021-01-18T10:08:48.247-0800: 3.367: [Full GC (Allocation Failure) 2021-01-18T10:08:48.247-0800: 3.367: [Tenured: 349476K->349046K(349568K), 0.0560891 secs] 506608K->386753K(506816K), [Metaspace: 2580K->2580K(1056768K)], 0.0561963 secs] [Times: user=0.06 sys=0.00, real=0.06 secs] 
2021-01-18T10:08:48.321-0800: 3.441: [Full GC (Allocation Failure) 2021-01-18T10:08:48.321-0800: 3.441: [Tenured: 349374K->349454K(349568K), 0.0380695 secs] 506535K->409402K(506816K), [Metaspace: 2580K->2580K(1056768K)], 0.0381719 secs] [Times: user=0.04 sys=0.00, real=0.03 secs] 
2021-01-18T10:08:48.373-0800: 3.493: [Full GC (Allocation Failure) 2021-01-18T10:08:48.373-0800: 3.493: [Tenured: 349550K->349534K(349568K), 0.0437946 secs] 506729K->408140K(506816K), [Metaspace: 2580K->2580K(1056768K)], 0.0438889 secs] [Times: user=0.05 sys=0.00, real=0.04 secs] 
2021-01-18T10:08:48.432-0800: 3.552: [Full GC (Allocation Failure) 2021-01-18T10:08:48.432-0800: 3.552: [Tenured: 349552K->349542K(349568K), 0.0497246 secs] 506797K->407660K(506816K), [Metaspace: 2580K->2580K(1056768K)], 0.0498225 secs] [Times: user=0.05 sys=0.00, real=0.05 secs] 
2021-01-18T10:08:48.497-0800: 3.616: [Full GC (Allocation Failure) 2021-01-18T10:08:48.497-0800: 3.616: [Tenured: 349542K->349516K(349568K), 0.0573531 secs] 506741K->389945K(506816K), [Metaspace: 2580K->2580K(1056768K)], 0.0574585 secs] [Times: user=0.05 sys=0.00, real=0.06 secs] 
2021-01-18T10:08:48.571-0800: 3.691: [Full GC (Allocation Failure) 2021-01-18T10:08:48.571-0800: 3.691: [Tenured: 349516K->349023K(349568K), 0.0352281 secs] 506681K->402113K(506816K), [Metaspace: 2580K->2580K(1056768K)], 0.0353287 secs] [Times: user=0.04 sys=0.00, real=0.03 secs] 
2021-01-18T10:08:48.622-0800: 3.742: [Full GC (Allocation Failure) 2021-01-18T10:08:48.622-0800: 3.742: [Tenured: 349488K->349545K(349568K), 0.0454363 secs] 506646K->403692K(506816K), [Metaspace: 2580K->2580K(1056768K)], 0.0455449 secs] [Times: user=0.05 sys=0.00, real=0.04 secs] 
2021-01-18T10:08:48.684-0800: 3.804: [Full GC (Allocation Failure) 2021-01-18T10:08:48.684-0800: 3.804: [Tenured: 349545K->349563K(349568K), 0.0488427 secs] 506577K->392763K(506816K), [Metaspace: 2580K->2580K(1056768K)], 0.0489453 secs] [Times: user=0.05 sys=0.00, real=0.05 secs] 
2021-01-18T10:08:48.751-0800: 3.871: [Full GC (Allocation Failure) 2021-01-18T10:08:48.751-0800: 3.871: [Tenured: 349563K->349358K(349568K), 0.0552717 secs] 506603K->379827K(506816K), [Metaspace: 2580K->2580K(1056768K)], 0.0553905 secs] [Times: user=0.05 sys=0.00, real=0.05 secs] 
2021-01-18T10:08:48.827-0800: 3.946: [Full GC (Allocation Failure) 2021-01-18T10:08:48.827-0800: 3.946: [Tenured: 349358K->349434K(349568K), 0.0308787 secs] 506377K->397328K(506816K), [Metaspace: 2580K->2580K(1056768K)], 0.0309726 secs] [Times: user=0.03 sys=0.00, real=0.03 secs] 
2021-01-18T10:08:48.873-0800: 3.993: [Full GC (Allocation Failure) 2021-01-18T10:08:48.873-0800: 3.993: [Tenured: 349434K->349163K(349568K), 0.0438645 secs] 506622K->397931K(506816K), [Metaspace: 2580K->2580K(1056768K)], 0.0439644 secs] [Times: user=0.04 sys=0.00, real=0.04 secs] 
2021-01-18T10:08:48.932-0800: 4.052: [Full GC (Allocation Failure) 2021-01-18T10:08:48.932-0800: 4.052: [Tenured: 349551K->349261K(349568K), 0.0491449 secs] 506768K->405235K(506816K), [Metaspace: 2580K->2580K(1056768K)], 0.0492446 secs] [Times: user=0.05 sys=0.01, real=0.05 secs] 
2021-01-18T10:08:48.998-0800: 4.117: [Full GC (Allocation Failure) 2021-01-18T10:08:48.998-0800: 4.117: [Tenured: 349502K->349434K(349568K), 0.0572864 secs] 506734K->385587K(506816K), [Metaspace: 2580K->2580K(1056768K)], 0.0574201 secs] [Times: user=0.06 sys=0.00, real=0.06 secs] 
2021-01-18T10:08:49.074-0800: 4.194: [Full GC (Allocation Failure) 2021-01-18T10:08:49.074-0800: 4.194: [Tenured: 349524K->349459K(349568K), 0.0361089 secs] 506731K->395539K(506816K), [Metaspace: 2580K->2580K(1056768K)], 0.0362027 secs] [Times: user=0.04 sys=0.00, real=0.04 secs] 
2021-01-18T10:08:49.127-0800: 4.247: [Full GC (Allocation Failure) 2021-01-18T10:08:49.127-0800: 4.247: [Tenured: 349459K->349041K(349568K), 0.0435569 secs] 506673K->395740K(506816K), [Metaspace: 2580K->2580K(1056768K)], 0.0436645 secs] [Times: user=0.05 sys=0.00, real=0.05 secs] 
2021-01-18T10:08:49.189-0800: 4.309: [Full GC (Allocation Failure) 2021-01-18T10:08:49.189-0800: 4.309: [Tenured: 349041K->349371K(349568K), 0.0451969 secs] 506149K->387561K(506816K), [Metaspace: 2580K->2580K(1056768K)], 0.0452927 secs] [Times: user=0.04 sys=0.00, real=0.05 secs] 
2021-01-18T10:08:49.251-0800: 4.371: [Full GC (Allocation Failure) 2021-01-18T10:08:49.251-0800: 4.371: [Tenured: 349371K->349391K(349568K), 0.0544923 secs] 505874K->375284K(506816K), [Metaspace: 2580K->2580K(1056768K)], 0.0546239 secs] [Times: user=0.05 sys=0.00, real=0.05 secs] 
2021-01-18T10:08:49.325-0800: 4.445: [Full GC (Allocation Failure) 2021-01-18T10:08:49.325-0800: 4.445: [Tenured: 349500K->349325K(349568K), 0.0371160 secs] 506656K->393376K(506816K), [Metaspace: 2580K->2580K(1056768K)], 0.0372479 secs] [Times: user=0.04 sys=0.00, real=0.04 secs] 
2021-01-18T10:08:49.379-0800: 4.499: [Full GC (Allocation Failure) 2021-01-18T10:08:49.379-0800: 4.499: [Tenured: 349496K->349401K(349568K), 0.0465636 secs] 506694K->390054K(506816K), [Metaspace: 2580K->2580K(1056768K)], 0.0466740 secs] [Times: user=0.05 sys=0.00, real=0.05 secs] 
2021-01-18T10:08:49.443-0800: 4.563: [Full GC (Allocation Failure) 2021-01-18T10:08:49.443-0800: 4.563: [Tenured: 349473K->349559K(349568K), 0.0502063 secs] 506664K->393805K(506816K), [Metaspace: 2580K->2580K(1056768K)], 0.0503079 secs] [Times: user=0.05 sys=0.00, real=0.05 secs] 
2021-01-18T10:08:49.510-0800: 4.629: [Full GC (Allocation Failure) 2021-01-18T10:08:49.510-0800: 4.630: [Tenured: 349559K->349535K(349568K), 0.0559316 secs] 506781K->379525K(506816K), [Metaspace: 2580K->2580K(1056768K)], 0.0560532 secs] [Times: user=0.06 sys=0.00, real=0.05 secs] 
2021-01-18T10:08:49.585-0800: 4.705: [Full GC (Allocation Failure) 2021-01-18T10:08:49.585-0800: 4.705: [Tenured: 349535K->349497K(349568K), 0.0388061 secs] 506546K->390466K(506816K), [Metaspace: 2580K->2580K(1056768K)], 0.0389260 secs] [Times: user=0.04 sys=0.00, real=0.04 secs] 
2021-01-18T10:08:49.642-0800: 4.761: [Full GC (Allocation Failure) 2021-01-18T10:08:49.642-0800: 4.761: [Tenured: 349497K->349145K(349568K), 0.0476813 secs] 506675K->395810K(506816K), [Metaspace: 2580K->2580K(1056768K)], 0.0477864 secs] [Times: user=0.05 sys=0.00, real=0.04 secs] 
2021-01-18T10:08:49.705-0800: 4.825: [Full GC (Allocation Failure) 2021-01-18T10:08:49.705-0800: 4.825: [Tenured: 349273K->349539K(349568K), 0.0501478 secs] 506407K->403875K(506816K), [Metaspace: 2580K->2580K(1056768K)], 0.0502492 secs] [Times: user=0.05 sys=0.00, real=0.05 secs] 
2021-01-18T10:08:49.770-0800: 4.890: [Full GC (Allocation Failure) 2021-01-18T10:08:49.770-0800: 4.890: [Tenured: 349557K->349469K(349568K), 0.0561944 secs] 506803K->383528K(506816K), [Metaspace: 2580K->2580K(1056768K)], 0.0563047 secs] [Times: user=0.06 sys=0.00, real=0.05 secs] 
2021-01-18T10:08:49.846-0800: 4.965: [Full GC (Allocation Failure) 2021-01-18T10:08:49.846-0800: 4.965: [Tenured: 349523K->349434K(349568K), 0.0361605 secs] 506753K->400985K(506816K), [Metaspace: 2580K->2580K(1056768K)], 0.0362653 secs] [Times: user=0.03 sys=0.00, real=0.04 secs] 
2021-01-18T10:08:49.898-0800: 5.018: [Full GC (Allocation Failure) 2021-01-18T10:08:49.898-0800: 5.018: [Tenured: 349434K->349341K(349568K), 0.0447102 secs] 506646K->396261K(506816K), [Metaspace: 2580K->2580K(1056768K)], 0.0448083 secs] [Times: user=0.04 sys=0.00, real=0.05 secs] 
2021-01-18T10:08:49.959-0800: 5.078: [Full GC (Allocation Failure) 2021-01-18T10:08:49.959-0800: 5.079: [Tenured: 349341K->349553K(349568K), 0.0493977 secs] 506519K->398704K(506816K), [Metaspace: 2580K->2580K(1056768K)], 0.0494955 secs] [Times: user=0.05 sys=0.00, real=0.05 secs] 
2021-01-18T10:08:50.024-0800: 5.144: [Full GC (Allocation Failure) 2021-01-18T10:08:50.024-0800: 5.144: [Tenured: 349553K->349519K(349568K), 0.0568069 secs] 506741K->381294K(506816K), [Metaspace: 2580K->2580K(1056768K)], 0.0569161 secs] [Times: user=0.06 sys=0.00, real=0.06 secs] 
2021-01-18T10:08:50.100-0800: 5.219: [Full GC (Allocation Failure) 2021-01-18T10:08:50.100-0800: 5.219: [Tenured: 349519K->349253K(349568K), 0.0373893 secs] 506450K->392957K(506816K), [Metaspace: 2580K->2580K(1056768K)], 0.0374944 secs] [Times: user=0.04 sys=0.00, real=0.03 secs] 
2021-01-18T10:08:50.153-0800: 5.273: [Full GC (Allocation Failure) 2021-01-18T10:08:50.153-0800: 5.273: [Tenured: 349253K->349538K(349568K), 0.0469125 secs] 506038K->397708K(506816K), [Metaspace: 2580K->2580K(1056768K)], 0.0470172 secs] [Times: user=0.05 sys=0.00, real=0.05 secs] 
2021-01-18T10:08:50.215-0800: 5.335: [Full GC (Allocation Failure) 2021-01-18T10:08:50.215-0800: 5.335: [Tenured: 349538K->349515K(349568K), 0.0496888 secs] 506752K->395538K(506816K), [Metaspace: 2580K->2580K(1056768K)], 0.0497811 secs] [Times: user=0.05 sys=0.00, real=0.05 secs] 
2021-01-18T10:08:50.280-0800: 5.400: [Full GC (Allocation Failure) 2021-01-18T10:08:50.280-0800: 5.400: [Tenured: 349515K->349496K(349568K), 0.0553205 secs] 506512K->383901K(506816K), [Metaspace: 2580K->2580K(1056768K)], 0.0554182 secs] [Times: user=0.05 sys=0.00, real=0.05 secs] 
2021-01-18T10:08:50.355-0800: 5.475: [Full GC (Allocation Failure) 2021-01-18T10:08:50.355-0800: 5.475: [Tenured: 349496K->349151K(349568K), 0.0329658 secs] 506574K->400554K(506816K), [Metaspace: 2580K->2580K(1056768K)], 0.0330733 secs] [Times: user=0.04 sys=0.00, real=0.03 secs] 
2021-01-18T10:08:50.403-0800: 5.523: [Full GC (Allocation Failure) 2021-01-18T10:08:50.403-0800: 5.523: [Tenured: 349536K->348813K(349568K), 0.0442387 secs] 506716K->409861K(506816K), [Metaspace: 2580K->2580K(1056768K)], 0.0443430 secs] [Times: user=0.04 sys=0.00, real=0.04 secs] 
2021-01-18T10:08:50.462-0800: 5.582: [Full GC (Allocation Failure) 2021-01-18T10:08:50.462-0800: 5.582: [Tenured: 349356K->349291K(349568K), 0.0489854 secs] 506391K->403483K(506816K), [Metaspace: 2580K->2580K(1056768K)], 0.0490901 secs] [Times: user=0.05 sys=0.00, real=0.05 secs] 
2021-01-18T10:08:50.526-0800: 5.646: [Full GC (Allocation Failure) 2021-01-18T10:08:50.526-0800: 5.646: [Tenured: 349444K->349497K(349568K), 0.0562210 secs] 506684K->384650K(506816K), [Metaspace: 2580K->2580K(1056768K)], 0.0563240 secs] [Times: user=0.06 sys=0.00, real=0.06 secs] 
2021-01-18T10:08:50.599-0800: 5.719: [Full GC (Allocation Failure) 2021-01-18T10:08:50.599-0800: 5.719: [Tenured: 349497K->349565K(349568K), 0.0355877 secs] 506614K->403715K(506816K), [Metaspace: 2580K->2580K(1056768K)], 0.0356905 secs] [Times: user=0.04 sys=0.00, real=0.04 secs] 
2021-01-18T10:08:50.650-0800: 5.770: [Full GC (Allocation Failure) 2021-01-18T10:08:50.650-0800: 5.770: [Tenured: 349565K->349468K(349568K), 0.0458573 secs] 506655K->405816K(506816K), [Metaspace: 2580K->2580K(1056768K)], 0.0459428 secs] [Times: user=0.04 sys=0.00, real=0.04 secs] 
2021-01-18T10:08:50.712-0800: 5.832: [Full GC (Allocation Failure) 2021-01-18T10:08:50.712-0800: 5.832: [Tenured: 349468K->349264K(349568K), 0.0491698 secs] 506560K->402497K(506816K), [Metaspace: 2580K->2580K(1056768K)], 0.0492721 secs] [Times: user=0.05 sys=0.00, real=0.05 secs] 
2021-01-18T10:08:50.776-0800: 5.896: [Full GC (Allocation Failure) 2021-01-18T10:08:50.776-0800: 5.896: [Tenured: 349542K->349292K(349568K), 0.0561875 secs] 506749K->386958K(506816K), [Metaspace: 2580K->2580K(1056768K)], 0.0563095 secs] [Times: user=0.06 sys=0.00, real=0.06 secs] 
2021-01-18T10:08:50.850-0800: 5.970: [Full GC (Allocation Failure) 2021-01-18T10:08:50.850-0800: 5.970: [Tenured: 349292K->349530K(349568K), 0.0407279 secs] 506322K->400172K(506816K), [Metaspace: 2580K->2580K(1056768K)], 0.0408286 secs] [Times: user=0.04 sys=0.00, real=0.04 secs] 
2021-01-18T10:08:50.909-0800: 6.029: [Full GC (Allocation Failure) 2021-01-18T10:08:50.909-0800: 6.029: [Tenured: 349530K->349509K(349568K), 0.0468016 secs] 506611K->405478K(506816K), [Metaspace: 2580K->2580K(1056768K)], 0.0469140 secs] [Times: user=0.05 sys=0.00, real=0.05 secs] 
2021-01-18T10:08:50.972-0800: 6.091: [Full GC (Allocation Failure) 2021-01-18T10:08:50.972-0800: 6.091: [Tenured: 349509K->348887K(349568K), 0.0501119 secs] 506651K->408588K(506816K), [Metaspace: 2580K->2580K(1056768K)], 0.0502173 secs] [Times: user=0.05 sys=0.00, real=0.05 secs] 
2021-01-18T10:08:51.036-0800: 6.156: [Full GC (Allocation Failure) 2021-01-18T10:08:51.036-0800: 6.156: [Tenured: 349349K->349237K(349568K), 0.0570848 secs] 506595K->389952K(506816K), [Metaspace: 2580K->2580K(1056768K)], 0.0571940 secs] [Times: user=0.06 sys=0.00, real=0.06 secs] 
2021-01-18T10:08:51.111-0800: 6.231: [Full GC (Allocation Failure) 2021-01-18T10:08:51.111-0800: 6.231: [Tenured: 349508K->349541K(349568K), 0.0355823 secs] 506700K->400779K(506816K), [Metaspace: 2580K->2580K(1056768K)], 0.0356817 secs] [Times: user=0.04 sys=0.00, real=0.03 secs] 
2021-01-18T10:08:51.161-0800: 6.281: [Full GC (Allocation Failure) 2021-01-18T10:08:51.161-0800: 6.281: [Tenured: 349541K->349305K(349568K), 0.0481095 secs] 506729K->396937K(506816K), [Metaspace: 2580K->2580K(1056768K)], 0.0482488 secs] [Times: user=0.05 sys=0.00, real=0.04 secs] 
2021-01-18T10:08:51.229-0800: 6.349: [Full GC (Allocation Failure) 2021-01-18T10:08:51.229-0800: 6.349: [Tenured: 349513K->349564K(349568K), 0.0494770 secs] 506758K->392567K(506816K), [Metaspace: 2580K->2580K(1056768K)], 0.0495876 secs] [Times: user=0.05 sys=0.00, real=0.05 secs] 
2021-01-18T10:08:51.295-0800: 6.414: [Full GC (Allocation Failure) 2021-01-18T10:08:51.295-0800: 6.415: [Tenured: 349564K->349483K(349568K), 0.0549161 secs] 506430K->376215K(506816K), [Metaspace: 2580K->2580K(1056768K)], 0.0550270 secs] [Times: user=0.06 sys=0.00, real=0.06 secs] 
2021-01-18T10:08:51.370-0800: 6.489: [Full GC (Allocation Failure) 2021-01-18T10:08:51.370-0800: 6.489: [Tenured: 349483K->349101K(349568K), 0.0329960 secs] 506542K->390716K(506816K), [Metaspace: 2580K->2580K(1056768K)], 0.0330940 secs] [Times: user=0.03 sys=0.00, real=0.03 secs] 
2021-01-18T10:08:51.419-0800: 6.539: [Full GC (Allocation Failure) 2021-01-18T10:08:51.419-0800: 6.539: [Tenured: 349456K->349310K(349568K), 0.0447926 secs] 506595K->388574K(506816K), [Metaspace: 2580K->2580K(1056768K)], 0.0448947 secs] [Times: user=0.04 sys=0.00, real=0.05 secs] 
2021-01-18T10:08:51.482-0800: 6.601: [Full GC (Allocation Failure) 2021-01-18T10:08:51.482-0800: 6.602: [Tenured: 349310K->349313K(349568K), 0.0473197 secs] 506341K->384060K(506816K), [Metaspace: 2580K->2580K(1056768K)], 0.0474298 secs] [Times: user=0.05 sys=0.00, real=0.04 secs] 
2021-01-18T10:08:51.548-0800: 6.667: [Full GC (Allocation Failure) 2021-01-18T10:08:51.548-0800: 6.667: [Tenured: 349313K->349247K(349568K), 0.0540697 secs] 506291K->375442K(506816K), [Metaspace: 2580K->2580K(1056768K)], 0.0541762 secs] [Times: user=0.05 sys=0.00, real=0.06 secs] 
2021-01-18T10:08:51.620-0800: 6.740: [Full GC (Allocation Failure) 2021-01-18T10:08:51.620-0800: 6.740: [Tenured: 349509K->349343K(349568K), 0.0313095 secs] 506698K->393552K(506816K), [Metaspace: 2580K->2580K(1056768K)], 0.0314102 secs] [Times: user=0.03 sys=0.00, real=0.03 secs] 
2021-01-18T10:08:51.667-0800: 6.787: [Full GC (Allocation Failure) 2021-01-18T10:08:51.667-0800: 6.787: [Tenured: 349343K->348965K(349568K), 0.0448045 secs] 506390K->397223K(506816K), [Metaspace: 2580K->2580K(1056768K)], 0.0449119 secs] [Times: user=0.05 sys=0.00, real=0.05 secs] 
2021-01-18T10:08:51.728-0800: 6.848: [Full GC (Allocation Failure) 2021-01-18T10:08:51.728-0800: 6.848: [Tenured: 349397K->349459K(349568K), 0.0483258 secs] 506515K->395351K(506816K), [Metaspace: 2580K->2580K(1056768K)], 0.0484185 secs] [Times: user=0.04 sys=0.00, real=0.05 secs] 
2021-01-18T10:08:51.793-0800: 6.913: [Full GC (Allocation Failure) 2021-01-18T10:08:51.793-0800: 6.913: [Tenured: 349522K->349285K(349568K), 0.0530498 secs] 506764K->373343K(506816K), [Metaspace: 2580K->2580K(1056768K)], 0.0531515 secs] [Times: user=0.05 sys=0.00, real=0.05 secs] 
2021-01-18T10:08:51.865-0800: 6.985: [Full GC (Allocation Failure) 2021-01-18T10:08:51.865-0800: 6.985: [Tenured: 349429K->349073K(349568K), 0.0291498 secs] 506567K->398710K(506816K), [Metaspace: 2580K->2580K(1056768K)], 0.0292528 secs] [Times: user=0.03 sys=0.00, real=0.03 secs] 
2021-01-18T10:08:51.910-0800: 7.030: [Full GC (Allocation Failure) 2021-01-18T10:08:51.910-0800: 7.030: [Tenured: 349528K->348960K(349568K), 0.0419602 secs] 506748K->399371K(506816K), [Metaspace: 2580K->2580K(1056768K)], 0.0420586 secs] [Times: user=0.04 sys=0.00, real=0.04 secs] 
2021-01-18T10:08:51.968-0800: 7.088: [Full GC (Allocation Failure) 2021-01-18T10:08:51.968-0800: 7.088: [Tenured: 349333K->349358K(349568K), 0.0502175 secs] 506576K->399848K(506816K), [Metaspace: 2580K->2580K(1056768K)], 0.0503103 secs] [Times: user=0.05 sys=0.00, real=0.05 secs] 
2021-01-18T10:08:52.034-0800: 7.153: [Full GC (Allocation Failure) 2021-01-18T10:08:52.034-0800: 7.153: [Tenured: 349499K->349564K(349568K), 0.0583577 secs] 506745K->384563K(506816K), [Metaspace: 2580K->2580K(1056768K)], 0.0584547 secs] [Times: user=0.05 sys=0.00, real=0.06 secs] 
2021-01-18T10:08:52.111-0800: 7.231: [Full GC (Allocation Failure) 2021-01-18T10:08:52.111-0800: 7.231: [Tenured: 349564K->349408K(349568K), 0.0330891 secs] 506768K->399046K(506816K), [Metaspace: 2580K->2580K(1056768K)], 0.0331923 secs] [Times: user=0.03 sys=0.01, real=0.03 secs] 
2021-01-18T10:08:52.161-0800: 7.281: [Full GC (Allocation Failure) 2021-01-18T10:08:52.161-0800: 7.281: [Tenured: 349552K->349341K(349568K), 0.0443114 secs] 506798K->397144K(506816K), [Metaspace: 2580K->2580K(1056768K)], 0.0444167 secs] [Times: user=0.04 sys=0.00, real=0.04 secs] 
2021-01-18T10:08:52.223-0800: 7.342: [Full GC (Allocation Failure) 2021-01-18T10:08:52.223-0800: 7.342: [Tenured: 349341K->349541K(349568K), 0.0493405 secs] 506549K->393195K(506816K), [Metaspace: 2580K->2580K(1056768K)], 0.0494445 secs] [Times: user=0.05 sys=0.00, real=0.05 secs] 
2021-01-18T10:08:52.290-0800: 7.410: [Full GC (Allocation Failure) 2021-01-18T10:08:52.290-0800: 7.410: [Tenured: 349541K->348996K(349568K), 0.0559695 secs] 506733K->371957K(506816K), [Metaspace: 2580K->2580K(1056768K)], 0.0560739 secs] [Times: user=0.05 sys=0.00, real=0.05 secs] 
2021-01-18T10:08:52.366-0800: 7.486: [Full GC (Allocation Failure) 2021-01-18T10:08:52.366-0800: 7.486: [Tenured: 349381K->349486K(349568K), 0.0324253 secs] 506587K->386784K(506816K), [Metaspace: 2580K->2580K(1056768K)], 0.0325198 secs] [Times: user=0.03 sys=0.00, real=0.03 secs] 
2021-01-18T10:08:52.415-0800: 7.535: [Full GC (Allocation Failure) 2021-01-18T10:08:52.415-0800: 7.535: [Tenured: 349486K->349552K(349568K), 0.0430591 secs] 506649K->388148K(506816K), [Metaspace: 2580K->2580K(1056768K)], 0.0431614 secs] [Times: user=0.04 sys=0.00, real=0.04 secs] 
2021-01-18T10:08:52.476-0800: 7.596: [Full GC (Allocation Failure) 2021-01-18T10:08:52.476-0800: 7.596: [Tenured: 349552K->349465K(349568K), 0.0471756 secs] 506680K->384843K(506816K), [Metaspace: 2580K->2580K(1056768K)], 0.0473117 secs] [Times: user=0.04 sys=0.00, real=0.05 secs] 
2021-01-18T10:08:52.543-0800: 7.663: [Full GC (Allocation Failure) 2021-01-18T10:08:52.543-0800: 7.663: [Tenured: 349465K->349518K(349568K), 0.0551145 secs] 506617K->367163K(506816K), [Metaspace: 2580K->2580K(1056768K)], 0.0552110 secs] [Times: user=0.06 sys=0.00, real=0.05 secs] 
2021-01-18T10:08:52.619-0800: 7.738: [Full GC (Allocation Failure) 2021-01-18T10:08:52.619-0800: 7.738: [Tenured: 349518K->349497K(349568K), 0.0344326 secs] 506308K->389988K(506816K), [Metaspace: 2580K->2580K(1056768K)], 0.0345385 secs] [Times: user=0.03 sys=0.00, real=0.04 secs] 
2021-01-18T10:08:52.670-0800: 7.790: [Full GC (Allocation Failure) 2021-01-18T10:08:52.670-0800: 7.790: [Tenured: 349497K->349369K(349568K), 0.0444507 secs] 506666K->391373K(506816K), [Metaspace: 2580K->2580K(1056768K)], 0.0445648 secs] [Times: user=0.04 sys=0.00, real=0.04 secs] 
2021-01-18T10:08:52.733-0800: 7.852: [Full GC (Allocation Failure) 2021-01-18T10:08:52.733-0800: 7.852: [Tenured: 349369K->349365K(349568K), 0.0488587 secs] 506396K->388934K(506816K), [Metaspace: 2580K->2580K(1056768K)], 0.0489708 secs] [Times: user=0.05 sys=0.00, real=0.05 secs] 
2021-01-18T10:08:52.798-0800: 7.918: [Full GC (Allocation Failure) 2021-01-18T10:08:52.798-0800: 7.918: [Tenured: 349365K->348964K(349568K), 0.0580611 secs] 506248K->371151K(506816K), [Metaspace: 2580K->2580K(1056768K)], 0.0581678 secs] [Times: user=0.06 sys=0.00, real=0.06 secs] 
2021-01-18T10:08:52.878-0800: 7.997: [Full GC (Allocation Failure) 2021-01-18T10:08:52.878-0800: 7.997: [Tenured: 349554K->349549K(349568K), 0.0380098 secs] 506783K->386863K(506816K), [Metaspace: 2580K->2580K(1056768K)], 0.0381236 secs] [Times: user=0.04 sys=0.01, real=0.04 secs] 
2021-01-18T10:08:52.934-0800: 8.054: [Full GC (Allocation Failure) 2021-01-18T10:08:52.934-0800: 8.054: [Tenured: 349549K->349465K(349568K), 0.0479478 secs] 506624K->393407K(506816K), [Metaspace: 2580K->2580K(1056768K)], 0.0480797 secs] [Times: user=0.05 sys=0.00, real=0.05 secs] 
2021-01-18T10:08:53.001-0800: 8.120: [Full GC (Allocation Failure) 2021-01-18T10:08:53.001-0800: 8.121: [Tenured: 349543K->348884K(349568K), 0.0542131 secs] 506760K->398221K(506816K), [Metaspace: 2580K->2580K(1056768K)], 0.0543944 secs] [Times: user=0.05 sys=0.00, real=0.05 secs] 
2021-01-18T10:08:53.072-0800: 8.192: [Full GC (Allocation Failure) 2021-01-18T10:08:53.072-0800: 8.192: [Tenured: 349543K->349524K(349568K), 0.0578951 secs] 506789K->378881K(506816K), [Metaspace: 2580K->2580K(1056768K)], 0.0580007 secs] [Times: user=0.06 sys=0.00, real=0.06 secs] 
2021-01-18T10:08:53.153-0800: 8.273: [Full GC (Allocation Failure) 2021-01-18T10:08:53.153-0800: 8.273: [Tenured: 349524K->349517K(349568K), 0.0342809 secs] 506502K->394415K(506816K), [Metaspace: 2580K->2580K(1056768K)], 0.0343748 secs] [Times: user=0.03 sys=0.00, real=0.03 secs] 
2021-01-18T10:08:53.204-0800: 8.324: [Full GC (Allocation Failure) 2021-01-18T10:08:53.204-0800: 8.324: [Tenured: 349517K->349418K(349568K), 0.0450423 secs] 506528K->393425K(506816K), [Metaspace: 2580K->2580K(1056768K)], 0.0451482 secs] [Times: user=0.05 sys=0.00, real=0.04 secs] 
2021-01-18T10:08:53.268-0800: 8.388: [Full GC (Allocation Failure) 2021-01-18T10:08:53.268-0800: 8.388: [Tenured: 349544K->349096K(349568K), 0.0493663 secs] 506780K->393858K(506816K), [Metaspace: 2589K->2589K(1056768K)], 0.0494740 secs] [Times: user=0.04 sys=0.00, real=0.05 secs] 
2021-01-18T10:08:53.334-0800: 8.454: [Full GC (Allocation Failure) 2021-01-18T10:08:53.334-0800: 8.454: [Tenured: 349444K->349319K(349568K), 0.0567796 secs] 506690K->374889K(506816K), [Metaspace: 2589K->2589K(1056768K)], 0.0568877 secs] [Times: user=0.05 sys=0.00, real=0.06 secs] 
2021-01-18T10:08:53.411-0800: 8.531: [Full GC (Allocation Failure) 2021-01-18T10:08:53.411-0800: 8.531: [Tenured: 349319K->349380K(349568K), 0.0397822 secs] 506291K->388866K(506816K), [Metaspace: 2589K->2589K(1056768K)], 0.0398799 secs] [Times: user=0.03 sys=0.00, real=0.04 secs] 
2021-01-18T10:08:53.468-0800: 8.588: [Full GC (Allocation Failure) 2021-01-18T10:08:53.469-0800: 8.588: [Tenured: 349380K->349496K(349568K), 0.0477469 secs] 506269K->388940K(506816K), [Metaspace: 2589K->2589K(1056768K)], 0.0478468 secs] [Times: user=0.05 sys=0.00, real=0.05 secs] 
2021-01-18T10:08:53.535-0800: 8.654: [Full GC (Allocation Failure) 2021-01-18T10:08:53.535-0800: 8.655: [Tenured: 349496K->349468K(349568K), 0.0502191 secs] 506541K->392680K(506816K), [Metaspace: 2589K->2589K(1056768K)], 0.0503253 secs] [Times: user=0.05 sys=0.01, real=0.05 secs] 
2021-01-18T10:08:53.602-0800: 8.722: [Full GC (Allocation Failure) 2021-01-18T10:08:53.602-0800: 8.722: [Tenured: 349468K->349035K(349568K), 0.0552714 secs] 506596K->376404K(506816K), [Metaspace: 2589K->2589K(1056768K)], 0.0553811 secs] [Times: user=0.06 sys=0.00, real=0.05 secs] 
2021-01-18T10:08:53.677-0800: 8.796: [Full GC (Allocation Failure) 2021-01-18T10:08:53.677-0800: 8.797: [Tenured: 349511K->349497K(349568K), 0.0379286 secs] 506758K->388104K(506816K), [Metaspace: 2589K->2589K(1056768K)], 0.0380284 secs] [Times: user=0.03 sys=0.00, real=0.04 secs] 
2021-01-18T10:08:53.733-0800: 8.853: [Full GC (Allocation Failure) 2021-01-18T10:08:53.733-0800: 8.853: [Tenured: 349534K->349285K(349568K), 0.0455230 secs] 506755K->389080K(506816K), [Metaspace: 2589K->2589K(1056768K)], 0.0456186 secs] [Times: user=0.05 sys=0.00, real=0.04 secs] 
2021-01-18T10:08:53.796-0800: 8.915: [Full GC (Allocation Failure) 2021-01-18T10:08:53.796-0800: 8.916: [Tenured: 349285K->349475K(349568K), 0.0482854 secs] 506297K->389244K(506816K), [Metaspace: 2589K->2589K(1056768K)], 0.0483719 secs] [Times: user=0.04 sys=0.00, real=0.05 secs] 
2021-01-18T10:08:53.863-0800: 8.983: [Full GC (Allocation Failure) 2021-01-18T10:08:53.863-0800: 8.983: [Tenured: 349475K->349110K(349568K), 0.0581136 secs] 506720K->376132K(506816K), [Metaspace: 2589K->2589K(1056768K)], 0.0582329 secs] [Times: user=0.06 sys=0.00, real=0.06 secs] 
2021-01-18T10:08:53.942-0800: 9.062: [Full GC (Allocation Failure) 2021-01-18T10:08:53.942-0800: 9.062: [Tenured: 349343K->349259K(349568K), 0.0361272 secs] 506539K->383480K(506816K), [Metaspace: 2589K->2589K(1056768K)], 0.0362231 secs] [Times: user=0.03 sys=0.00, real=0.03 secs] 
2021-01-18T10:08:53.997-0800: 9.117: [Full GC (Allocation Failure) 2021-01-18T10:08:53.997-0800: 9.117: [Tenured: 349259K->349371K(349568K), 0.0485703 secs] 506048K->382461K(506816K), [Metaspace: 2589K->2589K(1056768K)], 0.0486892 secs] [Times: user=0.05 sys=0.00, real=0.05 secs] 
2021-01-18T10:08:54.064-0800: 9.184: [Full GC (Allocation Failure) 2021-01-18T10:08:54.064-0800: 9.184: [Tenured: 349522K->349384K(349568K), 0.0503563 secs] 506742K->391185K(506816K), [Metaspace: 2589K->2589K(1056768K)], 0.0504589 secs] [Times: user=0.04 sys=0.00, real=0.05 secs] 
2021-01-18T10:08:54.132-0800: 9.251: [Full GC (Allocation Failure) 2021-01-18T10:08:54.132-0800: 9.251: [Tenured: 349456K->349010K(349568K), 0.0572680 secs] 506694K->375907K(506816K), [Metaspace: 2589K->2589K(1056768K)], 0.0573775 secs] [Times: user=0.06 sys=0.00, real=0.05 secs] 
2021-01-18T10:08:54.208-0800: 9.328: [Full GC (Allocation Failure) 2021-01-18T10:08:54.208-0800: 9.328: [Tenured: 349565K->349044K(349568K), 0.0343837 secs] 506783K->398377K(506816K), [Metaspace: 2589K->2589K(1056768K)], 0.0344897 secs] [Times: user=0.04 sys=0.00, real=0.04 secs] 
2021-01-18T10:08:54.259-0800: 9.379: [Full GC (Allocation Failure) 2021-01-18T10:08:54.259-0800: 9.379: [Tenured: 349044K->349476K(349568K), 0.0450998 secs] 505739K->399364K(506816K), [Metaspace: 2589K->2589K(1056768K)], 0.0452008 secs] [Times: user=0.05 sys=0.00, real=0.05 secs] 
2021-01-18T10:08:54.321-0800: 9.441: [Full GC (Allocation Failure) 2021-01-18T10:08:54.321-0800: 9.441: [Tenured: 349476K->349191K(349568K), 0.0490023 secs] 506603K->399193K(506816K), [Metaspace: 2589K->2589K(1056768K)], 0.0491030 secs] [Times: user=0.05 sys=0.01, real=0.05 secs] 
2021-01-18T10:08:54.386-0800: 9.506: [Full GC (Allocation Failure) 2021-01-18T10:08:54.386-0800: 9.506: [Tenured: 349191K->348923K(349568K), 0.0599777 secs] 506433K->385651K(506816K), [Metaspace: 2589K->2589K(1056768K)], 0.0600925 secs] [Times: user=0.05 sys=0.00, real=0.06 secs] 
2021-01-18T10:08:54.465-0800: 9.585: [Full GC (Allocation Failure) 2021-01-18T10:08:54.465-0800: 9.585: [Tenured: 349288K->348865K(349568K), 0.0340433 secs] 506480K->402594K(506816K), [Metaspace: 2589K->2589K(1056768K)], 0.0341588 secs] [Times: user=0.04 sys=0.00, real=0.03 secs] 
2021-01-18T10:08:54.516-0800: 9.635: [Full GC (Allocation Failure) 2021-01-18T10:08:54.516-0800: 9.635: [Tenured: 349505K->349544K(349568K), 0.0493410 secs] 506753K->398394K(506816K), [Metaspace: 2589K->2589K(1056768K)], 0.0494459 secs] [Times: user=0.05 sys=0.00, real=0.05 secs] 
2021-01-18T10:08:54.582-0800: 9.702: [Full GC (Allocation Failure) 2021-01-18T10:08:54.582-0800: 9.702: [Tenured: 349544K->349537K(349568K), 0.0537360 secs] 506652K->394967K(506816K), [Metaspace: 2589K->2589K(1056768K)], 0.0538655 secs] [Times: user=0.05 sys=0.00, real=0.05 secs] 
2021-01-18T10:08:54.654-0800: 9.774: [Full GC (Allocation Failure) 2021-01-18T10:08:54.654-0800: 9.774: [Tenured: 349537K->348828K(349568K), 0.0592786 secs] 506501K->378606K(506816K), [Metaspace: 2589K->2589K(1056768K)], 0.0593805 secs] [Times: user=0.06 sys=0.00, real=0.06 secs] 
2021-01-18T10:08:54.734-0800: 9.854: [Full GC (Allocation Failure) 2021-01-18T10:08:54.734-0800: 9.854: [Tenured: 348828K->349411K(349568K), 0.0316465 secs] 505653K->396662K(506816K), [Metaspace: 2589K->2589K(1056768K)], 0.0317461 secs] [Times: user=0.03 sys=0.00, real=0.03 secs] 
2021-01-18T10:08:54.783-0800: 9.903: [Full GC (Allocation Failure) 2021-01-18T10:08:54.783-0800: 9.903: [Tenured: 349483K->349499K(349568K), 0.0435879 secs] 506727K->396305K(506816K), [Metaspace: 2589K->2589K(1056768K)], 0.0437141 secs] [Times: user=0.04 sys=0.00, real=0.04 secs] 
2021-01-18T10:08:54.843-0800: 9.963: [Full GC (Allocation Failure) 2021-01-18T10:08:54.843-0800: 9.963: [Tenured: 349499K->349477K(349568K), 0.0493572 secs] 506430K->390698K(506816K), [Metaspace: 2589K->2589K(1056768K)], 0.0494639 secs] [Times: user=0.04 sys=0.00, real=0.05 secs] 
2021-01-18T10:08:54.910-0800: 10.030: [Full GC (Allocation Failure) 2021-01-18T10:08:54.910-0800: 10.030: [Tenured: 349477K->349063K(349568K), 0.0577980 secs] 506579K->372076K(506816K), [Metaspace: 2589K->2589K(1056768K)], 0.0579067 secs] [Times: user=0.06 sys=0.00, real=0.05 secs] 
Heap
 def new generation   total 157248K, used 28250K [0x00000007a0000000, 0x00000007aaaa0000, 0x00000007aaaa0000)
  eden space 139776K,  20% used [0x00000007a0000000, 0x00000007a1b969c8, 0x00000007a8880000)
  from space 17472K,   0% used [0x00000007a8880000, 0x00000007a8880000, 0x00000007a9990000)
  to   space 17472K,   0% used [0x00000007a9990000, 0x00000007a9990000, 0x00000007aaaa0000)
 tenured generation   total 349568K, used 349063K [0x00000007aaaa0000, 0x00000007c0000000, 0x00000007c0000000)
   the space 349568K,  99% used [0x00000007aaaa0000, 0x00000007bff81ce8, 0x00000007bff81e00, 0x00000007c0000000)
 Metaspace       used 2595K, capacity 4490K, committed 4864K, reserved 1056768K
  class space    used 278K, capacity 386K, committed 512K, reserved 1048576K
