Java HotSpot(TM) 64-Bit Server VM (25.271-b09) for bsd-amd64 JRE (1.8.0_271-b09), built on Sep 16 2020 16:54:38 by "java_re" with gcc 4.2.1 Compatible Apple LLVM 10.0.0 (clang-1000.11.45.5)
Memory: 4k page, physical 16777216k(3342728k free)

/proc/meminfo:

CommandLine flags: -XX:InitialHeapSize=4294967296 -XX:MaxHeapSize=4294967296 -XX:+PrintGC -XX:+PrintGCDateStamps -XX:+PrintGCDetails -XX:+PrintGCTimeStamps -XX:+UseCompressedClassPointers -XX:+UseCompressedOops -XX:+UseSerialGC 
2021-01-19T14:22:04.969-0800: 0.620: [GC (Allocation Failure) 2021-01-19T14:22:04.969-0800: 0.620: [DefNew: 1118528K->139776K(1258304K), 0.1230570 secs] 1118528K->249844K(4054528K), 0.1231578 secs] [Times: user=0.07 sys=0.05, real=0.13 secs] 
2021-01-19T14:22:05.268-0800: 0.919: [GC (Allocation Failure) 2021-01-19T14:22:05.268-0800: 0.919: [DefNew: 1258304K->139775K(1258304K), 0.1491856 secs] 1368372K->416847K(4054528K), 0.1492741 secs] [Times: user=0.09 sys=0.06, real=0.15 secs] 
2021-01-19T14:22:05.555-0800: 1.206: [GC (Allocation Failure) 2021-01-19T14:22:05.555-0800: 1.206: [DefNew: 1258303K->139775K(1258304K), 0.1027808 secs] 1535375K->572796K(4054528K), 0.1028671 secs] [Times: user=0.07 sys=0.04, real=0.10 secs] 
2021-01-19T14:22:05.800-0800: 1.451: [GC (Allocation Failure) 2021-01-19T14:22:05.800-0800: 1.451: [DefNew: 1258303K->139775K(1258304K), 0.1065756 secs] 1691324K->732805K(4054528K), 0.1066576 secs] [Times: user=0.07 sys=0.04, real=0.10 secs] 
2021-01-19T14:22:06.044-0800: 1.695: [GC (Allocation Failure) 2021-01-19T14:22:06.044-0800: 1.695: [DefNew: 1258303K->139775K(1258304K), 0.0977146 secs] 1851333K->880900K(4054528K), 0.0978181 secs] [Times: user=0.07 sys=0.03, real=0.10 secs] 
2021-01-19T14:22:06.282-0800: 1.933: [GC (Allocation Failure) 2021-01-19T14:22:06.282-0800: 1.933: [DefNew: 1258303K->139775K(1258304K), 0.1008510 secs] 1999428K->1040043K(4054528K), 0.1009456 secs] [Times: user=0.06 sys=0.03, real=0.10 secs] 
2021-01-19T14:22:06.516-0800: 2.167: [GC (Allocation Failure) 2021-01-19T14:22:06.516-0800: 2.167: [DefNew: 1258303K->139775K(1258304K), 0.1000673 secs] 2158571K->1192162K(4054528K), 0.1001400 secs] [Times: user=0.07 sys=0.04, real=0.10 secs] 
2021-01-19T14:22:06.759-0800: 2.410: [GC (Allocation Failure) 2021-01-19T14:22:06.759-0800: 2.410: [DefNew: 1258303K->139775K(1258304K), 0.1007690 secs] 2310690K->1348949K(4054528K), 0.1008561 secs] [Times: user=0.07 sys=0.03, real=0.11 secs] 
2021-01-19T14:22:06.996-0800: 2.646: [GC (Allocation Failure) 2021-01-19T14:22:06.996-0800: 2.646: [DefNew: 1258303K->139775K(1258304K), 0.1011121 secs] 2467477K->1503826K(4054528K), 0.1011934 secs] [Times: user=0.06 sys=0.03, real=0.10 secs] 
2021-01-19T14:22:07.232-0800: 2.882: [GC (Allocation Failure) 2021-01-19T14:22:07.232-0800: 2.882: [DefNew: 1258303K->139775K(1258304K), 0.1066945 secs] 2622354K->1665909K(4054528K), 0.1067912 secs] [Times: user=0.07 sys=0.04, real=0.10 secs] 
2021-01-19T14:22:07.482-0800: 3.132: [GC (Allocation Failure) 2021-01-19T14:22:07.482-0800: 3.133: [DefNew: 1258303K->139775K(1258304K), 0.1037018 secs] 2784437K->1820217K(4054528K), 0.1037925 secs] [Times: user=0.06 sys=0.04, real=0.10 secs] 
2021-01-19T14:22:07.714-0800: 3.364: [GC (Allocation Failure) 2021-01-19T14:22:07.714-0800: 3.364: [DefNew: 1258303K->139775K(1258304K), 0.1005360 secs] 2938745K->1971713K(4054528K), 0.1006098 secs] [Times: user=0.07 sys=0.04, real=0.10 secs] 
2021-01-19T14:22:07.962-0800: 3.612: [GC (Allocation Failure) 2021-01-19T14:22:07.962-0800: 3.612: [DefNew: 1258303K->139775K(1258304K), 0.1009266 secs] 3090241K->2125003K(4054528K), 0.1010133 secs] [Times: user=0.07 sys=0.03, real=0.10 secs] 
2021-01-19T14:22:08.199-0800: 3.849: [GC (Allocation Failure) 2021-01-19T14:22:08.199-0800: 3.849: [DefNew: 1258303K->139776K(1258304K), 0.0956074 secs] 3243531K->2270608K(4054528K), 0.0956851 secs] [Times: user=0.07 sys=0.03, real=0.10 secs] 
2021-01-19T14:22:08.435-0800: 4.084: [GC (Allocation Failure) 2021-01-19T14:22:08.435-0800: 4.084: [DefNew: 1258304K->139775K(1258304K), 0.1097387 secs] 3389136K->2424405K(4054528K), 0.1098174 secs] [Times: user=0.07 sys=0.04, real=0.11 secs] 
2021-01-19T14:22:08.677-0800: 4.326: [GC (Allocation Failure) 2021-01-19T14:22:08.677-0800: 4.326: [DefNew: 1258303K->139775K(1258304K), 0.1085986 secs] 3542933K->2580232K(4054528K), 0.1086807 secs] [Times: user=0.07 sys=0.04, real=0.11 secs] 
2021-01-19T14:22:08.930-0800: 4.579: [GC (Allocation Failure) 2021-01-19T14:22:08.930-0800: 4.579: [DefNew: 1258303K->139775K(1258304K), 0.1163854 secs] 3698760K->2742110K(4054528K), 0.1164581 secs] [Times: user=0.07 sys=0.05, real=0.11 secs] 
2021-01-19T14:22:09.204-0800: 4.853: [GC (Allocation Failure) 2021-01-19T14:22:09.204-0800: 4.853: [DefNew: 1258303K->139775K(1258304K), 0.1431652 secs] 3860638K->2905574K(4054528K), 0.1432488 secs] [Times: user=0.08 sys=0.05, real=0.14 secs] 
2021-01-19T14:22:09.508-0800: 5.157: [GC (Allocation Failure) 2021-01-19T14:22:09.508-0800: 5.157: [DefNew: 1258303K->1258303K(1258304K), 0.0000367 secs]2021-01-19T14:22:09.508-0800: 5.157: [Tenured: 2765798K->497080K(2796224K), 0.0902022 secs] 4024102K->497080K(4054528K), [Metaspace: 2589K->2589K(1056768K)], 0.0903605 secs] [Times: user=0.08 sys=0.01, real=0.09 secs] 
2021-01-19T14:22:09.797-0800: 5.446: [GC (Allocation Failure) 2021-01-19T14:22:09.797-0800: 5.446: [DefNew: 1118528K->139775K(1258304K), 0.0416504 secs] 1615608K->737384K(4054528K), 0.0417424 secs] [Times: user=0.04 sys=0.00, real=0.04 secs] 
2021-01-19T14:22:10.039-0800: 5.688: [GC (Allocation Failure) 2021-01-19T14:22:10.039-0800: 5.688: [DefNew: 1258303K->139776K(1258304K), 0.0516469 secs] 1855912K->870978K(4054528K), 0.0517656 secs] [Times: user=0.05 sys=0.01, real=0.06 secs] 
2021-01-19T14:22:10.271-0800: 5.920: [GC (Allocation Failure) 2021-01-19T14:22:10.271-0800: 5.920: [DefNew: 1258304K->139775K(1258304K), 0.0516256 secs] 1989506K->1022416K(4054528K), 0.0517550 secs] [Times: user=0.04 sys=0.00, real=0.05 secs] 
2021-01-19T14:22:10.497-0800: 6.145: [GC (Allocation Failure) 2021-01-19T14:22:10.497-0800: 6.145: [DefNew: 1258303K->139775K(1258304K), 0.0529160 secs] 2140944K->1183222K(4054528K), 0.0530105 secs] [Times: user=0.05 sys=0.00, real=0.06 secs] 
2021-01-19T14:22:10.720-0800: 6.369: [GC (Allocation Failure) 2021-01-19T14:22:10.720-0800: 6.369: [DefNew: 1258303K->139775K(1258304K), 0.0467697 secs] 2301750K->1344329K(4054528K), 0.0468524 secs] [Times: user=0.04 sys=0.00, real=0.04 secs] 
2021-01-19T14:22:10.904-0800: 6.553: [GC (Allocation Failure) 2021-01-19T14:22:10.904-0800: 6.553: [DefNew: 1258303K->139775K(1258304K), 0.0463398 secs] 2462857K->1501360K(4054528K), 0.0464417 secs] [Times: user=0.04 sys=0.00, real=0.05 secs] 
2021-01-19T14:22:11.101-0800: 6.749: [GC (Allocation Failure) 2021-01-19T14:22:11.101-0800: 6.749: [DefNew: 1258303K->139775K(1258304K), 0.0422469 secs] 2619888K->1666443K(4054528K), 0.0423261 secs] [Times: user=0.05 sys=0.00, real=0.04 secs] 
2021-01-19T14:22:11.301-0800: 6.950: [GC (Allocation Failure) 2021-01-19T14:22:11.301-0800: 6.950: [DefNew: 1258303K->139775K(1258304K), 0.0581808 secs] 2784971K->1814630K(4054528K), 0.0582654 secs] [Times: user=0.06 sys=0.00, real=0.06 secs] 
2021-01-19T14:22:11.532-0800: 7.181: [GC (Allocation Failure) 2021-01-19T14:22:11.532-0800: 7.181: [DefNew: 1258303K->139775K(1258304K), 0.0574945 secs] 2933158K->1975456K(4054528K), 0.0593921 secs] [Times: user=0.05 sys=0.00, real=0.06 secs] 
2021-01-19T14:22:11.762-0800: 7.411: [GC (Allocation Failure) 2021-01-19T14:22:11.762-0800: 7.411: [DefNew: 1258303K->139776K(1258304K), 0.0504474 secs] 3093984K->2139925K(4054528K), 0.0505520 secs] [Times: user=0.05 sys=0.00, real=0.05 secs] 
2021-01-19T14:22:12.001-0800: 7.649: [GC (Allocation Failure) 2021-01-19T14:22:12.001-0800: 7.649: [DefNew: 1258304K->139775K(1258304K), 0.0653116 secs] 3258453K->2296695K(4054528K), 0.0654257 secs] [Times: user=0.05 sys=0.01, real=0.06 secs] 
2021-01-19T14:22:12.267-0800: 7.915: [GC (Allocation Failure) 2021-01-19T14:22:12.267-0800: 7.915: [DefNew: 1258303K->139775K(1258304K), 0.0497323 secs] 3415223K->2449026K(4054528K), 0.0498170 secs] [Times: user=0.05 sys=0.00, real=0.05 secs] 
2021-01-19T14:22:12.492-0800: 8.140: [GC (Allocation Failure) 2021-01-19T14:22:12.492-0800: 8.140: [DefNew: 1258303K->139775K(1258304K), 0.0511690 secs] 3567554K->2602228K(4054528K), 0.0513046 secs] [Times: user=0.05 sys=0.00, real=0.05 secs] 
2021-01-19T14:22:12.714-0800: 8.362: [GC (Allocation Failure) 2021-01-19T14:22:12.714-0800: 8.362: [DefNew: 1258303K->139775K(1258304K), 0.0495779 secs] 3720756K->2764299K(4054528K), 0.0496541 secs] [Times: user=0.05 sys=0.00, real=0.05 secs] 
2021-01-19T14:22:12.930-0800: 8.578: [GC (Allocation Failure) 2021-01-19T14:22:12.930-0800: 8.578: [DefNew: 1258303K->1258303K(1258304K), 0.0000176 secs]2021-01-19T14:22:12.930-0800: 8.578: [Tenured: 2624523K->478109K(2796224K), 0.0740449 secs] 3882827K->478109K(4054528K), [Metaspace: 2589K->2589K(1056768K)], 0.0741798 secs] [Times: user=0.07 sys=0.00, real=0.07 secs] 
2021-01-19T14:22:13.195-0800: 8.843: [GC (Allocation Failure) 2021-01-19T14:22:13.195-0800: 8.843: [DefNew: 1118528K->139776K(1258304K), 0.0421368 secs] 1596637K->715937K(4054528K), 0.0422462 secs] [Times: user=0.04 sys=0.00, real=0.04 secs] 
2021-01-19T14:22:13.416-0800: 9.064: [GC (Allocation Failure) 2021-01-19T14:22:13.416-0800: 9.064: [DefNew: 1258304K->139775K(1258304K), 0.0475586 secs] 1834465K->876238K(4054528K), 0.0479895 secs] [Times: user=0.04 sys=0.00, real=0.05 secs] 
2021-01-19T14:22:13.627-0800: 9.275: [GC (Allocation Failure) 2021-01-19T14:22:13.627-0800: 9.275: [DefNew: 1258303K->139775K(1258304K), 0.0479565 secs] 1994766K->1035831K(4054528K), 0.0480491 secs] [Times: user=0.05 sys=0.00, real=0.05 secs] 
2021-01-19T14:22:13.853-0800: 9.501: [GC (Allocation Failure) 2021-01-19T14:22:13.853-0800: 9.501: [DefNew: 1258303K->139775K(1258304K), 0.0577743 secs] 2154359K->1191253K(4054528K), 0.0579064 secs] [Times: user=0.06 sys=0.00, real=0.06 secs] 
2021-01-19T14:22:14.099-0800: 9.747: [GC (Allocation Failure) 2021-01-19T14:22:14.099-0800: 9.747: [DefNew: 1258303K->139775K(1258304K), 0.0541413 secs] 2309781K->1348510K(4054528K), 0.0542153 secs] [Times: user=0.05 sys=0.01, real=0.06 secs] 
2021-01-19T14:22:14.333-0800: 9.981: [GC (Allocation Failure) 2021-01-19T14:22:14.334-0800: 9.981: [DefNew: 1258303K->139775K(1258304K), 0.0465375 secs] 2467038K->1492564K(4054528K), 0.0466265 secs] [Times: user=0.05 sys=0.00, real=0.05 secs] 
2021-01-19T14:22:14.560-0800: 10.208: [GC (Allocation Failure) 2021-01-19T14:22:14.560-0800: 10.208: [DefNew: 1258303K->139776K(1258304K), 0.0534405 secs] 2611092K->1643488K(4054528K), 0.0535471 secs] [Times: user=0.05 sys=0.00, real=0.05 secs] 
2021-01-19T14:22:14.816-0800: 10.464: [GC (Allocation Failure) 2021-01-19T14:22:14.817-0800: 10.465: [DefNew: 1258304K->139776K(1258304K), 0.0634440 secs] 2762016K->1802003K(4054528K), 0.0641513 secs] [Times: user=0.05 sys=0.00, real=0.07 secs] 
2021-01-19T14:22:15.084-0800: 10.732: [GC (Allocation Failure) 2021-01-19T14:22:15.084-0800: 10.732: [DefNew: 1258304K->139775K(1258304K), 0.0556553 secs] 2920531K->1962501K(4054528K), 0.0557493 secs] [Times: user=0.05 sys=0.00, real=0.06 secs] 
2021-01-19T14:22:15.330-0800: 10.977: [GC (Allocation Failure) 2021-01-19T14:22:15.330-0800: 10.977: [DefNew: 1258303K->139775K(1258304K), 0.0591134 secs] 3081029K->2119740K(4054528K), 0.0592488 secs] [Times: user=0.05 sys=0.01, real=0.05 secs] 
2021-01-19T14:22:15.593-0800: 11.240: [GC (Allocation Failure) 2021-01-19T14:22:15.593-0800: 11.240: [DefNew: 1258303K->139775K(1258304K), 0.0520479 secs] 3238268K->2265436K(4054528K), 0.0521624 secs] [Times: user=0.04 sys=0.00, real=0.05 secs] 
2021-01-19T14:22:15.857-0800: 11.505: [GC (Allocation Failure) 2021-01-19T14:22:15.857-0800: 11.505: [DefNew: 1258303K->139775K(1258304K), 0.0589498 secs] 3383964K->2415374K(4054528K), 0.0591206 secs] [Times: user=0.06 sys=0.00, real=0.06 secs] 
2021-01-19T14:22:16.096-0800: 11.744: [GC (Allocation Failure) 2021-01-19T14:22:16.096-0800: 11.744: [DefNew: 1258303K->139776K(1258304K), 0.0555352 secs] 3533902K->2579533K(4054528K), 0.0556514 secs] [Times: user=0.05 sys=0.00, real=0.06 secs] 
2021-01-19T14:22:16.349-0800: 11.996: [GC (Allocation Failure) 2021-01-19T14:22:16.349-0800: 11.996: [DefNew: 1258304K->139776K(1258304K), 0.0528325 secs] 3698061K->2719111K(4054528K), 0.0529607 secs] [Times: user=0.05 sys=0.00, real=0.06 secs] 
2021-01-19T14:22:16.589-0800: 12.236: [GC (Allocation Failure) 2021-01-19T14:22:16.589-0800: 12.236: [DefNew: 1258304K->139775K(1258304K), 0.0513132 secs] 3837639K->2874640K(4054528K), 0.0514139 secs] [Times: user=0.05 sys=0.00, real=0.06 secs] 
2021-01-19T14:22:16.797-0800: 12.444: [GC (Allocation Failure) 2021-01-19T14:22:16.797-0800: 12.444: [DefNew: 1258303K->1258303K(1258304K), 0.0000170 secs]2021-01-19T14:22:16.797-0800: 12.444: [Tenured: 2734864K->472260K(2796224K), 0.0642437 secs] 3993168K->472260K(4054528K), [Metaspace: 2589K->2589K(1056768K)], 0.0644389 secs] [Times: user=0.06 sys=0.00, real=0.07 secs] 
2021-01-19T14:22:17.017-0800: 12.664: [GC (Allocation Failure) 2021-01-19T14:22:17.017-0800: 12.664: [DefNew: 1118528K->139775K(1258304K), 0.0424789 secs] 1590788K->731315K(4054528K), 0.0425552 secs] [Times: user=0.04 sys=0.00, real=0.04 secs] 
2021-01-19T14:22:17.232-0800: 12.879: [GC (Allocation Failure) 2021-01-19T14:22:17.232-0800: 12.879: [DefNew: 1258303K->139776K(1258304K), 0.0458460 secs] 1849843K->870840K(4054528K), 0.0459508 secs] [Times: user=0.04 sys=0.00, real=0.04 secs] 
2021-01-19T14:22:17.440-0800: 13.087: [GC (Allocation Failure) 2021-01-19T14:22:17.440-0800: 13.087: [DefNew: 1258304K->139776K(1258304K), 0.0480415 secs] 1989368K->1009298K(4054528K), 0.0481338 secs] [Times: user=0.04 sys=0.00, real=0.04 secs] 
2021-01-19T14:22:17.634-0800: 13.281: [GC (Allocation Failure) 2021-01-19T14:22:17.634-0800: 13.281: [DefNew: 1258304K->139775K(1258304K), 0.0445497 secs] 2127826K->1161912K(4054528K), 0.0446343 secs] [Times: user=0.04 sys=0.00, real=0.04 secs] 
2021-01-19T14:22:17.824-0800: 13.471: [GC (Allocation Failure) 2021-01-19T14:22:17.824-0800: 13.471: [DefNew: 1258303K->139775K(1258304K), 0.0525059 secs] 2280440K->1315423K(4054528K), 0.0526198 secs] [Times: user=0.04 sys=0.00, real=0.05 secs] 
2021-01-19T14:22:18.032-0800: 13.679: [GC (Allocation Failure) 2021-01-19T14:22:18.032-0800: 13.679: [DefNew: 1258303K->139775K(1258304K), 0.0498480 secs] 2433951K->1483841K(4054528K), 0.0499366 secs] [Times: user=0.05 sys=0.00, real=0.05 secs] 
2021-01-19T14:22:18.234-0800: 13.881: [GC (Allocation Failure) 2021-01-19T14:22:18.234-0800: 13.881: [DefNew: 1258303K->139776K(1258304K), 0.0491437 secs] 2602369K->1641667K(4054528K), 0.0492281 secs] [Times: user=0.04 sys=0.00, real=0.05 secs] 
2021-01-19T14:22:18.432-0800: 14.079: [GC (Allocation Failure) 2021-01-19T14:22:18.432-0800: 14.079: [DefNew: 1258304K->139775K(1258304K), 0.0436281 secs] 2760195K->1790305K(4054528K), 0.0437062 secs] [Times: user=0.04 sys=0.00, real=0.04 secs] 
2021-01-19T14:22:18.611-0800: 14.258: [GC (Allocation Failure) 2021-01-19T14:22:18.611-0800: 14.258: [DefNew: 1258303K->139775K(1258304K), 0.0452087 secs] 2908833K->1944037K(4054528K), 0.0452752 secs] [Times: user=0.04 sys=0.00, real=0.04 secs] 
2021-01-19T14:22:18.809-0800: 14.456: [GC (Allocation Failure) 2021-01-19T14:22:18.809-0800: 14.456: [DefNew: 1258303K->139775K(1258304K), 0.0424616 secs] 3062565K->2104131K(4054528K), 0.0425305 secs] [Times: user=0.04 sys=0.00, real=0.05 secs] 
2021-01-19T14:22:18.991-0800: 14.638: [GC (Allocation Failure) 2021-01-19T14:22:18.991-0800: 14.638: [DefNew: 1258303K->139776K(1258304K), 0.0452739 secs] 3222659K->2260361K(4054528K), 0.0453673 secs] [Times: user=0.05 sys=0.01, real=0.04 secs] 
2021-01-19T14:22:19.187-0800: 14.833: [GC (Allocation Failure) 2021-01-19T14:22:19.187-0800: 14.833: [DefNew: 1258304K->139776K(1258304K), 0.0430208 secs] 3378889K->2414081K(4054528K), 0.0431095 secs] [Times: user=0.04 sys=0.00, real=0.05 secs] 
2021-01-19T14:22:19.363-0800: 15.010: [GC (Allocation Failure) 2021-01-19T14:22:19.363-0800: 15.010: [DefNew: 1258304K->139775K(1258304K), 0.0429594 secs] 3532609K->2560132K(4054528K), 0.0430556 secs] [Times: user=0.04 sys=0.00, real=0.04 secs] 
2021-01-19T14:22:19.551-0800: 15.197: [GC (Allocation Failure) 2021-01-19T14:22:19.551-0800: 15.197: [DefNew: 1258303K->139775K(1258304K), 0.0421954 secs] 3678660K->2714302K(4054528K), 0.0422891 secs] [Times: user=0.04 sys=0.00, real=0.04 secs] 
2021-01-19T14:22:19.735-0800: 15.382: [GC (Allocation Failure) 2021-01-19T14:22:19.735-0800: 15.382: [DefNew: 1258303K->139776K(1258304K), 0.0433937 secs] 3832830K->2870404K(4054528K), 0.0434988 secs] [Times: user=0.04 sys=0.00, real=0.04 secs] 
2021-01-19T14:22:19.910-0800: 15.556: [GC (Allocation Failure) 2021-01-19T14:22:19.910-0800: 15.556: [DefNew: 1258304K->1258304K(1258304K), 0.0000169 secs]2021-01-19T14:22:19.910-0800: 15.556: [Tenured: 2730628K->377986K(2796224K), 0.0623491 secs] 3988932K->377986K(4054528K), [Metaspace: 2589K->2589K(1056768K)], 0.0624699 secs] [Times: user=0.06 sys=0.00, real=0.06 secs] 
2021-01-19T14:22:20.117-0800: 15.764: [GC (Allocation Failure) 2021-01-19T14:22:20.117-0800: 15.764: [DefNew: 1118528K->139775K(1258304K), 0.0364433 secs] 1496514K->620543K(4054528K), 0.0365384 secs] [Times: user=0.03 sys=0.00, real=0.04 secs] 
2021-01-19T14:22:20.309-0800: 15.955: [GC (Allocation Failure) 2021-01-19T14:22:20.309-0800: 15.955: [DefNew: 1258303K->139776K(1258304K), 0.0419528 secs] 1739071K->765408K(4054528K), 0.0420255 secs] [Times: user=0.04 sys=0.00, real=0.05 secs] 
2021-01-19T14:22:20.481-0800: 16.127: [GC (Allocation Failure) 2021-01-19T14:22:20.481-0800: 16.127: [DefNew: 1258304K->139775K(1258304K), 0.0469889 secs] 1883936K->926809K(4054528K), 0.0470704 secs] [Times: user=0.05 sys=0.00, real=0.04 secs] 
2021-01-19T14:22:20.685-0800: 16.332: [GC (Allocation Failure) 2021-01-19T14:22:20.685-0800: 16.332: [DefNew: 1258303K->139775K(1258304K), 0.0421353 secs] 2045337K->1074378K(4054528K), 0.0422237 secs] [Times: user=0.04 sys=0.00, real=0.04 secs] 
2021-01-19T14:22:20.877-0800: 16.523: [GC (Allocation Failure) 2021-01-19T14:22:20.877-0800: 16.523: [DefNew: 1258303K->139775K(1258304K), 0.0446041 secs] 2192906K->1224416K(4054528K), 0.0446823 secs] [Times: user=0.05 sys=0.00, real=0.05 secs] 
2021-01-19T14:22:21.060-0800: 16.707: [GC (Allocation Failure) 2021-01-19T14:22:21.060-0800: 16.707: [DefNew: 1258303K->139775K(1258304K), 0.0453768 secs] 2342944K->1386568K(4054528K), 0.0454643 secs] [Times: user=0.05 sys=0.00, real=0.04 secs] 
2021-01-19T14:22:21.246-0800: 16.892: [GC (Allocation Failure) 2021-01-19T14:22:21.246-0800: 16.892: [DefNew: 1258303K->139775K(1258304K), 0.0396437 secs] 2505096K->1524670K(4054528K), 0.0397559 secs] [Times: user=0.04 sys=0.00, real=0.04 secs] 
2021-01-19T14:22:21.426-0800: 17.072: [GC (Allocation Failure) 2021-01-19T14:22:21.426-0800: 17.072: [DefNew: 1258303K->139776K(1258304K), 0.0441191 secs] 2643198K->1682797K(4054528K), 0.0442126 secs] [Times: user=0.04 sys=0.00, real=0.05 secs] 
2021-01-19T14:22:21.612-0800: 17.258: [GC (Allocation Failure) 2021-01-19T14:22:21.612-0800: 17.258: [DefNew: 1258304K->139775K(1258304K), 0.0447032 secs] 2801325K->1857017K(4054528K), 0.0447966 secs] [Times: user=0.05 sys=0.00, real=0.04 secs] 
2021-01-19T14:22:21.801-0800: 17.447: [GC (Allocation Failure) 2021-01-19T14:22:21.801-0800: 17.447: [DefNew: 1258303K->139775K(1258304K), 0.0440540 secs] 2975545K->2017882K(4054528K), 0.0441443 secs] [Times: user=0.04 sys=0.00, real=0.04 secs] 
2021-01-19T14:22:22.010-0800: 17.657: [GC (Allocation Failure) 2021-01-19T14:22:22.011-0800: 17.657: [DefNew: 1258303K->139775K(1258304K), 0.0435621 secs] 3136410K->2162469K(4054528K), 0.0436420 secs] [Times: user=0.04 sys=0.00, real=0.04 secs] 
2021-01-19T14:22:22.200-0800: 17.846: [GC (Allocation Failure) 2021-01-19T14:22:22.200-0800: 17.846: [DefNew: 1258303K->139776K(1258304K), 0.0439191 secs] 3280997K->2314780K(4054528K), 0.0440077 secs] [Times: user=0.04 sys=0.00, real=0.04 secs] 
2021-01-19T14:22:22.388-0800: 18.034: [GC (Allocation Failure) 2021-01-19T14:22:22.388-0800: 18.034: [DefNew: 1258304K->139776K(1258304K), 0.0465343 secs] 3433308K->2472752K(4054528K), 0.0466302 secs] [Times: user=0.05 sys=0.00, real=0.05 secs] 
2021-01-19T14:22:22.575-0800: 18.221: [GC (Allocation Failure) 2021-01-19T14:22:22.575-0800: 18.221: [DefNew: 1258304K->139775K(1258304K), 0.0417619 secs] 3591280K->2620899K(4054528K), 0.0418503 secs] [Times: user=0.04 sys=0.00, real=0.04 secs] 
2021-01-19T14:22:22.767-0800: 18.413: [GC (Allocation Failure) 2021-01-19T14:22:22.767-0800: 18.413: [DefNew: 1258303K->139775K(1258304K), 0.0450955 secs] 3739427K->2779353K(4054528K), 0.0451703 secs] [Times: user=0.04 sys=0.00, real=0.05 secs] 
2021-01-19T14:22:22.964-0800: 18.610: [GC (Allocation Failure) 2021-01-19T14:22:22.964-0800: 18.610: [DefNew: 1258303K->1258303K(1258304K), 0.0000154 secs]2021-01-19T14:22:22.964-0800: 18.610: [Tenured: 2639577K->382484K(2796224K), 0.0612013 secs] 3897881K->382484K(4054528K), [Metaspace: 2589K->2589K(1056768K)], 0.0613007 secs] [Times: user=0.06 sys=0.00, real=0.06 secs] 
2021-01-19T14:22:23.169-0800: 18.815: [GC (Allocation Failure) 2021-01-19T14:22:23.169-0800: 18.815: [DefNew: 1118528K->139775K(1258304K), 0.0348646 secs] 1501012K->620652K(4054528K), 0.0349493 secs] [Times: user=0.03 sys=0.00, real=0.04 secs] 
2021-01-19T14:22:23.334-0800: 18.980: [GC (Allocation Failure) 2021-01-19T14:22:23.334-0800: 18.980: [DefNew: 1258303K->139775K(1258304K), 0.0418471 secs] 1739180K->767590K(4054528K), 0.0419765 secs] [Times: user=0.04 sys=0.00, real=0.04 secs] 
2021-01-19T14:22:23.503-0800: 19.149: [GC (Allocation Failure) 2021-01-19T14:22:23.503-0800: 19.149: [DefNew: 1258303K->139776K(1258304K), 0.0438262 secs] 1886118K->917187K(4054528K), 0.0439354 secs] [Times: user=0.04 sys=0.00, real=0.04 secs] 
2021-01-19T14:22:23.681-0800: 19.327: [GC (Allocation Failure) 2021-01-19T14:22:23.681-0800: 19.327: [DefNew: 1258304K->139775K(1258304K), 0.0451846 secs] 2035715K->1067122K(4054528K), 0.0452650 secs] [Times: user=0.05 sys=0.00, real=0.04 secs] 
2021-01-19T14:22:23.865-0800: 19.511: [GC (Allocation Failure) 2021-01-19T14:22:23.865-0800: 19.511: [DefNew: 1258303K->139775K(1258304K), 0.0439880 secs] 2185650K->1222735K(4054528K), 0.0440721 secs] [Times: user=0.04 sys=0.00, real=0.04 secs] 
2021-01-19T14:22:24.061-0800: 19.707: [GC (Allocation Failure) 2021-01-19T14:22:24.061-0800: 19.707: [DefNew: 1258303K->139775K(1258304K), 0.0448396 secs] 2341263K->1369588K(4054528K), 0.0449328 secs] [Times: user=0.05 sys=0.00, real=0.04 secs] 
2021-01-19T14:22:24.255-0800: 19.901: [GC (Allocation Failure) 2021-01-19T14:22:24.255-0800: 19.901: [DefNew: 1258303K->139775K(1258304K), 0.0398831 secs] 2488116K->1518795K(4054528K), 0.0399797 secs] [Times: user=0.04 sys=0.00, real=0.04 secs] 
2021-01-19T14:22:24.439-0800: 20.085: [GC (Allocation Failure) 2021-01-19T14:22:24.439-0800: 20.085: [DefNew: 1258303K->139775K(1258304K), 0.0404530 secs] 2637323K->1671043K(4054528K), 0.0405427 secs] [Times: user=0.04 sys=0.00, real=0.04 secs] 
2021-01-19T14:22:24.620-0800: 20.265: [GC (Allocation Failure) 2021-01-19T14:22:24.620-0800: 20.266: [DefNew: 1258303K->139776K(1258304K), 0.0459723 secs] 2789571K->1825449K(4054528K), 0.0460587 secs] [Times: user=0.04 sys=0.00, real=0.04 secs] 
2021-01-19T14:22:24.842-0800: 20.488: [GC (Allocation Failure) 2021-01-19T14:22:24.842-0800: 20.488: [DefNew: 1258304K->139776K(1258304K), 0.0456019 secs] 2943977K->1981256K(4054528K), 0.0456937 secs] [Times: user=0.04 sys=0.00, real=0.04 secs] 
2021-01-19T14:22:25.027-0800: 20.673: [GC (Allocation Failure) 2021-01-19T14:22:25.027-0800: 20.673: [DefNew: 1258304K->139775K(1258304K), 0.0468148 secs] 3099784K->2132716K(4054528K), 0.0468917 secs] [Times: user=0.05 sys=0.00, real=0.05 secs] 
2021-01-19T14:22:25.209-0800: 20.854: [GC (Allocation Failure) 2021-01-19T14:22:25.209-0800: 20.854: [DefNew: 1258303K->139776K(1258304K), 0.0417501 secs] 3251244K->2274840K(4054528K), 0.0418291 secs] [Times: user=0.04 sys=0.00, real=0.05 secs] 
2021-01-19T14:22:25.392-0800: 21.038: [GC (Allocation Failure) 2021-01-19T14:22:25.392-0800: 21.038: [DefNew: 1258304K->139775K(1258304K), 0.0402361 secs] 3393368K->2419774K(4054528K), 0.0403316 secs] [Times: user=0.04 sys=0.00, real=0.04 secs] 
2021-01-19T14:22:25.593-0800: 21.239: [GC (Allocation Failure) 2021-01-19T14:22:25.593-0800: 21.239: [DefNew: 1258303K->139776K(1258304K), 0.0417707 secs] 3538302K->2555778K(4054528K), 0.0418712 secs] [Times: user=0.05 sys=0.00, real=0.04 secs] 
2021-01-19T14:22:25.803-0800: 21.449: [GC (Allocation Failure) 2021-01-19T14:22:25.803-0800: 21.449: [DefNew: 1258304K->139775K(1258304K), 0.0437338 secs] 3674306K->2718920K(4054528K), 0.0438244 secs] [Times: user=0.05 sys=0.00, real=0.04 secs] 
2021-01-19T14:22:26.008-0800: 21.654: [GC (Allocation Failure) 2021-01-19T14:22:26.008-0800: 21.654: [DefNew: 1258303K->139775K(1258304K), 0.0450306 secs] 3837448K->2885312K(4054528K), 0.0451056 secs] [Times: user=0.04 sys=0.00, real=0.05 secs] 
2021-01-19T14:22:26.198-0800: 21.844: [GC (Allocation Failure) 2021-01-19T14:22:26.198-0800: 21.844: [DefNew: 1258303K->1258303K(1258304K), 0.0000159 secs]2021-01-19T14:22:26.198-0800: 21.844: [Tenured: 2745536K->385118K(2796224K), 0.0628445 secs] 4003840K->385118K(4054528K), [Metaspace: 2589K->2589K(1056768K)], 0.0629681 secs] [Times: user=0.07 sys=0.00, real=0.07 secs] 
2021-01-19T14:22:26.406-0800: 22.051: [GC (Allocation Failure) 2021-01-19T14:22:26.406-0800: 22.051: [DefNew: 1118528K->139775K(1258304K), 0.0325389 secs] 1503646K->625232K(4054528K), 0.0326276 secs] [Times: user=0.03 sys=0.00, real=0.03 secs] 
2021-01-19T14:22:26.584-0800: 22.230: [GC (Allocation Failure) 2021-01-19T14:22:26.584-0800: 22.230: [DefNew: 1258303K->139776K(1258304K), 0.0415634 secs] 1743760K->775619K(4054528K), 0.0416511 secs] [Times: user=0.04 sys=0.00, real=0.04 secs] 
2021-01-19T14:22:26.756-0800: 22.401: [GC (Allocation Failure) 2021-01-19T14:22:26.756-0800: 22.401: [DefNew: 1258304K->139775K(1258304K), 0.0392882 secs] 1894147K->917620K(4054528K), 0.0393642 secs] [Times: user=0.04 sys=0.00, real=0.04 secs] 
2021-01-19T14:22:26.943-0800: 22.588: [GC (Allocation Failure) 2021-01-19T14:22:26.943-0800: 22.588: [DefNew: 1258303K->139776K(1258304K), 0.0410766 secs] 2036148K->1073003K(4054528K), 0.0411762 secs] [Times: user=0.04 sys=0.00, real=0.04 secs] 
2021-01-19T14:22:27.130-0800: 22.775: [GC (Allocation Failure) 2021-01-19T14:22:27.130-0800: 22.775: [DefNew: 1258304K->139775K(1258304K), 0.0420842 secs] 2191531K->1234886K(4054528K), 0.0421668 secs] [Times: user=0.04 sys=0.00, real=0.04 secs] 
2021-01-19T14:22:27.324-0800: 22.969: [GC (Allocation Failure) 2021-01-19T14:22:27.324-0800: 22.969: [DefNew: 1258303K->139776K(1258304K), 0.0417705 secs] 2353414K->1371198K(4054528K), 0.0418431 secs] [Times: user=0.04 sys=0.00, real=0.04 secs] 
2021-01-19T14:22:27.499-0800: 23.144: [GC (Allocation Failure) 2021-01-19T14:22:27.499-0800: 23.144: [DefNew: 1258304K->139775K(1258304K), 0.0435399 secs] 2489726K->1522043K(4054528K), 0.0436200 secs] [Times: user=0.04 sys=0.00, real=0.05 secs] 
2021-01-19T14:22:27.691-0800: 23.336: [GC (Allocation Failure) 2021-01-19T14:22:27.691-0800: 23.336: [DefNew: 1258303K->139775K(1258304K), 0.0423490 secs] 2640571K->1678954K(4054528K), 0.0424436 secs] [Times: user=0.04 sys=0.00, real=0.04 secs] 
2021-01-19T14:22:27.877-0800: 23.522: [GC (Allocation Failure) 2021-01-19T14:22:27.877-0800: 23.522: [DefNew: 1258303K->139775K(1258304K), 0.0428382 secs] 2797482K->1828175K(4054528K), 0.0429195 secs] [Times: user=0.04 sys=0.00, real=0.04 secs] 
2021-01-19T14:22:28.059-0800: 23.704: [GC (Allocation Failure) 2021-01-19T14:22:28.059-0800: 23.704: [DefNew: 1258303K->139775K(1258304K), 0.0441908 secs] 2946703K->1991899K(4054528K), 0.0442880 secs] [Times: user=0.04 sys=0.00, real=0.05 secs] 
2021-01-19T14:22:28.254-0800: 23.899: [GC (Allocation Failure) 2021-01-19T14:22:28.254-0800: 23.899: [DefNew: 1258303K->139776K(1258304K), 0.0413487 secs] 3110427K->2147311K(4054528K), 0.0414369 secs] [Times: user=0.04 sys=0.00, real=0.04 secs] 
2021-01-19T14:22:28.449-0800: 24.094: [GC (Allocation Failure) 2021-01-19T14:22:28.449-0800: 24.094: [DefNew: 1258304K->139775K(1258304K), 0.0434957 secs] 3265839K->2299165K(4054528K), 0.0435902 secs] [Times: user=0.04 sys=0.00, real=0.05 secs] 
2021-01-19T14:22:28.630-0800: 24.275: [GC (Allocation Failure) 2021-01-19T14:22:28.630-0800: 24.275: [DefNew: 1258303K->139776K(1258304K), 0.0465821 secs] 3417693K->2454021K(4054528K), 0.0466629 secs] [Times: user=0.04 sys=0.00, real=0.04 secs] 
2021-01-19T14:22:28.824-0800: 24.470: [GC (Allocation Failure) 2021-01-19T14:22:28.824-0800: 24.470: [DefNew: 1258304K->139775K(1258304K), 0.0449349 secs] 3572549K->2614492K(4054528K), 0.0450029 secs] [Times: user=0.04 sys=0.00, real=0.04 secs] 
2021-01-19T14:22:29.019-0800: 24.664: [GC (Allocation Failure) 2021-01-19T14:22:29.019-0800: 24.664: [DefNew: 1258303K->139775K(1258304K), 0.0437007 secs] 3733020K->2788415K(4054528K), 0.0437612 secs] [Times: user=0.05 sys=0.00, real=0.05 secs] 
2021-01-19T14:22:29.218-0800: 24.863: [GC (Allocation Failure) 2021-01-19T14:22:29.218-0800: 24.863: [DefNew: 1258303K->1258303K(1258304K), 0.0000152 secs]2021-01-19T14:22:29.218-0800: 24.863: [Tenured: 2648639K->373147K(2796224K), 0.0580168 secs] 3906943K->373147K(4054528K), [Metaspace: 2589K->2589K(1056768K)], 0.0581328 secs] [Times: user=0.06 sys=0.00, real=0.06 secs] 
2021-01-19T14:22:29.422-0800: 25.067: [GC (Allocation Failure) 2021-01-19T14:22:29.422-0800: 25.067: [DefNew: 1118528K->139775K(1258304K), 0.0365387 secs] 1491675K->620485K(4054528K), 0.0366154 secs] [Times: user=0.04 sys=0.00, real=0.03 secs] 
2021-01-19T14:22:29.607-0800: 25.252: [GC (Allocation Failure) 2021-01-19T14:22:29.607-0800: 25.252: [DefNew: 1258303K->139775K(1258304K), 0.0418905 secs] 1739013K->780060K(4054528K), 0.0419795 secs] [Times: user=0.04 sys=0.01, real=0.04 secs] 
2021-01-19T14:22:29.798-0800: 25.443: [GC (Allocation Failure) 2021-01-19T14:22:29.798-0800: 25.443: [DefNew: 1258303K->139775K(1258304K), 0.0395810 secs] 1898588K->926154K(4054528K), 0.0396740 secs] [Times: user=0.04 sys=0.00, real=0.04 secs] 
2021-01-19T14:22:29.993-0800: 25.638: [GC (Allocation Failure) 2021-01-19T14:22:29.993-0800: 25.638: [DefNew: 1258303K->139775K(1258304K), 0.0445274 secs] 2044682K->1083455K(4054528K), 0.0446181 secs] [Times: user=0.04 sys=0.00, real=0.04 secs] 
2021-01-19T14:22:30.193-0800: 25.838: [GC (Allocation Failure) 2021-01-19T14:22:30.193-0800: 25.838: [DefNew: 1258303K->139776K(1258304K), 0.0430512 secs] 2201983K->1235596K(4054528K), 0.0431719 secs] [Times: user=0.04 sys=0.00, real=0.04 secs] 
2021-01-19T14:22:30.383-0800: 26.028: [GC (Allocation Failure) 2021-01-19T14:22:30.383-0800: 26.028: [DefNew: 1258304K->139775K(1258304K), 0.0422212 secs] 2354124K->1374110K(4054528K), 0.0423398 secs] [Times: user=0.04 sys=0.00, real=0.04 secs] 
2021-01-19T14:22:30.568-0800: 26.213: [GC (Allocation Failure) 2021-01-19T14:22:30.568-0800: 26.213: [DefNew: 1258303K->139775K(1258304K), 0.0426760 secs] 2492638K->1529431K(4054528K), 0.0427839 secs] [Times: user=0.04 sys=0.00, real=0.05 secs] 
2021-01-19T14:22:30.747-0800: 26.392: [GC (Allocation Failure) 2021-01-19T14:22:30.747-0800: 26.392: [DefNew: 1258303K->139775K(1258304K), 0.0406231 secs] 2647959K->1684267K(4054528K), 0.0407893 secs] [Times: user=0.04 sys=0.00, real=0.04 secs] 
2021-01-19T14:22:30.915-0800: 26.560: [GC (Allocation Failure) 2021-01-19T14:22:30.915-0800: 26.560: [DefNew: 1258303K->139775K(1258304K), 0.0471573 secs] 2802795K->1852062K(4054528K), 0.0472397 secs] [Times: user=0.05 sys=0.00, real=0.05 secs] 
2021-01-19T14:22:31.102-0800: 26.747: [GC (Allocation Failure) 2021-01-19T14:22:31.102-0800: 26.747: [DefNew: 1258303K->139776K(1258304K), 0.0416571 secs] 2970590K->2007498K(4054528K), 0.0417619 secs] [Times: user=0.04 sys=0.00, real=0.04 secs] 
2021-01-19T14:22:31.289-0800: 26.934: [GC (Allocation Failure) 2021-01-19T14:22:31.289-0800: 26.934: [DefNew: 1258304K->139775K(1258304K), 0.0419466 secs] 3126026K->2169461K(4054528K), 0.0420521 secs] [Times: user=0.05 sys=0.00, real=0.05 secs] 
2021-01-19T14:22:31.491-0800: 27.136: [GC (Allocation Failure) 2021-01-19T14:22:31.491-0800: 27.136: [DefNew: 1258303K->139775K(1258304K), 0.0483762 secs] 3287989K->2337452K(4054528K), 0.0484842 secs] [Times: user=0.04 sys=0.00, real=0.04 secs] 
2021-01-19T14:22:31.694-0800: 27.339: [GC (Allocation Failure) 2021-01-19T14:22:31.694-0800: 27.339: [DefNew: 1258303K->139776K(1258304K), 0.0413430 secs] 3455980K->2485822K(4054528K), 0.0414441 secs] [Times: user=0.04 sys=0.01, real=0.04 secs] 
2021-01-19T14:22:31.875-0800: 27.520: [GC (Allocation Failure) 2021-01-19T14:22:31.875-0800: 27.520: [DefNew: 1258304K->139775K(1258304K), 0.0431484 secs] 3604350K->2647037K(4054528K), 0.0432280 secs] [Times: user=0.04 sys=0.00, real=0.04 secs] 
2021-01-19T14:22:32.070-0800: 27.715: [GC (Allocation Failure) 2021-01-19T14:22:32.070-0800: 27.715: [DefNew: 1258303K->139775K(1258304K), 0.0428479 secs] 3765565K->2797615K(4054528K), 0.0429350 secs] [Times: user=0.04 sys=0.00, real=0.04 secs] 
2021-01-19T14:22:32.263-0800: 27.908: [GC (Allocation Failure) 2021-01-19T14:22:32.263-0800: 27.908: [DefNew: 1258303K->1258303K(1258304K), 0.0000178 secs]2021-01-19T14:22:32.263-0800: 27.908: [Tenured: 2657839K->377019K(2796224K), 0.0590302 secs] 3916143K->377019K(4054528K), [Metaspace: 2589K->2589K(1056768K)], 0.0591458 secs] [Times: user=0.06 sys=0.00, real=0.06 secs] 
2021-01-19T14:22:32.477-0800: 28.122: [GC (Allocation Failure) 2021-01-19T14:22:32.477-0800: 28.122: [DefNew: 1118528K->139775K(1258304K), 0.0334286 secs] 1495547K->611791K(4054528K), 0.0334961 secs] [Times: user=0.03 sys=0.00, real=0.04 secs] 
2021-01-19T14:22:32.651-0800: 28.296: [GC (Allocation Failure) 2021-01-19T14:22:32.651-0800: 28.296: [DefNew: 1258303K->139775K(1258304K), 0.0430875 secs] 1730319K->772314K(4054528K), 0.0431887 secs] [Times: user=0.04 sys=0.00, real=0.04 secs] 
2021-01-19T14:22:32.844-0800: 28.489: [GC (Allocation Failure) 2021-01-19T14:22:32.844-0800: 28.489: [DefNew: 1258303K->139775K(1258304K), 0.0424341 secs] 1890842K->918734K(4054528K), 0.0425318 secs] [Times: user=0.04 sys=0.00, real=0.04 secs] 
2021-01-19T14:22:33.032-0800: 28.677: [GC (Allocation Failure) 2021-01-19T14:22:33.032-0800: 28.677: [DefNew: 1258303K->139775K(1258304K), 0.0473949 secs] 2037262K->1086757K(4054528K), 0.0474829 secs] [Times: user=0.04 sys=0.00, real=0.04 secs] 
2021-01-19T14:22:33.216-0800: 28.861: [GC (Allocation Failure) 2021-01-19T14:22:33.216-0800: 28.861: [DefNew: 1258303K->139776K(1258304K), 0.0456717 secs] 2205285K->1249310K(4054528K), 0.0457628 secs] [Times: user=0.04 sys=0.00, real=0.05 secs] 
2021-01-19T14:22:33.397-0800: 29.042: [GC (Allocation Failure) 2021-01-19T14:22:33.397-0800: 29.042: [DefNew: 1258304K->139775K(1258304K), 0.0432942 secs] 2367838K->1408061K(4054528K), 0.0433853 secs] [Times: user=0.04 sys=0.00, real=0.05 secs] 
2021-01-19T14:22:33.584-0800: 29.229: [GC (Allocation Failure) 2021-01-19T14:22:33.584-0800: 29.229: [DefNew: 1258303K->139775K(1258304K), 0.0448426 secs] 2526589K->1568652K(4054528K), 0.0449219 secs] [Times: user=0.05 sys=0.00, real=0.04 secs] 
2021-01-19T14:22:33.764-0800: 29.408: [GC (Allocation Failure) 2021-01-19T14:22:33.764-0800: 29.408: [DefNew: 1258303K->139776K(1258304K), 0.0434077 secs] 2687180K->1716732K(4054528K), 0.0434801 secs] [Times: user=0.05 sys=0.00, real=0.04 secs] 
2021-01-19T14:22:33.952-0800: 29.597: [GC (Allocation Failure) 2021-01-19T14:22:33.952-0800: 29.597: [DefNew: 1258304K->139775K(1258304K), 0.0424814 secs] 2835260K->1860075K(4054528K), 0.0425657 secs] [Times: user=0.04 sys=0.00, real=0.04 secs] 
2021-01-19T14:22:34.130-0800: 29.775: [GC (Allocation Failure) 2021-01-19T14:22:34.130-0800: 29.775: [DefNew: 1258303K->139775K(1258304K), 0.0455135 secs] 2978603K->2019521K(4054528K), 0.0456154 secs] [Times: user=0.04 sys=0.00, real=0.04 secs] 
2021-01-19T14:22:34.330-0800: 29.974: [GC (Allocation Failure) 2021-01-19T14:22:34.330-0800: 29.974: [DefNew: 1258303K->139775K(1258304K), 0.0410817 secs] 3138049K->2166159K(4054528K), 0.0411634 secs] [Times: user=0.05 sys=0.00, real=0.04 secs] 
2021-01-19T14:22:34.516-0800: 30.161: [GC (Allocation Failure) 2021-01-19T14:22:34.516-0800: 30.161: [DefNew: 1258303K->139776K(1258304K), 0.0411553 secs] 3284687K->2321911K(4054528K), 0.0412397 secs] [Times: user=0.04 sys=0.00, real=0.04 secs] 
2021-01-19T14:22:34.726-0800: 30.370: [GC (Allocation Failure) 2021-01-19T14:22:34.726-0800: 30.370: [DefNew: 1258304K->139775K(1258304K), 0.0412372 secs] 3440439K->2473080K(4054528K), 0.0413002 secs] [Times: user=0.04 sys=0.00, real=0.04 secs] 
2021-01-19T14:22:34.901-0800: 30.546: [GC (Allocation Failure) 2021-01-19T14:22:34.901-0800: 30.546: [DefNew: 1258303K->139776K(1258304K), 0.0421045 secs] 3591608K->2629687K(4054528K), 0.0422192 secs] [Times: user=0.04 sys=0.00, real=0.04 secs] 
2021-01-19T14:22:35.086-0800: 30.730: [GC (Allocation Failure) 2021-01-19T14:22:35.086-0800: 30.730: [DefNew: 1258304K->139776K(1258304K), 0.0448783 secs] 3748215K->2790257K(4054528K), 0.0449719 secs] [Times: user=0.05 sys=0.00, real=0.05 secs] 
2021-01-19T14:22:35.270-0800: 30.915: [GC (Allocation Failure) 2021-01-19T14:22:35.270-0800: 30.915: [DefNew: 1258304K->1258304K(1258304K), 0.0000174 secs]2021-01-19T14:22:35.270-0800: 30.915: [Tenured: 2650481K->389510K(2796224K), 0.0601378 secs] 3908785K->389510K(4054528K), [Metaspace: 2589K->2589K(1056768K)], 0.0602520 secs] [Times: user=0.06 sys=0.00, real=0.06 secs] 
2021-01-19T14:22:35.478-0800: 31.122: [GC (Allocation Failure) 2021-01-19T14:22:35.478-0800: 31.122: [DefNew: 1118528K->139776K(1258304K), 0.0367306 secs] 1508038K->629071K(4054528K), 0.0368387 secs] [Times: user=0.04 sys=0.00, real=0.04 secs] 
2021-01-19T14:22:35.660-0800: 31.305: [GC (Allocation Failure) 2021-01-19T14:22:35.660-0800: 31.305: [DefNew: 1258304K->139775K(1258304K), 0.0423153 secs] 1747599K->783120K(4054528K), 0.0423960 secs] [Times: user=0.04 sys=0.00, real=0.04 secs] 
2021-01-19T14:22:35.858-0800: 31.503: [GC (Allocation Failure) 2021-01-19T14:22:35.858-0800: 31.503: [DefNew: 1258303K->139775K(1258304K), 0.0416805 secs] 1901648K->933559K(4054528K), 0.0417670 secs] [Times: user=0.04 sys=0.00, real=0.05 secs] 
2021-01-19T14:22:36.031-0800: 31.676: [GC (Allocation Failure) 2021-01-19T14:22:36.031-0800: 31.676: [DefNew: 1258303K->139775K(1258304K), 0.0434149 secs] 2052087K->1084501K(4054528K), 0.0434933 secs] [Times: user=0.05 sys=0.01, real=0.04 secs] 
2021-01-19T14:22:36.226-0800: 31.871: [GC (Allocation Failure) 2021-01-19T14:22:36.226-0800: 31.871: [DefNew: 1258303K->139776K(1258304K), 0.0447955 secs] 2203029K->1229754K(4054528K), 0.0448649 secs] [Times: user=0.04 sys=0.00, real=0.05 secs] 
2021-01-19T14:22:36.415-0800: 32.060: [GC (Allocation Failure) 2021-01-19T14:22:36.416-0800: 32.060: [DefNew: 1258304K->139776K(1258304K), 0.0434736 secs] 2348282K->1394682K(4054528K), 0.0435829 secs] [Times: user=0.04 sys=0.00, real=0.04 secs] 
2021-01-19T14:22:36.601-0800: 32.245: [GC (Allocation Failure) 2021-01-19T14:22:36.601-0800: 32.245: [DefNew: 1258304K->139775K(1258304K), 0.0403579 secs] 2513210K->1550712K(4054528K), 0.0404434 secs] [Times: user=0.04 sys=0.00, real=0.04 secs] 
2021-01-19T14:22:36.778-0800: 32.422: [GC (Allocation Failure) 2021-01-19T14:22:36.778-0800: 32.422: [DefNew: 1258303K->139776K(1258304K), 0.0441564 secs] 2669240K->1708727K(4054528K), 0.0442308 secs] [Times: user=0.04 sys=0.00, real=0.05 secs] 
2021-01-19T14:22:36.967-0800: 32.611: [GC (Allocation Failure) 2021-01-19T14:22:36.967-0800: 32.611: [DefNew: 1258304K->139775K(1258304K), 0.0423839 secs] 2827255K->1867948K(4054528K), 0.0424787 secs] [Times: user=0.05 sys=0.00, real=0.04 secs] 
2021-01-19T14:22:37.136-0800: 32.780: [GC (Allocation Failure) 2021-01-19T14:22:37.136-0800: 32.780: [DefNew: 1258303K->139775K(1258304K), 0.0398331 secs] 2986476K->2012850K(4054528K), 0.0399233 secs] [Times: user=0.04 sys=0.00, real=0.04 secs] 
2021-01-19T14:22:37.305-0800: 32.949: [GC (Allocation Failure) 2021-01-19T14:22:37.305-0800: 32.949: [DefNew: 1258303K->139775K(1258304K), 0.0410239 secs] 3131378K->2173663K(4054528K), 0.0411097 secs] [Times: user=0.04 sys=0.00, real=0.04 secs] 
2021-01-19T14:22:37.475-0800: 33.119: [GC (Allocation Failure) 2021-01-19T14:22:37.475-0800: 33.119: [DefNew: 1258303K->139776K(1258304K), 0.0410736 secs] 3292191K->2328847K(4054528K), 0.0411530 secs] [Times: user=0.04 sys=0.00, real=0.04 secs] 
2021-01-19T14:22:37.658-0800: 33.303: [GC (Allocation Failure) 2021-01-19T14:22:37.658-0800: 33.303: [DefNew: 1258304K->139775K(1258304K), 0.0446725 secs] 3447375K->2483041K(4054528K), 0.0447297 secs] [Times: user=0.04 sys=0.01, real=0.05 secs] 
2021-01-19T14:22:37.849-0800: 33.494: [GC (Allocation Failure) 2021-01-19T14:22:37.849-0800: 33.494: [DefNew: 1258303K->139776K(1258304K), 0.0461672 secs] 3601569K->2644839K(4054528K), 0.0462400 secs] [Times: user=0.04 sys=0.00, real=0.05 secs] 
2021-01-19T14:22:38.035-0800: 33.679: [GC (Allocation Failure) 2021-01-19T14:22:38.035-0800: 33.679: [DefNew: 1258304K->139775K(1258304K), 0.0458791 secs] 3763367K->2797787K(4054528K), 0.0459722 secs] [Times: user=0.05 sys=0.00, real=0.05 secs] 
2021-01-19T14:22:38.231-0800: 33.875: [GC (Allocation Failure) 2021-01-19T14:22:38.231-0800: 33.875: [DefNew: 1258303K->1258303K(1258304K), 0.0000158 secs]2021-01-19T14:22:38.231-0800: 33.875: [Tenured: 2658011K->370184K(2796224K), 0.0583369 secs] 3916315K->370184K(4054528K), [Metaspace: 2589K->2589K(1056768K)], 0.0584549 secs] [Times: user=0.06 sys=0.00, real=0.05 secs] 
2021-01-19T14:22:38.425-0800: 34.069: [GC (Allocation Failure) 2021-01-19T14:22:38.425-0800: 34.069: [DefNew: 1118528K->139775K(1258304K), 0.0354072 secs] 1488712K->623674K(4054528K), 0.0354848 secs] [Times: user=0.03 sys=0.00, real=0.04 secs] 
2021-01-19T14:22:38.600-0800: 34.245: [GC (Allocation Failure) 2021-01-19T14:22:38.600-0800: 34.245: [DefNew: 1258303K->139775K(1258304K), 0.0412917 secs] 1742202K->776261K(4054528K), 0.0413812 secs] [Times: user=0.04 sys=0.00, real=0.04 secs] 
2021-01-19T14:22:38.780-0800: 34.424: [GC (Allocation Failure) 2021-01-19T14:22:38.780-0800: 34.424: [DefNew: 1258303K->139775K(1258304K), 0.0424985 secs] 1894789K->923523K(4054528K), 0.0425768 secs] [Times: user=0.04 sys=0.00, real=0.04 secs] 
2021-01-19T14:22:38.961-0800: 34.606: [GC (Allocation Failure) 2021-01-19T14:22:38.961-0800: 34.606: [DefNew: 1258303K->139775K(1258304K), 0.0435028 secs] 2042051K->1075689K(4054528K), 0.0435926 secs] [Times: user=0.04 sys=0.00, real=0.04 secs] 
2021-01-19T14:22:39.162-0800: 34.806: [GC (Allocation Failure) 2021-01-19T14:22:39.162-0800: 34.806: [DefNew: 1258303K->139775K(1258304K), 0.0428127 secs] 2194217K->1226870K(4054528K), 0.0428809 secs] [Times: user=0.04 sys=0.00, real=0.04 secs] 
2021-01-19T14:22:39.345-0800: 34.989: [GC (Allocation Failure) 2021-01-19T14:22:39.345-0800: 34.989: [DefNew: 1258303K->139776K(1258304K), 0.0415688 secs] 2345398K->1386865K(4054528K), 0.0416580 secs] [Times: user=0.04 sys=0.00, real=0.04 secs] 
2021-01-19T14:22:39.545-0800: 35.189: [GC (Allocation Failure) 2021-01-19T14:22:39.545-0800: 35.189: [DefNew: 1258304K->139775K(1258304K), 0.0452947 secs] 2505393K->1541506K(4054528K), 0.0454159 secs] [Times: user=0.04 sys=0.00, real=0.05 secs] 
2021-01-19T14:22:39.727-0800: 35.371: [GC (Allocation Failure) 2021-01-19T14:22:39.727-0800: 35.371: [DefNew: 1258303K->139775K(1258304K), 0.0454292 secs] 2660034K->1691634K(4054528K), 0.0455132 secs] [Times: user=0.04 sys=0.00, real=0.05 secs] 
2021-01-19T14:22:39.917-0800: 35.562: [GC (Allocation Failure) 2021-01-19T14:22:39.917-0800: 35.562: [DefNew: 1258303K->139775K(1258304K), 0.0473107 secs] 2810162K->1851947K(4054528K), 0.0473857 secs] [Times: user=0.05 sys=0.00, real=0.05 secs] 
2021-01-19T14:22:40.114-0800: 35.759: [GC (Allocation Failure) 2021-01-19T14:22:40.114-0800: 35.759: [DefNew: 1258303K->139775K(1258304K), 0.0447055 secs] 2970475K->2019025K(4054528K), 0.0447797 secs] [Times: user=0.05 sys=0.00, real=0.04 secs] 
2021-01-19T14:22:40.296-0800: 35.940: [GC (Allocation Failure) 2021-01-19T14:22:40.296-0800: 35.940: [DefNew: 1258303K->139776K(1258304K), 0.0424495 secs] 3137553K->2180846K(4054528K), 0.0425453 secs] [Times: user=0.05 sys=0.00, real=0.04 secs] 
2021-01-19T14:22:40.490-0800: 36.135: [GC (Allocation Failure) 2021-01-19T14:22:40.490-0800: 36.135: [DefNew: 1258304K->139775K(1258304K), 0.0424619 secs] 3299374K->2327325K(4054528K), 0.0425515 secs] [Times: user=0.04 sys=0.00, real=0.04 secs] 
2021-01-19T14:22:40.685-0800: 36.330: [GC (Allocation Failure) 2021-01-19T14:22:40.685-0800: 36.330: [DefNew: 1258303K->139776K(1258304K), 0.0456555 secs] 3445853K->2476676K(4054528K), 0.0457430 secs] [Times: user=0.05 sys=0.00, real=0.05 secs] 
2021-01-19T14:22:40.879-0800: 36.523: [GC (Allocation Failure) 2021-01-19T14:22:40.879-0800: 36.523: [DefNew: 1258304K->139775K(1258304K), 0.0453950 secs] 3595204K->2623699K(4054528K), 0.0454744 secs] [Times: user=0.05 sys=0.00, real=0.05 secs] 
2021-01-19T14:22:41.057-0800: 36.701: [GC (Allocation Failure) 2021-01-19T14:22:41.057-0800: 36.701: [DefNew: 1258303K->139776K(1258304K), 0.0401980 secs] 3742227K->2775091K(4054528K), 0.0402762 secs] [Times: user=0.04 sys=0.00, real=0.04 secs] 
2021-01-19T14:22:41.239-0800: 36.883: [GC (Allocation Failure) 2021-01-19T14:22:41.239-0800: 36.883: [DefNew: 1258304K->1258304K(1258304K), 0.0000156 secs]2021-01-19T14:22:41.239-0800: 36.883: [Tenured: 2635315K->375488K(2796224K), 0.0593096 secs] 3893619K->375488K(4054528K), [Metaspace: 2589K->2589K(1056768K)], 0.0594304 secs] [Times: user=0.06 sys=0.00, real=0.06 secs] 
2021-01-19T14:22:41.439-0800: 37.083: [GC (Allocation Failure) 2021-01-19T14:22:41.439-0800: 37.084: [DefNew: 1118528K->139776K(1258304K), 0.0364426 secs] 1494016K->620773K(4054528K), 0.0365215 secs] [Times: user=0.03 sys=0.00, real=0.04 secs] 
2021-01-19T14:22:41.613-0800: 37.258: [GC (Allocation Failure) 2021-01-19T14:22:41.613-0800: 37.258: [DefNew: 1258304K->139775K(1258304K), 0.0429256 secs] 1739301K->782305K(4054528K), 0.0429886 secs] [Times: user=0.04 sys=0.00, real=0.04 secs] 
2021-01-19T14:22:41.810-0800: 37.454: [GC (Allocation Failure) 2021-01-19T14:22:41.810-0800: 37.454: [DefNew: 1258303K->139775K(1258304K), 0.0476180 secs] 1900833K->944967K(4054528K), 0.0477011 secs] [Times: user=0.04 sys=0.01, real=0.04 secs] 
2021-01-19T14:22:42.004-0800: 37.648: [GC (Allocation Failure) 2021-01-19T14:22:42.004-0800: 37.648: [DefNew: 1258303K->139775K(1258304K), 0.0432005 secs] 2063495K->1086732K(4054528K), 0.0432965 secs] [Times: user=0.04 sys=0.00, real=0.04 secs] 
2021-01-19T14:22:42.183-0800: 37.827: [GC (Allocation Failure) 2021-01-19T14:22:42.183-0800: 37.828: [DefNew: 1258303K->139775K(1258304K), 0.0441068 secs] 2205260K->1238418K(4054528K), 0.0441941 secs] [Times: user=0.04 sys=0.00, real=0.04 secs] 
2021-01-19T14:22:42.368-0800: 38.013: [GC (Allocation Failure) 2021-01-19T14:22:42.368-0800: 38.013: [DefNew: 1258303K->139775K(1258304K), 0.0456437 secs] 2356946K->1392411K(4054528K), 0.0457212 secs] [Times: user=0.04 sys=0.00, real=0.05 secs] 
2021-01-19T14:22:42.567-0800: 38.211: [GC (Allocation Failure) 2021-01-19T14:22:42.567-0800: 38.211: [DefNew: 1258303K->139776K(1258304K), 0.0440061 secs] 2510939K->1552750K(4054528K), 0.0440968 secs] [Times: user=0.04 sys=0.00, real=0.05 secs] 
2021-01-19T14:22:42.757-0800: 38.402: [GC (Allocation Failure) 2021-01-19T14:22:42.757-0800: 38.402: [DefNew: 1258304K->139776K(1258304K), 0.0412442 secs] 2671278K->1700336K(4054528K), 0.0413272 secs] [Times: user=0.04 sys=0.00, real=0.04 secs] 
2021-01-19T14:22:42.941-0800: 38.585: [GC (Allocation Failure) 2021-01-19T14:22:42.941-0800: 38.585: [DefNew: 1258304K->139775K(1258304K), 0.0454608 secs] 2818864K->1871901K(4054528K), 0.0455564 secs] [Times: user=0.04 sys=0.00, real=0.04 secs] 
2021-01-19T14:22:43.124-0800: 38.768: [GC (Allocation Failure) 2021-01-19T14:22:43.124-0800: 38.769: [DefNew: 1258303K->139775K(1258304K), 0.0409210 secs] 2990429K->2015364K(4054528K), 0.0409984 secs] [Times: user=0.04 sys=0.00, real=0.04 secs] 
2021-01-19T14:22:43.313-0800: 38.958: [GC (Allocation Failure) 2021-01-19T14:22:43.313-0800: 38.958: [DefNew: 1258303K->139775K(1258304K), 0.0424548 secs] 3133892K->2172508K(4054528K), 0.0425478 secs] [Times: user=0.04 sys=0.00, real=0.04 secs] 
2021-01-19T14:22:43.495-0800: 39.139: [GC (Allocation Failure) 2021-01-19T14:22:43.495-0800: 39.139: [DefNew: 1258303K->139776K(1258304K), 0.0461366 secs] 3291036K->2332462K(4054528K), 0.0462273 secs] [Times: user=0.04 sys=0.00, real=0.05 secs] 
2021-01-19T14:22:43.681-0800: 39.325: [GC (Allocation Failure) 2021-01-19T14:22:43.681-0800: 39.325: [DefNew: 1258304K->139775K(1258304K), 0.0440206 secs] 3450990K->2489717K(4054528K), 0.0440997 secs] [Times: user=0.05 sys=0.00, real=0.04 secs] 
2021-01-19T14:22:43.873-0800: 39.518: [GC (Allocation Failure) 2021-01-19T14:22:43.874-0800: 39.518: [DefNew: 1258303K->139775K(1258304K), 0.0455986 secs] 3608245K->2645629K(4054528K), 0.0457068 secs] [Times: user=0.04 sys=0.00, real=0.04 secs] 
2021-01-19T14:22:44.074-0800: 39.718: [GC (Allocation Failure) 2021-01-19T14:22:44.074-0800: 39.718: [DefNew: 1258303K->139775K(1258304K), 0.0433152 secs] 3764157K->2813158K(4054528K), 0.0444624 secs] [Times: user=0.05 sys=0.00, real=0.04 secs] 
2021-01-19T14:22:44.280-0800: 39.924: [GC (Allocation Failure) 2021-01-19T14:22:44.280-0800: 39.924: [DefNew: 1258303K->1258303K(1258304K), 0.0000160 secs]2021-01-19T14:22:44.280-0800: 39.924: [Tenured: 2673382K->376519K(2796224K), 0.0584822 secs] 3931686K->376519K(4054528K), [Metaspace: 2589K->2589K(1056768K)], 0.0586124 secs] [Times: user=0.06 sys=0.00, real=0.05 secs] 
2021-01-19T14:22:44.483-0800: 40.128: [GC (Allocation Failure) 2021-01-19T14:22:44.483-0800: 40.128: [DefNew: 1118528K->139775K(1258304K), 0.0322111 secs] 1495047K->608528K(4054528K), 0.0322977 secs] [Times: user=0.03 sys=0.00, real=0.03 secs] 
2021-01-19T14:22:44.670-0800: 40.314: [GC (Allocation Failure) 2021-01-19T14:22:44.670-0800: 40.314: [DefNew: 1258303K->139775K(1258304K), 0.0412139 secs] 1727056K->762360K(4054528K), 0.0412815 secs] [Times: user=0.05 sys=0.00, real=0.04 secs] 
2021-01-19T14:22:44.853-0800: 40.497: [GC (Allocation Failure) 2021-01-19T14:22:44.853-0800: 40.497: [DefNew: 1258303K->139775K(1258304K), 0.0426364 secs] 1880888K->920728K(4054528K), 0.0427176 secs] [Times: user=0.04 sys=0.00, real=0.04 secs] 
2021-01-19T14:22:45.046-0800: 40.690: [GC (Allocation Failure) 2021-01-19T14:22:45.046-0800: 40.690: [DefNew: 1258303K->139775K(1258304K), 0.0435265 secs] 2039256K->1087756K(4054528K), 0.0436210 secs] [Times: user=0.04 sys=0.00, real=0.05 secs] 
2021-01-19T14:22:45.226-0800: 40.870: [GC (Allocation Failure) 2021-01-19T14:22:45.226-0800: 40.870: [DefNew: 1258303K->139775K(1258304K), 0.0425656 secs] 2206284K->1243043K(4054528K), 0.0426474 secs] [Times: user=0.04 sys=0.00, real=0.04 secs] 
2021-01-19T14:22:45.412-0800: 41.056: [GC (Allocation Failure) 2021-01-19T14:22:45.412-0800: 41.056: [DefNew: 1258303K->139775K(1258304K), 0.0416612 secs] 2361571K->1406208K(4054528K), 0.0417390 secs] [Times: user=0.04 sys=0.00, real=0.04 secs] 
2021-01-19T14:22:45.603-0800: 41.247: [GC (Allocation Failure) 2021-01-19T14:22:45.603-0800: 41.247: [DefNew: 1258303K->139776K(1258304K), 0.0433194 secs] 2524736K->1561052K(4054528K), 0.0434026 secs] [Times: user=0.05 sys=0.00, real=0.04 secs] 
2021-01-19T14:22:45.803-0800: 41.447: [GC (Allocation Failure) 2021-01-19T14:22:45.803-0800: 41.447: [DefNew: 1258304K->139775K(1258304K), 0.0401970 secs] 2679580K->1708957K(4054528K), 0.0402882 secs] [Times: user=0.04 sys=0.00, real=0.04 secs] 
2021-01-19T14:22:45.987-0800: 41.631: [GC (Allocation Failure) 2021-01-19T14:22:45.987-0800: 41.631: [DefNew: 1258303K->139775K(1258304K), 0.0410835 secs] 2827485K->1857139K(4054528K), 0.0411729 secs] [Times: user=0.05 sys=0.00, real=0.04 secs] 
2021-01-19T14:22:46.170-0800: 41.814: [GC (Allocation Failure) 2021-01-19T14:22:46.170-0800: 41.814: [DefNew: 1258303K->139775K(1258304K), 0.0473357 secs] 2975667K->2031115K(4054528K), 0.0474157 secs] [Times: user=0.05 sys=0.00, real=0.04 secs] 
2021-01-19T14:22:46.358-0800: 42.002: [GC (Allocation Failure) 2021-01-19T14:22:46.358-0800: 42.002: [DefNew: 1258303K->139776K(1258304K), 0.0449216 secs] 3149643K->2185020K(4054528K), 0.0450236 secs] [Times: user=0.05 sys=0.00, real=0.05 secs] 
2021-01-19T14:22:46.540-0800: 42.184: [GC (Allocation Failure) 2021-01-19T14:22:46.540-0800: 42.184: [DefNew: 1258304K->139775K(1258304K), 0.0417132 secs] 3303548K->2331942K(4054528K), 0.0417987 secs] [Times: user=0.04 sys=0.00, real=0.04 secs] 
2021-01-19T14:22:46.724-0800: 42.368: [GC (Allocation Failure) 2021-01-19T14:22:46.724-0800: 42.368: [DefNew: 1258303K->139775K(1258304K), 0.0415272 secs] 3450470K->2483225K(4054528K), 0.0416039 secs] [Times: user=0.04 sys=0.00, real=0.04 secs] 
2021-01-19T14:22:46.916-0800: 42.560: [GC (Allocation Failure) 2021-01-19T14:22:46.916-0800: 42.560: [DefNew: 1258303K->139776K(1258304K), 0.0425614 secs] 3601753K->2644204K(4054528K), 0.0426415 secs] [Times: user=0.04 sys=0.00, real=0.04 secs] 
2021-01-19T14:22:47.097-0800: 42.741: [GC (Allocation Failure) 2021-01-19T14:22:47.097-0800: 42.741: [DefNew: 1258304K->139775K(1258304K), 0.0455704 secs] 3762732K->2806584K(4054528K), 0.0456609 secs] [Times: user=0.04 sys=0.00, real=0.05 secs] 
2021-01-19T14:22:47.294-0800: 42.938: [GC (Allocation Failure) 2021-01-19T14:22:47.294-0800: 42.938: [DefNew: 1258303K->1258303K(1258304K), 0.0000155 secs]2021-01-19T14:22:47.294-0800: 42.938: [Tenured: 2666808K->377844K(2796224K), 0.0653073 secs] 3925112K->377844K(4054528K), [Metaspace: 2589K->2589K(1056768K)], 0.0654152 secs] [Times: user=0.07 sys=0.00, real=0.06 secs] 
2021-01-19T14:22:47.521-0800: 43.165: [GC (Allocation Failure) 2021-01-19T14:22:47.521-0800: 43.165: [DefNew: 1118528K->139775K(1258304K), 0.0378223 secs] 1496372K->624333K(4054528K), 0.0378815 secs] [Times: user=0.04 sys=0.00, real=0.03 secs] 
2021-01-19T14:22:47.698-0800: 43.342: [GC (Allocation Failure) 2021-01-19T14:22:47.698-0800: 43.342: [DefNew: 1258303K->139775K(1258304K), 0.0431507 secs] 1742861K->770047K(4054528K), 0.0432428 secs] [Times: user=0.04 sys=0.00, real=0.05 secs] 
2021-01-19T14:22:47.897-0800: 43.541: [GC (Allocation Failure) 2021-01-19T14:22:47.897-0800: 43.541: [DefNew: 1258303K->139775K(1258304K), 0.0459644 secs] 1888575K->932399K(4054528K), 0.0460511 secs] [Times: user=0.05 sys=0.00, real=0.05 secs] 
2021-01-19T14:22:48.097-0800: 43.741: [GC (Allocation Failure) 2021-01-19T14:22:48.097-0800: 43.741: [DefNew: 1258303K->139775K(1258304K), 0.0429614 secs] 2050927K->1086980K(4054528K), 0.0430536 secs] [Times: user=0.04 sys=0.01, real=0.05 secs] 
2021-01-19T14:22:48.279-0800: 43.923: [GC (Allocation Failure) 2021-01-19T14:22:48.279-0800: 43.923: [DefNew: 1258303K->139776K(1258304K), 0.0425748 secs] 2205508K->1242990K(4054528K), 0.0426499 secs] [Times: user=0.04 sys=0.00, real=0.05 secs] 
2021-01-19T14:22:48.479-0800: 44.124: [GC (Allocation Failure) 2021-01-19T14:22:48.480-0800: 44.124: [DefNew: 1258304K->139775K(1258304K), 0.0450857 secs] 2361518K->1389954K(4054528K), 0.0451779 secs] [Times: user=0.05 sys=0.00, real=0.05 secs] 
2021-01-19T14:22:48.678-0800: 44.322: [GC (Allocation Failure) 2021-01-19T14:22:48.678-0800: 44.322: [DefNew: 1258303K->139775K(1258304K), 0.0426477 secs] 2508482K->1548240K(4054528K), 0.0427389 secs] [Times: user=0.04 sys=0.00, real=0.05 secs] 
2021-01-19T14:22:48.869-0800: 44.513: [GC (Allocation Failure) 2021-01-19T14:22:48.869-0800: 44.513: [DefNew: 1258303K->139776K(1258304K), 0.0447753 secs] 2666768K->1689993K(4054528K), 0.0448562 secs] [Times: user=0.04 sys=0.00, real=0.05 secs] 
2021-01-19T14:22:49.048-0800: 44.692: [GC (Allocation Failure) 2021-01-19T14:22:49.048-0800: 44.692: [DefNew: 1258304K->139776K(1258304K), 0.0418443 secs] 2808521K->1830871K(4054528K), 0.0419481 secs] [Times: user=0.04 sys=0.00, real=0.05 secs] 
2021-01-19T14:22:49.239-0800: 44.883: [GC (Allocation Failure) 2021-01-19T14:22:49.239-0800: 44.883: [DefNew: 1258304K->139775K(1258304K), 0.0449427 secs] 2949399K->1976851K(4054528K), 0.0450376 secs] [Times: user=0.04 sys=0.00, real=0.05 secs] 
2021-01-19T14:22:49.422-0800: 45.066: [GC (Allocation Failure) 2021-01-19T14:22:49.422-0800: 45.066: [DefNew: 1258303K->139775K(1258304K), 0.0430430 secs] 3095379K->2139373K(4054528K), 0.0431206 secs] [Times: user=0.04 sys=0.00, real=0.04 secs] 
2021-01-19T14:22:49.605-0800: 45.249: [GC (Allocation Failure) 2021-01-19T14:22:49.605-0800: 45.249: [DefNew: 1258303K->139776K(1258304K), 0.0455555 secs] 3257901K->2300057K(4054528K), 0.0456438 secs] [Times: user=0.05 sys=0.00, real=0.05 secs] 
2021-01-19T14:22:49.798-0800: 45.442: [GC (Allocation Failure) 2021-01-19T14:22:49.798-0800: 45.442: [DefNew: 1258304K->139776K(1258304K), 0.0432581 secs] 3418585K->2457313K(4054528K), 0.0433529 secs] [Times: user=0.04 sys=0.00, real=0.05 secs] 
2021-01-19T14:22:49.993-0800: 45.637: [GC (Allocation Failure) 2021-01-19T14:22:49.993-0800: 45.637: [DefNew: 1258304K->139776K(1258304K), 0.0431384 secs] 3575841K->2608197K(4054528K), 0.0432331 secs] [Times: user=0.04 sys=0.00, real=0.04 secs] 
2021-01-19T14:22:50.193-0800: 45.838: [GC (Allocation Failure) 2021-01-19T14:22:50.194-0800: 45.838: [DefNew: 1258304K->139775K(1258304K), 0.0423982 secs] 3726725K->2750359K(4054528K), 0.0424783 secs] [Times: user=0.05 sys=0.00, real=0.04 secs] 
2021-01-19T14:22:50.378-0800: 46.022: [GC (Allocation Failure) 2021-01-19T14:22:50.378-0800: 46.022: [DefNew: 1258303K->139776K(1258304K), 0.0454768 secs] 3868887K->2893933K(4054528K), 0.0455381 secs] [Times: user=0.04 sys=0.01, real=0.05 secs] 
2021-01-19T14:22:50.575-0800: 46.219: [GC (Allocation Failure) 2021-01-19T14:22:50.575-0800: 46.219: [DefNew: 1258304K->1258304K(1258304K), 0.0000162 secs]2021-01-19T14:22:50.575-0800: 46.219: [Tenured: 2754157K->367865K(2796224K), 0.0591690 secs] 4012461K->367865K(4054528K), [Metaspace: 2589K->2589K(1056768K)], 0.0592886 secs] [Times: user=0.06 sys=0.00, real=0.06 secs] 
2021-01-19T14:22:50.792-0800: 46.436: [GC (Allocation Failure) 2021-01-19T14:22:50.792-0800: 46.436: [DefNew: 1118528K->139775K(1258304K), 0.0342482 secs] 1486393K->616566K(4054528K), 0.0343360 secs] [Times: user=0.03 sys=0.00, real=0.03 secs] 
2021-01-19T14:22:50.963-0800: 46.608: [GC (Allocation Failure) 2021-01-19T14:22:50.964-0800: 46.608: [DefNew: 1258303K->139775K(1258304K), 0.0415809 secs] 1735094K->762672K(4054528K), 0.0416495 secs] [Times: user=0.04 sys=0.00, real=0.04 secs] 
2021-01-19T14:22:51.144-0800: 46.788: [GC (Allocation Failure) 2021-01-19T14:22:51.144-0800: 46.788: [DefNew: 1258303K->139775K(1258304K), 0.0417640 secs] 1881200K->917621K(4054528K), 0.0418581 secs] [Times: user=0.04 sys=0.00, real=0.04 secs] 
2021-01-19T14:22:51.338-0800: 46.982: [GC (Allocation Failure) 2021-01-19T14:22:51.338-0800: 46.982: [DefNew: 1258303K->139775K(1258304K), 0.0442970 secs] 2036149K->1087132K(4054528K), 0.0443960 secs] [Times: user=0.04 sys=0.00, real=0.05 secs] 
2021-01-19T14:22:51.536-0800: 47.180: [GC (Allocation Failure) 2021-01-19T14:22:51.536-0800: 47.180: [DefNew: 1258303K->139776K(1258304K), 0.0448079 secs] 2205660K->1241979K(4054528K), 0.0448985 secs] [Times: user=0.04 sys=0.00, real=0.05 secs] 
2021-01-19T14:22:51.721-0800: 47.365: [GC (Allocation Failure) 2021-01-19T14:22:51.721-0800: 47.365: [DefNew: 1258304K->139775K(1258304K), 0.0444863 secs] 2360507K->1406066K(4054528K), 0.0445604 secs] [Times: user=0.05 sys=0.00, real=0.04 secs] 
2021-01-19T14:22:51.910-0800: 47.554: [GC (Allocation Failure) 2021-01-19T14:22:51.910-0800: 47.554: [DefNew: 1258303K->139775K(1258304K), 0.0393385 secs] 2524594K->1549175K(4054528K), 0.0394289 secs] [Times: user=0.04 sys=0.00, real=0.04 secs] 
2021-01-19T14:22:52.101-0800: 47.745: [GC (Allocation Failure) 2021-01-19T14:22:52.101-0800: 47.745: [DefNew: 1258303K->139776K(1258304K), 0.0408718 secs] 2667703K->1707017K(4054528K), 0.0409657 secs] [Times: user=0.04 sys=0.00, real=0.04 secs] 
2021-01-19T14:22:52.276-0800: 47.920: [GC (Allocation Failure) 2021-01-19T14:22:52.276-0800: 47.920: [DefNew: 1258304K->139775K(1258304K), 0.0438499 secs] 2825545K->1848218K(4054528K), 0.0439374 secs] [Times: user=0.05 sys=0.00, real=0.05 secs] 
2021-01-19T14:22:52.460-0800: 48.104: [GC (Allocation Failure) 2021-01-19T14:22:52.461-0800: 48.105: [DefNew: 1258303K->139775K(1258304K), 0.0433211 secs] 2966746K->1998503K(4054528K), 0.0433929 secs] [Times: user=0.04 sys=0.00, real=0.04 secs] 
2021-01-19T14:22:52.641-0800: 48.285: [GC (Allocation Failure) 2021-01-19T14:22:52.641-0800: 48.285: [DefNew: 1258303K->139776K(1258304K), 0.0398635 secs] 3117031K->2155083K(4054528K), 0.0399567 secs] [Times: user=0.04 sys=0.00, real=0.04 secs] 
2021-01-19T14:22:52.807-0800: 48.451: [GC (Allocation Failure) 2021-01-19T14:22:52.807-0800: 48.451: [DefNew: 1258304K->139776K(1258304K), 0.0382541 secs] 3273611K->2300089K(4054528K), 0.0383381 secs] [Times: user=0.04 sys=0.00, real=0.04 secs] 
2021-01-19T14:22:52.986-0800: 48.630: [GC (Allocation Failure) 2021-01-19T14:22:52.986-0800: 48.630: [DefNew: 1258304K->139775K(1258304K), 0.0400263 secs] 3418617K->2452360K(4054528K), 0.0401014 secs] [Times: user=0.04 sys=0.00, real=0.04 secs] 
2021-01-19T14:22:53.150-0800: 48.794: [GC (Allocation Failure) 2021-01-19T14:22:53.150-0800: 48.794: [DefNew: 1258303K->139775K(1258304K), 0.0401690 secs] 3570888K->2608606K(4054528K), 0.0402815 secs] [Times: user=0.04 sys=0.00, real=0.04 secs] 
2021-01-19T14:22:53.317-0800: 48.961: [GC (Allocation Failure) 2021-01-19T14:22:53.317-0800: 48.961: [DefNew: 1258303K->139776K(1258304K), 0.0396003 secs] 3727134K->2757361K(4054528K), 0.0397414 secs] [Times: user=0.04 sys=0.00, real=0.04 secs] 
2021-01-19T14:22:53.482-0800: 49.126: [GC (Allocation Failure) 2021-01-19T14:22:53.482-0800: 49.126: [DefNew: 1258304K->139775K(1258304K), 0.0483308 secs] 3875889K->2919265K(4054528K), 0.0484343 secs] [Times: user=0.04 sys=0.00, real=0.05 secs] 
2021-01-19T14:22:53.659-0800: 49.303: [GC (Allocation Failure) 2021-01-19T14:22:53.659-0800: 49.303: [DefNew: 1258303K->1258303K(1258304K), 0.0000157 secs]2021-01-19T14:22:53.659-0800: 49.303: [Tenured: 2779489K->384962K(2796224K), 0.0566499 secs] 4037793K->384962K(4054528K), [Metaspace: 2589K->2589K(1056768K)], 0.0567557 secs] [Times: user=0.06 sys=0.00, real=0.06 secs] 
2021-01-19T14:22:53.838-0800: 49.482: [GC (Allocation Failure) 2021-01-19T14:22:53.839-0800: 49.482: [DefNew: 1118528K->139776K(1258304K), 0.0322445 secs] 1503490K->629435K(4054528K), 0.0323285 secs] [Times: user=0.03 sys=0.00, real=0.04 secs] 
2021-01-19T14:22:54.019-0800: 49.663: [GC (Allocation Failure) 2021-01-19T14:22:54.019-0800: 49.663: [DefNew: 1258304K->139775K(1258304K), 0.0417234 secs] 1747963K->778364K(4054528K), 0.0417960 secs] [Times: user=0.04 sys=0.01, real=0.05 secs] 
2021-01-19T14:22:54.199-0800: 49.843: [GC (Allocation Failure) 2021-01-19T14:22:54.199-0800: 49.843: [DefNew: 1258303K->139775K(1258304K), 0.0410677 secs] 1896892K->935453K(4054528K), 0.0411550 secs] [Times: user=0.04 sys=0.00, real=0.05 secs] 
2021-01-19T14:22:54.381-0800: 50.025: [GC (Allocation Failure) 2021-01-19T14:22:54.381-0800: 50.025: [DefNew: 1258303K->139776K(1258304K), 0.0424959 secs] 2053981K->1087032K(4054528K), 0.0425825 secs] [Times: user=0.05 sys=0.00, real=0.04 secs] 
2021-01-19T14:22:54.555-0800: 50.199: [GC (Allocation Failure) 2021-01-19T14:22:54.555-0800: 50.199: [DefNew: 1258304K->139776K(1258304K), 0.0439830 secs] 2205560K->1244705K(4054528K), 0.0440572 secs] [Times: user=0.04 sys=0.00, real=0.05 secs] 
2021-01-19T14:22:54.747-0800: 50.391: [GC (Allocation Failure) 2021-01-19T14:22:54.747-0800: 50.391: [DefNew: 1258304K->139775K(1258304K), 0.0419647 secs] 2363233K->1413079K(4054528K), 0.0420524 secs] [Times: user=0.04 sys=0.00, real=0.04 secs] 
2021-01-19T14:22:54.951-0800: 50.595: [GC (Allocation Failure) 2021-01-19T14:22:54.951-0800: 50.595: [DefNew: 1258303K->139776K(1258304K), 0.0413829 secs] 2531607K->1576550K(4054528K), 0.0414723 secs] [Times: user=0.04 sys=0.00, real=0.04 secs] 
2021-01-19T14:22:55.144-0800: 50.788: [GC (Allocation Failure) 2021-01-19T14:22:55.144-0800: 50.788: [DefNew: 1258304K->139776K(1258304K), 0.0432910 secs] 2695078K->1735205K(4054528K), 0.0433847 secs] [Times: user=0.04 sys=0.00, real=0.04 secs] 
2021-01-19T14:22:55.329-0800: 50.973: [GC (Allocation Failure) 2021-01-19T14:22:55.329-0800: 50.973: [DefNew: 1258304K->139775K(1258304K), 0.0451871 secs] 2853733K->1893504K(4054528K), 0.0452723 secs] [Times: user=0.05 sys=0.00, real=0.05 secs] 
2021-01-19T14:22:55.520-0800: 51.164: [GC (Allocation Failure) 2021-01-19T14:22:55.520-0800: 51.164: [DefNew: 1258303K->139776K(1258304K), 0.0419101 secs] 3012032K->2047087K(4054528K), 0.0419864 secs] [Times: user=0.05 sys=0.00, real=0.04 secs] 
2021-01-19T14:22:55.706-0800: 51.350: [GC (Allocation Failure) 2021-01-19T14:22:55.706-0800: 51.350: [DefNew: 1258304K->139775K(1258304K), 0.0402104 secs] 3165615K->2200091K(4054528K), 0.0402876 secs] [Times: user=0.04 sys=0.00, real=0.04 secs] 
2021-01-19T14:22:55.888-0800: 51.532: [GC (Allocation Failure) 2021-01-19T14:22:55.888-0800: 51.532: [DefNew: 1258303K->139775K(1258304K), 0.0422804 secs] 3318619K->2343481K(4054528K), 0.0423678 secs] [Times: user=0.04 sys=0.00, real=0.05 secs] 
2021-01-19T14:22:56.074-0800: 51.718: [GC (Allocation Failure) 2021-01-19T14:22:56.075-0800: 51.718: [DefNew: 1258303K->139775K(1258304K), 0.0469574 secs] 3462009K->2498052K(4054528K), 0.0470662 secs] [Times: user=0.05 sys=0.01, real=0.05 secs] 
2021-01-19T14:22:56.256-0800: 51.900: [GC (Allocation Failure) 2021-01-19T14:22:56.256-0800: 51.900: [DefNew: 1258303K->139776K(1258304K), 0.0452351 secs] 3616580K->2664220K(4054528K), 0.0453121 secs] [Times: user=0.05 sys=0.00, real=0.05 secs] 
2021-01-19T14:22:56.448-0800: 52.092: [GC (Allocation Failure) 2021-01-19T14:22:56.448-0800: 52.092: [DefNew: 1258304K->139775K(1258304K), 0.0426862 secs] 3782748K->2811408K(4054528K), 0.0427792 secs] [Times: user=0.05 sys=0.00, real=0.05 secs] 
2021-01-19T14:22:56.628-0800: 52.272: [GC (Allocation Failure) 2021-01-19T14:22:56.628-0800: 52.272: [DefNew: 1258303K->1258303K(1258304K), 0.0000163 secs]2021-01-19T14:22:56.628-0800: 52.272: [Tenured: 2671632K->362450K(2796224K), 0.0623773 secs] 3929936K->362450K(4054528K), [Metaspace: 2589K->2589K(1056768K)], 0.0625102 secs] [Times: user=0.07 sys=0.00, real=0.07 secs] 
2021-01-19T14:22:56.823-0800: 52.467: [GC (Allocation Failure) 2021-01-19T14:22:56.823-0800: 52.467: [DefNew: 1118528K->139775K(1258304K), 0.0350619 secs] 1480978K->608276K(4054528K), 0.0351417 secs] [Times: user=0.03 sys=0.00, real=0.03 secs] 
2021-01-19T14:22:57.017-0800: 52.661: [GC (Allocation Failure) 2021-01-19T14:22:57.017-0800: 52.661: [DefNew: 1258303K->139775K(1258304K), 0.0435592 secs] 1726804K->767173K(4054528K), 0.0436366 secs] [Times: user=0.04 sys=0.00, real=0.05 secs] 
2021-01-19T14:22:57.214-0800: 52.858: [GC (Allocation Failure) 2021-01-19T14:22:57.214-0800: 52.858: [DefNew: 1258303K->139775K(1258304K), 0.0423699 secs] 1885701K->912924K(4054528K), 0.0424473 secs] [Times: user=0.05 sys=0.00, real=0.04 secs] 
2021-01-19T14:22:57.405-0800: 53.049: [GC (Allocation Failure) 2021-01-19T14:22:57.405-0800: 53.049: [DefNew: 1258303K->139775K(1258304K), 0.0445916 secs] 2031452K->1061553K(4054528K), 0.0446709 secs] [Times: user=0.05 sys=0.00, real=0.05 secs] 
2021-01-19T14:22:57.594-0800: 53.238: [GC (Allocation Failure) 2021-01-19T14:22:57.594-0800: 53.238: [DefNew: 1258303K->139775K(1258304K), 0.0424866 secs] 2180081K->1224996K(4054528K), 0.0425719 secs] [Times: user=0.04 sys=0.00, real=0.04 secs] 
2021-01-19T14:22:57.790-0800: 53.434: [GC (Allocation Failure) 2021-01-19T14:22:57.790-0800: 53.434: [DefNew: 1258303K->139776K(1258304K), 0.0445149 secs] 2343524K->1377554K(4054528K), 0.0446015 secs] [Times: user=0.04 sys=0.00, real=0.04 secs] 
2021-01-19T14:22:57.980-0800: 53.623: [GC (Allocation Failure) 2021-01-19T14:22:57.980-0800: 53.624: [DefNew: 1258304K->139775K(1258304K), 0.0439667 secs] 2496082K->1537001K(4054528K), 0.0440548 secs] [Times: user=0.05 sys=0.00, real=0.04 secs] 
2021-01-19T14:22:58.167-0800: 53.811: [GC (Allocation Failure) 2021-01-19T14:22:58.167-0800: 53.811: [DefNew: 1258303K->139775K(1258304K), 0.0446417 secs] 2655529K->1691772K(4054528K), 0.0447344 secs] [Times: user=0.04 sys=0.01, real=0.05 secs] 
2021-01-19T14:22:58.352-0800: 53.996: [GC (Allocation Failure) 2021-01-19T14:22:58.352-0800: 53.996: [DefNew: 1258303K->139776K(1258304K), 0.0447545 secs] 2810300K->1839137K(4054528K), 0.0448460 secs] [Times: user=0.05 sys=0.00, real=0.04 secs] 
2021-01-19T14:22:58.537-0800: 54.181: [GC (Allocation Failure) 2021-01-19T14:22:58.537-0800: 54.181: [DefNew: 1258304K->139776K(1258304K), 0.0433611 secs] 2957665K->1991598K(4054528K), 0.0434619 secs] [Times: user=0.04 sys=0.00, real=0.05 secs] 
2021-01-19T14:22:58.718-0800: 54.362: [GC (Allocation Failure) 2021-01-19T14:22:58.718-0800: 54.362: [DefNew: 1258304K->139775K(1258304K), 0.0411693 secs] 3110126K->2149559K(4054528K), 0.0412540 secs] [Times: user=0.04 sys=0.00, real=0.04 secs] 
2021-01-19T14:22:58.907-0800: 54.551: [GC (Allocation Failure) 2021-01-19T14:22:58.907-0800: 54.551: [DefNew: 1258303K->139775K(1258304K), 0.0423823 secs] 3268087K->2303652K(4054528K), 0.0424713 secs] [Times: user=0.05 sys=0.00, real=0.05 secs] 
2021-01-19T14:22:59.094-0800: 54.738: [GC (Allocation Failure) 2021-01-19T14:22:59.094-0800: 54.738: [DefNew: 1258303K->139774K(1258304K), 0.0395095 secs] 3422180K->2443379K(4054528K), 0.0396206 secs] [Times: user=0.04 sys=0.00, real=0.04 secs] 
2021-01-19T14:22:59.280-0800: 54.924: [GC (Allocation Failure) 2021-01-19T14:22:59.280-0800: 54.924: [DefNew: 1258302K->139775K(1258304K), 0.0462704 secs] 3561907K->2605167K(4054528K), 0.0463511 secs] [Times: user=0.05 sys=0.00, real=0.04 secs] 
2021-01-19T14:22:59.482-0800: 55.126: [GC (Allocation Failure) 2021-01-19T14:22:59.482-0800: 55.126: [DefNew: 1258303K->139775K(1258304K), 0.0434334 secs] 3723695K->2757538K(4054528K), 0.0435191 secs] [Times: user=0.04 sys=0.00, real=0.04 secs] 
2021-01-19T14:22:59.672-0800: 55.316: [GC (Allocation Failure) 2021-01-19T14:22:59.672-0800: 55.316: [DefNew: 1258303K->1258303K(1258304K), 0.0000154 secs]2021-01-19T14:22:59.672-0800: 55.316: [Tenured: 2617763K->384507K(2796224K), 0.0632407 secs] 3876066K->384507K(4054528K), [Metaspace: 2589K->2589K(1056768K)], 0.0633399 secs] [Times: user=0.07 sys=0.00, real=0.06 secs] 
2021-01-19T14:22:59.876-0800: 55.519: [GC (Allocation Failure) 2021-01-19T14:22:59.876-0800: 55.520: [DefNew: 1118528K->139776K(1258304K), 0.0367080 secs] 1503035K->624190K(4054528K), 0.0367922 secs] [Times: user=0.03 sys=0.00, real=0.04 secs] 
2021-01-19T14:23:00.058-0800: 55.702: [GC (Allocation Failure) 2021-01-19T14:23:00.058-0800: 55.702: [DefNew: 1258304K->139775K(1258304K), 0.0452729 secs] 1742718K->785288K(4054528K), 0.0453689 secs] [Times: user=0.04 sys=0.00, real=0.05 secs] 
2021-01-19T14:23:00.268-0800: 55.912: [GC (Allocation Failure) 2021-01-19T14:23:00.268-0800: 55.912: [DefNew: 1258303K->139776K(1258304K), 0.0406186 secs] 1903816K->940256K(4054528K), 0.0407174 secs] [Times: user=0.04 sys=0.00, real=0.04 secs] 
2021-01-19T14:23:00.444-0800: 56.088: [GC (Allocation Failure) 2021-01-19T14:23:00.444-0800: 56.088: [DefNew: 1258304K->139775K(1258304K), 0.0449596 secs] 2058784K->1094443K(4054528K), 0.0450643 secs] [Times: user=0.04 sys=0.00, real=0.04 secs] 
2021-01-19T14:23:00.640-0800: 56.284: [GC (Allocation Failure) 2021-01-19T14:23:00.640-0800: 56.284: [DefNew: 1258303K->139776K(1258304K), 0.0417740 secs] 2212971K->1254582K(4054528K), 0.0418844 secs] [Times: user=0.05 sys=0.00, real=0.04 secs] 
2021-01-19T14:23:00.828-0800: 56.472: [GC (Allocation Failure) 2021-01-19T14:23:00.828-0800: 56.472: [DefNew: 1258304K->139775K(1258304K), 0.0443663 secs] 2373110K->1426074K(4054528K), 0.0444436 secs] [Times: user=0.04 sys=0.00, real=0.05 secs] 
2021-01-19T14:23:01.016-0800: 56.659: [GC (Allocation Failure) 2021-01-19T14:23:01.016-0800: 56.659: [DefNew: 1258303K->139775K(1258304K), 0.0436614 secs] 2544602K->1568445K(4054528K), 0.0437572 secs] [Times: user=0.04 sys=0.00, real=0.04 secs] 
2021-01-19T14:23:01.207-0800: 56.851: [GC (Allocation Failure) 2021-01-19T14:23:01.207-0800: 56.851: [DefNew: 1258303K->139775K(1258304K), 0.0415897 secs] 2686973K->1708229K(4054528K), 0.0416896 secs] [Times: user=0.04 sys=0.00, real=0.04 secs] 
2021-01-19T14:23:01.382-0800: 57.026: [GC (Allocation Failure) 2021-01-19T14:23:01.382-0800: 57.026: [DefNew: 1258303K->139776K(1258304K), 0.0404772 secs] 2826757K->1853312K(4054528K), 0.0405751 secs] [Times: user=0.04 sys=0.00, real=0.04 secs] 
2021-01-19T14:23:01.565-0800: 57.209: [GC (Allocation Failure) 2021-01-19T14:23:01.565-0800: 57.209: [DefNew: 1258304K->139775K(1258304K), 0.0428836 secs] 2971840K->2005196K(4054528K), 0.0429837 secs] [Times: user=0.04 sys=0.00, real=0.04 secs] 
2021-01-19T14:23:01.746-0800: 57.390: [GC (Allocation Failure) 2021-01-19T14:23:01.746-0800: 57.390: [DefNew: 1258303K->139775K(1258304K), 0.0420300 secs] 3123724K->2157722K(4054528K), 0.0421403 secs] [Times: user=0.04 sys=0.00, real=0.04 secs] 
2021-01-19T14:23:01.931-0800: 57.575: [GC (Allocation Failure) 2021-01-19T14:23:01.931-0800: 57.575: [DefNew: 1258303K->139775K(1258304K), 0.0412491 secs] 3276250K->2306378K(4054528K), 0.0413453 secs] [Times: user=0.04 sys=0.00, real=0.04 secs] 
2021-01-19T14:23:02.110-0800: 57.754: [GC (Allocation Failure) 2021-01-19T14:23:02.111-0800: 57.754: [DefNew: 1258303K->139776K(1258304K), 0.0449994 secs] 3424906K->2467107K(4054528K), 0.0450930 secs] [Times: user=0.05 sys=0.00, real=0.04 secs] 
2021-01-19T14:23:02.305-0800: 57.948: [GC (Allocation Failure) 2021-01-19T14:23:02.305-0800: 57.948: [DefNew: 1258304K->139775K(1258304K), 0.0453359 secs] 3585635K->2624283K(4054528K), 0.0454271 secs] [Times: user=0.04 sys=0.00, real=0.05 secs] 
2021-01-19T14:23:02.487-0800: 58.131: [GC (Allocation Failure) 2021-01-19T14:23:02.487-0800: 58.131: [DefNew: 1258303K->139776K(1258304K), 0.0437670 secs] 3742811K->2771334K(4054528K), 0.0438674 secs] [Times: user=0.04 sys=0.00, real=0.05 secs] 
2021-01-19T14:23:02.668-0800: 58.312: [GC (Allocation Failure) 2021-01-19T14:23:02.668-0800: 58.312: [DefNew: 1258304K->1258304K(1258304K), 0.0000336 secs]2021-01-19T14:23:02.669-0800: 58.312: [Tenured: 2631558K->372590K(2796224K), 0.0600790 secs] 3889862K->372590K(4054528K), [Metaspace: 2589K->2589K(1056768K)], 0.0602682 secs] [Times: user=0.06 sys=0.00, real=0.06 secs] 
2021-01-19T14:23:02.877-0800: 58.521: [GC (Allocation Failure) 2021-01-19T14:23:02.877-0800: 58.521: [DefNew: 1118528K->139775K(1258304K), 0.0370778 secs] 1491118K->618630K(4054528K), 0.0371751 secs] [Times: user=0.04 sys=0.00, real=0.04 secs] 
2021-01-19T14:23:03.060-0800: 58.704: [GC (Allocation Failure) 2021-01-19T14:23:03.060-0800: 58.704: [DefNew: 1258303K->139774K(1258304K), 0.0401735 secs] 1737158K->763167K(4054528K), 0.0402780 secs] [Times: user=0.04 sys=0.00, real=0.04 secs] 
2021-01-19T14:23:03.242-0800: 58.886: [GC (Allocation Failure) 2021-01-19T14:23:03.242-0800: 58.886: [DefNew: 1258302K->139776K(1258304K), 0.0445627 secs] 1881695K->909242K(4054528K), 0.0446701 secs] [Times: user=0.04 sys=0.00, real=0.04 secs] 
2021-01-19T14:23:03.433-0800: 59.077: [GC (Allocation Failure) 2021-01-19T14:23:03.433-0800: 59.077: [DefNew: 1258304K->139775K(1258304K), 0.0458009 secs] 2027770K->1077370K(4054528K), 0.0459035 secs] [Times: user=0.04 sys=0.00, real=0.04 secs] 
2021-01-19T14:23:03.632-0800: 59.275: [GC (Allocation Failure) 2021-01-19T14:23:03.632-0800: 59.276: [DefNew: 1258303K->139775K(1258304K), 0.0418373 secs] 2195898K->1229089K(4054528K), 0.0419421 secs] [Times: user=0.05 sys=0.00, real=0.04 secs] 
2021-01-19T14:23:03.829-0800: 59.472: [GC (Allocation Failure) 2021-01-19T14:23:03.829-0800: 59.473: [DefNew: 1258303K->139775K(1258304K), 0.0423926 secs] 2347617K->1378015K(4054528K), 0.0424919 secs] [Times: user=0.04 sys=0.00, real=0.05 secs] 
2021-01-19T14:23:04.016-0800: 59.660: [GC (Allocation Failure) 2021-01-19T14:23:04.016-0800: 59.660: [DefNew: 1258303K->139775K(1258304K), 0.0447772 secs] 2496543K->1528543K(4054528K), 0.0448732 secs] [Times: user=0.05 sys=0.00, real=0.05 secs] 
2021-01-19T14:23:04.208-0800: 59.852: [GC (Allocation Failure) 2021-01-19T14:23:04.208-0800: 59.852: [DefNew: 1258303K->139776K(1258304K), 0.0402349 secs] 2647071K->1675818K(4054528K), 0.0403515 secs] [Times: user=0.04 sys=0.00, real=0.04 secs] 
2021-01-19T14:23:04.403-0800: 60.047: [GC (Allocation Failure) 2021-01-19T14:23:04.403-0800: 60.047: [DefNew: 1258304K->139775K(1258304K), 0.0421161 secs] 2794346K->1822255K(4054528K), 0.0422262 secs] [Times: user=0.04 sys=0.00, real=0.04 secs] 
Heap
 def new generation   total 1258304K, used 184801K [0x00000006c0000000, 0x0000000715550000, 0x0000000715550000)
  eden space 1118528K,   4% used [0x00000006c0000000, 0x00000006c2bf85c8, 0x0000000704450000)
  from space 139776K,  99% used [0x0000000704450000, 0x000000070cccfff8, 0x000000070ccd0000)
  to   space 139776K,   0% used [0x000000070ccd0000, 0x000000070ccd0000, 0x0000000715550000)
 tenured generation   total 2796224K, used 1682479K [0x0000000715550000, 0x00000007c0000000, 0x00000007c0000000)
   the space 2796224K,  60% used [0x0000000715550000, 0x000000077c05be70, 0x000000077c05c000, 0x00000007c0000000)
 Metaspace       used 2595K, capacity 4490K, committed 4864K, reserved 1056768K
  class space    used 278K, capacity 386K, committed 512K, reserved 1048576K
