Java HotSpot(TM) 64-Bit Server VM (25.271-b09) for bsd-amd64 JRE (1.8.0_271-b09), built on Sep 16 2020 16:54:38 by "java_re" with gcc 4.2.1 Compatible Apple LLVM 10.0.0 (clang-1000.11.45.5)
Memory: 4k page, physical 16777216k(292080k free)

/proc/meminfo:

CommandLine flags: -XX:InitialHeapSize=1073741824 -XX:MaxHeapSize=1073741824 -XX:+PrintGC -XX:+PrintGCDateStamps -XX:+PrintGCDetails -XX:+PrintGCTimeStamps -XX:+UseCompressedClassPointers -XX:+UseCompressedOops -XX:+UseSerialGC 
2021-01-18T10:10:41.300-0800: 0.218: [GC (Allocation Failure) 2021-01-18T10:10:41.300-0800: 0.218: [DefNew: 279616K->34943K(314560K), 0.0556673 secs] 279616K->84866K(1013632K), 0.0557851 secs] [Times: user=0.03 sys=0.02, real=0.05 secs] 
2021-01-18T10:10:41.403-0800: 0.322: [GC (Allocation Failure) 2021-01-18T10:10:41.403-0800: 0.322: [DefNew: 314559K->34943K(314560K), 0.1388273 secs] 364482K->165239K(1013632K), 0.1389271 secs] [Times: user=0.04 sys=0.04, real=0.14 secs] 
2021-01-18T10:10:41.580-0800: 0.498: [GC (Allocation Failure) 2021-01-18T10:10:41.580-0800: 0.499: [DefNew: 314559K->34943K(314560K), 0.0513807 secs] 444855K->240422K(1013632K), 0.0514708 secs] [Times: user=0.02 sys=0.02, real=0.05 secs] 
2021-01-18T10:10:41.665-0800: 0.583: [GC (Allocation Failure) 2021-01-18T10:10:41.665-0800: 0.583: [DefNew: 314559K->34943K(314560K), 0.0515086 secs] 520038K->317284K(1013632K), 0.0516003 secs] [Times: user=0.03 sys=0.02, real=0.05 secs] 
2021-01-18T10:10:41.750-0800: 0.669: [GC (Allocation Failure) 2021-01-18T10:10:41.750-0800: 0.669: [DefNew: 314559K->34943K(314560K), 0.0542133 secs] 596900K->396073K(1013632K), 0.0543158 secs] [Times: user=0.03 sys=0.02, real=0.05 secs] 
2021-01-18T10:10:41.837-0800: 0.756: [GC (Allocation Failure) 2021-01-18T10:10:41.837-0800: 0.756: [DefNew: 314559K->34943K(314560K), 0.0453499 secs] 675689K->469081K(1013632K), 0.0454517 secs] [Times: user=0.03 sys=0.02, real=0.05 secs] 
2021-01-18T10:10:41.914-0800: 0.833: [GC (Allocation Failure) 2021-01-18T10:10:41.914-0800: 0.833: [DefNew: 314559K->34943K(314560K), 0.0656573 secs] 748697K->551814K(1013632K), 0.0657399 secs] [Times: user=0.03 sys=0.03, real=0.07 secs] 
2021-01-18T10:10:42.017-0800: 0.936: [GC (Allocation Failure) 2021-01-18T10:10:42.017-0800: 0.936: [DefNew: 314559K->34943K(314560K), 0.0556366 secs] 831430K->626678K(1013632K), 0.0557310 secs] [Times: user=0.03 sys=0.02, real=0.06 secs] 
2021-01-18T10:10:42.104-0800: 1.023: [GC (Allocation Failure) 2021-01-18T10:10:42.104-0800: 1.023: [DefNew: 314559K->34943K(314560K), 0.0539411 secs] 906294K->699542K(1013632K), 0.0540359 secs] [Times: user=0.02 sys=0.02, real=0.05 secs] 
2021-01-18T10:10:42.193-0800: 1.111: [GC (Allocation Failure) 2021-01-18T10:10:42.193-0800: 1.112: [DefNew: 314128K->314128K(314560K), 0.0000183 secs]2021-01-18T10:10:42.193-0800: 1.112: [Tenured: 664598K->373522K(699072K), 0.0777930 secs] 978727K->373522K(1013632K), [Metaspace: 2580K->2580K(1056768K)], 0.0779304 secs] [Times: user=0.08 sys=0.00, real=0.08 secs] 
2021-01-18T10:10:42.304-0800: 1.223: [GC (Allocation Failure) 2021-01-18T10:10:42.304-0800: 1.223: [DefNew: 279616K->34943K(314560K), 0.0146392 secs] 653138K->469041K(1013632K), 0.0147295 secs] [Times: user=0.01 sys=0.00, real=0.01 secs] 
2021-01-18T10:10:42.354-0800: 1.272: [GC (Allocation Failure) 2021-01-18T10:10:42.354-0800: 1.272: [DefNew: 314559K->34943K(314560K), 0.0151037 secs] 748657K->535716K(1013632K), 0.0151966 secs] [Times: user=0.01 sys=0.00, real=0.01 secs] 
2021-01-18T10:10:42.404-0800: 1.323: [GC (Allocation Failure) 2021-01-18T10:10:42.404-0800: 1.323: [DefNew: 314559K->34943K(314560K), 0.0185494 secs] 815332K->624501K(1013632K), 0.0186573 secs] [Times: user=0.02 sys=0.00, real=0.02 secs] 
2021-01-18T10:10:42.457-0800: 1.376: [GC (Allocation Failure) 2021-01-18T10:10:42.457-0800: 1.376: [DefNew: 314347K->34943K(314560K), 0.0203848 secs] 903904K->706331K(1013632K), 0.0204856 secs] [Times: user=0.02 sys=0.01, real=0.02 secs] 
2021-01-18T10:10:42.516-0800: 1.434: [GC (Allocation Failure) 2021-01-18T10:10:42.516-0800: 1.434: [DefNew: 314559K->314559K(314560K), 0.0000205 secs]2021-01-18T10:10:42.516-0800: 1.434: [Tenured: 671387K->396529K(699072K), 0.0564393 secs] 985947K->396529K(1013632K), [Metaspace: 2580K->2580K(1056768K)], 0.0566493 secs] [Times: user=0.05 sys=0.00, real=0.06 secs] 
2021-01-18T10:10:42.611-0800: 1.529: [GC (Allocation Failure) 2021-01-18T10:10:42.611-0800: 1.529: [DefNew: 279616K->34943K(314560K), 0.0119401 secs] 676145K->484573K(1013632K), 0.0120438 secs] [Times: user=0.01 sys=0.00, real=0.01 secs] 
2021-01-18T10:10:42.658-0800: 1.577: [GC (Allocation Failure) 2021-01-18T10:10:42.658-0800: 1.577: [DefNew: 314559K->34942K(314560K), 0.0149742 secs] 764189K->562401K(1013632K), 0.0150791 secs] [Times: user=0.01 sys=0.00, real=0.02 secs] 
2021-01-18T10:10:42.707-0800: 1.626: [GC (Allocation Failure) 2021-01-18T10:10:42.707-0800: 1.626: [DefNew: 314558K->34943K(314560K), 0.0150171 secs] 842017K->641178K(1013632K), 0.0151085 secs] [Times: user=0.01 sys=0.00, real=0.02 secs] 
2021-01-18T10:10:42.758-0800: 1.676: [GC (Allocation Failure) 2021-01-18T10:10:42.758-0800: 1.676: [DefNew: 314559K->34943K(314560K), 0.0208243 secs] 920794K->719517K(1013632K), 0.0209226 secs] [Times: user=0.02 sys=0.00, real=0.02 secs] 
2021-01-18T10:10:42.810-0800: 1.729: [GC (Allocation Failure) 2021-01-18T10:10:42.810-0800: 1.729: [DefNew: 314559K->314559K(314560K), 0.0000184 secs]2021-01-18T10:10:42.810-0800: 1.729: [Tenured: 684573K->409581K(699072K), 0.0540790 secs] 999133K->409581K(1013632K), [Metaspace: 2580K->2580K(1056768K)], 0.0542168 secs] [Times: user=0.05 sys=0.00, real=0.05 secs] 
2021-01-18T10:10:42.901-0800: 1.819: [GC (Allocation Failure) 2021-01-18T10:10:42.901-0800: 1.819: [DefNew: 279616K->34943K(314560K), 0.0117478 secs] 689197K->496757K(1013632K), 0.0118420 secs] [Times: user=0.01 sys=0.00, real=0.01 secs] 
2021-01-18T10:10:42.948-0800: 1.866: [GC (Allocation Failure) 2021-01-18T10:10:42.948-0800: 1.866: [DefNew: 314559K->34941K(314560K), 0.0157141 secs] 776373K->579740K(1013632K), 0.0158082 secs] [Times: user=0.01 sys=0.00, real=0.02 secs] 
2021-01-18T10:10:43.000-0800: 1.919: [GC (Allocation Failure) 2021-01-18T10:10:43.000-0800: 1.919: [DefNew: 314557K->34944K(314560K), 0.0151240 secs] 859356K->655366K(1013632K), 0.0152707 secs] [Times: user=0.01 sys=0.00, real=0.01 secs] 
2021-01-18T10:10:43.051-0800: 1.970: [GC (Allocation Failure) 2021-01-18T10:10:43.051-0800: 1.970: [DefNew: 314160K->314160K(314560K), 0.0000184 secs]2021-01-18T10:10:43.051-0800: 1.970: [Tenured: 620422K->377504K(699072K), 0.0574482 secs] 934583K->377504K(1013632K), [Metaspace: 2580K->2580K(1056768K)], 0.0575803 secs] [Times: user=0.06 sys=0.01, real=0.05 secs] 
2021-01-18T10:10:43.150-0800: 2.068: [GC (Allocation Failure) 2021-01-18T10:10:43.150-0800: 2.068: [DefNew: 279416K->34944K(314560K), 0.0124131 secs] 656921K->466286K(1013632K), 0.0125299 secs] [Times: user=0.01 sys=0.00, real=0.01 secs] 
2021-01-18T10:10:43.195-0800: 2.113: [GC (Allocation Failure) 2021-01-18T10:10:43.195-0800: 2.113: [DefNew: 314560K->34943K(314560K), 0.0165560 secs] 745902K->552028K(1013632K), 0.0166559 secs] [Times: user=0.02 sys=0.00, real=0.02 secs] 
2021-01-18T10:10:43.245-0800: 2.164: [GC (Allocation Failure) 2021-01-18T10:10:43.245-0800: 2.164: [DefNew: 314559K->34943K(314560K), 0.0145824 secs] 831644K->626171K(1013632K), 0.0146850 secs] [Times: user=0.01 sys=0.00, real=0.02 secs] 
2021-01-18T10:10:43.296-0800: 2.214: [GC (Allocation Failure) 2021-01-18T10:10:43.296-0800: 2.214: [DefNew: 314559K->34943K(314560K), 0.0151472 secs] 905787K->701079K(1013632K), 0.0152489 secs] [Times: user=0.01 sys=0.00, real=0.02 secs] 
2021-01-18T10:10:43.346-0800: 2.264: [GC (Allocation Failure) 2021-01-18T10:10:43.346-0800: 2.264: [DefNew: 314559K->314559K(314560K), 0.0000186 secs]2021-01-18T10:10:43.346-0800: 2.264: [Tenured: 666135K->398838K(699072K), 0.0521297 secs] 980695K->398838K(1013632K), [Metaspace: 2580K->2580K(1056768K)], 0.0522677 secs] [Times: user=0.05 sys=0.00, real=0.05 secs] 
2021-01-18T10:10:43.445-0800: 2.363: [GC (Allocation Failure) 2021-01-18T10:10:43.445-0800: 2.363: [DefNew: 279616K->34943K(314560K), 0.0111821 secs] 678454K->480559K(1013632K), 0.0113260 secs] [Times: user=0.01 sys=0.00, real=0.01 secs] 
2021-01-18T10:10:43.493-0800: 2.411: [GC (Allocation Failure) 2021-01-18T10:10:43.493-0800: 2.411: [DefNew: 314559K->34942K(314560K), 0.0164126 secs] 760175K->564375K(1013632K), 0.0165074 secs] [Times: user=0.01 sys=0.00, real=0.01 secs] 
2021-01-18T10:10:43.543-0800: 2.462: [GC (Allocation Failure) 2021-01-18T10:10:43.543-0800: 2.462: [DefNew: 314558K->34943K(314560K), 0.0151849 secs] 843991K->640800K(1013632K), 0.0152689 secs] [Times: user=0.01 sys=0.00, real=0.01 secs] 
2021-01-18T10:10:43.593-0800: 2.512: [GC (Allocation Failure) 2021-01-18T10:10:43.593-0800: 2.512: [DefNew: 314559K->314559K(314560K), 0.0000151 secs]2021-01-18T10:10:43.593-0800: 2.512: [Tenured: 605857K->411115K(699072K), 0.0545842 secs] 920416K->411115K(1013632K), [Metaspace: 2580K->2580K(1056768K)], 0.0547056 secs] [Times: user=0.05 sys=0.00, real=0.05 secs] 
2021-01-18T10:10:43.684-0800: 2.602: [GC (Allocation Failure) 2021-01-18T10:10:43.684-0800: 2.602: [DefNew: 279616K->34944K(314560K), 0.0127608 secs] 690731K->505647K(1013632K), 0.0128393 secs] [Times: user=0.01 sys=0.00, real=0.01 secs] 
2021-01-18T10:10:43.733-0800: 2.651: [GC (Allocation Failure) 2021-01-18T10:10:43.733-0800: 2.651: [DefNew: 314560K->34943K(314560K), 0.0150240 secs] 785263K->584869K(1013632K), 0.0151171 secs] [Times: user=0.01 sys=0.00, real=0.01 secs] 
2021-01-18T10:10:43.782-0800: 2.700: [GC (Allocation Failure) 2021-01-18T10:10:43.782-0800: 2.700: [DefNew: 314358K->34942K(314560K), 0.0143222 secs] 864283K->658681K(1013632K), 0.0144162 secs] [Times: user=0.01 sys=0.00, real=0.01 secs] 
2021-01-18T10:10:43.828-0800: 2.747: [GC (Allocation Failure) 2021-01-18T10:10:43.828-0800: 2.747: [DefNew: 314558K->314558K(314560K), 0.0000337 secs]2021-01-18T10:10:43.828-0800: 2.747: [Tenured: 623738K->408066K(699072K), 0.0532254 secs] 938297K->408066K(1013632K), [Metaspace: 2580K->2580K(1056768K)], 0.0533773 secs] [Times: user=0.05 sys=0.00, real=0.06 secs] 
2021-01-18T10:10:43.918-0800: 2.837: [GC (Allocation Failure) 2021-01-18T10:10:43.918-0800: 2.837: [DefNew: 279616K->34943K(314560K), 0.0116764 secs] 687682K->495528K(1013632K), 0.0117719 secs] [Times: user=0.01 sys=0.00, real=0.02 secs] 
2021-01-18T10:10:43.962-0800: 2.880: [GC (Allocation Failure) 2021-01-18T10:10:43.962-0800: 2.880: [DefNew: 314559K->34943K(314560K), 0.0156336 secs] 775144K->576558K(1013632K), 0.0157770 secs] [Times: user=0.02 sys=0.00, real=0.01 secs] 
2021-01-18T10:10:44.011-0800: 2.930: [GC (Allocation Failure) 2021-01-18T10:10:44.011-0800: 2.930: [DefNew: 314559K->34943K(314560K), 0.0157807 secs] 856174K->657712K(1013632K), 0.0158635 secs] [Times: user=0.02 sys=0.00, real=0.01 secs] 
2021-01-18T10:10:44.062-0800: 2.980: [GC (Allocation Failure) 2021-01-18T10:10:44.062-0800: 2.980: [DefNew: 314105K->314105K(314560K), 0.0000152 secs]2021-01-18T10:10:44.062-0800: 2.980: [Tenured: 622768K->369921K(699072K), 0.0533309 secs] 936873K->369921K(1013632K), [Metaspace: 2580K->2580K(1056768K)], 0.0534601 secs] [Times: user=0.06 sys=0.00, real=0.05 secs] 
2021-01-18T10:10:44.154-0800: 3.073: [GC (Allocation Failure) 2021-01-18T10:10:44.154-0800: 3.073: [DefNew: 279616K->34943K(314560K), 0.0116422 secs] 649537K->457283K(1013632K), 0.0117278 secs] [Times: user=0.02 sys=0.00, real=0.01 secs] 
2021-01-18T10:10:44.198-0800: 3.116: [GC (Allocation Failure) 2021-01-18T10:10:44.198-0800: 3.116: [DefNew: 314559K->34943K(314560K), 0.0153870 secs] 736899K->537336K(1013632K), 0.0154775 secs] [Times: user=0.01 sys=0.00, real=0.02 secs] 
2021-01-18T10:10:44.247-0800: 3.165: [GC (Allocation Failure) 2021-01-18T10:10:44.247-0800: 3.165: [DefNew: 314559K->34943K(314560K), 0.0167776 secs] 816952K->625860K(1013632K), 0.0168640 secs] [Times: user=0.01 sys=0.00, real=0.02 secs] 
2021-01-18T10:10:44.297-0800: 3.215: [GC (Allocation Failure) 2021-01-18T10:10:44.297-0800: 3.215: [DefNew: 314559K->34943K(314560K), 0.0155012 secs] 905476K->708289K(1013632K), 0.0155768 secs] [Times: user=0.01 sys=0.00, real=0.02 secs] 
2021-01-18T10:10:44.344-0800: 3.263: [GC (Allocation Failure) 2021-01-18T10:10:44.344-0800: 3.263: [DefNew: 314559K->314559K(314560K), 0.0000168 secs]2021-01-18T10:10:44.344-0800: 3.263: [Tenured: 673346K->405927K(699072K), 0.0519997 secs] 987905K->405927K(1013632K), [Metaspace: 2580K->2580K(1056768K)], 0.0521373 secs] [Times: user=0.05 sys=0.00, real=0.05 secs] 
2021-01-18T10:10:44.432-0800: 3.351: [GC (Allocation Failure) 2021-01-18T10:10:44.432-0800: 3.351: [DefNew: 279616K->34943K(314560K), 0.0126525 secs] 685543K->501464K(1013632K), 0.0127275 secs] [Times: user=0.01 sys=0.00, real=0.01 secs] 
2021-01-18T10:10:44.479-0800: 3.398: [GC (Allocation Failure) 2021-01-18T10:10:44.479-0800: 3.398: [DefNew: 314405K->34943K(314560K), 0.0154868 secs] 780926K->584557K(1013632K), 0.0155713 secs] [Times: user=0.01 sys=0.00, real=0.02 secs] 
2021-01-18T10:10:44.530-0800: 3.449: [GC (Allocation Failure) 2021-01-18T10:10:44.530-0800: 3.449: [DefNew: 314559K->34943K(314560K), 0.0146598 secs] 864173K->661194K(1013632K), 0.0147490 secs] [Times: user=0.01 sys=0.00, real=0.01 secs] 
2021-01-18T10:10:44.579-0800: 3.498: [GC (Allocation Failure) 2021-01-18T10:10:44.579-0800: 3.498: [DefNew: 314417K->314417K(314560K), 0.0000161 secs]2021-01-18T10:10:44.579-0800: 3.498: [Tenured: 626251K->416230K(699072K), 0.0547311 secs] 940669K->416230K(1013632K), [Metaspace: 2580K->2580K(1056768K)], 0.0548627 secs] [Times: user=0.05 sys=0.00, real=0.06 secs] 
2021-01-18T10:10:44.673-0800: 3.592: [GC (Allocation Failure) 2021-01-18T10:10:44.673-0800: 3.592: [DefNew: 279616K->34943K(314560K), 0.0116496 secs] 695846K->502997K(1013632K), 0.0117359 secs] [Times: user=0.01 sys=0.00, real=0.01 secs] 
2021-01-18T10:10:44.720-0800: 3.638: [GC (Allocation Failure) 2021-01-18T10:10:44.720-0800: 3.638: [DefNew: 314559K->34943K(314560K), 0.0145881 secs] 782613K->580376K(1013632K), 0.0146642 secs] [Times: user=0.01 sys=0.00, real=0.01 secs] 
2021-01-18T10:10:44.770-0800: 3.688: [GC (Allocation Failure) 2021-01-18T10:10:44.770-0800: 3.688: [DefNew: 314559K->34942K(314560K), 0.0135833 secs] 859992K->650219K(1013632K), 0.0136571 secs] [Times: user=0.01 sys=0.00, real=0.01 secs] 
2021-01-18T10:10:44.818-0800: 3.737: [GC (Allocation Failure) 2021-01-18T10:10:44.818-0800: 3.737: [DefNew: 314558K->314558K(314560K), 0.0000154 secs]2021-01-18T10:10:44.818-0800: 3.737: [Tenured: 615277K->398629K(699072K), 0.0513025 secs] 929835K->398629K(1013632K), [Metaspace: 2580K->2580K(1056768K)], 0.0514281 secs] [Times: user=0.05 sys=0.00, real=0.05 secs] 
2021-01-18T10:10:44.908-0800: 3.826: [GC (Allocation Failure) 2021-01-18T10:10:44.908-0800: 3.826: [DefNew: 279486K->34943K(314560K), 0.0120067 secs] 678116K->487429K(1013632K), 0.0120917 secs] [Times: user=0.01 sys=0.00, real=0.02 secs] 
2021-01-18T10:10:44.952-0800: 3.871: [GC (Allocation Failure) 2021-01-18T10:10:44.952-0800: 3.871: [DefNew: 314559K->34942K(314560K), 0.0155707 secs] 767045K->569625K(1013632K), 0.0156521 secs] [Times: user=0.01 sys=0.00, real=0.01 secs] 
2021-01-18T10:10:45.002-0800: 3.921: [GC (Allocation Failure) 2021-01-18T10:10:45.002-0800: 3.921: [DefNew: 314558K->34943K(314560K), 0.0147086 secs] 849241K->642698K(1013632K), 0.0147985 secs] [Times: user=0.01 sys=0.00, real=0.01 secs] 
2021-01-18T10:10:45.051-0800: 3.970: [GC (Allocation Failure) 2021-01-18T10:10:45.051-0800: 3.970: [DefNew: 314456K->314456K(314560K), 0.0000153 secs]2021-01-18T10:10:45.051-0800: 3.970: [Tenured: 607754K->370588K(699072K), 0.0532933 secs] 922210K->370588K(1013632K), [Metaspace: 2589K->2589K(1056768K)], 0.0534109 secs] [Times: user=0.05 sys=0.00, real=0.05 secs] 
2021-01-18T10:10:45.141-0800: 4.060: [GC (Allocation Failure) 2021-01-18T10:10:45.141-0800: 4.060: [DefNew: 279616K->34944K(314560K), 0.0124818 secs] 650204K->464152K(1013632K), 0.0125641 secs] [Times: user=0.01 sys=0.00, real=0.01 secs] 
2021-01-18T10:10:45.188-0800: 4.106: [GC (Allocation Failure) 2021-01-18T10:10:45.188-0800: 4.106: [DefNew: 314560K->34943K(314560K), 0.0143285 secs] 743768K->539175K(1013632K), 0.0144193 secs] [Times: user=0.02 sys=0.00, real=0.02 secs] 
2021-01-18T10:10:45.236-0800: 4.154: [GC (Allocation Failure) 2021-01-18T10:10:45.236-0800: 4.154: [DefNew: 314559K->34943K(314560K), 0.0162424 secs] 818791K->627302K(1013632K), 0.0163508 secs] [Times: user=0.02 sys=0.00, real=0.02 secs] 
2021-01-18T10:10:45.286-0800: 4.205: [GC (Allocation Failure) 2021-01-18T10:10:45.286-0800: 4.205: [DefNew: 314559K->314559K(314560K), 0.0000155 secs]2021-01-18T10:10:45.286-0800: 4.205: [Tenured: 592358K->407713K(699072K), 0.0503831 secs] 906918K->407713K(1013632K), [Metaspace: 2589K->2589K(1056768K)], 0.0505086 secs] [Times: user=0.05 sys=0.00, real=0.05 secs] 
2021-01-18T10:10:45.375-0800: 4.294: [GC (Allocation Failure) 2021-01-18T10:10:45.375-0800: 4.294: [DefNew: 279616K->34942K(314560K), 0.0110622 secs] 687329K->491654K(1013632K), 0.0111431 secs] [Times: user=0.01 sys=0.00, real=0.01 secs] 
2021-01-18T10:10:45.419-0800: 4.337: [GC (Allocation Failure) 2021-01-18T10:10:45.419-0800: 4.337: [DefNew: 314558K->34943K(314560K), 0.0145048 secs] 771270K->569239K(1013632K), 0.0145865 secs] [Times: user=0.02 sys=0.00, real=0.02 secs] 
2021-01-18T10:10:45.468-0800: 4.387: [GC (Allocation Failure) 2021-01-18T10:10:45.468-0800: 4.387: [DefNew: 314559K->34943K(314560K), 0.0149983 secs] 848855K->650117K(1013632K), 0.0150782 secs] [Times: user=0.02 sys=0.00, real=0.02 secs] 
2021-01-18T10:10:45.519-0800: 4.437: [GC (Allocation Failure) 2021-01-18T10:10:45.519-0800: 4.438: [DefNew: 314559K->314559K(314560K), 0.0000156 secs]2021-01-18T10:10:45.519-0800: 4.438: [Tenured: 615173K->399439K(699072K), 0.0515630 secs] 929733K->399439K(1013632K), [Metaspace: 2589K->2589K(1056768K)], 0.0516884 secs] [Times: user=0.05 sys=0.00, real=0.06 secs] 
2021-01-18T10:10:45.607-0800: 4.526: [GC (Allocation Failure) 2021-01-18T10:10:45.607-0800: 4.526: [DefNew: 279616K->34942K(314560K), 0.0119102 secs] 679055K->486973K(1013632K), 0.0119966 secs] [Times: user=0.01 sys=0.00, real=0.01 secs] 
2021-01-18T10:10:45.652-0800: 4.571: [GC (Allocation Failure) 2021-01-18T10:10:45.653-0800: 4.571: [DefNew: 314558K->34943K(314560K), 0.0150601 secs] 766589K->566281K(1013632K), 0.0151483 secs] [Times: user=0.01 sys=0.00, real=0.01 secs] 
2021-01-18T10:10:45.700-0800: 4.619: [GC (Allocation Failure) 2021-01-18T10:10:45.700-0800: 4.619: [DefNew: 314559K->34944K(314560K), 0.0142509 secs] 845897K->639405K(1013632K), 0.0143412 secs] [Times: user=0.02 sys=0.00, real=0.01 secs] 
2021-01-18T10:10:45.748-0800: 4.667: [GC (Allocation Failure) 2021-01-18T10:10:45.748-0800: 4.667: [DefNew: 314560K->314560K(314560K), 0.0000152 secs]2021-01-18T10:10:45.749-0800: 4.667: [Tenured: 604461K->403777K(699072K), 0.0515842 secs] 919021K->403777K(1013632K), [Metaspace: 2589K->2589K(1056768K)], 0.0517716 secs] [Times: user=0.05 sys=0.00, real=0.06 secs] 
2021-01-18T10:10:45.835-0800: 4.754: [GC (Allocation Failure) 2021-01-18T10:10:45.835-0800: 4.754: [DefNew: 279616K->34943K(314560K), 0.0125216 secs] 683393K->497733K(1013632K), 0.0126139 secs] [Times: user=0.01 sys=0.00, real=0.01 secs] 
2021-01-18T10:10:45.881-0800: 4.800: [GC (Allocation Failure) 2021-01-18T10:10:45.881-0800: 4.800: [DefNew: 314559K->34943K(314560K), 0.0160378 secs] 777349K->585936K(1013632K), 0.0161099 secs] [Times: user=0.02 sys=0.00, real=0.01 secs] 
2021-01-18T10:10:45.932-0800: 4.850: [GC (Allocation Failure) 2021-01-18T10:10:45.932-0800: 4.850: [DefNew: 314559K->34944K(314560K), 0.0147060 secs] 865552K->662097K(1013632K), 0.0147829 secs] [Times: user=0.02 sys=0.00, real=0.01 secs] 
2021-01-18T10:10:45.982-0800: 4.900: [GC (Allocation Failure) 2021-01-18T10:10:45.982-0800: 4.900: [DefNew: 314560K->314560K(314560K), 0.0000163 secs]2021-01-18T10:10:45.982-0800: 4.900: [Tenured: 627153K->372790K(699072K), 0.0547317 secs] 941713K->372790K(1013632K), [Metaspace: 2589K->2589K(1056768K)], 0.0548567 secs] [Times: user=0.06 sys=0.00, real=0.05 secs] 
2021-01-18T10:10:46.075-0800: 4.993: [GC (Allocation Failure) 2021-01-18T10:10:46.075-0800: 4.993: [DefNew: 279616K->34944K(314560K), 0.0118415 secs] 652406K->461255K(1013632K), 0.0119236 secs] [Times: user=0.02 sys=0.00, real=0.01 secs] 
2021-01-18T10:10:46.121-0800: 5.040: [GC (Allocation Failure) 2021-01-18T10:10:46.122-0800: 5.040: [DefNew: 314560K->34943K(314560K), 0.0153715 secs] 740871K->539670K(1013632K), 0.0154720 secs] [Times: user=0.02 sys=0.01, real=0.01 secs] 
2021-01-18T10:10:46.171-0800: 5.090: [GC (Allocation Failure) 2021-01-18T10:10:46.171-0800: 5.090: [DefNew: 314559K->34941K(314560K), 0.0140145 secs] 819286K->611895K(1013632K), 0.0140848 secs] [Times: user=0.01 sys=0.00, real=0.01 secs] 
2021-01-18T10:10:46.218-0800: 5.137: [GC (Allocation Failure) 2021-01-18T10:10:46.218-0800: 5.137: [DefNew: 314557K->34944K(314560K), 0.0154984 secs] 891511K->693297K(1013632K), 0.0155776 secs] [Times: user=0.01 sys=0.00, real=0.02 secs] 
2021-01-18T10:10:46.268-0800: 5.187: [GC (Allocation Failure) 2021-01-18T10:10:46.268-0800: 5.187: [DefNew: 314560K->314560K(314560K), 0.0000143 secs]2021-01-18T10:10:46.268-0800: 5.187: [Tenured: 658353K->405706K(699072K), 0.0510405 secs] 972913K->405706K(1013632K), [Metaspace: 2589K->2589K(1056768K)], 0.0511485 secs] [Times: user=0.05 sys=0.00, real=0.05 secs] 
2021-01-18T10:10:46.356-0800: 5.274: [GC (Allocation Failure) 2021-01-18T10:10:46.356-0800: 5.274: [DefNew: 279616K->34944K(314560K), 0.0113161 secs] 685322K->492257K(1013632K), 0.0113928 secs] [Times: user=0.02 sys=0.00, real=0.01 secs] 
2021-01-18T10:10:46.400-0800: 5.319: [GC (Allocation Failure) 2021-01-18T10:10:46.400-0800: 5.319: [DefNew: 314560K->34943K(314560K), 0.0157523 secs] 771873K->577648K(1013632K), 0.0158402 secs] [Times: user=0.01 sys=0.00, real=0.01 secs] 
2021-01-18T10:10:46.449-0800: 5.368: [GC (Allocation Failure) 2021-01-18T10:10:46.449-0800: 5.368: [DefNew: 314559K->34942K(314560K), 0.0154245 secs] 857264K->660108K(1013632K), 0.0155119 secs] [Times: user=0.01 sys=0.00, real=0.02 secs] 
2021-01-18T10:10:46.498-0800: 5.417: [GC (Allocation Failure) 2021-01-18T10:10:46.498-0800: 5.417: [DefNew: 314558K->314558K(314560K), 0.0000157 secs]2021-01-18T10:10:46.498-0800: 5.417: [Tenured: 625166K->416263K(699072K), 0.0539123 secs] 939724K->416263K(1013632K), [Metaspace: 2589K->2589K(1056768K)], 0.0540320 secs] [Times: user=0.05 sys=0.00, real=0.06 secs] 
2021-01-18T10:10:46.587-0800: 5.505: [GC (Allocation Failure) 2021-01-18T10:10:46.587-0800: 5.505: [DefNew: 279295K->34943K(314560K), 0.0119646 secs] 695559K->506224K(1013632K), 0.0120577 secs] [Times: user=0.02 sys=0.00, real=0.01 secs] 
2021-01-18T10:10:46.632-0800: 5.550: [GC (Allocation Failure) 2021-01-18T10:10:46.632-0800: 5.550: [DefNew: 314559K->34943K(314560K), 0.0158500 secs] 785840K->582632K(1013632K), 0.0159387 secs] [Times: user=0.01 sys=0.00, real=0.01 secs] 
2021-01-18T10:10:46.682-0800: 5.601: [GC (Allocation Failure) 2021-01-18T10:10:46.682-0800: 5.601: [DefNew: 314559K->34943K(314560K), 0.0151538 secs] 862248K->658350K(1013632K), 0.0152481 secs] [Times: user=0.01 sys=0.00, real=0.01 secs] 
2021-01-18T10:10:46.731-0800: 5.649: [GC (Allocation Failure) 2021-01-18T10:10:46.731-0800: 5.649: [DefNew: 314559K->314559K(314560K), 0.0000160 secs]2021-01-18T10:10:46.731-0800: 5.649: [Tenured: 623407K->405933K(699072K), 0.0530847 secs] 937966K->405933K(1013632K), [Metaspace: 2589K->2589K(1056768K)], 0.0532078 secs] [Times: user=0.05 sys=0.00, real=0.05 secs] 
2021-01-18T10:10:46.822-0800: 5.741: [GC (Allocation Failure) 2021-01-18T10:10:46.822-0800: 5.741: [DefNew: 279616K->34943K(314560K), 0.0122618 secs] 685549K->496830K(1013632K), 0.0123514 secs] [Times: user=0.01 sys=0.00, real=0.01 secs] 
2021-01-18T10:10:46.868-0800: 5.787: [GC (Allocation Failure) 2021-01-18T10:10:46.868-0800: 5.787: [DefNew: 314559K->34943K(314560K), 0.0143790 secs] 776446K->571097K(1013632K), 0.0144595 secs] [Times: user=0.02 sys=0.00, real=0.02 secs] 
2021-01-18T10:10:46.918-0800: 5.836: [GC (Allocation Failure) 2021-01-18T10:10:46.918-0800: 5.836: [DefNew: 314559K->34943K(314560K), 0.0133187 secs] 850713K->638501K(1013632K), 0.0133995 secs] [Times: user=0.01 sys=0.00, real=0.02 secs] 
2021-01-18T10:10:46.964-0800: 5.883: [GC (Allocation Failure) 2021-01-18T10:10:46.965-0800: 5.883: [DefNew: 314559K->314559K(314560K), 0.0000153 secs]2021-01-18T10:10:46.965-0800: 5.883: [Tenured: 603557K->389406K(699072K), 0.0564314 secs] 918117K->389406K(1013632K), [Metaspace: 2589K->2589K(1056768K)], 0.0565524 secs] [Times: user=0.05 sys=0.00, real=0.06 secs] 
2021-01-18T10:10:47.058-0800: 5.977: [GC (Allocation Failure) 2021-01-18T10:10:47.058-0800: 5.977: [DefNew: 279616K->34943K(314560K), 0.0113584 secs] 669022K->474804K(1013632K), 0.0114371 secs] [Times: user=0.01 sys=0.00, real=0.02 secs] 
2021-01-18T10:10:47.103-0800: 6.021: [GC (Allocation Failure) 2021-01-18T10:10:47.103-0800: 6.021: [DefNew: 314559K->34944K(314560K), 0.0155271 secs] 754420K->554752K(1013632K), 0.0156169 secs] [Times: user=0.02 sys=0.00, real=0.01 secs] 
2021-01-18T10:10:47.152-0800: 6.070: [GC (Allocation Failure) 2021-01-18T10:10:47.152-0800: 6.070: [DefNew: 314560K->34943K(314560K), 0.0157062 secs] 834368K->638835K(1013632K), 0.0158061 secs] [Times: user=0.02 sys=0.00, real=0.01 secs] 
2021-01-18T10:10:47.202-0800: 6.121: [GC (Allocation Failure) 2021-01-18T10:10:47.202-0800: 6.121: [DefNew: 314559K->314559K(314560K), 0.0000151 secs]2021-01-18T10:10:47.202-0800: 6.121: [Tenured: 603891K->404960K(699072K), 0.0509262 secs] 918451K->404960K(1013632K), [Metaspace: 2589K->2589K(1056768K)], 0.0510426 secs] [Times: user=0.05 sys=0.00, real=0.05 secs] 
2021-01-18T10:10:47.293-0800: 6.212: [GC (Allocation Failure) 2021-01-18T10:10:47.293-0800: 6.212: [DefNew: 279616K->34943K(314560K), 0.0111568 secs] 684576K->491270K(1013632K), 0.0112377 secs] [Times: user=0.01 sys=0.00, real=0.01 secs] 
2021-01-18T10:10:47.337-0800: 6.256: [GC (Allocation Failure) 2021-01-18T10:10:47.337-0800: 6.256: [DefNew: 314559K->34943K(314560K), 0.0142575 secs] 770886K->565318K(1013632K), 0.0143414 secs] [Times: user=0.02 sys=0.00, real=0.02 secs] 
2021-01-18T10:10:47.386-0800: 6.305: [GC (Allocation Failure) 2021-01-18T10:10:47.386-0800: 6.305: [DefNew: 314559K->34943K(314560K), 0.0156503 secs] 844934K->644889K(1013632K), 0.0157404 secs] [Times: user=0.02 sys=0.00, real=0.02 secs] 
2021-01-18T10:10:47.434-0800: 6.352: [GC (Allocation Failure) 2021-01-18T10:10:47.434-0800: 6.352: [DefNew: 314559K->314559K(314560K), 0.0000155 secs]2021-01-18T10:10:47.434-0800: 6.352: [Tenured: 609945K->417293K(699072K), 0.0536720 secs] 924505K->417293K(1013632K), [Metaspace: 2589K->2589K(1056768K)], 0.0537897 secs] [Times: user=0.05 sys=0.00, real=0.05 secs] 
2021-01-18T10:10:47.523-0800: 6.441: [GC (Allocation Failure) 2021-01-18T10:10:47.523-0800: 6.441: [DefNew: 279616K->34942K(314560K), 0.0120877 secs] 696909K->506973K(1013632K), 0.0121794 secs] [Times: user=0.01 sys=0.00, real=0.01 secs] 
2021-01-18T10:10:47.569-0800: 6.487: [GC (Allocation Failure) 2021-01-18T10:10:47.569-0800: 6.487: [DefNew: 314558K->34943K(314560K), 0.0146199 secs] 786589K->582918K(1013632K), 0.0147116 secs] [Times: user=0.02 sys=0.00, real=0.02 secs] 
2021-01-18T10:10:47.616-0800: 6.535: [GC (Allocation Failure) 2021-01-18T10:10:47.616-0800: 6.535: [DefNew: 314559K->34944K(314560K), 0.0145371 secs] 862534K->659155K(1013632K), 0.0146162 secs] [Times: user=0.01 sys=0.00, real=0.02 secs] 
2021-01-18T10:10:47.667-0800: 6.586: [GC (Allocation Failure) 2021-01-18T10:10:47.667-0800: 6.586: [DefNew: 314560K->314560K(314560K), 0.0000155 secs]2021-01-18T10:10:47.667-0800: 6.586: [Tenured: 624211K->403370K(699072K), 0.0548017 secs] 938771K->403370K(1013632K), [Metaspace: 2589K->2589K(1056768K)], 0.0549262 secs] [Times: user=0.05 sys=0.01, real=0.06 secs] 
2021-01-18T10:10:47.762-0800: 6.681: [GC (Allocation Failure) 2021-01-18T10:10:47.762-0800: 6.681: [DefNew: 279616K->34942K(314560K), 0.0116427 secs] 682986K->484963K(1013632K), 0.0117354 secs] [Times: user=0.01 sys=0.00, real=0.01 secs] 
2021-01-18T10:10:47.809-0800: 6.727: [GC (Allocation Failure) 2021-01-18T10:10:47.809-0800: 6.727: [DefNew: 314558K->34943K(314560K), 0.0153116 secs] 764579K->561960K(1013632K), 0.0154064 secs] [Times: user=0.01 sys=0.00, real=0.02 secs] 
2021-01-18T10:10:47.860-0800: 6.779: [GC (Allocation Failure) 2021-01-18T10:10:47.860-0800: 6.779: [DefNew: 314559K->34943K(314560K), 0.0161356 secs] 841576K->639428K(1013632K), 0.0162239 secs] [Times: user=0.01 sys=0.00, real=0.01 secs] 
2021-01-18T10:10:47.912-0800: 6.831: [GC (Allocation Failure) 2021-01-18T10:10:47.912-0800: 6.831: [DefNew: 314559K->314559K(314560K), 0.0000156 secs]2021-01-18T10:10:47.912-0800: 6.831: [Tenured: 604484K->375260K(699072K), 0.0571416 secs] 919044K->375260K(1013632K), [Metaspace: 2589K->2589K(1056768K)], 0.0572622 secs] [Times: user=0.05 sys=0.00, real=0.06 secs] 
2021-01-18T10:10:48.009-0800: 6.928: [GC (Allocation Failure) 2021-01-18T10:10:48.010-0800: 6.928: [DefNew: 279616K->34941K(314560K), 0.0122531 secs] 654876K->462632K(1013632K), 0.0123663 secs] [Times: user=0.01 sys=0.00, real=0.02 secs] 
2021-01-18T10:10:48.057-0800: 6.975: [GC (Allocation Failure) 2021-01-18T10:10:48.057-0800: 6.975: [DefNew: 314557K->34943K(314560K), 0.0162964 secs] 742248K->545178K(1013632K), 0.0163830 secs] [Times: user=0.01 sys=0.00, real=0.02 secs] 
2021-01-18T10:10:48.108-0800: 7.027: [GC (Allocation Failure) 2021-01-18T10:10:48.108-0800: 7.027: [DefNew: 314559K->34943K(314560K), 0.0148047 secs] 824794K->621562K(1013632K), 0.0149029 secs] [Times: user=0.01 sys=0.00, real=0.02 secs] 
2021-01-18T10:10:48.158-0800: 7.076: [GC (Allocation Failure) 2021-01-18T10:10:48.158-0800: 7.076: [DefNew: 314559K->34943K(314560K), 0.0145732 secs] 901178K->697140K(1013632K), 0.0146554 secs] [Times: user=0.01 sys=0.00, real=0.02 secs] 
2021-01-18T10:10:48.209-0800: 7.128: [GC (Allocation Failure) 2021-01-18T10:10:48.209-0800: 7.128: [DefNew: 314559K->314559K(314560K), 0.0000152 secs]2021-01-18T10:10:48.209-0800: 7.128: [Tenured: 662196K->411252K(699072K), 0.0525701 secs] 976756K->411252K(1013632K), [Metaspace: 2589K->2589K(1056768K)], 0.0526923 secs] [Times: user=0.05 sys=0.00, real=0.06 secs] 
2021-01-18T10:10:48.321-0800: 7.240: [GC (Allocation Failure) 2021-01-18T10:10:48.321-0800: 7.240: [DefNew: 279616K->34943K(314560K), 0.0161960 secs] 690868K->497233K(1013632K), 0.0163358 secs] [Times: user=0.02 sys=0.00, real=0.01 secs] 
2021-01-18T10:10:48.376-0800: 7.294: [GC (Allocation Failure) 2021-01-18T10:10:48.376-0800: 7.294: [DefNew: 314559K->34944K(314560K), 0.0154084 secs] 776849K->573255K(1013632K), 0.0154992 secs] [Times: user=0.02 sys=0.00, real=0.02 secs] 
2021-01-18T10:10:48.428-0800: 7.346: [GC (Allocation Failure) 2021-01-18T10:10:48.428-0800: 7.346: [DefNew: 314560K->34943K(314560K), 0.0164809 secs] 852871K->650584K(1013632K), 0.0166034 secs] [Times: user=0.02 sys=0.00, real=0.02 secs] 
2021-01-18T10:10:48.481-0800: 7.400: [GC (Allocation Failure) 2021-01-18T10:10:48.481-0800: 7.400: [DefNew: 314559K->314559K(314560K), 0.0000198 secs]2021-01-18T10:10:48.481-0800: 7.400: [Tenured: 615641K->410047K(699072K), 0.0557367 secs] 930200K->410047K(1013632K), [Metaspace: 2589K->2589K(1056768K)], 0.0558755 secs] [Times: user=0.05 sys=0.00, real=0.05 secs] 
2021-01-18T10:10:48.579-0800: 7.497: [GC (Allocation Failure) 2021-01-18T10:10:48.579-0800: 7.498: [DefNew: 279616K->34943K(314560K), 0.0115066 secs] 689663K->494165K(1013632K), 0.0116106 secs] [Times: user=0.01 sys=0.00, real=0.02 secs] 
2021-01-18T10:10:48.625-0800: 7.543: [GC (Allocation Failure) 2021-01-18T10:10:48.625-0800: 7.543: [DefNew: 314559K->34944K(314560K), 0.0156750 secs] 773781K->574490K(1013632K), 0.0157761 secs] [Times: user=0.02 sys=0.00, real=0.02 secs] 
2021-01-18T10:10:48.675-0800: 7.593: [GC (Allocation Failure) 2021-01-18T10:10:48.675-0800: 7.593: [DefNew: 314560K->34943K(314560K), 0.0152357 secs] 854106K->653964K(1013632K), 0.0153429 secs] [Times: user=0.02 sys=0.00, real=0.02 secs] 
2021-01-18T10:10:48.727-0800: 7.645: [GC (Allocation Failure) 2021-01-18T10:10:48.727-0800: 7.645: [DefNew: 314559K->314559K(314560K), 0.0000184 secs]2021-01-18T10:10:48.727-0800: 7.645: [Tenured: 619020K->405066K(699072K), 0.0550168 secs] 933580K->405066K(1013632K), [Metaspace: 2589K->2589K(1056768K)], 0.0551615 secs] [Times: user=0.05 sys=0.00, real=0.06 secs] 
2021-01-18T10:10:48.823-0800: 7.742: [GC (Allocation Failure) 2021-01-18T10:10:48.823-0800: 7.742: [DefNew: 279616K->34943K(314560K), 0.0115439 secs] 684682K->484879K(1013632K), 0.0116778 secs] [Times: user=0.01 sys=0.00, real=0.01 secs] 
2021-01-18T10:10:48.869-0800: 7.788: [GC (Allocation Failure) 2021-01-18T10:10:48.869-0800: 7.788: [DefNew: 314559K->34943K(314560K), 0.0167839 secs] 764495K->565790K(1013632K), 0.0168775 secs] [Times: user=0.02 sys=0.00, real=0.02 secs] 
2021-01-18T10:10:48.925-0800: 7.844: [GC (Allocation Failure) 2021-01-18T10:10:48.925-0800: 7.844: [DefNew: 314559K->34943K(314560K), 0.0167884 secs] 845406K->646108K(1013632K), 0.0168734 secs] [Times: user=0.01 sys=0.00, real=0.02 secs] 
2021-01-18T10:10:48.979-0800: 7.897: [GC (Allocation Failure) 2021-01-18T10:10:48.979-0800: 7.898: [DefNew: 314559K->314559K(314560K), 0.0000510 secs]2021-01-18T10:10:48.979-0800: 7.898: [Tenured: 611165K->378635K(699072K), 0.0602833 secs] 925724K->378635K(1013632K), [Metaspace: 2589K->2589K(1056768K)], 0.0604626 secs] [Times: user=0.06 sys=0.00, real=0.06 secs] 
2021-01-18T10:10:49.079-0800: 7.997: [GC (Allocation Failure) 2021-01-18T10:10:49.079-0800: 7.997: [DefNew: 279616K->34943K(314560K), 0.0123497 secs] 658251K->465232K(1013632K), 0.0124703 secs] [Times: user=0.01 sys=0.01, real=0.02 secs] 
2021-01-18T10:10:49.129-0800: 8.048: [GC (Allocation Failure) 2021-01-18T10:10:49.129-0800: 8.048: [DefNew: 314559K->34943K(314560K), 0.0162231 secs] 744848K->539720K(1013632K), 0.0163134 secs] [Times: user=0.02 sys=0.00, real=0.02 secs] 
2021-01-18T10:10:49.184-0800: 8.102: [GC (Allocation Failure) 2021-01-18T10:10:49.184-0800: 8.102: [DefNew: 314559K->34941K(314560K), 0.0163018 secs] 819336K->615825K(1013632K), 0.0163905 secs] [Times: user=0.01 sys=0.00, real=0.02 secs] 
2021-01-18T10:10:49.238-0800: 8.157: [GC (Allocation Failure) 2021-01-18T10:10:49.238-0800: 8.157: [DefNew: 314557K->34944K(314560K), 0.0170658 secs] 895441K->697181K(1013632K), 0.0171542 secs] [Times: user=0.02 sys=0.00, real=0.02 secs] 
2021-01-18T10:10:49.293-0800: 8.211: [GC (Allocation Failure) 2021-01-18T10:10:49.293-0800: 8.212: [DefNew: 314560K->314560K(314560K), 0.0000300 secs]2021-01-18T10:10:49.293-0800: 8.212: [Tenured: 662237K->398593K(699072K), 0.0553937 secs] 976797K->398593K(1013632K), [Metaspace: 2589K->2589K(1056768K)], 0.0555487 secs] [Times: user=0.05 sys=0.00, real=0.05 secs] 
2021-01-18T10:10:49.388-0800: 8.306: [GC (Allocation Failure) 2021-01-18T10:10:49.388-0800: 8.306: [DefNew: 279616K->34944K(314560K), 0.0119903 secs] 678209K->485278K(1013632K), 0.0120824 secs] [Times: user=0.01 sys=0.00, real=0.02 secs] 
2021-01-18T10:10:49.437-0800: 8.356: [GC (Allocation Failure) 2021-01-18T10:10:49.437-0800: 8.356: [DefNew: 314560K->34943K(314560K), 0.0201365 secs] 764894K->564516K(1013632K), 0.0202390 secs] [Times: user=0.02 sys=0.00, real=0.02 secs] 
2021-01-18T10:10:49.497-0800: 8.416: [GC (Allocation Failure) 2021-01-18T10:10:49.497-0800: 8.416: [DefNew: 314559K->34942K(314560K), 0.0161277 secs] 844132K->639832K(1013632K), 0.0162911 secs] [Times: user=0.01 sys=0.00, real=0.02 secs] 
2021-01-18T10:10:49.547-0800: 8.466: [GC (Allocation Failure) 2021-01-18T10:10:49.547-0800: 8.466: [DefNew: 314558K->314558K(314560K), 0.0000158 secs]2021-01-18T10:10:49.547-0800: 8.466: [Tenured: 604889K->407637K(699072K), 0.0549579 secs] 919448K->407637K(1013632K), [Metaspace: 2589K->2589K(1056768K)], 0.0550767 secs] [Times: user=0.05 sys=0.00, real=0.06 secs] 
2021-01-18T10:10:49.639-0800: 8.557: [GC (Allocation Failure) 2021-01-18T10:10:49.639-0800: 8.557: [DefNew: 279603K->34944K(314560K), 0.0113041 secs] 687240K->488897K(1013632K), 0.0113929 secs] [Times: user=0.01 sys=0.00, real=0.02 secs] 
2021-01-18T10:10:49.685-0800: 8.604: [GC (Allocation Failure) 2021-01-18T10:10:49.685-0800: 8.604: [DefNew: 314560K->34943K(314560K), 0.0152011 secs] 768513K->563524K(1013632K), 0.0152893 secs] [Times: user=0.02 sys=0.00, real=0.02 secs] 
2021-01-18T10:10:49.738-0800: 8.656: [GC (Allocation Failure) 2021-01-18T10:10:49.738-0800: 8.656: [DefNew: 314559K->34943K(314560K), 0.0155730 secs] 843140K->641465K(1013632K), 0.0156620 secs] [Times: user=0.02 sys=0.00, real=0.02 secs] 
2021-01-18T10:10:49.788-0800: 8.707: [GC (Allocation Failure) 2021-01-18T10:10:49.788-0800: 8.707: [DefNew: 314559K->314559K(314560K), 0.0000361 secs]2021-01-18T10:10:49.788-0800: 8.707: [Tenured: 606521K->393056K(699072K), 0.0524143 secs] 921081K->393056K(1013632K), [Metaspace: 2589K->2589K(1056768K)], 0.0525558 secs] [Times: user=0.06 sys=0.01, real=0.06 secs] 
2021-01-18T10:10:49.877-0800: 8.795: [GC (Allocation Failure) 2021-01-18T10:10:49.877-0800: 8.795: [DefNew: 279616K->34943K(314560K), 0.0117607 secs] 672672K->480537K(1013632K), 0.0118543 secs] [Times: user=0.01 sys=0.00, real=0.01 secs] 
2021-01-18T10:10:49.924-0800: 8.843: [GC (Allocation Failure) 2021-01-18T10:10:49.924-0800: 8.843: [DefNew: 314559K->34943K(314560K), 0.0162891 secs] 760153K->564233K(1013632K), 0.0163859 secs] [Times: user=0.01 sys=0.00, real=0.02 secs] 
2021-01-18T10:10:49.977-0800: 8.896: [GC (Allocation Failure) 2021-01-18T10:10:49.977-0800: 8.896: [DefNew: 314559K->34942K(314560K), 0.0148319 secs] 843849K->637164K(1013632K), 0.0149338 secs] [Times: user=0.01 sys=0.00, real=0.02 secs] 
2021-01-18T10:10:50.028-0800: 8.946: [GC (Allocation Failure) 2021-01-18T10:10:50.028-0800: 8.946: [DefNew: 314558K->314558K(314560K), 0.0000149 secs]2021-01-18T10:10:50.028-0800: 8.946: [Tenured: 602221K->363370K(699072K), 0.0528649 secs] 916780K->363370K(1013632K), [Metaspace: 2589K->2589K(1056768K)], 0.0529847 secs] [Times: user=0.05 sys=0.00, real=0.06 secs] 
2021-01-18T10:10:50.118-0800: 9.037: [GC (Allocation Failure) 2021-01-18T10:10:50.118-0800: 9.037: [DefNew: 279616K->34944K(314560K), 0.0124747 secs] 642986K->456154K(1013632K), 0.0125630 secs] [Times: user=0.01 sys=0.00, real=0.02 secs] 
2021-01-18T10:10:50.165-0800: 9.083: [GC (Allocation Failure) 2021-01-18T10:10:50.165-0800: 9.083: [DefNew: 314560K->34943K(314560K), 0.0147606 secs] 735770K->533470K(1013632K), 0.0148502 secs] [Times: user=0.02 sys=0.00, real=0.01 secs] 
2021-01-18T10:10:50.212-0800: 9.131: [GC (Allocation Failure) 2021-01-18T10:10:50.212-0800: 9.131: [DefNew: 314559K->34943K(314560K), 0.0154318 secs] 813086K->616461K(1013632K), 0.0155183 secs] [Times: user=0.02 sys=0.00, real=0.01 secs] 
2021-01-18T10:10:50.262-0800: 9.180: [GC (Allocation Failure) 2021-01-18T10:10:50.262-0800: 9.180: [DefNew: 314559K->34944K(314560K), 0.0157289 secs] 896077K->699464K(1013632K), 0.0158086 secs] [Times: user=0.02 sys=0.00, real=0.01 secs] 
2021-01-18T10:10:50.310-0800: 9.229: [GC (Allocation Failure) 2021-01-18T10:10:50.310-0800: 9.229: [DefNew: 314560K->314560K(314560K), 0.0000153 secs]2021-01-18T10:10:50.310-0800: 9.229: [Tenured: 664520K->406821K(699072K), 0.0507415 secs] 979080K->406821K(1013632K), [Metaspace: 2589K->2589K(1056768K)], 0.0508576 secs] [Times: user=0.05 sys=0.00, real=0.05 secs] 
2021-01-18T10:10:50.399-0800: 9.317: [GC (Allocation Failure) 2021-01-18T10:10:50.399-0800: 9.317: [DefNew: 279616K->34943K(314560K), 0.0120851 secs] 686437K->495754K(1013632K), 0.0121703 secs] [Times: user=0.01 sys=0.00, real=0.02 secs] 
2021-01-18T10:10:50.445-0800: 9.363: [GC (Allocation Failure) 2021-01-18T10:10:50.445-0800: 9.363: [DefNew: 314186K->34943K(314560K), 0.0140667 secs] 774997K->568134K(1013632K), 0.0141449 secs] [Times: user=0.02 sys=0.00, real=0.01 secs] 
2021-01-18T10:10:50.492-0800: 9.411: [GC (Allocation Failure) 2021-01-18T10:10:50.492-0800: 9.411: [DefNew: 314559K->34943K(314560K), 0.0142250 secs] 847750K->640668K(1013632K), 0.0143130 secs] [Times: user=0.01 sys=0.00, real=0.01 secs] 
2021-01-18T10:10:50.541-0800: 9.459: [GC (Allocation Failure) 2021-01-18T10:10:50.541-0800: 9.459: [DefNew: 314559K->314559K(314560K), 0.0000151 secs]2021-01-18T10:10:50.541-0800: 9.459: [Tenured: 605725K->397944K(699072K), 0.0511277 secs] 920284K->397944K(1013632K), [Metaspace: 2589K->2589K(1056768K)], 0.0512468 secs] [Times: user=0.05 sys=0.00, real=0.05 secs] 
2021-01-18T10:10:50.632-0800: 9.550: [GC (Allocation Failure) 2021-01-18T10:10:50.632-0800: 9.550: [DefNew: 279616K->34943K(314560K), 0.0109303 secs] 677560K->480943K(1013632K), 0.0110083 secs] [Times: user=0.01 sys=0.00, real=0.01 secs] 
2021-01-18T10:10:50.677-0800: 9.595: [GC (Allocation Failure) 2021-01-18T10:10:50.677-0800: 9.595: [DefNew: 314559K->34943K(314560K), 0.0154329 secs] 760559K->564154K(1013632K), 0.0155233 secs] [Times: user=0.02 sys=0.00, real=0.02 secs] 
2021-01-18T10:10:50.725-0800: 9.643: [GC (Allocation Failure) 2021-01-18T10:10:50.725-0800: 9.643: [DefNew: 314559K->34943K(314560K), 0.0155823 secs] 843770K->647153K(1013632K), 0.0156620 secs] [Times: user=0.02 sys=0.00, real=0.02 secs] 
2021-01-18T10:10:50.775-0800: 9.694: [GC (Allocation Failure) 2021-01-18T10:10:50.775-0800: 9.694: [DefNew: 314559K->314559K(314560K), 0.0000154 secs]2021-01-18T10:10:50.775-0800: 9.694: [Tenured: 612209K->398091K(699072K), 0.0515064 secs] 926769K->398091K(1013632K), [Metaspace: 2589K->2589K(1056768K)], 0.0516234 secs] [Times: user=0.05 sys=0.00, real=0.05 secs] 
2021-01-18T10:10:50.861-0800: 9.780: [GC (Allocation Failure) 2021-01-18T10:10:50.861-0800: 9.780: [DefNew: 279616K->34943K(314560K), 0.0126979 secs] 677707K->494352K(1013632K), 0.0127774 secs] [Times: user=0.01 sys=0.00, real=0.01 secs] 
2021-01-18T10:10:50.909-0800: 9.827: [GC (Allocation Failure) 2021-01-18T10:10:50.909-0800: 9.827: [DefNew: 314559K->34942K(314560K), 0.0151052 secs] 773968K->574335K(1013632K), 0.0151976 secs] [Times: user=0.02 sys=0.00, real=0.02 secs] 
2021-01-18T10:10:50.956-0800: 9.875: [GC (Allocation Failure) 2021-01-18T10:10:50.956-0800: 9.875: [DefNew: 314558K->34943K(314560K), 0.0144157 secs] 853951K->649414K(1013632K), 0.0145052 secs] [Times: user=0.02 sys=0.00, real=0.02 secs] 
2021-01-18T10:10:51.004-0800: 9.923: [GC (Allocation Failure) 2021-01-18T10:10:51.005-0800: 9.923: [DefNew: 314559K->314559K(314560K), 0.0000150 secs]2021-01-18T10:10:51.005-0800: 9.923: [Tenured: 614470K->373527K(699072K), 0.0548982 secs] 929030K->373527K(1013632K), [Metaspace: 2589K->2589K(1056768K)], 0.0550228 secs] [Times: user=0.05 sys=0.00, real=0.06 secs] 
2021-01-18T10:10:51.096-0800: 10.015: [GC (Allocation Failure) 2021-01-18T10:10:51.096-0800: 10.015: [DefNew: 279616K->34942K(314560K), 0.0101468 secs] 653143K->449411K(1013632K), 0.0102339 secs] [Times: user=0.01 sys=0.00, real=0.01 secs] 
2021-01-18T10:10:51.139-0800: 10.058: [GC (Allocation Failure) 2021-01-18T10:10:51.139-0800: 10.058: [DefNew: 314558K->34943K(314560K), 0.0152211 secs] 729027K->531737K(1013632K), 0.0153067 secs] [Times: user=0.02 sys=0.00, real=0.02 secs] 
Heap
 def new generation   total 314560K, used 46363K [0x0000000780000000, 0x0000000795550000, 0x0000000795550000)
  eden space 279616K,   4% used [0x0000000780000000, 0x0000000780b26d68, 0x0000000791110000)
  from space 34944K,  99% used [0x0000000791110000, 0x000000079332fff0, 0x0000000793330000)
  to   space 34944K,   0% used [0x0000000793330000, 0x0000000793330000, 0x0000000795550000)
 tenured generation   total 699072K, used 496793K [0x0000000795550000, 0x00000007c0000000, 0x00000007c0000000)
   the space 699072K,  71% used [0x0000000795550000, 0x00000007b3a76510, 0x00000007b3a76600, 0x00000007c0000000)
 Metaspace       used 2595K, capacity 4490K, committed 4864K, reserved 1056768K
  class space    used 278K, capacity 386K, committed 512K, reserved 1048576K
