Java HotSpot(TM) 64-Bit Server VM (25.271-b09) for bsd-amd64 JRE (1.8.0_271-b09), built on Sep 16 2020 16:54:38 by "java_re" with gcc 4.2.1 Compatible Apple LLVM 10.0.0 (clang-1000.11.45.5)
Memory: 4k page, physical 16777216k(1044064k free)

/proc/meminfo:

CommandLine flags: -XX:InitialHeapSize=2147483648 -XX:MaxHeapSize=2147483648 -XX:+PrintGC -XX:+PrintGCDateStamps -XX:+PrintGCDetails -XX:+PrintGCTimeStamps -XX:+UseCompressedClassPointers -XX:+UseCompressedOops -XX:+UseSerialGC 
2021-01-18T10:11:03.005-0800: 0.370: [GC (Allocation Failure) 2021-01-18T10:11:03.005-0800: 0.370: [DefNew: 559232K->69888K(629120K), 0.0903529 secs] 559232K->153457K(2027264K), 0.0904649 secs] [Times: user=0.04 sys=0.04, real=0.09 secs] 
2021-01-18T10:11:03.174-0800: 0.539: [GC (Allocation Failure) 2021-01-18T10:11:03.174-0800: 0.539: [DefNew: 629120K->69888K(629120K), 0.1037063 secs] 712689K->276828K(2027264K), 0.1037968 secs] [Times: user=0.06 sys=0.04, real=0.10 secs] 
2021-01-18T10:11:03.341-0800: 0.705: [GC (Allocation Failure) 2021-01-18T10:11:03.341-0800: 0.705: [DefNew: 629120K->69887K(629120K), 0.0792192 secs] 836060K->405885K(2027264K), 0.0793342 secs] [Times: user=0.05 sys=0.03, real=0.08 secs] 
2021-01-18T10:11:03.482-0800: 0.847: [GC (Allocation Failure) 2021-01-18T10:11:03.482-0800: 0.847: [DefNew: 629119K->69887K(629120K), 0.1110426 secs] 965117K->526115K(2027264K), 0.1111384 secs] [Times: user=0.05 sys=0.04, real=0.11 secs] 
2021-01-18T10:11:03.657-0800: 1.022: [GC (Allocation Failure) 2021-01-18T10:11:03.657-0800: 1.022: [DefNew: 629119K->69887K(629120K), 0.1362383 secs] 1085347K->652635K(2027264K), 0.1363339 secs] [Times: user=0.06 sys=0.04, real=0.14 secs] 
2021-01-18T10:11:03.866-0800: 1.231: [GC (Allocation Failure) 2021-01-18T10:11:03.866-0800: 1.231: [DefNew: 628878K->69887K(629120K), 0.1394569 secs] 1211626K->768765K(2027264K), 0.1395556 secs] [Times: user=0.05 sys=0.04, real=0.14 secs] 
2021-01-18T10:11:04.083-0800: 1.448: [GC (Allocation Failure) 2021-01-18T10:11:04.084-0800: 1.448: [DefNew: 629119K->69888K(629120K), 0.1309308 secs] 1327997K->895328K(2027264K), 0.1310710 secs] [Times: user=0.06 sys=0.04, real=0.13 secs] 
2021-01-18T10:11:04.300-0800: 1.664: [GC (Allocation Failure) 2021-01-18T10:11:04.300-0800: 1.664: [DefNew: 629120K->69887K(629120K), 0.0902344 secs] 1454560K->1013985K(2027264K), 0.0903496 secs] [Times: user=0.05 sys=0.04, real=0.09 secs] 
2021-01-18T10:11:04.479-0800: 1.844: [GC (Allocation Failure) 2021-01-18T10:11:04.479-0800: 1.844: [DefNew: 629119K->69887K(629120K), 0.0990518 secs] 1573217K->1142781K(2027264K), 0.0991652 secs] [Times: user=0.06 sys=0.03, real=0.10 secs] 
2021-01-18T10:11:04.641-0800: 2.006: [GC (Allocation Failure) 2021-01-18T10:11:04.641-0800: 2.006: [DefNew: 629119K->69887K(629120K), 0.1220272 secs] 1702013K->1262803K(2027264K), 0.1221211 secs] [Times: user=0.05 sys=0.03, real=0.12 secs] 
2021-01-18T10:11:04.836-0800: 2.201: [GC (Allocation Failure) 2021-01-18T10:11:04.836-0800: 2.201: [DefNew: 629119K->69888K(629120K), 0.0753411 secs] 1822035K->1386314K(2027264K), 0.0754282 secs] [Times: user=0.04 sys=0.03, real=0.08 secs] 
2021-01-18T10:11:04.972-0800: 2.337: [GC (Allocation Failure) 2021-01-18T10:11:04.972-0800: 2.337: [DefNew: 629082K->629082K(629120K), 0.0000176 secs]2021-01-18T10:11:04.972-0800: 2.337: [Tenured: 1316426K->426190K(1398144K), 0.0811168 secs] 1945509K->426190K(2027264K), [Metaspace: 2580K->2580K(1056768K)], 0.0812582 secs] [Times: user=0.08 sys=0.00, real=0.08 secs] 
2021-01-18T10:11:05.117-0800: 2.481: [GC (Allocation Failure) 2021-01-18T10:11:05.117-0800: 2.481: [DefNew: 559232K->69887K(629120K), 0.0231671 secs] 985422K->576198K(2027264K), 0.0232666 secs] [Times: user=0.02 sys=0.00, real=0.03 secs] 
2021-01-18T10:11:05.201-0800: 2.566: [GC (Allocation Failure) 2021-01-18T10:11:05.201-0800: 2.566: [DefNew: 629119K->69887K(629120K), 0.0323424 secs] 1135430K->701146K(2027264K), 0.0324437 secs] [Times: user=0.03 sys=0.00, real=0.03 secs] 
2021-01-18T10:11:05.294-0800: 2.659: [GC (Allocation Failure) 2021-01-18T10:11:05.294-0800: 2.659: [DefNew: 629119K->69887K(629120K), 0.0345118 secs] 1260378K->836253K(2027264K), 0.0346290 secs] [Times: user=0.04 sys=0.00, real=0.03 secs] 
2021-01-18T10:11:05.387-0800: 2.752: [GC (Allocation Failure) 2021-01-18T10:11:05.388-0800: 2.752: [DefNew: 629119K->69887K(629120K), 0.0296724 secs] 1395485K->958095K(2027264K), 0.0297577 secs] [Times: user=0.03 sys=0.00, real=0.03 secs] 
2021-01-18T10:11:05.480-0800: 2.845: [GC (Allocation Failure) 2021-01-18T10:11:05.480-0800: 2.845: [DefNew: 629119K->69887K(629120K), 0.0323097 secs] 1517327K->1090660K(2027264K), 0.0323966 secs] [Times: user=0.03 sys=0.00, real=0.03 secs] 
2021-01-18T10:11:05.574-0800: 2.939: [GC (Allocation Failure) 2021-01-18T10:11:05.574-0800: 2.939: [DefNew: 629119K->69888K(629120K), 0.0312657 secs] 1649892K->1215496K(2027264K), 0.0313589 secs] [Times: user=0.03 sys=0.00, real=0.03 secs] 
2021-01-18T10:11:05.671-0800: 3.036: [GC (Allocation Failure) 2021-01-18T10:11:05.671-0800: 3.036: [DefNew: 629049K->69887K(629120K), 0.0278192 secs] 1774657K->1339297K(2027264K), 0.0279066 secs] [Times: user=0.03 sys=0.00, real=0.02 secs] 
2021-01-18T10:11:05.762-0800: 3.127: [GC (Allocation Failure) 2021-01-18T10:11:05.762-0800: 3.127: [DefNew: 629119K->629119K(629120K), 0.0000167 secs]2021-01-18T10:11:05.762-0800: 3.127: [Tenured: 1269409K->437594K(1398144K), 0.0538531 secs] 1898529K->437594K(2027264K), [Metaspace: 2580K->2580K(1056768K)], 0.0546797 secs] [Times: user=0.05 sys=0.00, real=0.05 secs] 
2021-01-18T10:11:05.888-0800: 3.252: [GC (Allocation Failure) 2021-01-18T10:11:05.888-0800: 3.252: [DefNew: 559232K->69887K(629120K), 0.0211736 secs] 996826K->596950K(2027264K), 0.0212616 secs] [Times: user=0.02 sys=0.00, real=0.02 secs] 
2021-01-18T10:11:05.975-0800: 3.339: [GC (Allocation Failure) 2021-01-18T10:11:05.975-0800: 3.339: [DefNew: 629119K->69887K(629120K), 0.0275029 secs] 1156182K->729880K(2027264K), 0.0276096 secs] [Times: user=0.03 sys=0.00, real=0.03 secs] 
2021-01-18T10:11:06.070-0800: 3.434: [GC (Allocation Failure) 2021-01-18T10:11:06.070-0800: 3.434: [DefNew: 629119K->69887K(629120K), 0.0267051 secs] 1289112K->861278K(2027264K), 0.0268085 secs] [Times: user=0.03 sys=0.00, real=0.02 secs] 
2021-01-18T10:11:06.165-0800: 3.530: [GC (Allocation Failure) 2021-01-18T10:11:06.165-0800: 3.530: [DefNew: 629119K->69887K(629120K), 0.0252257 secs] 1420510K->981584K(2027264K), 0.0253183 secs] [Times: user=0.02 sys=0.00, real=0.03 secs] 
2021-01-18T10:11:06.255-0800: 3.620: [GC (Allocation Failure) 2021-01-18T10:11:06.255-0800: 3.620: [DefNew: 629119K->69887K(629120K), 0.0265180 secs] 1540816K->1111374K(2027264K), 0.0266028 secs] [Times: user=0.02 sys=0.00, real=0.03 secs] 
2021-01-18T10:11:06.349-0800: 3.714: [GC (Allocation Failure) 2021-01-18T10:11:06.349-0800: 3.714: [DefNew: 629119K->69887K(629120K), 0.0265935 secs] 1670606K->1239138K(2027264K), 0.0266846 secs] [Times: user=0.03 sys=0.00, real=0.03 secs] 
2021-01-18T10:11:06.442-0800: 3.806: [GC (Allocation Failure) 2021-01-18T10:11:06.442-0800: 3.806: [DefNew: 629119K->69887K(629120K), 0.0259820 secs] 1798370K->1358188K(2027264K), 0.0260749 secs] [Times: user=0.03 sys=0.00, real=0.02 secs] 
2021-01-18T10:11:06.534-0800: 3.898: [GC (Allocation Failure) 2021-01-18T10:11:06.534-0800: 3.898: [DefNew: 629119K->629119K(629120K), 0.0000162 secs]2021-01-18T10:11:06.534-0800: 3.898: [Tenured: 1288300K->438568K(1398144K), 0.0535039 secs] 1917420K->438568K(2027264K), [Metaspace: 2580K->2580K(1056768K)], 0.0545544 secs] [Times: user=0.06 sys=0.00, real=0.05 secs] 
2021-01-18T10:11:06.655-0800: 4.019: [GC (Allocation Failure) 2021-01-18T10:11:06.655-0800: 4.020: [DefNew: 559232K->69887K(629120K), 0.0220675 secs] 997800K->602203K(2027264K), 0.0221445 secs] [Times: user=0.03 sys=0.00, real=0.02 secs] 
2021-01-18T10:11:06.743-0800: 4.108: [GC (Allocation Failure) 2021-01-18T10:11:06.743-0800: 4.108: [DefNew: 629119K->69888K(629120K), 0.0257264 secs] 1161435K->725495K(2027264K), 0.0258238 secs] [Times: user=0.03 sys=0.00, real=0.02 secs] 
2021-01-18T10:11:06.832-0800: 4.196: [GC (Allocation Failure) 2021-01-18T10:11:06.832-0800: 4.196: [DefNew: 629120K->69887K(629120K), 0.0253207 secs] 1284727K->843798K(2027264K), 0.0254319 secs] [Times: user=0.03 sys=0.00, real=0.02 secs] 
2021-01-18T10:11:06.919-0800: 4.284: [GC (Allocation Failure) 2021-01-18T10:11:06.919-0800: 4.284: [DefNew: 629119K->69887K(629120K), 0.0268323 secs] 1403030K->976081K(2027264K), 0.0269272 secs] [Times: user=0.03 sys=0.00, real=0.03 secs] 
2021-01-18T10:11:07.011-0800: 4.375: [GC (Allocation Failure) 2021-01-18T10:11:07.011-0800: 4.375: [DefNew: 629119K->69887K(629120K), 0.0272611 secs] 1535313K->1105515K(2027264K), 0.0273537 secs] [Times: user=0.03 sys=0.00, real=0.02 secs] 
2021-01-18T10:11:07.103-0800: 4.468: [GC (Allocation Failure) 2021-01-18T10:11:07.103-0800: 4.468: [DefNew: 629119K->69887K(629120K), 0.0263256 secs] 1664747K->1232419K(2027264K), 0.0264251 secs] [Times: user=0.03 sys=0.00, real=0.02 secs] 
2021-01-18T10:11:07.194-0800: 4.558: [GC (Allocation Failure) 2021-01-18T10:11:07.194-0800: 4.558: [DefNew: 629119K->69887K(629120K), 0.0277014 secs] 1791651K->1365621K(2027264K), 0.0277977 secs] [Times: user=0.03 sys=0.00, real=0.03 secs] 
2021-01-18T10:11:07.287-0800: 4.651: [GC (Allocation Failure) 2021-01-18T10:11:07.287-0800: 4.651: [DefNew: 629119K->629119K(629120K), 0.0000156 secs]2021-01-18T10:11:07.287-0800: 4.651: [Tenured: 1295733K->372689K(1398144K), 0.0573303 secs] 1924853K->372689K(2027264K), [Metaspace: 2589K->2589K(1056768K)], 0.0574529 secs] [Times: user=0.06 sys=0.00, real=0.06 secs] 
2021-01-18T10:11:07.408-0800: 4.773: [GC (Allocation Failure) 2021-01-18T10:11:07.408-0800: 4.773: [DefNew: 559232K->69887K(629120K), 0.0217390 secs] 931921K->538411K(2027264K), 0.0218280 secs] [Times: user=0.03 sys=0.00, real=0.03 secs] 
2021-01-18T10:11:07.494-0800: 4.858: [GC (Allocation Failure) 2021-01-18T10:11:07.494-0800: 4.859: [DefNew: 629119K->69887K(629120K), 0.0264146 secs] 1097643K->665264K(2027264K), 0.0265067 secs] [Times: user=0.03 sys=0.00, real=0.03 secs] 
2021-01-18T10:11:07.583-0800: 4.948: [GC (Allocation Failure) 2021-01-18T10:11:07.583-0800: 4.948: [DefNew: 629119K->69887K(629120K), 0.0262203 secs] 1224496K->791268K(2027264K), 0.0263127 secs] [Times: user=0.02 sys=0.00, real=0.03 secs] 
2021-01-18T10:11:07.676-0800: 5.041: [GC (Allocation Failure) 2021-01-18T10:11:07.676-0800: 5.041: [DefNew: 629119K->69887K(629120K), 0.0252919 secs] 1350500K->911308K(2027264K), 0.0253772 secs] [Times: user=0.03 sys=0.00, real=0.03 secs] 
2021-01-18T10:11:07.765-0800: 5.130: [GC (Allocation Failure) 2021-01-18T10:11:07.765-0800: 5.130: [DefNew: 629119K->69888K(629120K), 0.0262140 secs] 1470540K->1038418K(2027264K), 0.0263033 secs] [Times: user=0.02 sys=0.00, real=0.03 secs] 
2021-01-18T10:11:07.857-0800: 5.222: [GC (Allocation Failure) 2021-01-18T10:11:07.858-0800: 5.222: [DefNew: 629120K->69887K(629120K), 0.0249551 secs] 1597650K->1155948K(2027264K), 0.0250381 secs] [Times: user=0.03 sys=0.00, real=0.03 secs] 
2021-01-18T10:11:07.948-0800: 5.313: [GC (Allocation Failure) 2021-01-18T10:11:07.948-0800: 5.313: [DefNew: 629119K->69887K(629120K), 0.0257980 secs] 1715180K->1280615K(2027264K), 0.0258989 secs] [Times: user=0.03 sys=0.00, real=0.03 secs] 
2021-01-18T10:11:08.039-0800: 5.404: [GC (Allocation Failure) 2021-01-18T10:11:08.039-0800: 5.404: [DefNew: 629119K->69887K(629120K), 0.0413858 secs] 1839847K->1409048K(2027264K), 0.0414693 secs] [Times: user=0.03 sys=0.01, real=0.05 secs] 
2021-01-18T10:11:08.151-0800: 5.516: [GC (Allocation Failure) 2021-01-18T10:11:08.151-0800: 5.516: [DefNew: 629119K->629119K(629120K), 0.0000158 secs]2021-01-18T10:11:08.151-0800: 5.516: [Tenured: 1339160K->441860K(1398144K), 0.0592225 secs] 1968280K->441860K(2027264K), [Metaspace: 2589K->2589K(1056768K)], 0.0593370 secs] [Times: user=0.06 sys=0.00, real=0.06 secs] 
2021-01-18T10:11:08.279-0800: 5.643: [GC (Allocation Failure) 2021-01-18T10:11:08.279-0800: 5.643: [DefNew: 559232K->69887K(629120K), 0.0191034 secs] 1001092K->587749K(2027264K), 0.0191953 secs] [Times: user=0.02 sys=0.00, real=0.02 secs] 
2021-01-18T10:11:08.363-0800: 5.728: [GC (Allocation Failure) 2021-01-18T10:11:08.363-0800: 5.728: [DefNew: 629119K->69888K(629120K), 0.0271262 secs] 1146981K->722868K(2027264K), 0.0272342 secs] [Times: user=0.03 sys=0.00, real=0.03 secs] 
2021-01-18T10:11:08.456-0800: 5.820: [GC (Allocation Failure) 2021-01-18T10:11:08.456-0800: 5.821: [DefNew: 629120K->69887K(629120K), 0.0263062 secs] 1282100K->851257K(2027264K), 0.0263965 secs] [Times: user=0.02 sys=0.00, real=0.03 secs] 
2021-01-18T10:11:08.547-0800: 5.912: [GC (Allocation Failure) 2021-01-18T10:11:08.547-0800: 5.912: [DefNew: 629119K->69887K(629120K), 0.0270995 secs] 1410489K->976698K(2027264K), 0.0271793 secs] [Times: user=0.02 sys=0.00, real=0.03 secs] 
2021-01-18T10:11:08.639-0800: 6.004: [GC (Allocation Failure) 2021-01-18T10:11:08.639-0800: 6.004: [DefNew: 629119K->69887K(629120K), 0.0261469 secs] 1535930K->1098863K(2027264K), 0.0262389 secs] [Times: user=0.03 sys=0.00, real=0.03 secs] 
2021-01-18T10:11:08.730-0800: 6.095: [GC (Allocation Failure) 2021-01-18T10:11:08.730-0800: 6.095: [DefNew: 629119K->69888K(629120K), 0.0248845 secs] 1658095K->1217604K(2027264K), 0.0249781 secs] [Times: user=0.02 sys=0.00, real=0.02 secs] 
2021-01-18T10:11:08.821-0800: 6.185: [GC (Allocation Failure) 2021-01-18T10:11:08.821-0800: 6.185: [DefNew: 629120K->69888K(629120K), 0.0265686 secs] 1776836K->1334547K(2027264K), 0.0266517 secs] [Times: user=0.03 sys=0.00, real=0.02 secs] 
2021-01-18T10:11:08.910-0800: 6.275: [GC (Allocation Failure) 2021-01-18T10:11:08.910-0800: 6.275: [DefNew: 629120K->629120K(629120K), 0.0000152 secs]2021-01-18T10:11:08.910-0800: 6.275: [Tenured: 1264659K->373068K(1398144K), 0.0539688 secs] 1893779K->373068K(2027264K), [Metaspace: 2589K->2589K(1056768K)], 0.0540829 secs] [Times: user=0.05 sys=0.00, real=0.05 secs] 
2021-01-18T10:11:09.032-0800: 6.397: [GC (Allocation Failure) 2021-01-18T10:11:09.032-0800: 6.397: [DefNew: 559231K->69887K(629120K), 0.0193186 secs] 932299K->519863K(2027264K), 0.0194056 secs] [Times: user=0.02 sys=0.00, real=0.02 secs] 
2021-01-18T10:11:09.116-0800: 6.480: [GC (Allocation Failure) 2021-01-18T10:11:09.116-0800: 6.480: [DefNew: 629119K->69887K(629120K), 0.0276208 secs] 1079095K->658949K(2027264K), 0.0277154 secs] [Times: user=0.03 sys=0.00, real=0.03 secs] 
2021-01-18T10:11:09.210-0800: 6.574: [GC (Allocation Failure) 2021-01-18T10:11:09.210-0800: 6.575: [DefNew: 629119K->69888K(629120K), 0.0256296 secs] 1218181K->783509K(2027264K), 0.0257094 secs] [Times: user=0.02 sys=0.00, real=0.02 secs] 
2021-01-18T10:11:09.302-0800: 6.666: [GC (Allocation Failure) 2021-01-18T10:11:09.302-0800: 6.667: [DefNew: 629120K->69887K(629120K), 0.0258000 secs] 1342741K->909760K(2027264K), 0.0258913 secs] [Times: user=0.02 sys=0.01, real=0.02 secs] 
2021-01-18T10:11:09.393-0800: 6.758: [GC (Allocation Failure) 2021-01-18T10:11:09.393-0800: 6.758: [DefNew: 629119K->69887K(629120K), 0.0254558 secs] 1468992K->1034973K(2027264K), 0.0255340 secs] [Times: user=0.02 sys=0.00, real=0.02 secs] 
2021-01-18T10:11:09.482-0800: 6.847: [GC (Allocation Failure) 2021-01-18T10:11:09.483-0800: 6.847: [DefNew: 629119K->69887K(629120K), 0.0247161 secs] 1594205K->1151103K(2027264K), 0.0248069 secs] [Times: user=0.02 sys=0.00, real=0.02 secs] 
2021-01-18T10:11:09.573-0800: 6.938: [GC (Allocation Failure) 2021-01-18T10:11:09.573-0800: 6.938: [DefNew: 629119K->69887K(629120K), 0.0265152 secs] 1710335K->1279711K(2027264K), 0.0266046 secs] [Times: user=0.02 sys=0.00, real=0.03 secs] 
2021-01-18T10:11:09.665-0800: 7.029: [GC (Allocation Failure) 2021-01-18T10:11:09.665-0800: 7.029: [DefNew: 629119K->69888K(629120K), 0.0302277 secs] 1838943K->1413541K(2027264K), 0.0303154 secs] [Times: user=0.03 sys=0.00, real=0.03 secs] 
2021-01-18T10:11:09.758-0800: 7.123: [GC (Allocation Failure) 2021-01-18T10:11:09.758-0800: 7.123: [DefNew: 629120K->629120K(629120K), 0.0000152 secs]2021-01-18T10:11:09.758-0800: 7.123: [Tenured: 1343653K->409368K(1398144K), 0.0559182 secs] 1972773K->409368K(2027264K), [Metaspace: 2589K->2589K(1056768K)], 0.0560407 secs] [Times: user=0.06 sys=0.00, real=0.06 secs] 
2021-01-18T10:11:09.881-0800: 7.246: [GC (Allocation Failure) 2021-01-18T10:11:09.882-0800: 7.246: [DefNew: 559232K->69887K(629120K), 0.0199177 secs] 968600K->561397K(2027264K), 0.0200049 secs] [Times: user=0.02 sys=0.00, real=0.02 secs] 
2021-01-18T10:11:09.965-0800: 7.329: [GC (Allocation Failure) 2021-01-18T10:11:09.965-0800: 7.329: [DefNew: 629119K->69887K(629120K), 0.0265822 secs] 1120629K->693046K(2027264K), 0.0266697 secs] [Times: user=0.02 sys=0.00, real=0.03 secs] 
2021-01-18T10:11:10.054-0800: 7.419: [GC (Allocation Failure) 2021-01-18T10:11:10.054-0800: 7.419: [DefNew: 629119K->69887K(629120K), 0.0248221 secs] 1252278K->811959K(2027264K), 0.0249148 secs] [Times: user=0.03 sys=0.00, real=0.02 secs] 
2021-01-18T10:11:10.145-0800: 7.509: [GC (Allocation Failure) 2021-01-18T10:11:10.145-0800: 7.509: [DefNew: 629119K->69888K(629120K), 0.0255511 secs] 1371191K->935135K(2027264K), 0.0256426 secs] [Times: user=0.03 sys=0.00, real=0.03 secs] 
2021-01-18T10:11:10.236-0800: 7.600: [GC (Allocation Failure) 2021-01-18T10:11:10.236-0800: 7.600: [DefNew: 629120K->69888K(629120K), 0.0254324 secs] 1494367K->1058220K(2027264K), 0.0255241 secs] [Times: user=0.03 sys=0.00, real=0.03 secs] 
2021-01-18T10:11:10.328-0800: 7.692: [GC (Allocation Failure) 2021-01-18T10:11:10.328-0800: 7.692: [DefNew: 629120K->69888K(629120K), 0.0259295 secs] 1617452K->1183989K(2027264K), 0.0260254 secs] [Times: user=0.02 sys=0.00, real=0.03 secs] 
2021-01-18T10:11:10.420-0800: 7.785: [GC (Allocation Failure) 2021-01-18T10:11:10.420-0800: 7.785: [DefNew: 629120K->69888K(629120K), 0.0283456 secs] 1743221K->1315446K(2027264K), 0.0284171 secs] [Times: user=0.03 sys=0.00, real=0.02 secs] 
2021-01-18T10:11:10.512-0800: 7.877: [GC (Allocation Failure) 2021-01-18T10:11:10.512-0800: 7.877: [DefNew: 629120K->629120K(629120K), 0.0000154 secs]2021-01-18T10:11:10.512-0800: 7.877: [Tenured: 1245558K->389372K(1398144K), 0.0571382 secs] 1874678K->389372K(2027264K), [Metaspace: 2589K->2589K(1056768K)], 0.0572506 secs] [Times: user=0.06 sys=0.00, real=0.05 secs] 
2021-01-18T10:11:10.636-0800: 8.000: [GC (Allocation Failure) 2021-01-18T10:11:10.637-0800: 8.002: [DefNew: 559232K->69887K(629120K), 0.0197970 secs] 948604K->544752K(2027264K), 0.0211356 secs] [Times: user=0.02 sys=0.00, real=0.02 secs] 
2021-01-18T10:11:10.717-0800: 8.082: [GC (Allocation Failure) 2021-01-18T10:11:10.717-0800: 8.082: [DefNew: 629119K->69887K(629120K), 0.0248856 secs] 1103984K->672191K(2027264K), 0.0249767 secs] [Times: user=0.03 sys=0.00, real=0.03 secs] 
2021-01-18T10:11:10.799-0800: 8.163: [GC (Allocation Failure) 2021-01-18T10:11:10.799-0800: 8.163: [DefNew: 629119K->69888K(629120K), 0.0258672 secs] 1231423K->795849K(2027264K), 0.0260243 secs] [Times: user=0.03 sys=0.00, real=0.03 secs] 
2021-01-18T10:11:10.886-0800: 8.250: [GC (Allocation Failure) 2021-01-18T10:11:10.886-0800: 8.250: [DefNew: 629120K->69887K(629120K), 0.0252134 secs] 1355081K->915598K(2027264K), 0.0253137 secs] [Times: user=0.02 sys=0.00, real=0.03 secs] 
2021-01-18T10:11:10.975-0800: 8.340: [GC (Allocation Failure) 2021-01-18T10:11:10.975-0800: 8.340: [DefNew: 629119K->69888K(629120K), 0.0264334 secs] 1474830K->1038969K(2027264K), 0.0265384 secs] [Times: user=0.02 sys=0.00, real=0.03 secs] 
2021-01-18T10:11:11.067-0800: 8.432: [GC (Allocation Failure) 2021-01-18T10:11:11.067-0800: 8.432: [DefNew: 629120K->69887K(629120K), 0.0259149 secs] 1598201K->1164132K(2027264K), 0.0260215 secs] [Times: user=0.02 sys=0.00, real=0.03 secs] 
2021-01-18T10:11:11.158-0800: 8.522: [GC (Allocation Failure) 2021-01-18T10:11:11.158-0800: 8.522: [DefNew: 629119K->69887K(629120K), 0.0256737 secs] 1723364K->1286231K(2027264K), 0.0257782 secs] [Times: user=0.02 sys=0.00, real=0.03 secs] 
2021-01-18T10:11:11.248-0800: 8.612: [GC (Allocation Failure) 2021-01-18T10:11:11.248-0800: 8.612: [DefNew: 629119K->69887K(629120K), 0.0270604 secs] 1845463K->1414258K(2027264K), 0.0271637 secs] [Times: user=0.02 sys=0.00, real=0.03 secs] 
2021-01-18T10:11:11.340-0800: 8.705: [GC (Allocation Failure) 2021-01-18T10:11:11.340-0800: 8.705: [DefNew: 629119K->629119K(629120K), 0.0000181 secs]2021-01-18T10:11:11.340-0800: 8.705: [Tenured: 1344371K->384334K(1398144K), 0.0559151 secs] 1973490K->384334K(2027264K), [Metaspace: 2589K->2589K(1056768K)], 0.0560939 secs] [Times: user=0.05 sys=0.00, real=0.05 secs] 
2021-01-18T10:11:11.464-0800: 8.828: [GC (Allocation Failure) 2021-01-18T10:11:11.464-0800: 8.828: [DefNew: 559232K->69887K(629120K), 0.0200850 secs] 943566K->542840K(2027264K), 0.0201723 secs] [Times: user=0.02 sys=0.00, real=0.02 secs] 
2021-01-18T10:11:11.544-0800: 8.909: [GC (Allocation Failure) 2021-01-18T10:11:11.544-0800: 8.909: [DefNew: 629119K->69887K(629120K), 0.0263970 secs] 1102072K->673179K(2027264K), 0.0264907 secs] [Times: user=0.03 sys=0.00, real=0.03 secs] 
2021-01-18T10:11:11.635-0800: 8.999: [GC (Allocation Failure) 2021-01-18T10:11:11.635-0800: 8.999: [DefNew: 629119K->69887K(629120K), 0.0246562 secs] 1232411K->789683K(2027264K), 0.0247410 secs] [Times: user=0.03 sys=0.00, real=0.03 secs] 
2021-01-18T10:11:11.724-0800: 9.089: [GC (Allocation Failure) 2021-01-18T10:11:11.724-0800: 9.089: [DefNew: 629119K->69887K(629120K), 0.0259428 secs] 1348915K->915925K(2027264K), 0.0260498 secs] [Times: user=0.03 sys=0.00, real=0.03 secs] 
2021-01-18T10:11:11.813-0800: 9.177: [GC (Allocation Failure) 2021-01-18T10:11:11.813-0800: 9.177: [DefNew: 629119K->69888K(629120K), 0.0267576 secs] 1475157K->1047710K(2027264K), 0.0268385 secs] [Times: user=0.03 sys=0.00, real=0.03 secs] 
2021-01-18T10:11:11.904-0800: 9.269: [GC (Allocation Failure) 2021-01-18T10:11:11.904-0800: 9.269: [DefNew: 629120K->69887K(629120K), 0.0263277 secs] 1606942K->1175631K(2027264K), 0.0264155 secs] [Times: user=0.03 sys=0.00, real=0.03 secs] 
2021-01-18T10:11:11.998-0800: 9.363: [GC (Allocation Failure) 2021-01-18T10:11:11.998-0800: 9.363: [DefNew: 629119K->69887K(629120K), 0.0244385 secs] 1734863K->1285633K(2027264K), 0.0245286 secs] [Times: user=0.03 sys=0.00, real=0.03 secs] 
2021-01-18T10:11:12.090-0800: 9.454: [GC (Allocation Failure) 2021-01-18T10:11:12.090-0800: 9.454: [DefNew: 629119K->69888K(629120K), 0.0255359 secs] 1844865K->1407961K(2027264K), 0.0256357 secs] [Times: user=0.03 sys=0.00, real=0.02 secs] 
2021-01-18T10:11:12.179-0800: 9.544: [GC (Allocation Failure) 2021-01-18T10:11:12.179-0800: 9.544: [DefNew: 629120K->629120K(629120K), 0.0000153 secs]2021-01-18T10:11:12.179-0800: 9.544: [Tenured: 1338073K->427175K(1398144K), 0.0544872 secs] 1967193K->427175K(2027264K), [Metaspace: 2589K->2589K(1056768K)], 0.0546118 secs] [Times: user=0.06 sys=0.00, real=0.06 secs] 
2021-01-18T10:11:12.301-0800: 9.666: [GC (Allocation Failure) 2021-01-18T10:11:12.301-0800: 9.666: [DefNew: 559232K->69887K(629120K), 0.0203506 secs] 986407K->580208K(2027264K), 0.0204373 secs] [Times: user=0.02 sys=0.00, real=0.02 secs] 
2021-01-18T10:11:12.387-0800: 9.752: [GC (Allocation Failure) 2021-01-18T10:11:12.387-0800: 9.752: [DefNew: 629119K->69887K(629120K), 0.0243048 secs] 1139440K->694480K(2027264K), 0.0243809 secs] [Times: user=0.02 sys=0.00, real=0.03 secs] 
2021-01-18T10:11:12.475-0800: 9.839: [GC (Allocation Failure) 2021-01-18T10:11:12.475-0800: 9.839: [DefNew: 629119K->69888K(629120K), 0.0254389 secs] 1253712K->821727K(2027264K), 0.0255277 secs] [Times: user=0.02 sys=0.00, real=0.03 secs] 
2021-01-18T10:11:12.567-0800: 9.932: [GC (Allocation Failure) 2021-01-18T10:11:12.567-0800: 9.932: [DefNew: 629120K->69887K(629120K), 0.0254396 secs] 1380959K->941209K(2027264K), 0.0255270 secs] [Times: user=0.02 sys=0.00, real=0.03 secs] 
2021-01-18T10:11:12.653-0800: 10.018: [GC (Allocation Failure) 2021-01-18T10:11:12.653-0800: 10.018: [DefNew: 629119K->69887K(629120K), 0.0269918 secs] 1500441K->1073512K(2027264K), 0.0270826 secs] [Times: user=0.03 sys=0.00, real=0.03 secs] 
Heap
 def new generation   total 629120K, used 257145K [0x0000000740000000, 0x000000076aaa0000, 0x000000076aaa0000)
  eden space 559232K,  33% used [0x0000000740000000, 0x000000074b6de590, 0x0000000762220000)
  from space 69888K,  99% used [0x0000000766660000, 0x000000076aa9fff8, 0x000000076aaa0000)
  to   space 69888K,   0% used [0x0000000762220000, 0x0000000762220000, 0x0000000766660000)
 tenured generation   total 1398144K, used 1003624K [0x000000076aaa0000, 0x00000007c0000000, 0x00000007c0000000)
   the space 1398144K,  71% used [0x000000076aaa0000, 0x00000007a7eba3d8, 0x00000007a7eba400, 0x00000007c0000000)
 Metaspace       used 2595K, capacity 4490K, committed 4864K, reserved 1056768K
  class space    used 278K, capacity 386K, committed 512K, reserved 1048576K
